nohup: ignoring input
/home1/lhr/anaconda3/envs/torch/lib/python3.8/site-packages/torch_geometric/typing.py:54: UserWarning: An issue occurred while importing 'pyg-lib'. Disabling its usage. Stacktrace: /lib/x86_64-linux-gnu/libm.so.6: version `GLIBC_2.29' not found (required by /home1/lhr/anaconda3/envs/torch/lib/python3.8/site-packages/libpyg.so)
  warnings.warn(f"An issue occurred while importing 'pyg-lib'. "
/home1/lhr/anaconda3/envs/torch/lib/python3.8/site-packages/torch_geometric/typing.py:110: UserWarning: An issue occurred while importing 'torch-sparse'. Disabling its usage. Stacktrace: /lib/x86_64-linux-gnu/libm.so.6: version `GLIBC_2.29' not found (required by /home1/lhr/anaconda3/envs/torch/lib/python3.8/site-packages/libpyg.so)
  warnings.warn(f"An issue occurred while importing 'torch-sparse'. "
using gpu:6 to train the model
using gpu:6 to train the model
cuda:6
Namespace(A_split=False, JK='sum', a_fold=100, aggregate=False, alpha=0.65, batch_size=1024, beta_inter=0.2, conv_layers=4, cuda=True, decay_epoch=10, device=device(type='cuda', index=6), device_id='6', domains='game_video', dropout=0.4, epoch=80, feature_dim=126, gamma_intra=0.8, hidden_dim=126, inter_tau=0.2, intra_tau=0.4, lambda_critic=0.1, leakey=0.05, load=False, log='logs.txt', log_epoch=1, lr=0.004, lr_decay=0.95, min_epoch=50, mode='train', model_file=None, model_name='gv', momentum=0.98, num_latent_factors=3, num_negative=100, optim='adam', patience=20, proj_layers=1, projection=1, rectify_epoch=30, residual=1, save=False, save_dir='./saved_models', seed=32, similarity_tau=0.1, step=5, test_sample_number=999, user_batch_size=256, weight_decay=0.0002)
number_user 25025
number_item 12319
/home1/lhr/invariantCDR/invariantCDR/utils/GraphMaker.py:46: RuntimeWarning: divide by zero encountered in power
  r_inv = np.power(rowsum, -1).flatten()
/home1/lhr/invariantCDR/invariantCDR/utils/GraphMaker.py:72: UserWarning: torch.sparse.SparseTensor(indices, values, shape, *, device=) is deprecated.  Please use torch.sparse_coo_tensor(indices, values, shape, dtype=, device=). (Triggered internally at /opt/conda/conda-bld/pytorch_1711403590347/work/torch/csrc/utils/tensor_new.cpp:618.)
  return torch.sparse.FloatTensor(indices, values, shape)
real graph loaded!
number_user 19457
number_item 8751
real graph loaded!
graph loaded!
Loading data from game_video with batch size 1024...
unseen test: 0
test length: 1381
unseen test: 0
test length: 1304
unseen test: 0
test length: 1435
unseen test: 0
test length: 1458
source_user_num 25025
target_user_num 19457
source_item_num 12319
target_item_num 8751
shared users id: 1737
test users 226, 217
unseen test: 0
dev length: 1000
unseen test: 0
dev length: 1000
source train data : 155036, target train data: 156091, source test data : 1304, target test data : 1458, source dev data : 1000, target dev data : 1000
2024-08-12 00:38:21.132524: step 304/24320 (epoch 1/80), loss = 2.172186 (94.498 sec/epoch), lr: 0.004000
Evaluating on dev set...
...........................
source: 	 mrr: 0.011902	 ndcg_5: 0.0080	 ndcg_10: 0.0086	 hit@1:0.002896	 hit@5:0.0130	 hit@10: 0.0152
target: 	 mrr: 0.039738	 ndcg_5: 0.0321	 ndcg_10: 0.0412	 hit@1:0.014634	 hit@5:0.0488	 hit@10: 0.0774
source best!
.............
source: 	 mrr: 0.015058	 ndcg_5: 0.0098	 ndcg_10: 0.0136	 hit@1:0.004601	 hit@5:0.0146	 hit@10: 0.0261
target best!
..............target: 	 mrr: 0.038306	 ndcg_5: 0.0283	 ndcg_10: 0.0380	 hit@1:0.016461	 hit@5:0.0398	 hit@10: 0.0700
epoch 1: train_loss = 2.172186, source_mrr = 0.015058, source_hit@10 = 0.0261, source_ndcg@10 = 0.0136, target_mrr = 0.038306, target_hit@10 = 0.0700, target_ndcg@10 = 0.0380

2024-08-12 00:39:55.722363: step 608/24320 (epoch 2/80), loss = 1.912857 (92.430 sec/epoch), lr: 0.004000
Evaluating on dev set...
...........................
source: 	 mrr: 0.023554	 ndcg_5: 0.0153	 ndcg_10: 0.0221	 hit@1:0.005069	 hit@5:0.0261	 hit@10: 0.0471
target: 	 mrr: 0.027902	 ndcg_5: 0.0203	 ndcg_10: 0.0270	 hit@1:0.010453	 hit@5:0.0307	 hit@10: 0.0516
source best!
.............
source: 	 mrr: 0.029814	 ndcg_5: 0.0227	 ndcg_10: 0.0294	 hit@1:0.008436	 hit@5:0.0368	 hit@10: 0.0583
epoch 2: train_loss = 1.912857, source_mrr = 0.029814, source_hit@10 = 0.0583, source_ndcg@10 = 0.0294, target_mrr = 0.027902, target_hit@10 = 0.0516, target_ndcg@10 = 0.0270

2024-08-12 00:41:30.047654: step 912/24320 (epoch 3/80), loss = 1.854679 (93.147 sec/epoch), lr: 0.004000
Evaluating on dev set...
...........................
source: 	 mrr: 0.031924	 ndcg_5: 0.0246	 ndcg_10: 0.0305	 hit@1:0.011586	 hit@5:0.0377	 hit@10: 0.0558
target: 	 mrr: 0.032224	 ndcg_5: 0.0212	 ndcg_10: 0.0323	 hit@1:0.009756	 hit@5:0.0341	 hit@10: 0.0683
source best!
.............
source: 	 mrr: 0.030431	 ndcg_5: 0.0216	 ndcg_10: 0.0299	 hit@1:0.009969	 hit@5:0.0337	 hit@10: 0.0598
epoch 3: train_loss = 1.854679, source_mrr = 0.030431, source_hit@10 = 0.0598, source_ndcg@10 = 0.0299, target_mrr = 0.032224, target_hit@10 = 0.0683, target_ndcg@10 = 0.0323

2024-08-12 00:43:04.680928: step 1216/24320 (epoch 4/80), loss = 1.831306 (93.373 sec/epoch), lr: 0.004000
Evaluating on dev set...
...........................
source: 	 mrr: 0.033458	 ndcg_5: 0.0227	 ndcg_10: 0.0326	 hit@1:0.009413	 hit@5:0.0348	 hit@10: 0.0659
target: 	 mrr: 0.036206	 ndcg_5: 0.0275	 ndcg_10: 0.0380	 hit@1:0.009059	 hit@5:0.0481	 hit@10: 0.0808
source best!
.............
source: 	 mrr: 0.033916	 ndcg_5: 0.0245	 ndcg_10: 0.0324	 hit@1:0.012270	 hit@5:0.0360	 hit@10: 0.0606
epoch 4: train_loss = 1.831306, source_mrr = 0.033916, source_hit@10 = 0.0606, source_ndcg@10 = 0.0324, target_mrr = 0.036206, target_hit@10 = 0.0808, target_ndcg@10 = 0.0380

2024-08-12 00:44:39.352047: step 1520/24320 (epoch 5/80), loss = 1.819194 (93.437 sec/epoch), lr: 0.004000
Evaluating on dev set...
...........................
source: 	 mrr: 0.028085	 ndcg_5: 0.0191	 ndcg_10: 0.0266	 hit@1:0.008689	 hit@5:0.0297	 hit@10: 0.0536
target: 	 mrr: 0.036632	 ndcg_5: 0.0289	 ndcg_10: 0.0391	 hit@1:0.009756	 hit@5:0.0481	 hit@10: 0.0801
epoch 5: train_loss = 1.819194, source_mrr = 0.028085, source_hit@10 = 0.0536, source_ndcg@10 = 0.0266, target_mrr = 0.036632, target_hit@10 = 0.0801, target_ndcg@10 = 0.0391

2024-08-12 00:46:12.271587: step 1824/24320 (epoch 6/80), loss = 1.806618 (92.079 sec/epoch), lr: 0.004000
Evaluating on dev set...
...........................
source: 	 mrr: 0.025409	 ndcg_5: 0.0134	 ndcg_10: 0.0233	 hit@1:0.005069	 hit@5:0.0224	 hit@10: 0.0536
target: 	 mrr: 0.037200	 ndcg_5: 0.0303	 ndcg_10: 0.0376	 hit@1:0.011847	 hit@5:0.0481	 hit@10: 0.0718
epoch 6: train_loss = 1.806618, source_mrr = 0.025409, source_hit@10 = 0.0536, source_ndcg@10 = 0.0233, target_mrr = 0.037200, target_hit@10 = 0.0718, target_ndcg@10 = 0.0376

2024-08-12 00:47:46.434936: step 2128/24320 (epoch 7/80), loss = 1.801797 (93.312 sec/epoch), lr: 0.004000
Evaluating on dev set...
...........................
source: 	 mrr: 0.028431	 ndcg_5: 0.0183	 ndcg_10: 0.0274	 hit@1:0.007965	 hit@5:0.0290	 hit@10: 0.0579
target: 	 mrr: 0.043176	 ndcg_5: 0.0341	 ndcg_10: 0.0469	 hit@1:0.015331	 hit@5:0.0537	 hit@10: 0.0941
target best!
..............target: 	 mrr: 0.040254	 ndcg_5: 0.0298	 ndcg_10: 0.0412	 hit@1:0.014403	 hit@5:0.0446	 hit@10: 0.0796
epoch 7: train_loss = 1.801797, source_mrr = 0.028431, source_hit@10 = 0.0579, source_ndcg@10 = 0.0274, target_mrr = 0.040254, target_hit@10 = 0.0796, target_ndcg@10 = 0.0412

2024-08-12 00:49:19.858467: step 2432/24320 (epoch 8/80), loss = 1.796288 (92.195 sec/epoch), lr: 0.004000
Evaluating on dev set...
...........................
source: 	 mrr: 0.026426	 ndcg_5: 0.0171	 ndcg_10: 0.0250	 hit@1:0.007241	 hit@5:0.0275	 hit@10: 0.0521
target: 	 mrr: 0.045507	 ndcg_5: 0.0407	 ndcg_10: 0.0518	 hit@1:0.012544	 hit@5:0.0697	 hit@10: 0.1038
target best!
..............target: 	 mrr: 0.043276	 ndcg_5: 0.0347	 ndcg_10: 0.0457	 hit@1:0.013032	 hit@5:0.0549	 hit@10: 0.0892
epoch 8: train_loss = 1.796288, source_mrr = 0.026426, source_hit@10 = 0.0521, source_ndcg@10 = 0.0250, target_mrr = 0.043276, target_hit@10 = 0.0892, target_ndcg@10 = 0.0457

2024-08-12 00:50:54.297831: step 2736/24320 (epoch 9/80), loss = 1.791355 (93.194 sec/epoch), lr: 0.004000
Evaluating on dev set...
...........................
source: 	 mrr: 0.031952	 ndcg_5: 0.0225	 ndcg_10: 0.0305	 hit@1:0.009413	 hit@5:0.0377	 hit@10: 0.0623
target: 	 mrr: 0.038265	 ndcg_5: 0.0297	 ndcg_10: 0.0406	 hit@1:0.011150	 hit@5:0.0481	 hit@10: 0.0822
epoch 9: train_loss = 1.791355, source_mrr = 0.031952, source_hit@10 = 0.0623, source_ndcg@10 = 0.0305, target_mrr = 0.038265, target_hit@10 = 0.0822, target_ndcg@10 = 0.0406

2024-08-12 00:52:27.540059: step 3040/24320 (epoch 10/80), loss = 1.784305 (92.377 sec/epoch), lr: 0.004000
Evaluating on dev set...
...........................
source: 	 mrr: 0.033560	 ndcg_5: 0.0247	 ndcg_10: 0.0331	 hit@1:0.008689	 hit@5:0.0420	 hit@10: 0.0688
target: 	 mrr: 0.044298	 ndcg_5: 0.0365	 ndcg_10: 0.0459	 hit@1:0.015331	 hit@5:0.0571	 hit@10: 0.0864
source best!
.............
source: 	 mrr: 0.034683	 ndcg_5: 0.0239	 ndcg_10: 0.0328	 hit@1:0.007669	 hit@5:0.0391	 hit@10: 0.0667
epoch 10: train_loss = 1.784305, source_mrr = 0.034683, source_hit@10 = 0.0667, source_ndcg@10 = 0.0328, target_mrr = 0.044298, target_hit@10 = 0.0864, target_ndcg@10 = 0.0459

2024-08-12 00:54:01.190231: step 3344/24320 (epoch 11/80), loss = 1.758236 (92.459 sec/epoch), lr: 0.004000
Evaluating on dev set...
...........................
source: 	 mrr: 0.029982	 ndcg_5: 0.0194	 ndcg_10: 0.0275	 hit@1:0.007965	 hit@5:0.0311	 hit@10: 0.0565
target: 	 mrr: 0.043455	 ndcg_5: 0.0360	 ndcg_10: 0.0464	 hit@1:0.011847	 hit@5:0.0599	 hit@10: 0.0920
epoch 11: train_loss = 1.758236, source_mrr = 0.029982, source_hit@10 = 0.0565, source_ndcg@10 = 0.0275, target_mrr = 0.043455, target_hit@10 = 0.0920, target_ndcg@10 = 0.0464

2024-08-12 00:55:34.601662: step 3648/24320 (epoch 12/80), loss = 1.744823 (92.585 sec/epoch), lr: 0.003800
Evaluating on dev set...
...........................
source: 	 mrr: 0.037851	 ndcg_5: 0.0273	 ndcg_10: 0.0378	 hit@1:0.013034	 hit@5:0.0434	 hit@10: 0.0760
target: 	 mrr: 0.041556	 ndcg_5: 0.0323	 ndcg_10: 0.0445	 hit@1:0.010453	 hit@5:0.0544	 hit@10: 0.0927
source best!
.............
source: 	 mrr: 0.040841	 ndcg_5: 0.0298	 ndcg_10: 0.0407	 hit@1:0.013037	 hit@5:0.0460	 hit@10: 0.0805
epoch 12: train_loss = 1.744823, source_mrr = 0.040841, source_hit@10 = 0.0805, source_ndcg@10 = 0.0407, target_mrr = 0.041556, target_hit@10 = 0.0927, target_ndcg@10 = 0.0445

2024-08-12 00:57:08.295281: step 3952/24320 (epoch 13/80), loss = 1.736940 (92.540 sec/epoch), lr: 0.003800
Evaluating on dev set...
...........................
source: 	 mrr: 0.032957	 ndcg_5: 0.0202	 ndcg_10: 0.0322	 hit@1:0.007241	 hit@5:0.0326	 hit@10: 0.0702
target: 	 mrr: 0.052595	 ndcg_5: 0.0443	 ndcg_10: 0.0581	 hit@1:0.020209	 hit@5:0.0697	 hit@10: 0.1129
target best!
..............target: 	 mrr: 0.050642	 ndcg_5: 0.0416	 ndcg_10: 0.0550	 hit@1:0.017147	 hit@5:0.0665	 hit@10: 0.1084
epoch 13: train_loss = 1.736940, source_mrr = 0.032957, source_hit@10 = 0.0702, source_ndcg@10 = 0.0322, target_mrr = 0.050642, target_hit@10 = 0.1084, target_ndcg@10 = 0.0550

2024-08-12 00:58:41.042862: step 4256/24320 (epoch 14/80), loss = 1.734834 (91.625 sec/epoch), lr: 0.003800
Evaluating on dev set...
...........................
source: 	 mrr: 0.035277	 ndcg_5: 0.0257	 ndcg_10: 0.0351	 hit@1:0.009413	 hit@5:0.0434	 hit@10: 0.0724
target: 	 mrr: 0.050055	 ndcg_5: 0.0437	 ndcg_10: 0.0565	 hit@1:0.016028	 hit@5:0.0718	 hit@10: 0.1115
epoch 14: train_loss = 1.734834, source_mrr = 0.035277, source_hit@10 = 0.0724, source_ndcg@10 = 0.0351, target_mrr = 0.050055, target_hit@10 = 0.1115, target_ndcg@10 = 0.0565

2024-08-12 01:00:12.282679: step 4560/24320 (epoch 15/80), loss = 1.725625 (90.477 sec/epoch), lr: 0.003610
Evaluating on dev set...
...........................
source: 	 mrr: 0.033214	 ndcg_5: 0.0225	 ndcg_10: 0.0316	 hit@1:0.009413	 hit@5:0.0355	 hit@10: 0.0637
target: 	 mrr: 0.046527	 ndcg_5: 0.0368	 ndcg_10: 0.0532	 hit@1:0.013937	 hit@5:0.0606	 hit@10: 0.1115
epoch 15: train_loss = 1.725625, source_mrr = 0.033214, source_hit@10 = 0.0637, source_ndcg@10 = 0.0316, target_mrr = 0.046527, target_hit@10 = 0.1115, target_ndcg@10 = 0.0532

2024-08-12 01:01:44.091691: step 4864/24320 (epoch 16/80), loss = 1.717235 (90.996 sec/epoch), lr: 0.003429
Evaluating on dev set...
...........................
source: 	 mrr: 0.033443	 ndcg_5: 0.0212	 ndcg_10: 0.0315	 hit@1:0.009413	 hit@5:0.0333	 hit@10: 0.0652
target: 	 mrr: 0.039946	 ndcg_5: 0.0317	 ndcg_10: 0.0435	 hit@1:0.009059	 hit@5:0.0557	 hit@10: 0.0920
epoch 16: train_loss = 1.717235, source_mrr = 0.033443, source_hit@10 = 0.0652, source_ndcg@10 = 0.0315, target_mrr = 0.039946, target_hit@10 = 0.0920, target_ndcg@10 = 0.0435

2024-08-12 01:03:16.783130: step 5168/24320 (epoch 17/80), loss = 1.694078 (91.897 sec/epoch), lr: 0.003258
Evaluating on dev set...
...........................
source: 	 mrr: 0.033684	 ndcg_5: 0.0233	 ndcg_10: 0.0314	 hit@1:0.009413	 hit@5:0.0377	 hit@10: 0.0630
target: 	 mrr: 0.044378	 ndcg_5: 0.0368	 ndcg_10: 0.0480	 hit@1:0.013240	 hit@5:0.0613	 hit@10: 0.0962
epoch 17: train_loss = 1.694078, source_mrr = 0.033684, source_hit@10 = 0.0630, source_ndcg@10 = 0.0314, target_mrr = 0.044378, target_hit@10 = 0.0962, target_ndcg@10 = 0.0480

2024-08-12 01:04:47.868779: step 5472/24320 (epoch 18/80), loss = 1.683842 (90.304 sec/epoch), lr: 0.003258
Evaluating on dev set...
...........................
source: 	 mrr: 0.040115	 ndcg_5: 0.0311	 ndcg_10: 0.0400	 hit@1:0.014482	 hit@5:0.0485	 hit@10: 0.0768
target: 	 mrr: 0.053888	 ndcg_5: 0.0482	 ndcg_10: 0.0608	 hit@1:0.017422	 hit@5:0.0787	 hit@10: 0.1185
source best!
.............
source: 	 mrr: 0.033318	 ndcg_5: 0.0234	 ndcg_10: 0.0316	 hit@1:0.009202	 hit@5:0.0391	 hit@10: 0.0644
target best!
..............target: 	 mrr: 0.051829	 ndcg_5: 0.0468	 ndcg_10: 0.0582	 hit@1:0.015089	 hit@5:0.0816	 hit@10: 0.1173
epoch 18: train_loss = 1.683842, source_mrr = 0.033318, source_hit@10 = 0.0644, source_ndcg@10 = 0.0316, target_mrr = 0.051829, target_hit@10 = 0.1173, target_ndcg@10 = 0.0582

2024-08-12 01:06:19.548291: step 5776/24320 (epoch 19/80), loss = 1.674272 (90.280 sec/epoch), lr: 0.003258
Evaluating on dev set...
...........................
source: 	 mrr: 0.039748	 ndcg_5: 0.0297	 ndcg_10: 0.0376	 hit@1:0.012310	 hit@5:0.0478	 hit@10: 0.0724
target: 	 mrr: 0.041442	 ndcg_5: 0.0334	 ndcg_10: 0.0435	 hit@1:0.012544	 hit@5:0.0530	 hit@10: 0.0850
epoch 19: train_loss = 1.674272, source_mrr = 0.039748, source_hit@10 = 0.0724, source_ndcg@10 = 0.0376, target_mrr = 0.041442, target_hit@10 = 0.0850, target_ndcg@10 = 0.0435

2024-08-12 01:07:50.622807: step 6080/24320 (epoch 20/80), loss = 1.654514 (90.253 sec/epoch), lr: 0.003095
Evaluating on dev set...
...........................
source: 	 mrr: 0.039340	 ndcg_5: 0.0272	 ndcg_10: 0.0393	 hit@1:0.012310	 hit@5:0.0427	 hit@10: 0.0804
target: 	 mrr: 0.045050	 ndcg_5: 0.0396	 ndcg_10: 0.0507	 hit@1:0.011847	 hit@5:0.0669	 hit@10: 0.1017
epoch 20: train_loss = 1.654514, source_mrr = 0.039340, source_hit@10 = 0.0804, source_ndcg@10 = 0.0393, target_mrr = 0.045050, target_hit@10 = 0.1017, target_ndcg@10 = 0.0507

2024-08-12 01:09:23.458108: step 6384/24320 (epoch 21/80), loss = 1.645703 (92.030 sec/epoch), lr: 0.003095
Evaluating on dev set...
...........................
source: 	 mrr: 0.035786	 ndcg_5: 0.0236	 ndcg_10: 0.0328	 hit@1:0.011586	 hit@5:0.0362	 hit@10: 0.0652
target: 	 mrr: 0.048612	 ndcg_5: 0.0437	 ndcg_10: 0.0514	 hit@1:0.017422	 hit@5:0.0697	 hit@10: 0.0934
epoch 21: train_loss = 1.645703, source_mrr = 0.035786, source_hit@10 = 0.0652, source_ndcg@10 = 0.0328, target_mrr = 0.048612, target_hit@10 = 0.0934, target_ndcg@10 = 0.0514

2024-08-12 01:10:56.949138: step 6688/24320 (epoch 22/80), loss = 1.639939 (92.680 sec/epoch), lr: 0.003095
Evaluating on dev set...
...........................
source: 	 mrr: 0.037904	 ndcg_5: 0.0273	 ndcg_10: 0.0377	 hit@1:0.010862	 hit@5:0.0442	 hit@10: 0.0760
target: 	 mrr: 0.039168	 ndcg_5: 0.0293	 ndcg_10: 0.0414	 hit@1:0.011847	 hit@5:0.0460	 hit@10: 0.0836
epoch 22: train_loss = 1.639939, source_mrr = 0.037904, source_hit@10 = 0.0760, source_ndcg@10 = 0.0377, target_mrr = 0.039168, target_hit@10 = 0.0836, target_ndcg@10 = 0.0414

2024-08-12 01:12:30.050803: step 6992/24320 (epoch 23/80), loss = 1.634071 (92.229 sec/epoch), lr: 0.002940
Evaluating on dev set...
...........................
source: 	 mrr: 0.033876	 ndcg_5: 0.0225	 ndcg_10: 0.0336	 hit@1:0.007965	 hit@5:0.0369	 hit@10: 0.0717
target: 	 mrr: 0.050626	 ndcg_5: 0.0426	 ndcg_10: 0.0554	 hit@1:0.018118	 hit@5:0.0669	 hit@10: 0.1066
epoch 23: train_loss = 1.634071, source_mrr = 0.033876, source_hit@10 = 0.0717, source_ndcg@10 = 0.0336, target_mrr = 0.050626, target_hit@10 = 0.1066, target_ndcg@10 = 0.0554

2024-08-12 01:14:03.730229: step 7296/24320 (epoch 24/80), loss = 1.629191 (92.801 sec/epoch), lr: 0.002940
Evaluating on dev set...
...........................
source: 	 mrr: 0.034479	 ndcg_5: 0.0240	 ndcg_10: 0.0356	 hit@1:0.009413	 hit@5:0.0406	 hit@10: 0.0768
target: 	 mrr: 0.049489	 ndcg_5: 0.0399	 ndcg_10: 0.0537	 hit@1:0.018118	 hit@5:0.0606	 hit@10: 0.1038
epoch 24: train_loss = 1.629191, source_mrr = 0.034479, source_hit@10 = 0.0768, source_ndcg@10 = 0.0356, target_mrr = 0.049489, target_hit@10 = 0.1038, target_ndcg@10 = 0.0537

2024-08-12 01:15:37.040292: step 7600/24320 (epoch 25/80), loss = 1.622905 (92.590 sec/epoch), lr: 0.002793
Evaluating on dev set...
...........................
source: 	 mrr: 0.034071	 ndcg_5: 0.0232	 ndcg_10: 0.0335	 hit@1:0.009413	 hit@5:0.0369	 hit@10: 0.0688
target: 	 mrr: 0.051559	 ndcg_5: 0.0422	 ndcg_10: 0.0559	 hit@1:0.019512	 hit@5:0.0634	 hit@10: 0.1059
epoch 25: train_loss = 1.622905, source_mrr = 0.034071, source_hit@10 = 0.0688, source_ndcg@10 = 0.0335, target_mrr = 0.051559, target_hit@10 = 0.1059, target_ndcg@10 = 0.0559

2024-08-12 01:17:09.949794: step 7904/24320 (epoch 26/80), loss = 1.618273 (92.189 sec/epoch), lr: 0.002793
Evaluating on dev set...
...........................
source: 	 mrr: 0.032869	 ndcg_5: 0.0206	 ndcg_10: 0.0317	 hit@1:0.008689	 hit@5:0.0333	 hit@10: 0.0681
target: 	 mrr: 0.046622	 ndcg_5: 0.0390	 ndcg_10: 0.0527	 hit@1:0.015331	 hit@5:0.0634	 hit@10: 0.1059
epoch 26: train_loss = 1.618273, source_mrr = 0.032869, source_hit@10 = 0.0681, source_ndcg@10 = 0.0317, target_mrr = 0.046622, target_hit@10 = 0.1059, target_ndcg@10 = 0.0527

2024-08-12 01:18:42.432665: step 8208/24320 (epoch 27/80), loss = 1.618042 (91.637 sec/epoch), lr: 0.002654
Evaluating on dev set...
...........................
source: 	 mrr: 0.037831	 ndcg_5: 0.0289	 ndcg_10: 0.0392	 hit@1:0.008689	 hit@5:0.0492	 hit@10: 0.0811
target: 	 mrr: 0.044298	 ndcg_5: 0.0349	 ndcg_10: 0.0468	 hit@1:0.016725	 hit@5:0.0557	 hit@10: 0.0927
epoch 27: train_loss = 1.618042, source_mrr = 0.037831, source_hit@10 = 0.0811, source_ndcg@10 = 0.0392, target_mrr = 0.044298, target_hit@10 = 0.0927, target_ndcg@10 = 0.0468

2024-08-12 01:20:15.507378: step 8512/24320 (epoch 28/80), loss = 1.608796 (92.340 sec/epoch), lr: 0.002654
Evaluating on dev set...
...........................
source: 	 mrr: 0.027680	 ndcg_5: 0.0181	 ndcg_10: 0.0258	 hit@1:0.007241	 hit@5:0.0290	 hit@10: 0.0529
target: 	 mrr: 0.045534	 ndcg_5: 0.0364	 ndcg_10: 0.0477	 hit@1:0.017422	 hit@5:0.0564	 hit@10: 0.0920
epoch 28: train_loss = 1.608796, source_mrr = 0.027680, source_hit@10 = 0.0529, source_ndcg@10 = 0.0258, target_mrr = 0.045534, target_hit@10 = 0.0920, target_ndcg@10 = 0.0477

2024-08-12 01:21:49.288344: step 8816/24320 (epoch 29/80), loss = 1.606419 (92.948 sec/epoch), lr: 0.002521
Evaluating on dev set...
...........................
source: 	 mrr: 0.040092	 ndcg_5: 0.0296	 ndcg_10: 0.0389	 hit@1:0.013758	 hit@5:0.0456	 hit@10: 0.0739
target: 	 mrr: 0.055095	 ndcg_5: 0.0447	 ndcg_10: 0.0614	 hit@1:0.020209	 hit@5:0.0690	 hit@10: 0.1213
target best!
..............target: 	 mrr: 0.059245	 ndcg_5: 0.0499	 ndcg_10: 0.0616	 hit@1:0.026749	 hit@5:0.0741	 hit@10: 0.1104
epoch 29: train_loss = 1.606419, source_mrr = 0.040092, source_hit@10 = 0.0739, source_ndcg@10 = 0.0389, target_mrr = 0.059245, target_hit@10 = 0.1104, target_ndcg@10 = 0.0616

2024-08-12 01:23:24.474189: step 9120/24320 (epoch 30/80), loss = 1.605151 (94.140 sec/epoch), lr: 0.002521
Evaluating on dev set...
...........................
source: 	 mrr: 0.035128	 ndcg_5: 0.0237	 ndcg_10: 0.0349	 hit@1:0.007965	 hit@5:0.0391	 hit@10: 0.0746
target: 	 mrr: 0.053988	 ndcg_5: 0.0467	 ndcg_10: 0.0595	 hit@1:0.019512	 hit@5:0.0746	 hit@10: 0.1143
epoch 30: train_loss = 1.605151, source_mrr = 0.035128, source_hit@10 = 0.0746, source_ndcg@10 = 0.0349, target_mrr = 0.053988, target_hit@10 = 0.1143, target_ndcg@10 = 0.0595
shift to transfer learning mode

2024-08-12 01:25:08.750730: step 9424/24320 (epoch 31/80), loss = 1.609255 (103.364 sec/epoch), lr: 0.002395
Evaluating on dev set...
...........................
source: 	 mrr: 0.038302	 ndcg_5: 0.0272	 ndcg_10: 0.0382	 hit@1:0.013034	 hit@5:0.0434	 hit@10: 0.0782
target: 	 mrr: 0.056137	 ndcg_5: 0.0484	 ndcg_10: 0.0630	 hit@1:0.020209	 hit@5:0.0760	 hit@10: 0.1220
target best!
..............target: 	 mrr: 0.056637	 ndcg_5: 0.0498	 ndcg_10: 0.0628	 hit@1:0.019890	 hit@5:0.0809	 hit@10: 0.1214
epoch 31: train_loss = 1.609255, source_mrr = 0.038302, source_hit@10 = 0.0782, source_ndcg@10 = 0.0382, target_mrr = 0.056637, target_hit@10 = 0.1214, target_ndcg@10 = 0.0628

2024-08-12 01:26:49.044895: step 9728/24320 (epoch 32/80), loss = 1.607009 (99.080 sec/epoch), lr: 0.002395
Evaluating on dev set...
...........................
source: 	 mrr: 0.037899	 ndcg_5: 0.0281	 ndcg_10: 0.0386	 hit@1:0.013034	 hit@5:0.0442	 hit@10: 0.0768
target: 	 mrr: 0.040431	 ndcg_5: 0.0315	 ndcg_10: 0.0395	 hit@1:0.013937	 hit@5:0.0481	 hit@10: 0.0732
epoch 32: train_loss = 1.607009, source_mrr = 0.037899, source_hit@10 = 0.0768, source_ndcg@10 = 0.0386, target_mrr = 0.040431, target_hit@10 = 0.0732, target_ndcg@10 = 0.0395

2024-08-12 01:28:32.330175: step 10032/24320 (epoch 33/80), loss = 1.602953 (102.455 sec/epoch), lr: 0.002275
Evaluating on dev set...
...........................
source: 	 mrr: 0.027758	 ndcg_5: 0.0184	 ndcg_10: 0.0256	 hit@1:0.006517	 hit@5:0.0304	 hit@10: 0.0536
target: 	 mrr: 0.047360	 ndcg_5: 0.0358	 ndcg_10: 0.0498	 hit@1:0.017422	 hit@5:0.0544	 hit@10: 0.0976
epoch 33: train_loss = 1.602953, source_mrr = 0.027758, source_hit@10 = 0.0536, source_ndcg@10 = 0.0256, target_mrr = 0.047360, target_hit@10 = 0.0976, target_ndcg@10 = 0.0498

2024-08-12 01:30:16.265492: step 10336/24320 (epoch 34/80), loss = 1.596943 (103.088 sec/epoch), lr: 0.002161
Evaluating on dev set...
...........................
source: 	 mrr: 0.036274	 ndcg_5: 0.0246	 ndcg_10: 0.0372	 hit@1:0.008689	 hit@5:0.0420	 hit@10: 0.0811
target: 	 mrr: 0.051793	 ndcg_5: 0.0454	 ndcg_10: 0.0566	 hit@1:0.018815	 hit@5:0.0725	 hit@10: 0.1066
epoch 34: train_loss = 1.596943, source_mrr = 0.036274, source_hit@10 = 0.0811, source_ndcg@10 = 0.0372, target_mrr = 0.051793, target_hit@10 = 0.1066, target_ndcg@10 = 0.0566

2024-08-12 01:32:04.710424: step 10640/24320 (epoch 35/80), loss = 1.592385 (107.635 sec/epoch), lr: 0.002161
Evaluating on dev set...
...........................
source: 	 mrr: 0.037341	 ndcg_5: 0.0253	 ndcg_10: 0.0364	 hit@1:0.010862	 hit@5:0.0413	 hit@10: 0.0760
target: 	 mrr: 0.053214	 ndcg_5: 0.0460	 ndcg_10: 0.0582	 hit@1:0.018118	 hit@5:0.0732	 hit@10: 0.1108
epoch 35: train_loss = 1.592385, source_mrr = 0.037341, source_hit@10 = 0.0760, source_ndcg@10 = 0.0364, target_mrr = 0.053214, target_hit@10 = 0.1108, target_ndcg@10 = 0.0582

2024-08-12 01:33:51.577372: step 10944/24320 (epoch 36/80), loss = 1.592613 (105.938 sec/epoch), lr: 0.002161
Evaluating on dev set...
...........................
source: 	 mrr: 0.035760	 ndcg_5: 0.0265	 ndcg_10: 0.0371	 hit@1:0.007241	 hit@5:0.0478	 hit@10: 0.0818
target: 	 mrr: 0.055226	 ndcg_5: 0.0468	 ndcg_10: 0.0617	 hit@1:0.016725	 hit@5:0.0746	 hit@10: 0.1199
epoch 36: train_loss = 1.592613, source_mrr = 0.035760, source_hit@10 = 0.0818, source_ndcg@10 = 0.0371, target_mrr = 0.055226, target_hit@10 = 0.1199, target_ndcg@10 = 0.0617

2024-08-12 01:35:36.658150: step 11248/24320 (epoch 37/80), loss = 1.591557 (104.342 sec/epoch), lr: 0.002161
Evaluating on dev set...
...........................
source: 	 mrr: 0.034267	 ndcg_5: 0.0242	 ndcg_10: 0.0340	 hit@1:0.007241	 hit@5:0.0406	 hit@10: 0.0710
target: 	 mrr: 0.041810	 ndcg_5: 0.0325	 ndcg_10: 0.0447	 hit@1:0.015331	 hit@5:0.0509	 hit@10: 0.0878
epoch 37: train_loss = 1.591557, source_mrr = 0.034267, source_hit@10 = 0.0710, source_ndcg@10 = 0.0340, target_mrr = 0.041810, target_hit@10 = 0.0878, target_ndcg@10 = 0.0447

2024-08-12 01:37:22.680996: step 11552/24320 (epoch 38/80), loss = 1.584560 (105.209 sec/epoch), lr: 0.002053
Evaluating on dev set...
...........................
source: 	 mrr: 0.038882	 ndcg_5: 0.0273	 ndcg_10: 0.0377	 hit@1:0.012310	 hit@5:0.0427	 hit@10: 0.0753
target: 	 mrr: 0.045624	 ndcg_5: 0.0397	 ndcg_10: 0.0502	 hit@1:0.017422	 hit@5:0.0641	 hit@10: 0.0969
epoch 38: train_loss = 1.584560, source_mrr = 0.038882, source_hit@10 = 0.0753, source_ndcg@10 = 0.0377, target_mrr = 0.045624, target_hit@10 = 0.0969, target_ndcg@10 = 0.0502

2024-08-12 01:39:11.094085: step 11856/24320 (epoch 39/80), loss = 1.585036 (107.688 sec/epoch), lr: 0.002053
Evaluating on dev set...
...........................
source: 	 mrr: 0.037618	 ndcg_5: 0.0250	 ndcg_10: 0.0376	 hit@1:0.010138	 hit@5:0.0413	 hit@10: 0.0797
target: 	 mrr: 0.039623	 ndcg_5: 0.0290	 ndcg_10: 0.0421	 hit@1:0.014634	 hit@5:0.0432	 hit@10: 0.0843
epoch 39: train_loss = 1.585036, source_mrr = 0.037618, source_hit@10 = 0.0797, source_ndcg@10 = 0.0376, target_mrr = 0.039623, target_hit@10 = 0.0843, target_ndcg@10 = 0.0421

2024-08-12 01:40:59.145232: step 12160/24320 (epoch 40/80), loss = 1.582505 (107.178 sec/epoch), lr: 0.001951
Evaluating on dev set...
...........................
source: 	 mrr: 0.039524	 ndcg_5: 0.0257	 ndcg_10: 0.0382	 hit@1:0.011586	 hit@5:0.0398	 hit@10: 0.0789
target: 	 mrr: 0.056589	 ndcg_5: 0.0480	 ndcg_10: 0.0654	 hit@1:0.019512	 hit@5:0.0767	 hit@10: 0.1310
target best!
..............target: 	 mrr: 0.056571	 ndcg_5: 0.0494	 ndcg_10: 0.0637	 hit@1:0.017833	 hit@5:0.0796	 hit@10: 0.1241
epoch 40: train_loss = 1.582505, source_mrr = 0.039524, source_hit@10 = 0.0789, source_ndcg@10 = 0.0382, target_mrr = 0.056571, target_hit@10 = 0.1241, target_ndcg@10 = 0.0637

2024-08-12 01:42:45.862316: step 12464/24320 (epoch 41/80), loss = 1.579221 (105.574 sec/epoch), lr: 0.001951
Evaluating on dev set...
...........................
source: 	 mrr: 0.037173	 ndcg_5: 0.0234	 ndcg_10: 0.0385	 hit@1:0.011586	 hit@5:0.0362	 hit@10: 0.0833
target: 	 mrr: 0.047314	 ndcg_5: 0.0388	 ndcg_10: 0.0535	 hit@1:0.013937	 hit@5:0.0648	 hit@10: 0.1108
epoch 41: train_loss = 1.579221, source_mrr = 0.037173, source_hit@10 = 0.0833, source_ndcg@10 = 0.0385, target_mrr = 0.047314, target_hit@10 = 0.1108, target_ndcg@10 = 0.0535

2024-08-12 01:44:32.125973: step 12768/24320 (epoch 42/80), loss = 1.577664 (105.316 sec/epoch), lr: 0.001853
Evaluating on dev set...
...........................
source: 	 mrr: 0.037912	 ndcg_5: 0.0270	 ndcg_10: 0.0360	 hit@1:0.009413	 hit@5:0.0442	 hit@10: 0.0724
target: 	 mrr: 0.045625	 ndcg_5: 0.0371	 ndcg_10: 0.0510	 hit@1:0.013240	 hit@5:0.0620	 hit@10: 0.1052
epoch 42: train_loss = 1.577664, source_mrr = 0.037912, source_hit@10 = 0.0724, source_ndcg@10 = 0.0360, target_mrr = 0.045625, target_hit@10 = 0.1052, target_ndcg@10 = 0.0510

2024-08-12 01:46:21.644305: step 13072/24320 (epoch 43/80), loss = 1.570330 (108.719 sec/epoch), lr: 0.001761
Evaluating on dev set...
...........................
source: 	 mrr: 0.038148	 ndcg_5: 0.0260	 ndcg_10: 0.0370	 hit@1:0.010862	 hit@5:0.0406	 hit@10: 0.0753
target: 	 mrr: 0.052592	 ndcg_5: 0.0428	 ndcg_10: 0.0584	 hit@1:0.020209	 hit@5:0.0683	 hit@10: 0.1164
epoch 43: train_loss = 1.570330, source_mrr = 0.038148, source_hit@10 = 0.0753, source_ndcg@10 = 0.0370, target_mrr = 0.052592, target_hit@10 = 0.1164, target_ndcg@10 = 0.0584

2024-08-12 01:48:07.477965: step 13376/24320 (epoch 44/80), loss = 1.570135 (104.929 sec/epoch), lr: 0.001761
Evaluating on dev set...
...........................
source: 	 mrr: 0.040819	 ndcg_5: 0.0298	 ndcg_10: 0.0399	 hit@1:0.013758	 hit@5:0.0456	 hit@10: 0.0768
target: 	 mrr: 0.052776	 ndcg_5: 0.0442	 ndcg_10: 0.0546	 hit@1:0.021603	 hit@5:0.0676	 hit@10: 0.1003
source best!
.............
source: 	 mrr: 0.040858	 ndcg_5: 0.0300	 ndcg_10: 0.0411	 hit@1:0.013037	 hit@5:0.0468	 hit@10: 0.0813
epoch 44: train_loss = 1.570135, source_mrr = 0.040858, source_hit@10 = 0.0813, source_ndcg@10 = 0.0411, target_mrr = 0.052776, target_hit@10 = 0.1003, target_ndcg@10 = 0.0546

2024-08-12 01:49:52.317318: step 13680/24320 (epoch 45/80), loss = 1.569567 (103.674 sec/epoch), lr: 0.001761
Evaluating on dev set...
...........................
source: 	 mrr: 0.031561	 ndcg_5: 0.0203	 ndcg_10: 0.0302	 hit@1:0.005793	 hit@5:0.0348	 hit@10: 0.0659
target: 	 mrr: 0.050666	 ndcg_5: 0.0407	 ndcg_10: 0.0535	 hit@1:0.019512	 hit@5:0.0627	 hit@10: 0.1031
epoch 45: train_loss = 1.569567, source_mrr = 0.031561, source_hit@10 = 0.0659, source_ndcg@10 = 0.0302, target_mrr = 0.050666, target_hit@10 = 0.1031, target_ndcg@10 = 0.0535

2024-08-12 01:51:38.623104: step 13984/24320 (epoch 46/80), loss = 1.566950 (105.477 sec/epoch), lr: 0.001672
Evaluating on dev set...
...........................
source: 	 mrr: 0.041808	 ndcg_5: 0.0303	 ndcg_10: 0.0427	 hit@1:0.013034	 hit@5:0.0471	 hit@10: 0.0862
target: 	 mrr: 0.055724	 ndcg_5: 0.0479	 ndcg_10: 0.0587	 hit@1:0.023693	 hit@5:0.0739	 hit@10: 0.1073
source best!
.............
source: 	 mrr: 0.037692	 ndcg_5: 0.0269	 ndcg_10: 0.0358	 hit@1:0.010736	 hit@5:0.0429	 hit@10: 0.0706
epoch 46: train_loss = 1.566950, source_mrr = 0.037692, source_hit@10 = 0.0706, source_ndcg@10 = 0.0358, target_mrr = 0.055724, target_hit@10 = 0.1073, target_ndcg@10 = 0.0587

2024-08-12 01:53:28.916293: step 14288/24320 (epoch 47/80), loss = 1.566543 (109.126 sec/epoch), lr: 0.001672
Evaluating on dev set...
...........................
source: 	 mrr: 0.042283	 ndcg_5: 0.0316	 ndcg_10: 0.0435	 hit@1:0.013758	 hit@5:0.0507	 hit@10: 0.0876
target: 	 mrr: 0.044770	 ndcg_5: 0.0356	 ndcg_10: 0.0495	 hit@1:0.013240	 hit@5:0.0585	 hit@10: 0.1024
source best!
.............
source: 	 mrr: 0.040699	 ndcg_5: 0.0307	 ndcg_10: 0.0420	 hit@1:0.013804	 hit@5:0.0475	 hit@10: 0.0828
epoch 47: train_loss = 1.566543, source_mrr = 0.040699, source_hit@10 = 0.0828, source_ndcg@10 = 0.0420, target_mrr = 0.044770, target_hit@10 = 0.1024, target_ndcg@10 = 0.0495

2024-08-12 01:55:18.042282: step 14592/24320 (epoch 48/80), loss = 1.561121 (107.848 sec/epoch), lr: 0.001589
Evaluating on dev set...
...........................
source: 	 mrr: 0.042736	 ndcg_5: 0.0305	 ndcg_10: 0.0420	 hit@1:0.016655	 hit@5:0.0449	 hit@10: 0.0811
target: 	 mrr: 0.048774	 ndcg_5: 0.0409	 ndcg_10: 0.0540	 hit@1:0.013937	 hit@5:0.0690	 hit@10: 0.1087
source best!
.............
source: 	 mrr: 0.038991	 ndcg_5: 0.0283	 ndcg_10: 0.0392	 hit@1:0.010736	 hit@5:0.0452	 hit@10: 0.0790
epoch 48: train_loss = 1.561121, source_mrr = 0.038991, source_hit@10 = 0.0790, source_ndcg@10 = 0.0392, target_mrr = 0.048774, target_hit@10 = 0.1087, target_ndcg@10 = 0.0540

2024-08-12 01:57:06.184068: step 14896/24320 (epoch 49/80), loss = 1.558533 (106.936 sec/epoch), lr: 0.001589
Evaluating on dev set...
...........................
source: 	 mrr: 0.040900	 ndcg_5: 0.0330	 ndcg_10: 0.0400	 hit@1:0.012310	 hit@5:0.0543	 hit@10: 0.0760
target: 	 mrr: 0.046001	 ndcg_5: 0.0355	 ndcg_10: 0.0513	 hit@1:0.014634	 hit@5:0.0564	 hit@10: 0.1052
epoch 49: train_loss = 1.558533, source_mrr = 0.040900, source_hit@10 = 0.0760, source_ndcg@10 = 0.0400, target_mrr = 0.046001, target_hit@10 = 0.1052, target_ndcg@10 = 0.0513

2024-08-12 01:58:52.924591: step 15200/24320 (epoch 50/80), loss = 1.553784 (105.844 sec/epoch), lr: 0.001509
Evaluating on dev set...
...........................
source: 	 mrr: 0.042876	 ndcg_5: 0.0311	 ndcg_10: 0.0434	 hit@1:0.017379	 hit@5:0.0463	 hit@10: 0.0840
target: 	 mrr: 0.057350	 ndcg_5: 0.0487	 ndcg_10: 0.0635	 hit@1:0.021603	 hit@5:0.0753	 hit@10: 0.1220
source best!
.............
source: 	 mrr: 0.037718	 ndcg_5: 0.0288	 ndcg_10: 0.0400	 hit@1:0.010736	 hit@5:0.0483	 hit@10: 0.0844
target best!
..............target: 	 mrr: 0.061150	 ndcg_5: 0.0519	 ndcg_10: 0.0664	 hit@1:0.025377	 hit@5:0.0775	 hit@10: 0.1221
epoch 50: train_loss = 1.553784, source_mrr = 0.037718, source_hit@10 = 0.0844, source_ndcg@10 = 0.0400, target_mrr = 0.061150, target_hit@10 = 0.1221, target_ndcg@10 = 0.0664

2024-08-12 02:00:39.976149: step 15504/24320 (epoch 51/80), loss = 1.552754 (105.547 sec/epoch), lr: 0.001509
Evaluating on dev set...
...........................
source: 	 mrr: 0.035210	 ndcg_5: 0.0262	 ndcg_10: 0.0355	 hit@1:0.010862	 hit@5:0.0427	 hit@10: 0.0717
target: 	 mrr: 0.056535	 ndcg_5: 0.0474	 ndcg_10: 0.0639	 hit@1:0.019512	 hit@5:0.0739	 hit@10: 0.1247
epoch 51: train_loss = 1.552754, source_mrr = 0.035210, source_hit@10 = 0.0717, source_ndcg@10 = 0.0355, target_mrr = 0.056535, target_hit@10 = 0.1247, target_ndcg@10 = 0.0639

2024-08-12 02:02:26.149532: step 15808/24320 (epoch 52/80), loss = 1.549511 (105.456 sec/epoch), lr: 0.001434
Evaluating on dev set...
...........................
source: 	 mrr: 0.037460	 ndcg_5: 0.0276	 ndcg_10: 0.0376	 hit@1:0.010862	 hit@5:0.0449	 hit@10: 0.0760
target: 	 mrr: 0.046232	 ndcg_5: 0.0373	 ndcg_10: 0.0512	 hit@1:0.012544	 hit@5:0.0627	 hit@10: 0.1059
epoch 52: train_loss = 1.549511, source_mrr = 0.037460, source_hit@10 = 0.0760, source_ndcg@10 = 0.0376, target_mrr = 0.046232, target_hit@10 = 0.1059, target_ndcg@10 = 0.0512

2024-08-12 02:04:15.400804: step 16112/24320 (epoch 53/80), loss = 1.545921 (108.479 sec/epoch), lr: 0.001362
Evaluating on dev set...
...........................
source: 	 mrr: 0.039892	 ndcg_5: 0.0307	 ndcg_10: 0.0406	 hit@1:0.011586	 hit@5:0.0492	 hit@10: 0.0804
target: 	 mrr: 0.056526	 ndcg_5: 0.0466	 ndcg_10: 0.0631	 hit@1:0.022997	 hit@5:0.0697	 hit@10: 0.1206
epoch 53: train_loss = 1.545921, source_mrr = 0.039892, source_hit@10 = 0.0804, source_ndcg@10 = 0.0406, target_mrr = 0.056526, target_hit@10 = 0.1206, target_ndcg@10 = 0.0631

2024-08-12 02:06:01.660666: step 16416/24320 (epoch 54/80), loss = 1.539992 (105.532 sec/epoch), lr: 0.001362
Evaluating on dev set...
...........................
source: 	 mrr: 0.040844	 ndcg_5: 0.0299	 ndcg_10: 0.0407	 hit@1:0.013034	 hit@5:0.0463	 hit@10: 0.0797
target: 	 mrr: 0.050738	 ndcg_5: 0.0450	 ndcg_10: 0.0556	 hit@1:0.017422	 hit@5:0.0725	 hit@10: 0.1052
epoch 54: train_loss = 1.539992, source_mrr = 0.040844, source_hit@10 = 0.0797, source_ndcg@10 = 0.0407, target_mrr = 0.050738, target_hit@10 = 0.1052, target_ndcg@10 = 0.0556

2024-08-12 02:07:41.320934: step 16720/24320 (epoch 55/80), loss = 1.538613 (98.831 sec/epoch), lr: 0.001294
Evaluating on dev set...
...........................
source: 	 mrr: 0.043987	 ndcg_5: 0.0333	 ndcg_10: 0.0446	 hit@1:0.015930	 hit@5:0.0514	 hit@10: 0.0862
target: 	 mrr: 0.047158	 ndcg_5: 0.0372	 ndcg_10: 0.0511	 hit@1:0.014634	 hit@5:0.0599	 hit@10: 0.1024
source best!
.............
source: 	 mrr: 0.037321	 ndcg_5: 0.0276	 ndcg_10: 0.0385	 hit@1:0.008436	 hit@5:0.0468	 hit@10: 0.0805
epoch 55: train_loss = 1.538613, source_mrr = 0.037321, source_hit@10 = 0.0805, source_ndcg@10 = 0.0385, target_mrr = 0.047158, target_hit@10 = 0.1024, target_ndcg@10 = 0.0511

2024-08-12 02:09:25.460967: step 17024/24320 (epoch 56/80), loss = 1.535417 (103.102 sec/epoch), lr: 0.001229
Evaluating on dev set...
...........................
source: 	 mrr: 0.037983	 ndcg_5: 0.0300	 ndcg_10: 0.0384	 hit@1:0.009413	 hit@5:0.0507	 hit@10: 0.0768
target: 	 mrr: 0.053463	 ndcg_5: 0.0444	 ndcg_10: 0.0585	 hit@1:0.020906	 hit@5:0.0669	 hit@10: 0.1108
epoch 56: train_loss = 1.535417, source_mrr = 0.037983, source_hit@10 = 0.0768, source_ndcg@10 = 0.0384, target_mrr = 0.053463, target_hit@10 = 0.1108, target_ndcg@10 = 0.0585

2024-08-12 02:11:10.609972: step 17328/24320 (epoch 57/80), loss = 1.530427 (104.338 sec/epoch), lr: 0.001229
Evaluating on dev set...
...........................
source: 	 mrr: 0.038265	 ndcg_5: 0.0258	 ndcg_10: 0.0387	 hit@1:0.009413	 hit@5:0.0420	 hit@10: 0.0825
target: 	 mrr: 0.052433	 ndcg_5: 0.0448	 ndcg_10: 0.0573	 hit@1:0.018815	 hit@5:0.0697	 hit@10: 0.1087
epoch 57: train_loss = 1.530427, source_mrr = 0.038265, source_hit@10 = 0.0825, source_ndcg@10 = 0.0387, target_mrr = 0.052433, target_hit@10 = 0.1087, target_ndcg@10 = 0.0573

2024-08-12 02:12:56.344398: step 17632/24320 (epoch 58/80), loss = 1.529685 (104.909 sec/epoch), lr: 0.001168
Evaluating on dev set...
...........................
source: 	 mrr: 0.041918	 ndcg_5: 0.0341	 ndcg_10: 0.0441	 hit@1:0.009413	 hit@5:0.0587	 hit@10: 0.0898
target: 	 mrr: 0.045544	 ndcg_5: 0.0361	 ndcg_10: 0.0490	 hit@1:0.015331	 hit@5:0.0557	 hit@10: 0.0955
epoch 58: train_loss = 1.529685, source_mrr = 0.041918, source_hit@10 = 0.0898, source_ndcg@10 = 0.0441, target_mrr = 0.045544, target_hit@10 = 0.0955, target_ndcg@10 = 0.0490

2024-08-12 02:14:40.170919: step 17936/24320 (epoch 59/80), loss = 1.525736 (102.903 sec/epoch), lr: 0.001110
Evaluating on dev set...
...........................
source: 	 mrr: 0.039851	 ndcg_5: 0.0302	 ndcg_10: 0.0441	 hit@1:0.009413	 hit@5:0.0529	 hit@10: 0.0956
target: 	 mrr: 0.053854	 ndcg_5: 0.0469	 ndcg_10: 0.0578	 hit@1:0.019512	 hit@5:0.0732	 hit@10: 0.1066
epoch 59: train_loss = 1.525736, source_mrr = 0.039851, source_hit@10 = 0.0956, source_ndcg@10 = 0.0441, target_mrr = 0.053854, target_hit@10 = 0.1066, target_ndcg@10 = 0.0578

2024-08-12 02:16:23.410807: step 18240/24320 (epoch 60/80), loss = 1.522354 (102.378 sec/epoch), lr: 0.001110
Evaluating on dev set...
...........................
source: 	 mrr: 0.037780	 ndcg_5: 0.0247	 ndcg_10: 0.0377	 hit@1:0.010138	 hit@5:0.0384	 hit@10: 0.0789
target: 	 mrr: 0.050062	 ndcg_5: 0.0433	 ndcg_10: 0.0550	 hit@1:0.015331	 hit@5:0.0697	 hit@10: 0.1059
epoch 60: train_loss = 1.522354, source_mrr = 0.037780, source_hit@10 = 0.0789, source_ndcg@10 = 0.0377, target_mrr = 0.050062, target_hit@10 = 0.1059, target_ndcg@10 = 0.0550

2024-08-12 02:18:07.059361: step 18544/24320 (epoch 61/80), loss = 1.515307 (102.811 sec/epoch), lr: 0.001054
Evaluating on dev set...
...........................
source: 	 mrr: 0.040854	 ndcg_5: 0.0318	 ndcg_10: 0.0414	 hit@1:0.011586	 hit@5:0.0521	 hit@10: 0.0818
target: 	 mrr: 0.051518	 ndcg_5: 0.0454	 ndcg_10: 0.0578	 hit@1:0.018118	 hit@5:0.0746	 hit@10: 0.1136
epoch 61: train_loss = 1.515307, source_mrr = 0.040854, source_hit@10 = 0.0818, source_ndcg@10 = 0.0414, target_mrr = 0.051518, target_hit@10 = 0.1136, target_ndcg@10 = 0.0578

2024-08-12 02:19:56.753430: step 18848/24320 (epoch 62/80), loss = 1.512701 (108.828 sec/epoch), lr: 0.001054
Evaluating on dev set...
...........................
source: 	 mrr: 0.038710	 ndcg_5: 0.0272	 ndcg_10: 0.0368	 hit@1:0.013034	 hit@5:0.0420	 hit@10: 0.0717
target: 	 mrr: 0.046166	 ndcg_5: 0.0390	 ndcg_10: 0.0495	 hit@1:0.013240	 hit@5:0.0662	 hit@10: 0.0990
epoch 62: train_loss = 1.512701, source_mrr = 0.038710, source_hit@10 = 0.0717, source_ndcg@10 = 0.0368, target_mrr = 0.046166, target_hit@10 = 0.0990, target_ndcg@10 = 0.0495

2024-08-12 02:21:44.795343: step 19152/24320 (epoch 63/80), loss = 1.509495 (107.211 sec/epoch), lr: 0.001001
Evaluating on dev set...
...........................
source: 	 mrr: 0.040405	 ndcg_5: 0.0312	 ndcg_10: 0.0409	 hit@1:0.012310	 hit@5:0.0507	 hit@10: 0.0804
target: 	 mrr: 0.052310	 ndcg_5: 0.0433	 ndcg_10: 0.0576	 hit@1:0.023693	 hit@5:0.0648	 hit@10: 0.1087
epoch 63: train_loss = 1.509495, source_mrr = 0.040405, source_hit@10 = 0.0804, source_ndcg@10 = 0.0409, target_mrr = 0.052310, target_hit@10 = 0.1087, target_ndcg@10 = 0.0576

2024-08-12 02:23:30.700276: step 19456/24320 (epoch 64/80), loss = 1.507081 (105.138 sec/epoch), lr: 0.001001
Evaluating on dev set...
...........................
source: 	 mrr: 0.040255	 ndcg_5: 0.0278	 ndcg_10: 0.0414	 hit@1:0.013758	 hit@5:0.0427	 hit@10: 0.0847
target: 	 mrr: 0.054300	 ndcg_5: 0.0475	 ndcg_10: 0.0587	 hit@1:0.022300	 hit@5:0.0732	 hit@10: 0.1080
epoch 64: train_loss = 1.507081, source_mrr = 0.040255, source_hit@10 = 0.0847, source_ndcg@10 = 0.0414, target_mrr = 0.054300, target_hit@10 = 0.1080, target_ndcg@10 = 0.0587

2024-08-12 02:25:15.086999: step 19760/24320 (epoch 65/80), loss = 1.505054 (103.524 sec/epoch), lr: 0.001001
Evaluating on dev set...
...........................
source: 	 mrr: 0.041021	 ndcg_5: 0.0317	 ndcg_10: 0.0431	 hit@1:0.012310	 hit@5:0.0514	 hit@10: 0.0876
target: 	 mrr: 0.051001	 ndcg_5: 0.0441	 ndcg_10: 0.0549	 hit@1:0.016028	 hit@5:0.0725	 hit@10: 0.1059
epoch 65: train_loss = 1.505054, source_mrr = 0.041021, source_hit@10 = 0.0876, source_ndcg@10 = 0.0431, target_mrr = 0.051001, target_hit@10 = 0.1059, target_ndcg@10 = 0.0549

2024-08-12 02:26:59.637147: step 20064/24320 (epoch 66/80), loss = 1.496840 (103.680 sec/epoch), lr: 0.000951
Evaluating on dev set...
...........................
source: 	 mrr: 0.045678	 ndcg_5: 0.0360	 ndcg_10: 0.0476	 hit@1:0.014482	 hit@5:0.0579	 hit@10: 0.0941
target: 	 mrr: 0.052866	 ndcg_5: 0.0464	 ndcg_10: 0.0615	 hit@1:0.016725	 hit@5:0.0787	 hit@10: 0.1254
source best!
.............
source: 	 mrr: 0.045494	 ndcg_5: 0.0348	 ndcg_10: 0.0456	 hit@1:0.018405	 hit@5:0.0514	 hit@10: 0.0851
epoch 66: train_loss = 1.496840, source_mrr = 0.045494, source_hit@10 = 0.0851, source_ndcg@10 = 0.0456, target_mrr = 0.052866, target_hit@10 = 0.1254, target_ndcg@10 = 0.0615

2024-08-12 02:28:45.475035: step 20368/24320 (epoch 67/80), loss = 1.497337 (104.817 sec/epoch), lr: 0.000951
Evaluating on dev set...
...........................
source: 	 mrr: 0.031019	 ndcg_5: 0.0210	 ndcg_10: 0.0297	 hit@1:0.010138	 hit@5:0.0326	 hit@10: 0.0601
target: 	 mrr: 0.051590	 ndcg_5: 0.0444	 ndcg_10: 0.0569	 hit@1:0.020906	 hit@5:0.0690	 hit@10: 0.1080
epoch 67: train_loss = 1.497337, source_mrr = 0.031019, source_hit@10 = 0.0601, source_ndcg@10 = 0.0297, target_mrr = 0.051590, target_hit@10 = 0.1080, target_ndcg@10 = 0.0569

2024-08-12 02:30:28.527450: step 20672/24320 (epoch 68/80), loss = 1.491418 (102.186 sec/epoch), lr: 0.000904
Evaluating on dev set...
...........................
source: 	 mrr: 0.044262	 ndcg_5: 0.0344	 ndcg_10: 0.0442	 hit@1:0.016655	 hit@5:0.0521	 hit@10: 0.0833
target: 	 mrr: 0.039220	 ndcg_5: 0.0314	 ndcg_10: 0.0424	 hit@1:0.011150	 hit@5:0.0516	 hit@10: 0.0864
epoch 68: train_loss = 1.491418, source_mrr = 0.044262, source_hit@10 = 0.0833, source_ndcg@10 = 0.0442, target_mrr = 0.039220, target_hit@10 = 0.0864, target_ndcg@10 = 0.0424

2024-08-12 02:32:13.523882: step 20976/24320 (epoch 69/80), loss = 1.488382 (104.220 sec/epoch), lr: 0.000904
Evaluating on dev set...
...........................
source: 	 mrr: 0.039260	 ndcg_5: 0.0286	 ndcg_10: 0.0387	 hit@1:0.011586	 hit@5:0.0449	 hit@10: 0.0768
target: 	 mrr: 0.048717	 ndcg_5: 0.0392	 ndcg_10: 0.0538	 hit@1:0.016725	 hit@5:0.0613	 hit@10: 0.1066
epoch 69: train_loss = 1.488382, source_mrr = 0.039260, source_hit@10 = 0.0768, source_ndcg@10 = 0.0387, target_mrr = 0.048717, target_hit@10 = 0.1066, target_ndcg@10 = 0.0538

2024-08-12 02:33:58.109497: step 21280/24320 (epoch 70/80), loss = 1.489165 (103.800 sec/epoch), lr: 0.000904
Evaluating on dev set...
...........................
source: 	 mrr: 0.039338	 ndcg_5: 0.0297	 ndcg_10: 0.0392	 hit@1:0.012310	 hit@5:0.0478	 hit@10: 0.0768
target: 	 mrr: 0.052370	 ndcg_5: 0.0434	 ndcg_10: 0.0585	 hit@1:0.018118	 hit@5:0.0655	 hit@10: 0.1122
epoch 70: train_loss = 1.489165, source_mrr = 0.039338, source_hit@10 = 0.0768, source_ndcg@10 = 0.0392, target_mrr = 0.052370, target_hit@10 = 0.1122, target_ndcg@10 = 0.0585

2024-08-12 02:35:42.663520: step 21584/24320 (epoch 71/80), loss = 1.485248 (103.665 sec/epoch), lr: 0.000904
Evaluating on dev set...
...........................
source: 	 mrr: 0.038819	 ndcg_5: 0.0284	 ndcg_10: 0.0379	 hit@1:0.013758	 hit@5:0.0427	 hit@10: 0.0724
target: 	 mrr: 0.046527	 ndcg_5: 0.0372	 ndcg_10: 0.0518	 hit@1:0.014634	 hit@5:0.0599	 hit@10: 0.1052
epoch 71: train_loss = 1.485248, source_mrr = 0.038819, source_hit@10 = 0.0724, source_ndcg@10 = 0.0379, target_mrr = 0.046527, target_hit@10 = 0.1052, target_ndcg@10 = 0.0518

2024-08-12 02:37:27.729096: step 21888/24320 (epoch 72/80), loss = 1.482058 (104.253 sec/epoch), lr: 0.000859
Evaluating on dev set...
...........................
source: 	 mrr: 0.033324	 ndcg_5: 0.0243	 ndcg_10: 0.0326	 hit@1:0.009413	 hit@5:0.0398	 hit@10: 0.0652
target: 	 mrr: 0.050214	 ndcg_5: 0.0440	 ndcg_10: 0.0546	 hit@1:0.018815	 hit@5:0.0690	 hit@10: 0.1017
epoch 72: train_loss = 1.482058, source_mrr = 0.033324, source_hit@10 = 0.0652, source_ndcg@10 = 0.0326, target_mrr = 0.050214, target_hit@10 = 0.1017, target_ndcg@10 = 0.0546

2024-08-12 02:39:11.129053: step 22192/24320 (epoch 73/80), loss = 1.478983 (102.527 sec/epoch), lr: 0.000816
Evaluating on dev set...
...........................
source: 	 mrr: 0.023886	 ndcg_5: 0.0137	 ndcg_10: 0.0214	 hit@1:0.005069	 hit@5:0.0217	 hit@10: 0.0463
target: 	 mrr: 0.048549	 ndcg_5: 0.0418	 ndcg_10: 0.0545	 hit@1:0.013240	 hit@5:0.0690	 hit@10: 0.1087
epoch 73: train_loss = 1.478983, source_mrr = 0.023886, source_hit@10 = 0.0463, source_ndcg@10 = 0.0214, target_mrr = 0.048549, target_hit@10 = 0.1087, target_ndcg@10 = 0.0545

2024-08-12 02:40:50.088220: step 22496/24320 (epoch 74/80), loss = 1.474662 (98.083 sec/epoch), lr: 0.000775
Evaluating on dev set...
...........................
source: 	 mrr: 0.038676	 ndcg_5: 0.0296	 ndcg_10: 0.0385	 hit@1:0.011586	 hit@5:0.0478	 hit@10: 0.0753
target: 	 mrr: 0.048847	 ndcg_5: 0.0398	 ndcg_10: 0.0518	 hit@1:0.018118	 hit@5:0.0613	 hit@10: 0.0990
epoch 74: train_loss = 1.474662, source_mrr = 0.038676, source_hit@10 = 0.0753, source_ndcg@10 = 0.0385, target_mrr = 0.048847, target_hit@10 = 0.0990, target_ndcg@10 = 0.0518

2024-08-12 02:42:29.300787: step 22800/24320 (epoch 75/80), loss = 1.466548 (98.475 sec/epoch), lr: 0.000775
Evaluating on dev set...
...........................
source: 	 mrr: 0.036867	 ndcg_5: 0.0263	 ndcg_10: 0.0341	 hit@1:0.013758	 hit@5:0.0384	 hit@10: 0.0623
target: 	 mrr: 0.047070	 ndcg_5: 0.0377	 ndcg_10: 0.0514	 hit@1:0.015331	 hit@5:0.0592	 hit@10: 0.1017
epoch 75: train_loss = 1.466548, source_mrr = 0.036867, source_hit@10 = 0.0623, source_ndcg@10 = 0.0341, target_mrr = 0.047070, target_hit@10 = 0.1017, target_ndcg@10 = 0.0514

2024-08-12 02:44:08.241839: step 23104/24320 (epoch 76/80), loss = 1.465986 (98.160 sec/epoch), lr: 0.000736
Evaluating on dev set...
...........................
source: 	 mrr: 0.038152	 ndcg_5: 0.0260	 ndcg_10: 0.0362	 hit@1:0.012310	 hit@5:0.0398	 hit@10: 0.0710
target: 	 mrr: 0.049974	 ndcg_5: 0.0433	 ndcg_10: 0.0554	 hit@1:0.012544	 hit@5:0.0718	 hit@10: 0.1087
epoch 76: train_loss = 1.465986, source_mrr = 0.038152, source_hit@10 = 0.0710, source_ndcg@10 = 0.0362, target_mrr = 0.049974, target_hit@10 = 0.1087, target_ndcg@10 = 0.0554

2024-08-12 02:45:47.066746: step 23408/24320 (epoch 77/80), loss = 1.465816 (98.087 sec/epoch), lr: 0.000736
Evaluating on dev set...
...........................
source: 	 mrr: 0.041361	 ndcg_5: 0.0308	 ndcg_10: 0.0407	 hit@1:0.014482	 hit@5:0.0478	 hit@10: 0.0789
target: 	 mrr: 0.047764	 ndcg_5: 0.0404	 ndcg_10: 0.0509	 hit@1:0.013240	 hit@5:0.0669	 hit@10: 0.1003
epoch 77: train_loss = 1.465816, source_mrr = 0.041361, source_hit@10 = 0.0789, source_ndcg@10 = 0.0407, target_mrr = 0.047764, target_hit@10 = 0.1003, target_ndcg@10 = 0.0509

2024-08-12 02:47:24.924062: step 23712/24320 (epoch 78/80), loss = 1.463441 (97.123 sec/epoch), lr: 0.000736
Evaluating on dev set...
...........................
source: 	 mrr: 0.037386	 ndcg_5: 0.0267	 ndcg_10: 0.0381	 hit@1:0.008689	 hit@5:0.0463	 hit@10: 0.0818
target: 	 mrr: 0.047600	 ndcg_5: 0.0407	 ndcg_10: 0.0509	 hit@1:0.017422	 hit@5:0.0641	 hit@10: 0.0962
epoch 78: train_loss = 1.463441, source_mrr = 0.037386, source_hit@10 = 0.0818, source_ndcg@10 = 0.0381, target_mrr = 0.047600, target_hit@10 = 0.0962, target_ndcg@10 = 0.0509

2024-08-12 02:48:58.226531: step 24016/24320 (epoch 79/80), loss = 1.463862 (92.394 sec/epoch), lr: 0.000699
Evaluating on dev set...
...........................
source: 	 mrr: 0.043179	 ndcg_5: 0.0342	 ndcg_10: 0.0456	 hit@1:0.013034	 hit@5:0.0543	 hit@10: 0.0898
target: 	 mrr: 0.052386	 ndcg_5: 0.0442	 ndcg_10: 0.0556	 hit@1:0.019512	 hit@5:0.0669	 hit@10: 0.1024
epoch 79: train_loss = 1.463862, source_mrr = 0.043179, source_hit@10 = 0.0898, source_ndcg@10 = 0.0456, target_mrr = 0.052386, target_hit@10 = 0.1024, target_ndcg@10 = 0.0556

2024-08-12 02:50:28.505514: step 24320/24320 (epoch 80/80), loss = 1.458782 (89.551 sec/epoch), lr: 0.000699
Evaluating on dev set...
...........................
source: 	 mrr: 0.039339	 ndcg_5: 0.0276	 ndcg_10: 0.0398	 hit@1:0.011586	 hit@5:0.0449	 hit@10: 0.0825
target: 	 mrr: 0.055462	 ndcg_5: 0.0480	 ndcg_10: 0.0599	 hit@1:0.021603	 hit@5:0.0732	 hit@10: 0.1101
epoch 80: train_loss = 1.458782, source_mrr = 0.039339, source_hit@10 = 0.0825, source_ndcg@10 = 0.0398, target_mrr = 0.055462, target_hit@10 = 0.1101, target_ndcg@10 = 0.0599

source best:  source_mrr = 0.039851, source_hit@10 = 0.0956, source_ndcg@10 = 0.0441
target best:  target_mrr = 0.056589, target_hit@10 = 0.1310, target_ndcg@10 = 0.0654
