nohup: ignoring input
/home1/lhr/anaconda3/envs/torch/lib/python3.8/site-packages/torch_geometric/typing.py:54: UserWarning: An issue occurred while importing 'pyg-lib'. Disabling its usage. Stacktrace: /lib/x86_64-linux-gnu/libm.so.6: version `GLIBC_2.29' not found (required by /home1/lhr/anaconda3/envs/torch/lib/python3.8/site-packages/libpyg.so)
  warnings.warn(f"An issue occurred while importing 'pyg-lib'. "
/home1/lhr/anaconda3/envs/torch/lib/python3.8/site-packages/torch_geometric/typing.py:110: UserWarning: An issue occurred while importing 'torch-sparse'. Disabling its usage. Stacktrace: /lib/x86_64-linux-gnu/libm.so.6: version `GLIBC_2.29' not found (required by /home1/lhr/anaconda3/envs/torch/lib/python3.8/site-packages/libpyg.so)
  warnings.warn(f"An issue occurred while importing 'torch-sparse'. "
using gpu:4 to train the model
using gpu:4 to train the model
cuda:4
Namespace(A_split=False, JK='sum', a_fold=100, aggregate=False, alpha=0.0, batch_size=1024, beta_inter=0.2, conv_layers=4, cuda=True, decay_epoch=10, device=device(type='cuda', index=4), device_id='4', domains='game_video', dropout=0.4, epoch=80, feature_dim=126, gamma_intra=0.8, hidden_dim=126, inter_tau=0.2, intra_tau=0.4, lambda_critic=0.1, leakey=0.05, load=False, log='logs.txt', log_epoch=1, lr=0.004, lr_decay=0.95, min_epoch=50, mode='train', model_file=None, model_name='gv', momentum=0.98, num_latent_factors=3, num_negative=100, optim='adam', patience=20, proj_layers=1, projection=1, rectify_epoch=30, residual=1, save=False, save_dir='./saved_models', seed=32, similarity_tau=0.1, step=5, test_sample_number=999, user_batch_size=256, weight_decay=0.0002)
number_user 25025
number_item 12319
/home1/lhr/invariantCDR/invariantCDR/utils/GraphMaker.py:46: RuntimeWarning: divide by zero encountered in power
  r_inv = np.power(rowsum, -1).flatten()
/home1/lhr/invariantCDR/invariantCDR/utils/GraphMaker.py:72: UserWarning: torch.sparse.SparseTensor(indices, values, shape, *, device=) is deprecated.  Please use torch.sparse_coo_tensor(indices, values, shape, dtype=, device=). (Triggered internally at /opt/conda/conda-bld/pytorch_1711403590347/work/torch/csrc/utils/tensor_new.cpp:618.)
  return torch.sparse.FloatTensor(indices, values, shape)
real graph loaded!
number_user 19457
number_item 8751
real graph loaded!
graph loaded!
Loading data from game_video with batch size 1024...
unseen test: 0
test length: 1381
unseen test: 0
test length: 1304
unseen test: 0
test length: 1435
unseen test: 0
test length: 1458
source_user_num 25025
target_user_num 19457
source_item_num 12319
target_item_num 8751
shared users id: 1737
test users 226, 217
unseen test: 0
dev length: 1000
unseen test: 0
dev length: 1000
source train data : 155036, target train data: 156091, source test data : 1304, target test data : 1458, source dev data : 1000, target dev data : 1000
2024-08-12 00:37:06.044202: step 304/24320 (epoch 1/80), loss = 2.146851 (91.783 sec/epoch), lr: 0.004000
Evaluating on dev set...
...........................
source: 	 mrr: 0.022041	 ndcg_5: 0.0142	 ndcg_10: 0.0194	 hit@1:0.005069	 hit@5:0.0224	 hit@10: 0.0384
target: 	 mrr: 0.030042	 ndcg_5: 0.0201	 ndcg_10: 0.0306	 hit@1:0.009756	 hit@5:0.0314	 hit@10: 0.0641
source best!
.............
source: 	 mrr: 0.021323	 ndcg_5: 0.0144	 ndcg_10: 0.0203	 hit@1:0.004601	 hit@5:0.0238	 hit@10: 0.0422
target best!
..............target: 	 mrr: 0.027389	 ndcg_5: 0.0168	 ndcg_10: 0.0259	 hit@1:0.006859	 hit@5:0.0274	 hit@10: 0.0562
epoch 1: train_loss = 2.146851, source_mrr = 0.021323, source_hit@10 = 0.0422, source_ndcg@10 = 0.0203, target_mrr = 0.027389, target_hit@10 = 0.0562, target_ndcg@10 = 0.0259

2024-08-12 00:38:38.224810: step 608/24320 (epoch 2/80), loss = 1.819738 (90.834 sec/epoch), lr: 0.004000
Evaluating on dev set...
...........................
source: 	 mrr: 0.035898	 ndcg_5: 0.0251	 ndcg_10: 0.0354	 hit@1:0.011586	 hit@5:0.0384	 hit@10: 0.0710
target: 	 mrr: 0.024896	 ndcg_5: 0.0160	 ndcg_10: 0.0236	 hit@1:0.007666	 hit@5:0.0244	 hit@10: 0.0481
source best!
.............
source: 	 mrr: 0.034709	 ndcg_5: 0.0229	 ndcg_10: 0.0356	 hit@1:0.007669	 hit@5:0.0383	 hit@10: 0.0775
epoch 2: train_loss = 1.819738, source_mrr = 0.034709, source_hit@10 = 0.0775, source_ndcg@10 = 0.0356, target_mrr = 0.024896, target_hit@10 = 0.0481, target_ndcg@10 = 0.0236

2024-08-12 00:40:10.115452: step 912/24320 (epoch 3/80), loss = 1.765344 (90.783 sec/epoch), lr: 0.004000
Evaluating on dev set...
...........................
source: 	 mrr: 0.038681	 ndcg_5: 0.0285	 ndcg_10: 0.0402	 hit@1:0.013758	 hit@5:0.0427	 hit@10: 0.0797
target: 	 mrr: 0.034978	 ndcg_5: 0.0231	 ndcg_10: 0.0358	 hit@1:0.012544	 hit@5:0.0341	 hit@10: 0.0739
source best!
.............
source: 	 mrr: 0.036059	 ndcg_5: 0.0276	 ndcg_10: 0.0356	 hit@1:0.009969	 hit@5:0.0460	 hit@10: 0.0713
target best!
..............target: 	 mrr: 0.038849	 ndcg_5: 0.0311	 ndcg_10: 0.0388	 hit@1:0.014403	 hit@5:0.0480	 hit@10: 0.0720
epoch 3: train_loss = 1.765344, source_mrr = 0.036059, source_hit@10 = 0.0713, source_ndcg@10 = 0.0356, target_mrr = 0.038849, target_hit@10 = 0.0720, target_ndcg@10 = 0.0388

2024-08-12 00:41:43.633768: step 1216/24320 (epoch 4/80), loss = 1.746415 (92.017 sec/epoch), lr: 0.004000
Evaluating on dev set...
...........................
source: 	 mrr: 0.031031	 ndcg_5: 0.0205	 ndcg_10: 0.0296	 hit@1:0.008689	 hit@5:0.0326	 hit@10: 0.0608
target: 	 mrr: 0.023876	 ndcg_5: 0.0150	 ndcg_10: 0.0211	 hit@1:0.007666	 hit@5:0.0223	 hit@10: 0.0418
epoch 4: train_loss = 1.746415, source_mrr = 0.031031, source_hit@10 = 0.0608, source_ndcg@10 = 0.0296, target_mrr = 0.023876, target_hit@10 = 0.0418, target_ndcg@10 = 0.0211

2024-08-12 00:43:14.336324: step 1520/24320 (epoch 5/80), loss = 1.735249 (89.952 sec/epoch), lr: 0.004000
Evaluating on dev set...
...........................
source: 	 mrr: 0.023795	 ndcg_5: 0.0156	 ndcg_10: 0.0224	 hit@1:0.007965	 hit@5:0.0239	 hit@10: 0.0442
target: 	 mrr: 0.025351	 ndcg_5: 0.0172	 ndcg_10: 0.0246	 hit@1:0.006969	 hit@5:0.0279	 hit@10: 0.0509
epoch 5: train_loss = 1.735249, source_mrr = 0.023795, source_hit@10 = 0.0442, source_ndcg@10 = 0.0224, target_mrr = 0.025351, target_hit@10 = 0.0509, target_ndcg@10 = 0.0246

2024-08-12 00:44:45.362481: step 1824/24320 (epoch 6/80), loss = 1.723243 (90.322 sec/epoch), lr: 0.004000
Evaluating on dev set...
...........................
source: 	 mrr: 0.034244	 ndcg_5: 0.0248	 ndcg_10: 0.0345	 hit@1:0.010138	 hit@5:0.0398	 hit@10: 0.0702
target: 	 mrr: 0.039279	 ndcg_5: 0.0326	 ndcg_10: 0.0392	 hit@1:0.011847	 hit@5:0.0523	 hit@10: 0.0732
target best!
..............target: 	 mrr: 0.038265	 ndcg_5: 0.0297	 ndcg_10: 0.0377	 hit@1:0.011660	 hit@5:0.0487	 hit@10: 0.0741
epoch 6: train_loss = 1.723243, source_mrr = 0.034244, source_hit@10 = 0.0702, source_ndcg@10 = 0.0345, target_mrr = 0.038265, target_hit@10 = 0.0741, target_ndcg@10 = 0.0377

2024-08-12 00:46:17.545970: step 2128/24320 (epoch 7/80), loss = 1.718737 (91.080 sec/epoch), lr: 0.004000
Evaluating on dev set...
...........................
source: 	 mrr: 0.017979	 ndcg_5: 0.0098	 ndcg_10: 0.0153	 hit@1:0.002896	 hit@5:0.0167	 hit@10: 0.0333
target: 	 mrr: 0.035872	 ndcg_5: 0.0264	 ndcg_10: 0.0371	 hit@1:0.011847	 hit@5:0.0397	 hit@10: 0.0725
epoch 7: train_loss = 1.718737, source_mrr = 0.017979, source_hit@10 = 0.0333, source_ndcg@10 = 0.0153, target_mrr = 0.035872, target_hit@10 = 0.0725, target_ndcg@10 = 0.0371

2024-08-12 00:47:48.211559: step 2432/24320 (epoch 8/80), loss = 1.710321 (89.917 sec/epoch), lr: 0.004000
Evaluating on dev set...
...........................
source: 	 mrr: 0.029144	 ndcg_5: 0.0221	 ndcg_10: 0.0296	 hit@1:0.007241	 hit@5:0.0369	 hit@10: 0.0608
target: 	 mrr: 0.031287	 ndcg_5: 0.0226	 ndcg_10: 0.0318	 hit@1:0.008362	 hit@5:0.0362	 hit@10: 0.0648
epoch 8: train_loss = 1.710321, source_mrr = 0.029144, source_hit@10 = 0.0608, source_ndcg@10 = 0.0296, target_mrr = 0.031287, target_hit@10 = 0.0648, target_ndcg@10 = 0.0318

2024-08-12 00:49:18.888799: step 2736/24320 (epoch 9/80), loss = 1.700222 (90.009 sec/epoch), lr: 0.004000
Evaluating on dev set...
...........................
source: 	 mrr: 0.029684	 ndcg_5: 0.0201	 ndcg_10: 0.0260	 hit@1:0.012310	 hit@5:0.0290	 hit@10: 0.0478
target: 	 mrr: 0.011749	 ndcg_5: 0.0041	 ndcg_10: 0.0064	 hit@1:0.002091	 hit@5:0.0070	 hit@10: 0.0146
epoch 9: train_loss = 1.700222, source_mrr = 0.029684, source_hit@10 = 0.0478, source_ndcg@10 = 0.0260, target_mrr = 0.011749, target_hit@10 = 0.0146, target_ndcg@10 = 0.0064

2024-08-12 00:50:49.680254: step 3040/24320 (epoch 10/80), loss = 1.691809 (90.032 sec/epoch), lr: 0.004000
Evaluating on dev set...
...........................
source: 	 mrr: 0.030753	 ndcg_5: 0.0193	 ndcg_10: 0.0291	 hit@1:0.008689	 hit@5:0.0311	 hit@10: 0.0615
target: 	 mrr: 0.042601	 ndcg_5: 0.0330	 ndcg_10: 0.0455	 hit@1:0.012544	 hit@5:0.0544	 hit@10: 0.0934
target best!
..............target: 	 mrr: 0.045601	 ndcg_5: 0.0365	 ndcg_10: 0.0505	 hit@1:0.011660	 hit@5:0.0610	 hit@10: 0.1043
epoch 10: train_loss = 1.691809, source_mrr = 0.030753, source_hit@10 = 0.0615, source_ndcg@10 = 0.0291, target_mrr = 0.045601, target_hit@10 = 0.1043, target_ndcg@10 = 0.0505

2024-08-12 00:52:20.810479: step 3344/24320 (epoch 11/80), loss = 1.687504 (89.996 sec/epoch), lr: 0.004000
Evaluating on dev set...
...........................
source: 	 mrr: 0.035709	 ndcg_5: 0.0243	 ndcg_10: 0.0363	 hit@1:0.007241	 hit@5:0.0406	 hit@10: 0.0782
target: 	 mrr: 0.035760	 ndcg_5: 0.0272	 ndcg_10: 0.0355	 hit@1:0.011847	 hit@5:0.0439	 hit@10: 0.0690
epoch 11: train_loss = 1.687504, source_mrr = 0.035709, source_hit@10 = 0.0782, source_ndcg@10 = 0.0363, target_mrr = 0.035760, target_hit@10 = 0.0690, target_ndcg@10 = 0.0355

2024-08-12 00:53:52.860346: step 3648/24320 (epoch 12/80), loss = 1.677784 (91.297 sec/epoch), lr: 0.003800
Evaluating on dev set...
...........................
source: 	 mrr: 0.036580	 ndcg_5: 0.0281	 ndcg_10: 0.0363	 hit@1:0.010138	 hit@5:0.0456	 hit@10: 0.0717
target: 	 mrr: 0.048749	 ndcg_5: 0.0416	 ndcg_10: 0.0515	 hit@1:0.018118	 hit@5:0.0669	 hit@10: 0.0976
target best!
..............target: 	 mrr: 0.046644	 ndcg_5: 0.0358	 ndcg_10: 0.0483	 hit@1:0.017147	 hit@5:0.0549	 hit@10: 0.0940
epoch 12: train_loss = 1.677784, source_mrr = 0.036580, source_hit@10 = 0.0717, source_ndcg@10 = 0.0363, target_mrr = 0.046644, target_hit@10 = 0.0940, target_ndcg@10 = 0.0483

2024-08-12 00:55:25.512626: step 3952/24320 (epoch 13/80), loss = 1.676509 (91.727 sec/epoch), lr: 0.003800
Evaluating on dev set...
...........................
source: 	 mrr: 0.041548	 ndcg_5: 0.0338	 ndcg_10: 0.0413	 hit@1:0.015206	 hit@5:0.0521	 hit@10: 0.0760
target: 	 mrr: 0.050440	 ndcg_5: 0.0436	 ndcg_10: 0.0548	 hit@1:0.018118	 hit@5:0.0690	 hit@10: 0.1038
source best!
.............
source: 	 mrr: 0.039559	 ndcg_5: 0.0299	 ndcg_10: 0.0392	 hit@1:0.014571	 hit@5:0.0460	 hit@10: 0.0752
target best!
..............target: 	 mrr: 0.048343	 ndcg_5: 0.0405	 ndcg_10: 0.0543	 hit@1:0.015089	 hit@5:0.0665	 hit@10: 0.1097
epoch 13: train_loss = 1.676509, source_mrr = 0.039559, source_hit@10 = 0.0752, source_ndcg@10 = 0.0392, target_mrr = 0.048343, target_hit@10 = 0.1097, target_ndcg@10 = 0.0543

2024-08-12 00:56:57.184432: step 4256/24320 (epoch 14/80), loss = 1.671851 (90.255 sec/epoch), lr: 0.003800
Evaluating on dev set...
...........................
source: 	 mrr: 0.030461	 ndcg_5: 0.0194	 ndcg_10: 0.0275	 hit@1:0.009413	 hit@5:0.0304	 hit@10: 0.0558
target: 	 mrr: 0.025016	 ndcg_5: 0.0168	 ndcg_10: 0.0219	 hit@1:0.005575	 hit@5:0.0279	 hit@10: 0.0432
epoch 14: train_loss = 1.671851, source_mrr = 0.030461, source_hit@10 = 0.0558, source_ndcg@10 = 0.0275, target_mrr = 0.025016, target_hit@10 = 0.0432, target_ndcg@10 = 0.0219

2024-08-12 00:58:29.804977: step 4560/24320 (epoch 15/80), loss = 1.665452 (91.843 sec/epoch), lr: 0.003610
Evaluating on dev set...
...........................
source: 	 mrr: 0.033258	 ndcg_5: 0.0241	 ndcg_10: 0.0315	 hit@1:0.009413	 hit@5:0.0406	 hit@10: 0.0637
target: 	 mrr: 0.057575	 ndcg_5: 0.0491	 ndcg_10: 0.0625	 hit@1:0.022300	 hit@5:0.0760	 hit@10: 0.1178
target best!
..............target: 	 mrr: 0.059768	 ndcg_5: 0.0523	 ndcg_10: 0.0651	 hit@1:0.023320	 hit@5:0.0809	 hit@10: 0.1207
epoch 15: train_loss = 1.665452, source_mrr = 0.033258, source_hit@10 = 0.0637, source_ndcg@10 = 0.0315, target_mrr = 0.059768, target_hit@10 = 0.1207, target_ndcg@10 = 0.0651

2024-08-12 01:00:01.900959: step 4864/24320 (epoch 16/80), loss = 1.663109 (91.037 sec/epoch), lr: 0.003610
Evaluating on dev set...
...........................
source: 	 mrr: 0.039339	 ndcg_5: 0.0291	 ndcg_10: 0.0378	 hit@1:0.015206	 hit@5:0.0427	 hit@10: 0.0695
target: 	 mrr: 0.037516	 ndcg_5: 0.0299	 ndcg_10: 0.0411	 hit@1:0.009756	 hit@5:0.0509	 hit@10: 0.0857
epoch 16: train_loss = 1.663109, source_mrr = 0.039339, source_hit@10 = 0.0695, source_ndcg@10 = 0.0378, target_mrr = 0.037516, target_hit@10 = 0.0857, target_ndcg@10 = 0.0411

2024-08-12 01:01:32.839111: step 5168/24320 (epoch 17/80), loss = 1.656309 (90.198 sec/epoch), lr: 0.003429
Evaluating on dev set...
...........................
source: 	 mrr: 0.033599	 ndcg_5: 0.0238	 ndcg_10: 0.0343	 hit@1:0.008689	 hit@5:0.0398	 hit@10: 0.0724
target: 	 mrr: 0.046082	 ndcg_5: 0.0383	 ndcg_10: 0.0474	 hit@1:0.018815	 hit@5:0.0592	 hit@10: 0.0885
epoch 17: train_loss = 1.656309, source_mrr = 0.033599, source_hit@10 = 0.0724, source_ndcg@10 = 0.0343, target_mrr = 0.046082, target_hit@10 = 0.0885, target_ndcg@10 = 0.0474

2024-08-12 01:03:02.869545: step 5472/24320 (epoch 18/80), loss = 1.651736 (89.255 sec/epoch), lr: 0.003429
Evaluating on dev set...
...........................
source: 	 mrr: 0.033223	 ndcg_5: 0.0241	 ndcg_10: 0.0324	 hit@1:0.007965	 hit@5:0.0413	 hit@10: 0.0673
target: 	 mrr: 0.048569	 ndcg_5: 0.0406	 ndcg_10: 0.0509	 hit@1:0.018815	 hit@5:0.0613	 hit@10: 0.0934
epoch 18: train_loss = 1.651736, source_mrr = 0.033223, source_hit@10 = 0.0673, source_ndcg@10 = 0.0324, target_mrr = 0.048569, target_hit@10 = 0.0934, target_ndcg@10 = 0.0509

2024-08-12 01:04:32.860257: step 5776/24320 (epoch 19/80), loss = 1.646328 (89.261 sec/epoch), lr: 0.003429
Evaluating on dev set...
...........................
source: 	 mrr: 0.035062	 ndcg_5: 0.0259	 ndcg_10: 0.0343	 hit@1:0.007241	 hit@5:0.0449	 hit@10: 0.0710
target: 	 mrr: 0.050469	 ndcg_5: 0.0433	 ndcg_10: 0.0542	 hit@1:0.019512	 hit@5:0.0676	 hit@10: 0.1017
epoch 19: train_loss = 1.646328, source_mrr = 0.035062, source_hit@10 = 0.0710, source_ndcg@10 = 0.0343, target_mrr = 0.050469, target_hit@10 = 0.1017, target_ndcg@10 = 0.0542

2024-08-12 01:06:03.331453: step 6080/24320 (epoch 20/80), loss = 1.636587 (89.702 sec/epoch), lr: 0.003429
Evaluating on dev set...
...........................
source: 	 mrr: 0.036039	 ndcg_5: 0.0270	 ndcg_10: 0.0356	 hit@1:0.010862	 hit@5:0.0427	 hit@10: 0.0695
target: 	 mrr: 0.052865	 ndcg_5: 0.0426	 ndcg_10: 0.0568	 hit@1:0.022300	 hit@5:0.0627	 hit@10: 0.1066
epoch 20: train_loss = 1.636587, source_mrr = 0.036039, source_hit@10 = 0.0695, source_ndcg@10 = 0.0356, target_mrr = 0.052865, target_hit@10 = 0.1066, target_ndcg@10 = 0.0568

2024-08-12 01:07:34.143777: step 6384/24320 (epoch 21/80), loss = 1.625894 (89.953 sec/epoch), lr: 0.003429
Evaluating on dev set...
...........................
source: 	 mrr: 0.031671	 ndcg_5: 0.0211	 ndcg_10: 0.0318	 hit@1:0.005069	 hit@5:0.0369	 hit@10: 0.0702
target: 	 mrr: 0.047836	 ndcg_5: 0.0382	 ndcg_10: 0.0507	 hit@1:0.017422	 hit@5:0.0585	 hit@10: 0.0969
epoch 21: train_loss = 1.625894, source_mrr = 0.031671, source_hit@10 = 0.0702, source_ndcg@10 = 0.0318, target_mrr = 0.047836, target_hit@10 = 0.0969, target_ndcg@10 = 0.0507

2024-08-12 01:09:04.125061: step 6688/24320 (epoch 22/80), loss = 1.619579 (89.222 sec/epoch), lr: 0.003258
Evaluating on dev set...
...........................
source: 	 mrr: 0.036662	 ndcg_5: 0.0269	 ndcg_10: 0.0359	 hit@1:0.011586	 hit@5:0.0427	 hit@10: 0.0710
target: 	 mrr: 0.045733	 ndcg_5: 0.0373	 ndcg_10: 0.0475	 hit@1:0.016725	 hit@5:0.0592	 hit@10: 0.0913
epoch 22: train_loss = 1.619579, source_mrr = 0.036662, source_hit@10 = 0.0710, source_ndcg@10 = 0.0359, target_mrr = 0.045733, target_hit@10 = 0.0913, target_ndcg@10 = 0.0475

2024-08-12 01:10:34.975442: step 6992/24320 (epoch 23/80), loss = 1.616699 (90.128 sec/epoch), lr: 0.003258
Evaluating on dev set...
...........................
source: 	 mrr: 0.037662	 ndcg_5: 0.0263	 ndcg_10: 0.0360	 hit@1:0.010862	 hit@5:0.0413	 hit@10: 0.0717
target: 	 mrr: 0.050225	 ndcg_5: 0.0438	 ndcg_10: 0.0536	 hit@1:0.017422	 hit@5:0.0697	 hit@10: 0.1003
epoch 23: train_loss = 1.616699, source_mrr = 0.037662, source_hit@10 = 0.0717, source_ndcg@10 = 0.0360, target_mrr = 0.050225, target_hit@10 = 0.1003, target_ndcg@10 = 0.0536

2024-08-12 01:12:06.280143: step 7296/24320 (epoch 24/80), loss = 1.615066 (90.559 sec/epoch), lr: 0.003258
Evaluating on dev set...
...........................
source: 	 mrr: 0.035651	 ndcg_5: 0.0239	 ndcg_10: 0.0335	 hit@1:0.012310	 hit@5:0.0355	 hit@10: 0.0652
target: 	 mrr: 0.049565	 ndcg_5: 0.0404	 ndcg_10: 0.0544	 hit@1:0.015331	 hit@5:0.0648	 hit@10: 0.1080
epoch 24: train_loss = 1.615066, source_mrr = 0.035651, source_hit@10 = 0.0652, source_ndcg@10 = 0.0335, target_mrr = 0.049565, target_hit@10 = 0.1080, target_ndcg@10 = 0.0544

2024-08-12 01:13:38.062623: step 7600/24320 (epoch 25/80), loss = 1.608308 (91.026 sec/epoch), lr: 0.003095
Evaluating on dev set...
...........................
source: 	 mrr: 0.037977	 ndcg_5: 0.0278	 ndcg_10: 0.0353	 hit@1:0.014482	 hit@5:0.0420	 hit@10: 0.0659
target: 	 mrr: 0.050548	 ndcg_5: 0.0428	 ndcg_10: 0.0537	 hit@1:0.020906	 hit@5:0.0641	 hit@10: 0.0983
epoch 25: train_loss = 1.608308, source_mrr = 0.037977, source_hit@10 = 0.0659, source_ndcg@10 = 0.0353, target_mrr = 0.050548, target_hit@10 = 0.0983, target_ndcg@10 = 0.0537

2024-08-12 01:15:08.498254: step 7904/24320 (epoch 26/80), loss = 1.606492 (89.680 sec/epoch), lr: 0.003095
Evaluating on dev set...
...........................
source: 	 mrr: 0.031804	 ndcg_5: 0.0211	 ndcg_10: 0.0298	 hit@1:0.008689	 hit@5:0.0340	 hit@10: 0.0615
target: 	 mrr: 0.052331	 ndcg_5: 0.0449	 ndcg_10: 0.0559	 hit@1:0.018118	 hit@5:0.0711	 hit@10: 0.1052
epoch 26: train_loss = 1.606492, source_mrr = 0.031804, source_hit@10 = 0.0615, source_ndcg@10 = 0.0298, target_mrr = 0.052331, target_hit@10 = 0.1052, target_ndcg@10 = 0.0559

2024-08-12 01:16:39.575507: step 8208/24320 (epoch 27/80), loss = 1.604635 (90.411 sec/epoch), lr: 0.002940
Evaluating on dev set...
...........................
source: 	 mrr: 0.037615	 ndcg_5: 0.0279	 ndcg_10: 0.0383	 hit@1:0.010862	 hit@5:0.0463	 hit@10: 0.0789
target: 	 mrr: 0.052235	 ndcg_5: 0.0442	 ndcg_10: 0.0580	 hit@1:0.018118	 hit@5:0.0711	 hit@10: 0.1143
epoch 27: train_loss = 1.604635, source_mrr = 0.037615, source_hit@10 = 0.0789, source_ndcg@10 = 0.0383, target_mrr = 0.052235, target_hit@10 = 0.1143, target_ndcg@10 = 0.0580

2024-08-12 01:18:10.612105: step 8512/24320 (epoch 28/80), loss = 1.598638 (90.267 sec/epoch), lr: 0.002940
Evaluating on dev set...
...........................
source: 	 mrr: 0.031460	 ndcg_5: 0.0196	 ndcg_10: 0.0284	 hit@1:0.009413	 hit@5:0.0311	 hit@10: 0.0587
target: 	 mrr: 0.050417	 ndcg_5: 0.0423	 ndcg_10: 0.0542	 hit@1:0.018118	 hit@5:0.0669	 hit@10: 0.1038
epoch 28: train_loss = 1.598638, source_mrr = 0.031460, source_hit@10 = 0.0587, source_ndcg@10 = 0.0284, target_mrr = 0.050417, target_hit@10 = 0.1038, target_ndcg@10 = 0.0542

2024-08-12 01:19:42.003973: step 8816/24320 (epoch 29/80), loss = 1.596519 (90.616 sec/epoch), lr: 0.002793
Evaluating on dev set...
...........................
source: 	 mrr: 0.033094	 ndcg_5: 0.0207	 ndcg_10: 0.0317	 hit@1:0.007241	 hit@5:0.0348	 hit@10: 0.0695
target: 	 mrr: 0.046586	 ndcg_5: 0.0395	 ndcg_10: 0.0473	 hit@1:0.016725	 hit@5:0.0613	 hit@10: 0.0864
epoch 29: train_loss = 1.596519, source_mrr = 0.033094, source_hit@10 = 0.0695, source_ndcg@10 = 0.0317, target_mrr = 0.046586, target_hit@10 = 0.0864, target_ndcg@10 = 0.0473

2024-08-12 01:21:13.382171: step 9120/24320 (epoch 30/80), loss = 1.592385 (90.648 sec/epoch), lr: 0.002654
Evaluating on dev set...
...........................
source: 	 mrr: 0.029120	 ndcg_5: 0.0161	 ndcg_10: 0.0247	 hit@1:0.007241	 hit@5:0.0261	 hit@10: 0.0529
target: 	 mrr: 0.051765	 ndcg_5: 0.0408	 ndcg_10: 0.0523	 hit@1:0.018815	 hit@5:0.0599	 hit@10: 0.0955
epoch 30: train_loss = 1.592385, source_mrr = 0.029120, source_hit@10 = 0.0529, source_ndcg@10 = 0.0247, target_mrr = 0.051765, target_hit@10 = 0.0955, target_ndcg@10 = 0.0523
shift to transfer learning mode

2024-08-12 01:22:55.860850: step 9424/24320 (epoch 31/80), loss = 1.607482 (101.718 sec/epoch), lr: 0.002654
Evaluating on dev set...
...........................
source: 	 mrr: 0.035861	 ndcg_5: 0.0236	 ndcg_10: 0.0355	 hit@1:0.010138	 hit@5:0.0369	 hit@10: 0.0739
target: 	 mrr: 0.051277	 ndcg_5: 0.0442	 ndcg_10: 0.0585	 hit@1:0.017422	 hit@5:0.0718	 hit@10: 0.1171
epoch 31: train_loss = 1.607482, source_mrr = 0.035861, source_hit@10 = 0.0739, source_ndcg@10 = 0.0355, target_mrr = 0.051277, target_hit@10 = 0.1171, target_ndcg@10 = 0.0585

2024-08-12 01:24:39.319581: step 9728/24320 (epoch 32/80), loss = 1.609257 (102.758 sec/epoch), lr: 0.002654
Evaluating on dev set...
...........................
source: 	 mrr: 0.020876	 ndcg_5: 0.0128	 ndcg_10: 0.0167	 hit@1:0.005793	 hit@5:0.0181	 hit@10: 0.0304
target: 	 mrr: 0.029689	 ndcg_5: 0.0214	 ndcg_10: 0.0293	 hit@1:0.006969	 hit@5:0.0355	 hit@10: 0.0599
epoch 32: train_loss = 1.609257, source_mrr = 0.020876, source_hit@10 = 0.0304, source_ndcg@10 = 0.0167, target_mrr = 0.029689, target_hit@10 = 0.0599, target_ndcg@10 = 0.0293

2024-08-12 01:26:22.496873: step 10032/24320 (epoch 33/80), loss = 1.602951 (102.497 sec/epoch), lr: 0.002521
Evaluating on dev set...
...........................
source: 	 mrr: 0.040317	 ndcg_5: 0.0285	 ndcg_10: 0.0391	 hit@1:0.015930	 hit@5:0.0427	 hit@10: 0.0760
target: 	 mrr: 0.053426	 ndcg_5: 0.0428	 ndcg_10: 0.0588	 hit@1:0.019512	 hit@5:0.0655	 hit@10: 0.1157
epoch 33: train_loss = 1.602951, source_mrr = 0.040317, source_hit@10 = 0.0760, source_ndcg@10 = 0.0391, target_mrr = 0.053426, target_hit@10 = 0.1157, target_ndcg@10 = 0.0588

2024-08-12 01:28:05.472671: step 10336/24320 (epoch 34/80), loss = 1.598942 (102.250 sec/epoch), lr: 0.002521
Evaluating on dev set...
...........................
source: 	 mrr: 0.036651	 ndcg_5: 0.0243	 ndcg_10: 0.0384	 hit@1:0.010862	 hit@5:0.0398	 hit@10: 0.0847
target: 	 mrr: 0.050854	 ndcg_5: 0.0423	 ndcg_10: 0.0540	 hit@1:0.016725	 hit@5:0.0669	 hit@10: 0.1031
epoch 34: train_loss = 1.598942, source_mrr = 0.036651, source_hit@10 = 0.0847, source_ndcg@10 = 0.0384, target_mrr = 0.050854, target_hit@10 = 0.1031, target_ndcg@10 = 0.0540

2024-08-12 01:29:49.364391: step 10640/24320 (epoch 35/80), loss = 1.593008 (103.164 sec/epoch), lr: 0.002395
Evaluating on dev set...
...........................
source: 	 mrr: 0.030278	 ndcg_5: 0.0195	 ndcg_10: 0.0286	 hit@1:0.005069	 hit@5:0.0348	 hit@10: 0.0637
target: 	 mrr: 0.048350	 ndcg_5: 0.0383	 ndcg_10: 0.0521	 hit@1:0.015331	 hit@5:0.0613	 hit@10: 0.1045
epoch 35: train_loss = 1.593008, source_mrr = 0.030278, source_hit@10 = 0.0637, source_ndcg@10 = 0.0286, target_mrr = 0.048350, target_hit@10 = 0.1045, target_ndcg@10 = 0.0521

2024-08-12 01:31:34.019288: step 10944/24320 (epoch 36/80), loss = 1.590507 (103.865 sec/epoch), lr: 0.002275
Evaluating on dev set...
...........................
source: 	 mrr: 0.029221	 ndcg_5: 0.0194	 ndcg_10: 0.0285	 hit@1:0.007965	 hit@5:0.0311	 hit@10: 0.0594
target: 	 mrr: 0.043157	 ndcg_5: 0.0338	 ndcg_10: 0.0480	 hit@1:0.011847	 hit@5:0.0564	 hit@10: 0.1010
epoch 36: train_loss = 1.590507, source_mrr = 0.029221, source_hit@10 = 0.0594, source_ndcg@10 = 0.0285, target_mrr = 0.043157, target_hit@10 = 0.1010, target_ndcg@10 = 0.0480

2024-08-12 01:33:20.556038: step 11248/24320 (epoch 37/80), loss = 1.585819 (105.793 sec/epoch), lr: 0.002161
Evaluating on dev set...
...........................
source: 	 mrr: 0.013636	 ndcg_5: 0.0061	 ndcg_10: 0.0102	 hit@1:0.002172	 hit@5:0.0101	 hit@10: 0.0232
target: 	 mrr: 0.050710	 ndcg_5: 0.0429	 ndcg_10: 0.0551	 hit@1:0.022300	 hit@5:0.0641	 hit@10: 0.1024
epoch 37: train_loss = 1.585819, source_mrr = 0.013636, source_hit@10 = 0.0232, source_ndcg@10 = 0.0102, target_mrr = 0.050710, target_hit@10 = 0.1024, target_ndcg@10 = 0.0551

2024-08-12 01:35:05.793110: step 11552/24320 (epoch 38/80), loss = 1.579881 (104.487 sec/epoch), lr: 0.002053
Evaluating on dev set...
...........................
source: 	 mrr: 0.032371	 ndcg_5: 0.0187	 ndcg_10: 0.0300	 hit@1:0.007241	 hit@5:0.0297	 hit@10: 0.0652
target: 	 mrr: 0.054631	 ndcg_5: 0.0456	 ndcg_10: 0.0599	 hit@1:0.020209	 hit@5:0.0718	 hit@10: 0.1157
epoch 38: train_loss = 1.579881, source_mrr = 0.032371, source_hit@10 = 0.0652, source_ndcg@10 = 0.0300, target_mrr = 0.054631, target_hit@10 = 0.1157, target_ndcg@10 = 0.0599

2024-08-12 01:36:54.311760: step 11856/24320 (epoch 39/80), loss = 1.577024 (107.751 sec/epoch), lr: 0.002053
Evaluating on dev set...
...........................
source: 	 mrr: 0.032364	 ndcg_5: 0.0198	 ndcg_10: 0.0310	 hit@1:0.007241	 hit@5:0.0326	 hit@10: 0.0681
target: 	 mrr: 0.047905	 ndcg_5: 0.0376	 ndcg_10: 0.0513	 hit@1:0.017422	 hit@5:0.0592	 hit@10: 0.1017
epoch 39: train_loss = 1.577024, source_mrr = 0.032364, source_hit@10 = 0.0681, source_ndcg@10 = 0.0310, target_mrr = 0.047905, target_hit@10 = 0.1017, target_ndcg@10 = 0.0513

2024-08-12 01:38:41.445839: step 12160/24320 (epoch 40/80), loss = 1.576762 (106.482 sec/epoch), lr: 0.001951
Evaluating on dev set...
...........................
source: 	 mrr: 0.036372	 ndcg_5: 0.0233	 ndcg_10: 0.0328	 hit@1:0.010862	 hit@5:0.0362	 hit@10: 0.0659
target: 	 mrr: 0.062090	 ndcg_5: 0.0521	 ndcg_10: 0.0669	 hit@1:0.026481	 hit@5:0.0767	 hit@10: 0.1226
target best!
..............target: 	 mrr: 0.062055	 ndcg_5: 0.0531	 ndcg_10: 0.0696	 hit@1:0.024005	 hit@5:0.0823	 hit@10: 0.1331
epoch 40: train_loss = 1.576762, source_mrr = 0.036372, source_hit@10 = 0.0659, source_ndcg@10 = 0.0328, target_mrr = 0.062055, target_hit@10 = 0.1331, target_ndcg@10 = 0.0696

2024-08-12 01:40:28.958600: step 12464/24320 (epoch 41/80), loss = 1.573304 (106.379 sec/epoch), lr: 0.001951
Evaluating on dev set...
...........................
source: 	 mrr: 0.034461	 ndcg_5: 0.0233	 ndcg_10: 0.0344	 hit@1:0.005793	 hit@5:0.0406	 hit@10: 0.0760
target: 	 mrr: 0.054183	 ndcg_5: 0.0462	 ndcg_10: 0.0603	 hit@1:0.016028	 hit@5:0.0739	 hit@10: 0.1178
epoch 41: train_loss = 1.573304, source_mrr = 0.034461, source_hit@10 = 0.0760, source_ndcg@10 = 0.0344, target_mrr = 0.054183, target_hit@10 = 0.1178, target_ndcg@10 = 0.0603

2024-08-12 01:42:15.061968: step 12768/24320 (epoch 42/80), loss = 1.570839 (105.363 sec/epoch), lr: 0.001853
Evaluating on dev set...
...........................
source: 	 mrr: 0.037930	 ndcg_5: 0.0262	 ndcg_10: 0.0384	 hit@1:0.010862	 hit@5:0.0420	 hit@10: 0.0811
target: 	 mrr: 0.058931	 ndcg_5: 0.0517	 ndcg_10: 0.0666	 hit@1:0.021603	 hit@5:0.0836	 hit@10: 0.1303
epoch 42: train_loss = 1.570839, source_mrr = 0.037930, source_hit@10 = 0.0811, source_ndcg@10 = 0.0384, target_mrr = 0.058931, target_hit@10 = 0.1303, target_ndcg@10 = 0.0666

2024-08-12 01:44:01.203105: step 13072/24320 (epoch 43/80), loss = 1.566405 (105.374 sec/epoch), lr: 0.001853
Evaluating on dev set...
...........................
source: 	 mrr: 0.031813	 ndcg_5: 0.0212	 ndcg_10: 0.0298	 hit@1:0.009413	 hit@5:0.0333	 hit@10: 0.0601
target: 	 mrr: 0.050983	 ndcg_5: 0.0445	 ndcg_10: 0.0560	 hit@1:0.013937	 hit@5:0.0746	 hit@10: 0.1101
epoch 43: train_loss = 1.566405, source_mrr = 0.031813, source_hit@10 = 0.0601, source_ndcg@10 = 0.0298, target_mrr = 0.050983, target_hit@10 = 0.1101, target_ndcg@10 = 0.0560

2024-08-12 01:45:48.105793: step 13376/24320 (epoch 44/80), loss = 1.562924 (106.166 sec/epoch), lr: 0.001761
Evaluating on dev set...
...........................
source: 	 mrr: 0.034054	 ndcg_5: 0.0227	 ndcg_10: 0.0335	 hit@1:0.005793	 hit@5:0.0391	 hit@10: 0.0731
target: 	 mrr: 0.052111	 ndcg_5: 0.0422	 ndcg_10: 0.0534	 hit@1:0.020209	 hit@5:0.0648	 hit@10: 0.0997
epoch 44: train_loss = 1.562924, source_mrr = 0.034054, source_hit@10 = 0.0731, source_ndcg@10 = 0.0335, target_mrr = 0.052111, target_hit@10 = 0.0997, target_ndcg@10 = 0.0534

2024-08-12 01:47:32.810226: step 13680/24320 (epoch 45/80), loss = 1.562346 (104.014 sec/epoch), lr: 0.001761
Evaluating on dev set...
...........................
source: 	 mrr: 0.042469	 ndcg_5: 0.0305	 ndcg_10: 0.0434	 hit@1:0.015206	 hit@5:0.0449	 hit@10: 0.0847
target: 	 mrr: 0.055451	 ndcg_5: 0.0471	 ndcg_10: 0.0607	 hit@1:0.019512	 hit@5:0.0753	 hit@10: 0.1178
source best!
.............
source: 	 mrr: 0.037576	 ndcg_5: 0.0280	 ndcg_10: 0.0373	 hit@1:0.010736	 hit@5:0.0452	 hit@10: 0.0744
epoch 45: train_loss = 1.562346, source_mrr = 0.037576, source_hit@10 = 0.0744, source_ndcg@10 = 0.0373, target_mrr = 0.055451, target_hit@10 = 0.1178, target_ndcg@10 = 0.0607

2024-08-12 01:49:18.470537: step 13984/24320 (epoch 46/80), loss = 1.562086 (104.667 sec/epoch), lr: 0.001761
Evaluating on dev set...
...........................
source: 	 mrr: 0.033136	 ndcg_5: 0.0233	 ndcg_10: 0.0312	 hit@1:0.008689	 hit@5:0.0384	 hit@10: 0.0630
target: 	 mrr: 0.051707	 ndcg_5: 0.0431	 ndcg_10: 0.0564	 hit@1:0.019512	 hit@5:0.0683	 hit@10: 0.1094
epoch 46: train_loss = 1.562086, source_mrr = 0.033136, source_hit@10 = 0.0630, source_ndcg@10 = 0.0312, target_mrr = 0.051707, target_hit@10 = 0.1094, target_ndcg@10 = 0.0564

2024-08-12 01:51:01.062866: step 14288/24320 (epoch 47/80), loss = 1.558683 (101.874 sec/epoch), lr: 0.001672
Evaluating on dev set...
...........................
source: 	 mrr: 0.041597	 ndcg_5: 0.0301	 ndcg_10: 0.0418	 hit@1:0.013034	 hit@5:0.0478	 hit@10: 0.0847
target: 	 mrr: 0.053645	 ndcg_5: 0.0445	 ndcg_10: 0.0592	 hit@1:0.017422	 hit@5:0.0704	 hit@10: 0.1157
epoch 47: train_loss = 1.558683, source_mrr = 0.041597, source_hit@10 = 0.0847, source_ndcg@10 = 0.0418, target_mrr = 0.053645, target_hit@10 = 0.1157, target_ndcg@10 = 0.0592

2024-08-12 01:52:48.633745: step 14592/24320 (epoch 48/80), loss = 1.557177 (106.891 sec/epoch), lr: 0.001672
Evaluating on dev set...
...........................
source: 	 mrr: 0.033653	 ndcg_5: 0.0246	 ndcg_10: 0.0328	 hit@1:0.007965	 hit@5:0.0406	 hit@10: 0.0659
target: 	 mrr: 0.054703	 ndcg_5: 0.0483	 ndcg_10: 0.0604	 hit@1:0.018118	 hit@5:0.0780	 hit@10: 0.1157
epoch 48: train_loss = 1.557177, source_mrr = 0.033653, source_hit@10 = 0.0659, source_ndcg@10 = 0.0328, target_mrr = 0.054703, target_hit@10 = 0.1157, target_ndcg@10 = 0.0604

2024-08-12 01:54:34.208238: step 14896/24320 (epoch 49/80), loss = 1.552541 (104.746 sec/epoch), lr: 0.001589
Evaluating on dev set...
...........................
source: 	 mrr: 0.031759	 ndcg_5: 0.0240	 ndcg_10: 0.0310	 hit@1:0.012310	 hit@5:0.0348	 hit@10: 0.0565
target: 	 mrr: 0.051423	 ndcg_5: 0.0418	 ndcg_10: 0.0579	 hit@1:0.014634	 hit@5:0.0669	 hit@10: 0.1164
epoch 49: train_loss = 1.552541, source_mrr = 0.031759, source_hit@10 = 0.0565, source_ndcg@10 = 0.0310, target_mrr = 0.051423, target_hit@10 = 0.1164, target_ndcg@10 = 0.0579

2024-08-12 01:56:19.442326: step 15200/24320 (epoch 50/80), loss = 1.547458 (104.363 sec/epoch), lr: 0.001509
Evaluating on dev set...
...........................
source: 	 mrr: 0.039940	 ndcg_5: 0.0297	 ndcg_10: 0.0394	 hit@1:0.015930	 hit@5:0.0449	 hit@10: 0.0753
target: 	 mrr: 0.056136	 ndcg_5: 0.0492	 ndcg_10: 0.0630	 hit@1:0.019512	 hit@5:0.0787	 hit@10: 0.1213
epoch 50: train_loss = 1.547458, source_mrr = 0.039940, source_hit@10 = 0.0753, source_ndcg@10 = 0.0394, target_mrr = 0.056136, target_hit@10 = 0.1213, target_ndcg@10 = 0.0630

2024-08-12 01:58:04.701085: step 15504/24320 (epoch 51/80), loss = 1.546015 (104.533 sec/epoch), lr: 0.001509
Evaluating on dev set...
...........................
source: 	 mrr: 0.035704	 ndcg_5: 0.0247	 ndcg_10: 0.0340	 hit@1:0.012310	 hit@5:0.0384	 hit@10: 0.0673
target: 	 mrr: 0.049106	 ndcg_5: 0.0400	 ndcg_10: 0.0519	 hit@1:0.016028	 hit@5:0.0648	 hit@10: 0.1024
epoch 51: train_loss = 1.546015, source_mrr = 0.035704, source_hit@10 = 0.0673, source_ndcg@10 = 0.0340, target_mrr = 0.049106, target_hit@10 = 0.1024, target_ndcg@10 = 0.0519

2024-08-12 01:59:48.527298: step 15808/24320 (epoch 52/80), loss = 1.543182 (103.167 sec/epoch), lr: 0.001434
Evaluating on dev set...
...........................
source: 	 mrr: 0.035727	 ndcg_5: 0.0279	 ndcg_10: 0.0358	 hit@1:0.014482	 hit@5:0.0406	 hit@10: 0.0659
target: 	 mrr: 0.051163	 ndcg_5: 0.0413	 ndcg_10: 0.0557	 hit@1:0.018118	 hit@5:0.0648	 hit@10: 0.1094
epoch 52: train_loss = 1.543182, source_mrr = 0.035727, source_hit@10 = 0.0659, source_ndcg@10 = 0.0358, target_mrr = 0.051163, target_hit@10 = 0.1094, target_ndcg@10 = 0.0557

2024-08-12 02:01:33.748146: step 16112/24320 (epoch 53/80), loss = 1.541725 (104.494 sec/epoch), lr: 0.001434
Evaluating on dev set...
...........................
source: 	 mrr: 0.034981	 ndcg_5: 0.0239	 ndcg_10: 0.0345	 hit@1:0.012310	 hit@5:0.0355	 hit@10: 0.0681
target: 	 mrr: 0.051501	 ndcg_5: 0.0430	 ndcg_10: 0.0562	 hit@1:0.018118	 hit@5:0.0669	 hit@10: 0.1080
epoch 53: train_loss = 1.541725, source_mrr = 0.034981, source_hit@10 = 0.0681, source_ndcg@10 = 0.0345, target_mrr = 0.051501, target_hit@10 = 0.1080, target_ndcg@10 = 0.0562

2024-08-12 02:03:18.695737: step 16416/24320 (epoch 54/80), loss = 1.533080 (104.135 sec/epoch), lr: 0.001362
Evaluating on dev set...
...........................
source: 	 mrr: 0.036686	 ndcg_5: 0.0281	 ndcg_10: 0.0371	 hit@1:0.013034	 hit@5:0.0442	 hit@10: 0.0724
target: 	 mrr: 0.045432	 ndcg_5: 0.0360	 ndcg_10: 0.0480	 hit@1:0.016725	 hit@5:0.0544	 hit@10: 0.0920
epoch 54: train_loss = 1.533080, source_mrr = 0.036686, source_hit@10 = 0.0724, source_ndcg@10 = 0.0371, target_mrr = 0.045432, target_hit@10 = 0.0920, target_ndcg@10 = 0.0480

2024-08-12 02:05:04.520334: step 16720/24320 (epoch 55/80), loss = 1.530654 (105.101 sec/epoch), lr: 0.001294
Evaluating on dev set...
...........................
source: 	 mrr: 0.034743	 ndcg_5: 0.0268	 ndcg_10: 0.0341	 hit@1:0.011586	 hit@5:0.0420	 hit@10: 0.0652
target: 	 mrr: 0.044462	 ndcg_5: 0.0338	 ndcg_10: 0.0491	 hit@1:0.013937	 hit@5:0.0557	 hit@10: 0.1031
epoch 55: train_loss = 1.530654, source_mrr = 0.034743, source_hit@10 = 0.0652, source_ndcg@10 = 0.0341, target_mrr = 0.044462, target_hit@10 = 0.1031, target_ndcg@10 = 0.0491

2024-08-12 02:06:49.637785: step 17024/24320 (epoch 56/80), loss = 1.527060 (104.391 sec/epoch), lr: 0.001229
Evaluating on dev set...
...........................
source: 	 mrr: 0.041972	 ndcg_5: 0.0315	 ndcg_10: 0.0414	 hit@1:0.014482	 hit@5:0.0485	 hit@10: 0.0797
target: 	 mrr: 0.045026	 ndcg_5: 0.0360	 ndcg_10: 0.0465	 hit@1:0.017422	 hit@5:0.0551	 hit@10: 0.0885
epoch 56: train_loss = 1.527060, source_mrr = 0.041972, source_hit@10 = 0.0797, source_ndcg@10 = 0.0414, target_mrr = 0.045026, target_hit@10 = 0.0885, target_ndcg@10 = 0.0465

2024-08-12 02:08:31.558988: step 17328/24320 (epoch 57/80), loss = 1.521399 (101.177 sec/epoch), lr: 0.001229
Evaluating on dev set...
...........................
source: 	 mrr: 0.034708	 ndcg_5: 0.0260	 ndcg_10: 0.0361	 hit@1:0.008689	 hit@5:0.0434	 hit@10: 0.0746
target: 	 mrr: 0.056319	 ndcg_5: 0.0466	 ndcg_10: 0.0600	 hit@1:0.021603	 hit@5:0.0690	 hit@10: 0.1108
epoch 57: train_loss = 1.521399, source_mrr = 0.034708, source_hit@10 = 0.0746, source_ndcg@10 = 0.0361, target_mrr = 0.056319, target_hit@10 = 0.1108, target_ndcg@10 = 0.0600

2024-08-12 02:10:14.048849: step 17632/24320 (epoch 58/80), loss = 1.522165 (101.795 sec/epoch), lr: 0.001229
Evaluating on dev set...
...........................
source: 	 mrr: 0.035157	 ndcg_5: 0.0280	 ndcg_10: 0.0366	 hit@1:0.009413	 hit@5:0.0456	 hit@10: 0.0724
target: 	 mrr: 0.050283	 ndcg_5: 0.0403	 ndcg_10: 0.0548	 hit@1:0.014634	 hit@5:0.0648	 hit@10: 0.1101
epoch 58: train_loss = 1.522165, source_mrr = 0.035157, source_hit@10 = 0.0724, source_ndcg@10 = 0.0366, target_mrr = 0.050283, target_hit@10 = 0.1101, target_ndcg@10 = 0.0548

2024-08-12 02:11:56.861969: step 17936/24320 (epoch 59/80), loss = 1.517177 (101.962 sec/epoch), lr: 0.001168
Evaluating on dev set...
...........................
source: 	 mrr: 0.032290	 ndcg_5: 0.0218	 ndcg_10: 0.0327	 hit@1:0.007965	 hit@5:0.0355	 hit@10: 0.0695
target: 	 mrr: 0.051370	 ndcg_5: 0.0458	 ndcg_10: 0.0556	 hit@1:0.016725	 hit@5:0.0746	 hit@10: 0.1052
epoch 59: train_loss = 1.517177, source_mrr = 0.032290, source_hit@10 = 0.0695, source_ndcg@10 = 0.0327, target_mrr = 0.051370, target_hit@10 = 0.1052, target_ndcg@10 = 0.0556

2024-08-12 02:13:41.629473: step 18240/24320 (epoch 60/80), loss = 1.511430 (104.026 sec/epoch), lr: 0.001110
Evaluating on dev set...
...........................
source: 	 mrr: 0.028076	 ndcg_5: 0.0199	 ndcg_10: 0.0274	 hit@1:0.008689	 hit@5:0.0311	 hit@10: 0.0543
target: 	 mrr: 0.047095	 ndcg_5: 0.0388	 ndcg_10: 0.0529	 hit@1:0.013937	 hit@5:0.0634	 hit@10: 0.1066
epoch 60: train_loss = 1.511430, source_mrr = 0.028076, source_hit@10 = 0.0543, source_ndcg@10 = 0.0274, target_mrr = 0.047095, target_hit@10 = 0.1066, target_ndcg@10 = 0.0529

2024-08-12 02:15:26.996285: step 18544/24320 (epoch 61/80), loss = 1.503950 (104.550 sec/epoch), lr: 0.001054
Evaluating on dev set...
...........................
source: 	 mrr: 0.030767	 ndcg_5: 0.0222	 ndcg_10: 0.0304	 hit@1:0.009413	 hit@5:0.0348	 hit@10: 0.0601
target: 	 mrr: 0.038506	 ndcg_5: 0.0291	 ndcg_10: 0.0418	 hit@1:0.009059	 hit@5:0.0502	 hit@10: 0.0906
epoch 61: train_loss = 1.503950, source_mrr = 0.030767, source_hit@10 = 0.0601, source_ndcg@10 = 0.0304, target_mrr = 0.038506, target_hit@10 = 0.0906, target_ndcg@10 = 0.0418

2024-08-12 02:17:09.157173: step 18848/24320 (epoch 62/80), loss = 1.502109 (101.394 sec/epoch), lr: 0.001001
Evaluating on dev set...
...........................
source: 	 mrr: 0.034920	 ndcg_5: 0.0248	 ndcg_10: 0.0340	 hit@1:0.012310	 hit@5:0.0391	 hit@10: 0.0673
target: 	 mrr: 0.044935	 ndcg_5: 0.0362	 ndcg_10: 0.0473	 hit@1:0.016028	 hit@5:0.0537	 hit@10: 0.0878
epoch 62: train_loss = 1.502109, source_mrr = 0.034920, source_hit@10 = 0.0673, source_ndcg@10 = 0.0340, target_mrr = 0.044935, target_hit@10 = 0.0878, target_ndcg@10 = 0.0473

2024-08-12 02:18:55.842548: step 19152/24320 (epoch 63/80), loss = 1.501931 (105.978 sec/epoch), lr: 0.001001
Evaluating on dev set...
...........................
source: 	 mrr: 0.038325	 ndcg_5: 0.0290	 ndcg_10: 0.0375	 hit@1:0.015206	 hit@5:0.0427	 hit@10: 0.0688
target: 	 mrr: 0.054347	 ndcg_5: 0.0456	 ndcg_10: 0.0586	 hit@1:0.022997	 hit@5:0.0676	 hit@10: 0.1087
epoch 63: train_loss = 1.501931, source_mrr = 0.038325, source_hit@10 = 0.0688, source_ndcg@10 = 0.0375, target_mrr = 0.054347, target_hit@10 = 0.1087, target_ndcg@10 = 0.0586

2024-08-12 02:20:41.099350: step 19456/24320 (epoch 64/80), loss = 1.500731 (104.547 sec/epoch), lr: 0.001001
Evaluating on dev set...
...........................
source: 	 mrr: 0.034488	 ndcg_5: 0.0254	 ndcg_10: 0.0339	 hit@1:0.011586	 hit@5:0.0391	 hit@10: 0.0659
target: 	 mrr: 0.055840	 ndcg_5: 0.0479	 ndcg_10: 0.0631	 hit@1:0.018815	 hit@5:0.0774	 hit@10: 0.1240
epoch 64: train_loss = 1.500731, source_mrr = 0.034488, source_hit@10 = 0.0659, source_ndcg@10 = 0.0339, target_mrr = 0.055840, target_hit@10 = 0.1240, target_ndcg@10 = 0.0631

2024-08-12 02:22:29.245185: step 19760/24320 (epoch 65/80), loss = 1.495631 (107.335 sec/epoch), lr: 0.000951
Evaluating on dev set...
...........................
source: 	 mrr: 0.032290	 ndcg_5: 0.0232	 ndcg_10: 0.0307	 hit@1:0.010862	 hit@5:0.0355	 hit@10: 0.0587
target: 	 mrr: 0.048744	 ndcg_5: 0.0390	 ndcg_10: 0.0524	 hit@1:0.016725	 hit@5:0.0613	 hit@10: 0.1031
epoch 65: train_loss = 1.495631, source_mrr = 0.032290, source_hit@10 = 0.0587, source_ndcg@10 = 0.0307, target_mrr = 0.048744, target_hit@10 = 0.1031, target_ndcg@10 = 0.0524

2024-08-12 02:24:12.354598: step 20064/24320 (epoch 66/80), loss = 1.487240 (102.381 sec/epoch), lr: 0.000904
Evaluating on dev set...
...........................
source: 	 mrr: 0.031039	 ndcg_5: 0.0227	 ndcg_10: 0.0330	 hit@1:0.007965	 hit@5:0.0391	 hit@10: 0.0710
target: 	 mrr: 0.046286	 ndcg_5: 0.0393	 ndcg_10: 0.0503	 hit@1:0.013240	 hit@5:0.0669	 hit@10: 0.1010
epoch 66: train_loss = 1.487240, source_mrr = 0.031039, source_hit@10 = 0.0710, source_ndcg@10 = 0.0330, target_mrr = 0.046286, target_hit@10 = 0.1010, target_ndcg@10 = 0.0503
early termination of training
source best:  source_mrr = 0.036651, source_hit@10 = 0.0847, source_ndcg@10 = 0.0384
target best:  target_mrr = 0.058931, target_hit@10 = 0.1303, target_ndcg@10 = 0.0666
