nohup: ignoring input
/home1/lhr/anaconda3/envs/torch/lib/python3.8/site-packages/torch_geometric/typing.py:54: UserWarning: An issue occurred while importing 'pyg-lib'. Disabling its usage. Stacktrace: /lib/x86_64-linux-gnu/libm.so.6: version `GLIBC_2.29' not found (required by /home1/lhr/anaconda3/envs/torch/lib/python3.8/site-packages/libpyg.so)
  warnings.warn(f"An issue occurred while importing 'pyg-lib'. "
/home1/lhr/anaconda3/envs/torch/lib/python3.8/site-packages/torch_geometric/typing.py:110: UserWarning: An issue occurred while importing 'torch-sparse'. Disabling its usage. Stacktrace: /lib/x86_64-linux-gnu/libm.so.6: version `GLIBC_2.29' not found (required by /home1/lhr/anaconda3/envs/torch/lib/python3.8/site-packages/libpyg.so)
  warnings.warn(f"An issue occurred while importing 'torch-sparse'. "
using gpu:5 to train the model
using gpu:5 to train the model
cuda:5
Namespace(A_split=False, JK='sum', a_fold=100, aggregate=False, alpha=0.5, batch_size=1024, beta_inter=0.2, conv_layers=4, cuda=True, decay_epoch=10, device=device(type='cuda', index=5), device_id='5', domains='game_video', dropout=0.4, epoch=80, feature_dim=126, gamma_intra=0.8, hidden_dim=126, inter_tau=0.2, intra_tau=0.4, lambda_critic=0.1, leakey=0.05, load=False, log='logs.txt', log_epoch=1, lr=0.004, lr_decay=0.95, min_epoch=50, mode='train', model_file=None, model_name='gv', momentum=0.98, num_latent_factors=3, num_negative=100, optim='adam', patience=20, proj_layers=1, projection=1, rectify_epoch=30, residual=1, save=False, save_dir='./saved_models', seed=3097, similarity_tau=0.1, step=5, test_sample_number=999, user_batch_size=256, weight_decay=0.0002)
number_user 25025
number_item 12319
/home1/lhr/invariantCDR/invariantCDR/utils/GraphMaker.py:46: RuntimeWarning: divide by zero encountered in power
  r_inv = np.power(rowsum, -1).flatten()
/home1/lhr/invariantCDR/invariantCDR/utils/GraphMaker.py:72: UserWarning: torch.sparse.SparseTensor(indices, values, shape, *, device=) is deprecated.  Please use torch.sparse_coo_tensor(indices, values, shape, dtype=, device=). (Triggered internally at /opt/conda/conda-bld/pytorch_1711403590347/work/torch/csrc/utils/tensor_new.cpp:618.)
  return torch.sparse.FloatTensor(indices, values, shape)
real graph loaded!
number_user 19457
number_item 8751
real graph loaded!
graph loaded!
Loading data from game_video with batch size 1024...
unseen test: 0
test length: 1381
unseen test: 0
test length: 1304
unseen test: 0
test length: 1435
unseen test: 0
test length: 1458
source_user_num 25025
target_user_num 19457
source_item_num 12319
target_item_num 8751
shared users id: 1737
test users 226, 217
unseen test: 0
dev length: 1000
unseen test: 0
dev length: 1000
source train data : 155036, target train data: 156091, source test data : 1304, target test data : 1458, source dev data : 1000, target dev data : 1000
2024-08-12 22:41:31.311458: step 304/24320 (epoch 1/80), loss = 2.185687 (85.960 sec/epoch), lr: 0.004000
Evaluating on dev set...
...........................
source: 	 mrr: 0.025064	 ndcg_5: 0.0174	 ndcg_10: 0.0225	 hit@1:0.011586	 hit@5:0.0232	 hit@10: 0.0391
target: 	 mrr: 0.029127	 ndcg_5: 0.0222	 ndcg_10: 0.0270	 hit@1:0.011150	 hit@5:0.0341	 hit@10: 0.0495
source best!
.............
source: 	 mrr: 0.026628	 ndcg_5: 0.0193	 ndcg_10: 0.0263	 hit@1:0.011503	 hit@5:0.0268	 hit@10: 0.0483
target best!
..............target: 	 mrr: 0.027976	 ndcg_5: 0.0186	 ndcg_10: 0.0250	 hit@1:0.009602	 hit@5:0.0274	 hit@10: 0.0480
epoch 1: train_loss = 2.185687, source_mrr = 0.026628, source_hit@10 = 0.0483, source_ndcg@10 = 0.0263, target_mrr = 0.027976, target_hit@10 = 0.0480, target_ndcg@10 = 0.0250

2024-08-12 22:42:57.914972: step 608/24320 (epoch 2/80), loss = 1.863106 (84.405 sec/epoch), lr: 0.004000
Evaluating on dev set...
...........................
source: 	 mrr: 0.034954	 ndcg_5: 0.0266	 ndcg_10: 0.0322	 hit@1:0.012310	 hit@5:0.0420	 hit@10: 0.0601
target: 	 mrr: 0.027781	 ndcg_5: 0.0197	 ndcg_10: 0.0262	 hit@1:0.006969	 hit@5:0.0328	 hit@10: 0.0530
source best!
.............
source: 	 mrr: 0.032060	 ndcg_5: 0.0219	 ndcg_10: 0.0304	 hit@1:0.009202	 hit@5:0.0353	 hit@10: 0.0613
epoch 2: train_loss = 1.863106, source_mrr = 0.032060, source_hit@10 = 0.0613, source_ndcg@10 = 0.0304, target_mrr = 0.027781, target_hit@10 = 0.0530, target_ndcg@10 = 0.0262

2024-08-12 22:44:23.362001: step 912/24320 (epoch 3/80), loss = 1.788566 (84.366 sec/epoch), lr: 0.004000
Evaluating on dev set...
...........................
source: 	 mrr: 0.029892	 ndcg_5: 0.0181	 ndcg_10: 0.0273	 hit@1:0.008689	 hit@5:0.0282	 hit@10: 0.0572
target: 	 mrr: 0.033723	 ndcg_5: 0.0256	 ndcg_10: 0.0330	 hit@1:0.011847	 hit@5:0.0397	 hit@10: 0.0634
target best!
..............target: 	 mrr: 0.029903	 ndcg_5: 0.0192	 ndcg_10: 0.0282	 hit@1:0.008916	 hit@5:0.0295	 hit@10: 0.0576
epoch 3: train_loss = 1.788566, source_mrr = 0.029892, source_hit@10 = 0.0572, source_ndcg@10 = 0.0273, target_mrr = 0.029903, target_hit@10 = 0.0576, target_ndcg@10 = 0.0282

2024-08-12 22:45:48.670523: step 1216/24320 (epoch 4/80), loss = 1.762460 (84.238 sec/epoch), lr: 0.004000
Evaluating on dev set...
...........................
source: 	 mrr: 0.021264	 ndcg_5: 0.0144	 ndcg_10: 0.0197	 hit@1:0.005069	 hit@5:0.0239	 hit@10: 0.0406
target: 	 mrr: 0.033392	 ndcg_5: 0.0246	 ndcg_10: 0.0332	 hit@1:0.009756	 hit@5:0.0397	 hit@10: 0.0669
epoch 4: train_loss = 1.762460, source_mrr = 0.021264, source_hit@10 = 0.0406, source_ndcg@10 = 0.0197, target_mrr = 0.033392, target_hit@10 = 0.0669, target_ndcg@10 = 0.0332

2024-08-12 22:47:13.299027: step 1520/24320 (epoch 5/80), loss = 1.750373 (83.874 sec/epoch), lr: 0.004000
Evaluating on dev set...
...........................
source: 	 mrr: 0.040029	 ndcg_5: 0.0297	 ndcg_10: 0.0401	 hit@1:0.012310	 hit@5:0.0478	 hit@10: 0.0804
target: 	 mrr: 0.037186	 ndcg_5: 0.0269	 ndcg_10: 0.0362	 hit@1:0.016028	 hit@5:0.0383	 hit@10: 0.0676
source best!
.............
source: 	 mrr: 0.035770	 ndcg_5: 0.0239	 ndcg_10: 0.0377	 hit@1:0.006135	 hit@5:0.0414	 hit@10: 0.0836
target best!
..............target: 	 mrr: 0.028130	 ndcg_5: 0.0180	 ndcg_10: 0.0261	 hit@1:0.007545	 hit@5:0.0288	 hit@10: 0.0542
epoch 5: train_loss = 1.750373, source_mrr = 0.035770, source_hit@10 = 0.0836, source_ndcg@10 = 0.0377, target_mrr = 0.028130, target_hit@10 = 0.0542, target_ndcg@10 = 0.0261

2024-08-12 22:48:38.800787: step 1824/24320 (epoch 6/80), loss = 1.736471 (84.240 sec/epoch), lr: 0.004000
Evaluating on dev set...
...........................
source: 	 mrr: 0.027342	 ndcg_5: 0.0172	 ndcg_10: 0.0268	 hit@1:0.003621	 hit@5:0.0319	 hit@10: 0.0615
target: 	 mrr: 0.037303	 ndcg_5: 0.0301	 ndcg_10: 0.0383	 hit@1:0.012544	 hit@5:0.0488	 hit@10: 0.0746
target best!
..............target: 	 mrr: 0.029313	 ndcg_5: 0.0207	 ndcg_10: 0.0290	 hit@1:0.006859	 hit@5:0.0357	 hit@10: 0.0617
epoch 6: train_loss = 1.736471, source_mrr = 0.027342, source_hit@10 = 0.0615, source_ndcg@10 = 0.0268, target_mrr = 0.029313, target_hit@10 = 0.0617, target_ndcg@10 = 0.0290

2024-08-12 22:50:04.208415: step 2128/24320 (epoch 7/80), loss = 1.728018 (84.330 sec/epoch), lr: 0.004000
Evaluating on dev set...
...........................
source: 	 mrr: 0.026077	 ndcg_5: 0.0176	 ndcg_10: 0.0246	 hit@1:0.005793	 hit@5:0.0311	 hit@10: 0.0529
target: 	 mrr: 0.037079	 ndcg_5: 0.0281	 ndcg_10: 0.0366	 hit@1:0.010453	 hit@5:0.0460	 hit@10: 0.0725
epoch 7: train_loss = 1.728018, source_mrr = 0.026077, source_hit@10 = 0.0529, source_ndcg@10 = 0.0246, target_mrr = 0.037079, target_hit@10 = 0.0725, target_ndcg@10 = 0.0366

2024-08-12 22:51:29.504933: step 2432/24320 (epoch 8/80), loss = 1.720423 (84.544 sec/epoch), lr: 0.004000
Evaluating on dev set...
...........................
source: 	 mrr: 0.036658	 ndcg_5: 0.0258	 ndcg_10: 0.0340	 hit@1:0.012310	 hit@5:0.0391	 hit@10: 0.0644
target: 	 mrr: 0.029866	 ndcg_5: 0.0236	 ndcg_10: 0.0293	 hit@1:0.006272	 hit@5:0.0404	 hit@10: 0.0578
epoch 8: train_loss = 1.720423, source_mrr = 0.036658, source_hit@10 = 0.0644, source_ndcg@10 = 0.0340, target_mrr = 0.029866, target_hit@10 = 0.0578, target_ndcg@10 = 0.0293

2024-08-12 22:52:54.575785: step 2736/24320 (epoch 9/80), loss = 1.707266 (84.328 sec/epoch), lr: 0.004000
Evaluating on dev set...
...........................
source: 	 mrr: 0.034127	 ndcg_5: 0.0231	 ndcg_10: 0.0335	 hit@1:0.010862	 hit@5:0.0362	 hit@10: 0.0688
target: 	 mrr: 0.032541	 ndcg_5: 0.0247	 ndcg_10: 0.0339	 hit@1:0.006969	 hit@5:0.0418	 hit@10: 0.0711
epoch 9: train_loss = 1.707266, source_mrr = 0.034127, source_hit@10 = 0.0688, source_ndcg@10 = 0.0335, target_mrr = 0.032541, target_hit@10 = 0.0711, target_ndcg@10 = 0.0339

2024-08-12 22:54:19.436192: step 3040/24320 (epoch 10/80), loss = 1.694144 (84.115 sec/epoch), lr: 0.004000
Evaluating on dev set...
...........................
source: 	 mrr: 0.030395	 ndcg_5: 0.0195	 ndcg_10: 0.0311	 hit@1:0.004345	 hit@5:0.0340	 hit@10: 0.0695
target: 	 mrr: 0.041114	 ndcg_5: 0.0323	 ndcg_10: 0.0457	 hit@1:0.013937	 hit@5:0.0523	 hit@10: 0.0941
target best!
..............target: 	 mrr: 0.043071	 ndcg_5: 0.0349	 ndcg_10: 0.0447	 hit@1:0.015775	 hit@5:0.0549	 hit@10: 0.0850
epoch 10: train_loss = 1.694144, source_mrr = 0.030395, source_hit@10 = 0.0695, source_ndcg@10 = 0.0311, target_mrr = 0.043071, target_hit@10 = 0.0850, target_ndcg@10 = 0.0447

2024-08-12 22:55:44.832687: step 3344/24320 (epoch 11/80), loss = 1.684483 (84.207 sec/epoch), lr: 0.004000
Evaluating on dev set...
...........................
source: 	 mrr: 0.031263	 ndcg_5: 0.0206	 ndcg_10: 0.0292	 hit@1:0.004345	 hit@5:0.0362	 hit@10: 0.0630
target: 	 mrr: 0.058241	 ndcg_5: 0.0501	 ndcg_10: 0.0652	 hit@1:0.023693	 hit@5:0.0767	 hit@10: 0.1233
target best!
..............target: 	 mrr: 0.047445	 ndcg_5: 0.0402	 ndcg_10: 0.0520	 hit@1:0.013032	 hit@5:0.0672	 hit@10: 0.1043
epoch 11: train_loss = 1.684483, source_mrr = 0.031263, source_hit@10 = 0.0630, source_ndcg@10 = 0.0292, target_mrr = 0.047445, target_hit@10 = 0.1043, target_ndcg@10 = 0.0520

2024-08-12 22:57:11.232819: step 3648/24320 (epoch 12/80), loss = 1.676809 (85.330 sec/epoch), lr: 0.004000
Evaluating on dev set...
...........................
source: 	 mrr: 0.033272	 ndcg_5: 0.0226	 ndcg_10: 0.0344	 hit@1:0.007241	 hit@5:0.0406	 hit@10: 0.0775
target: 	 mrr: 0.050635	 ndcg_5: 0.0411	 ndcg_10: 0.0538	 hit@1:0.020209	 hit@5:0.0634	 hit@10: 0.1031
epoch 12: train_loss = 1.676809, source_mrr = 0.033272, source_hit@10 = 0.0775, source_ndcg@10 = 0.0344, target_mrr = 0.050635, target_hit@10 = 0.1031, target_ndcg@10 = 0.0538

2024-08-12 22:58:36.720997: step 3952/24320 (epoch 13/80), loss = 1.665503 (84.735 sec/epoch), lr: 0.003800
Evaluating on dev set...
...........................
source: 	 mrr: 0.030008	 ndcg_5: 0.0223	 ndcg_10: 0.0282	 hit@1:0.008689	 hit@5:0.0362	 hit@10: 0.0543
target: 	 mrr: 0.049129	 ndcg_5: 0.0399	 ndcg_10: 0.0504	 hit@1:0.017422	 hit@5:0.0606	 hit@10: 0.0934
epoch 13: train_loss = 1.665503, source_mrr = 0.030008, source_hit@10 = 0.0543, source_ndcg@10 = 0.0282, target_mrr = 0.049129, target_hit@10 = 0.0934, target_ndcg@10 = 0.0504

2024-08-12 23:00:02.696116: step 4256/24320 (epoch 14/80), loss = 1.655636 (85.229 sec/epoch), lr: 0.003610
Evaluating on dev set...
...........................
source: 	 mrr: 0.022615	 ndcg_5: 0.0139	 ndcg_10: 0.0191	 hit@1:0.005793	 hit@5:0.0224	 hit@10: 0.0391
target: 	 mrr: 0.051398	 ndcg_5: 0.0440	 ndcg_10: 0.0576	 hit@1:0.015331	 hit@5:0.0725	 hit@10: 0.1150
epoch 14: train_loss = 1.655636, source_mrr = 0.022615, source_hit@10 = 0.0391, source_ndcg@10 = 0.0191, target_mrr = 0.051398, target_hit@10 = 0.1150, target_ndcg@10 = 0.0576

2024-08-12 23:01:27.950806: step 4560/24320 (epoch 15/80), loss = 1.650284 (84.496 sec/epoch), lr: 0.003429
Evaluating on dev set...
...........................
source: 	 mrr: 0.034816	 ndcg_5: 0.0231	 ndcg_10: 0.0348	 hit@1:0.007965	 hit@5:0.0398	 hit@10: 0.0768
target: 	 mrr: 0.058129	 ndcg_5: 0.0481	 ndcg_10: 0.0658	 hit@1:0.021603	 hit@5:0.0725	 hit@10: 0.1268
epoch 15: train_loss = 1.650284, source_mrr = 0.034816, source_hit@10 = 0.0768, source_ndcg@10 = 0.0348, target_mrr = 0.058129, target_hit@10 = 0.1268, target_ndcg@10 = 0.0658

2024-08-12 23:02:53.997801: step 4864/24320 (epoch 16/80), loss = 1.646416 (85.294 sec/epoch), lr: 0.003429
Evaluating on dev set...
...........................
source: 	 mrr: 0.032262	 ndcg_5: 0.0223	 ndcg_10: 0.0289	 hit@1:0.009413	 hit@5:0.0362	 hit@10: 0.0572
target: 	 mrr: 0.052212	 ndcg_5: 0.0469	 ndcg_10: 0.0566	 hit@1:0.020906	 hit@5:0.0746	 hit@10: 0.1045
epoch 16: train_loss = 1.646416, source_mrr = 0.032262, source_hit@10 = 0.0572, source_ndcg@10 = 0.0289, target_mrr = 0.052212, target_hit@10 = 0.1045, target_ndcg@10 = 0.0566

2024-08-12 23:04:20.007614: step 5168/24320 (epoch 17/80), loss = 1.637157 (85.263 sec/epoch), lr: 0.003258
Evaluating on dev set...
...........................
source: 	 mrr: 0.035541	 ndcg_5: 0.0230	 ndcg_10: 0.0334	 hit@1:0.008689	 hit@5:0.0377	 hit@10: 0.0695
target: 	 mrr: 0.047428	 ndcg_5: 0.0371	 ndcg_10: 0.0536	 hit@1:0.016028	 hit@5:0.0599	 hit@10: 0.1115
epoch 17: train_loss = 1.637157, source_mrr = 0.035541, source_hit@10 = 0.0695, source_ndcg@10 = 0.0334, target_mrr = 0.047428, target_hit@10 = 0.1115, target_ndcg@10 = 0.0536

2024-08-12 23:05:45.169176: step 5472/24320 (epoch 18/80), loss = 1.630152 (84.411 sec/epoch), lr: 0.003095
Evaluating on dev set...
...........................
source: 	 mrr: 0.038207	 ndcg_5: 0.0276	 ndcg_10: 0.0367	 hit@1:0.012310	 hit@5:0.0434	 hit@10: 0.0724
target: 	 mrr: 0.057244	 ndcg_5: 0.0511	 ndcg_10: 0.0621	 hit@1:0.021603	 hit@5:0.0794	 hit@10: 0.1143
epoch 18: train_loss = 1.630152, source_mrr = 0.038207, source_hit@10 = 0.0724, source_ndcg@10 = 0.0367, target_mrr = 0.057244, target_hit@10 = 0.1143, target_ndcg@10 = 0.0621

2024-08-12 23:07:10.611076: step 5776/24320 (epoch 19/80), loss = 1.626931 (84.658 sec/epoch), lr: 0.003095
Evaluating on dev set...
...........................
source: 	 mrr: 0.035215	 ndcg_5: 0.0244	 ndcg_10: 0.0336	 hit@1:0.008689	 hit@5:0.0427	 hit@10: 0.0710
target: 	 mrr: 0.051430	 ndcg_5: 0.0421	 ndcg_10: 0.0558	 hit@1:0.020209	 hit@5:0.0641	 hit@10: 0.1066
epoch 19: train_loss = 1.626931, source_mrr = 0.035215, source_hit@10 = 0.0710, source_ndcg@10 = 0.0336, target_mrr = 0.051430, target_hit@10 = 0.1066, target_ndcg@10 = 0.0558

2024-08-12 23:08:35.945439: step 6080/24320 (epoch 20/80), loss = 1.624265 (84.561 sec/epoch), lr: 0.002940
Evaluating on dev set...
...........................
source: 	 mrr: 0.036190	 ndcg_5: 0.0227	 ndcg_10: 0.0340	 hit@1:0.008689	 hit@5:0.0362	 hit@10: 0.0710
target: 	 mrr: 0.051533	 ndcg_5: 0.0455	 ndcg_10: 0.0576	 hit@1:0.017422	 hit@5:0.0746	 hit@10: 0.1115
epoch 20: train_loss = 1.624265, source_mrr = 0.036190, source_hit@10 = 0.0710, source_ndcg@10 = 0.0340, target_mrr = 0.051533, target_hit@10 = 0.1115, target_ndcg@10 = 0.0576

2024-08-12 23:10:01.910306: step 6384/24320 (epoch 21/80), loss = 1.620479 (85.217 sec/epoch), lr: 0.002940
Evaluating on dev set...
...........................
source: 	 mrr: 0.032914	 ndcg_5: 0.0206	 ndcg_10: 0.0312	 hit@1:0.005793	 hit@5:0.0348	 hit@10: 0.0681
target: 	 mrr: 0.055043	 ndcg_5: 0.0480	 ndcg_10: 0.0603	 hit@1:0.021603	 hit@5:0.0746	 hit@10: 0.1129
epoch 21: train_loss = 1.620479, source_mrr = 0.032914, source_hit@10 = 0.0681, source_ndcg@10 = 0.0312, target_mrr = 0.055043, target_hit@10 = 0.1129, target_ndcg@10 = 0.0603

2024-08-12 23:11:27.559394: step 6688/24320 (epoch 22/80), loss = 1.616469 (84.896 sec/epoch), lr: 0.002940
Evaluating on dev set...
...........................
source: 	 mrr: 0.036573	 ndcg_5: 0.0236	 ndcg_10: 0.0352	 hit@1:0.010138	 hit@5:0.0377	 hit@10: 0.0739
target: 	 mrr: 0.056080	 ndcg_5: 0.0477	 ndcg_10: 0.0627	 hit@1:0.020209	 hit@5:0.0760	 hit@10: 0.1220
epoch 22: train_loss = 1.616469, source_mrr = 0.036573, source_hit@10 = 0.0739, source_ndcg@10 = 0.0352, target_mrr = 0.056080, target_hit@10 = 0.1220, target_ndcg@10 = 0.0627

2024-08-12 23:12:53.538949: step 6992/24320 (epoch 23/80), loss = 1.611067 (85.158 sec/epoch), lr: 0.002940
Evaluating on dev set...
...........................
source: 	 mrr: 0.031562	 ndcg_5: 0.0218	 ndcg_10: 0.0319	 hit@1:0.006517	 hit@5:0.0384	 hit@10: 0.0702
target: 	 mrr: 0.050871	 ndcg_5: 0.0426	 ndcg_10: 0.0531	 hit@1:0.019512	 hit@5:0.0648	 hit@10: 0.0976
epoch 23: train_loss = 1.611067, source_mrr = 0.031562, source_hit@10 = 0.0702, source_ndcg@10 = 0.0319, target_mrr = 0.050871, target_hit@10 = 0.0976, target_ndcg@10 = 0.0531

2024-08-12 23:14:19.057991: step 7296/24320 (epoch 24/80), loss = 1.604956 (84.739 sec/epoch), lr: 0.002793
Evaluating on dev set...
...........................
source: 	 mrr: 0.033521	 ndcg_5: 0.0235	 ndcg_10: 0.0325	 hit@1:0.007965	 hit@5:0.0406	 hit@10: 0.0688
target: 	 mrr: 0.056669	 ndcg_5: 0.0498	 ndcg_10: 0.0625	 hit@1:0.020906	 hit@5:0.0801	 hit@10: 0.1199
epoch 24: train_loss = 1.604956, source_mrr = 0.033521, source_hit@10 = 0.0688, source_ndcg@10 = 0.0325, target_mrr = 0.056669, target_hit@10 = 0.1199, target_ndcg@10 = 0.0625

2024-08-12 23:15:44.800196: step 7600/24320 (epoch 25/80), loss = 1.599591 (84.985 sec/epoch), lr: 0.002793
Evaluating on dev set...
...........................
source: 	 mrr: 0.039085	 ndcg_5: 0.0280	 ndcg_10: 0.0384	 hit@1:0.010862	 hit@5:0.0456	 hit@10: 0.0775
target: 	 mrr: 0.054073	 ndcg_5: 0.0443	 ndcg_10: 0.0586	 hit@1:0.020906	 hit@5:0.0669	 hit@10: 0.1122
epoch 25: train_loss = 1.599591, source_mrr = 0.039085, source_hit@10 = 0.0775, source_ndcg@10 = 0.0384, target_mrr = 0.054073, target_hit@10 = 0.1122, target_ndcg@10 = 0.0586

2024-08-12 23:17:10.692251: step 7904/24320 (epoch 26/80), loss = 1.598579 (85.130 sec/epoch), lr: 0.002793
Evaluating on dev set...
...........................
source: 	 mrr: 0.041015	 ndcg_5: 0.0297	 ndcg_10: 0.0404	 hit@1:0.013758	 hit@5:0.0463	 hit@10: 0.0804
target: 	 mrr: 0.059838	 ndcg_5: 0.0535	 ndcg_10: 0.0692	 hit@1:0.022300	 hit@5:0.0857	 hit@10: 0.1345
source best!
.............
source: 	 mrr: 0.034884	 ndcg_5: 0.0247	 ndcg_10: 0.0327	 hit@1:0.008436	 hit@5:0.0414	 hit@10: 0.0667
target best!
..............target: 	 mrr: 0.054072	 ndcg_5: 0.0454	 ndcg_10: 0.0632	 hit@1:0.016461	 hit@5:0.0754	 hit@10: 0.1310
epoch 26: train_loss = 1.598579, source_mrr = 0.034884, source_hit@10 = 0.0667, source_ndcg@10 = 0.0327, target_mrr = 0.054072, target_hit@10 = 0.1310, target_ndcg@10 = 0.0632

2024-08-12 23:18:37.041938: step 8208/24320 (epoch 27/80), loss = 1.594387 (84.970 sec/epoch), lr: 0.002793
Evaluating on dev set...
...........................
source: 	 mrr: 0.038278	 ndcg_5: 0.0284	 ndcg_10: 0.0378	 hit@1:0.011586	 hit@5:0.0456	 hit@10: 0.0753
target: 	 mrr: 0.055909	 ndcg_5: 0.0458	 ndcg_10: 0.0628	 hit@1:0.021603	 hit@5:0.0711	 hit@10: 0.1240
epoch 27: train_loss = 1.594387, source_mrr = 0.038278, source_hit@10 = 0.0753, source_ndcg@10 = 0.0378, target_mrr = 0.055909, target_hit@10 = 0.1240, target_ndcg@10 = 0.0628

2024-08-12 23:20:01.985031: step 8512/24320 (epoch 28/80), loss = 1.589781 (84.185 sec/epoch), lr: 0.002654
Evaluating on dev set...
...........................
source: 	 mrr: 0.030795	 ndcg_5: 0.0179	 ndcg_10: 0.0283	 hit@1:0.008689	 hit@5:0.0261	 hit@10: 0.0587
target: 	 mrr: 0.059206	 ndcg_5: 0.0532	 ndcg_10: 0.0652	 hit@1:0.023693	 hit@5:0.0836	 hit@10: 0.1213
epoch 28: train_loss = 1.589781, source_mrr = 0.030795, source_hit@10 = 0.0587, source_ndcg@10 = 0.0283, target_mrr = 0.059206, target_hit@10 = 0.1213, target_ndcg@10 = 0.0652

2024-08-12 23:21:28.268558: step 8816/24320 (epoch 29/80), loss = 1.584551 (85.441 sec/epoch), lr: 0.002521
Evaluating on dev set...
...........................
source: 	 mrr: 0.040719	 ndcg_5: 0.0285	 ndcg_10: 0.0411	 hit@1:0.013034	 hit@5:0.0442	 hit@10: 0.0833
target: 	 mrr: 0.055239	 ndcg_5: 0.0474	 ndcg_10: 0.0613	 hit@1:0.018118	 hit@5:0.0760	 hit@10: 0.1192
epoch 29: train_loss = 1.584551, source_mrr = 0.040719, source_hit@10 = 0.0833, source_ndcg@10 = 0.0411, target_mrr = 0.055239, target_hit@10 = 0.1192, target_ndcg@10 = 0.0613

2024-08-12 23:22:53.616715: step 9120/24320 (epoch 30/80), loss = 1.583525 (84.634 sec/epoch), lr: 0.002521
Evaluating on dev set...
...........................
source: 	 mrr: 0.041564	 ndcg_5: 0.0309	 ndcg_10: 0.0445	 hit@1:0.009413	 hit@5:0.0521	 hit@10: 0.0949
target: 	 mrr: 0.057919	 ndcg_5: 0.0489	 ndcg_10: 0.0630	 hit@1:0.025087	 hit@5:0.0732	 hit@10: 0.1171
source best!
.............
source: 	 mrr: 0.039273	 ndcg_5: 0.0290	 ndcg_10: 0.0410	 hit@1:0.009969	 hit@5:0.0491	 hit@10: 0.0874
epoch 30: train_loss = 1.583525, source_mrr = 0.039273, source_hit@10 = 0.0874, source_ndcg@10 = 0.0410, target_mrr = 0.057919, target_hit@10 = 0.1171, target_ndcg@10 = 0.0630
shift to transfer learning mode

2024-08-12 23:24:22.228703: step 9424/24320 (epoch 31/80), loss = 1.594876 (87.483 sec/epoch), lr: 0.002521
Evaluating on dev set...
...........................
source: 	 mrr: 0.035810	 ndcg_5: 0.0259	 ndcg_10: 0.0378	 hit@1:0.007241	 hit@5:0.0449	 hit@10: 0.0825
target: 	 mrr: 0.053318	 ndcg_5: 0.0455	 ndcg_10: 0.0613	 hit@1:0.016725	 hit@5:0.0746	 hit@10: 0.1233
epoch 31: train_loss = 1.594876, source_mrr = 0.035810, source_hit@10 = 0.0825, source_ndcg@10 = 0.0378, target_mrr = 0.053318, target_hit@10 = 0.1233, target_ndcg@10 = 0.0613

2024-08-12 23:25:50.046736: step 9728/24320 (epoch 32/80), loss = 1.589112 (86.983 sec/epoch), lr: 0.002395
Evaluating on dev set...
...........................
source: 	 mrr: 0.028708	 ndcg_5: 0.0211	 ndcg_10: 0.0260	 hit@1:0.010138	 hit@5:0.0319	 hit@10: 0.0471
target: 	 mrr: 0.045993	 ndcg_5: 0.0385	 ndcg_10: 0.0506	 hit@1:0.011150	 hit@5:0.0655	 hit@10: 0.1024
epoch 32: train_loss = 1.589112, source_mrr = 0.028708, source_hit@10 = 0.0471, source_ndcg@10 = 0.0260, target_mrr = 0.045993, target_hit@10 = 0.1024, target_ndcg@10 = 0.0506

2024-08-12 23:27:18.335613: step 10032/24320 (epoch 33/80), loss = 1.582220 (87.539 sec/epoch), lr: 0.002275
Evaluating on dev set...
...........................
source: 	 mrr: 0.040869	 ndcg_5: 0.0299	 ndcg_10: 0.0390	 hit@1:0.015206	 hit@5:0.0449	 hit@10: 0.0739
target: 	 mrr: 0.048373	 ndcg_5: 0.0399	 ndcg_10: 0.0520	 hit@1:0.016028	 hit@5:0.0627	 hit@10: 0.0997
epoch 33: train_loss = 1.582220, source_mrr = 0.040869, source_hit@10 = 0.0739, source_ndcg@10 = 0.0390, target_mrr = 0.048373, target_hit@10 = 0.0997, target_ndcg@10 = 0.0520

2024-08-12 23:28:47.053694: step 10336/24320 (epoch 34/80), loss = 1.581777 (87.963 sec/epoch), lr: 0.002275
Evaluating on dev set...
...........................
source: 	 mrr: 0.032777	 ndcg_5: 0.0226	 ndcg_10: 0.0304	 hit@1:0.009413	 hit@5:0.0348	 hit@10: 0.0587
target: 	 mrr: 0.053684	 ndcg_5: 0.0450	 ndcg_10: 0.0591	 hit@1:0.016725	 hit@5:0.0718	 hit@10: 0.1157
epoch 34: train_loss = 1.581777, source_mrr = 0.032777, source_hit@10 = 0.0587, source_ndcg@10 = 0.0304, target_mrr = 0.053684, target_hit@10 = 0.1157, target_ndcg@10 = 0.0591

2024-08-12 23:30:15.222805: step 10640/24320 (epoch 35/80), loss = 1.577988 (87.413 sec/epoch), lr: 0.002161
Evaluating on dev set...
...........................
source: 	 mrr: 0.036172	 ndcg_5: 0.0242	 ndcg_10: 0.0350	 hit@1:0.010862	 hit@5:0.0398	 hit@10: 0.0739
target: 	 mrr: 0.054471	 ndcg_5: 0.0462	 ndcg_10: 0.0610	 hit@1:0.017422	 hit@5:0.0753	 hit@10: 0.1213
epoch 35: train_loss = 1.577988, source_mrr = 0.036172, source_hit@10 = 0.0739, source_ndcg@10 = 0.0350, target_mrr = 0.054471, target_hit@10 = 0.1213, target_ndcg@10 = 0.0610

2024-08-12 23:31:42.568135: step 10944/24320 (epoch 36/80), loss = 1.576455 (86.588 sec/epoch), lr: 0.002161
Evaluating on dev set...
...........................
source: 	 mrr: 0.037738	 ndcg_5: 0.0276	 ndcg_10: 0.0382	 hit@1:0.010138	 hit@5:0.0449	 hit@10: 0.0782
target: 	 mrr: 0.053666	 ndcg_5: 0.0485	 ndcg_10: 0.0593	 hit@1:0.016028	 hit@5:0.0794	 hit@10: 0.1129
epoch 36: train_loss = 1.576455, source_mrr = 0.037738, source_hit@10 = 0.0782, source_ndcg@10 = 0.0382, target_mrr = 0.053666, target_hit@10 = 0.1129, target_ndcg@10 = 0.0593

2024-08-12 23:33:11.028596: step 11248/24320 (epoch 37/80), loss = 1.575991 (87.680 sec/epoch), lr: 0.002161
Evaluating on dev set...
...........................
source: 	 mrr: 0.024212	 ndcg_5: 0.0136	 ndcg_10: 0.0202	 hit@1:0.004345	 hit@5:0.0232	 hit@10: 0.0434
target: 	 mrr: 0.055626	 ndcg_5: 0.0468	 ndcg_10: 0.0620	 hit@1:0.019512	 hit@5:0.0739	 hit@10: 0.1213
epoch 37: train_loss = 1.575991, source_mrr = 0.024212, source_hit@10 = 0.0434, source_ndcg@10 = 0.0202, target_mrr = 0.055626, target_hit@10 = 0.1213, target_ndcg@10 = 0.0620

2024-08-12 23:34:39.605435: step 11552/24320 (epoch 38/80), loss = 1.569980 (87.812 sec/epoch), lr: 0.002053
Evaluating on dev set...
...........................
source: 	 mrr: 0.033885	 ndcg_5: 0.0198	 ndcg_10: 0.0307	 hit@1:0.009413	 hit@5:0.0311	 hit@10: 0.0652
target: 	 mrr: 0.054468	 ndcg_5: 0.0463	 ndcg_10: 0.0637	 hit@1:0.016028	 hit@5:0.0767	 hit@10: 0.1310
epoch 38: train_loss = 1.569980, source_mrr = 0.033885, source_hit@10 = 0.0652, source_ndcg@10 = 0.0307, target_mrr = 0.054468, target_hit@10 = 0.1310, target_ndcg@10 = 0.0637

2024-08-12 23:36:07.859658: step 11856/24320 (epoch 39/80), loss = 1.568008 (87.493 sec/epoch), lr: 0.002053
Evaluating on dev set...
...........................
source: 	 mrr: 0.037762	 ndcg_5: 0.0245	 ndcg_10: 0.0360	 hit@1:0.010862	 hit@5:0.0406	 hit@10: 0.0768
target: 	 mrr: 0.056877	 ndcg_5: 0.0494	 ndcg_10: 0.0654	 hit@1:0.018118	 hit@5:0.0815	 hit@10: 0.1310
epoch 39: train_loss = 1.568008, source_mrr = 0.037762, source_hit@10 = 0.0768, source_ndcg@10 = 0.0360, target_mrr = 0.056877, target_hit@10 = 0.1310, target_ndcg@10 = 0.0654

2024-08-12 23:37:36.024655: step 12160/24320 (epoch 40/80), loss = 1.568730 (87.443 sec/epoch), lr: 0.002053
Evaluating on dev set...
...........................
source: 	 mrr: 0.033358	 ndcg_5: 0.0213	 ndcg_10: 0.0323	 hit@1:0.007241	 hit@5:0.0348	 hit@10: 0.0688
target: 	 mrr: 0.051172	 ndcg_5: 0.0453	 ndcg_10: 0.0561	 hit@1:0.014634	 hit@5:0.0767	 hit@10: 0.1108
epoch 40: train_loss = 1.568730, source_mrr = 0.033358, source_hit@10 = 0.0688, source_ndcg@10 = 0.0323, target_mrr = 0.051172, target_hit@10 = 0.1108, target_ndcg@10 = 0.0561

2024-08-12 23:39:04.370609: step 12464/24320 (epoch 41/80), loss = 1.564041 (87.582 sec/epoch), lr: 0.001951
Evaluating on dev set...
...........................
source: 	 mrr: 0.040007	 ndcg_5: 0.0281	 ndcg_10: 0.0393	 hit@1:0.010138	 hit@5:0.0463	 hit@10: 0.0811
target: 	 mrr: 0.061254	 ndcg_5: 0.0542	 ndcg_10: 0.0689	 hit@1:0.021603	 hit@5:0.0857	 hit@10: 0.1303
target best!
..............target: 	 mrr: 0.056486	 ndcg_5: 0.0488	 ndcg_10: 0.0635	 hit@1:0.019204	 hit@5:0.0789	 hit@10: 0.1248
epoch 41: train_loss = 1.564041, source_mrr = 0.040007, source_hit@10 = 0.0811, source_ndcg@10 = 0.0393, target_mrr = 0.056486, target_hit@10 = 0.1248, target_ndcg@10 = 0.0635

2024-08-12 23:40:32.696084: step 12768/24320 (epoch 42/80), loss = 1.561260 (87.249 sec/epoch), lr: 0.001951
Evaluating on dev set...
...........................
source: 	 mrr: 0.042065	 ndcg_5: 0.0292	 ndcg_10: 0.0406	 hit@1:0.014482	 hit@5:0.0449	 hit@10: 0.0804
target: 	 mrr: 0.059799	 ndcg_5: 0.0516	 ndcg_10: 0.0664	 hit@1:0.023693	 hit@5:0.0787	 hit@10: 0.1247
source best!
.............
source: 	 mrr: 0.040837	 ndcg_5: 0.0301	 ndcg_10: 0.0411	 hit@1:0.009969	 hit@5:0.0498	 hit@10: 0.0844
epoch 42: train_loss = 1.561260, source_mrr = 0.040837, source_hit@10 = 0.0844, source_ndcg@10 = 0.0411, target_mrr = 0.059799, target_hit@10 = 0.1247, target_ndcg@10 = 0.0664

2024-08-12 23:42:00.701944: step 13072/24320 (epoch 43/80), loss = 1.561860 (86.836 sec/epoch), lr: 0.001951
Evaluating on dev set...
...........................
source: 	 mrr: 0.035071	 ndcg_5: 0.0218	 ndcg_10: 0.0333	 hit@1:0.007965	 hit@5:0.0362	 hit@10: 0.0724
target: 	 mrr: 0.056743	 ndcg_5: 0.0512	 ndcg_10: 0.0619	 hit@1:0.020906	 hit@5:0.0808	 hit@10: 0.1143
epoch 43: train_loss = 1.561860, source_mrr = 0.035071, source_hit@10 = 0.0724, source_ndcg@10 = 0.0333, target_mrr = 0.056743, target_hit@10 = 0.1143, target_ndcg@10 = 0.0619

2024-08-12 23:43:29.582739: step 13376/24320 (epoch 44/80), loss = 1.557663 (88.114 sec/epoch), lr: 0.001853
Evaluating on dev set...
...........................
source: 	 mrr: 0.029408	 ndcg_5: 0.0181	 ndcg_10: 0.0281	 hit@1:0.005793	 hit@5:0.0311	 hit@10: 0.0623
target: 	 mrr: 0.059709	 ndcg_5: 0.0517	 ndcg_10: 0.0669	 hit@1:0.019512	 hit@5:0.0815	 hit@10: 0.1289
epoch 44: train_loss = 1.557663, source_mrr = 0.029408, source_hit@10 = 0.0623, source_ndcg@10 = 0.0281, target_mrr = 0.059709, target_hit@10 = 0.1289, target_ndcg@10 = 0.0669

2024-08-12 23:44:57.364231: step 13680/24320 (epoch 45/80), loss = 1.554405 (87.099 sec/epoch), lr: 0.001761
Evaluating on dev set...
...........................
source: 	 mrr: 0.035923	 ndcg_5: 0.0263	 ndcg_10: 0.0355	 hit@1:0.010138	 hit@5:0.0427	 hit@10: 0.0717
target: 	 mrr: 0.057014	 ndcg_5: 0.0488	 ndcg_10: 0.0630	 hit@1:0.021603	 hit@5:0.0767	 hit@10: 0.1206
epoch 45: train_loss = 1.554405, source_mrr = 0.035923, source_hit@10 = 0.0717, source_ndcg@10 = 0.0355, target_mrr = 0.057014, target_hit@10 = 0.1206, target_ndcg@10 = 0.0630

2024-08-12 23:46:25.334026: step 13984/24320 (epoch 46/80), loss = 1.554300 (87.197 sec/epoch), lr: 0.001761
Evaluating on dev set...
...........................
source: 	 mrr: 0.036460	 ndcg_5: 0.0248	 ndcg_10: 0.0371	 hit@1:0.008689	 hit@5:0.0427	 hit@10: 0.0811
target: 	 mrr: 0.053509	 ndcg_5: 0.0439	 ndcg_10: 0.0573	 hit@1:0.019512	 hit@5:0.0676	 hit@10: 0.1094
epoch 46: train_loss = 1.554300, source_mrr = 0.036460, source_hit@10 = 0.0811, source_ndcg@10 = 0.0371, target_mrr = 0.053509, target_hit@10 = 0.1094, target_ndcg@10 = 0.0573

2024-08-12 23:47:54.312900: step 14288/24320 (epoch 47/80), loss = 1.550507 (88.156 sec/epoch), lr: 0.001672
Evaluating on dev set...
...........................
source: 	 mrr: 0.032492	 ndcg_5: 0.0213	 ndcg_10: 0.0299	 hit@1:0.007965	 hit@5:0.0355	 hit@10: 0.0623
target: 	 mrr: 0.058790	 ndcg_5: 0.0515	 ndcg_10: 0.0642	 hit@1:0.020906	 hit@5:0.0822	 hit@10: 0.1220
epoch 47: train_loss = 1.550507, source_mrr = 0.032492, source_hit@10 = 0.0623, source_ndcg@10 = 0.0299, target_mrr = 0.058790, target_hit@10 = 0.1220, target_ndcg@10 = 0.0642

2024-08-12 23:49:24.082705: step 14592/24320 (epoch 48/80), loss = 1.548701 (89.088 sec/epoch), lr: 0.001672
Evaluating on dev set...
...........................
source: 	 mrr: 0.034447	 ndcg_5: 0.0233	 ndcg_10: 0.0338	 hit@1:0.007241	 hit@5:0.0391	 hit@10: 0.0717
target: 	 mrr: 0.060171	 ndcg_5: 0.0508	 ndcg_10: 0.0668	 hit@1:0.024390	 hit@5:0.0787	 hit@10: 0.1289
epoch 48: train_loss = 1.548701, source_mrr = 0.034447, source_hit@10 = 0.0717, source_ndcg@10 = 0.0338, target_mrr = 0.060171, target_hit@10 = 0.1289, target_ndcg@10 = 0.0668

2024-08-12 23:50:52.435350: step 14896/24320 (epoch 49/80), loss = 1.548608 (87.600 sec/epoch), lr: 0.001672
Evaluating on dev set...
...........................
source: 	 mrr: 0.031396	 ndcg_5: 0.0235	 ndcg_10: 0.0313	 hit@1:0.008689	 hit@5:0.0384	 hit@10: 0.0630
target: 	 mrr: 0.057974	 ndcg_5: 0.0496	 ndcg_10: 0.0642	 hit@1:0.020906	 hit@5:0.0780	 hit@10: 0.1240
epoch 49: train_loss = 1.548608, source_mrr = 0.031396, source_hit@10 = 0.0630, source_ndcg@10 = 0.0313, target_mrr = 0.057974, target_hit@10 = 0.1240, target_ndcg@10 = 0.0642

2024-08-12 23:52:22.613760: step 15200/24320 (epoch 50/80), loss = 1.544917 (89.439 sec/epoch), lr: 0.001589
Evaluating on dev set...
...........................
source: 	 mrr: 0.031411	 ndcg_5: 0.0182	 ndcg_10: 0.0313	 hit@1:0.005069	 hit@5:0.0319	 hit@10: 0.0724
target: 	 mrr: 0.056814	 ndcg_5: 0.0477	 ndcg_10: 0.0632	 hit@1:0.019512	 hit@5:0.0767	 hit@10: 0.1247
epoch 50: train_loss = 1.544917, source_mrr = 0.031411, source_hit@10 = 0.0724, source_ndcg@10 = 0.0313, target_mrr = 0.056814, target_hit@10 = 0.1247, target_ndcg@10 = 0.0632

2024-08-12 23:53:52.101600: step 15504/24320 (epoch 51/80), loss = 1.539292 (88.701 sec/epoch), lr: 0.001509
Evaluating on dev set...
...........................
source: 	 mrr: 0.040366	 ndcg_5: 0.0297	 ndcg_10: 0.0396	 hit@1:0.011586	 hit@5:0.0471	 hit@10: 0.0775
target: 	 mrr: 0.052848	 ndcg_5: 0.0430	 ndcg_10: 0.0582	 hit@1:0.018815	 hit@5:0.0683	 hit@10: 0.1157
epoch 51: train_loss = 1.539292, source_mrr = 0.040366, source_hit@10 = 0.0775, source_ndcg@10 = 0.0396, target_mrr = 0.052848, target_hit@10 = 0.1157, target_ndcg@10 = 0.0582

2024-08-12 23:55:21.728666: step 15808/24320 (epoch 52/80), loss = 1.538565 (88.875 sec/epoch), lr: 0.001509
Evaluating on dev set...
...........................
source: 	 mrr: 0.038604	 ndcg_5: 0.0267	 ndcg_10: 0.0396	 hit@1:0.010862	 hit@5:0.0449	 hit@10: 0.0862
target: 	 mrr: 0.056548	 ndcg_5: 0.0487	 ndcg_10: 0.0655	 hit@1:0.016725	 hit@5:0.0815	 hit@10: 0.1345
epoch 52: train_loss = 1.538565, source_mrr = 0.038604, source_hit@10 = 0.0862, source_ndcg@10 = 0.0396, target_mrr = 0.056548, target_hit@10 = 0.1345, target_ndcg@10 = 0.0655

2024-08-12 23:56:50.619476: step 16112/24320 (epoch 53/80), loss = 1.538798 (88.130 sec/epoch), lr: 0.001509
Evaluating on dev set...
...........................
source: 	 mrr: 0.034617	 ndcg_5: 0.0259	 ndcg_10: 0.0345	 hit@1:0.008689	 hit@5:0.0427	 hit@10: 0.0695
target: 	 mrr: 0.062795	 ndcg_5: 0.0537	 ndcg_10: 0.0661	 hit@1:0.025784	 hit@5:0.0808	 hit@10: 0.1192
target best!
..............target: 	 mrr: 0.059733	 ndcg_5: 0.0511	 ndcg_10: 0.0671	 hit@1:0.020576	 hit@5:0.0809	 hit@10: 0.1310
epoch 53: train_loss = 1.538798, source_mrr = 0.034617, source_hit@10 = 0.0695, source_ndcg@10 = 0.0345, target_mrr = 0.059733, target_hit@10 = 0.1310, target_ndcg@10 = 0.0671

2024-08-12 23:58:18.657917: step 16416/24320 (epoch 54/80), loss = 1.536422 (86.899 sec/epoch), lr: 0.001509
Evaluating on dev set...
...........................
source: 	 mrr: 0.028255	 ndcg_5: 0.0178	 ndcg_10: 0.0281	 hit@1:0.005793	 hit@5:0.0282	 hit@10: 0.0601
target: 	 mrr: 0.056129	 ndcg_5: 0.0451	 ndcg_10: 0.0618	 hit@1:0.020906	 hit@5:0.0676	 hit@10: 0.1185
epoch 54: train_loss = 1.536422, source_mrr = 0.028255, source_hit@10 = 0.0601, source_ndcg@10 = 0.0281, target_mrr = 0.056129, target_hit@10 = 0.1185, target_ndcg@10 = 0.0618

2024-08-12 23:59:45.745036: step 16720/24320 (epoch 55/80), loss = 1.531797 (86.323 sec/epoch), lr: 0.001434
Evaluating on dev set...
...........................
source: 	 mrr: 0.037833	 ndcg_5: 0.0258	 ndcg_10: 0.0393	 hit@1:0.010862	 hit@5:0.0413	 hit@10: 0.0833
target: 	 mrr: 0.052929	 ndcg_5: 0.0441	 ndcg_10: 0.0601	 hit@1:0.019512	 hit@5:0.0697	 hit@10: 0.1199
epoch 55: train_loss = 1.531797, source_mrr = 0.037833, source_hit@10 = 0.0833, source_ndcg@10 = 0.0393, target_mrr = 0.052929, target_hit@10 = 0.1199, target_ndcg@10 = 0.0601

2024-08-13 00:01:11.458000: step 17024/24320 (epoch 56/80), loss = 1.530477 (84.987 sec/epoch), lr: 0.001434
Evaluating on dev set...
...........................
source: 	 mrr: 0.028853	 ndcg_5: 0.0208	 ndcg_10: 0.0278	 hit@1:0.006517	 hit@5:0.0355	 hit@10: 0.0572
target: 	 mrr: 0.057061	 ndcg_5: 0.0483	 ndcg_10: 0.0625	 hit@1:0.021603	 hit@5:0.0732	 hit@10: 0.1178
epoch 56: train_loss = 1.530477, source_mrr = 0.028853, source_hit@10 = 0.0572, source_ndcg@10 = 0.0278, target_mrr = 0.057061, target_hit@10 = 0.1178, target_ndcg@10 = 0.0625

2024-08-13 00:02:35.755912: step 17328/24320 (epoch 57/80), loss = 1.530219 (83.629 sec/epoch), lr: 0.001362
Evaluating on dev set...
...........................
source: 	 mrr: 0.034713	 ndcg_5: 0.0249	 ndcg_10: 0.0352	 hit@1:0.007965	 hit@5:0.0420	 hit@10: 0.0739
target: 	 mrr: 0.057759	 ndcg_5: 0.0495	 ndcg_10: 0.0627	 hit@1:0.024390	 hit@5:0.0746	 hit@10: 0.1164
epoch 57: train_loss = 1.530219, source_mrr = 0.034713, source_hit@10 = 0.0739, source_ndcg@10 = 0.0352, target_mrr = 0.057759, target_hit@10 = 0.1164, target_ndcg@10 = 0.0627

2024-08-13 00:04:01.426185: step 17632/24320 (epoch 58/80), loss = 1.522357 (84.919 sec/epoch), lr: 0.001362
Evaluating on dev set...
...........................
source: 	 mrr: 0.043187	 ndcg_5: 0.0326	 ndcg_10: 0.0452	 hit@1:0.012310	 hit@5:0.0543	 hit@10: 0.0941
target: 	 mrr: 0.053375	 ndcg_5: 0.0450	 ndcg_10: 0.0599	 hit@1:0.017422	 hit@5:0.0725	 hit@10: 0.1185
source best!
.............
source: 	 mrr: 0.043156	 ndcg_5: 0.0331	 ndcg_10: 0.0446	 hit@1:0.013037	 hit@5:0.0537	 hit@10: 0.0897
epoch 58: train_loss = 1.522357, source_mrr = 0.043156, source_hit@10 = 0.0897, source_ndcg@10 = 0.0446, target_mrr = 0.053375, target_hit@10 = 0.1185, target_ndcg@10 = 0.0599

2024-08-13 00:05:27.372656: step 17936/24320 (epoch 59/80), loss = 1.524218 (84.833 sec/epoch), lr: 0.001362
Evaluating on dev set...
...........................
source: 	 mrr: 0.040077	 ndcg_5: 0.0284	 ndcg_10: 0.0404	 hit@1:0.013034	 hit@5:0.0434	 hit@10: 0.0811
target: 	 mrr: 0.059504	 ndcg_5: 0.0496	 ndcg_10: 0.0647	 hit@1:0.020906	 hit@5:0.0774	 hit@10: 0.1233
epoch 59: train_loss = 1.524218, source_mrr = 0.040077, source_hit@10 = 0.0811, source_ndcg@10 = 0.0404, target_mrr = 0.059504, target_hit@10 = 0.1233, target_ndcg@10 = 0.0647

2024-08-13 00:06:52.331720: step 18240/24320 (epoch 60/80), loss = 1.523058 (84.159 sec/epoch), lr: 0.001362
Evaluating on dev set...
...........................
source: 	 mrr: 0.034508	 ndcg_5: 0.0231	 ndcg_10: 0.0355	 hit@1:0.012310	 hit@5:0.0362	 hit@10: 0.0753
target: 	 mrr: 0.055563	 ndcg_5: 0.0468	 ndcg_10: 0.0622	 hit@1:0.018118	 hit@5:0.0774	 hit@10: 0.1254
epoch 60: train_loss = 1.523058, source_mrr = 0.034508, source_hit@10 = 0.0753, source_ndcg@10 = 0.0355, target_mrr = 0.055563, target_hit@10 = 0.1254, target_ndcg@10 = 0.0622

2024-08-13 00:08:17.844230: step 18544/24320 (epoch 61/80), loss = 1.519611 (84.778 sec/epoch), lr: 0.001294
Evaluating on dev set...
...........................
source: 	 mrr: 0.038920	 ndcg_5: 0.0274	 ndcg_10: 0.0404	 hit@1:0.010138	 hit@5:0.0456	 hit@10: 0.0869
target: 	 mrr: 0.062039	 ndcg_5: 0.0523	 ndcg_10: 0.0696	 hit@1:0.026481	 hit@5:0.0787	 hit@10: 0.1331
epoch 61: train_loss = 1.519611, source_mrr = 0.038920, source_hit@10 = 0.0869, source_ndcg@10 = 0.0404, target_mrr = 0.062039, target_hit@10 = 0.1331, target_ndcg@10 = 0.0696

2024-08-13 00:09:43.682526: step 18848/24320 (epoch 62/80), loss = 1.515768 (85.092 sec/epoch), lr: 0.001294
Evaluating on dev set...
...........................
source: 	 mrr: 0.042953	 ndcg_5: 0.0304	 ndcg_10: 0.0426	 hit@1:0.013034	 hit@5:0.0478	 hit@10: 0.0862
target: 	 mrr: 0.054811	 ndcg_5: 0.0469	 ndcg_10: 0.0613	 hit@1:0.019512	 hit@5:0.0753	 hit@10: 0.1199
epoch 62: train_loss = 1.515768, source_mrr = 0.042953, source_hit@10 = 0.0862, source_ndcg@10 = 0.0426, target_mrr = 0.054811, target_hit@10 = 0.1199, target_ndcg@10 = 0.0613

2024-08-13 00:11:09.440573: step 19152/24320 (epoch 63/80), loss = 1.510324 (85.020 sec/epoch), lr: 0.001229
Evaluating on dev set...
...........................
source: 	 mrr: 0.045646	 ndcg_5: 0.0349	 ndcg_10: 0.0457	 hit@1:0.015930	 hit@5:0.0543	 hit@10: 0.0876
target: 	 mrr: 0.054911	 ndcg_5: 0.0468	 ndcg_10: 0.0607	 hit@1:0.022300	 hit@5:0.0739	 hit@10: 0.1171
source best!
.............
source: 	 mrr: 0.046349	 ndcg_5: 0.0341	 ndcg_10: 0.0499	 hit@1:0.016871	 hit@5:0.0521	 hit@10: 0.1012
epoch 63: train_loss = 1.510324, source_mrr = 0.046349, source_hit@10 = 0.1012, source_ndcg@10 = 0.0499, target_mrr = 0.054911, target_hit@10 = 0.1171, target_ndcg@10 = 0.0607

2024-08-13 00:12:34.573428: step 19456/24320 (epoch 64/80), loss = 1.511616 (84.134 sec/epoch), lr: 0.001229
Evaluating on dev set...
...........................
source: 	 mrr: 0.030598	 ndcg_5: 0.0210	 ndcg_10: 0.0297	 hit@1:0.010138	 hit@5:0.0340	 hit@10: 0.0615
target: 	 mrr: 0.056252	 ndcg_5: 0.0457	 ndcg_10: 0.0610	 hit@1:0.019512	 hit@5:0.0697	 hit@10: 0.1171
epoch 64: train_loss = 1.511616, source_mrr = 0.030598, source_hit@10 = 0.0615, source_ndcg@10 = 0.0297, target_mrr = 0.056252, target_hit@10 = 0.1171, target_ndcg@10 = 0.0610

2024-08-13 00:14:00.228531: step 19760/24320 (epoch 65/80), loss = 1.507851 (84.908 sec/epoch), lr: 0.001168
Evaluating on dev set...
...........................
source: 	 mrr: 0.036377	 ndcg_5: 0.0271	 ndcg_10: 0.0375	 hit@1:0.009413	 hit@5:0.0456	 hit@10: 0.0782
target: 	 mrr: 0.062829	 ndcg_5: 0.0555	 ndcg_10: 0.0696	 hit@1:0.025784	 hit@5:0.0857	 hit@10: 0.1296
target best!
..............target: 	 mrr: 0.061289	 ndcg_5: 0.0521	 ndcg_10: 0.0686	 hit@1:0.022634	 hit@5:0.0809	 hit@10: 0.1324
epoch 65: train_loss = 1.507851, source_mrr = 0.036377, source_hit@10 = 0.0782, source_ndcg@10 = 0.0375, target_mrr = 0.061289, target_hit@10 = 0.1324, target_ndcg@10 = 0.0686

2024-08-13 00:15:25.382144: step 20064/24320 (epoch 66/80), loss = 1.503413 (84.076 sec/epoch), lr: 0.001168
Evaluating on dev set...
...........................
source: 	 mrr: 0.037554	 ndcg_5: 0.0269	 ndcg_10: 0.0362	 hit@1:0.011586	 hit@5:0.0427	 hit@10: 0.0717
target: 	 mrr: 0.048099	 ndcg_5: 0.0392	 ndcg_10: 0.0534	 hit@1:0.017422	 hit@5:0.0627	 hit@10: 0.1073
epoch 66: train_loss = 1.503413, source_mrr = 0.037554, source_hit@10 = 0.0717, source_ndcg@10 = 0.0362, target_mrr = 0.048099, target_hit@10 = 0.1073, target_ndcg@10 = 0.0534

2024-08-13 00:16:49.108124: step 20368/24320 (epoch 67/80), loss = 1.498868 (83.058 sec/epoch), lr: 0.001110
Evaluating on dev set...
...........................
source: 	 mrr: 0.043094	 ndcg_5: 0.0349	 ndcg_10: 0.0459	 hit@1:0.011586	 hit@5:0.0579	 hit@10: 0.0927
target: 	 mrr: 0.054787	 ndcg_5: 0.0436	 ndcg_10: 0.0579	 hit@1:0.022300	 hit@5:0.0648	 hit@10: 0.1094
epoch 67: train_loss = 1.498868, source_mrr = 0.043094, source_hit@10 = 0.0927, source_ndcg@10 = 0.0459, target_mrr = 0.054787, target_hit@10 = 0.1094, target_ndcg@10 = 0.0579

2024-08-13 00:18:13.200781: step 20672/24320 (epoch 68/80), loss = 1.497266 (83.339 sec/epoch), lr: 0.001110
Evaluating on dev set...
...........................
source: 	 mrr: 0.040924	 ndcg_5: 0.0280	 ndcg_10: 0.0424	 hit@1:0.009413	 hit@5:0.0449	 hit@10: 0.0898
target: 	 mrr: 0.054900	 ndcg_5: 0.0461	 ndcg_10: 0.0604	 hit@1:0.022300	 hit@5:0.0725	 hit@10: 0.1178
epoch 68: train_loss = 1.497266, source_mrr = 0.040924, source_hit@10 = 0.0898, source_ndcg@10 = 0.0424, target_mrr = 0.054900, target_hit@10 = 0.1178, target_ndcg@10 = 0.0604

2024-08-13 00:19:36.335910: step 20976/24320 (epoch 69/80), loss = 1.490432 (82.403 sec/epoch), lr: 0.001054
Evaluating on dev set...
...........................
source: 	 mrr: 0.041045	 ndcg_5: 0.0305	 ndcg_10: 0.0429	 hit@1:0.011586	 hit@5:0.0507	 hit@10: 0.0891
target: 	 mrr: 0.062346	 ndcg_5: 0.0538	 ndcg_10: 0.0682	 hit@1:0.025784	 hit@5:0.0815	 hit@10: 0.1261
epoch 69: train_loss = 1.490432, source_mrr = 0.041045, source_hit@10 = 0.0891, source_ndcg@10 = 0.0429, target_mrr = 0.062346, target_hit@10 = 0.1261, target_ndcg@10 = 0.0682

2024-08-13 00:21:00.209928: step 21280/24320 (epoch 70/80), loss = 1.489102 (83.132 sec/epoch), lr: 0.001054
Evaluating on dev set...
...........................
source: 	 mrr: 0.043268	 ndcg_5: 0.0324	 ndcg_10: 0.0447	 hit@1:0.013758	 hit@5:0.0507	 hit@10: 0.0891
target: 	 mrr: 0.057020	 ndcg_5: 0.0502	 ndcg_10: 0.0636	 hit@1:0.018815	 hit@5:0.0808	 hit@10: 0.1220
epoch 70: train_loss = 1.489102, source_mrr = 0.043268, source_hit@10 = 0.0891, source_ndcg@10 = 0.0447, target_mrr = 0.057020, target_hit@10 = 0.1220, target_ndcg@10 = 0.0636

2024-08-13 00:22:25.184507: step 21584/24320 (epoch 71/80), loss = 1.485298 (84.234 sec/epoch), lr: 0.001001
Evaluating on dev set...
...........................
source: 	 mrr: 0.042648	 ndcg_5: 0.0328	 ndcg_10: 0.0441	 hit@1:0.011586	 hit@5:0.0529	 hit@10: 0.0876
target: 	 mrr: 0.055837	 ndcg_5: 0.0447	 ndcg_10: 0.0633	 hit@1:0.021603	 hit@5:0.0683	 hit@10: 0.1268
epoch 71: train_loss = 1.485298, source_mrr = 0.042648, source_hit@10 = 0.0876, source_ndcg@10 = 0.0441, target_mrr = 0.055837, target_hit@10 = 0.1268, target_ndcg@10 = 0.0633

2024-08-13 00:23:49.466667: step 21888/24320 (epoch 72/80), loss = 1.482855 (83.543 sec/epoch), lr: 0.000951
Evaluating on dev set...
...........................
source: 	 mrr: 0.044548	 ndcg_5: 0.0333	 ndcg_10: 0.0456	 hit@1:0.014482	 hit@5:0.0514	 hit@10: 0.0898
target: 	 mrr: 0.052006	 ndcg_5: 0.0428	 ndcg_10: 0.0584	 hit@1:0.016028	 hit@5:0.0718	 hit@10: 0.1199
epoch 72: train_loss = 1.482855, source_mrr = 0.044548, source_hit@10 = 0.0898, source_ndcg@10 = 0.0456, target_mrr = 0.052006, target_hit@10 = 0.1199, target_ndcg@10 = 0.0584

2024-08-13 00:25:11.673593: step 22192/24320 (epoch 73/80), loss = 1.479720 (81.519 sec/epoch), lr: 0.000904
Evaluating on dev set...
...........................
source: 	 mrr: 0.047358	 ndcg_5: 0.0350	 ndcg_10: 0.0470	 hit@1:0.019551	 hit@5:0.0521	 hit@10: 0.0898
target: 	 mrr: 0.060091	 ndcg_5: 0.0517	 ndcg_10: 0.0665	 hit@1:0.022997	 hit@5:0.0808	 hit@10: 0.1268
source best!
.............
source: 	 mrr: 0.045858	 ndcg_5: 0.0357	 ndcg_10: 0.0460	 hit@1:0.015337	 hit@5:0.0567	 hit@10: 0.0890
epoch 73: train_loss = 1.479720, source_mrr = 0.045858, source_hit@10 = 0.0890, source_ndcg@10 = 0.0460, target_mrr = 0.060091, target_hit@10 = 0.1268, target_ndcg@10 = 0.0665

2024-08-13 00:26:35.143457: step 22496/24320 (epoch 74/80), loss = 1.473647 (82.477 sec/epoch), lr: 0.000904
Evaluating on dev set...
...........................
source: 	 mrr: 0.041922	 ndcg_5: 0.0305	 ndcg_10: 0.0425	 hit@1:0.015206	 hit@5:0.0463	 hit@10: 0.0840
target: 	 mrr: 0.058295	 ndcg_5: 0.0508	 ndcg_10: 0.0653	 hit@1:0.018118	 hit@5:0.0815	 hit@10: 0.1268
epoch 74: train_loss = 1.473647, source_mrr = 0.041922, source_hit@10 = 0.0840, source_ndcg@10 = 0.0425, target_mrr = 0.058295, target_hit@10 = 0.1268, target_ndcg@10 = 0.0653

2024-08-13 00:27:59.207978: step 22800/24320 (epoch 75/80), loss = 1.470299 (83.336 sec/epoch), lr: 0.000859
Evaluating on dev set...
...........................
source: 	 mrr: 0.040577	 ndcg_5: 0.0299	 ndcg_10: 0.0422	 hit@1:0.009413	 hit@5:0.0507	 hit@10: 0.0891
target: 	 mrr: 0.058632	 ndcg_5: 0.0532	 ndcg_10: 0.0665	 hit@1:0.019512	 hit@5:0.0871	 hit@10: 0.1289
epoch 75: train_loss = 1.470299, source_mrr = 0.040577, source_hit@10 = 0.0891, source_ndcg@10 = 0.0422, target_mrr = 0.058632, target_hit@10 = 0.1289, target_ndcg@10 = 0.0665

2024-08-13 00:29:28.625580: step 23104/24320 (epoch 76/80), loss = 1.466385 (88.680 sec/epoch), lr: 0.000816
Evaluating on dev set...
...........................
source: 	 mrr: 0.030186	 ndcg_5: 0.0209	 ndcg_10: 0.0286	 hit@1:0.007965	 hit@5:0.0348	 hit@10: 0.0587
target: 	 mrr: 0.059870	 ndcg_5: 0.0495	 ndcg_10: 0.0667	 hit@1:0.022997	 hit@5:0.0760	 hit@10: 0.1296
epoch 76: train_loss = 1.466385, source_mrr = 0.030186, source_hit@10 = 0.0587, source_ndcg@10 = 0.0286, target_mrr = 0.059870, target_hit@10 = 0.1296, target_ndcg@10 = 0.0667

2024-08-13 00:30:54.487317: step 23408/24320 (epoch 77/80), loss = 1.460741 (85.177 sec/epoch), lr: 0.000775
Evaluating on dev set...
...........................
source: 	 mrr: 0.043742	 ndcg_5: 0.0337	 ndcg_10: 0.0459	 hit@1:0.010862	 hit@5:0.0572	 hit@10: 0.0949
target: 	 mrr: 0.052318	 ndcg_5: 0.0441	 ndcg_10: 0.0578	 hit@1:0.017422	 hit@5:0.0697	 hit@10: 0.1129
epoch 77: train_loss = 1.460741, source_mrr = 0.043742, source_hit@10 = 0.0949, source_ndcg@10 = 0.0459, target_mrr = 0.052318, target_hit@10 = 0.1129, target_ndcg@10 = 0.0578

2024-08-13 00:32:22.101859: step 23712/24320 (epoch 78/80), loss = 1.457105 (86.865 sec/epoch), lr: 0.000775
Evaluating on dev set...
...........................
source: 	 mrr: 0.042459	 ndcg_5: 0.0305	 ndcg_10: 0.0424	 hit@1:0.015206	 hit@5:0.0434	 hit@10: 0.0804
target: 	 mrr: 0.056343	 ndcg_5: 0.0474	 ndcg_10: 0.0586	 hit@1:0.022997	 hit@5:0.0725	 hit@10: 0.1073
epoch 78: train_loss = 1.457105, source_mrr = 0.042459, source_hit@10 = 0.0804, source_ndcg@10 = 0.0424, target_mrr = 0.056343, target_hit@10 = 0.1073, target_ndcg@10 = 0.0586

2024-08-13 00:33:50.999329: step 24016/24320 (epoch 79/80), loss = 1.453678 (88.158 sec/epoch), lr: 0.000775
Evaluating on dev set...
...........................
source: 	 mrr: 0.045120	 ndcg_5: 0.0367	 ndcg_10: 0.0455	 hit@1:0.015930	 hit@5:0.0587	 hit@10: 0.0869
target: 	 mrr: 0.055987	 ndcg_5: 0.0452	 ndcg_10: 0.0623	 hit@1:0.021603	 hit@5:0.0683	 hit@10: 0.1213
epoch 79: train_loss = 1.453678, source_mrr = 0.045120, source_hit@10 = 0.0869, source_ndcg@10 = 0.0455, target_mrr = 0.055987, target_hit@10 = 0.1213, target_ndcg@10 = 0.0623

2024-08-13 00:35:19.018876: step 24320/24320 (epoch 80/80), loss = 1.452925 (87.257 sec/epoch), lr: 0.000775
Evaluating on dev set...
...........................
source: 	 mrr: 0.036032	 ndcg_5: 0.0285	 ndcg_10: 0.0357	 hit@1:0.008689	 hit@5:0.0492	 hit@10: 0.0717
target: 	 mrr: 0.051526	 ndcg_5: 0.0454	 ndcg_10: 0.0568	 hit@1:0.015331	 hit@5:0.0760	 hit@10: 0.1115
epoch 80: train_loss = 1.452925, source_mrr = 0.036032, source_hit@10 = 0.0717, source_ndcg@10 = 0.0357, target_mrr = 0.051526, target_hit@10 = 0.1115, target_ndcg@10 = 0.0568

source best:  source_mrr = 0.041564, source_hit@10 = 0.0949, source_ndcg@10 = 0.0445
target best:  target_mrr = 0.059838, target_hit@10 = 0.1345, target_ndcg@10 = 0.0692
