nohup: ignoring input
/home1/lhr/anaconda3/envs/torch/lib/python3.8/site-packages/torch_geometric/typing.py:54: UserWarning: An issue occurred while importing 'pyg-lib'. Disabling its usage. Stacktrace: /lib/x86_64-linux-gnu/libm.so.6: version `GLIBC_2.29' not found (required by /home1/lhr/anaconda3/envs/torch/lib/python3.8/site-packages/libpyg.so)
  warnings.warn(f"An issue occurred while importing 'pyg-lib'. "
/home1/lhr/anaconda3/envs/torch/lib/python3.8/site-packages/torch_geometric/typing.py:110: UserWarning: An issue occurred while importing 'torch-sparse'. Disabling its usage. Stacktrace: /lib/x86_64-linux-gnu/libm.so.6: version `GLIBC_2.29' not found (required by /home1/lhr/anaconda3/envs/torch/lib/python3.8/site-packages/libpyg.so)
  warnings.warn(f"An issue occurred while importing 'torch-sparse'. "
using gpu:2 to train the model
using gpu:2 to train the model
cuda:2
Namespace(A_split=False, JK='sum', a_fold=100, aggregate=False, alpha=0.5, batch_size=1024, beta_inter=0.2, conv_layers=4, cuda=True, decay_epoch=10, device=device(type='cuda', index=2), device_id='2', domains='game_video', dropout=0.4, epoch=80, feature_dim=126, gamma_intra=0.8, hidden_dim=126, inter_tau=0.2, intra_tau=0.4, lambda_critic=0.1, leakey=0.05, load=False, log='logs.txt', log_epoch=1, lr=0.004, lr_decay=0.95, min_epoch=50, mode='train', model_file=None, model_name='gv', momentum=0.98, num_latent_factors=3, num_negative=100, optim='adam', patience=20, proj_layers=1, projection=1, rectify_epoch=30, residual=1, save=False, save_dir='./saved_models', seed=32, similarity_tau=0.1, step=5, test_sample_number=999, user_batch_size=256, weight_decay=0.0002)
number_user 25025
number_item 12319
/home1/lhr/invariantCDR/invariantCDR/utils/GraphMaker.py:46: RuntimeWarning: divide by zero encountered in power
  r_inv = np.power(rowsum, -1).flatten()
/home1/lhr/invariantCDR/invariantCDR/utils/GraphMaker.py:72: UserWarning: torch.sparse.SparseTensor(indices, values, shape, *, device=) is deprecated.  Please use torch.sparse_coo_tensor(indices, values, shape, dtype=, device=). (Triggered internally at /opt/conda/conda-bld/pytorch_1711403590347/work/torch/csrc/utils/tensor_new.cpp:618.)
  return torch.sparse.FloatTensor(indices, values, shape)
real graph loaded!
number_user 19457
number_item 8751
real graph loaded!
graph loaded!
Loading data from game_video with batch size 1024...
unseen test: 0
test length: 1381
unseen test: 0
test length: 1304
unseen test: 0
test length: 1435
unseen test: 0
test length: 1458
source_user_num 25025
target_user_num 19457
source_item_num 12319
target_item_num 8751
shared users id: 1737
test users 226, 217
unseen test: 0
dev length: 1000
unseen test: 0
dev length: 1000
source train data : 155036, target train data: 156091, source test data : 1304, target test data : 1458, source dev data : 1000, target dev data : 1000
2024-08-12 22:40:47.279087: step 304/24320 (epoch 1/80), loss = 2.149330 (86.108 sec/epoch), lr: 0.004000
Evaluating on dev set...
...........................
source: 	 mrr: 0.026578	 ndcg_5: 0.0161	 ndcg_10: 0.0234	 hit@1:0.005793	 hit@5:0.0268	 hit@10: 0.0492
target: 	 mrr: 0.033754	 ndcg_5: 0.0252	 ndcg_10: 0.0332	 hit@1:0.012544	 hit@5:0.0383	 hit@10: 0.0627
source best!
.............
source: 	 mrr: 0.030736	 ndcg_5: 0.0207	 ndcg_10: 0.0298	 hit@1:0.008436	 hit@5:0.0322	 hit@10: 0.0606
target best!
..............target: 	 mrr: 0.029637	 ndcg_5: 0.0216	 ndcg_10: 0.0288	 hit@1:0.007545	 hit@5:0.0364	 hit@10: 0.0590
epoch 1: train_loss = 2.149330, source_mrr = 0.030736, source_hit@10 = 0.0606, source_ndcg@10 = 0.0298, target_mrr = 0.029637, target_hit@10 = 0.0590, target_ndcg@10 = 0.0288

2024-08-12 22:42:14.258507: step 608/24320 (epoch 2/80), loss = 1.834688 (85.656 sec/epoch), lr: 0.004000
Evaluating on dev set...
...........................
source: 	 mrr: 0.021942	 ndcg_5: 0.0135	 ndcg_10: 0.0187	 hit@1:0.005793	 hit@5:0.0210	 hit@10: 0.0369
target: 	 mrr: 0.032019	 ndcg_5: 0.0209	 ndcg_10: 0.0329	 hit@1:0.006272	 hit@5:0.0348	 hit@10: 0.0725
epoch 2: train_loss = 1.834688, source_mrr = 0.021942, source_hit@10 = 0.0369, source_ndcg@10 = 0.0187, target_mrr = 0.032019, target_hit@10 = 0.0725, target_ndcg@10 = 0.0329

2024-08-12 22:43:39.378975: step 912/24320 (epoch 3/80), loss = 1.780805 (84.360 sec/epoch), lr: 0.004000
Evaluating on dev set...
...........................
source: 	 mrr: 0.034030	 ndcg_5: 0.0229	 ndcg_10: 0.0318	 hit@1:0.008689	 hit@5:0.0369	 hit@10: 0.0644
target: 	 mrr: 0.036128	 ndcg_5: 0.0287	 ndcg_10: 0.0392	 hit@1:0.006272	 hit@5:0.0516	 hit@10: 0.0843
source best!
.............
source: 	 mrr: 0.033360	 ndcg_5: 0.0218	 ndcg_10: 0.0334	 hit@1:0.009202	 hit@5:0.0353	 hit@10: 0.0713
target best!
..............target: 	 mrr: 0.039320	 ndcg_5: 0.0306	 ndcg_10: 0.0414	 hit@1:0.010288	 hit@5:0.0514	 hit@10: 0.0857
epoch 3: train_loss = 1.780805, source_mrr = 0.033360, source_hit@10 = 0.0713, source_ndcg@10 = 0.0334, target_mrr = 0.039320, target_hit@10 = 0.0857, target_ndcg@10 = 0.0414

2024-08-12 22:45:05.450016: step 1216/24320 (epoch 4/80), loss = 1.761392 (84.638 sec/epoch), lr: 0.004000
Evaluating on dev set...
...........................
source: 	 mrr: 0.039875	 ndcg_5: 0.0271	 ndcg_10: 0.0388	 hit@1:0.013758	 hit@5:0.0406	 hit@10: 0.0775
target: 	 mrr: 0.045788	 ndcg_5: 0.0356	 ndcg_10: 0.0481	 hit@1:0.017422	 hit@5:0.0537	 hit@10: 0.0927
source best!
.............
source: 	 mrr: 0.042912	 ndcg_5: 0.0306	 ndcg_10: 0.0433	 hit@1:0.014571	 hit@5:0.0460	 hit@10: 0.0851
target best!
..............target: 	 mrr: 0.044670	 ndcg_5: 0.0347	 ndcg_10: 0.0490	 hit@1:0.013032	 hit@5:0.0556	 hit@10: 0.1001
epoch 4: train_loss = 1.761392, source_mrr = 0.042912, source_hit@10 = 0.0851, source_ndcg@10 = 0.0433, target_mrr = 0.044670, target_hit@10 = 0.1001, target_ndcg@10 = 0.0490

2024-08-12 22:46:31.306988: step 1520/24320 (epoch 5/80), loss = 1.748260 (84.520 sec/epoch), lr: 0.004000
Evaluating on dev set...
...........................
source: 	 mrr: 0.037444	 ndcg_5: 0.0250	 ndcg_10: 0.0361	 hit@1:0.011586	 hit@5:0.0384	 hit@10: 0.0731
target: 	 mrr: 0.051677	 ndcg_5: 0.0436	 ndcg_10: 0.0554	 hit@1:0.018118	 hit@5:0.0676	 hit@10: 0.1045
target best!
..............target: 	 mrr: 0.052038	 ndcg_5: 0.0450	 ndcg_10: 0.0559	 hit@1:0.017147	 hit@5:0.0727	 hit@10: 0.1070
epoch 5: train_loss = 1.748260, source_mrr = 0.037444, source_hit@10 = 0.0731, source_ndcg@10 = 0.0361, target_mrr = 0.052038, target_hit@10 = 0.1070, target_ndcg@10 = 0.0559

2024-08-12 22:47:55.973376: step 1824/24320 (epoch 6/80), loss = 1.737292 (83.618 sec/epoch), lr: 0.004000
Evaluating on dev set...
...........................
source: 	 mrr: 0.030987	 ndcg_5: 0.0209	 ndcg_10: 0.0291	 hit@1:0.007965	 hit@5:0.0340	 hit@10: 0.0601
target: 	 mrr: 0.056249	 ndcg_5: 0.0456	 ndcg_10: 0.0596	 hit@1:0.024390	 hit@5:0.0662	 hit@10: 0.1094
target best!
..............target: 	 mrr: 0.059413	 ndcg_5: 0.0502	 ndcg_10: 0.0649	 hit@1:0.022634	 hit@5:0.0768	 hit@10: 0.1228
epoch 6: train_loss = 1.737292, source_mrr = 0.030987, source_hit@10 = 0.0601, source_ndcg@10 = 0.0291, target_mrr = 0.059413, target_hit@10 = 0.1228, target_ndcg@10 = 0.0649

2024-08-12 22:49:21.823488: step 2128/24320 (epoch 7/80), loss = 1.731799 (84.797 sec/epoch), lr: 0.004000
Evaluating on dev set...
...........................
source: 	 mrr: 0.037391	 ndcg_5: 0.0272	 ndcg_10: 0.0364	 hit@1:0.010862	 hit@5:0.0434	 hit@10: 0.0724
target: 	 mrr: 0.041815	 ndcg_5: 0.0348	 ndcg_10: 0.0430	 hit@1:0.013240	 hit@5:0.0557	 hit@10: 0.0822
epoch 7: train_loss = 1.731799, source_mrr = 0.037391, source_hit@10 = 0.0724, source_ndcg@10 = 0.0364, target_mrr = 0.041815, target_hit@10 = 0.0822, target_ndcg@10 = 0.0430

2024-08-12 22:50:47.263887: step 2432/24320 (epoch 8/80), loss = 1.725052 (84.704 sec/epoch), lr: 0.004000
Evaluating on dev set...
...........................
source: 	 mrr: 0.036218	 ndcg_5: 0.0243	 ndcg_10: 0.0368	 hit@1:0.010138	 hit@5:0.0406	 hit@10: 0.0789
target: 	 mrr: 0.050273	 ndcg_5: 0.0436	 ndcg_10: 0.0554	 hit@1:0.018118	 hit@5:0.0704	 hit@10: 0.1073
epoch 8: train_loss = 1.725052, source_mrr = 0.036218, source_hit@10 = 0.0789, source_ndcg@10 = 0.0368, target_mrr = 0.050273, target_hit@10 = 0.1073, target_ndcg@10 = 0.0554

2024-08-12 22:52:11.905754: step 2736/24320 (epoch 9/80), loss = 1.717766 (83.914 sec/epoch), lr: 0.004000
Evaluating on dev set...
...........................
source: 	 mrr: 0.034801	 ndcg_5: 0.0259	 ndcg_10: 0.0349	 hit@1:0.008689	 hit@5:0.0420	 hit@10: 0.0695
target: 	 mrr: 0.047621	 ndcg_5: 0.0398	 ndcg_10: 0.0523	 hit@1:0.017422	 hit@5:0.0627	 hit@10: 0.1010
epoch 9: train_loss = 1.717766, source_mrr = 0.034801, source_hit@10 = 0.0695, source_ndcg@10 = 0.0349, target_mrr = 0.047621, target_hit@10 = 0.1010, target_ndcg@10 = 0.0523

2024-08-12 22:53:37.249460: step 3040/24320 (epoch 10/80), loss = 1.708115 (84.609 sec/epoch), lr: 0.004000
Evaluating on dev set...
...........................
source: 	 mrr: 0.038180	 ndcg_5: 0.0281	 ndcg_10: 0.0372	 hit@1:0.012310	 hit@5:0.0434	 hit@10: 0.0724
target: 	 mrr: 0.039743	 ndcg_5: 0.0288	 ndcg_10: 0.0420	 hit@1:0.009756	 hit@5:0.0481	 hit@10: 0.0892
epoch 10: train_loss = 1.708115, source_mrr = 0.038180, source_hit@10 = 0.0724, source_ndcg@10 = 0.0372, target_mrr = 0.039743, target_hit@10 = 0.0892, target_ndcg@10 = 0.0420

2024-08-12 22:55:02.799741: step 3344/24320 (epoch 11/80), loss = 1.701515 (84.813 sec/epoch), lr: 0.004000
Evaluating on dev set...
...........................
source: 	 mrr: 0.032936	 ndcg_5: 0.0230	 ndcg_10: 0.0313	 hit@1:0.007965	 hit@5:0.0377	 hit@10: 0.0644
target: 	 mrr: 0.051383	 ndcg_5: 0.0439	 ndcg_10: 0.0574	 hit@1:0.018118	 hit@5:0.0697	 hit@10: 0.1122
epoch 11: train_loss = 1.701515, source_mrr = 0.032936, source_hit@10 = 0.0644, source_ndcg@10 = 0.0313, target_mrr = 0.051383, target_hit@10 = 0.1122, target_ndcg@10 = 0.0574

2024-08-12 22:56:27.606293: step 3648/24320 (epoch 12/80), loss = 1.691748 (84.062 sec/epoch), lr: 0.004000
Evaluating on dev set...
...........................
source: 	 mrr: 0.036992	 ndcg_5: 0.0257	 ndcg_10: 0.0364	 hit@1:0.011586	 hit@5:0.0406	 hit@10: 0.0746
target: 	 mrr: 0.040879	 ndcg_5: 0.0316	 ndcg_10: 0.0439	 hit@1:0.012544	 hit@5:0.0530	 hit@10: 0.0913
epoch 12: train_loss = 1.691748, source_mrr = 0.036992, source_hit@10 = 0.0746, source_ndcg@10 = 0.0364, target_mrr = 0.040879, target_hit@10 = 0.0913, target_ndcg@10 = 0.0439

2024-08-12 22:57:52.802993: step 3952/24320 (epoch 13/80), loss = 1.684260 (84.463 sec/epoch), lr: 0.003800
Evaluating on dev set...
...........................
source: 	 mrr: 0.027308	 ndcg_5: 0.0182	 ndcg_10: 0.0254	 hit@1:0.007241	 hit@5:0.0297	 hit@10: 0.0521
target: 	 mrr: 0.042939	 ndcg_5: 0.0349	 ndcg_10: 0.0444	 hit@1:0.016725	 hit@5:0.0544	 hit@10: 0.0843
epoch 13: train_loss = 1.684260, source_mrr = 0.027308, source_hit@10 = 0.0521, source_ndcg@10 = 0.0254, target_mrr = 0.042939, target_hit@10 = 0.0843, target_ndcg@10 = 0.0444

2024-08-12 22:59:18.266076: step 4256/24320 (epoch 14/80), loss = 1.677166 (84.734 sec/epoch), lr: 0.003610
Evaluating on dev set...
...........................
source: 	 mrr: 0.035119	 ndcg_5: 0.0220	 ndcg_10: 0.0330	 hit@1:0.010138	 hit@5:0.0355	 hit@10: 0.0695
target: 	 mrr: 0.053484	 ndcg_5: 0.0448	 ndcg_10: 0.0590	 hit@1:0.019512	 hit@5:0.0711	 hit@10: 0.1157
epoch 14: train_loss = 1.677166, source_mrr = 0.035119, source_hit@10 = 0.0695, source_ndcg@10 = 0.0330, target_mrr = 0.053484, target_hit@10 = 0.1157, target_ndcg@10 = 0.0590

2024-08-12 23:00:43.533812: step 4560/24320 (epoch 15/80), loss = 1.660953 (84.530 sec/epoch), lr: 0.003610
Evaluating on dev set...
...........................
source: 	 mrr: 0.029031	 ndcg_5: 0.0199	 ndcg_10: 0.0278	 hit@1:0.007965	 hit@5:0.0326	 hit@10: 0.0572
target: 	 mrr: 0.040047	 ndcg_5: 0.0300	 ndcg_10: 0.0396	 hit@1:0.018118	 hit@5:0.0418	 hit@10: 0.0718
epoch 15: train_loss = 1.660953, source_mrr = 0.029031, source_hit@10 = 0.0572, source_ndcg@10 = 0.0278, target_mrr = 0.040047, target_hit@10 = 0.0718, target_ndcg@10 = 0.0396

2024-08-12 23:02:08.425232: step 4864/24320 (epoch 16/80), loss = 1.647329 (84.156 sec/epoch), lr: 0.003429
Evaluating on dev set...
...........................
source: 	 mrr: 0.023786	 ndcg_5: 0.0155	 ndcg_10: 0.0234	 hit@1:0.003621	 hit@5:0.0275	 hit@10: 0.0521
target: 	 mrr: 0.039642	 ndcg_5: 0.0308	 ndcg_10: 0.0413	 hit@1:0.013937	 hit@5:0.0481	 hit@10: 0.0808
epoch 16: train_loss = 1.647329, source_mrr = 0.023786, source_hit@10 = 0.0521, source_ndcg@10 = 0.0234, target_mrr = 0.039642, target_hit@10 = 0.0808, target_ndcg@10 = 0.0413

2024-08-12 23:03:33.679465: step 5168/24320 (epoch 17/80), loss = 1.638865 (84.400 sec/epoch), lr: 0.003258
Evaluating on dev set...
...........................
source: 	 mrr: 0.032983	 ndcg_5: 0.0221	 ndcg_10: 0.0311	 hit@1:0.008689	 hit@5:0.0362	 hit@10: 0.0644
target: 	 mrr: 0.047641	 ndcg_5: 0.0398	 ndcg_10: 0.0524	 hit@1:0.017422	 hit@5:0.0641	 hit@10: 0.1038
epoch 17: train_loss = 1.638865, source_mrr = 0.032983, source_hit@10 = 0.0644, source_ndcg@10 = 0.0311, target_mrr = 0.047641, target_hit@10 = 0.1038, target_ndcg@10 = 0.0524

2024-08-12 23:04:58.503737: step 5472/24320 (epoch 18/80), loss = 1.635251 (84.090 sec/epoch), lr: 0.003258
Evaluating on dev set...
...........................
source: 	 mrr: 0.037240	 ndcg_5: 0.0256	 ndcg_10: 0.0372	 hit@1:0.009413	 hit@5:0.0420	 hit@10: 0.0782
target: 	 mrr: 0.055335	 ndcg_5: 0.0495	 ndcg_10: 0.0612	 hit@1:0.018815	 hit@5:0.0815	 hit@10: 0.1178
epoch 18: train_loss = 1.635251, source_mrr = 0.037240, source_hit@10 = 0.0782, source_ndcg@10 = 0.0372, target_mrr = 0.055335, target_hit@10 = 0.1178, target_ndcg@10 = 0.0612

2024-08-12 23:06:23.386048: step 5776/24320 (epoch 19/80), loss = 1.632239 (84.159 sec/epoch), lr: 0.003258
Evaluating on dev set...
...........................
source: 	 mrr: 0.034449	 ndcg_5: 0.0238	 ndcg_10: 0.0344	 hit@1:0.007965	 hit@5:0.0398	 hit@10: 0.0724
target: 	 mrr: 0.052116	 ndcg_5: 0.0441	 ndcg_10: 0.0547	 hit@1:0.020209	 hit@5:0.0655	 hit@10: 0.0990
epoch 19: train_loss = 1.632239, source_mrr = 0.034449, source_hit@10 = 0.0724, source_ndcg@10 = 0.0344, target_mrr = 0.052116, target_hit@10 = 0.0990, target_ndcg@10 = 0.0547

2024-08-12 23:07:48.248828: step 6080/24320 (epoch 20/80), loss = 1.625269 (84.129 sec/epoch), lr: 0.003095
Evaluating on dev set...
...........................
source: 	 mrr: 0.035893	 ndcg_5: 0.0228	 ndcg_10: 0.0354	 hit@1:0.009413	 hit@5:0.0377	 hit@10: 0.0775
target: 	 mrr: 0.051954	 ndcg_5: 0.0439	 ndcg_10: 0.0583	 hit@1:0.017422	 hit@5:0.0690	 hit@10: 0.1143
epoch 20: train_loss = 1.625269, source_mrr = 0.035893, source_hit@10 = 0.0775, source_ndcg@10 = 0.0354, target_mrr = 0.051954, target_hit@10 = 0.1143, target_ndcg@10 = 0.0583

2024-08-12 23:09:13.149699: step 6384/24320 (epoch 21/80), loss = 1.621806 (84.168 sec/epoch), lr: 0.003095
Evaluating on dev set...
...........................
source: 	 mrr: 0.032298	 ndcg_5: 0.0204	 ndcg_10: 0.0306	 hit@1:0.007241	 hit@5:0.0362	 hit@10: 0.0681
target: 	 mrr: 0.053290	 ndcg_5: 0.0455	 ndcg_10: 0.0582	 hit@1:0.019512	 hit@5:0.0704	 hit@10: 0.1101
epoch 21: train_loss = 1.621806, source_mrr = 0.032298, source_hit@10 = 0.0681, source_ndcg@10 = 0.0306, target_mrr = 0.053290, target_hit@10 = 0.1101, target_ndcg@10 = 0.0582

2024-08-12 23:10:37.933586: step 6688/24320 (epoch 22/80), loss = 1.615438 (84.055 sec/epoch), lr: 0.002940
Evaluating on dev set...
...........................
source: 	 mrr: 0.035609	 ndcg_5: 0.0254	 ndcg_10: 0.0333	 hit@1:0.008689	 hit@5:0.0420	 hit@10: 0.0673
target: 	 mrr: 0.062103	 ndcg_5: 0.0529	 ndcg_10: 0.0669	 hit@1:0.027178	 hit@5:0.0794	 hit@10: 0.1233
target best!
..............target: 	 mrr: 0.062623	 ndcg_5: 0.0548	 ndcg_10: 0.0699	 hit@1:0.024005	 hit@5:0.0857	 hit@10: 0.1331
epoch 22: train_loss = 1.615438, source_mrr = 0.035609, source_hit@10 = 0.0673, source_ndcg@10 = 0.0333, target_mrr = 0.062623, target_hit@10 = 0.1331, target_ndcg@10 = 0.0699

2024-08-12 23:12:03.601041: step 6992/24320 (epoch 23/80), loss = 1.610613 (84.596 sec/epoch), lr: 0.002940
Evaluating on dev set...
...........................
source: 	 mrr: 0.035101	 ndcg_5: 0.0224	 ndcg_10: 0.0356	 hit@1:0.007965	 hit@5:0.0377	 hit@10: 0.0789
target: 	 mrr: 0.045726	 ndcg_5: 0.0379	 ndcg_10: 0.0501	 hit@1:0.011847	 hit@5:0.0634	 hit@10: 0.1010
epoch 23: train_loss = 1.610613, source_mrr = 0.035101, source_hit@10 = 0.0789, source_ndcg@10 = 0.0356, target_mrr = 0.045726, target_hit@10 = 0.1010, target_ndcg@10 = 0.0501

2024-08-12 23:13:28.683271: step 7296/24320 (epoch 24/80), loss = 1.604523 (84.338 sec/epoch), lr: 0.002793
Evaluating on dev set...
...........................
source: 	 mrr: 0.033861	 ndcg_5: 0.0221	 ndcg_10: 0.0332	 hit@1:0.007241	 hit@5:0.0377	 hit@10: 0.0724
target: 	 mrr: 0.048256	 ndcg_5: 0.0409	 ndcg_10: 0.0541	 hit@1:0.013240	 hit@5:0.0683	 hit@10: 0.1087
epoch 24: train_loss = 1.604523, source_mrr = 0.033861, source_hit@10 = 0.0724, source_ndcg@10 = 0.0332, target_mrr = 0.048256, target_hit@10 = 0.1087, target_ndcg@10 = 0.0541

2024-08-12 23:14:53.845395: step 7600/24320 (epoch 25/80), loss = 1.601368 (84.398 sec/epoch), lr: 0.002793
Evaluating on dev set...
...........................
source: 	 mrr: 0.043615	 ndcg_5: 0.0300	 ndcg_10: 0.0420	 hit@1:0.015930	 hit@5:0.0442	 hit@10: 0.0818
target: 	 mrr: 0.041099	 ndcg_5: 0.0325	 ndcg_10: 0.0450	 hit@1:0.011150	 hit@5:0.0557	 hit@10: 0.0955
source best!
.............
source: 	 mrr: 0.040567	 ndcg_5: 0.0292	 ndcg_10: 0.0396	 hit@1:0.010736	 hit@5:0.0475	 hit@10: 0.0805
epoch 25: train_loss = 1.601368, source_mrr = 0.040567, source_hit@10 = 0.0805, source_ndcg@10 = 0.0396, target_mrr = 0.041099, target_hit@10 = 0.0955, target_ndcg@10 = 0.0450

2024-08-12 23:16:19.679074: step 7904/24320 (epoch 26/80), loss = 1.597993 (84.824 sec/epoch), lr: 0.002793
Evaluating on dev set...
...........................
source: 	 mrr: 0.038758	 ndcg_5: 0.0285	 ndcg_10: 0.0401	 hit@1:0.009413	 hit@5:0.0492	 hit@10: 0.0847
target: 	 mrr: 0.055160	 ndcg_5: 0.0462	 ndcg_10: 0.0595	 hit@1:0.020906	 hit@5:0.0711	 hit@10: 0.1122
epoch 26: train_loss = 1.597993, source_mrr = 0.038758, source_hit@10 = 0.0847, source_ndcg@10 = 0.0401, target_mrr = 0.055160, target_hit@10 = 0.1122, target_ndcg@10 = 0.0595

2024-08-12 23:17:44.806106: step 8208/24320 (epoch 27/80), loss = 1.599520 (84.392 sec/epoch), lr: 0.002793
Evaluating on dev set...
...........................
source: 	 mrr: 0.032908	 ndcg_5: 0.0229	 ndcg_10: 0.0325	 hit@1:0.007965	 hit@5:0.0398	 hit@10: 0.0695
target: 	 mrr: 0.048396	 ndcg_5: 0.0380	 ndcg_10: 0.0537	 hit@1:0.017422	 hit@5:0.0599	 hit@10: 0.1094
epoch 27: train_loss = 1.599520, source_mrr = 0.032908, source_hit@10 = 0.0695, source_ndcg@10 = 0.0325, target_mrr = 0.048396, target_hit@10 = 0.1094, target_ndcg@10 = 0.0537

2024-08-12 23:19:09.514229: step 8512/24320 (epoch 28/80), loss = 1.589737 (83.978 sec/epoch), lr: 0.002654
Evaluating on dev set...
...........................
source: 	 mrr: 0.035715	 ndcg_5: 0.0243	 ndcg_10: 0.0328	 hit@1:0.013034	 hit@5:0.0362	 hit@10: 0.0630
target: 	 mrr: 0.056800	 ndcg_5: 0.0481	 ndcg_10: 0.0611	 hit@1:0.022997	 hit@5:0.0732	 hit@10: 0.1136
epoch 28: train_loss = 1.589737, source_mrr = 0.035715, source_hit@10 = 0.0630, source_ndcg@10 = 0.0328, target_mrr = 0.056800, target_hit@10 = 0.1136, target_ndcg@10 = 0.0611

2024-08-12 23:20:35.014039: step 8816/24320 (epoch 29/80), loss = 1.590307 (84.757 sec/epoch), lr: 0.002654
Evaluating on dev set...
...........................
source: 	 mrr: 0.038277	 ndcg_5: 0.0266	 ndcg_10: 0.0380	 hit@1:0.011586	 hit@5:0.0406	 hit@10: 0.0760
target: 	 mrr: 0.053775	 ndcg_5: 0.0458	 ndcg_10: 0.0605	 hit@1:0.018815	 hit@5:0.0732	 hit@10: 0.1192
epoch 29: train_loss = 1.590307, source_mrr = 0.038277, source_hit@10 = 0.0760, source_ndcg@10 = 0.0380, target_mrr = 0.053775, target_hit@10 = 0.1192, target_ndcg@10 = 0.0605

2024-08-12 23:22:00.560606: step 9120/24320 (epoch 30/80), loss = 1.586078 (84.787 sec/epoch), lr: 0.002521
Evaluating on dev set...
...........................
source: 	 mrr: 0.036783	 ndcg_5: 0.0241	 ndcg_10: 0.0350	 hit@1:0.010138	 hit@5:0.0377	 hit@10: 0.0724
target: 	 mrr: 0.053422	 ndcg_5: 0.0440	 ndcg_10: 0.0572	 hit@1:0.021603	 hit@5:0.0669	 hit@10: 0.1087
epoch 30: train_loss = 1.586078, source_mrr = 0.036783, source_hit@10 = 0.0724, source_ndcg@10 = 0.0350, target_mrr = 0.053422, target_hit@10 = 0.1087, target_ndcg@10 = 0.0572
shift to transfer learning mode

2024-08-12 23:23:26.912460: step 9424/24320 (epoch 31/80), loss = 1.591726 (85.627 sec/epoch), lr: 0.002395
Evaluating on dev set...
...........................
source: 	 mrr: 0.035217	 ndcg_5: 0.0243	 ndcg_10: 0.0333	 hit@1:0.008689	 hit@5:0.0406	 hit@10: 0.0688
target: 	 mrr: 0.056789	 ndcg_5: 0.0498	 ndcg_10: 0.0646	 hit@1:0.016725	 hit@5:0.0822	 hit@10: 0.1282
epoch 31: train_loss = 1.591726, source_mrr = 0.035217, source_hit@10 = 0.0688, source_ndcg@10 = 0.0333, target_mrr = 0.056789, target_hit@10 = 0.1282, target_ndcg@10 = 0.0646

2024-08-12 23:24:53.768747: step 9728/24320 (epoch 32/80), loss = 1.590042 (86.131 sec/epoch), lr: 0.002395
Evaluating on dev set...
...........................
source: 	 mrr: 0.039429	 ndcg_5: 0.0264	 ndcg_10: 0.0379	 hit@1:0.011586	 hit@5:0.0420	 hit@10: 0.0775
target: 	 mrr: 0.046584	 ndcg_5: 0.0353	 ndcg_10: 0.0513	 hit@1:0.014634	 hit@5:0.0564	 hit@10: 0.1059
epoch 32: train_loss = 1.590042, source_mrr = 0.039429, source_hit@10 = 0.0775, source_ndcg@10 = 0.0379, target_mrr = 0.046584, target_hit@10 = 0.1059, target_ndcg@10 = 0.0513

2024-08-12 23:26:21.079341: step 10032/24320 (epoch 33/80), loss = 1.587050 (86.549 sec/epoch), lr: 0.002275
Evaluating on dev set...
...........................
source: 	 mrr: 0.045101	 ndcg_5: 0.0332	 ndcg_10: 0.0445	 hit@1:0.016655	 hit@5:0.0507	 hit@10: 0.0862
target: 	 mrr: 0.049320	 ndcg_5: 0.0403	 ndcg_10: 0.0538	 hit@1:0.018815	 hit@5:0.0620	 hit@10: 0.1038
source best!
.............
source: 	 mrr: 0.038238	 ndcg_5: 0.0276	 ndcg_10: 0.0373	 hit@1:0.010736	 hit@5:0.0452	 hit@10: 0.0752
epoch 33: train_loss = 1.587050, source_mrr = 0.038238, source_hit@10 = 0.0752, source_ndcg@10 = 0.0373, target_mrr = 0.049320, target_hit@10 = 0.1038, target_ndcg@10 = 0.0538

2024-08-12 23:27:48.674855: step 10336/24320 (epoch 34/80), loss = 1.583408 (86.557 sec/epoch), lr: 0.002275
Evaluating on dev set...
...........................
source: 	 mrr: 0.041711	 ndcg_5: 0.0307	 ndcg_10: 0.0427	 hit@1:0.012310	 hit@5:0.0507	 hit@10: 0.0891
target: 	 mrr: 0.053152	 ndcg_5: 0.0436	 ndcg_10: 0.0561	 hit@1:0.024390	 hit@5:0.0641	 hit@10: 0.1031
epoch 34: train_loss = 1.583408, source_mrr = 0.041711, source_hit@10 = 0.0891, source_ndcg@10 = 0.0427, target_mrr = 0.053152, target_hit@10 = 0.1031, target_ndcg@10 = 0.0561

2024-08-12 23:29:16.253046: step 10640/24320 (epoch 35/80), loss = 1.579855 (86.844 sec/epoch), lr: 0.002275
Evaluating on dev set...
...........................
source: 	 mrr: 0.037211	 ndcg_5: 0.0240	 ndcg_10: 0.0369	 hit@1:0.008689	 hit@5:0.0391	 hit@10: 0.0797
target: 	 mrr: 0.054045	 ndcg_5: 0.0441	 ndcg_10: 0.0593	 hit@1:0.018815	 hit@5:0.0697	 hit@10: 0.1164
epoch 35: train_loss = 1.579855, source_mrr = 0.037211, source_hit@10 = 0.0797, source_ndcg@10 = 0.0369, target_mrr = 0.054045, target_hit@10 = 0.1164, target_ndcg@10 = 0.0593

2024-08-12 23:30:43.608007: step 10944/24320 (epoch 36/80), loss = 1.576963 (86.692 sec/epoch), lr: 0.002161
Evaluating on dev set...
...........................
source: 	 mrr: 0.034757	 ndcg_5: 0.0233	 ndcg_10: 0.0328	 hit@1:0.006517	 hit@5:0.0413	 hit@10: 0.0710
target: 	 mrr: 0.051316	 ndcg_5: 0.0428	 ndcg_10: 0.0567	 hit@1:0.018118	 hit@5:0.0662	 hit@10: 0.1101
epoch 36: train_loss = 1.576963, source_mrr = 0.034757, source_hit@10 = 0.0710, source_ndcg@10 = 0.0328, target_mrr = 0.051316, target_hit@10 = 0.1101, target_ndcg@10 = 0.0567

2024-08-12 23:32:11.009555: step 11248/24320 (epoch 37/80), loss = 1.573484 (86.617 sec/epoch), lr: 0.002053
Evaluating on dev set...
...........................
source: 	 mrr: 0.036866	 ndcg_5: 0.0277	 ndcg_10: 0.0374	 hit@1:0.006517	 hit@5:0.0478	 hit@10: 0.0782
target: 	 mrr: 0.056451	 ndcg_5: 0.0473	 ndcg_10: 0.0597	 hit@1:0.025784	 hit@5:0.0690	 hit@10: 0.1073
epoch 37: train_loss = 1.573484, source_mrr = 0.036866, source_hit@10 = 0.0782, source_ndcg@10 = 0.0374, target_mrr = 0.056451, target_hit@10 = 0.1073, target_ndcg@10 = 0.0597

2024-08-12 23:33:38.314190: step 11552/24320 (epoch 38/80), loss = 1.568468 (86.560 sec/epoch), lr: 0.002053
Evaluating on dev set...
...........................
source: 	 mrr: 0.040712	 ndcg_5: 0.0286	 ndcg_10: 0.0401	 hit@1:0.013758	 hit@5:0.0442	 hit@10: 0.0804
target: 	 mrr: 0.048018	 ndcg_5: 0.0378	 ndcg_10: 0.0530	 hit@1:0.017422	 hit@5:0.0585	 hit@10: 0.1073
epoch 38: train_loss = 1.568468, source_mrr = 0.040712, source_hit@10 = 0.0804, source_ndcg@10 = 0.0401, target_mrr = 0.048018, target_hit@10 = 0.1073, target_ndcg@10 = 0.0530

2024-08-12 23:35:05.828322: step 11856/24320 (epoch 39/80), loss = 1.565505 (86.786 sec/epoch), lr: 0.001951
Evaluating on dev set...
...........................
source: 	 mrr: 0.032195	 ndcg_5: 0.0179	 ndcg_10: 0.0312	 hit@1:0.006517	 hit@5:0.0304	 hit@10: 0.0717
target: 	 mrr: 0.042942	 ndcg_5: 0.0342	 ndcg_10: 0.0474	 hit@1:0.011847	 hit@5:0.0585	 hit@10: 0.0997
epoch 39: train_loss = 1.565505, source_mrr = 0.032195, source_hit@10 = 0.0717, source_ndcg@10 = 0.0312, target_mrr = 0.042942, target_hit@10 = 0.0997, target_ndcg@10 = 0.0474

2024-08-12 23:36:31.887816: step 12160/24320 (epoch 40/80), loss = 1.564071 (85.302 sec/epoch), lr: 0.001853
Evaluating on dev set...
...........................
source: 	 mrr: 0.039075	 ndcg_5: 0.0272	 ndcg_10: 0.0379	 hit@1:0.012310	 hit@5:0.0434	 hit@10: 0.0768
target: 	 mrr: 0.054209	 ndcg_5: 0.0452	 ndcg_10: 0.0626	 hit@1:0.017422	 hit@5:0.0739	 hit@10: 0.1282
epoch 40: train_loss = 1.564071, source_mrr = 0.039075, source_hit@10 = 0.0768, source_ndcg@10 = 0.0379, target_mrr = 0.054209, target_hit@10 = 0.1282, target_ndcg@10 = 0.0626

2024-08-12 23:37:58.555909: step 12464/24320 (epoch 41/80), loss = 1.561132 (85.932 sec/epoch), lr: 0.001853
Evaluating on dev set...
...........................
source: 	 mrr: 0.038003	 ndcg_5: 0.0281	 ndcg_10: 0.0371	 hit@1:0.007965	 hit@5:0.0492	 hit@10: 0.0775
target: 	 mrr: 0.055446	 ndcg_5: 0.0494	 ndcg_10: 0.0620	 hit@1:0.015331	 hit@5:0.0843	 hit@10: 0.1240
epoch 41: train_loss = 1.561132, source_mrr = 0.038003, source_hit@10 = 0.0775, source_ndcg@10 = 0.0371, target_mrr = 0.055446, target_hit@10 = 0.1240, target_ndcg@10 = 0.0620

2024-08-12 23:39:26.627488: step 12768/24320 (epoch 42/80), loss = 1.562141 (87.328 sec/epoch), lr: 0.001853
Evaluating on dev set...
...........................
source: 	 mrr: 0.037276	 ndcg_5: 0.0250	 ndcg_10: 0.0350	 hit@1:0.009413	 hit@5:0.0427	 hit@10: 0.0739
target: 	 mrr: 0.057344	 ndcg_5: 0.0488	 ndcg_10: 0.0633	 hit@1:0.023693	 hit@5:0.0732	 hit@10: 0.1185
epoch 42: train_loss = 1.562141, source_mrr = 0.037276, source_hit@10 = 0.0739, source_ndcg@10 = 0.0350, target_mrr = 0.057344, target_hit@10 = 0.1185, target_ndcg@10 = 0.0633

2024-08-12 23:40:53.458344: step 13072/24320 (epoch 43/80), loss = 1.557435 (86.068 sec/epoch), lr: 0.001853
Evaluating on dev set...
...........................
source: 	 mrr: 0.040653	 ndcg_5: 0.0275	 ndcg_10: 0.0399	 hit@1:0.013034	 hit@5:0.0420	 hit@10: 0.0811
target: 	 mrr: 0.058888	 ndcg_5: 0.0504	 ndcg_10: 0.0649	 hit@1:0.024390	 hit@5:0.0774	 hit@10: 0.1233
epoch 43: train_loss = 1.557435, source_mrr = 0.040653, source_hit@10 = 0.0811, source_ndcg@10 = 0.0399, target_mrr = 0.058888, target_hit@10 = 0.1233, target_ndcg@10 = 0.0649

2024-08-12 23:42:21.316437: step 13376/24320 (epoch 44/80), loss = 1.556504 (87.081 sec/epoch), lr: 0.001853
Evaluating on dev set...
...........................
source: 	 mrr: 0.043179	 ndcg_5: 0.0329	 ndcg_10: 0.0433	 hit@1:0.015930	 hit@5:0.0514	 hit@10: 0.0840
target: 	 mrr: 0.050881	 ndcg_5: 0.0433	 ndcg_10: 0.0568	 hit@1:0.017422	 hit@5:0.0718	 hit@10: 0.1136
epoch 44: train_loss = 1.556504, source_mrr = 0.043179, source_hit@10 = 0.0840, source_ndcg@10 = 0.0433, target_mrr = 0.050881, target_hit@10 = 0.1136, target_ndcg@10 = 0.0568

2024-08-12 23:43:48.636760: step 13680/24320 (epoch 45/80), loss = 1.553423 (86.581 sec/epoch), lr: 0.001761
Evaluating on dev set...
...........................
source: 	 mrr: 0.037316	 ndcg_5: 0.0282	 ndcg_10: 0.0365	 hit@1:0.015206	 hit@5:0.0427	 hit@10: 0.0681
target: 	 mrr: 0.051879	 ndcg_5: 0.0446	 ndcg_10: 0.0590	 hit@1:0.012544	 hit@5:0.0753	 hit@10: 0.1199
epoch 45: train_loss = 1.553423, source_mrr = 0.037316, source_hit@10 = 0.0681, source_ndcg@10 = 0.0365, target_mrr = 0.051879, target_hit@10 = 0.1199, target_ndcg@10 = 0.0590

2024-08-12 23:45:14.980625: step 13984/24320 (epoch 46/80), loss = 1.549559 (85.618 sec/epoch), lr: 0.001672
Evaluating on dev set...
...........................
source: 	 mrr: 0.042748	 ndcg_5: 0.0286	 ndcg_10: 0.0430	 hit@1:0.014482	 hit@5:0.0434	 hit@10: 0.0891
target: 	 mrr: 0.051717	 ndcg_5: 0.0430	 ndcg_10: 0.0558	 hit@1:0.017422	 hit@5:0.0683	 hit@10: 0.1080
epoch 46: train_loss = 1.549559, source_mrr = 0.042748, source_hit@10 = 0.0891, source_ndcg@10 = 0.0430, target_mrr = 0.051717, target_hit@10 = 0.1080, target_ndcg@10 = 0.0558

2024-08-12 23:46:42.356960: step 14288/24320 (epoch 47/80), loss = 1.551087 (86.627 sec/epoch), lr: 0.001672
Evaluating on dev set...
...........................
source: 	 mrr: 0.044575	 ndcg_5: 0.0342	 ndcg_10: 0.0451	 hit@1:0.013034	 hit@5:0.0550	 hit@10: 0.0891
target: 	 mrr: 0.057793	 ndcg_5: 0.0490	 ndcg_10: 0.0644	 hit@1:0.020209	 hit@5:0.0774	 hit@10: 0.1254
epoch 47: train_loss = 1.551087, source_mrr = 0.044575, source_hit@10 = 0.0891, source_ndcg@10 = 0.0451, target_mrr = 0.057793, target_hit@10 = 0.1254, target_ndcg@10 = 0.0644

2024-08-12 23:48:10.008434: step 14592/24320 (epoch 48/80), loss = 1.548478 (86.920 sec/epoch), lr: 0.001672
Evaluating on dev set...
...........................
source: 	 mrr: 0.042679	 ndcg_5: 0.0321	 ndcg_10: 0.0448	 hit@1:0.011586	 hit@5:0.0529	 hit@10: 0.0927
target: 	 mrr: 0.059014	 ndcg_5: 0.0521	 ndcg_10: 0.0676	 hit@1:0.018118	 hit@5:0.0836	 hit@10: 0.1317
epoch 48: train_loss = 1.548478, source_mrr = 0.042679, source_hit@10 = 0.0927, source_ndcg@10 = 0.0448, target_mrr = 0.059014, target_hit@10 = 0.1317, target_ndcg@10 = 0.0676

2024-08-12 23:49:38.559094: step 14896/24320 (epoch 49/80), loss = 1.544030 (87.820 sec/epoch), lr: 0.001589
Evaluating on dev set...
...........................
source: 	 mrr: 0.040650	 ndcg_5: 0.0310	 ndcg_10: 0.0406	 hit@1:0.011586	 hit@5:0.0500	 hit@10: 0.0804
target: 	 mrr: 0.055084	 ndcg_5: 0.0484	 ndcg_10: 0.0616	 hit@1:0.019512	 hit@5:0.0787	 hit@10: 0.1199
epoch 49: train_loss = 1.544030, source_mrr = 0.040650, source_hit@10 = 0.0804, source_ndcg@10 = 0.0406, target_mrr = 0.055084, target_hit@10 = 0.1199, target_ndcg@10 = 0.0616

2024-08-12 23:51:06.992751: step 15200/24320 (epoch 50/80), loss = 1.540562 (87.690 sec/epoch), lr: 0.001509
Evaluating on dev set...
...........................
source: 	 mrr: 0.044347	 ndcg_5: 0.0325	 ndcg_10: 0.0471	 hit@1:0.013758	 hit@5:0.0529	 hit@10: 0.0985
target: 	 mrr: 0.057678	 ndcg_5: 0.0502	 ndcg_10: 0.0645	 hit@1:0.020906	 hit@5:0.0794	 hit@10: 0.1233
epoch 50: train_loss = 1.540562, source_mrr = 0.044347, source_hit@10 = 0.0985, source_ndcg@10 = 0.0471, target_mrr = 0.057678, target_hit@10 = 0.1233, target_ndcg@10 = 0.0645

2024-08-12 23:52:35.227776: step 15504/24320 (epoch 51/80), loss = 1.538301 (87.504 sec/epoch), lr: 0.001509
Evaluating on dev set...
...........................
source: 	 mrr: 0.039064	 ndcg_5: 0.0279	 ndcg_10: 0.0405	 hit@1:0.011586	 hit@5:0.0449	 hit@10: 0.0833
target: 	 mrr: 0.058773	 ndcg_5: 0.0482	 ndcg_10: 0.0635	 hit@1:0.021603	 hit@5:0.0732	 hit@10: 0.1206
epoch 51: train_loss = 1.538301, source_mrr = 0.039064, source_hit@10 = 0.0833, source_ndcg@10 = 0.0405, target_mrr = 0.058773, target_hit@10 = 0.1206, target_ndcg@10 = 0.0635

2024-08-12 23:54:01.598427: step 15808/24320 (epoch 52/80), loss = 1.535433 (85.624 sec/epoch), lr: 0.001434
Evaluating on dev set...
...........................
source: 	 mrr: 0.039942	 ndcg_5: 0.0298	 ndcg_10: 0.0407	 hit@1:0.009413	 hit@5:0.0507	 hit@10: 0.0847
target: 	 mrr: 0.057971	 ndcg_5: 0.0512	 ndcg_10: 0.0642	 hit@1:0.021603	 hit@5:0.0815	 hit@10: 0.1220
epoch 52: train_loss = 1.535433, source_mrr = 0.039942, source_hit@10 = 0.0847, source_ndcg@10 = 0.0407, target_mrr = 0.057971, target_hit@10 = 0.1220, target_ndcg@10 = 0.0642

2024-08-12 23:55:28.783221: step 16112/24320 (epoch 53/80), loss = 1.534373 (86.538 sec/epoch), lr: 0.001434
Evaluating on dev set...
...........................
source: 	 mrr: 0.040796	 ndcg_5: 0.0294	 ndcg_10: 0.0412	 hit@1:0.009413	 hit@5:0.0507	 hit@10: 0.0876
target: 	 mrr: 0.060011	 ndcg_5: 0.0506	 ndcg_10: 0.0676	 hit@1:0.023693	 hit@5:0.0767	 hit@10: 0.1296
epoch 53: train_loss = 1.534373, source_mrr = 0.040796, source_hit@10 = 0.0876, source_ndcg@10 = 0.0412, target_mrr = 0.060011, target_hit@10 = 0.1296, target_ndcg@10 = 0.0676

2024-08-12 23:56:56.061010: step 16416/24320 (epoch 54/80), loss = 1.531510 (86.626 sec/epoch), lr: 0.001434
Evaluating on dev set...
...........................
source: 	 mrr: 0.043672	 ndcg_5: 0.0312	 ndcg_10: 0.0453	 hit@1:0.010862	 hit@5:0.0507	 hit@10: 0.0956
target: 	 mrr: 0.059093	 ndcg_5: 0.0504	 ndcg_10: 0.0637	 hit@1:0.025087	 hit@5:0.0753	 hit@10: 0.1171
epoch 54: train_loss = 1.531510, source_mrr = 0.043672, source_hit@10 = 0.0956, source_ndcg@10 = 0.0453, target_mrr = 0.059093, target_hit@10 = 0.1171, target_ndcg@10 = 0.0637
early termination of training
source best:  source_mrr = 0.044347, source_hit@10 = 0.0985, source_ndcg@10 = 0.0471
target best:  target_mrr = 0.059014, target_hit@10 = 0.1331, target_ndcg@10 = 0.0699
