nohup: ignoring input
using gpu:0 to train the model
using gpu:0 to train the model
cuda:0
Namespace(A_split=False, JK='sum', a_fold=100, aggregate=False, alpha=0.5, batch_size=1024, beta_inter=0.2, conv_layers=4, cuda=True, decay_epoch=10, device=device(type='cuda', index=0), device_id='0', domains='game_video', dropout=0.4, epoch=80, feature_dim=126, gamma_intra=0.8, hidden_dim=126, inter_tau=0.2, intra_tau=0.8, lambda_critic=0.1, leakey=0.05, load=False, log='logs.txt', log_epoch=1, lr=0.004, lr_decay=0.95, min_epoch=50, mode='train', model_file=None, model_name='gv', momentum=0.98, num_latent_factors=3, num_negative=100, optim='adam', patience=20, proj_layers=1, projection=1, rectify_epoch=30, residual=1, save=False, save_dir='./saved_models', seed=32, similarity_tau=0.1, test_sample_number=999, user_batch_size=256, weight_decay=0.0002)
number_user 25025
number_item 12319
/home/disk2/lhr/invariantCDR/invariantCDR/utils/GraphMaker.py:46: RuntimeWarning: divide by zero encountered in power
  r_inv = np.power(rowsum, -1).flatten()
real graph loaded!
number_user 19457
number_item 8751
real graph loaded!
graph loaded!
Loading data from game_video with batch size 1024...
unseen test: 0
test length: 1381
unseen test: 0
test length: 1304
unseen test: 0
test length: 1435
unseen test: 0
test length: 1458
source_user_num 25025
target_user_num 19457
source_item_num 12319
target_item_num 8751
shared users id: 1737
test users 226, 217
unseen test: 0
dev length: 1000
unseen test: 0
dev length: 1000
source train data : 155036, target train data: 156091, source test data : 1304, target test data : 1458, source dev data : 1000, target dev data : 1000
2024-08-11 04:01:37.878774: step 304/24320 (epoch 1/80), loss = 2.140211 (81.699 sec/epoch), lr: 0.004000
Evaluating on dev set...
...........................
source: 	 mrr: 0.029437	 ndcg_5: 0.0223	 ndcg_10: 0.0302	 hit@1:0.007241	 hit@5:0.0384	 hit@10: 0.0630
target: 	 mrr: 0.037289	 ndcg_5: 0.0289	 ndcg_10: 0.0379	 hit@1:0.013240	 hit@5:0.0446	 hit@10: 0.0725
source best!
.............
source: 	 mrr: 0.028749	 ndcg_5: 0.0187	 ndcg_10: 0.0260	 hit@1:0.007669	 hit@5:0.0291	 hit@10: 0.0521
target best!
..............target: 	 mrr: 0.033806	 ndcg_5: 0.0254	 ndcg_10: 0.0345	 hit@1:0.009602	 hit@5:0.0418	 hit@10: 0.0700
epoch 1: train_loss = 2.140211, source_hit@10 = 0.0521, source_ndcg@10 = 0.0260, target_hit@10 = 0.0700, target_ndcg@10 = 0.0345

2024-08-11 04:02:58.539146: step 608/24320 (epoch 2/80), loss = 1.828160 (79.606 sec/epoch), lr: 0.004000
Evaluating on dev set...
...........................
source: 	 mrr: 0.034283	 ndcg_5: 0.0250	 ndcg_10: 0.0340	 hit@1:0.008689	 hit@5:0.0420	 hit@10: 0.0702
target: 	 mrr: 0.035475	 ndcg_5: 0.0260	 ndcg_10: 0.0368	 hit@1:0.011150	 hit@5:0.0418	 hit@10: 0.0760
source best!
.............
source: 	 mrr: 0.027453	 ndcg_5: 0.0167	 ndcg_10: 0.0249	 hit@1:0.005368	 hit@5:0.0299	 hit@10: 0.0560
epoch 2: train_loss = 1.828160, source_hit@10 = 0.0560, source_ndcg@10 = 0.0249, target_hit@10 = 0.0760, target_ndcg@10 = 0.0368

2024-08-11 04:04:23.055636: step 912/24320 (epoch 3/80), loss = 1.772429 (83.686 sec/epoch), lr: 0.004000
Evaluating on dev set...
...........................
source: 	 mrr: 0.027262	 ndcg_5: 0.0171	 ndcg_10: 0.0259	 hit@1:0.006517	 hit@5:0.0282	 hit@10: 0.0550
target: 	 mrr: 0.038076	 ndcg_5: 0.0273	 ndcg_10: 0.0353	 hit@1:0.016028	 hit@5:0.0376	 hit@10: 0.0627
target best!
..............target: 	 mrr: 0.036969	 ndcg_5: 0.0257	 ndcg_10: 0.0357	 hit@1:0.013717	 hit@5:0.0377	 hit@10: 0.0693
epoch 3: train_loss = 1.772429, source_hit@10 = 0.0550, source_ndcg@10 = 0.0259, target_hit@10 = 0.0693, target_ndcg@10 = 0.0357

2024-08-11 04:05:44.550735: step 1216/24320 (epoch 4/80), loss = 1.749915 (80.621 sec/epoch), lr: 0.004000
Evaluating on dev set...
...........................
source: 	 mrr: 0.021950	 ndcg_5: 0.0155	 ndcg_10: 0.0199	 hit@1:0.007965	 hit@5:0.0239	 hit@10: 0.0377
target: 	 mrr: 0.023691	 ndcg_5: 0.0156	 ndcg_10: 0.0206	 hit@1:0.007666	 hit@5:0.0244	 hit@10: 0.0397
epoch 4: train_loss = 1.749915, source_hit@10 = 0.0377, source_ndcg@10 = 0.0199, target_hit@10 = 0.0397, target_ndcg@10 = 0.0206

2024-08-11 04:07:07.756632: step 1520/24320 (epoch 5/80), loss = 1.733465 (82.621 sec/epoch), lr: 0.004000
Evaluating on dev set...
...........................
source: 	 mrr: 0.027137	 ndcg_5: 0.0200	 ndcg_10: 0.0271	 hit@1:0.007241	 hit@5:0.0326	 hit@10: 0.0550
target: 	 mrr: 0.039573	 ndcg_5: 0.0281	 ndcg_10: 0.0432	 hit@1:0.012544	 hit@5:0.0432	 hit@10: 0.0899
target best!
..............target: 	 mrr: 0.042566	 ndcg_5: 0.0324	 ndcg_10: 0.0431	 hit@1:0.014403	 hit@5:0.0501	 hit@10: 0.0830
epoch 5: train_loss = 1.733465, source_hit@10 = 0.0550, source_ndcg@10 = 0.0271, target_hit@10 = 0.0830, target_ndcg@10 = 0.0431

2024-08-11 04:08:29.925196: step 1824/24320 (epoch 6/80), loss = 1.717519 (81.315 sec/epoch), lr: 0.004000
Evaluating on dev set...
...........................
source: 	 mrr: 0.033986	 ndcg_5: 0.0220	 ndcg_10: 0.0338	 hit@1:0.006517	 hit@5:0.0391	 hit@10: 0.0760
target: 	 mrr: 0.042966	 ndcg_5: 0.0343	 ndcg_10: 0.0474	 hit@1:0.016028	 hit@5:0.0530	 hit@10: 0.0941
target best!
..............target: 	 mrr: 0.037684	 ndcg_5: 0.0271	 ndcg_10: 0.0404	 hit@1:0.010288	 hit@5:0.0446	 hit@10: 0.0857
epoch 6: train_loss = 1.717519, source_hit@10 = 0.0760, source_ndcg@10 = 0.0338, target_hit@10 = 0.0857, target_ndcg@10 = 0.0404

2024-08-11 04:09:51.244509: step 2128/24320 (epoch 7/80), loss = 1.711827 (80.482 sec/epoch), lr: 0.004000
Evaluating on dev set...
...........................
source: 	 mrr: 0.023513	 ndcg_5: 0.0148	 ndcg_10: 0.0211	 hit@1:0.006517	 hit@5:0.0232	 hit@10: 0.0420
target: 	 mrr: 0.042502	 ndcg_5: 0.0324	 ndcg_10: 0.0452	 hit@1:0.015331	 hit@5:0.0488	 hit@10: 0.0885
epoch 7: train_loss = 1.711827, source_hit@10 = 0.0420, source_ndcg@10 = 0.0211, target_hit@10 = 0.0885, target_ndcg@10 = 0.0452

2024-08-11 04:11:14.090309: step 2432/24320 (epoch 8/80), loss = 1.706721 (82.260 sec/epoch), lr: 0.004000
Evaluating on dev set...
...........................
source: 	 mrr: 0.029059	 ndcg_5: 0.0217	 ndcg_10: 0.0282	 hit@1:0.009413	 hit@5:0.0340	 hit@10: 0.0543
target: 	 mrr: 0.036920	 ndcg_5: 0.0311	 ndcg_10: 0.0417	 hit@1:0.006969	 hit@5:0.0571	 hit@10: 0.0899
epoch 8: train_loss = 1.706721, source_hit@10 = 0.0543, source_ndcg@10 = 0.0282, target_hit@10 = 0.0899, target_ndcg@10 = 0.0417

2024-08-11 04:12:35.689842: step 2736/24320 (epoch 9/80), loss = 1.698475 (80.922 sec/epoch), lr: 0.004000
Evaluating on dev set...
...........................
source: 	 mrr: 0.034734	 ndcg_5: 0.0221	 ndcg_10: 0.0331	 hit@1:0.009413	 hit@5:0.0348	 hit@10: 0.0695
target: 	 mrr: 0.046138	 ndcg_5: 0.0388	 ndcg_10: 0.0489	 hit@1:0.018118	 hit@5:0.0606	 hit@10: 0.0920
source best!
.............
source: 	 mrr: 0.037644	 ndcg_5: 0.0250	 ndcg_10: 0.0406	 hit@1:0.009969	 hit@5:0.0422	 hit@10: 0.0905
target best!
..............target: 	 mrr: 0.043284	 ndcg_5: 0.0337	 ndcg_10: 0.0455	 hit@1:0.013032	 hit@5:0.0528	 hit@10: 0.0892
epoch 9: train_loss = 1.698475, source_hit@10 = 0.0905, source_ndcg@10 = 0.0406, target_hit@10 = 0.0892, target_ndcg@10 = 0.0455

2024-08-11 04:13:59.723952: step 3040/24320 (epoch 10/80), loss = 1.692469 (82.914 sec/epoch), lr: 0.004000
Evaluating on dev set...
...........................
source: 	 mrr: 0.024979	 ndcg_5: 0.0170	 ndcg_10: 0.0238	 hit@1:0.005069	 hit@5:0.0275	 hit@10: 0.0492
target: 	 mrr: 0.039816	 ndcg_5: 0.0325	 ndcg_10: 0.0437	 hit@1:0.010453	 hit@5:0.0564	 hit@10: 0.0920
epoch 10: train_loss = 1.692469, source_hit@10 = 0.0492, source_ndcg@10 = 0.0238, target_hit@10 = 0.0920, target_ndcg@10 = 0.0437

2024-08-11 04:15:23.832649: step 3344/24320 (epoch 11/80), loss = 1.688212 (83.506 sec/epoch), lr: 0.004000
Evaluating on dev set...
...........................
source: 	 mrr: 0.027946	 ndcg_5: 0.0178	 ndcg_10: 0.0269	 hit@1:0.005069	 hit@5:0.0311	 hit@10: 0.0601
target: 	 mrr: 0.023984	 ndcg_5: 0.0149	 ndcg_10: 0.0203	 hit@1:0.007666	 hit@5:0.0230	 hit@10: 0.0397
epoch 11: train_loss = 1.688212, source_hit@10 = 0.0601, source_ndcg@10 = 0.0269, target_hit@10 = 0.0397, target_ndcg@10 = 0.0203

2024-08-11 04:16:47.072232: step 3648/24320 (epoch 12/80), loss = 1.678081 (82.492 sec/epoch), lr: 0.003800
Evaluating on dev set...
...........................
source: 	 mrr: 0.037464	 ndcg_5: 0.0279	 ndcg_10: 0.0383	 hit@1:0.008689	 hit@5:0.0485	 hit@10: 0.0804
target: 	 mrr: 0.042383	 ndcg_5: 0.0330	 ndcg_10: 0.0439	 hit@1:0.016028	 hit@5:0.0502	 hit@10: 0.0843
source best!
.............
source: 	 mrr: 0.040454	 ndcg_5: 0.0283	 ndcg_10: 0.0398	 hit@1:0.013037	 hit@5:0.0429	 hit@10: 0.0790
epoch 12: train_loss = 1.678081, source_hit@10 = 0.0790, source_ndcg@10 = 0.0398, target_hit@10 = 0.0843, target_ndcg@10 = 0.0439

2024-08-11 04:18:10.252592: step 3952/24320 (epoch 13/80), loss = 1.676348 (82.328 sec/epoch), lr: 0.003800
Evaluating on dev set...
...........................
source: 	 mrr: 0.029869	 ndcg_5: 0.0181	 ndcg_10: 0.0297	 hit@1:0.005793	 hit@5:0.0304	 hit@10: 0.0673
target: 	 mrr: 0.041124	 ndcg_5: 0.0333	 ndcg_10: 0.0448	 hit@1:0.011150	 hit@5:0.0557	 hit@10: 0.0906
epoch 13: train_loss = 1.676348, source_hit@10 = 0.0673, source_ndcg@10 = 0.0297, target_hit@10 = 0.0906, target_ndcg@10 = 0.0448

2024-08-11 04:19:32.883414: step 4256/24320 (epoch 14/80), loss = 1.667810 (82.031 sec/epoch), lr: 0.003610
Evaluating on dev set...
...........................
source: 	 mrr: 0.029947	 ndcg_5: 0.0198	 ndcg_10: 0.0284	 hit@1:0.006517	 hit@5:0.0319	 hit@10: 0.0587
target: 	 mrr: 0.026853	 ndcg_5: 0.0161	 ndcg_10: 0.0265	 hit@1:0.004878	 hit@5:0.0286	 hit@10: 0.0613
epoch 14: train_loss = 1.667810, source_hit@10 = 0.0587, source_ndcg@10 = 0.0284, target_hit@10 = 0.0613, target_ndcg@10 = 0.0265

2024-08-11 04:20:54.408183: step 4560/24320 (epoch 15/80), loss = 1.659246 (80.941 sec/epoch), lr: 0.003429
Evaluating on dev set...
...........................
source: 	 mrr: 0.032732	 ndcg_5: 0.0220	 ndcg_10: 0.0307	 hit@1:0.006517	 hit@5:0.0377	 hit@10: 0.0652
target: 	 mrr: 0.048794	 ndcg_5: 0.0408	 ndcg_10: 0.0541	 hit@1:0.016028	 hit@5:0.0655	 hit@10: 0.1066
target best!
..............target: 	 mrr: 0.047230	 ndcg_5: 0.0396	 ndcg_10: 0.0512	 hit@1:0.014403	 hit@5:0.0652	 hit@10: 0.1015
epoch 15: train_loss = 1.659246, source_hit@10 = 0.0652, source_ndcg@10 = 0.0307, target_hit@10 = 0.1015, target_ndcg@10 = 0.0512

2024-08-11 04:22:16.307467: step 4864/24320 (epoch 16/80), loss = 1.656293 (81.031 sec/epoch), lr: 0.003429
Evaluating on dev set...
...........................
source: 	 mrr: 0.033550	 ndcg_5: 0.0220	 ndcg_10: 0.0322	 hit@1:0.007241	 hit@5:0.0369	 hit@10: 0.0688
target: 	 mrr: 0.043183	 ndcg_5: 0.0343	 ndcg_10: 0.0446	 hit@1:0.019512	 hit@5:0.0495	 hit@10: 0.0822
epoch 16: train_loss = 1.656293, source_hit@10 = 0.0688, source_ndcg@10 = 0.0322, target_hit@10 = 0.0822, target_ndcg@10 = 0.0446

2024-08-11 04:23:39.200115: step 5168/24320 (epoch 17/80), loss = 1.646777 (82.303 sec/epoch), lr: 0.003258
Evaluating on dev set...
...........................
source: 	 mrr: 0.037633	 ndcg_5: 0.0269	 ndcg_10: 0.0377	 hit@1:0.011586	 hit@5:0.0434	 hit@10: 0.0768
target: 	 mrr: 0.048579	 ndcg_5: 0.0412	 ndcg_10: 0.0513	 hit@1:0.014634	 hit@5:0.0676	 hit@10: 0.0990
source best!
.............
source: 	 mrr: 0.038390	 ndcg_5: 0.0289	 ndcg_10: 0.0390	 hit@1:0.011503	 hit@5:0.0460	 hit@10: 0.0775
epoch 17: train_loss = 1.646777, source_hit@10 = 0.0775, source_ndcg@10 = 0.0390, target_hit@10 = 0.0990, target_ndcg@10 = 0.0513

2024-08-11 04:25:01.236780: step 5472/24320 (epoch 18/80), loss = 1.638902 (81.215 sec/epoch), lr: 0.003258
Evaluating on dev set...
...........................
source: 	 mrr: 0.041765	 ndcg_5: 0.0314	 ndcg_10: 0.0428	 hit@1:0.014482	 hit@5:0.0492	 hit@10: 0.0854
target: 	 mrr: 0.046182	 ndcg_5: 0.0372	 ndcg_10: 0.0497	 hit@1:0.015331	 hit@5:0.0599	 hit@10: 0.0990
source best!
.............
source: 	 mrr: 0.037667	 ndcg_5: 0.0253	 ndcg_10: 0.0356	 hit@1:0.013037	 hit@5:0.0376	 hit@10: 0.0698
epoch 18: train_loss = 1.638902, source_hit@10 = 0.0698, source_ndcg@10 = 0.0356, target_hit@10 = 0.0990, target_ndcg@10 = 0.0497

2024-08-11 04:26:22.778640: step 5776/24320 (epoch 19/80), loss = 1.632995 (80.678 sec/epoch), lr: 0.003258
Evaluating on dev set...
...........................
source: 	 mrr: 0.037719	 ndcg_5: 0.0260	 ndcg_10: 0.0385	 hit@1:0.007965	 hit@5:0.0442	 hit@10: 0.0833
target: 	 mrr: 0.053559	 ndcg_5: 0.0448	 ndcg_10: 0.0564	 hit@1:0.019512	 hit@5:0.0662	 hit@10: 0.1024
target best!
..............target: 	 mrr: 0.049456	 ndcg_5: 0.0404	 ndcg_10: 0.0547	 hit@1:0.012346	 hit@5:0.0665	 hit@10: 0.1111
epoch 19: train_loss = 1.632995, source_hit@10 = 0.0833, source_ndcg@10 = 0.0385, target_hit@10 = 0.1111, target_ndcg@10 = 0.0547

2024-08-11 04:27:47.055315: step 6080/24320 (epoch 20/80), loss = 1.627446 (83.448 sec/epoch), lr: 0.003258
Evaluating on dev set...
...........................
source: 	 mrr: 0.028278	 ndcg_5: 0.0156	 ndcg_10: 0.0262	 hit@1:0.004345	 hit@5:0.0261	 hit@10: 0.0594
target: 	 mrr: 0.053553	 ndcg_5: 0.0471	 ndcg_10: 0.0585	 hit@1:0.018118	 hit@5:0.0725	 hit@10: 0.1087
epoch 20: train_loss = 1.627446, source_hit@10 = 0.0594, source_ndcg@10 = 0.0262, target_hit@10 = 0.1087, target_ndcg@10 = 0.0585

2024-08-11 04:29:09.052079: step 6384/24320 (epoch 21/80), loss = 1.617853 (81.373 sec/epoch), lr: 0.003095
Evaluating on dev set...
...........................
source: 	 mrr: 0.040051	 ndcg_5: 0.0326	 ndcg_10: 0.0394	 hit@1:0.011586	 hit@5:0.0536	 hit@10: 0.0753
target: 	 mrr: 0.040598	 ndcg_5: 0.0331	 ndcg_10: 0.0457	 hit@1:0.013937	 hit@5:0.0551	 hit@10: 0.0941
epoch 21: train_loss = 1.617853, source_hit@10 = 0.0753, source_ndcg@10 = 0.0394, target_hit@10 = 0.0941, target_ndcg@10 = 0.0457

2024-08-11 04:30:30.264335: step 6688/24320 (epoch 22/80), loss = 1.611638 (80.615 sec/epoch), lr: 0.002940
Evaluating on dev set...
...........................
source: 	 mrr: 0.017596	 ndcg_5: 0.0088	 ndcg_10: 0.0123	 hit@1:0.003621	 hit@5:0.0138	 hit@10: 0.0246
target: 	 mrr: 0.040049	 ndcg_5: 0.0288	 ndcg_10: 0.0436	 hit@1:0.008362	 hit@5:0.0495	 hit@10: 0.0955
epoch 22: train_loss = 1.611638, source_hit@10 = 0.0246, source_ndcg@10 = 0.0123, target_hit@10 = 0.0955, target_ndcg@10 = 0.0436

2024-08-11 04:31:52.896588: step 6992/24320 (epoch 23/80), loss = 1.607503 (82.041 sec/epoch), lr: 0.002793
Evaluating on dev set...
...........................
source: 	 mrr: 0.038600	 ndcg_5: 0.0279	 ndcg_10: 0.0380	 hit@1:0.010138	 hit@5:0.0456	 hit@10: 0.0775
target: 	 mrr: 0.038080	 ndcg_5: 0.0315	 ndcg_10: 0.0420	 hit@1:0.011150	 hit@5:0.0530	 hit@10: 0.0850
epoch 23: train_loss = 1.607503, source_hit@10 = 0.0775, source_ndcg@10 = 0.0380, target_hit@10 = 0.0850, target_ndcg@10 = 0.0420

2024-08-11 04:33:15.679812: step 7296/24320 (epoch 24/80), loss = 1.604776 (82.128 sec/epoch), lr: 0.002793
Evaluating on dev set...
...........................
source: 	 mrr: 0.032954	 ndcg_5: 0.0215	 ndcg_10: 0.0292	 hit@1:0.010138	 hit@5:0.0333	 hit@10: 0.0572
target: 	 mrr: 0.041734	 ndcg_5: 0.0340	 ndcg_10: 0.0444	 hit@1:0.013240	 hit@5:0.0551	 hit@10: 0.0871
epoch 24: train_loss = 1.604776, source_hit@10 = 0.0572, source_ndcg@10 = 0.0292, target_hit@10 = 0.0871, target_ndcg@10 = 0.0444

2024-08-11 04:34:39.188397: step 7600/24320 (epoch 25/80), loss = 1.599002 (82.915 sec/epoch), lr: 0.002654
Evaluating on dev set...
...........................
source: 	 mrr: 0.036323	 ndcg_5: 0.0251	 ndcg_10: 0.0356	 hit@1:0.009413	 hit@5:0.0413	 hit@10: 0.0739
target: 	 mrr: 0.040477	 ndcg_5: 0.0327	 ndcg_10: 0.0441	 hit@1:0.010453	 hit@5:0.0551	 hit@10: 0.0906
epoch 25: train_loss = 1.599002, source_hit@10 = 0.0739, source_ndcg@10 = 0.0356, target_hit@10 = 0.0906, target_ndcg@10 = 0.0441

2024-08-11 04:36:01.029121: step 7904/24320 (epoch 26/80), loss = 1.596590 (81.265 sec/epoch), lr: 0.002654
Evaluating on dev set...
...........................
source: 	 mrr: 0.036621	 ndcg_5: 0.0249	 ndcg_10: 0.0359	 hit@1:0.008689	 hit@5:0.0420	 hit@10: 0.0768
target: 	 mrr: 0.051120	 ndcg_5: 0.0432	 ndcg_10: 0.0544	 hit@1:0.018118	 hit@5:0.0662	 hit@10: 0.1010
epoch 26: train_loss = 1.596590, source_hit@10 = 0.0768, source_ndcg@10 = 0.0359, target_hit@10 = 0.1010, target_ndcg@10 = 0.0544

2024-08-11 04:37:22.497546: step 8208/24320 (epoch 27/80), loss = 1.599432 (80.884 sec/epoch), lr: 0.002654
Evaluating on dev set...
...........................
source: 	 mrr: 0.038440	 ndcg_5: 0.0272	 ndcg_10: 0.0382	 hit@1:0.014482	 hit@5:0.0406	 hit@10: 0.0753
target: 	 mrr: 0.049465	 ndcg_5: 0.0406	 ndcg_10: 0.0521	 hit@1:0.018815	 hit@5:0.0620	 hit@10: 0.0983
epoch 27: train_loss = 1.599432, source_hit@10 = 0.0753, source_ndcg@10 = 0.0382, target_hit@10 = 0.0983, target_ndcg@10 = 0.0521

2024-08-11 04:38:47.186965: step 8512/24320 (epoch 28/80), loss = 1.592747 (84.067 sec/epoch), lr: 0.002654
Evaluating on dev set...
...........................
source: 	 mrr: 0.042577	 ndcg_5: 0.0312	 ndcg_10: 0.0446	 hit@1:0.015206	 hit@5:0.0478	 hit@10: 0.0898
target: 	 mrr: 0.037009	 ndcg_5: 0.0284	 ndcg_10: 0.0365	 hit@1:0.012544	 hit@5:0.0439	 hit@10: 0.0690
source best!
.............
source: 	 mrr: 0.038459	 ndcg_5: 0.0258	 ndcg_10: 0.0364	 hit@1:0.013037	 hit@5:0.0399	 hit@10: 0.0729
epoch 28: train_loss = 1.592747, source_hit@10 = 0.0729, source_ndcg@10 = 0.0364, target_hit@10 = 0.0690, target_ndcg@10 = 0.0365

2024-08-11 04:40:11.574446: step 8816/24320 (epoch 29/80), loss = 1.591407 (83.543 sec/epoch), lr: 0.002521
Evaluating on dev set...
...........................
source: 	 mrr: 0.038186	 ndcg_5: 0.0262	 ndcg_10: 0.0370	 hit@1:0.010138	 hit@5:0.0420	 hit@10: 0.0760
target: 	 mrr: 0.043617	 ndcg_5: 0.0330	 ndcg_10: 0.0472	 hit@1:0.013937	 hit@5:0.0523	 hit@10: 0.0969
epoch 29: train_loss = 1.591407, source_hit@10 = 0.0760, source_ndcg@10 = 0.0370, target_hit@10 = 0.0969, target_ndcg@10 = 0.0472

2024-08-11 04:41:34.910170: step 9120/24320 (epoch 30/80), loss = 1.590192 (82.751 sec/epoch), lr: 0.002521
Evaluating on dev set...
...........................
source: 	 mrr: 0.020096	 ndcg_5: 0.0115	 ndcg_10: 0.0182	 hit@1:0.001448	 hit@5:0.0217	 hit@10: 0.0427
target: 	 mrr: 0.051866	 ndcg_5: 0.0433	 ndcg_10: 0.0536	 hit@1:0.020906	 hit@5:0.0648	 hit@10: 0.0962
epoch 30: train_loss = 1.590192, source_hit@10 = 0.0427, source_ndcg@10 = 0.0182, target_hit@10 = 0.0962, target_ndcg@10 = 0.0536
shift to transfer learning mode

2024-08-11 04:42:59.658056: step 9424/24320 (epoch 31/80), loss = 1.596909 (84.163 sec/epoch), lr: 0.002395
Evaluating on dev set...
...........................
source: 	 mrr: 0.020226	 ndcg_5: 0.0100	 ndcg_10: 0.0158	 hit@1:0.003621	 hit@5:0.0174	 hit@10: 0.0355
target: 	 mrr: 0.050777	 ndcg_5: 0.0416	 ndcg_10: 0.0544	 hit@1:0.020209	 hit@5:0.0620	 hit@10: 0.1017
epoch 31: train_loss = 1.596909, source_hit@10 = 0.0355, source_ndcg@10 = 0.0158, target_hit@10 = 0.1017, target_ndcg@10 = 0.0544

2024-08-11 04:44:22.539216: step 9728/24320 (epoch 32/80), loss = 1.593014 (82.295 sec/epoch), lr: 0.002275
Evaluating on dev set...
...........................
source: 	 mrr: 0.037474	 ndcg_5: 0.0252	 ndcg_10: 0.0369	 hit@1:0.009413	 hit@5:0.0413	 hit@10: 0.0775
target: 	 mrr: 0.047896	 ndcg_5: 0.0381	 ndcg_10: 0.0525	 hit@1:0.016028	 hit@5:0.0599	 hit@10: 0.1045
epoch 32: train_loss = 1.593014, source_hit@10 = 0.0775, source_ndcg@10 = 0.0369, target_hit@10 = 0.1045, target_ndcg@10 = 0.0525

2024-08-11 04:45:46.318229: step 10032/24320 (epoch 33/80), loss = 1.591905 (83.206 sec/epoch), lr: 0.002275
Evaluating on dev set...
...........................
source: 	 mrr: 0.041434	 ndcg_5: 0.0270	 ndcg_10: 0.0404	 hit@1:0.013758	 hit@5:0.0398	 hit@10: 0.0818
target: 	 mrr: 0.062019	 ndcg_5: 0.0546	 ndcg_10: 0.0660	 hit@1:0.027875	 hit@5:0.0829	 hit@10: 0.1185
target best!
..............target: 	 mrr: 0.063130	 ndcg_5: 0.0545	 ndcg_10: 0.0696	 hit@1:0.026063	 hit@5:0.0837	 hit@10: 0.1303
epoch 33: train_loss = 1.591905, source_hit@10 = 0.0818, source_ndcg@10 = 0.0404, target_hit@10 = 0.1303, target_ndcg@10 = 0.0696

2024-08-11 04:47:11.645738: step 10336/24320 (epoch 34/80), loss = 1.588886 (84.280 sec/epoch), lr: 0.002275
Evaluating on dev set...
...........................
source: 	 mrr: 0.038775	 ndcg_5: 0.0262	 ndcg_10: 0.0392	 hit@1:0.010862	 hit@5:0.0434	 hit@10: 0.0840
target: 	 mrr: 0.046836	 ndcg_5: 0.0399	 ndcg_10: 0.0540	 hit@1:0.010453	 hit@5:0.0690	 hit@10: 0.1129
epoch 34: train_loss = 1.588886, source_hit@10 = 0.0840, source_ndcg@10 = 0.0392, target_hit@10 = 0.1129, target_ndcg@10 = 0.0540

2024-08-11 04:48:34.589462: step 10640/24320 (epoch 35/80), loss = 1.583006 (82.350 sec/epoch), lr: 0.002161
Evaluating on dev set...
...........................
source: 	 mrr: 0.035369	 ndcg_5: 0.0240	 ndcg_10: 0.0354	 hit@1:0.008689	 hit@5:0.0398	 hit@10: 0.0746
target: 	 mrr: 0.055270	 ndcg_5: 0.0466	 ndcg_10: 0.0601	 hit@1:0.022997	 hit@5:0.0690	 hit@10: 0.1108
epoch 35: train_loss = 1.583006, source_hit@10 = 0.0746, source_ndcg@10 = 0.0354, target_hit@10 = 0.1108, target_ndcg@10 = 0.0601

2024-08-11 04:49:58.149574: step 10944/24320 (epoch 36/80), loss = 1.582814 (82.933 sec/epoch), lr: 0.002161
Evaluating on dev set...
...........................
source: 	 mrr: 0.024093	 ndcg_5: 0.0128	 ndcg_10: 0.0192	 hit@1:0.003621	 hit@5:0.0224	 hit@10: 0.0427
target: 	 mrr: 0.042945	 ndcg_5: 0.0323	 ndcg_10: 0.0462	 hit@1:0.013240	 hit@5:0.0523	 hit@10: 0.0948
epoch 36: train_loss = 1.582814, source_hit@10 = 0.0427, source_ndcg@10 = 0.0192, target_hit@10 = 0.0948, target_ndcg@10 = 0.0462

2024-08-11 04:51:22.928129: step 11248/24320 (epoch 37/80), loss = 1.578585 (84.192 sec/epoch), lr: 0.002053
Evaluating on dev set...
...........................
source: 	 mrr: 0.037624	 ndcg_5: 0.0248	 ndcg_10: 0.0368	 hit@1:0.010138	 hit@5:0.0398	 hit@10: 0.0775
target: 	 mrr: 0.049076	 ndcg_5: 0.0414	 ndcg_10: 0.0536	 hit@1:0.019512	 hit@5:0.0648	 hit@10: 0.1031
epoch 37: train_loss = 1.578585, source_hit@10 = 0.0775, source_ndcg@10 = 0.0368, target_hit@10 = 0.1031, target_ndcg@10 = 0.0536

2024-08-11 04:52:47.435103: step 11552/24320 (epoch 38/80), loss = 1.575990 (83.915 sec/epoch), lr: 0.002053
Evaluating on dev set...
...........................
source: 	 mrr: 0.033843	 ndcg_5: 0.0234	 ndcg_10: 0.0298	 hit@1:0.009413	 hit@5:0.0369	 hit@10: 0.0572
target: 	 mrr: 0.046783	 ndcg_5: 0.0385	 ndcg_10: 0.0517	 hit@1:0.014634	 hit@5:0.0634	 hit@10: 0.1045
epoch 38: train_loss = 1.575990, source_hit@10 = 0.0572, source_ndcg@10 = 0.0298, target_hit@10 = 0.1045, target_ndcg@10 = 0.0517

2024-08-11 04:54:12.214509: step 11856/24320 (epoch 39/80), loss = 1.572075 (84.005 sec/epoch), lr: 0.001951
Evaluating on dev set...
...........................
source: 	 mrr: 0.036267	 ndcg_5: 0.0231	 ndcg_10: 0.0358	 hit@1:0.007965	 hit@5:0.0391	 hit@10: 0.0789
target: 	 mrr: 0.046207	 ndcg_5: 0.0370	 ndcg_10: 0.0489	 hit@1:0.017422	 hit@5:0.0571	 hit@10: 0.0941
epoch 39: train_loss = 1.572075, source_hit@10 = 0.0789, source_ndcg@10 = 0.0358, target_hit@10 = 0.0941, target_ndcg@10 = 0.0489

2024-08-11 04:55:37.235273: step 12160/24320 (epoch 40/80), loss = 1.574419 (84.425 sec/epoch), lr: 0.001951
Evaluating on dev set...
...........................
source: 	 mrr: 0.037747	 ndcg_5: 0.0256	 ndcg_10: 0.0386	 hit@1:0.010862	 hit@5:0.0420	 hit@10: 0.0833
target: 	 mrr: 0.050114	 ndcg_5: 0.0411	 ndcg_10: 0.0512	 hit@1:0.020906	 hit@5:0.0606	 hit@10: 0.0920
epoch 40: train_loss = 1.574419, source_hit@10 = 0.0833, source_ndcg@10 = 0.0386, target_hit@10 = 0.0920, target_ndcg@10 = 0.0512

2024-08-11 04:57:00.802285: step 12464/24320 (epoch 41/80), loss = 1.571460 (82.980 sec/epoch), lr: 0.001951
Evaluating on dev set...
...........................
source: 	 mrr: 0.043343	 ndcg_5: 0.0309	 ndcg_10: 0.0446	 hit@1:0.015930	 hit@5:0.0471	 hit@10: 0.0883
target: 	 mrr: 0.047331	 ndcg_5: 0.0392	 ndcg_10: 0.0479	 hit@1:0.016725	 hit@5:0.0620	 hit@10: 0.0892
source best!
.............
source: 	 mrr: 0.039592	 ndcg_5: 0.0262	 ndcg_10: 0.0385	 hit@1:0.011503	 hit@5:0.0406	 hit@10: 0.0790
epoch 41: train_loss = 1.571460, source_hit@10 = 0.0790, source_ndcg@10 = 0.0385, target_hit@10 = 0.0892, target_ndcg@10 = 0.0479

2024-08-11 04:58:25.005578: step 12768/24320 (epoch 42/80), loss = 1.571491 (83.411 sec/epoch), lr: 0.001951
Evaluating on dev set...
...........................
source: 	 mrr: 0.039698	 ndcg_5: 0.0273	 ndcg_10: 0.0387	 hit@1:0.011586	 hit@5:0.0449	 hit@10: 0.0804
target: 	 mrr: 0.056187	 ndcg_5: 0.0474	 ndcg_10: 0.0607	 hit@1:0.024390	 hit@5:0.0739	 hit@10: 0.1150
epoch 42: train_loss = 1.571491, source_hit@10 = 0.0804, source_ndcg@10 = 0.0387, target_hit@10 = 0.1150, target_ndcg@10 = 0.0607

2024-08-11 04:59:48.137827: step 13072/24320 (epoch 43/80), loss = 1.569568 (82.538 sec/epoch), lr: 0.001951
Evaluating on dev set...
...........................
source: 	 mrr: 0.036279	 ndcg_5: 0.0230	 ndcg_10: 0.0366	 hit@1:0.007965	 hit@5:0.0377	 hit@10: 0.0804
target: 	 mrr: 0.049558	 ndcg_5: 0.0415	 ndcg_10: 0.0540	 hit@1:0.016725	 hit@5:0.0669	 hit@10: 0.1059
epoch 43: train_loss = 1.569568, source_hit@10 = 0.0804, source_ndcg@10 = 0.0366, target_hit@10 = 0.1059, target_ndcg@10 = 0.0540

2024-08-11 05:01:10.640297: step 13376/24320 (epoch 44/80), loss = 1.564356 (81.918 sec/epoch), lr: 0.001853
Evaluating on dev set...
...........................
source: 	 mrr: 0.039401	 ndcg_5: 0.0277	 ndcg_10: 0.0382	 hit@1:0.013034	 hit@5:0.0427	 hit@10: 0.0753
target: 	 mrr: 0.054503	 ndcg_5: 0.0447	 ndcg_10: 0.0589	 hit@1:0.022997	 hit@5:0.0669	 hit@10: 0.1108
epoch 44: train_loss = 1.564356, source_hit@10 = 0.0753, source_ndcg@10 = 0.0382, target_hit@10 = 0.1108, target_ndcg@10 = 0.0589

2024-08-11 05:02:33.916429: step 13680/24320 (epoch 45/80), loss = 1.565797 (82.640 sec/epoch), lr: 0.001853
Evaluating on dev set...
...........................
source: 	 mrr: 0.027303	 ndcg_5: 0.0173	 ndcg_10: 0.0236	 hit@1:0.005793	 hit@5:0.0297	 hit@10: 0.0492
target: 	 mrr: 0.059181	 ndcg_5: 0.0505	 ndcg_10: 0.0644	 hit@1:0.025087	 hit@5:0.0767	 hit@10: 0.1199
epoch 45: train_loss = 1.565797, source_hit@10 = 0.0492, source_ndcg@10 = 0.0236, target_hit@10 = 0.1199, target_ndcg@10 = 0.0644

2024-08-11 05:03:58.044640: step 13984/24320 (epoch 46/80), loss = 1.561215 (83.518 sec/epoch), lr: 0.001761
Evaluating on dev set...
...........................
source: 	 mrr: 0.035889	 ndcg_5: 0.0226	 ndcg_10: 0.0350	 hit@1:0.007241	 hit@5:0.0377	 hit@10: 0.0768
target: 	 mrr: 0.047811	 ndcg_5: 0.0395	 ndcg_10: 0.0526	 hit@1:0.016725	 hit@5:0.0620	 hit@10: 0.1024
epoch 46: train_loss = 1.561215, source_hit@10 = 0.0768, source_ndcg@10 = 0.0350, target_hit@10 = 0.1024, target_ndcg@10 = 0.0526

2024-08-11 05:05:21.485081: step 14288/24320 (epoch 47/80), loss = 1.557784 (82.787 sec/epoch), lr: 0.001672
Evaluating on dev set...
...........................
source: 	 mrr: 0.020489	 ndcg_5: 0.0115	 ndcg_10: 0.0169	 hit@1:0.004345	 hit@5:0.0181	 hit@10: 0.0348
target: 	 mrr: 0.052737	 ndcg_5: 0.0451	 ndcg_10: 0.0574	 hit@1:0.017422	 hit@5:0.0725	 hit@10: 0.1108
epoch 47: train_loss = 1.557784, source_hit@10 = 0.0348, source_ndcg@10 = 0.0169, target_hit@10 = 0.1108, target_ndcg@10 = 0.0574

2024-08-11 05:06:46.958832: step 14592/24320 (epoch 48/80), loss = 1.554093 (84.733 sec/epoch), lr: 0.001589
Evaluating on dev set...
...........................
source: 	 mrr: 0.040293	 ndcg_5: 0.0277	 ndcg_10: 0.0387	 hit@1:0.011586	 hit@5:0.0427	 hit@10: 0.0768
target: 	 mrr: 0.056108	 ndcg_5: 0.0491	 ndcg_10: 0.0607	 hit@1:0.022997	 hit@5:0.0753	 hit@10: 0.1115
epoch 48: train_loss = 1.554093, source_hit@10 = 0.0768, source_ndcg@10 = 0.0387, target_hit@10 = 0.1115, target_ndcg@10 = 0.0607

2024-08-11 05:08:10.273494: step 14896/24320 (epoch 49/80), loss = 1.550608 (82.661 sec/epoch), lr: 0.001589
Evaluating on dev set...
...........................
source: 	 mrr: 0.032932	 ndcg_5: 0.0230	 ndcg_10: 0.0340	 hit@1:0.007965	 hit@5:0.0377	 hit@10: 0.0717
target: 	 mrr: 0.047056	 ndcg_5: 0.0401	 ndcg_10: 0.0509	 hit@1:0.016725	 hit@5:0.0676	 hit@10: 0.1017
epoch 49: train_loss = 1.550608, source_hit@10 = 0.0717, source_ndcg@10 = 0.0340, target_hit@10 = 0.1017, target_ndcg@10 = 0.0509

2024-08-11 05:09:32.262797: step 15200/24320 (epoch 50/80), loss = 1.547480 (81.404 sec/epoch), lr: 0.001509
Evaluating on dev set...
...........................
source: 	 mrr: 0.036410	 ndcg_5: 0.0236	 ndcg_10: 0.0365	 hit@1:0.006517	 hit@5:0.0406	 hit@10: 0.0804
target: 	 mrr: 0.043288	 ndcg_5: 0.0334	 ndcg_10: 0.0479	 hit@1:0.016028	 hit@5:0.0502	 hit@10: 0.0955
epoch 50: train_loss = 1.547480, source_hit@10 = 0.0804, source_ndcg@10 = 0.0365, target_hit@10 = 0.0955, target_ndcg@10 = 0.0479

2024-08-11 05:10:54.344936: step 15504/24320 (epoch 51/80), loss = 1.543554 (81.506 sec/epoch), lr: 0.001434
Evaluating on dev set...
...........................
source: 	 mrr: 0.043549	 ndcg_5: 0.0323	 ndcg_10: 0.0467	 hit@1:0.013034	 hit@5:0.0521	 hit@10: 0.0963
target: 	 mrr: 0.048118	 ndcg_5: 0.0416	 ndcg_10: 0.0508	 hit@1:0.018118	 hit@5:0.0655	 hit@10: 0.0941
source best!
.............
source: 	 mrr: 0.047705	 ndcg_5: 0.0386	 ndcg_10: 0.0495	 hit@1:0.016104	 hit@5:0.0606	 hit@10: 0.0943
epoch 51: train_loss = 1.543554, source_hit@10 = 0.0943, source_ndcg@10 = 0.0495, target_hit@10 = 0.0941, target_ndcg@10 = 0.0508
early termination of training
