nohup: ignoring input
/home1/lhr/anaconda3/envs/torch/lib/python3.8/site-packages/torch_geometric/typing.py:54: UserWarning: An issue occurred while importing 'pyg-lib'. Disabling its usage. Stacktrace: /lib/x86_64-linux-gnu/libm.so.6: version `GLIBC_2.29' not found (required by /home1/lhr/anaconda3/envs/torch/lib/python3.8/site-packages/libpyg.so)
  warnings.warn(f"An issue occurred while importing 'pyg-lib'. "
/home1/lhr/anaconda3/envs/torch/lib/python3.8/site-packages/torch_geometric/typing.py:110: UserWarning: An issue occurred while importing 'torch-sparse'. Disabling its usage. Stacktrace: /lib/x86_64-linux-gnu/libm.so.6: version `GLIBC_2.29' not found (required by /home1/lhr/anaconda3/envs/torch/lib/python3.8/site-packages/libpyg.so)
  warnings.warn(f"An issue occurred while importing 'torch-sparse'. "
using gpu:6 to train the model
using gpu:6 to train the model
cuda:6
Namespace(A_split=False, JK='sum', a_fold=100, aggregate=False, alpha=0.3, batch_size=1024, beta_inter=0.2, conv_layers=4, cuda=True, decay_epoch=10, device=device(type='cuda', index=6), device_id='6', domains='cell_electronic', dropout=0.4, epoch=80, feature_dim=126, gamma_intra=0.8, hidden_dim=126, inter_tau=0.2, intra_tau=0.4, lambda_critic=0.1, leakey=0.05, load=False, log='logs.txt', log_epoch=1, lr=0.004, lr_decay=0.95, min_epoch=60, mode='train', model_file=None, model_name='ce', momentum=0.98, num_latent_factors=3, num_negative=100, optim='adam', patience=20, proj_layers=1, projection=1, rectify_epoch=40, residual=1, save=False, save_dir='./saved_models', seed=4090, similarity_tau=0.2, step=3, test_sample_number=999, user_batch_size=256, weight_decay=0.0002)
number_user 27519
number_item 9481
/home1/lhr/invariantCDR/invariantCDR/utils/GraphMaker.py:46: RuntimeWarning: divide by zero encountered in power
  r_inv = np.power(rowsum, -1).flatten()
/home1/lhr/invariantCDR/invariantCDR/utils/GraphMaker.py:72: UserWarning: torch.sparse.SparseTensor(indices, values, shape, *, device=) is deprecated.  Please use torch.sparse_coo_tensor(indices, values, shape, dtype=, device=). (Triggered internally at /opt/conda/conda-bld/pytorch_1711403590347/work/torch/csrc/utils/tensor_new.cpp:618.)
  return torch.sparse.FloatTensor(indices, values, shape)
real graph loaded!
number_user 107984
number_item 40460
real graph loaded!
graph loaded!
Loading data from cell_electronic with batch size 1024...
unseen test: 0
test length: 6417
unseen test: 0
test length: 6322
unseen test: 0
test length: 15199
unseen test: 0
test length: 15053
source_user_num 27519
target_user_num 107984
source_item_num 9481
target_item_num 40460
shared users id: 16337
test users 2049, 2042
unseen test: 0
dev length: 1000
unseen test: 0
dev length: 1000
source train data : 148271, target train data: 821301, source test data : 6322, target test data : 15053, source dev data : 1000, target dev data : 1000
2024-08-13 23:48:32.656472: step 947/75760 (epoch 1/80), loss = 2.216293 (682.496 sec/epoch), lr: 0.004000
Evaluating on dev set...
.......................................................................................................................................................................................................................
source: 	 mrr: 0.060812	 ndcg_5: 0.0511	 ndcg_10: 0.0692	 hit@1:0.021194	 hit@5:0.0809	 hit@10: 0.1368
target: 	 mrr: 0.057691	 ndcg_5: 0.0477	 ndcg_10: 0.0635	 hit@1:0.021515	 hit@5:0.0742	 hit@10: 0.1233
source best!
...............................................................
source: 	 mrr: 0.062275	 ndcg_5: 0.0532	 ndcg_10: 0.0712	 hit@1:0.021354	 hit@5:0.0853	 hit@10: 0.1411
target best!
......................................................................................................................................................target: 	 mrr: 0.059443	 ndcg_5: 0.0498	 ndcg_10: 0.0648	 hit@1:0.022055	 hit@5:0.0773	 hit@10: 0.1239
epoch 1: train_loss = 2.216293, source_mrr = 0.062275, source_hit@10 = 0.1411, source_ndcg@10 = 0.0712, target_mrr = 0.059443, target_hit@10 = 0.1239, target_ndcg@10 = 0.0648

2024-08-14 00:00:01.991536: step 1894/75760 (epoch 2/80), loss = 2.058595 (679.918 sec/epoch), lr: 0.004000
Evaluating on dev set...
.......................................................................................................................................................................................................................
source: 	 mrr: 0.057343	 ndcg_5: 0.0483	 ndcg_10: 0.0636	 hit@1:0.021194	 hit@5:0.0757	 hit@10: 0.1236
target: 	 mrr: 0.047635	 ndcg_5: 0.0375	 ndcg_10: 0.0524	 hit@1:0.014672	 hit@5:0.0608	 hit@10: 0.1070
epoch 2: train_loss = 2.058595, source_mrr = 0.057343, source_hit@10 = 0.1236, source_ndcg@10 = 0.0636, target_mrr = 0.047635, target_hit@10 = 0.1070, target_ndcg@10 = 0.0524

2024-08-14 00:11:26.378378: step 2841/75760 (epoch 3/80), loss = 2.028326 (678.936 sec/epoch), lr: 0.004000
Evaluating on dev set...
.......................................................................................................................................................................................................................
source: 	 mrr: 0.064653	 ndcg_5: 0.0574	 ndcg_10: 0.0739	 hit@1:0.022440	 hit@5:0.0926	 hit@10: 0.1443
target: 	 mrr: 0.062364	 ndcg_5: 0.0514	 ndcg_10: 0.0710	 hit@1:0.020593	 hit@5:0.0833	 hit@10: 0.1445
source best!
...............................................................
source: 	 mrr: 0.064200	 ndcg_5: 0.0554	 ndcg_10: 0.0713	 hit@1:0.022936	 hit@5:0.0884	 hit@10: 0.1382
target best!
......................................................................................................................................................target: 	 mrr: 0.061961	 ndcg_5: 0.0503	 ndcg_10: 0.0712	 hit@1:0.021458	 hit@5:0.0806	 hit@10: 0.1461
epoch 3: train_loss = 2.028326, source_mrr = 0.064200, source_hit@10 = 0.1382, source_ndcg@10 = 0.0713, target_mrr = 0.061961, target_hit@10 = 0.1461, target_ndcg@10 = 0.0712

2024-08-14 00:22:51.767273: step 3788/75760 (epoch 4/80), loss = 2.005298 (675.821 sec/epoch), lr: 0.004000
Evaluating on dev set...
.......................................................................................................................................................................................................................
source: 	 mrr: 0.052625	 ndcg_5: 0.0428	 ndcg_10: 0.0573	 hit@1:0.017142	 hit@5:0.0687	 hit@10: 0.1134
target: 	 mrr: 0.069631	 ndcg_5: 0.0592	 ndcg_10: 0.0805	 hit@1:0.023686	 hit@5:0.0957	 hit@10: 0.1619
target best!
......................................................................................................................................................target: 	 mrr: 0.071662	 ndcg_5: 0.0611	 ndcg_10: 0.0830	 hit@1:0.025045	 hit@5:0.0977	 hit@10: 0.1661
epoch 4: train_loss = 2.005298, source_mrr = 0.052625, source_hit@10 = 0.1134, source_ndcg@10 = 0.0573, target_mrr = 0.071662, target_hit@10 = 0.1661, target_ndcg@10 = 0.0830

2024-08-14 00:34:16.039066: step 4735/75760 (epoch 5/80), loss = 1.985533 (676.229 sec/epoch), lr: 0.004000
Evaluating on dev set...
.......................................................................................................................................................................................................................
source: 	 mrr: 0.069124	 ndcg_5: 0.0622	 ndcg_10: 0.0783	 hit@1:0.025401	 hit@5:0.0993	 hit@10: 0.1493
target: 	 mrr: 0.051196	 ndcg_5: 0.0391	 ndcg_10: 0.0548	 hit@1:0.015922	 hit@5:0.0627	 hit@10: 0.1119
source best!
...............................................................
source: 	 mrr: 0.072454	 ndcg_5: 0.0635	 ndcg_10: 0.0814	 hit@1:0.030370	 hit@5:0.0976	 hit@10: 0.1530
epoch 5: train_loss = 1.985533, source_mrr = 0.072454, source_hit@10 = 0.1530, source_ndcg@10 = 0.0814, target_mrr = 0.051196, target_hit@10 = 0.1119, target_ndcg@10 = 0.0548

2024-08-14 00:45:38.755530: step 5682/75760 (epoch 6/80), loss = 1.961811 (676.652 sec/epoch), lr: 0.004000
Evaluating on dev set...
.......................................................................................................................................................................................................................
source: 	 mrr: 0.066622	 ndcg_5: 0.0583	 ndcg_10: 0.0761	 hit@1:0.023375	 hit@5:0.0930	 hit@10: 0.1485
target: 	 mrr: 0.064509	 ndcg_5: 0.0574	 ndcg_10: 0.0749	 hit@1:0.020133	 hit@5:0.0949	 hit@10: 0.1492
epoch 6: train_loss = 1.961811, source_mrr = 0.066622, source_hit@10 = 0.1485, source_ndcg@10 = 0.0761, target_mrr = 0.064509, target_hit@10 = 0.1492, target_ndcg@10 = 0.0749

2024-08-14 00:57:01.197518: step 6629/75760 (epoch 7/80), loss = 1.941228 (677.066 sec/epoch), lr: 0.004000
Evaluating on dev set...
.......................................................................................................................................................................................................................
source: 	 mrr: 0.067640	 ndcg_5: 0.0586	 ndcg_10: 0.0762	 hit@1:0.026025	 hit@5:0.0919	 hit@10: 0.1466
target: 	 mrr: 0.072649	 ndcg_5: 0.0657	 ndcg_10: 0.0846	 hit@1:0.026975	 hit@5:0.1043	 hit@10: 0.1630
target best!
......................................................................................................................................................target: 	 mrr: 0.073551	 ndcg_5: 0.0665	 ndcg_10: 0.0853	 hit@1:0.027503	 hit@5:0.1056	 hit@10: 0.1640
epoch 7: train_loss = 1.941228, source_mrr = 0.067640, source_hit@10 = 0.1466, source_ndcg@10 = 0.0762, target_mrr = 0.073551, target_hit@10 = 0.1640, target_ndcg@10 = 0.0853

2024-08-14 01:08:26.813708: step 7576/75760 (epoch 8/80), loss = 1.927665 (677.573 sec/epoch), lr: 0.004000
Evaluating on dev set...
.......................................................................................................................................................................................................................
source: 	 mrr: 0.049089	 ndcg_5: 0.0384	 ndcg_10: 0.0522	 hit@1:0.015584	 hit@5:0.0616	 hit@10: 0.1046
target: 	 mrr: 0.043994	 ndcg_5: 0.0330	 ndcg_10: 0.0474	 hit@1:0.009606	 hit@5:0.0570	 hit@10: 0.1018
epoch 8: train_loss = 1.927665, source_mrr = 0.049089, source_hit@10 = 0.1046, source_ndcg@10 = 0.0522, target_mrr = 0.043994, target_hit@10 = 0.1018, target_ndcg@10 = 0.0474

2024-08-14 01:19:48.915376: step 8523/75760 (epoch 9/80), loss = 1.920162 (677.405 sec/epoch), lr: 0.004000
Evaluating on dev set...
.......................................................................................................................................................................................................................
source: 	 mrr: 0.056094	 ndcg_5: 0.0452	 ndcg_10: 0.0637	 hit@1:0.016986	 hit@5:0.0742	 hit@10: 0.1315
target: 	 mrr: 0.071096	 ndcg_5: 0.0617	 ndcg_10: 0.0811	 hit@1:0.025265	 hit@5:0.0986	 hit@10: 0.1590
epoch 9: train_loss = 1.920162, source_mrr = 0.056094, source_hit@10 = 0.1315, source_ndcg@10 = 0.0637, target_mrr = 0.071096, target_hit@10 = 0.1590, target_ndcg@10 = 0.0811

2024-08-14 01:31:13.595750: step 9470/75760 (epoch 10/80), loss = 1.905902 (679.302 sec/epoch), lr: 0.004000
Evaluating on dev set...
.......................................................................................................................................................................................................................
source: 	 mrr: 0.059270	 ndcg_5: 0.0490	 ndcg_10: 0.0656	 hit@1:0.021817	 hit@5:0.0765	 hit@10: 0.1279
target: 	 mrr: 0.062660	 ndcg_5: 0.0539	 ndcg_10: 0.0689	 hit@1:0.024081	 hit@5:0.0838	 hit@10: 0.1305
epoch 10: train_loss = 1.905902, source_mrr = 0.059270, source_hit@10 = 0.1279, source_ndcg@10 = 0.0656, target_mrr = 0.062660, target_hit@10 = 0.1305, target_ndcg@10 = 0.0689

2024-08-14 01:42:37.976644: step 10417/75760 (epoch 11/80), loss = 1.897866 (679.215 sec/epoch), lr: 0.004000
Evaluating on dev set...
.......................................................................................................................................................................................................................
source: 	 mrr: 0.071390	 ndcg_5: 0.0639	 ndcg_10: 0.0812	 hit@1:0.026804	 hit@5:0.1013	 hit@10: 0.1552
target: 	 mrr: 0.061447	 ndcg_5: 0.0509	 ndcg_10: 0.0686	 hit@1:0.018225	 hit@5:0.0850	 hit@10: 0.1401
source best!
...............................................................
source: 	 mrr: 0.072507	 ndcg_5: 0.0642	 ndcg_10: 0.0830	 hit@1:0.027048	 hit@5:0.1012	 hit@10: 0.1596
epoch 11: train_loss = 1.897866, source_mrr = 0.072507, source_hit@10 = 0.1596, source_ndcg@10 = 0.0830, target_mrr = 0.061447, target_hit@10 = 0.1401, target_ndcg@10 = 0.0686

2024-08-14 01:54:02.938148: step 11364/75760 (epoch 12/80), loss = 1.883593 (678.899 sec/epoch), lr: 0.004000
Evaluating on dev set...
.......................................................................................................................................................................................................................
source: 	 mrr: 0.058460	 ndcg_5: 0.0483	 ndcg_10: 0.0664	 hit@1:0.019168	 hit@5:0.0784	 hit@10: 0.1348
target: 	 mrr: 0.072704	 ndcg_5: 0.0639	 ndcg_10: 0.0827	 hit@1:0.024410	 hit@5:0.1030	 hit@10: 0.1613
target best!
......................................................................................................................................................target: 	 mrr: 0.073688	 ndcg_5: 0.0651	 ndcg_10: 0.0832	 hit@1:0.025111	 hit@5:0.1046	 hit@10: 0.1607
epoch 12: train_loss = 1.883593, source_mrr = 0.058460, source_hit@10 = 0.1348, source_ndcg@10 = 0.0664, target_mrr = 0.073688, target_hit@10 = 0.1607, target_ndcg@10 = 0.0832

2024-08-14 02:05:30.047871: step 12311/75760 (epoch 13/80), loss = 1.867829 (678.311 sec/epoch), lr: 0.003800
Evaluating on dev set...
.......................................................................................................................................................................................................................
source: 	 mrr: 0.065912	 ndcg_5: 0.0565	 ndcg_10: 0.0739	 hit@1:0.025869	 hit@5:0.0880	 hit@10: 0.1423
target: 	 mrr: 0.074894	 ndcg_5: 0.0642	 ndcg_10: 0.0821	 hit@1:0.030528	 hit@5:0.0964	 hit@10: 0.1521
target best!
......................................................................................................................................................target: 	 mrr: 0.071907	 ndcg_5: 0.0622	 ndcg_10: 0.0801	 hit@1:0.027038	 hit@5:0.0975	 hit@10: 0.1533
epoch 13: train_loss = 1.867829, source_mrr = 0.065912, source_hit@10 = 0.1423, source_ndcg@10 = 0.0739, target_mrr = 0.071907, target_hit@10 = 0.1533, target_ndcg@10 = 0.0801

2024-08-14 02:16:57.234018: step 13258/75760 (epoch 14/80), loss = 1.861395 (678.642 sec/epoch), lr: 0.003800
Evaluating on dev set...
.......................................................................................................................................................................................................................
source: 	 mrr: 0.065443	 ndcg_5: 0.0582	 ndcg_10: 0.0745	 hit@1:0.024466	 hit@5:0.0913	 hit@10: 0.1415
target: 	 mrr: 0.067572	 ndcg_5: 0.0593	 ndcg_10: 0.0749	 hit@1:0.025923	 hit@5:0.0931	 hit@10: 0.1419
epoch 14: train_loss = 1.861395, source_mrr = 0.065443, source_hit@10 = 0.1415, source_ndcg@10 = 0.0745, target_mrr = 0.067572, target_hit@10 = 0.1419, target_ndcg@10 = 0.0749

2024-08-14 02:28:19.243218: step 14205/75760 (epoch 15/80), loss = 1.847147 (677.014 sec/epoch), lr: 0.003610
Evaluating on dev set...
.......................................................................................................................................................................................................................
source: 	 mrr: 0.073893	 ndcg_5: 0.0647	 ndcg_10: 0.0842	 hit@1:0.028674	 hit@5:0.0993	 hit@10: 0.1596
target: 	 mrr: 0.069109	 ndcg_5: 0.0600	 ndcg_10: 0.0770	 hit@1:0.022041	 hit@5:0.0972	 hit@10: 0.1501
source best!
...............................................................
source: 	 mrr: 0.074933	 ndcg_5: 0.0665	 ndcg_10: 0.0833	 hit@1:0.030528	 hit@5:0.1023	 hit@10: 0.1542
epoch 15: train_loss = 1.847147, source_mrr = 0.074933, source_hit@10 = 0.1542, source_ndcg@10 = 0.0833, target_mrr = 0.069109, target_hit@10 = 0.1501, target_ndcg@10 = 0.0770

2024-08-14 02:39:43.826460: step 15152/75760 (epoch 16/80), loss = 1.830118 (678.439 sec/epoch), lr: 0.003610
Evaluating on dev set...
.......................................................................................................................................................................................................................
source: 	 mrr: 0.075561	 ndcg_5: 0.0673	 ndcg_10: 0.0855	 hit@1:0.030388	 hit@5:0.1046	 hit@10: 0.1610
target: 	 mrr: 0.053310	 ndcg_5: 0.0418	 ndcg_10: 0.0592	 hit@1:0.013422	 hit@5:0.0714	 hit@10: 0.1253
source best!
...............................................................
source: 	 mrr: 0.080981	 ndcg_5: 0.0708	 ndcg_10: 0.0903	 hit@1:0.037014	 hit@5:0.1039	 hit@10: 0.1643
epoch 16: train_loss = 1.830118, source_mrr = 0.080981, source_hit@10 = 0.1643, source_ndcg@10 = 0.0903, target_mrr = 0.053310, target_hit@10 = 0.1253, target_ndcg@10 = 0.0592

2024-08-14 02:51:09.005149: step 16099/75760 (epoch 17/80), loss = 1.818764 (678.662 sec/epoch), lr: 0.003429
Evaluating on dev set...
.......................................................................................................................................................................................................................
source: 	 mrr: 0.074066	 ndcg_5: 0.0662	 ndcg_10: 0.0827	 hit@1:0.030856	 hit@5:0.1008	 hit@10: 0.1523
target: 	 mrr: 0.075981	 ndcg_5: 0.0663	 ndcg_10: 0.0840	 hit@1:0.030791	 hit@5:0.1017	 hit@10: 0.1568
target best!
......................................................................................................................................................target: 	 mrr: 0.078051	 ndcg_5: 0.0678	 ndcg_10: 0.0853	 hit@1:0.033548	 hit@5:0.1014	 hit@10: 0.1557
epoch 17: train_loss = 1.818764, source_mrr = 0.074066, source_hit@10 = 0.1523, source_ndcg@10 = 0.0827, target_mrr = 0.078051, target_hit@10 = 0.1557, target_ndcg@10 = 0.0853

2024-08-14 03:02:36.944434: step 17046/75760 (epoch 18/80), loss = 1.816345 (679.718 sec/epoch), lr: 0.003429
Evaluating on dev set...
.......................................................................................................................................................................................................................
source: 	 mrr: 0.053516	 ndcg_5: 0.0432	 ndcg_10: 0.0581	 hit@1:0.017765	 hit@5:0.0700	 hit@10: 0.1169
target: 	 mrr: 0.062153	 ndcg_5: 0.0544	 ndcg_10: 0.0689	 hit@1:0.023817	 hit@5:0.0847	 hit@10: 0.1296
epoch 18: train_loss = 1.816345, source_mrr = 0.053516, source_hit@10 = 0.1169, source_ndcg@10 = 0.0581, target_mrr = 0.062153, target_hit@10 = 0.1296, target_ndcg@10 = 0.0689

2024-08-14 03:13:59.898710: step 17993/75760 (epoch 19/80), loss = 1.805754 (677.604 sec/epoch), lr: 0.003258
Evaluating on dev set...
.......................................................................................................................................................................................................................
source: 	 mrr: 0.065771	 ndcg_5: 0.0570	 ndcg_10: 0.0735	 hit@1:0.026025	 hit@5:0.0877	 hit@10: 0.1387
target: 	 mrr: 0.071421	 ndcg_5: 0.0606	 ndcg_10: 0.0792	 hit@1:0.026449	 hit@5:0.0950	 hit@10: 0.1526
epoch 19: train_loss = 1.805754, source_mrr = 0.065771, source_hit@10 = 0.1387, source_ndcg@10 = 0.0735, target_mrr = 0.071421, target_hit@10 = 0.1526, target_ndcg@10 = 0.0792

2024-08-14 03:25:22.487516: step 18940/75760 (epoch 20/80), loss = 1.803919 (677.184 sec/epoch), lr: 0.003258
Evaluating on dev set...
.......................................................................................................................................................................................................................
source: 	 mrr: 0.068879	 ndcg_5: 0.0614	 ndcg_10: 0.0800	 hit@1:0.023220	 hit@5:0.1002	 hit@10: 0.1585
target: 	 mrr: 0.069505	 ndcg_5: 0.0590	 ndcg_10: 0.0784	 hit@1:0.026712	 hit@5:0.0913	 hit@10: 0.1516
epoch 20: train_loss = 1.803919, source_mrr = 0.068879, source_hit@10 = 0.1585, source_ndcg@10 = 0.0800, target_mrr = 0.069505, target_hit@10 = 0.1516, target_ndcg@10 = 0.0784

2024-08-14 03:36:46.738798: step 19887/75760 (epoch 21/80), loss = 1.800501 (678.929 sec/epoch), lr: 0.003258
Evaluating on dev set...
.......................................................................................................................................................................................................................
source: 	 mrr: 0.075657	 ndcg_5: 0.0667	 ndcg_10: 0.0834	 hit@1:0.031479	 hit@5:0.1004	 hit@10: 0.1523
target: 	 mrr: 0.057620	 ndcg_5: 0.0453	 ndcg_10: 0.0614	 hit@1:0.018028	 hit@5:0.0734	 hit@10: 0.1238
source best!
...............................................................
source: 	 mrr: 0.079054	 ndcg_5: 0.0698	 ndcg_10: 0.0883	 hit@1:0.033217	 hit@5:0.1053	 hit@10: 0.1631
epoch 21: train_loss = 1.800501, source_mrr = 0.079054, source_hit@10 = 0.1631, source_ndcg@10 = 0.0883, target_mrr = 0.057620, target_hit@10 = 0.1238, target_ndcg@10 = 0.0614

2024-08-14 03:48:09.541253: step 20834/75760 (epoch 22/80), loss = 1.795158 (676.791 sec/epoch), lr: 0.003095
Evaluating on dev set...
.......................................................................................................................................................................................................................
source: 	 mrr: 0.062736	 ndcg_5: 0.0538	 ndcg_10: 0.0693	 hit@1:0.024778	 hit@5:0.0823	 hit@10: 0.1306
target: 	 mrr: 0.065171	 ndcg_5: 0.0538	 ndcg_10: 0.0731	 hit@1:0.021646	 hit@5:0.0864	 hit@10: 0.1463
epoch 22: train_loss = 1.795158, source_mrr = 0.062736, source_hit@10 = 0.1306, source_ndcg@10 = 0.0693, target_mrr = 0.065171, target_hit@10 = 0.1463, target_ndcg@10 = 0.0731

2024-08-14 03:59:32.532565: step 21781/75760 (epoch 23/80), loss = 1.787964 (678.053 sec/epoch), lr: 0.002940
Evaluating on dev set...
.......................................................................................................................................................................................................................
source: 	 mrr: 0.075981	 ndcg_5: 0.0688	 ndcg_10: 0.0853	 hit@1:0.030700	 hit@5:0.1053	 hit@10: 0.1571
target: 	 mrr: 0.084648	 ndcg_5: 0.0768	 ndcg_10: 0.0935	 hit@1:0.038818	 hit@5:0.1132	 hit@10: 0.1651
source best!
...............................................................
source: 	 mrr: 0.078516	 ndcg_5: 0.0700	 ndcg_10: 0.0879	 hit@1:0.033376	 hit@5:0.1055	 hit@10: 0.1610
target best!
......................................................................................................................................................target: 	 mrr: 0.085888	 ndcg_5: 0.0781	 ndcg_10: 0.0944	 hit@1:0.039660	 hit@5:0.1151	 hit@10: 0.1661
epoch 23: train_loss = 1.787964, source_mrr = 0.078516, source_hit@10 = 0.1610, source_ndcg@10 = 0.0879, target_mrr = 0.085888, target_hit@10 = 0.1661, target_ndcg@10 = 0.0944

2024-08-14 04:11:02.310234: step 22728/75760 (epoch 24/80), loss = 1.783580 (680.604 sec/epoch), lr: 0.002940
Evaluating on dev set...
.......................................................................................................................................................................................................................
source: 	 mrr: 0.060349	 ndcg_5: 0.0522	 ndcg_10: 0.0685	 hit@1:0.022908	 hit@5:0.0821	 hit@10: 0.1329
target: 	 mrr: 0.070441	 ndcg_5: 0.0599	 ndcg_10: 0.0800	 hit@1:0.024278	 hit@5:0.0965	 hit@10: 0.1589
epoch 24: train_loss = 1.783580, source_mrr = 0.060349, source_hit@10 = 0.1329, source_ndcg@10 = 0.0685, target_mrr = 0.070441, target_hit@10 = 0.1589, target_ndcg@10 = 0.0800

2024-08-14 04:22:33.185824: step 23675/75760 (epoch 25/80), loss = 1.776318 (685.806 sec/epoch), lr: 0.002793
Evaluating on dev set...
.......................................................................................................................................................................................................................
source: 	 mrr: 0.054971	 ndcg_5: 0.0456	 ndcg_10: 0.0618	 hit@1:0.017765	 hit@5:0.0751	 hit@10: 0.1253
target: 	 mrr: 0.057109	 ndcg_5: 0.0425	 ndcg_10: 0.0616	 hit@1:0.019014	 hit@5:0.0672	 hit@10: 0.1265
epoch 25: train_loss = 1.776318, source_mrr = 0.054971, source_hit@10 = 0.1253, source_ndcg@10 = 0.0618, target_mrr = 0.057109, target_hit@10 = 0.1265, target_ndcg@10 = 0.0616

2024-08-14 04:34:03.098514: step 24622/75760 (epoch 26/80), loss = 1.771708 (685.003 sec/epoch), lr: 0.002654
Evaluating on dev set...
.......................................................................................................................................................................................................................
source: 	 mrr: 0.082755	 ndcg_5: 0.0748	 ndcg_10: 0.0918	 hit@1:0.037556	 hit@5:0.1106	 hit@10: 0.1635
target: 	 mrr: 0.087869	 ndcg_5: 0.0785	 ndcg_10: 0.0962	 hit@1:0.040397	 hit@5:0.1153	 hit@10: 0.1703
source best!
...............................................................
source: 	 mrr: 0.080136	 ndcg_5: 0.0712	 ndcg_10: 0.0890	 hit@1:0.034483	 hit@5:0.1065	 hit@10: 0.1620
target best!
......................................................................................................................................................target: 	 mrr: 0.089169	 ndcg_5: 0.0798	 ndcg_10: 0.0993	 hit@1:0.040989	 hit@5:0.1174	 hit@10: 0.1782
epoch 26: train_loss = 1.771708, source_mrr = 0.080136, source_hit@10 = 0.1620, source_ndcg@10 = 0.0890, target_mrr = 0.089169, target_hit@10 = 0.1782, target_ndcg@10 = 0.0993

2024-08-14 04:45:37.282371: step 25569/75760 (epoch 27/80), loss = 1.766573 (683.861 sec/epoch), lr: 0.002654
Evaluating on dev set...
.......................................................................................................................................................................................................................
source: 	 mrr: 0.082621	 ndcg_5: 0.0750	 ndcg_10: 0.0922	 hit@1:0.036154	 hit@5:0.1138	 hit@10: 0.1674
target: 	 mrr: 0.070623	 ndcg_5: 0.0592	 ndcg_10: 0.0770	 hit@1:0.028620	 hit@5:0.0903	 hit@10: 0.1459
epoch 27: train_loss = 1.766573, source_mrr = 0.082621, source_hit@10 = 0.1674, source_ndcg@10 = 0.0922, target_mrr = 0.070623, target_hit@10 = 0.1459, target_ndcg@10 = 0.0770

2024-08-14 04:57:08.863069: step 26516/75760 (epoch 28/80), loss = 1.761222 (686.292 sec/epoch), lr: 0.002521
Evaluating on dev set...
.......................................................................................................................................................................................................................
source: 	 mrr: 0.071676	 ndcg_5: 0.0618	 ndcg_10: 0.0793	 hit@1:0.028986	 hit@5:0.0935	 hit@10: 0.1479
target: 	 mrr: 0.070405	 ndcg_5: 0.0599	 ndcg_10: 0.0767	 hit@1:0.027962	 hit@5:0.0912	 hit@10: 0.1432
epoch 28: train_loss = 1.761222, source_mrr = 0.071676, source_hit@10 = 0.1479, source_ndcg@10 = 0.0793, target_mrr = 0.070405, target_hit@10 = 0.1432, target_ndcg@10 = 0.0767

2024-08-14 05:08:43.200620: step 27463/75760 (epoch 29/80), loss = 1.755951 (689.112 sec/epoch), lr: 0.002395
Evaluating on dev set...
.......................................................................................................................................................................................................................
source: 	 mrr: 0.051147	 ndcg_5: 0.0422	 ndcg_10: 0.0572	 hit@1:0.017298	 hit@5:0.0683	 hit@10: 0.1149
target: 	 mrr: 0.058240	 ndcg_5: 0.0467	 ndcg_10: 0.0639	 hit@1:0.018685	 hit@5:0.0753	 hit@10: 0.1288
epoch 29: train_loss = 1.755951, source_mrr = 0.051147, source_hit@10 = 0.1149, source_ndcg@10 = 0.0572, target_mrr = 0.058240, target_hit@10 = 0.1288, target_ndcg@10 = 0.0639

2024-08-14 05:20:14.142560: step 28410/75760 (epoch 30/80), loss = 1.751714 (685.977 sec/epoch), lr: 0.002275
Evaluating on dev set...
.......................................................................................................................................................................................................................
source: 	 mrr: 0.074144	 ndcg_5: 0.0654	 ndcg_10: 0.0826	 hit@1:0.031323	 hit@5:0.1002	 hit@10: 0.1541
target: 	 mrr: 0.060572	 ndcg_5: 0.0504	 ndcg_10: 0.0651	 hit@1:0.022830	 hit@5:0.0770	 hit@10: 0.1230
epoch 30: train_loss = 1.751714, source_mrr = 0.074144, source_hit@10 = 0.1541, source_ndcg@10 = 0.0826, target_mrr = 0.060572, target_hit@10 = 0.1230, target_ndcg@10 = 0.0651

2024-08-14 05:31:45.527733: step 29357/75760 (epoch 31/80), loss = 1.746040 (686.100 sec/epoch), lr: 0.002275
Evaluating on dev set...
.......................................................................................................................................................................................................................
source: 	 mrr: 0.067337	 ndcg_5: 0.0587	 ndcg_10: 0.0752	 hit@1:0.026492	 hit@5:0.0918	 hit@10: 0.1431
target: 	 mrr: 0.074964	 ndcg_5: 0.0654	 ndcg_10: 0.0840	 hit@1:0.027502	 hit@5:0.1035	 hit@10: 0.1617
epoch 31: train_loss = 1.746040, source_mrr = 0.067337, source_hit@10 = 0.1431, source_ndcg@10 = 0.0752, target_mrr = 0.074964, target_hit@10 = 0.1617, target_ndcg@10 = 0.0840

2024-08-14 05:43:15.793329: step 30304/75760 (epoch 32/80), loss = 1.742310 (685.019 sec/epoch), lr: 0.002275
Evaluating on dev set...
.......................................................................................................................................................................................................................
source: 	 mrr: 0.066872	 ndcg_5: 0.0582	 ndcg_10: 0.0770	 hit@1:0.025245	 hit@5:0.0927	 hit@10: 0.1512
target: 	 mrr: 0.081547	 ndcg_5: 0.0723	 ndcg_10: 0.0914	 hit@1:0.033423	 hit@5:0.1106	 hit@10: 0.1697
epoch 32: train_loss = 1.742310, source_mrr = 0.066872, source_hit@10 = 0.1512, source_ndcg@10 = 0.0770, target_mrr = 0.081547, target_hit@10 = 0.1697, target_ndcg@10 = 0.0914

2024-08-14 05:54:44.275810: step 31251/75760 (epoch 33/80), loss = 1.744440 (683.291 sec/epoch), lr: 0.002275
Evaluating on dev set...
.......................................................................................................................................................................................................................
source: 	 mrr: 0.043296	 ndcg_5: 0.0332	 ndcg_10: 0.0456	 hit@1:0.015428	 hit@5:0.0511	 hit@10: 0.0896
target: 	 mrr: 0.076612	 ndcg_5: 0.0658	 ndcg_10: 0.0871	 hit@1:0.028620	 hit@5:0.1040	 hit@10: 0.1705
epoch 33: train_loss = 1.744440, source_mrr = 0.043296, source_hit@10 = 0.0896, source_ndcg@10 = 0.0456, target_mrr = 0.076612, target_hit@10 = 0.1705, target_ndcg@10 = 0.0871

2024-08-14 06:06:14.851124: step 32198/75760 (epoch 34/80), loss = 1.738105 (685.711 sec/epoch), lr: 0.002161
Evaluating on dev set...
.......................................................................................................................................................................................................................
source: 	 mrr: 0.064094	 ndcg_5: 0.0568	 ndcg_10: 0.0719	 hit@1:0.024622	 hit@5:0.0893	 hit@10: 0.1365
target: 	 mrr: 0.074957	 ndcg_5: 0.0650	 ndcg_10: 0.0836	 hit@1:0.027699	 hit@5:0.1011	 hit@10: 0.1588
epoch 34: train_loss = 1.738105, source_mrr = 0.064094, source_hit@10 = 0.1365, source_ndcg@10 = 0.0719, target_mrr = 0.074957, target_hit@10 = 0.1588, target_ndcg@10 = 0.0836

2024-08-14 06:17:42.071759: step 33145/75760 (epoch 35/80), loss = 1.738019 (682.208 sec/epoch), lr: 0.002161
Evaluating on dev set...
.......................................................................................................................................................................................................................
source: 	 mrr: 0.075319	 ndcg_5: 0.0679	 ndcg_10: 0.0844	 hit@1:0.031479	 hit@5:0.1041	 hit@10: 0.1554
target: 	 mrr: 0.079768	 ndcg_5: 0.0687	 ndcg_10: 0.0886	 hit@1:0.032436	 hit@5:0.1042	 hit@10: 0.1663
epoch 35: train_loss = 1.738019, source_mrr = 0.075319, source_hit@10 = 0.1554, source_ndcg@10 = 0.0844, target_mrr = 0.079768, target_hit@10 = 0.1663, target_ndcg@10 = 0.0886

2024-08-14 06:29:12.501262: step 34092/75760 (epoch 36/80), loss = 1.737420 (685.652 sec/epoch), lr: 0.002161
Evaluating on dev set...
.......................................................................................................................................................................................................................
source: 	 mrr: 0.078735	 ndcg_5: 0.0701	 ndcg_10: 0.0880	 hit@1:0.032414	 hit@5:0.1061	 hit@10: 0.1619
target: 	 mrr: 0.080981	 ndcg_5: 0.0716	 ndcg_10: 0.0901	 hit@1:0.035265	 hit@5:0.1072	 hit@10: 0.1649
epoch 36: train_loss = 1.737420, source_mrr = 0.078735, source_hit@10 = 0.1619, source_ndcg@10 = 0.0880, target_mrr = 0.080981, target_hit@10 = 0.1649, target_ndcg@10 = 0.0901

2024-08-14 06:40:42.725737: step 35039/75760 (epoch 37/80), loss = 1.735916 (685.510 sec/epoch), lr: 0.002161
Evaluating on dev set...
.......................................................................................................................................................................................................................
source: 	 mrr: 0.060129	 ndcg_5: 0.0512	 ndcg_10: 0.0673	 hit@1:0.021038	 hit@5:0.0820	 hit@10: 0.1318
target: 	 mrr: 0.077543	 ndcg_5: 0.0667	 ndcg_10: 0.0871	 hit@1:0.029870	 hit@5:0.1035	 hit@10: 0.1671
epoch 37: train_loss = 1.735916, source_mrr = 0.060129, source_hit@10 = 0.1318, source_ndcg@10 = 0.0673, target_mrr = 0.077543, target_hit@10 = 0.1671, target_ndcg@10 = 0.0871

2024-08-14 06:52:14.870574: step 35986/75760 (epoch 38/80), loss = 1.728604 (686.929 sec/epoch), lr: 0.002053
Evaluating on dev set...
.......................................................................................................................................................................................................................
source: 	 mrr: 0.068515	 ndcg_5: 0.0613	 ndcg_10: 0.0772	 hit@1:0.027427	 hit@5:0.0946	 hit@10: 0.1448
target: 	 mrr: 0.087403	 ndcg_5: 0.0786	 ndcg_10: 0.0977	 hit@1:0.038621	 hit@5:0.1180	 hit@10: 0.1773
epoch 38: train_loss = 1.728604, source_mrr = 0.068515, source_hit@10 = 0.1448, source_ndcg@10 = 0.0772, target_mrr = 0.087403, target_hit@10 = 0.1773, target_ndcg@10 = 0.0977

2024-08-14 07:03:45.117065: step 36933/75760 (epoch 39/80), loss = 1.729509 (684.866 sec/epoch), lr: 0.002053
Evaluating on dev set...
.......................................................................................................................................................................................................................
source: 	 mrr: 0.073765	 ndcg_5: 0.0645	 ndcg_10: 0.0815	 hit@1:0.030544	 hit@5:0.0988	 hit@10: 0.1521
target: 	 mrr: 0.086114	 ndcg_5: 0.0766	 ndcg_10: 0.0953	 hit@1:0.037897	 hit@5:0.1142	 hit@10: 0.1724
epoch 39: train_loss = 1.729509, source_mrr = 0.073765, source_hit@10 = 0.1521, source_ndcg@10 = 0.0815, target_mrr = 0.086114, target_hit@10 = 0.1724, target_ndcg@10 = 0.0953

2024-08-14 07:15:16.464539: step 37880/75760 (epoch 40/80), loss = 1.729256 (686.001 sec/epoch), lr: 0.002053
Evaluating on dev set...
.......................................................................................................................................................................................................................
source: 	 mrr: 0.080040	 ndcg_5: 0.0724	 ndcg_10: 0.0897	 hit@1:0.033193	 hit@5:0.1110	 hit@10: 0.1643
target: 	 mrr: 0.087552	 ndcg_5: 0.0779	 ndcg_10: 0.0981	 hit@1:0.038489	 hit@5:0.1168	 hit@10: 0.1798
epoch 40: train_loss = 1.729256, source_mrr = 0.080040, source_hit@10 = 0.1643, source_ndcg@10 = 0.0897, target_mrr = 0.087552, target_hit@10 = 0.1798, target_ndcg@10 = 0.0981
shift to transfer learning mode

2024-08-14 07:26:55.291131: step 38827/75760 (epoch 41/80), loss = 1.746223 (693.766 sec/epoch), lr: 0.002053
Evaluating on dev set...
.......................................................................................................................................................................................................................
source: 	 mrr: 0.055569	 ndcg_5: 0.0466	 ndcg_10: 0.0610	 hit@1:0.020103	 hit@5:0.0728	 hit@10: 0.1178
target: 	 mrr: 0.069210	 ndcg_5: 0.0587	 ndcg_10: 0.0767	 hit@1:0.025660	 hit@5:0.0917	 hit@10: 0.1479
epoch 41: train_loss = 1.746223, source_mrr = 0.055569, source_hit@10 = 0.1178, source_ndcg@10 = 0.0610, target_mrr = 0.069210, target_hit@10 = 0.1479, target_ndcg@10 = 0.0767

2024-08-14 07:38:34.427289: step 39774/75760 (epoch 42/80), loss = 1.743779 (694.230 sec/epoch), lr: 0.001951
Evaluating on dev set...
.......................................................................................................................................................................................................................
source: 	 mrr: 0.055742	 ndcg_5: 0.0454	 ndcg_10: 0.0617	 hit@1:0.020726	 hit@5:0.0720	 hit@10: 0.1228
target: 	 mrr: 0.058739	 ndcg_5: 0.0499	 ndcg_10: 0.0666	 hit@1:0.017106	 hit@5:0.0837	 hit@10: 0.1353
epoch 42: train_loss = 1.743779, source_mrr = 0.055742, source_hit@10 = 0.1228, source_ndcg@10 = 0.0617, target_mrr = 0.058739, target_hit@10 = 0.1353, target_ndcg@10 = 0.0666

2024-08-14 07:50:13.363975: step 40721/75760 (epoch 43/80), loss = 1.736705 (694.123 sec/epoch), lr: 0.001853
Evaluating on dev set...
.......................................................................................................................................................................................................................
source: 	 mrr: 0.073399	 ndcg_5: 0.0655	 ndcg_10: 0.0815	 hit@1:0.028986	 hit@5:0.1002	 hit@10: 0.1496
target: 	 mrr: 0.092007	 ndcg_5: 0.0827	 ndcg_10: 0.1013	 hit@1:0.045464	 hit@5:0.1191	 hit@10: 0.1770
target best!
......................................................................................................................................................target: 	 mrr: 0.093042	 ndcg_5: 0.0849	 ndcg_10: 0.1037	 hit@1:0.044842	 hit@5:0.1246	 hit@10: 0.1830
epoch 43: train_loss = 1.736705, source_mrr = 0.073399, source_hit@10 = 0.1496, source_ndcg@10 = 0.0815, target_mrr = 0.093042, target_hit@10 = 0.1830, target_ndcg@10 = 0.1037

2024-08-14 08:01:52.617626: step 41668/75760 (epoch 44/80), loss = 1.738616 (690.557 sec/epoch), lr: 0.001853
Evaluating on dev set...
.......................................................................................................................................................................................................................
source: 	 mrr: 0.081043	 ndcg_5: 0.0725	 ndcg_10: 0.0924	 hit@1:0.034284	 hit@5:0.1089	 hit@10: 0.1708
target: 	 mrr: 0.074164	 ndcg_5: 0.0637	 ndcg_10: 0.0812	 hit@1:0.030791	 hit@5:0.0962	 hit@10: 0.1508
epoch 44: train_loss = 1.738616, source_mrr = 0.081043, source_hit@10 = 0.1708, source_ndcg@10 = 0.0924, target_mrr = 0.074164, target_hit@10 = 0.1508, target_ndcg@10 = 0.0812

2024-08-14 08:13:32.216187: step 42615/75760 (epoch 45/80), loss = 1.733872 (694.412 sec/epoch), lr: 0.001761
Evaluating on dev set...
.......................................................................................................................................................................................................................
source: 	 mrr: 0.055858	 ndcg_5: 0.0453	 ndcg_10: 0.0601	 hit@1:0.019168	 hit@5:0.0703	 hit@10: 0.1166
target: 	 mrr: 0.081973	 ndcg_5: 0.0741	 ndcg_10: 0.0892	 hit@1:0.038160	 hit@5:0.1086	 hit@10: 0.1557
epoch 45: train_loss = 1.733872, source_mrr = 0.055858, source_hit@10 = 0.1166, source_ndcg@10 = 0.0601, target_mrr = 0.081973, target_hit@10 = 0.1557, target_ndcg@10 = 0.0892

2024-08-14 08:25:15.497978: step 43562/75760 (epoch 46/80), loss = 1.725087 (698.389 sec/epoch), lr: 0.001672
Evaluating on dev set...
.......................................................................................................................................................................................................................
source: 	 mrr: 0.078909	 ndcg_5: 0.0715	 ndcg_10: 0.0911	 hit@1:0.030388	 hit@5:0.1119	 hit@10: 0.1731
target: 	 mrr: 0.089148	 ndcg_5: 0.0810	 ndcg_10: 0.0982	 hit@1:0.043161	 hit@5:0.1190	 hit@10: 0.1725
epoch 46: train_loss = 1.725087, source_mrr = 0.078909, source_hit@10 = 0.1731, source_ndcg@10 = 0.0911, target_mrr = 0.089148, target_hit@10 = 0.1725, target_ndcg@10 = 0.0982

2024-08-14 08:36:53.105477: step 44509/75760 (epoch 47/80), loss = 1.727582 (692.355 sec/epoch), lr: 0.001672
Evaluating on dev set...
.......................................................................................................................................................................................................................
source: 	 mrr: 0.048778	 ndcg_5: 0.0403	 ndcg_10: 0.0518	 hit@1:0.016830	 hit@5:0.0642	 hit@10: 0.0997
target: 	 mrr: 0.081539	 ndcg_5: 0.0710	 ndcg_10: 0.0905	 hit@1:0.035726	 hit@5:0.1065	 hit@10: 0.1672
epoch 47: train_loss = 1.727582, source_mrr = 0.048778, source_hit@10 = 0.0997, source_ndcg@10 = 0.0518, target_mrr = 0.081539, target_hit@10 = 0.1672, target_ndcg@10 = 0.0905

2024-08-14 08:48:37.362782: step 45456/75760 (epoch 48/80), loss = 1.721116 (698.957 sec/epoch), lr: 0.001589
Evaluating on dev set...
.......................................................................................................................................................................................................................
source: 	 mrr: 0.084439	 ndcg_5: 0.0769	 ndcg_10: 0.0938	 hit@1:0.038180	 hit@5:0.1149	 hit@10: 0.1678
target: 	 mrr: 0.082478	 ndcg_5: 0.0729	 ndcg_10: 0.0915	 hit@1:0.034344	 hit@5:0.1110	 hit@10: 0.1690
source best!
...............................................................
source: 	 mrr: 0.084707	 ndcg_5: 0.0754	 ndcg_10: 0.0947	 hit@1:0.037963	 hit@5:0.1120	 hit@10: 0.1723
epoch 48: train_loss = 1.721116, source_mrr = 0.084707, source_hit@10 = 0.1723, source_ndcg@10 = 0.0947, target_mrr = 0.082478, target_hit@10 = 0.1690, target_ndcg@10 = 0.0915

2024-08-14 09:00:24.773578: step 46403/75760 (epoch 49/80), loss = 1.718885 (701.191 sec/epoch), lr: 0.001589
Evaluating on dev set...
.......................................................................................................................................................................................................................
source: 	 mrr: 0.082050	 ndcg_5: 0.0727	 ndcg_10: 0.0906	 hit@1:0.036777	 hit@5:0.1072	 hit@10: 0.1633
target: 	 mrr: 0.079741	 ndcg_5: 0.0694	 ndcg_10: 0.0902	 hit@1:0.029147	 hit@5:0.1090	 hit@10: 0.1736
epoch 49: train_loss = 1.718885, source_mrr = 0.082050, source_hit@10 = 0.1633, source_ndcg@10 = 0.0906, target_mrr = 0.079741, target_hit@10 = 0.1736, target_ndcg@10 = 0.0902

2024-08-14 09:12:11.712436: step 47350/75760 (epoch 50/80), loss = 1.714730 (701.642 sec/epoch), lr: 0.001509
Evaluating on dev set...
.......................................................................................................................................................................................................................
source: 	 mrr: 0.085088	 ndcg_5: 0.0777	 ndcg_10: 0.0952	 hit@1:0.036777	 hit@5:0.1177	 hit@10: 0.1720
target: 	 mrr: 0.091850	 ndcg_5: 0.0828	 ndcg_10: 0.1015	 hit@1:0.042700	 hit@5:0.1212	 hit@10: 0.1796
source best!
...............................................................
source: 	 mrr: 0.084012	 ndcg_5: 0.0760	 ndcg_10: 0.0954	 hit@1:0.034957	 hit@5:0.1172	 hit@10: 0.1778
epoch 50: train_loss = 1.714730, source_mrr = 0.084012, source_hit@10 = 0.1778, source_ndcg@10 = 0.0954, target_mrr = 0.091850, target_hit@10 = 0.1796, target_ndcg@10 = 0.1015

2024-08-14 09:24:03.630819: step 48297/75760 (epoch 51/80), loss = 1.712247 (705.192 sec/epoch), lr: 0.001509
Evaluating on dev set...
.......................................................................................................................................................................................................................
source: 	 mrr: 0.077148	 ndcg_5: 0.0681	 ndcg_10: 0.0871	 hit@1:0.032258	 hit@5:0.1041	 hit@10: 0.1633
target: 	 mrr: 0.091733	 ndcg_5: 0.0826	 ndcg_10: 0.1027	 hit@1:0.041647	 hit@5:0.1228	 hit@10: 0.1852
epoch 51: train_loss = 1.712247, source_mrr = 0.077148, source_hit@10 = 0.1633, source_ndcg@10 = 0.0871, target_mrr = 0.091733, target_hit@10 = 0.1852, target_ndcg@10 = 0.1027

2024-08-14 09:35:52.433937: step 49244/75760 (epoch 52/80), loss = 1.708973 (703.538 sec/epoch), lr: 0.001434
Evaluating on dev set...
.......................................................................................................................................................................................................................
source: 	 mrr: 0.071390	 ndcg_5: 0.0638	 ndcg_10: 0.0784	 hit@1:0.031946	 hit@5:0.0947	 hit@10: 0.1404
target: 	 mrr: 0.093825	 ndcg_5: 0.0861	 ndcg_10: 0.1038	 hit@1:0.046253	 hit@5:0.1248	 hit@10: 0.1796
target best!
......................................................................................................................................................target: 	 mrr: 0.095951	 ndcg_5: 0.0880	 ndcg_10: 0.1060	 hit@1:0.048827	 hit@5:0.1266	 hit@10: 0.1826
epoch 52: train_loss = 1.708973, source_mrr = 0.071390, source_hit@10 = 0.1404, source_ndcg@10 = 0.0784, target_mrr = 0.095951, target_hit@10 = 0.1826, target_ndcg@10 = 0.1060

2024-08-14 09:47:39.307159: step 50191/75760 (epoch 53/80), loss = 1.698136 (698.376 sec/epoch), lr: 0.001362
Evaluating on dev set...
.......................................................................................................................................................................................................................
source: 	 mrr: 0.083411	 ndcg_5: 0.0757	 ndcg_10: 0.0936	 hit@1:0.034907	 hit@5:0.1149	 hit@10: 0.1702
target: 	 mrr: 0.088933	 ndcg_5: 0.0799	 ndcg_10: 0.0972	 hit@1:0.043095	 hit@5:0.1155	 hit@10: 0.1696
epoch 53: train_loss = 1.698136, source_mrr = 0.083411, source_hit@10 = 0.1702, source_ndcg@10 = 0.0936, target_mrr = 0.088933, target_hit@10 = 0.1696, target_ndcg@10 = 0.0972

2024-08-14 09:59:23.741319: step 51138/75760 (epoch 54/80), loss = 1.699503 (698.966 sec/epoch), lr: 0.001362
Evaluating on dev set...
.......................................................................................................................................................................................................................
source: 	 mrr: 0.081462	 ndcg_5: 0.0741	 ndcg_10: 0.0921	 hit@1:0.034440	 hit@5:0.1130	 hit@10: 0.1694
target: 	 mrr: 0.093950	 ndcg_5: 0.0853	 ndcg_10: 0.1049	 hit@1:0.043687	 hit@5:0.1257	 hit@10: 0.1867
target best!
......................................................................................................................................................target: 	 mrr: 0.093292	 ndcg_5: 0.0848	 ndcg_10: 0.1042	 hit@1:0.042583	 hit@5:0.1260	 hit@10: 0.1866
epoch 54: train_loss = 1.699503, source_mrr = 0.081462, source_hit@10 = 0.1694, source_ndcg@10 = 0.0921, target_mrr = 0.093292, target_hit@10 = 0.1866, target_ndcg@10 = 0.1042

2024-08-14 10:11:15.253965: step 52085/75760 (epoch 55/80), loss = 1.701092 (702.542 sec/epoch), lr: 0.001362
Evaluating on dev set...
.......................................................................................................................................................................................................................
source: 	 mrr: 0.081202	 ndcg_5: 0.0726	 ndcg_10: 0.0914	 hit@1:0.033661	 hit@5:0.1099	 hit@10: 0.1681
target: 	 mrr: 0.096115	 ndcg_5: 0.0880	 ndcg_10: 0.1072	 hit@1:0.045727	 hit@5:0.1292	 hit@10: 0.1892
target best!
......................................................................................................................................................target: 	 mrr: 0.097232	 ndcg_5: 0.0882	 ndcg_10: 0.1075	 hit@1:0.046967	 hit@5:0.1277	 hit@10: 0.1877
epoch 55: train_loss = 1.701092, source_mrr = 0.081202, source_hit@10 = 0.1681, source_ndcg@10 = 0.0914, target_mrr = 0.097232, target_hit@10 = 0.1877, target_ndcg@10 = 0.1075

2024-08-14 10:22:59.485872: step 53032/75760 (epoch 56/80), loss = 1.698096 (695.366 sec/epoch), lr: 0.001362
Evaluating on dev set...
.......................................................................................................................................................................................................................
source: 	 mrr: 0.084843	 ndcg_5: 0.0768	 ndcg_10: 0.0946	 hit@1:0.039115	 hit@5:0.1136	 hit@10: 0.1689
target: 	 mrr: 0.086599	 ndcg_5: 0.0767	 ndcg_10: 0.0948	 hit@1:0.039674	 hit@5:0.1120	 hit@10: 0.1684
epoch 56: train_loss = 1.698096, source_mrr = 0.084843, source_hit@10 = 0.1689, source_ndcg@10 = 0.0946, target_mrr = 0.086599, target_hit@10 = 0.1684, target_ndcg@10 = 0.0948

2024-08-14 10:34:41.044494: step 53979/75760 (epoch 57/80), loss = 1.691325 (696.606 sec/epoch), lr: 0.001294
Evaluating on dev set...
.......................................................................................................................................................................................................................
source: 	 mrr: 0.087940	 ndcg_5: 0.0804	 ndcg_10: 0.0980	 hit@1:0.040517	 hit@5:0.1191	 hit@10: 0.1734
target: 	 mrr: 0.087995	 ndcg_5: 0.0792	 ndcg_10: 0.0996	 hit@1:0.037108	 hit@5:0.1207	 hit@10: 0.1842
source best!
...............................................................
source: 	 mrr: 0.082144	 ndcg_5: 0.0722	 ndcg_10: 0.0934	 hit@1:0.033850	 hit@5:0.1099	 hit@10: 0.1761
epoch 57: train_loss = 1.691325, source_mrr = 0.082144, source_hit@10 = 0.1761, source_ndcg@10 = 0.0934, target_mrr = 0.087995, target_hit@10 = 0.1842, target_ndcg@10 = 0.0996

2024-08-14 10:46:28.028543: step 54926/75760 (epoch 58/80), loss = 1.689626 (700.403 sec/epoch), lr: 0.001294
Evaluating on dev set...
.......................................................................................................................................................................................................................
source: 	 mrr: 0.071190	 ndcg_5: 0.0637	 ndcg_10: 0.0787	 hit@1:0.030544	 hit@5:0.0966	 hit@10: 0.1432
target: 	 mrr: 0.091112	 ndcg_5: 0.0827	 ndcg_10: 0.1019	 hit@1:0.040595	 hit@5:0.1234	 hit@10: 0.1833
epoch 58: train_loss = 1.689626, source_mrr = 0.071190, source_hit@10 = 0.1432, source_ndcg@10 = 0.0787, target_mrr = 0.091112, target_hit@10 = 0.1833, target_ndcg@10 = 0.1019

2024-08-14 10:58:11.550546: step 55873/75760 (epoch 59/80), loss = 1.684567 (698.001 sec/epoch), lr: 0.001229
Evaluating on dev set...
.......................................................................................................................................................................................................................
source: 	 mrr: 0.083879	 ndcg_5: 0.0755	 ndcg_10: 0.0926	 hit@1:0.037556	 hit@5:0.1114	 hit@10: 0.1644
target: 	 mrr: 0.070817	 ndcg_5: 0.0603	 ndcg_10: 0.0799	 hit@1:0.024015	 hit@5:0.0976	 hit@10: 0.1587
epoch 59: train_loss = 1.684567, source_mrr = 0.083879, source_hit@10 = 0.1644, source_ndcg@10 = 0.0926, target_mrr = 0.070817, target_hit@10 = 0.1587, target_ndcg@10 = 0.0799

2024-08-14 11:09:56.932753: step 56820/75760 (epoch 60/80), loss = 1.677526 (700.187 sec/epoch), lr: 0.001168
Evaluating on dev set...
.......................................................................................................................................................................................................................
source: 	 mrr: 0.081958	 ndcg_5: 0.0738	 ndcg_10: 0.0917	 hit@1:0.034128	 hit@5:0.1120	 hit@10: 0.1672
target: 	 mrr: 0.091829	 ndcg_5: 0.0819	 ndcg_10: 0.1009	 hit@1:0.043819	 hit@5:0.1186	 hit@10: 0.1777
epoch 60: train_loss = 1.677526, source_mrr = 0.081958, source_hit@10 = 0.1672, source_ndcg@10 = 0.0917, target_mrr = 0.091829, target_hit@10 = 0.1777, target_ndcg@10 = 0.1009

2024-08-14 11:21:41.252811: step 57767/75760 (epoch 61/80), loss = 1.675404 (699.087 sec/epoch), lr: 0.001168
Evaluating on dev set...
.......................................................................................................................................................................................................................
source: 	 mrr: 0.071695	 ndcg_5: 0.0632	 ndcg_10: 0.0824	 hit@1:0.026648	 hit@5:0.1008	 hit@10: 0.1604
target: 	 mrr: 0.095172	 ndcg_5: 0.0878	 ndcg_10: 0.1064	 hit@1:0.044608	 hit@5:0.1299	 hit@10: 0.1876
epoch 61: train_loss = 1.675404, source_mrr = 0.071695, source_hit@10 = 0.1604, source_ndcg@10 = 0.0824, target_mrr = 0.095172, target_hit@10 = 0.1876, target_ndcg@10 = 0.1064

2024-08-14 11:33:26.764837: step 58714/75760 (epoch 62/80), loss = 1.668927 (700.412 sec/epoch), lr: 0.001110
Evaluating on dev set...
.......................................................................................................................................................................................................................
source: 	 mrr: 0.081082	 ndcg_5: 0.0728	 ndcg_10: 0.0919	 hit@1:0.034128	 hit@5:0.1106	 hit@10: 0.1699
target: 	 mrr: 0.079500	 ndcg_5: 0.0692	 ndcg_10: 0.0888	 hit@1:0.033818	 hit@5:0.1047	 hit@10: 0.1657
epoch 62: train_loss = 1.668927, source_mrr = 0.081082, source_hit@10 = 0.1699, source_ndcg@10 = 0.0919, target_mrr = 0.079500, target_hit@10 = 0.1657, target_ndcg@10 = 0.0888

2024-08-14 11:45:11.547120: step 59661/75760 (epoch 63/80), loss = 1.662577 (699.820 sec/epoch), lr: 0.001054
Evaluating on dev set...
.......................................................................................................................................................................................................................
source: 	 mrr: 0.079748	 ndcg_5: 0.0708	 ndcg_10: 0.0893	 hit@1:0.034907	 hit@5:0.1063	 hit@10: 0.1633
target: 	 mrr: 0.087249	 ndcg_5: 0.0773	 ndcg_10: 0.0973	 hit@1:0.038226	 hit@5:0.1155	 hit@10: 0.1774
epoch 63: train_loss = 1.662577, source_mrr = 0.079748, source_hit@10 = 0.1633, source_ndcg@10 = 0.0893, target_mrr = 0.087249, target_hit@10 = 0.1774, target_ndcg@10 = 0.0973

2024-08-14 11:56:49.678522: step 60608/75760 (epoch 64/80), loss = 1.659518 (692.770 sec/epoch), lr: 0.001054
Evaluating on dev set...
.......................................................................................................................................................................................................................
source: 	 mrr: 0.065143	 ndcg_5: 0.0581	 ndcg_10: 0.0736	 hit@1:0.025090	 hit@5:0.0901	 hit@10: 0.1384
target: 	 mrr: 0.090874	 ndcg_5: 0.0822	 ndcg_10: 0.1012	 hit@1:0.041647	 hit@5:0.1220	 hit@10: 0.1813
epoch 64: train_loss = 1.659518, source_mrr = 0.065143, source_hit@10 = 0.1384, source_ndcg@10 = 0.0736, target_mrr = 0.090874, target_hit@10 = 0.1813, target_ndcg@10 = 0.1012

2024-08-14 12:08:28.411600: step 61555/75760 (epoch 65/80), loss = 1.649976 (693.493 sec/epoch), lr: 0.001001
Evaluating on dev set...
.......................................................................................................................................................................................................................
source: 	 mrr: 0.069584	 ndcg_5: 0.0630	 ndcg_10: 0.0768	 hit@1:0.028518	 hit@5:0.0971	 hit@10: 0.1398
target: 	 mrr: 0.090551	 ndcg_5: 0.0822	 ndcg_10: 0.1022	 hit@1:0.039082	 hit@5:0.1243	 hit@10: 0.1867
epoch 65: train_loss = 1.649976, source_mrr = 0.069584, source_hit@10 = 0.1398, source_ndcg@10 = 0.0768, target_mrr = 0.090551, target_hit@10 = 0.1867, target_ndcg@10 = 0.1022

2024-08-14 12:20:10.350732: step 62502/75760 (epoch 66/80), loss = 1.647064 (696.577 sec/epoch), lr: 0.001001
Evaluating on dev set...
.......................................................................................................................................................................................................................
source: 	 mrr: 0.087359	 ndcg_5: 0.0796	 ndcg_10: 0.0987	 hit@1:0.040206	 hit@5:0.1178	 hit@10: 0.1773
target: 	 mrr: 0.099212	 ndcg_5: 0.0913	 ndcg_10: 0.1109	 hit@1:0.048424	 hit@5:0.1329	 hit@10: 0.1935
target best!
......................................................................................................................................................target: 	 mrr: 0.100287	 ndcg_5: 0.0921	 ndcg_10: 0.1128	 hit@1:0.049425	 hit@5:0.1336	 hit@10: 0.1980
epoch 66: train_loss = 1.647064, source_mrr = 0.087359, source_hit@10 = 0.1773, source_ndcg@10 = 0.0987, target_mrr = 0.100287, target_hit@10 = 0.1980, target_ndcg@10 = 0.1128

2024-08-14 12:31:57.897966: step 63449/75760 (epoch 67/80), loss = 1.641917 (698.848 sec/epoch), lr: 0.001001
Evaluating on dev set...
.......................................................................................................................................................................................................................
source: 	 mrr: 0.072947	 ndcg_5: 0.0655	 ndcg_10: 0.0811	 hit@1:0.033349	 hit@5:0.0972	 hit@10: 0.1456
target: 	 mrr: 0.080261	 ndcg_5: 0.0723	 ndcg_10: 0.0934	 hit@1:0.027897	 hit@5:0.1167	 hit@10: 0.1821
epoch 67: train_loss = 1.641917, source_mrr = 0.072947, source_hit@10 = 0.1456, source_ndcg@10 = 0.0811, target_mrr = 0.080261, target_hit@10 = 0.1821, target_ndcg@10 = 0.0934

2024-08-14 12:43:44.522019: step 64396/75760 (epoch 68/80), loss = 1.635106 (701.213 sec/epoch), lr: 0.000951
Evaluating on dev set...
.......................................................................................................................................................................................................................
source: 	 mrr: 0.083871	 ndcg_5: 0.0758	 ndcg_10: 0.0942	 hit@1:0.036310	 hit@5:0.1147	 hit@10: 0.1719
target: 	 mrr: 0.086487	 ndcg_5: 0.0783	 ndcg_10: 0.0982	 hit@1:0.036252	 hit@5:0.1199	 hit@10: 0.1813
epoch 68: train_loss = 1.635106, source_mrr = 0.083871, source_hit@10 = 0.1719, source_ndcg@10 = 0.0942, target_mrr = 0.086487, target_hit@10 = 0.1813, target_ndcg@10 = 0.0982

2024-08-14 12:55:25.211755: step 65343/75760 (epoch 69/80), loss = 1.631927 (695.356 sec/epoch), lr: 0.000951
Evaluating on dev set...
.......................................................................................................................................................................................................................
source: 	 mrr: 0.088271	 ndcg_5: 0.0799	 ndcg_10: 0.1001	 hit@1:0.040985	 hit@5:0.1181	 hit@10: 0.1811
target: 	 mrr: 0.098871	 ndcg_5: 0.0906	 ndcg_10: 0.1104	 hit@1:0.047372	 hit@5:0.1322	 hit@10: 0.1938
source best!
...............................................................
source: 	 mrr: 0.089234	 ndcg_5: 0.0821	 ndcg_10: 0.1007	 hit@1:0.038754	 hit@5:0.1240	 hit@10: 0.1822
epoch 69: train_loss = 1.631927, source_mrr = 0.089234, source_hit@10 = 0.1822, source_ndcg@10 = 0.1007, target_mrr = 0.098871, target_hit@10 = 0.1938, target_ndcg@10 = 0.1104

2024-08-14 13:07:02.262411: step 66290/75760 (epoch 70/80), loss = 1.629412 (690.451 sec/epoch), lr: 0.000951
Evaluating on dev set...
.......................................................................................................................................................................................................................
source: 	 mrr: 0.086960	 ndcg_5: 0.0795	 ndcg_10: 0.0961	 hit@1:0.041297	 hit@5:0.1177	 hit@10: 0.1695
target: 	 mrr: 0.082732	 ndcg_5: 0.0724	 ndcg_10: 0.0924	 hit@1:0.035331	 hit@5:0.1088	 hit@10: 0.1711
epoch 70: train_loss = 1.629412, source_mrr = 0.086960, source_hit@10 = 0.1695, source_ndcg@10 = 0.0961, target_mrr = 0.082732, target_hit@10 = 0.1711, target_ndcg@10 = 0.0924

2024-08-14 13:18:45.843273: step 67237/75760 (epoch 71/80), loss = 1.623246 (698.682 sec/epoch), lr: 0.000904
Evaluating on dev set...
.......................................................................................................................................................................................................................
source: 	 mrr: 0.074713	 ndcg_5: 0.0669	 ndcg_10: 0.0823	 hit@1:0.032102	 hit@5:0.1010	 hit@10: 0.1487
target: 	 mrr: 0.078641	 ndcg_5: 0.0679	 ndcg_10: 0.0891	 hit@1:0.030463	 hit@5:0.1055	 hit@10: 0.1715
epoch 71: train_loss = 1.623246, source_mrr = 0.074713, source_hit@10 = 0.1487, source_ndcg@10 = 0.0823, target_mrr = 0.078641, target_hit@10 = 0.1715, target_ndcg@10 = 0.0891

2024-08-14 13:30:26.340770: step 68184/75760 (epoch 72/80), loss = 1.616489 (695.249 sec/epoch), lr: 0.000859
Evaluating on dev set...
.......................................................................................................................................................................................................................
source: 	 mrr: 0.089549	 ndcg_5: 0.0819	 ndcg_10: 0.1008	 hit@1:0.041141	 hit@5:0.1223	 hit@10: 0.1814
target: 	 mrr: 0.068287	 ndcg_5: 0.0597	 ndcg_10: 0.0767	 hit@1:0.025725	 hit@5:0.0935	 hit@10: 0.1463
source best!
...............................................................
source: 	 mrr: 0.087872	 ndcg_5: 0.0798	 ndcg_10: 0.0990	 hit@1:0.038121	 hit@5:0.1210	 hit@10: 0.1808
epoch 72: train_loss = 1.616489, source_mrr = 0.087872, source_hit@10 = 0.1808, source_ndcg@10 = 0.0990, target_mrr = 0.068287, target_hit@10 = 0.1463, target_ndcg@10 = 0.0767

2024-08-14 13:42:09.436154: step 69131/75760 (epoch 73/80), loss = 1.613713 (696.665 sec/epoch), lr: 0.000859
Evaluating on dev set...
.......................................................................................................................................................................................................................
source: 	 mrr: 0.072701	 ndcg_5: 0.0639	 ndcg_10: 0.0802	 hit@1:0.032414	 hit@5:0.0951	 hit@10: 0.1462
target: 	 mrr: 0.100469	 ndcg_5: 0.0928	 ndcg_10: 0.1119	 hit@1:0.049740	 hit@5:0.1342	 hit@10: 0.1936
target best!
......................................................................................................................................................target: 	 mrr: 0.100688	 ndcg_5: 0.0927	 ndcg_10: 0.1123	 hit@1:0.050488	 hit@5:0.1341	 hit@10: 0.1946
epoch 73: train_loss = 1.613713, source_mrr = 0.072701, source_hit@10 = 0.1462, source_ndcg@10 = 0.0802, target_mrr = 0.100688, target_hit@10 = 0.1946, target_ndcg@10 = 0.1123

2024-08-14 13:53:55.238712: step 70078/75760 (epoch 74/80), loss = 1.610086 (697.439 sec/epoch), lr: 0.000859
Evaluating on dev set...
.......................................................................................................................................................................................................................
source: 	 mrr: 0.077494	 ndcg_5: 0.0685	 ndcg_10: 0.0841	 hit@1:0.035998	 hit@5:0.1005	 hit@10: 0.1493
target: 	 mrr: 0.097211	 ndcg_5: 0.0891	 ndcg_10: 0.1084	 hit@1:0.046779	 hit@5:0.1303	 hit@10: 0.1903
epoch 74: train_loss = 1.610086, source_mrr = 0.077494, source_hit@10 = 0.1493, source_ndcg@10 = 0.0841, target_mrr = 0.097211, target_hit@10 = 0.1903, target_ndcg@10 = 0.1084

2024-08-14 14:05:34.635316: step 71025/75760 (epoch 75/80), loss = 1.606510 (694.105 sec/epoch), lr: 0.000859
Evaluating on dev set...
.......................................................................................................................................................................................................................
source: 	 mrr: 0.083719	 ndcg_5: 0.0765	 ndcg_10: 0.0935	 hit@1:0.037401	 hit@5:0.1144	 hit@10: 0.1669
target: 	 mrr: 0.097564	 ndcg_5: 0.0890	 ndcg_10: 0.1098	 hit@1:0.046582	 hit@5:0.1305	 hit@10: 0.1951
epoch 75: train_loss = 1.606510, source_mrr = 0.083719, source_hit@10 = 0.1669, source_ndcg@10 = 0.0935, target_mrr = 0.097564, target_hit@10 = 0.1951, target_ndcg@10 = 0.1098

2024-08-14 14:17:10.384874: step 71972/75760 (epoch 76/80), loss = 1.609566 (690.310 sec/epoch), lr: 0.000859
Evaluating on dev set...
.......................................................................................................................................................................................................................
source: 	 mrr: 0.075749	 ndcg_5: 0.0675	 ndcg_10: 0.0849	 hit@1:0.032102	 hit@5:0.1019	 hit@10: 0.1563
target: 	 mrr: 0.076925	 ndcg_5: 0.0688	 ndcg_10: 0.0887	 hit@1:0.026186	 hit@5:0.1117	 hit@10: 0.1731
epoch 76: train_loss = 1.609566, source_mrr = 0.075749, source_hit@10 = 0.1563, source_ndcg@10 = 0.0849, target_mrr = 0.076925, target_hit@10 = 0.1731, target_ndcg@10 = 0.0887

2024-08-14 14:28:51.044841: step 72919/75760 (epoch 77/80), loss = 1.598916 (695.452 sec/epoch), lr: 0.000816
Evaluating on dev set...
.......................................................................................................................................................................................................................
source: 	 mrr: 0.087080	 ndcg_5: 0.0795	 ndcg_10: 0.0978	 hit@1:0.040673	 hit@5:0.1178	 hit@10: 0.1755
target: 	 mrr: 0.076153	 ndcg_5: 0.0672	 ndcg_10: 0.0879	 hit@1:0.026581	 hit@5:0.1077	 hit@10: 0.1724
epoch 77: train_loss = 1.598916, source_mrr = 0.087080, source_hit@10 = 0.1755, source_ndcg@10 = 0.0978, target_mrr = 0.076153, target_hit@10 = 0.1724, target_ndcg@10 = 0.0879

2024-08-14 14:40:28.875907: step 73866/75760 (epoch 78/80), loss = 1.598724 (692.578 sec/epoch), lr: 0.000816
Evaluating on dev set...
.......................................................................................................................................................................................................................
source: 	 mrr: 0.084735	 ndcg_5: 0.0763	 ndcg_10: 0.0950	 hit@1:0.037556	 hit@5:0.1134	 hit@10: 0.1717
target: 	 mrr: 0.094704	 ndcg_5: 0.0869	 ndcg_10: 0.1053	 hit@1:0.044345	 hit@5:0.1287	 hit@10: 0.1858
epoch 78: train_loss = 1.598724, source_mrr = 0.084735, source_hit@10 = 0.1717, source_ndcg@10 = 0.0950, target_mrr = 0.094704, target_hit@10 = 0.1858, target_ndcg@10 = 0.1053

2024-08-14 14:52:10.331863: step 74813/75760 (epoch 79/80), loss = 1.597349 (696.373 sec/epoch), lr: 0.000816
Evaluating on dev set...
.......................................................................................................................................................................................................................
source: 	 mrr: 0.090648	 ndcg_5: 0.0828	 ndcg_10: 0.1015	 hit@1:0.043478	 hit@5:0.1212	 hit@10: 0.1792
target: 	 mrr: 0.099941	 ndcg_5: 0.0929	 ndcg_10: 0.1119	 hit@1:0.047372	 hit@5:0.1372	 hit@10: 0.1963
source best!
...............................................................
source: 	 mrr: 0.086821	 ndcg_5: 0.0769	 ndcg_10: 0.0979	 hit@1:0.038595	 hit@5:0.1140	 hit@10: 0.1791
epoch 79: train_loss = 1.597349, source_mrr = 0.086821, source_hit@10 = 0.1791, source_ndcg@10 = 0.0979, target_mrr = 0.099941, target_hit@10 = 0.1963, target_ndcg@10 = 0.1119

2024-08-14 15:03:46.622723: step 75760/75760 (epoch 80/80), loss = 1.595653 (689.382 sec/epoch), lr: 0.000816
Evaluating on dev set...
.......................................................................................................................................................................................................................
source: 	 mrr: 0.083491	 ndcg_5: 0.0752	 ndcg_10: 0.0930	 hit@1:0.037089	 hit@5:0.1124	 hit@10: 0.1677
target: 	 mrr: 0.092768	 ndcg_5: 0.0845	 ndcg_10: 0.1032	 hit@1:0.044608	 hit@5:0.1234	 hit@10: 0.1816
epoch 80: train_loss = 1.595653, source_mrr = 0.083491, source_hit@10 = 0.1677, source_ndcg@10 = 0.0930, target_mrr = 0.092768, target_hit@10 = 0.1816, target_ndcg@10 = 0.1032

source best:  source_mrr = 0.089549, source_hit@10 = 0.1814, source_ndcg@10 = 0.1008
target best:  target_mrr = 0.099941, target_hit@10 = 0.1963, target_ndcg@10 = 0.1119
