nohup: ignoring input
using gpu:0 to train the model
using gpu:0 to train the model
cuda:0
Namespace(A_split=False, JK='sum', a_fold=100, aggregate=False, alpha=0.5, batch_size=1024, beta_inter=0.2, conv_layers=4, cuda=True, decay_epoch=10, device=device(type='cuda', index=0), device_id='0', domains='game_video', dropout=0.4, epoch=80, feature_dim=126, gamma_intra=0.8, hidden_dim=126, inter_tau=0.05, intra_tau=0.4, lambda_critic=0.1, leakey=0.05, load=False, log='logs.txt', log_epoch=1, lr=0.004, lr_decay=0.95, min_epoch=50, mode='train', model_file=None, model_name='gv', momentum=0.98, num_latent_factors=3, num_negative=100, optim='adam', patience=20, proj_layers=1, projection=1, rectify_epoch=30, residual=1, save=False, save_dir='./saved_models', seed=32, similarity_tau=0.1, test_sample_number=999, user_batch_size=256, weight_decay=0.0002)
number_user 25025
number_item 12319
/home/disk2/lhr/invariantCDR/invariantCDR/utils/GraphMaker.py:46: RuntimeWarning: divide by zero encountered in power
  r_inv = np.power(rowsum, -1).flatten()
real graph loaded!
number_user 19457
number_item 8751
real graph loaded!
graph loaded!
Loading data from game_video with batch size 1024...
unseen test: 0
test length: 1381
unseen test: 0
test length: 1304
unseen test: 0
test length: 1435
unseen test: 0
test length: 1458
source_user_num 25025
target_user_num 19457
source_item_num 12319
target_item_num 8751
shared users id: 1737
test users 226, 217
unseen test: 0
dev length: 1000
unseen test: 0
dev length: 1000
source train data : 155036, target train data: 156091, source test data : 1304, target test data : 1458, source dev data : 1000, target dev data : 1000
2024-08-11 07:28:02.192951: step 304/24320 (epoch 1/80), loss = 2.144843 (78.022 sec/epoch), lr: 0.004000
Evaluating on dev set...
...........................
source: 	 mrr: 0.025393	 ndcg_5: 0.0160	 ndcg_10: 0.0210	 hit@1:0.006517	 hit@5:0.0261	 hit@10: 0.0420
target: 	 mrr: 0.027965	 ndcg_5: 0.0190	 ndcg_10: 0.0278	 hit@1:0.006969	 hit@5:0.0314	 hit@10: 0.0592
source best!
.............
source: 	 mrr: 0.028431	 ndcg_5: 0.0193	 ndcg_10: 0.0269	 hit@1:0.005368	 hit@5:0.0322	 hit@10: 0.0560
target best!
..............target: 	 mrr: 0.029223	 ndcg_5: 0.0196	 ndcg_10: 0.0275	 hit@1:0.007545	 hit@5:0.0309	 hit@10: 0.0549
epoch 1: source_mrr = 2.144843, train_loss = 0.028431, source_hit@10 = 0.0560, source_ndcg@10 = 0.0269, target_mrr = 0.029223, target_hit@10 = 0.0549, target_ndcg@10 = 0.0275

2024-08-11 07:29:23.462446: step 608/24320 (epoch 2/80), loss = 1.833471 (80.269 sec/epoch), lr: 0.004000
Evaluating on dev set...
...........................
source: 	 mrr: 0.031858	 ndcg_5: 0.0191	 ndcg_10: 0.0295	 hit@1:0.009413	 hit@5:0.0290	 hit@10: 0.0615
target: 	 mrr: 0.030511	 ndcg_5: 0.0203	 ndcg_10: 0.0319	 hit@1:0.006969	 hit@5:0.0341	 hit@10: 0.0704
source best!
.............
source: 	 mrr: 0.033427	 ndcg_5: 0.0211	 ndcg_10: 0.0315	 hit@1:0.009969	 hit@5:0.0330	 hit@10: 0.0660
target best!
..............target: 	 mrr: 0.032891	 ndcg_5: 0.0239	 ndcg_10: 0.0347	 hit@1:0.007545	 hit@5:0.0418	 hit@10: 0.0748
epoch 2: source_mrr = 1.833471, train_loss = 0.033427, source_hit@10 = 0.0660, source_ndcg@10 = 0.0315, target_mrr = 0.032891, target_hit@10 = 0.0748, target_ndcg@10 = 0.0347

2024-08-11 07:30:46.803811: step 912/24320 (epoch 3/80), loss = 1.777031 (82.315 sec/epoch), lr: 0.004000
Evaluating on dev set...
...........................
source: 	 mrr: 0.032923	 ndcg_5: 0.0209	 ndcg_10: 0.0325	 hit@1:0.007965	 hit@5:0.0340	 hit@10: 0.0702
target: 	 mrr: 0.028133	 ndcg_5: 0.0171	 ndcg_10: 0.0260	 hit@1:0.006272	 hit@5:0.0286	 hit@10: 0.0564
source best!
.............
source: 	 mrr: 0.032367	 ndcg_5: 0.0213	 ndcg_10: 0.0321	 hit@1:0.007669	 hit@5:0.0353	 hit@10: 0.0690
epoch 3: source_mrr = 1.777031, train_loss = 0.032367, source_hit@10 = 0.0690, source_ndcg@10 = 0.0321, target_mrr = 0.028133, target_hit@10 = 0.0564, target_ndcg@10 = 0.0260

2024-08-11 07:32:06.842010: step 1216/24320 (epoch 4/80), loss = 1.750144 (79.193 sec/epoch), lr: 0.004000
Evaluating on dev set...
...........................
source: 	 mrr: 0.039277	 ndcg_5: 0.0278	 ndcg_10: 0.0385	 hit@1:0.014482	 hit@5:0.0406	 hit@10: 0.0739
target: 	 mrr: 0.029337	 ndcg_5: 0.0195	 ndcg_10: 0.0276	 hit@1:0.010453	 hit@5:0.0279	 hit@10: 0.0537
source best!
.............
source: 	 mrr: 0.035054	 ndcg_5: 0.0254	 ndcg_10: 0.0373	 hit@1:0.008436	 hit@5:0.0429	 hit@10: 0.0805
epoch 4: source_mrr = 1.750144, train_loss = 0.035054, source_hit@10 = 0.0805, source_ndcg@10 = 0.0373, target_mrr = 0.029337, target_hit@10 = 0.0537, target_ndcg@10 = 0.0276

2024-08-11 07:33:27.830016: step 1520/24320 (epoch 5/80), loss = 1.734690 (80.194 sec/epoch), lr: 0.004000
Evaluating on dev set...
...........................
source: 	 mrr: 0.031487	 ndcg_5: 0.0223	 ndcg_10: 0.0300	 hit@1:0.007241	 hit@5:0.0377	 hit@10: 0.0615
target: 	 mrr: 0.045204	 ndcg_5: 0.0384	 ndcg_10: 0.0469	 hit@1:0.018118	 hit@5:0.0578	 hit@10: 0.0843
target best!
..............target: 	 mrr: 0.038332	 ndcg_5: 0.0289	 ndcg_10: 0.0403	 hit@1:0.010288	 hit@5:0.0480	 hit@10: 0.0830
epoch 5: source_mrr = 1.734690, train_loss = 0.031487, source_hit@10 = 0.0615, source_ndcg@10 = 0.0300, target_mrr = 0.038332, target_hit@10 = 0.0830, target_ndcg@10 = 0.0403

2024-08-11 07:34:49.639177: step 1824/24320 (epoch 6/80), loss = 1.723183 (80.918 sec/epoch), lr: 0.004000
Evaluating on dev set...
...........................
source: 	 mrr: 0.036901	 ndcg_5: 0.0263	 ndcg_10: 0.0352	 hit@1:0.011586	 hit@5:0.0413	 hit@10: 0.0695
target: 	 mrr: 0.047450	 ndcg_5: 0.0383	 ndcg_10: 0.0514	 hit@1:0.017422	 hit@5:0.0585	 hit@10: 0.0990
target best!
..............target: 	 mrr: 0.047595	 ndcg_5: 0.0363	 ndcg_10: 0.0523	 hit@1:0.017833	 hit@5:0.0556	 hit@10: 0.1043
epoch 6: source_mrr = 1.723183, train_loss = 0.036901, source_hit@10 = 0.0695, source_ndcg@10 = 0.0352, target_mrr = 0.047595, target_hit@10 = 0.1043, target_ndcg@10 = 0.0523

2024-08-11 07:36:13.691878: step 2128/24320 (epoch 7/80), loss = 1.712456 (83.227 sec/epoch), lr: 0.004000
Evaluating on dev set...
...........................
source: 	 mrr: 0.039372	 ndcg_5: 0.0280	 ndcg_10: 0.0370	 hit@1:0.016655	 hit@5:0.0377	 hit@10: 0.0659
target: 	 mrr: 0.041058	 ndcg_5: 0.0316	 ndcg_10: 0.0413	 hit@1:0.013937	 hit@5:0.0488	 hit@10: 0.0780
source best!
.............
source: 	 mrr: 0.033903	 ndcg_5: 0.0241	 ndcg_10: 0.0330	 hit@1:0.009969	 hit@5:0.0391	 hit@10: 0.0667
epoch 7: source_mrr = 1.712456, train_loss = 0.033903, source_hit@10 = 0.0667, source_ndcg@10 = 0.0330, target_mrr = 0.041058, target_hit@10 = 0.0780, target_ndcg@10 = 0.0413

2024-08-11 07:37:34.465942: step 2432/24320 (epoch 8/80), loss = 1.702032 (79.975 sec/epoch), lr: 0.004000
Evaluating on dev set...
...........................
source: 	 mrr: 0.019210	 ndcg_5: 0.0113	 ndcg_10: 0.0185	 hit@1:0.002896	 hit@5:0.0196	 hit@10: 0.0420
target: 	 mrr: 0.048410	 ndcg_5: 0.0435	 ndcg_10: 0.0533	 hit@1:0.016028	 hit@5:0.0718	 hit@10: 0.1024
target best!
..............target: 	 mrr: 0.046739	 ndcg_5: 0.0394	 ndcg_10: 0.0522	 hit@1:0.015775	 hit@5:0.0638	 hit@10: 0.1036
epoch 8: source_mrr = 1.702032, train_loss = 0.019210, source_hit@10 = 0.0420, source_ndcg@10 = 0.0185, target_mrr = 0.046739, target_hit@10 = 0.1036, target_ndcg@10 = 0.0522

2024-08-11 07:38:55.296358: step 2736/24320 (epoch 9/80), loss = 1.684585 (80.019 sec/epoch), lr: 0.004000
Evaluating on dev set...
...........................
source: 	 mrr: 0.039235	 ndcg_5: 0.0294	 ndcg_10: 0.0399	 hit@1:0.013758	 hit@5:0.0463	 hit@10: 0.0789
target: 	 mrr: 0.045349	 ndcg_5: 0.0375	 ndcg_10: 0.0508	 hit@1:0.015331	 hit@5:0.0620	 hit@10: 0.1031
epoch 9: source_mrr = 1.684585, train_loss = 0.039235, source_hit@10 = 0.0789, source_ndcg@10 = 0.0399, target_mrr = 0.045349, target_hit@10 = 0.1031, target_ndcg@10 = 0.0508

2024-08-11 07:40:15.094945: step 3040/24320 (epoch 10/80), loss = 1.672373 (79.213 sec/epoch), lr: 0.004000
Evaluating on dev set...
...........................
source: 	 mrr: 0.034462	 ndcg_5: 0.0237	 ndcg_10: 0.0342	 hit@1:0.009413	 hit@5:0.0391	 hit@10: 0.0717
target: 	 mrr: 0.050658	 ndcg_5: 0.0421	 ndcg_10: 0.0557	 hit@1:0.020209	 hit@5:0.0627	 hit@10: 0.1052
target best!
..............target: 	 mrr: 0.051626	 ndcg_5: 0.0444	 ndcg_10: 0.0570	 hit@1:0.017147	 hit@5:0.0713	 hit@10: 0.1104
epoch 10: source_mrr = 1.672373, train_loss = 0.034462, source_hit@10 = 0.0717, source_ndcg@10 = 0.0342, target_mrr = 0.051626, target_hit@10 = 0.1104, target_ndcg@10 = 0.0570

2024-08-11 07:41:35.781165: step 3344/24320 (epoch 11/80), loss = 1.663629 (79.877 sec/epoch), lr: 0.004000
Evaluating on dev set...
...........................
source: 	 mrr: 0.028080	 ndcg_5: 0.0201	 ndcg_10: 0.0260	 hit@1:0.005793	 hit@5:0.0340	 hit@10: 0.0529
target: 	 mrr: 0.044248	 ndcg_5: 0.0359	 ndcg_10: 0.0465	 hit@1:0.016725	 hit@5:0.0557	 hit@10: 0.0885
epoch 11: source_mrr = 1.663629, train_loss = 0.028080, source_hit@10 = 0.0529, source_ndcg@10 = 0.0260, target_mrr = 0.044248, target_hit@10 = 0.0885, target_ndcg@10 = 0.0465

2024-08-11 07:42:55.119885: step 3648/24320 (epoch 12/80), loss = 1.643304 (78.776 sec/epoch), lr: 0.003800
Evaluating on dev set...
...........................
source: 	 mrr: 0.026162	 ndcg_5: 0.0186	 ndcg_10: 0.0275	 hit@1:0.007241	 hit@5:0.0311	 hit@10: 0.0587
target: 	 mrr: 0.044307	 ndcg_5: 0.0326	 ndcg_10: 0.0458	 hit@1:0.016725	 hit@5:0.0495	 hit@10: 0.0906
epoch 12: source_mrr = 1.643304, train_loss = 0.026162, source_hit@10 = 0.0587, source_ndcg@10 = 0.0275, target_mrr = 0.044307, target_hit@10 = 0.0906, target_ndcg@10 = 0.0458

2024-08-11 07:44:14.718394: step 3952/24320 (epoch 13/80), loss = 1.630168 (79.028 sec/epoch), lr: 0.003610
Evaluating on dev set...
...........................
source: 	 mrr: 0.038156	 ndcg_5: 0.0281	 ndcg_10: 0.0356	 hit@1:0.012310	 hit@5:0.0434	 hit@10: 0.0666
target: 	 mrr: 0.038576	 ndcg_5: 0.0293	 ndcg_10: 0.0400	 hit@1:0.014634	 hit@5:0.0439	 hit@10: 0.0767
epoch 13: source_mrr = 1.630168, train_loss = 0.038156, source_hit@10 = 0.0666, source_ndcg@10 = 0.0356, target_mrr = 0.038576, target_hit@10 = 0.0767, target_ndcg@10 = 0.0400

2024-08-11 07:45:33.853962: step 4256/24320 (epoch 14/80), loss = 1.624426 (78.572 sec/epoch), lr: 0.003610
Evaluating on dev set...
...........................
source: 	 mrr: 0.022977	 ndcg_5: 0.0162	 ndcg_10: 0.0220	 hit@1:0.008689	 hit@5:0.0239	 hit@10: 0.0420
target: 	 mrr: 0.038866	 ndcg_5: 0.0294	 ndcg_10: 0.0400	 hit@1:0.010453	 hit@5:0.0481	 hit@10: 0.0808
epoch 14: source_mrr = 1.624426, train_loss = 0.022977, source_hit@10 = 0.0420, source_ndcg@10 = 0.0220, target_mrr = 0.038866, target_hit@10 = 0.0808, target_ndcg@10 = 0.0400

2024-08-11 07:46:53.937521: step 4560/24320 (epoch 15/80), loss = 1.617788 (79.515 sec/epoch), lr: 0.003429
Evaluating on dev set...
...........................
source: 	 mrr: 0.030901	 ndcg_5: 0.0200	 ndcg_10: 0.0278	 hit@1:0.007241	 hit@5:0.0311	 hit@10: 0.0550
target: 	 mrr: 0.048466	 ndcg_5: 0.0424	 ndcg_10: 0.0555	 hit@1:0.013240	 hit@5:0.0718	 hit@10: 0.1122
epoch 15: source_mrr = 1.617788, train_loss = 0.030901, source_hit@10 = 0.0550, source_ndcg@10 = 0.0278, target_mrr = 0.048466, target_hit@10 = 0.1122, target_ndcg@10 = 0.0555

2024-08-11 07:48:13.411291: step 4864/24320 (epoch 16/80), loss = 1.612756 (78.882 sec/epoch), lr: 0.003429
Evaluating on dev set...
...........................
source: 	 mrr: 0.032845	 ndcg_5: 0.0231	 ndcg_10: 0.0293	 hit@1:0.010862	 hit@5:0.0369	 hit@10: 0.0558
target: 	 mrr: 0.052604	 ndcg_5: 0.0464	 ndcg_10: 0.0591	 hit@1:0.017422	 hit@5:0.0760	 hit@10: 0.1164
target best!
..............target: 	 mrr: 0.055737	 ndcg_5: 0.0469	 ndcg_10: 0.0592	 hit@1:0.022634	 hit@5:0.0706	 hit@10: 0.1084
epoch 16: source_mrr = 1.612756, train_loss = 0.032845, source_hit@10 = 0.0558, source_ndcg@10 = 0.0293, target_mrr = 0.055737, target_hit@10 = 0.1084, target_ndcg@10 = 0.0592

2024-08-11 07:49:34.796363: step 5168/24320 (epoch 17/80), loss = 1.605614 (80.540 sec/epoch), lr: 0.003429
Evaluating on dev set...
...........................
source: 	 mrr: 0.027314	 ndcg_5: 0.0165	 ndcg_10: 0.0258	 hit@1:0.004345	 hit@5:0.0290	 hit@10: 0.0579
target: 	 mrr: 0.046153	 ndcg_5: 0.0374	 ndcg_10: 0.0493	 hit@1:0.015331	 hit@5:0.0592	 hit@10: 0.0962
epoch 17: source_mrr = 1.605614, train_loss = 0.027314, source_hit@10 = 0.0579, source_ndcg@10 = 0.0258, target_mrr = 0.046153, target_hit@10 = 0.0962, target_ndcg@10 = 0.0493

2024-08-11 07:50:57.212948: step 5472/24320 (epoch 18/80), loss = 1.599577 (81.842 sec/epoch), lr: 0.003258
Evaluating on dev set...
...........................
source: 	 mrr: 0.035102	 ndcg_5: 0.0264	 ndcg_10: 0.0344	 hit@1:0.008689	 hit@5:0.0456	 hit@10: 0.0702
target: 	 mrr: 0.062661	 ndcg_5: 0.0581	 ndcg_10: 0.0702	 hit@1:0.025087	 hit@5:0.0927	 hit@10: 0.1303
target best!
..............target: 	 mrr: 0.058314	 ndcg_5: 0.0497	 ndcg_10: 0.0648	 hit@1:0.020576	 hit@5:0.0789	 hit@10: 0.1255
epoch 18: source_mrr = 1.599577, train_loss = 0.035102, source_hit@10 = 0.0702, source_ndcg@10 = 0.0344, target_mrr = 0.058314, target_hit@10 = 0.1255, target_ndcg@10 = 0.0648

2024-08-11 07:52:19.030165: step 5776/24320 (epoch 19/80), loss = 1.590617 (80.994 sec/epoch), lr: 0.003258
Evaluating on dev set...
...........................
source: 	 mrr: 0.036189	 ndcg_5: 0.0267	 ndcg_10: 0.0355	 hit@1:0.007965	 hit@5:0.0442	 hit@10: 0.0717
target: 	 mrr: 0.049521	 ndcg_5: 0.0413	 ndcg_10: 0.0522	 hit@1:0.017422	 hit@5:0.0648	 hit@10: 0.0990
epoch 19: source_mrr = 1.590617, train_loss = 0.036189, source_hit@10 = 0.0717, source_ndcg@10 = 0.0355, target_mrr = 0.049521, target_hit@10 = 0.0990, target_ndcg@10 = 0.0522

2024-08-11 07:53:39.084425: step 6080/24320 (epoch 20/80), loss = 1.582123 (79.460 sec/epoch), lr: 0.003095
Evaluating on dev set...
...........................
source: 	 mrr: 0.035943	 ndcg_5: 0.0230	 ndcg_10: 0.0361	 hit@1:0.008689	 hit@5:0.0377	 hit@10: 0.0782
target: 	 mrr: 0.041081	 ndcg_5: 0.0320	 ndcg_10: 0.0432	 hit@1:0.014634	 hit@5:0.0495	 hit@10: 0.0850
epoch 20: source_mrr = 1.582123, train_loss = 0.035943, source_hit@10 = 0.0782, source_ndcg@10 = 0.0361, target_mrr = 0.041081, target_hit@10 = 0.0850, target_ndcg@10 = 0.0432

2024-08-11 07:54:59.936960: step 6384/24320 (epoch 21/80), loss = 1.571566 (80.255 sec/epoch), lr: 0.002940
Evaluating on dev set...
...........................
source: 	 mrr: 0.029133	 ndcg_5: 0.0188	 ndcg_10: 0.0252	 hit@1:0.008689	 hit@5:0.0297	 hit@10: 0.0500
target: 	 mrr: 0.052967	 ndcg_5: 0.0434	 ndcg_10: 0.0571	 hit@1:0.022997	 hit@5:0.0648	 hit@10: 0.1073
epoch 21: source_mrr = 1.571566, train_loss = 0.029133, source_hit@10 = 0.0500, source_ndcg@10 = 0.0252, target_mrr = 0.052967, target_hit@10 = 0.1073, target_ndcg@10 = 0.0571

2024-08-11 07:56:19.919340: step 6688/24320 (epoch 22/80), loss = 1.566557 (79.397 sec/epoch), lr: 0.002940
Evaluating on dev set...
...........................
source: 	 mrr: 0.031599	 ndcg_5: 0.0227	 ndcg_10: 0.0305	 hit@1:0.007241	 hit@5:0.0384	 hit@10: 0.0623
target: 	 mrr: 0.052175	 ndcg_5: 0.0428	 ndcg_10: 0.0557	 hit@1:0.024390	 hit@5:0.0613	 hit@10: 0.1017
epoch 22: source_mrr = 1.566557, train_loss = 0.031599, source_hit@10 = 0.0623, source_ndcg@10 = 0.0305, target_mrr = 0.052175, target_hit@10 = 0.1017, target_ndcg@10 = 0.0557

2024-08-11 07:57:40.152429: step 6992/24320 (epoch 23/80), loss = 1.563611 (79.647 sec/epoch), lr: 0.002940
Evaluating on dev set...
...........................
source: 	 mrr: 0.029632	 ndcg_5: 0.0198	 ndcg_10: 0.0296	 hit@1:0.005793	 hit@5:0.0348	 hit@10: 0.0652
target: 	 mrr: 0.045254	 ndcg_5: 0.0338	 ndcg_10: 0.0476	 hit@1:0.017422	 hit@5:0.0502	 hit@10: 0.0927
epoch 23: source_mrr = 1.563611, train_loss = 0.029632, source_hit@10 = 0.0652, source_ndcg@10 = 0.0296, target_mrr = 0.045254, target_hit@10 = 0.0927, target_ndcg@10 = 0.0476

2024-08-11 07:59:02.477538: step 7296/24320 (epoch 24/80), loss = 1.559592 (81.745 sec/epoch), lr: 0.002793
Evaluating on dev set...
...........................
source: 	 mrr: 0.028419	 ndcg_5: 0.0175	 ndcg_10: 0.0263	 hit@1:0.007965	 hit@5:0.0275	 hit@10: 0.0543
target: 	 mrr: 0.051941	 ndcg_5: 0.0420	 ndcg_10: 0.0552	 hit@1:0.022300	 hit@5:0.0627	 hit@10: 0.1031
epoch 24: source_mrr = 1.559592, train_loss = 0.028419, source_hit@10 = 0.0543, source_ndcg@10 = 0.0263, target_mrr = 0.051941, target_hit@10 = 0.1031, target_ndcg@10 = 0.0552

2024-08-11 08:00:22.419440: step 7600/24320 (epoch 25/80), loss = 1.555333 (79.373 sec/epoch), lr: 0.002793
Evaluating on dev set...
...........................
source: 	 mrr: 0.025649	 ndcg_5: 0.0133	 ndcg_10: 0.0245	 hit@1:0.005069	 hit@5:0.0217	 hit@10: 0.0572
target: 	 mrr: 0.049051	 ndcg_5: 0.0390	 ndcg_10: 0.0540	 hit@1:0.015331	 hit@5:0.0620	 hit@10: 0.1087
epoch 25: source_mrr = 1.555333, train_loss = 0.025649, source_hit@10 = 0.0572, source_ndcg@10 = 0.0245, target_mrr = 0.049051, target_hit@10 = 0.1087, target_ndcg@10 = 0.0540

2024-08-11 08:01:44.934722: step 7904/24320 (epoch 26/80), loss = 1.545577 (81.931 sec/epoch), lr: 0.002654
Evaluating on dev set...
...........................
source: 	 mrr: 0.039257	 ndcg_5: 0.0266	 ndcg_10: 0.0387	 hit@1:0.012310	 hit@5:0.0406	 hit@10: 0.0782
target: 	 mrr: 0.047205	 ndcg_5: 0.0370	 ndcg_10: 0.0540	 hit@1:0.016028	 hit@5:0.0585	 hit@10: 0.1115
epoch 26: source_mrr = 1.545577, train_loss = 0.039257, source_hit@10 = 0.0782, source_ndcg@10 = 0.0387, target_mrr = 0.047205, target_hit@10 = 0.1115, target_ndcg@10 = 0.0540

2024-08-11 08:03:05.687227: step 8208/24320 (epoch 27/80), loss = 1.545165 (80.110 sec/epoch), lr: 0.002654
Evaluating on dev set...
...........................
source: 	 mrr: 0.023009	 ndcg_5: 0.0137	 ndcg_10: 0.0193	 hit@1:0.005793	 hit@5:0.0224	 hit@10: 0.0398
target: 	 mrr: 0.043576	 ndcg_5: 0.0350	 ndcg_10: 0.0472	 hit@1:0.011847	 hit@5:0.0578	 hit@10: 0.0962
epoch 27: source_mrr = 1.545165, train_loss = 0.023009, source_hit@10 = 0.0398, source_ndcg@10 = 0.0193, target_mrr = 0.043576, target_hit@10 = 0.0962, target_ndcg@10 = 0.0472

2024-08-11 08:04:26.250452: step 8512/24320 (epoch 28/80), loss = 1.533148 (80.007 sec/epoch), lr: 0.002521
Evaluating on dev set...
...........................
source: 	 mrr: 0.038271	 ndcg_5: 0.0258	 ndcg_10: 0.0360	 hit@1:0.013758	 hit@5:0.0384	 hit@10: 0.0702
target: 	 mrr: 0.030716	 ndcg_5: 0.0236	 ndcg_10: 0.0304	 hit@1:0.008362	 hit@5:0.0418	 hit@10: 0.0627
epoch 28: source_mrr = 1.533148, train_loss = 0.038271, source_hit@10 = 0.0702, source_ndcg@10 = 0.0360, target_mrr = 0.030716, target_hit@10 = 0.0627, target_ndcg@10 = 0.0304

2024-08-11 08:05:46.787132: step 8816/24320 (epoch 29/80), loss = 1.531780 (79.922 sec/epoch), lr: 0.002521
Evaluating on dev set...
...........................
source: 	 mrr: 0.036799	 ndcg_5: 0.0242	 ndcg_10: 0.0381	 hit@1:0.008689	 hit@5:0.0406	 hit@10: 0.0840
target: 	 mrr: 0.052638	 ndcg_5: 0.0440	 ndcg_10: 0.0568	 hit@1:0.021603	 hit@5:0.0669	 hit@10: 0.1073
epoch 29: source_mrr = 1.531780, train_loss = 0.036799, source_hit@10 = 0.0840, source_ndcg@10 = 0.0381, target_mrr = 0.052638, target_hit@10 = 0.1073, target_ndcg@10 = 0.0568

2024-08-11 08:07:07.973237: step 9120/24320 (epoch 30/80), loss = 1.529969 (80.587 sec/epoch), lr: 0.002521
Evaluating on dev set...
...........................
source: 	 mrr: 0.040970	 ndcg_5: 0.0263	 ndcg_10: 0.0402	 hit@1:0.014482	 hit@5:0.0391	 hit@10: 0.0825
target: 	 mrr: 0.051033	 ndcg_5: 0.0433	 ndcg_10: 0.0567	 hit@1:0.016725	 hit@5:0.0704	 hit@10: 0.1122
source best!
.............
source: 	 mrr: 0.045828	 ndcg_5: 0.0359	 ndcg_10: 0.0489	 hit@1:0.011503	 hit@5:0.0590	 hit@10: 0.0997
epoch 30: source_mrr = 1.529969, train_loss = 0.045828, source_hit@10 = 0.0997, source_ndcg@10 = 0.0489, target_mrr = 0.051033, target_hit@10 = 0.1122, target_ndcg@10 = 0.0567
shift to transfer learning mode

2024-08-11 08:08:29.261035: step 9424/24320 (epoch 31/80), loss = 1.569388 (80.468 sec/epoch), lr: 0.002521
Evaluating on dev set...
...........................
source: 	 mrr: 0.044878	 ndcg_5: 0.0296	 ndcg_10: 0.0435	 hit@1:0.018827	 hit@5:0.0406	 hit@10: 0.0840
target: 	 mrr: 0.044346	 ndcg_5: 0.0346	 ndcg_10: 0.0501	 hit@1:0.012544	 hit@5:0.0578	 hit@10: 0.1059
source best!
.............
source: 	 mrr: 0.042972	 ndcg_5: 0.0316	 ndcg_10: 0.0431	 hit@1:0.013804	 hit@5:0.0514	 hit@10: 0.0867
epoch 31: source_mrr = 1.569388, train_loss = 0.042972, source_hit@10 = 0.0867, source_ndcg@10 = 0.0431, target_mrr = 0.044346, target_hit@10 = 0.1059, target_ndcg@10 = 0.0501

2024-08-11 08:09:49.886876: step 9728/24320 (epoch 32/80), loss = 1.565326 (79.835 sec/epoch), lr: 0.002395
Evaluating on dev set...
...........................
source: 	 mrr: 0.043019	 ndcg_5: 0.0304	 ndcg_10: 0.0416	 hit@1:0.014482	 hit@5:0.0456	 hit@10: 0.0811
target: 	 mrr: 0.048442	 ndcg_5: 0.0413	 ndcg_10: 0.0533	 hit@1:0.016725	 hit@5:0.0669	 hit@10: 0.1038
epoch 32: source_mrr = 1.565326, train_loss = 0.043019, source_hit@10 = 0.0811, source_ndcg@10 = 0.0416, target_mrr = 0.048442, target_hit@10 = 0.1038, target_ndcg@10 = 0.0533

2024-08-11 08:11:12.217898: step 10032/24320 (epoch 33/80), loss = 1.562885 (81.751 sec/epoch), lr: 0.002395
Evaluating on dev set...
...........................
source: 	 mrr: 0.037819	 ndcg_5: 0.0282	 ndcg_10: 0.0375	 hit@1:0.009413	 hit@5:0.0485	 hit@10: 0.0775
target: 	 mrr: 0.053366	 ndcg_5: 0.0442	 ndcg_10: 0.0593	 hit@1:0.018118	 hit@5:0.0711	 hit@10: 0.1185
epoch 33: source_mrr = 1.562885, train_loss = 0.037819, source_hit@10 = 0.0775, source_ndcg@10 = 0.0375, target_mrr = 0.053366, target_hit@10 = 0.1185, target_ndcg@10 = 0.0593

2024-08-11 08:12:36.312057: step 10336/24320 (epoch 34/80), loss = 1.556599 (83.505 sec/epoch), lr: 0.002275
Evaluating on dev set...
...........................
source: 	 mrr: 0.032901	 ndcg_5: 0.0233	 ndcg_10: 0.0348	 hit@1:0.006517	 hit@5:0.0391	 hit@10: 0.0753
target: 	 mrr: 0.055509	 ndcg_5: 0.0468	 ndcg_10: 0.0581	 hit@1:0.021603	 hit@5:0.0711	 hit@10: 0.1059
epoch 34: source_mrr = 1.556599, train_loss = 0.032901, source_hit@10 = 0.0753, source_ndcg@10 = 0.0348, target_mrr = 0.055509, target_hit@10 = 0.1059, target_ndcg@10 = 0.0581

2024-08-11 08:13:58.711322: step 10640/24320 (epoch 35/80), loss = 1.552334 (81.785 sec/epoch), lr: 0.002161
Evaluating on dev set...
...........................
source: 	 mrr: 0.028759	 ndcg_5: 0.0202	 ndcg_10: 0.0280	 hit@1:0.008689	 hit@5:0.0311	 hit@10: 0.0558
target: 	 mrr: 0.045514	 ndcg_5: 0.0355	 ndcg_10: 0.0486	 hit@1:0.016725	 hit@5:0.0544	 hit@10: 0.0948
epoch 35: source_mrr = 1.552334, train_loss = 0.028759, source_hit@10 = 0.0558, source_ndcg@10 = 0.0280, target_mrr = 0.045514, target_hit@10 = 0.0948, target_ndcg@10 = 0.0486

2024-08-11 08:15:18.938112: step 10944/24320 (epoch 36/80), loss = 1.550182 (79.653 sec/epoch), lr: 0.002053
Evaluating on dev set...
...........................
source: 	 mrr: 0.036130	 ndcg_5: 0.0241	 ndcg_10: 0.0361	 hit@1:0.010138	 hit@5:0.0398	 hit@10: 0.0775
target: 	 mrr: 0.050979	 ndcg_5: 0.0429	 ndcg_10: 0.0562	 hit@1:0.018815	 hit@5:0.0662	 hit@10: 0.1073
epoch 36: source_mrr = 1.550182, train_loss = 0.036130, source_hit@10 = 0.0775, source_ndcg@10 = 0.0361, target_mrr = 0.050979, target_hit@10 = 0.1073, target_ndcg@10 = 0.0562

2024-08-11 08:16:43.268967: step 11248/24320 (epoch 37/80), loss = 1.547899 (83.748 sec/epoch), lr: 0.002053
Evaluating on dev set...
...........................
source: 	 mrr: 0.038730	 ndcg_5: 0.0280	 ndcg_10: 0.0405	 hit@1:0.010138	 hit@5:0.0463	 hit@10: 0.0862
target: 	 mrr: 0.053657	 ndcg_5: 0.0442	 ndcg_10: 0.0572	 hit@1:0.021603	 hit@5:0.0662	 hit@10: 0.1073
epoch 37: source_mrr = 1.547899, train_loss = 0.038730, source_hit@10 = 0.0862, source_ndcg@10 = 0.0405, target_mrr = 0.053657, target_hit@10 = 0.1073, target_ndcg@10 = 0.0572

2024-08-11 08:18:06.521233: step 11552/24320 (epoch 38/80), loss = 1.545734 (82.630 sec/epoch), lr: 0.002053
Evaluating on dev set...
...........................
source: 	 mrr: 0.039903	 ndcg_5: 0.0289	 ndcg_10: 0.0392	 hit@1:0.010138	 hit@5:0.0471	 hit@10: 0.0789
target: 	 mrr: 0.050984	 ndcg_5: 0.0405	 ndcg_10: 0.0542	 hit@1:0.018815	 hit@5:0.0627	 hit@10: 0.1059
epoch 38: source_mrr = 1.545734, train_loss = 0.039903, source_hit@10 = 0.0789, source_ndcg@10 = 0.0392, target_mrr = 0.050984, target_hit@10 = 0.1059, target_ndcg@10 = 0.0542

2024-08-11 08:19:26.763912: step 11856/24320 (epoch 39/80), loss = 1.540512 (79.639 sec/epoch), lr: 0.001951
Evaluating on dev set...
...........................
source: 	 mrr: 0.036821	 ndcg_5: 0.0242	 ndcg_10: 0.0335	 hit@1:0.010862	 hit@5:0.0369	 hit@10: 0.0659
target: 	 mrr: 0.051102	 ndcg_5: 0.0418	 ndcg_10: 0.0557	 hit@1:0.020209	 hit@5:0.0634	 hit@10: 0.1066
epoch 39: source_mrr = 1.540512, train_loss = 0.036821, source_hit@10 = 0.0659, source_ndcg@10 = 0.0335, target_mrr = 0.051102, target_hit@10 = 0.1066, target_ndcg@10 = 0.0557

2024-08-11 08:20:49.030891: step 12160/24320 (epoch 40/80), loss = 1.541495 (81.663 sec/epoch), lr: 0.001853
Evaluating on dev set...
...........................
source: 	 mrr: 0.032921	 ndcg_5: 0.0211	 ndcg_10: 0.0312	 hit@1:0.010138	 hit@5:0.0333	 hit@10: 0.0644
target: 	 mrr: 0.057128	 ndcg_5: 0.0472	 ndcg_10: 0.0575	 hit@1:0.026481	 hit@5:0.0683	 hit@10: 0.1003
epoch 40: source_mrr = 1.541495, train_loss = 0.032921, source_hit@10 = 0.0644, source_ndcg@10 = 0.0312, target_mrr = 0.057128, target_hit@10 = 0.1003, target_ndcg@10 = 0.0575

2024-08-11 08:22:11.441279: step 12464/24320 (epoch 41/80), loss = 1.537932 (81.821 sec/epoch), lr: 0.001853
Evaluating on dev set...
...........................
source: 	 mrr: 0.045423	 ndcg_5: 0.0344	 ndcg_10: 0.0466	 hit@1:0.016655	 hit@5:0.0529	 hit@10: 0.0912
target: 	 mrr: 0.054373	 ndcg_5: 0.0445	 ndcg_10: 0.0576	 hit@1:0.017422	 hit@5:0.0683	 hit@10: 0.1094
source best!
.............
source: 	 mrr: 0.038083	 ndcg_5: 0.0251	 ndcg_10: 0.0389	 hit@1:0.009969	 hit@5:0.0391	 hit@10: 0.0813
epoch 41: source_mrr = 1.537932, train_loss = 0.038083, source_hit@10 = 0.0813, source_ndcg@10 = 0.0389, target_mrr = 0.054373, target_hit@10 = 0.1094, target_ndcg@10 = 0.0576

2024-08-11 08:23:33.461193: step 12768/24320 (epoch 42/80), loss = 1.538073 (81.199 sec/epoch), lr: 0.001853
Evaluating on dev set...
...........................
source: 	 mrr: 0.039351	 ndcg_5: 0.0279	 ndcg_10: 0.0381	 hit@1:0.012310	 hit@5:0.0442	 hit@10: 0.0760
target: 	 mrr: 0.055887	 ndcg_5: 0.0473	 ndcg_10: 0.0593	 hit@1:0.020906	 hit@5:0.0732	 hit@10: 0.1101
epoch 42: source_mrr = 1.538073, train_loss = 0.039351, source_hit@10 = 0.0760, source_ndcg@10 = 0.0381, target_mrr = 0.055887, target_hit@10 = 0.1101, target_ndcg@10 = 0.0593

2024-08-11 08:25:00.970598: step 13072/24320 (epoch 43/80), loss = 1.531619 (86.919 sec/epoch), lr: 0.001761
Evaluating on dev set...
...........................
source: 	 mrr: 0.041449	 ndcg_5: 0.0296	 ndcg_10: 0.0426	 hit@1:0.013034	 hit@5:0.0478	 hit@10: 0.0891
target: 	 mrr: 0.056821	 ndcg_5: 0.0474	 ndcg_10: 0.0610	 hit@1:0.020906	 hit@5:0.0725	 hit@10: 0.1150
epoch 43: source_mrr = 1.531619, train_loss = 0.041449, source_hit@10 = 0.0891, source_ndcg@10 = 0.0426, target_mrr = 0.056821, target_hit@10 = 0.1150, target_ndcg@10 = 0.0610

2024-08-11 08:26:22.661348: step 13376/24320 (epoch 44/80), loss = 1.531653 (81.067 sec/epoch), lr: 0.001761
Evaluating on dev set...
...........................
source: 	 mrr: 0.039972	 ndcg_5: 0.0290	 ndcg_10: 0.0404	 hit@1:0.010138	 hit@5:0.0478	 hit@10: 0.0833
target: 	 mrr: 0.038392	 ndcg_5: 0.0296	 ndcg_10: 0.0391	 hit@1:0.011150	 hit@5:0.0481	 hit@10: 0.0774
epoch 44: source_mrr = 1.531653, train_loss = 0.039972, source_hit@10 = 0.0833, source_ndcg@10 = 0.0404, target_mrr = 0.038392, target_hit@10 = 0.0774, target_ndcg@10 = 0.0391

2024-08-11 08:27:45.087666: step 13680/24320 (epoch 45/80), loss = 1.528074 (81.841 sec/epoch), lr: 0.001672
Evaluating on dev set...
...........................
source: 	 mrr: 0.042429	 ndcg_5: 0.0321	 ndcg_10: 0.0436	 hit@1:0.011586	 hit@5:0.0529	 hit@10: 0.0891
target: 	 mrr: 0.056304	 ndcg_5: 0.0485	 ndcg_10: 0.0591	 hit@1:0.023693	 hit@5:0.0746	 hit@10: 0.1080
epoch 45: source_mrr = 1.528074, train_loss = 0.042429, source_hit@10 = 0.0891, source_ndcg@10 = 0.0436, target_mrr = 0.056304, target_hit@10 = 0.1080, target_ndcg@10 = 0.0591

2024-08-11 08:29:06.557929: step 13984/24320 (epoch 46/80), loss = 1.526180 (80.844 sec/epoch), lr: 0.001672
Evaluating on dev set...
...........................
source: 	 mrr: 0.039212	 ndcg_5: 0.0272	 ndcg_10: 0.0377	 hit@1:0.012310	 hit@5:0.0427	 hit@10: 0.0753
target: 	 mrr: 0.058135	 ndcg_5: 0.0504	 ndcg_10: 0.0647	 hit@1:0.020906	 hit@5:0.0787	 hit@10: 0.1233
epoch 46: source_mrr = 1.526180, train_loss = 0.039212, source_hit@10 = 0.0753, source_ndcg@10 = 0.0377, target_mrr = 0.058135, target_hit@10 = 0.1233, target_ndcg@10 = 0.0647

2024-08-11 08:30:28.148308: step 14288/24320 (epoch 47/80), loss = 1.523589 (80.988 sec/epoch), lr: 0.001589
Evaluating on dev set...
...........................
source: 	 mrr: 0.041872	 ndcg_5: 0.0309	 ndcg_10: 0.0420	 hit@1:0.011586	 hit@5:0.0507	 hit@10: 0.0854
target: 	 mrr: 0.052371	 ndcg_5: 0.0420	 ndcg_10: 0.0555	 hit@1:0.018815	 hit@5:0.0648	 hit@10: 0.1073
epoch 47: source_mrr = 1.523589, train_loss = 0.041872, source_hit@10 = 0.0854, source_ndcg@10 = 0.0420, target_mrr = 0.052371, target_hit@10 = 0.1073, target_ndcg@10 = 0.0555

2024-08-11 08:31:50.424552: step 14592/24320 (epoch 48/80), loss = 1.518582 (81.694 sec/epoch), lr: 0.001509
Evaluating on dev set...
...........................
source: 	 mrr: 0.039282	 ndcg_5: 0.0245	 ndcg_10: 0.0371	 hit@1:0.010862	 hit@5:0.0384	 hit@10: 0.0775
target: 	 mrr: 0.056788	 ndcg_5: 0.0476	 ndcg_10: 0.0637	 hit@1:0.020209	 hit@5:0.0739	 hit@10: 0.1240
epoch 48: source_mrr = 1.518582, train_loss = 0.039282, source_hit@10 = 0.0775, source_ndcg@10 = 0.0371, target_mrr = 0.056788, target_hit@10 = 0.1240, target_ndcg@10 = 0.0637

2024-08-11 08:33:14.237533: step 14896/24320 (epoch 49/80), loss = 1.515069 (83.210 sec/epoch), lr: 0.001509
Evaluating on dev set...
...........................
source: 	 mrr: 0.043410	 ndcg_5: 0.0325	 ndcg_10: 0.0454	 hit@1:0.011586	 hit@5:0.0550	 hit@10: 0.0963
target: 	 mrr: 0.058203	 ndcg_5: 0.0470	 ndcg_10: 0.0617	 hit@1:0.024390	 hit@5:0.0704	 hit@10: 0.1164
epoch 49: source_mrr = 1.515069, train_loss = 0.043410, source_hit@10 = 0.0963, source_ndcg@10 = 0.0454, target_mrr = 0.058203, target_hit@10 = 0.1164, target_ndcg@10 = 0.0617

2024-08-11 08:34:37.782414: step 15200/24320 (epoch 50/80), loss = 1.513641 (82.957 sec/epoch), lr: 0.001509
Evaluating on dev set...
...........................
source: 	 mrr: 0.042476	 ndcg_5: 0.0308	 ndcg_10: 0.0427	 hit@1:0.012310	 hit@5:0.0485	 hit@10: 0.0854
target: 	 mrr: 0.049845	 ndcg_5: 0.0412	 ndcg_10: 0.0537	 hit@1:0.018118	 hit@5:0.0648	 hit@10: 0.1031
epoch 50: source_mrr = 1.513641, train_loss = 0.042476, source_hit@10 = 0.0854, source_ndcg@10 = 0.0427, target_mrr = 0.049845, target_hit@10 = 0.1031, target_ndcg@10 = 0.0537

2024-08-11 08:35:59.160232: step 15504/24320 (epoch 51/80), loss = 1.510015 (80.757 sec/epoch), lr: 0.001434
Evaluating on dev set...
...........................
source: 	 mrr: 0.041753	 ndcg_5: 0.0285	 ndcg_10: 0.0413	 hit@1:0.013034	 hit@5:0.0434	 hit@10: 0.0833
target: 	 mrr: 0.042874	 ndcg_5: 0.0338	 ndcg_10: 0.0455	 hit@1:0.014634	 hit@5:0.0544	 hit@10: 0.0913
epoch 51: source_mrr = 1.510015, train_loss = 0.041753, source_hit@10 = 0.0833, source_ndcg@10 = 0.0413, target_mrr = 0.042874, target_hit@10 = 0.0913, target_ndcg@10 = 0.0455

2024-08-11 08:37:26.611859: step 15808/24320 (epoch 52/80), loss = 1.506687 (86.847 sec/epoch), lr: 0.001362
Evaluating on dev set...
...........................
source: 	 mrr: 0.042425	 ndcg_5: 0.0316	 ndcg_10: 0.0425	 hit@1:0.011586	 hit@5:0.0529	 hit@10: 0.0869
target: 	 mrr: 0.062391	 ndcg_5: 0.0531	 ndcg_10: 0.0687	 hit@1:0.024390	 hit@5:0.0801	 hit@10: 0.1289
epoch 52: source_mrr = 1.506687, train_loss = 0.042425, source_hit@10 = 0.0869, source_ndcg@10 = 0.0425, target_mrr = 0.062391, target_hit@10 = 0.1289, target_ndcg@10 = 0.0687

2024-08-11 08:38:47.860120: step 16112/24320 (epoch 53/80), loss = 1.505833 (80.620 sec/epoch), lr: 0.001362
Evaluating on dev set...
...........................
source: 	 mrr: 0.043156	 ndcg_5: 0.0291	 ndcg_10: 0.0407	 hit@1:0.014482	 hit@5:0.0456	 hit@10: 0.0811
target: 	 mrr: 0.059114	 ndcg_5: 0.0496	 ndcg_10: 0.0649	 hit@1:0.025087	 hit@5:0.0746	 hit@10: 0.1226
epoch 53: source_mrr = 1.505833, train_loss = 0.043156, source_hit@10 = 0.0811, source_ndcg@10 = 0.0407, target_mrr = 0.059114, target_hit@10 = 0.1226, target_ndcg@10 = 0.0649

2024-08-11 08:40:10.046441: step 16416/24320 (epoch 54/80), loss = 1.499112 (81.592 sec/epoch), lr: 0.001294
Evaluating on dev set...
...........................
source: 	 mrr: 0.042255	 ndcg_5: 0.0282	 ndcg_10: 0.0426	 hit@1:0.013034	 hit@5:0.0434	 hit@10: 0.0876
target: 	 mrr: 0.063214	 ndcg_5: 0.0552	 ndcg_10: 0.0698	 hit@1:0.027178	 hit@5:0.0815	 hit@10: 0.1275
target best!
..............target: 	 mrr: 0.057947	 ndcg_5: 0.0492	 ndcg_10: 0.0653	 hit@1:0.019204	 hit@5:0.0789	 hit@10: 0.1296
epoch 54: source_mrr = 1.499112, train_loss = 0.042255, source_hit@10 = 0.0876, source_ndcg@10 = 0.0426, target_mrr = 0.057947, target_hit@10 = 0.1296, target_ndcg@10 = 0.0653

2024-08-11 08:41:31.921621: step 16720/24320 (epoch 55/80), loss = 1.497563 (81.012 sec/epoch), lr: 0.001294
Evaluating on dev set...
...........................
source: 	 mrr: 0.045041	 ndcg_5: 0.0309	 ndcg_10: 0.0448	 hit@1:0.015206	 hit@5:0.0471	 hit@10: 0.0905
target: 	 mrr: 0.051506	 ndcg_5: 0.0431	 ndcg_10: 0.0551	 hit@1:0.018815	 hit@5:0.0669	 hit@10: 0.1045
epoch 55: source_mrr = 1.497563, train_loss = 0.045041, source_hit@10 = 0.0905, source_ndcg@10 = 0.0448, target_mrr = 0.051506, target_hit@10 = 0.1045, target_ndcg@10 = 0.0551

2024-08-11 08:42:51.923803: step 17024/24320 (epoch 56/80), loss = 1.495710 (79.376 sec/epoch), lr: 0.001229
Evaluating on dev set...
...........................
source: 	 mrr: 0.046367	 ndcg_5: 0.0348	 ndcg_10: 0.0486	 hit@1:0.015206	 hit@5:0.0536	 hit@10: 0.0963
target: 	 mrr: 0.049104	 ndcg_5: 0.0392	 ndcg_10: 0.0528	 hit@1:0.016028	 hit@5:0.0627	 hit@10: 0.1059
source best!
.............
source: 	 mrr: 0.046049	 ndcg_5: 0.0354	 ndcg_10: 0.0475	 hit@1:0.015337	 hit@5:0.0567	 hit@10: 0.0943
epoch 56: source_mrr = 1.495710, train_loss = 0.046049, source_hit@10 = 0.0943, source_ndcg@10 = 0.0475, target_mrr = 0.049104, target_hit@10 = 0.1059, target_ndcg@10 = 0.0528

2024-08-11 08:44:17.073235: step 17328/24320 (epoch 57/80), loss = 1.487700 (84.354 sec/epoch), lr: 0.001168
Evaluating on dev set...
...........................
source: 	 mrr: 0.043401	 ndcg_5: 0.0303	 ndcg_10: 0.0448	 hit@1:0.014482	 hit@5:0.0471	 hit@10: 0.0920
target: 	 mrr: 0.054694	 ndcg_5: 0.0447	 ndcg_10: 0.0593	 hit@1:0.019512	 hit@5:0.0683	 hit@10: 0.1143
epoch 57: source_mrr = 1.487700, train_loss = 0.043401, source_hit@10 = 0.0920, source_ndcg@10 = 0.0448, target_mrr = 0.054694, target_hit@10 = 0.1143, target_ndcg@10 = 0.0593

2024-08-11 08:45:39.004742: step 17632/24320 (epoch 58/80), loss = 1.487458 (81.333 sec/epoch), lr: 0.001168
Evaluating on dev set...
...........................
source: 	 mrr: 0.042346	 ndcg_5: 0.0333	 ndcg_10: 0.0429	 hit@1:0.010138	 hit@5:0.0579	 hit@10: 0.0876
target: 	 mrr: 0.052419	 ndcg_5: 0.0427	 ndcg_10: 0.0569	 hit@1:0.018118	 hit@5:0.0676	 hit@10: 0.1115
epoch 58: source_mrr = 1.487458, train_loss = 0.042346, source_hit@10 = 0.0876, source_ndcg@10 = 0.0429, target_mrr = 0.052419, target_hit@10 = 0.1115, target_ndcg@10 = 0.0569

2024-08-11 08:47:00.484562: step 17936/24320 (epoch 59/80), loss = 1.483947 (80.888 sec/epoch), lr: 0.001110
Evaluating on dev set...
...........................
source: 	 mrr: 0.044504	 ndcg_5: 0.0327	 ndcg_10: 0.0467	 hit@1:0.014482	 hit@5:0.0521	 hit@10: 0.0963
target: 	 mrr: 0.056620	 ndcg_5: 0.0452	 ndcg_10: 0.0601	 hit@1:0.025087	 hit@5:0.0655	 hit@10: 0.1122
epoch 59: source_mrr = 1.483947, train_loss = 0.044504, source_hit@10 = 0.0963, source_ndcg@10 = 0.0467, target_mrr = 0.056620, target_hit@10 = 0.1122, target_ndcg@10 = 0.0601

2024-08-11 08:48:23.346688: step 18240/24320 (epoch 60/80), loss = 1.480910 (82.277 sec/epoch), lr: 0.001110
Evaluating on dev set...
...........................
source: 	 mrr: 0.044924	 ndcg_5: 0.0333	 ndcg_10: 0.0458	 hit@1:0.013758	 hit@5:0.0543	 hit@10: 0.0934
target: 	 mrr: 0.058591	 ndcg_5: 0.0492	 ndcg_10: 0.0624	 hit@1:0.026481	 hit@5:0.0739	 hit@10: 0.1150
epoch 60: source_mrr = 1.480910, train_loss = 0.044924, source_hit@10 = 0.0934, source_ndcg@10 = 0.0458, target_mrr = 0.058591, target_hit@10 = 0.1150, target_ndcg@10 = 0.0624

2024-08-11 08:49:43.824366: step 18544/24320 (epoch 61/80), loss = 1.478890 (79.882 sec/epoch), lr: 0.001110
Evaluating on dev set...
...........................
source: 	 mrr: 0.044027	 ndcg_5: 0.0336	 ndcg_10: 0.0443	 hit@1:0.015206	 hit@5:0.0529	 hit@10: 0.0862
target: 	 mrr: 0.054848	 ndcg_5: 0.0467	 ndcg_10: 0.0589	 hit@1:0.021603	 hit@5:0.0718	 hit@10: 0.1094
epoch 61: source_mrr = 1.478890, train_loss = 0.044027, source_hit@10 = 0.0862, source_ndcg@10 = 0.0443, target_mrr = 0.054848, target_hit@10 = 0.1094, target_ndcg@10 = 0.0589

2024-08-11 08:51:05.323316: step 18848/24320 (epoch 62/80), loss = 1.475730 (80.879 sec/epoch), lr: 0.001054
Evaluating on dev set...
...........................
source: 	 mrr: 0.040757	 ndcg_5: 0.0284	 ndcg_10: 0.0405	 hit@1:0.012310	 hit@5:0.0456	 hit@10: 0.0840
target: 	 mrr: 0.049202	 ndcg_5: 0.0409	 ndcg_10: 0.0528	 hit@1:0.014634	 hit@5:0.0648	 hit@10: 0.1024
epoch 62: source_mrr = 1.475730, train_loss = 0.040757, source_hit@10 = 0.0840, source_ndcg@10 = 0.0405, target_mrr = 0.049202, target_hit@10 = 0.1024, target_ndcg@10 = 0.0528

2024-08-11 08:52:27.139018: step 19152/24320 (epoch 63/80), loss = 1.472299 (81.211 sec/epoch), lr: 0.001001
Evaluating on dev set...
...........................
source: 	 mrr: 0.044349	 ndcg_5: 0.0329	 ndcg_10: 0.0440	 hit@1:0.016655	 hit@5:0.0514	 hit@10: 0.0862
target: 	 mrr: 0.045524	 ndcg_5: 0.0349	 ndcg_10: 0.0476	 hit@1:0.017422	 hit@5:0.0537	 hit@10: 0.0934
epoch 63: source_mrr = 1.472299, train_loss = 0.044349, source_hit@10 = 0.0862, source_ndcg@10 = 0.0440, target_mrr = 0.045524, target_hit@10 = 0.0934, target_ndcg@10 = 0.0476

2024-08-11 08:53:49.249859: step 19456/24320 (epoch 64/80), loss = 1.466307 (81.540 sec/epoch), lr: 0.000951
Evaluating on dev set...
...........................
source: 	 mrr: 0.040672	 ndcg_5: 0.0267	 ndcg_10: 0.0405	 hit@1:0.012310	 hit@5:0.0406	 hit@10: 0.0840
target: 	 mrr: 0.057577	 ndcg_5: 0.0478	 ndcg_10: 0.0616	 hit@1:0.022300	 hit@5:0.0711	 hit@10: 0.1143
epoch 64: source_mrr = 1.466307, train_loss = 0.040672, source_hit@10 = 0.0840, source_ndcg@10 = 0.0405, target_mrr = 0.057577, target_hit@10 = 0.1143, target_ndcg@10 = 0.0616

2024-08-11 08:55:10.283964: step 19760/24320 (epoch 65/80), loss = 1.463189 (80.453 sec/epoch), lr: 0.000951
Evaluating on dev set...
...........................
source: 	 mrr: 0.042321	 ndcg_5: 0.0306	 ndcg_10: 0.0428	 hit@1:0.011586	 hit@5:0.0507	 hit@10: 0.0883
target: 	 mrr: 0.054032	 ndcg_5: 0.0450	 ndcg_10: 0.0580	 hit@1:0.022300	 hit@5:0.0683	 hit@10: 0.1087
epoch 65: source_mrr = 1.463189, train_loss = 0.042321, source_hit@10 = 0.0883, source_ndcg@10 = 0.0428, target_mrr = 0.054032, target_hit@10 = 0.1087, target_ndcg@10 = 0.0580

2024-08-11 08:56:34.121948: step 20064/24320 (epoch 66/80), loss = 1.456423 (83.217 sec/epoch), lr: 0.000904
Evaluating on dev set...
...........................
source: 	 mrr: 0.043633	 ndcg_5: 0.0314	 ndcg_10: 0.0446	 hit@1:0.013034	 hit@5:0.0500	 hit@10: 0.0905
target: 	 mrr: 0.047338	 ndcg_5: 0.0379	 ndcg_10: 0.0488	 hit@1:0.016028	 hit@5:0.0606	 hit@10: 0.0948
epoch 66: source_mrr = 1.456423, train_loss = 0.043633, source_hit@10 = 0.0905, source_ndcg@10 = 0.0446, target_mrr = 0.047338, target_hit@10 = 0.0948, target_ndcg@10 = 0.0488

2024-08-11 08:57:55.080877: step 20368/24320 (epoch 67/80), loss = 1.456063 (80.226 sec/epoch), lr: 0.000859
Evaluating on dev set...
...........................
source: 	 mrr: 0.043170	 ndcg_5: 0.0319	 ndcg_10: 0.0445	 hit@1:0.013758	 hit@5:0.0514	 hit@10: 0.0912
target: 	 mrr: 0.059941	 ndcg_5: 0.0504	 ndcg_10: 0.0631	 hit@1:0.025087	 hit@5:0.0725	 hit@10: 0.1129
epoch 67: source_mrr = 1.456063, train_loss = 0.043170, source_hit@10 = 0.0912, source_ndcg@10 = 0.0445, target_mrr = 0.059941, target_hit@10 = 0.1129, target_ndcg@10 = 0.0631

2024-08-11 08:59:20.237589: step 20672/24320 (epoch 68/80), loss = 1.456137 (84.602 sec/epoch), lr: 0.000859
Evaluating on dev set...
...........................
source: 	 mrr: 0.040263	 ndcg_5: 0.0286	 ndcg_10: 0.0402	 hit@1:0.010138	 hit@5:0.0471	 hit@10: 0.0833
target: 	 mrr: 0.049360	 ndcg_5: 0.0390	 ndcg_10: 0.0517	 hit@1:0.018118	 hit@5:0.0606	 hit@10: 0.1003
epoch 68: source_mrr = 1.456137, train_loss = 0.040263, source_hit@10 = 0.0833, source_ndcg@10 = 0.0402, target_mrr = 0.049360, target_hit@10 = 0.1003, target_ndcg@10 = 0.0517

2024-08-11 09:00:44.103525: step 20976/24320 (epoch 69/80), loss = 1.450144 (83.145 sec/epoch), lr: 0.000816
Evaluating on dev set...
...........................
source: 	 mrr: 0.041083	 ndcg_5: 0.0297	 ndcg_10: 0.0423	 hit@1:0.009413	 hit@5:0.0507	 hit@10: 0.0898
target: 	 mrr: 0.057339	 ndcg_5: 0.0474	 ndcg_10: 0.0611	 hit@1:0.024390	 hit@5:0.0704	 hit@10: 0.1122
epoch 69: source_mrr = 1.450144, train_loss = 0.041083, source_hit@10 = 0.0898, source_ndcg@10 = 0.0423, target_mrr = 0.057339, target_hit@10 = 0.1122, target_ndcg@10 = 0.0611

2024-08-11 09:02:05.478099: step 21280/24320 (epoch 70/80), loss = 1.448183 (80.788 sec/epoch), lr: 0.000816
Evaluating on dev set...
...........................
source: 	 mrr: 0.044518	 ndcg_5: 0.0330	 ndcg_10: 0.0428	 hit@1:0.015930	 hit@5:0.0500	 hit@10: 0.0811
target: 	 mrr: 0.053115	 ndcg_5: 0.0430	 ndcg_10: 0.0550	 hit@1:0.021603	 hit@5:0.0641	 hit@10: 0.1017
epoch 70: source_mrr = 1.448183, train_loss = 0.044518, source_hit@10 = 0.0811, source_ndcg@10 = 0.0428, target_mrr = 0.053115, target_hit@10 = 0.1017, target_ndcg@10 = 0.0550

2024-08-11 09:03:25.275198: step 21584/24320 (epoch 71/80), loss = 1.442638 (79.065 sec/epoch), lr: 0.000775
Evaluating on dev set...
...........................
source: 	 mrr: 0.045032	 ndcg_5: 0.0338	 ndcg_10: 0.0446	 hit@1:0.013034	 hit@5:0.0543	 hit@10: 0.0876
target: 	 mrr: 0.046709	 ndcg_5: 0.0380	 ndcg_10: 0.0502	 hit@1:0.015331	 hit@5:0.0599	 hit@10: 0.0976
epoch 71: source_mrr = 1.442638, train_loss = 0.045032, source_hit@10 = 0.0876, source_ndcg@10 = 0.0446, target_mrr = 0.046709, target_hit@10 = 0.0976, target_ndcg@10 = 0.0502

2024-08-11 09:04:43.209391: step 21888/24320 (epoch 72/80), loss = 1.438166 (77.367 sec/epoch), lr: 0.000736
Evaluating on dev set...
...........................
source: 	 mrr: 0.043243	 ndcg_5: 0.0331	 ndcg_10: 0.0435	 hit@1:0.012310	 hit@5:0.0543	 hit@10: 0.0876
target: 	 mrr: 0.056500	 ndcg_5: 0.0470	 ndcg_10: 0.0609	 hit@1:0.021603	 hit@5:0.0718	 hit@10: 0.1150
epoch 72: source_mrr = 1.438166, train_loss = 0.043243, source_hit@10 = 0.0876, source_ndcg@10 = 0.0435, target_mrr = 0.056500, target_hit@10 = 0.1150, target_ndcg@10 = 0.0609

2024-08-11 09:06:01.906257: step 22192/24320 (epoch 73/80), loss = 1.434877 (78.139 sec/epoch), lr: 0.000736
Evaluating on dev set...
...........................
source: 	 mrr: 0.048843	 ndcg_5: 0.0393	 ndcg_10: 0.0516	 hit@1:0.015930	 hit@5:0.0630	 hit@10: 0.1007
target: 	 mrr: 0.054340	 ndcg_5: 0.0477	 ndcg_10: 0.0569	 hit@1:0.022300	 hit@5:0.0739	 hit@10: 0.1024
source best!
.............
source: 	 mrr: 0.051544	 ndcg_5: 0.0418	 ndcg_10: 0.0534	 hit@1:0.019939	 hit@5:0.0652	 hit@10: 0.1012
epoch 73: source_mrr = 1.434877, train_loss = 0.051544, source_hit@10 = 0.1012, source_ndcg@10 = 0.0534, target_mrr = 0.054340, target_hit@10 = 0.1024, target_ndcg@10 = 0.0569

2024-08-11 09:07:22.898403: step 22496/24320 (epoch 74/80), loss = 1.434375 (80.169 sec/epoch), lr: 0.000736
Evaluating on dev set...
...........................
source: 	 mrr: 0.045728	 ndcg_5: 0.0346	 ndcg_10: 0.0458	 hit@1:0.015206	 hit@5:0.0543	 hit@10: 0.0891
target: 	 mrr: 0.053177	 ndcg_5: 0.0419	 ndcg_10: 0.0591	 hit@1:0.022300	 hit@5:0.0613	 hit@10: 0.1157
epoch 74: source_mrr = 1.434375, train_loss = 0.045728, source_hit@10 = 0.0891, source_ndcg@10 = 0.0458, target_mrr = 0.053177, target_hit@10 = 0.1157, target_ndcg@10 = 0.0591

2024-08-11 09:08:43.356023: step 22800/24320 (epoch 75/80), loss = 1.426980 (79.893 sec/epoch), lr: 0.000699
Evaluating on dev set...
...........................
source: 	 mrr: 0.046129	 ndcg_5: 0.0341	 ndcg_10: 0.0472	 hit@1:0.014482	 hit@5:0.0536	 hit@10: 0.0941
target: 	 mrr: 0.051552	 ndcg_5: 0.0423	 ndcg_10: 0.0542	 hit@1:0.020209	 hit@5:0.0641	 hit@10: 0.1010
epoch 75: source_mrr = 1.426980, train_loss = 0.046129, source_hit@10 = 0.0941, source_ndcg@10 = 0.0472, target_mrr = 0.051552, target_hit@10 = 0.1010, target_ndcg@10 = 0.0542

2024-08-11 09:10:01.583893: step 23104/24320 (epoch 76/80), loss = 1.424523 (77.672 sec/epoch), lr: 0.000664
Evaluating on dev set...
...........................
source: 	 mrr: 0.043913	 ndcg_5: 0.0325	 ndcg_10: 0.0441	 hit@1:0.014482	 hit@5:0.0521	 hit@10: 0.0883
target: 	 mrr: 0.050732	 ndcg_5: 0.0429	 ndcg_10: 0.0533	 hit@1:0.019512	 hit@5:0.0676	 hit@10: 0.0997
epoch 76: source_mrr = 1.424523, train_loss = 0.043913, source_hit@10 = 0.0883, source_ndcg@10 = 0.0441, target_mrr = 0.050732, target_hit@10 = 0.0997, target_ndcg@10 = 0.0533

2024-08-11 09:11:19.633327: step 23408/24320 (epoch 77/80), loss = 1.423785 (77.474 sec/epoch), lr: 0.000631
Evaluating on dev set...
...........................
source: 	 mrr: 0.047456	 ndcg_5: 0.0363	 ndcg_10: 0.0486	 hit@1:0.015206	 hit@5:0.0558	 hit@10: 0.0949
target: 	 mrr: 0.044778	 ndcg_5: 0.0349	 ndcg_10: 0.0489	 hit@1:0.015331	 hit@5:0.0564	 hit@10: 0.0997
epoch 77: source_mrr = 1.423785, train_loss = 0.047456, source_hit@10 = 0.0949, source_ndcg@10 = 0.0486, target_mrr = 0.044778, target_hit@10 = 0.0997, target_ndcg@10 = 0.0489

2024-08-11 09:12:43.012078: step 23712/24320 (epoch 78/80), loss = 1.418870 (82.811 sec/epoch), lr: 0.000600
Evaluating on dev set...
...........................
source: 	 mrr: 0.047255	 ndcg_5: 0.0372	 ndcg_10: 0.0476	 hit@1:0.014482	 hit@5:0.0587	 hit@10: 0.0912
target: 	 mrr: 0.050344	 ndcg_5: 0.0403	 ndcg_10: 0.0538	 hit@1:0.018815	 hit@5:0.0613	 hit@10: 0.1031
epoch 78: source_mrr = 1.418870, train_loss = 0.047255, source_hit@10 = 0.0912, source_ndcg@10 = 0.0476, target_mrr = 0.050344, target_hit@10 = 0.1031, target_ndcg@10 = 0.0538

2024-08-11 09:13:59.885212: step 24016/24320 (epoch 79/80), loss = 1.419220 (76.283 sec/epoch), lr: 0.000600
Evaluating on dev set...
...........................
source: 	 mrr: 0.043358	 ndcg_5: 0.0310	 ndcg_10: 0.0441	 hit@1:0.013034	 hit@5:0.0492	 hit@10: 0.0898
target: 	 mrr: 0.059556	 ndcg_5: 0.0517	 ndcg_10: 0.0631	 hit@1:0.024390	 hit@5:0.0780	 hit@10: 0.1136
epoch 79: source_mrr = 1.419220, train_loss = 0.043358, source_hit@10 = 0.0898, source_ndcg@10 = 0.0441, target_mrr = 0.059556, target_hit@10 = 0.1136, target_ndcg@10 = 0.0631

2024-08-11 09:15:20.802182: step 24320/24320 (epoch 80/80), loss = 1.414711 (80.373 sec/epoch), lr: 0.000600
Evaluating on dev set...
...........................
source: 	 mrr: 0.046865	 ndcg_5: 0.0347	 ndcg_10: 0.0465	 hit@1:0.016655	 hit@5:0.0529	 hit@10: 0.0891
target: 	 mrr: 0.056846	 ndcg_5: 0.0476	 ndcg_10: 0.0602	 hit@1:0.025087	 hit@5:0.0718	 hit@10: 0.1108
epoch 80: source_mrr = 1.414711, train_loss = 0.046865, source_hit@10 = 0.0891, source_ndcg@10 = 0.0465, target_mrr = 0.056846, target_hit@10 = 0.1108, target_ndcg@10 = 0.0602

