nohup: ignoring input
/home1/lhr/anaconda3/envs/torch/lib/python3.8/site-packages/torch_geometric/typing.py:54: UserWarning: An issue occurred while importing 'pyg-lib'. Disabling its usage. Stacktrace: /lib/x86_64-linux-gnu/libm.so.6: version `GLIBC_2.29' not found (required by /home1/lhr/anaconda3/envs/torch/lib/python3.8/site-packages/libpyg.so)
  warnings.warn(f"An issue occurred while importing 'pyg-lib'. "
/home1/lhr/anaconda3/envs/torch/lib/python3.8/site-packages/torch_geometric/typing.py:110: UserWarning: An issue occurred while importing 'torch-sparse'. Disabling its usage. Stacktrace: /lib/x86_64-linux-gnu/libm.so.6: version `GLIBC_2.29' not found (required by /home1/lhr/anaconda3/envs/torch/lib/python3.8/site-packages/libpyg.so)
  warnings.warn(f"An issue occurred while importing 'torch-sparse'. "
using gpu:4 to train the model
using gpu:4 to train the model
cuda:4
Namespace(A_split=False, JK='sum', a_fold=100, aggregate=False, alpha=0.5, batch_size=1024, beta_inter=0.2, conv_layers=4, cuda=True, decay_epoch=10, device=device(type='cuda', index=4), device_id='4', domains='game_video', dropout=0.4, epoch=80, feature_dim=126, gamma_intra=0.8, hidden_dim=126, inter_tau=1.0, intra_tau=0.4, lambda_critic=0.1, leakey=0.05, load=False, log='logs.txt', log_epoch=1, lr=0.004, lr_decay=0.95, min_epoch=50, mode='train', model_file=None, model_name='gv', momentum=0.98, num_latent_factors=3, num_negative=100, optim='adam', patience=20, proj_layers=1, projection=1, rectify_epoch=30, residual=1, save=False, save_dir='./saved_models', seed=32, similarity_tau=0.1, test_sample_number=999, user_batch_size=256, weight_decay=0.0002)
number_user 25025
number_item 12319
/home1/lhr/invariantCDR/invariantCDR/utils/GraphMaker.py:46: RuntimeWarning: divide by zero encountered in power
  r_inv = np.power(rowsum, -1).flatten()
/home1/lhr/invariantCDR/invariantCDR/utils/GraphMaker.py:72: UserWarning: torch.sparse.SparseTensor(indices, values, shape, *, device=) is deprecated.  Please use torch.sparse_coo_tensor(indices, values, shape, dtype=, device=). (Triggered internally at /opt/conda/conda-bld/pytorch_1711403590347/work/torch/csrc/utils/tensor_new.cpp:618.)
  return torch.sparse.FloatTensor(indices, values, shape)
real graph loaded!
number_user 19457
number_item 8751
real graph loaded!
graph loaded!
Loading data from game_video with batch size 1024...
unseen test: 0
test length: 1381
unseen test: 0
test length: 1304
unseen test: 0
test length: 1435
unseen test: 0
test length: 1458
source_user_num 25025
target_user_num 19457
source_item_num 12319
target_item_num 8751
shared users id: 1737
test users 226, 217
unseen test: 0
dev length: 1000
unseen test: 0
dev length: 1000
source train data : 155036, target train data: 156091, source test data : 1304, target test data : 1458, source dev data : 1000, target dev data : 1000
2024-08-11 15:31:31.584316: step 304/24320 (epoch 1/80), loss = 2.152338 (90.293 sec/epoch), lr: 0.004000
Evaluating on dev set...
...........................
source: 	 mrr: 0.032615	 ndcg_5: 0.0233	 ndcg_10: 0.0315	 hit@1:0.006517	 hit@5:0.0391	 hit@10: 0.0644
target: 	 mrr: 0.043306	 ndcg_5: 0.0342	 ndcg_10: 0.0459	 hit@1:0.013937	 hit@5:0.0530	 hit@10: 0.0899
source best!
.............
source: 	 mrr: 0.033367	 ndcg_5: 0.0237	 ndcg_10: 0.0329	 hit@1:0.010736	 hit@5:0.0376	 hit@10: 0.0667
target best!
..............target: 	 mrr: 0.036335	 ndcg_5: 0.0275	 ndcg_10: 0.0394	 hit@1:0.008230	 hit@5:0.0480	 hit@10: 0.0850
epoch 1: source_mrr = 2.152338, train_loss = 0.033367, source_hit@10 = 0.0667, source_ndcg@10 = 0.0329, target_mrr = 0.036335, target_hit@10 = 0.0850, target_ndcg@10 = 0.0394

2024-08-11 15:33:02.363026: step 608/24320 (epoch 2/80), loss = 1.855609 (88.370 sec/epoch), lr: 0.004000
Evaluating on dev set...
...........................
source: 	 mrr: 0.030371	 ndcg_5: 0.0205	 ndcg_10: 0.0290	 hit@1:0.005793	 hit@5:0.0362	 hit@10: 0.0623
target: 	 mrr: 0.034377	 ndcg_5: 0.0232	 ndcg_10: 0.0325	 hit@1:0.009756	 hit@5:0.0369	 hit@10: 0.0655
epoch 2: source_mrr = 1.855609, train_loss = 0.030371, source_hit@10 = 0.0623, source_ndcg@10 = 0.0290, target_mrr = 0.034377, target_hit@10 = 0.0655, target_ndcg@10 = 0.0325

2024-08-11 15:34:32.227163: step 912/24320 (epoch 3/80), loss = 1.792670 (89.059 sec/epoch), lr: 0.004000
Evaluating on dev set...
...........................
source: 	 mrr: 0.032711	 ndcg_5: 0.0201	 ndcg_10: 0.0301	 hit@1:0.007965	 hit@5:0.0326	 hit@10: 0.0637
target: 	 mrr: 0.046031	 ndcg_5: 0.0358	 ndcg_10: 0.0488	 hit@1:0.017422	 hit@5:0.0544	 hit@10: 0.0948
source best!
.............
source: 	 mrr: 0.038050	 ndcg_5: 0.0275	 ndcg_10: 0.0372	 hit@1:0.009202	 hit@5:0.0460	 hit@10: 0.0767
target best!
..............target: 	 mrr: 0.047848	 ndcg_5: 0.0388	 ndcg_10: 0.0512	 hit@1:0.017833	 hit@5:0.0604	 hit@10: 0.0995
epoch 3: source_mrr = 1.792670, train_loss = 0.038050, source_hit@10 = 0.0767, source_ndcg@10 = 0.0372, target_mrr = 0.047848, target_hit@10 = 0.0995, target_ndcg@10 = 0.0512

2024-08-11 15:36:01.749304: step 1216/24320 (epoch 4/80), loss = 1.775936 (88.072 sec/epoch), lr: 0.004000
Evaluating on dev set...
...........................
source: 	 mrr: 0.028555	 ndcg_5: 0.0182	 ndcg_10: 0.0261	 hit@1:0.005793	 hit@5:0.0304	 hit@10: 0.0550
target: 	 mrr: 0.045312	 ndcg_5: 0.0341	 ndcg_10: 0.0492	 hit@1:0.014634	 hit@5:0.0530	 hit@10: 0.1003
epoch 4: source_mrr = 1.775936, train_loss = 0.028555, source_hit@10 = 0.0550, source_ndcg@10 = 0.0261, target_mrr = 0.045312, target_hit@10 = 0.1003, target_ndcg@10 = 0.0492

2024-08-11 15:37:31.343561: step 1520/24320 (epoch 5/80), loss = 1.764874 (88.768 sec/epoch), lr: 0.004000
Evaluating on dev set...
...........................
source: 	 mrr: 0.022593	 ndcg_5: 0.0116	 ndcg_10: 0.0194	 hit@1:0.003621	 hit@5:0.0203	 hit@10: 0.0449
target: 	 mrr: 0.049489	 ndcg_5: 0.0416	 ndcg_10: 0.0546	 hit@1:0.018118	 hit@5:0.0655	 hit@10: 0.1059
target best!
..............target: 	 mrr: 0.047836	 ndcg_5: 0.0410	 ndcg_10: 0.0530	 hit@1:0.013717	 hit@5:0.0700	 hit@10: 0.1070
epoch 5: source_mrr = 1.764874, train_loss = 0.022593, source_hit@10 = 0.0449, source_ndcg@10 = 0.0194, target_mrr = 0.047836, target_hit@10 = 0.1070, target_ndcg@10 = 0.0530

2024-08-11 15:39:01.695612: step 1824/24320 (epoch 6/80), loss = 1.754609 (89.169 sec/epoch), lr: 0.004000
Evaluating on dev set...
...........................
source: 	 mrr: 0.028556	 ndcg_5: 0.0198	 ndcg_10: 0.0293	 hit@1:0.006517	 hit@5:0.0340	 hit@10: 0.0637
target: 	 mrr: 0.053521	 ndcg_5: 0.0457	 ndcg_10: 0.0608	 hit@1:0.018815	 hit@5:0.0732	 hit@10: 0.1206
target best!
..............target: 	 mrr: 0.058731	 ndcg_5: 0.0502	 ndcg_10: 0.0610	 hit@1:0.025377	 hit@5:0.0754	 hit@10: 0.1091
epoch 6: source_mrr = 1.754609, train_loss = 0.028556, source_hit@10 = 0.0637, source_ndcg@10 = 0.0293, target_mrr = 0.058731, target_hit@10 = 0.1091, target_ndcg@10 = 0.0610

2024-08-11 15:40:31.636186: step 2128/24320 (epoch 7/80), loss = 1.753104 (88.734 sec/epoch), lr: 0.004000
Evaluating on dev set...
...........................
source: 	 mrr: 0.038097	 ndcg_5: 0.0273	 ndcg_10: 0.0384	 hit@1:0.011586	 hit@5:0.0442	 hit@10: 0.0789
target: 	 mrr: 0.057774	 ndcg_5: 0.0492	 ndcg_10: 0.0636	 hit@1:0.025784	 hit@5:0.0746	 hit@10: 0.1192
source best!
.............
source: 	 mrr: 0.036041	 ndcg_5: 0.0251	 ndcg_10: 0.0352	 hit@1:0.009202	 hit@5:0.0414	 hit@10: 0.0736
target best!
..............target: 	 mrr: 0.052399	 ndcg_5: 0.0437	 ndcg_10: 0.0582	 hit@1:0.017833	 hit@5:0.0706	 hit@10: 0.1159
epoch 7: source_mrr = 1.753104, train_loss = 0.036041, source_hit@10 = 0.0736, source_ndcg@10 = 0.0352, target_mrr = 0.052399, target_hit@10 = 0.1159, target_ndcg@10 = 0.0582

2024-08-11 15:42:02.661340: step 2432/24320 (epoch 8/80), loss = 1.747332 (89.551 sec/epoch), lr: 0.004000
Evaluating on dev set...
...........................
source: 	 mrr: 0.033833	 ndcg_5: 0.0217	 ndcg_10: 0.0311	 hit@1:0.007241	 hit@5:0.0348	 hit@10: 0.0644
target: 	 mrr: 0.049230	 ndcg_5: 0.0372	 ndcg_10: 0.0546	 hit@1:0.017422	 hit@5:0.0571	 hit@10: 0.1101
epoch 8: source_mrr = 1.747332, train_loss = 0.033833, source_hit@10 = 0.0644, source_ndcg@10 = 0.0311, target_mrr = 0.049230, target_hit@10 = 0.1101, target_ndcg@10 = 0.0546

2024-08-11 15:43:32.255844: step 2736/24320 (epoch 9/80), loss = 1.734111 (88.795 sec/epoch), lr: 0.004000
Evaluating on dev set...
...........................
source: 	 mrr: 0.027933	 ndcg_5: 0.0186	 ndcg_10: 0.0276	 hit@1:0.007965	 hit@5:0.0304	 hit@10: 0.0587
target: 	 mrr: 0.044881	 ndcg_5: 0.0383	 ndcg_10: 0.0492	 hit@1:0.013937	 hit@5:0.0620	 hit@10: 0.0962
epoch 9: source_mrr = 1.734111, train_loss = 0.027933, source_hit@10 = 0.0587, source_ndcg@10 = 0.0276, target_mrr = 0.044881, target_hit@10 = 0.0962, target_ndcg@10 = 0.0492

2024-08-11 15:45:01.482952: step 3040/24320 (epoch 10/80), loss = 1.723680 (88.396 sec/epoch), lr: 0.004000
Evaluating on dev set...
...........................
source: 	 mrr: 0.026997	 ndcg_5: 0.0153	 ndcg_10: 0.0252	 hit@1:0.004345	 hit@5:0.0275	 hit@10: 0.0587
target: 	 mrr: 0.051866	 ndcg_5: 0.0426	 ndcg_10: 0.0563	 hit@1:0.017422	 hit@5:0.0669	 hit@10: 0.1094
epoch 10: source_mrr = 1.723680, train_loss = 0.026997, source_hit@10 = 0.0587, source_ndcg@10 = 0.0252, target_mrr = 0.051866, target_hit@10 = 0.1094, target_ndcg@10 = 0.0563

2024-08-11 15:46:31.788333: step 3344/24320 (epoch 11/80), loss = 1.719765 (89.485 sec/epoch), lr: 0.004000
Evaluating on dev set...
...........................
source: 	 mrr: 0.031766	 ndcg_5: 0.0201	 ndcg_10: 0.0311	 hit@1:0.007965	 hit@5:0.0333	 hit@10: 0.0666
target: 	 mrr: 0.053066	 ndcg_5: 0.0430	 ndcg_10: 0.0589	 hit@1:0.020906	 hit@5:0.0662	 hit@10: 0.1150
epoch 11: source_mrr = 1.719765, train_loss = 0.031766, source_hit@10 = 0.0666, source_ndcg@10 = 0.0311, target_mrr = 0.053066, target_hit@10 = 0.1150, target_ndcg@10 = 0.0589

2024-08-11 15:48:02.904988: step 3648/24320 (epoch 12/80), loss = 1.716242 (90.358 sec/epoch), lr: 0.004000
Evaluating on dev set...
...........................
source: 	 mrr: 0.027862	 ndcg_5: 0.0188	 ndcg_10: 0.0278	 hit@1:0.006517	 hit@5:0.0319	 hit@10: 0.0601
target: 	 mrr: 0.037571	 ndcg_5: 0.0266	 ndcg_10: 0.0414	 hit@1:0.007666	 hit@5:0.0481	 hit@10: 0.0948
epoch 12: source_mrr = 1.716242, train_loss = 0.027862, source_hit@10 = 0.0601, source_ndcg@10 = 0.0278, target_mrr = 0.037571, target_hit@10 = 0.0948, target_ndcg@10 = 0.0414

2024-08-11 15:49:34.058862: step 3952/24320 (epoch 13/80), loss = 1.710433 (90.371 sec/epoch), lr: 0.003800
Evaluating on dev set...
...........................
source: 	 mrr: 0.017870	 ndcg_5: 0.0090	 ndcg_10: 0.0141	 hit@1:0.000000	 hit@5:0.0196	 hit@10: 0.0355
target: 	 mrr: 0.048559	 ndcg_5: 0.0401	 ndcg_10: 0.0526	 hit@1:0.016028	 hit@5:0.0648	 hit@10: 0.1031
epoch 13: source_mrr = 1.710433, train_loss = 0.017870, source_hit@10 = 0.0355, source_ndcg@10 = 0.0141, target_mrr = 0.048559, target_hit@10 = 0.1031, target_ndcg@10 = 0.0526

2024-08-11 15:51:04.050310: step 4256/24320 (epoch 14/80), loss = 1.707782 (89.186 sec/epoch), lr: 0.003800
Evaluating on dev set...
...........................
source: 	 mrr: 0.027336	 ndcg_5: 0.0198	 ndcg_10: 0.0274	 hit@1:0.006517	 hit@5:0.0348	 hit@10: 0.0579
target: 	 mrr: 0.047813	 ndcg_5: 0.0395	 ndcg_10: 0.0537	 hit@1:0.014634	 hit@5:0.0648	 hit@10: 0.1094
epoch 14: source_mrr = 1.707782, train_loss = 0.027336, source_hit@10 = 0.0579, source_ndcg@10 = 0.0274, target_mrr = 0.047813, target_hit@10 = 0.1094, target_ndcg@10 = 0.0537

2024-08-11 15:52:34.581353: step 4560/24320 (epoch 15/80), loss = 1.703251 (89.754 sec/epoch), lr: 0.003800
Evaluating on dev set...
...........................
source: 	 mrr: 0.031658	 ndcg_5: 0.0218	 ndcg_10: 0.0324	 hit@1:0.007241	 hit@5:0.0362	 hit@10: 0.0688
target: 	 mrr: 0.042662	 ndcg_5: 0.0335	 ndcg_10: 0.0435	 hit@1:0.016028	 hit@5:0.0516	 hit@10: 0.0829
epoch 15: source_mrr = 1.703251, train_loss = 0.031658, source_hit@10 = 0.0688, source_ndcg@10 = 0.0324, target_mrr = 0.042662, target_hit@10 = 0.0829, target_ndcg@10 = 0.0435

2024-08-11 15:54:03.881393: step 4864/24320 (epoch 16/80), loss = 1.690408 (88.495 sec/epoch), lr: 0.003610
Evaluating on dev set...
...........................
source: 	 mrr: 0.033117	 ndcg_5: 0.0232	 ndcg_10: 0.0328	 hit@1:0.010138	 hit@5:0.0369	 hit@10: 0.0673
target: 	 mrr: 0.046664	 ndcg_5: 0.0364	 ndcg_10: 0.0509	 hit@1:0.017422	 hit@5:0.0557	 hit@10: 0.1003
epoch 16: source_mrr = 1.690408, train_loss = 0.033117, source_hit@10 = 0.0673, source_ndcg@10 = 0.0328, target_mrr = 0.046664, target_hit@10 = 0.1003, target_ndcg@10 = 0.0509

2024-08-11 15:55:33.377668: step 5168/24320 (epoch 17/80), loss = 1.686311 (88.677 sec/epoch), lr: 0.003610
Evaluating on dev set...
...........................
source: 	 mrr: 0.032815	 ndcg_5: 0.0231	 ndcg_10: 0.0326	 hit@1:0.005069	 hit@5:0.0420	 hit@10: 0.0710
target: 	 mrr: 0.047925	 ndcg_5: 0.0388	 ndcg_10: 0.0531	 hit@1:0.012544	 hit@5:0.0641	 hit@10: 0.1087
epoch 17: source_mrr = 1.686311, train_loss = 0.032815, source_hit@10 = 0.0710, source_ndcg@10 = 0.0326, target_mrr = 0.047925, target_hit@10 = 0.1087, target_ndcg@10 = 0.0531

2024-08-11 15:57:03.117956: step 5472/24320 (epoch 18/80), loss = 1.685467 (88.897 sec/epoch), lr: 0.003610
Evaluating on dev set...
...........................
source: 	 mrr: 0.039461	 ndcg_5: 0.0291	 ndcg_10: 0.0394	 hit@1:0.010138	 hit@5:0.0478	 hit@10: 0.0804
target: 	 mrr: 0.048410	 ndcg_5: 0.0416	 ndcg_10: 0.0515	 hit@1:0.016028	 hit@5:0.0655	 hit@10: 0.0962
source best!
.............
source: 	 mrr: 0.040527	 ndcg_5: 0.0298	 ndcg_10: 0.0411	 hit@1:0.012270	 hit@5:0.0475	 hit@10: 0.0828
epoch 18: source_mrr = 1.685467, train_loss = 0.040527, source_hit@10 = 0.0828, source_ndcg@10 = 0.0411, target_mrr = 0.048410, target_hit@10 = 0.0962, target_ndcg@10 = 0.0515

2024-08-11 15:58:33.945698: step 5776/24320 (epoch 19/80), loss = 1.681645 (89.808 sec/epoch), lr: 0.003610
Evaluating on dev set...
...........................
source: 	 mrr: 0.043462	 ndcg_5: 0.0311	 ndcg_10: 0.0418	 hit@1:0.016655	 hit@5:0.0463	 hit@10: 0.0789
target: 	 mrr: 0.044744	 ndcg_5: 0.0367	 ndcg_10: 0.0471	 hit@1:0.015331	 hit@5:0.0578	 hit@10: 0.0899
source best!
.............
source: 	 mrr: 0.042344	 ndcg_5: 0.0294	 ndcg_10: 0.0437	 hit@1:0.013804	 hit@5:0.0437	 hit@10: 0.0882
epoch 19: source_mrr = 1.681645, train_loss = 0.042344, source_hit@10 = 0.0882, source_ndcg@10 = 0.0437, target_mrr = 0.044744, target_hit@10 = 0.0899, target_ndcg@10 = 0.0471

2024-08-11 16:00:03.955365: step 6080/24320 (epoch 20/80), loss = 1.675159 (88.947 sec/epoch), lr: 0.003610
Evaluating on dev set...
...........................
source: 	 mrr: 0.033558	 ndcg_5: 0.0223	 ndcg_10: 0.0331	 hit@1:0.007241	 hit@5:0.0391	 hit@10: 0.0731
target: 	 mrr: 0.046539	 ndcg_5: 0.0362	 ndcg_10: 0.0497	 hit@1:0.017422	 hit@5:0.0544	 hit@10: 0.0962
epoch 20: source_mrr = 1.675159, train_loss = 0.033558, source_hit@10 = 0.0731, source_ndcg@10 = 0.0331, target_mrr = 0.046539, target_hit@10 = 0.0962, target_ndcg@10 = 0.0497

2024-08-11 16:01:33.462569: step 6384/24320 (epoch 21/80), loss = 1.663679 (88.796 sec/epoch), lr: 0.003429
Evaluating on dev set...
...........................
source: 	 mrr: 0.041997	 ndcg_5: 0.0320	 ndcg_10: 0.0406	 hit@1:0.014482	 hit@5:0.0500	 hit@10: 0.0775
target: 	 mrr: 0.052866	 ndcg_5: 0.0452	 ndcg_10: 0.0576	 hit@1:0.022997	 hit@5:0.0683	 hit@10: 0.1073
epoch 21: source_mrr = 1.663679, train_loss = 0.041997, source_hit@10 = 0.0775, source_ndcg@10 = 0.0406, target_mrr = 0.052866, target_hit@10 = 0.1073, target_ndcg@10 = 0.0576

2024-08-11 16:03:03.767246: step 6688/24320 (epoch 22/80), loss = 1.661334 (89.461 sec/epoch), lr: 0.003429
Evaluating on dev set...
...........................
source: 	 mrr: 0.037858	 ndcg_5: 0.0269	 ndcg_10: 0.0369	 hit@1:0.012310	 hit@5:0.0420	 hit@10: 0.0731
target: 	 mrr: 0.049733	 ndcg_5: 0.0424	 ndcg_10: 0.0550	 hit@1:0.020209	 hit@5:0.0669	 hit@10: 0.1066
epoch 22: source_mrr = 1.661334, train_loss = 0.037858, source_hit@10 = 0.0731, source_ndcg@10 = 0.0369, target_mrr = 0.049733, target_hit@10 = 0.1066, target_ndcg@10 = 0.0550

2024-08-11 16:04:33.211179: step 6992/24320 (epoch 23/80), loss = 1.654820 (88.642 sec/epoch), lr: 0.003258
Evaluating on dev set...
...........................
source: 	 mrr: 0.028905	 ndcg_5: 0.0209	 ndcg_10: 0.0267	 hit@1:0.007241	 hit@5:0.0355	 hit@10: 0.0536
target: 	 mrr: 0.045281	 ndcg_5: 0.0367	 ndcg_10: 0.0487	 hit@1:0.010453	 hit@5:0.0627	 hit@10: 0.1003
epoch 23: source_mrr = 1.654820, train_loss = 0.028905, source_hit@10 = 0.0536, source_ndcg@10 = 0.0267, target_mrr = 0.045281, target_hit@10 = 0.1003, target_ndcg@10 = 0.0487

2024-08-11 16:06:03.912072: step 7296/24320 (epoch 24/80), loss = 1.646961 (89.830 sec/epoch), lr: 0.003095
Evaluating on dev set...
...........................
source: 	 mrr: 0.030696	 ndcg_5: 0.0197	 ndcg_10: 0.0279	 hit@1:0.008689	 hit@5:0.0311	 hit@10: 0.0572
target: 	 mrr: 0.048582	 ndcg_5: 0.0404	 ndcg_10: 0.0546	 hit@1:0.016028	 hit@5:0.0648	 hit@10: 0.1101
epoch 24: source_mrr = 1.646961, train_loss = 0.030696, source_hit@10 = 0.0572, source_ndcg@10 = 0.0279, target_mrr = 0.048582, target_hit@10 = 0.1101, target_ndcg@10 = 0.0546

2024-08-11 16:07:33.366088: step 7600/24320 (epoch 25/80), loss = 1.645080 (88.691 sec/epoch), lr: 0.003095
Evaluating on dev set...
...........................
source: 	 mrr: 0.036890	 ndcg_5: 0.0243	 ndcg_10: 0.0348	 hit@1:0.011586	 hit@5:0.0377	 hit@10: 0.0710
target: 	 mrr: 0.040030	 ndcg_5: 0.0320	 ndcg_10: 0.0414	 hit@1:0.011847	 hit@5:0.0523	 hit@10: 0.0815
epoch 25: source_mrr = 1.645080, train_loss = 0.036890, source_hit@10 = 0.0710, source_ndcg@10 = 0.0348, target_mrr = 0.040030, target_hit@10 = 0.0815, target_ndcg@10 = 0.0414

2024-08-11 16:09:03.241509: step 7904/24320 (epoch 26/80), loss = 1.639543 (89.070 sec/epoch), lr: 0.002940
Evaluating on dev set...
...........................
source: 	 mrr: 0.031705	 ndcg_5: 0.0204	 ndcg_10: 0.0298	 hit@1:0.010138	 hit@5:0.0304	 hit@10: 0.0594
target: 	 mrr: 0.048466	 ndcg_5: 0.0404	 ndcg_10: 0.0523	 hit@1:0.016725	 hit@5:0.0648	 hit@10: 0.1017
epoch 26: source_mrr = 1.639543, train_loss = 0.031705, source_hit@10 = 0.0594, source_ndcg@10 = 0.0298, target_mrr = 0.048466, target_hit@10 = 0.1017, target_ndcg@10 = 0.0523

2024-08-11 16:10:35.735847: step 8208/24320 (epoch 27/80), loss = 1.640815 (91.779 sec/epoch), lr: 0.002940
Evaluating on dev set...
...........................
source: 	 mrr: 0.037519	 ndcg_5: 0.0268	 ndcg_10: 0.0361	 hit@1:0.010138	 hit@5:0.0434	 hit@10: 0.0724
target: 	 mrr: 0.045156	 ndcg_5: 0.0341	 ndcg_10: 0.0499	 hit@1:0.011150	 hit@5:0.0557	 hit@10: 0.1045
epoch 27: source_mrr = 1.640815, train_loss = 0.037519, source_hit@10 = 0.0724, source_ndcg@10 = 0.0361, target_mrr = 0.045156, target_hit@10 = 0.1045, target_ndcg@10 = 0.0499

2024-08-11 16:12:06.109937: step 8512/24320 (epoch 28/80), loss = 1.634954 (89.611 sec/epoch), lr: 0.002940
Evaluating on dev set...
...........................
source: 	 mrr: 0.035119	 ndcg_5: 0.0235	 ndcg_10: 0.0322	 hit@1:0.008689	 hit@5:0.0377	 hit@10: 0.0652
target: 	 mrr: 0.049906	 ndcg_5: 0.0402	 ndcg_10: 0.0548	 hit@1:0.017422	 hit@5:0.0606	 hit@10: 0.1066
epoch 28: source_mrr = 1.634954, train_loss = 0.035119, source_hit@10 = 0.0652, source_ndcg@10 = 0.0322, target_mrr = 0.049906, target_hit@10 = 0.1066, target_ndcg@10 = 0.0548

2024-08-11 16:13:36.552795: step 8816/24320 (epoch 29/80), loss = 1.636198 (89.599 sec/epoch), lr: 0.002940
Evaluating on dev set...
...........................
source: 	 mrr: 0.033878	 ndcg_5: 0.0218	 ndcg_10: 0.0319	 hit@1:0.007965	 hit@5:0.0355	 hit@10: 0.0666
target: 	 mrr: 0.046896	 ndcg_5: 0.0385	 ndcg_10: 0.0509	 hit@1:0.013937	 hit@5:0.0627	 hit@10: 0.1017
epoch 29: source_mrr = 1.636198, train_loss = 0.033878, source_hit@10 = 0.0666, source_ndcg@10 = 0.0319, target_mrr = 0.046896, target_hit@10 = 0.1017, target_ndcg@10 = 0.0509

2024-08-11 16:15:07.749878: step 9120/24320 (epoch 30/80), loss = 1.631920 (90.365 sec/epoch), lr: 0.002793
Evaluating on dev set...
...........................
source: 	 mrr: 0.038149	 ndcg_5: 0.0278	 ndcg_10: 0.0387	 hit@1:0.010862	 hit@5:0.0442	 hit@10: 0.0782
target: 	 mrr: 0.042244	 ndcg_5: 0.0345	 ndcg_10: 0.0454	 hit@1:0.010453	 hit@5:0.0585	 hit@10: 0.0920
epoch 30: source_mrr = 1.631920, train_loss = 0.038149, source_hit@10 = 0.0782, source_ndcg@10 = 0.0387, target_mrr = 0.042244, target_hit@10 = 0.0920, target_ndcg@10 = 0.0454
shift to transfer learning mode

2024-08-11 16:16:46.803816: step 9424/24320 (epoch 31/80), loss = 1.628548 (98.188 sec/epoch), lr: 0.002654
Evaluating on dev set...
...........................
source: 	 mrr: 0.039177	 ndcg_5: 0.0297	 ndcg_10: 0.0379	 hit@1:0.010862	 hit@5:0.0500	 hit@10: 0.0753
target: 	 mrr: 0.047807	 ndcg_5: 0.0365	 ndcg_10: 0.0510	 hit@1:0.017422	 hit@5:0.0551	 hit@10: 0.0997
epoch 31: source_mrr = 1.628548, train_loss = 0.039177, source_hit@10 = 0.0753, source_ndcg@10 = 0.0379, target_mrr = 0.047807, target_hit@10 = 0.0997, target_ndcg@10 = 0.0510

2024-08-11 16:18:27.563417: step 9728/24320 (epoch 32/80), loss = 1.628124 (100.022 sec/epoch), lr: 0.002654
Evaluating on dev set...
...........................
source: 	 mrr: 0.034813	 ndcg_5: 0.0230	 ndcg_10: 0.0341	 hit@1:0.010138	 hit@5:0.0369	 hit@10: 0.0717
target: 	 mrr: 0.050180	 ndcg_5: 0.0423	 ndcg_10: 0.0558	 hit@1:0.013240	 hit@5:0.0697	 hit@10: 0.1122
epoch 32: source_mrr = 1.628124, train_loss = 0.034813, source_hit@10 = 0.0717, source_ndcg@10 = 0.0341, target_mrr = 0.050180, target_hit@10 = 0.1122, target_ndcg@10 = 0.0558

2024-08-11 16:20:09.751065: step 10032/24320 (epoch 33/80), loss = 1.623708 (101.464 sec/epoch), lr: 0.002521
Evaluating on dev set...
...........................
source: 	 mrr: 0.039134	 ndcg_5: 0.0270	 ndcg_10: 0.0393	 hit@1:0.013758	 hit@5:0.0406	 hit@10: 0.0789
target: 	 mrr: 0.046890	 ndcg_5: 0.0396	 ndcg_10: 0.0514	 hit@1:0.017422	 hit@5:0.0634	 hit@10: 0.0997
epoch 33: source_mrr = 1.623708, train_loss = 0.039134, source_hit@10 = 0.0789, source_ndcg@10 = 0.0393, target_mrr = 0.046890, target_hit@10 = 0.0997, target_ndcg@10 = 0.0514

2024-08-11 16:21:51.030349: step 10336/24320 (epoch 34/80), loss = 1.619803 (100.561 sec/epoch), lr: 0.002521
Evaluating on dev set...
...........................
source: 	 mrr: 0.036787	 ndcg_5: 0.0262	 ndcg_10: 0.0384	 hit@1:0.007241	 hit@5:0.0456	 hit@10: 0.0840
target: 	 mrr: 0.048079	 ndcg_5: 0.0394	 ndcg_10: 0.0499	 hit@1:0.018118	 hit@5:0.0620	 hit@10: 0.0941
epoch 34: source_mrr = 1.619803, train_loss = 0.036787, source_hit@10 = 0.0840, source_ndcg@10 = 0.0384, target_mrr = 0.048079, target_hit@10 = 0.0941, target_ndcg@10 = 0.0499

2024-08-11 16:23:31.759042: step 10640/24320 (epoch 35/80), loss = 1.615332 (99.824 sec/epoch), lr: 0.002395
Evaluating on dev set...
...........................
source: 	 mrr: 0.033758	 ndcg_5: 0.0233	 ndcg_10: 0.0311	 hit@1:0.008689	 hit@5:0.0377	 hit@10: 0.0615
target: 	 mrr: 0.054508	 ndcg_5: 0.0449	 ndcg_10: 0.0577	 hit@1:0.020906	 hit@5:0.0690	 hit@10: 0.1087
epoch 35: source_mrr = 1.615332, train_loss = 0.033758, source_hit@10 = 0.0615, source_ndcg@10 = 0.0311, target_mrr = 0.054508, target_hit@10 = 0.1087, target_ndcg@10 = 0.0577

2024-08-11 16:25:10.585141: step 10944/24320 (epoch 36/80), loss = 1.616323 (97.972 sec/epoch), lr: 0.002395
Evaluating on dev set...
...........................
source: 	 mrr: 0.036377	 ndcg_5: 0.0263	 ndcg_10: 0.0373	 hit@1:0.006517	 hit@5:0.0463	 hit@10: 0.0804
target: 	 mrr: 0.048585	 ndcg_5: 0.0385	 ndcg_10: 0.0530	 hit@1:0.016725	 hit@5:0.0613	 hit@10: 0.1066
epoch 36: source_mrr = 1.616323, train_loss = 0.036377, source_hit@10 = 0.0804, source_ndcg@10 = 0.0373, target_mrr = 0.048585, target_hit@10 = 0.1066, target_ndcg@10 = 0.0530

2024-08-11 16:26:51.036669: step 11248/24320 (epoch 37/80), loss = 1.611574 (99.472 sec/epoch), lr: 0.002275
Evaluating on dev set...
...........................
source: 	 mrr: 0.036682	 ndcg_5: 0.0260	 ndcg_10: 0.0375	 hit@1:0.007241	 hit@5:0.0442	 hit@10: 0.0797
target: 	 mrr: 0.039616	 ndcg_5: 0.0314	 ndcg_10: 0.0412	 hit@1:0.012544	 hit@5:0.0509	 hit@10: 0.0808
epoch 37: source_mrr = 1.611574, train_loss = 0.036682, source_hit@10 = 0.0797, source_ndcg@10 = 0.0375, target_mrr = 0.039616, target_hit@10 = 0.0808, target_ndcg@10 = 0.0412

2024-08-11 16:28:34.005746: step 11552/24320 (epoch 38/80), loss = 1.605552 (102.191 sec/epoch), lr: 0.002161
Evaluating on dev set...
...........................
source: 	 mrr: 0.034531	 ndcg_5: 0.0233	 ndcg_10: 0.0329	 hit@1:0.009413	 hit@5:0.0377	 hit@10: 0.0673
target: 	 mrr: 0.048234	 ndcg_5: 0.0396	 ndcg_10: 0.0514	 hit@1:0.016725	 hit@5:0.0634	 hit@10: 0.0997
epoch 38: source_mrr = 1.605552, train_loss = 0.034531, source_hit@10 = 0.0673, source_ndcg@10 = 0.0329, target_mrr = 0.048234, target_hit@10 = 0.0997, target_ndcg@10 = 0.0514

2024-08-11 16:30:15.053035: step 11856/24320 (epoch 39/80), loss = 1.605825 (100.149 sec/epoch), lr: 0.002161
Evaluating on dev set...
...........................
source: 	 mrr: 0.033019	 ndcg_5: 0.0225	 ndcg_10: 0.0321	 hit@1:0.006517	 hit@5:0.0398	 hit@10: 0.0695
target: 	 mrr: 0.049205	 ndcg_5: 0.0389	 ndcg_10: 0.0524	 hit@1:0.017422	 hit@5:0.0599	 hit@10: 0.1017
epoch 39: source_mrr = 1.605825, train_loss = 0.033019, source_hit@10 = 0.0695, source_ndcg@10 = 0.0321, target_mrr = 0.049205, target_hit@10 = 0.1017, target_ndcg@10 = 0.0524

2024-08-11 16:31:58.609566: step 12160/24320 (epoch 40/80), loss = 1.603520 (102.714 sec/epoch), lr: 0.002053
Evaluating on dev set...
...........................
source: 	 mrr: 0.034223	 ndcg_5: 0.0222	 ndcg_10: 0.0336	 hit@1:0.007241	 hit@5:0.0369	 hit@10: 0.0717
target: 	 mrr: 0.050060	 ndcg_5: 0.0407	 ndcg_10: 0.0545	 hit@1:0.018118	 hit@5:0.0641	 hit@10: 0.1073
epoch 40: source_mrr = 1.603520, train_loss = 0.034223, source_hit@10 = 0.0717, source_ndcg@10 = 0.0336, target_mrr = 0.050060, target_hit@10 = 0.1073, target_ndcg@10 = 0.0545

2024-08-11 16:33:38.254101: step 12464/24320 (epoch 41/80), loss = 1.602069 (98.756 sec/epoch), lr: 0.002053
Evaluating on dev set...
...........................
source: 	 mrr: 0.043917	 ndcg_5: 0.0327	 ndcg_10: 0.0439	 hit@1:0.016655	 hit@5:0.0492	 hit@10: 0.0840
target: 	 mrr: 0.049846	 ndcg_5: 0.0416	 ndcg_10: 0.0556	 hit@1:0.014634	 hit@5:0.0690	 hit@10: 0.1122
source best!
.............
source: 	 mrr: 0.040700	 ndcg_5: 0.0293	 ndcg_10: 0.0409	 hit@1:0.013037	 hit@5:0.0445	 hit@10: 0.0805
epoch 41: source_mrr = 1.602069, train_loss = 0.040700, source_hit@10 = 0.0805, source_ndcg@10 = 0.0409, target_mrr = 0.049846, target_hit@10 = 0.1122, target_ndcg@10 = 0.0556

2024-08-11 16:35:20.260748: step 12768/24320 (epoch 42/80), loss = 1.602352 (100.825 sec/epoch), lr: 0.002053
Evaluating on dev set...
...........................
source: 	 mrr: 0.031874	 ndcg_5: 0.0207	 ndcg_10: 0.0307	 hit@1:0.007965	 hit@5:0.0326	 hit@10: 0.0637
target: 	 mrr: 0.051472	 ndcg_5: 0.0433	 ndcg_10: 0.0557	 hit@1:0.019512	 hit@5:0.0676	 hit@10: 0.1066
epoch 42: source_mrr = 1.602352, train_loss = 0.031874, source_hit@10 = 0.0637, source_ndcg@10 = 0.0307, target_mrr = 0.051472, target_hit@10 = 0.1066, target_ndcg@10 = 0.0557

2024-08-11 16:37:03.395853: step 13072/24320 (epoch 43/80), loss = 1.596764 (102.369 sec/epoch), lr: 0.001951
Evaluating on dev set...
...........................
source: 	 mrr: 0.039281	 ndcg_5: 0.0300	 ndcg_10: 0.0389	 hit@1:0.010862	 hit@5:0.0507	 hit@10: 0.0782
target: 	 mrr: 0.062023	 ndcg_5: 0.0537	 ndcg_10: 0.0687	 hit@1:0.025087	 hit@5:0.0829	 hit@10: 0.1289
target best!
..............target: 	 mrr: 0.060359	 ndcg_5: 0.0540	 ndcg_10: 0.0681	 hit@1:0.019204	 hit@5:0.0885	 hit@10: 0.1331
epoch 43: source_mrr = 1.596764, train_loss = 0.039281, source_hit@10 = 0.0782, source_ndcg@10 = 0.0389, target_mrr = 0.060359, target_hit@10 = 0.1331, target_ndcg@10 = 0.0681

2024-08-11 16:38:43.655552: step 13376/24320 (epoch 44/80), loss = 1.595110 (99.184 sec/epoch), lr: 0.001951
Evaluating on dev set...
...........................
source: 	 mrr: 0.034129	 ndcg_5: 0.0237	 ndcg_10: 0.0321	 hit@1:0.009413	 hit@5:0.0384	 hit@10: 0.0644
target: 	 mrr: 0.046345	 ndcg_5: 0.0367	 ndcg_10: 0.0479	 hit@1:0.015331	 hit@5:0.0585	 hit@10: 0.0934
epoch 44: source_mrr = 1.595110, train_loss = 0.034129, source_hit@10 = 0.0644, source_ndcg@10 = 0.0321, target_mrr = 0.046345, target_hit@10 = 0.0934, target_ndcg@10 = 0.0479

2024-08-11 16:40:22.788457: step 13680/24320 (epoch 45/80), loss = 1.592482 (98.349 sec/epoch), lr: 0.001853
Evaluating on dev set...
...........................
source: 	 mrr: 0.038944	 ndcg_5: 0.0278	 ndcg_10: 0.0387	 hit@1:0.010862	 hit@5:0.0449	 hit@10: 0.0789
target: 	 mrr: 0.049455	 ndcg_5: 0.0396	 ndcg_10: 0.0548	 hit@1:0.018118	 hit@5:0.0620	 hit@10: 0.1094
epoch 45: source_mrr = 1.592482, train_loss = 0.038944, source_hit@10 = 0.0789, source_ndcg@10 = 0.0387, target_mrr = 0.049455, target_hit@10 = 0.1094, target_ndcg@10 = 0.0548

2024-08-11 16:42:04.787042: step 13984/24320 (epoch 46/80), loss = 1.592733 (101.187 sec/epoch), lr: 0.001853
Evaluating on dev set...
...........................
source: 	 mrr: 0.042400	 ndcg_5: 0.0285	 ndcg_10: 0.0406	 hit@1:0.012310	 hit@5:0.0427	 hit@10: 0.0797
target: 	 mrr: 0.060420	 ndcg_5: 0.0529	 ndcg_10: 0.0667	 hit@1:0.025784	 hit@5:0.0801	 hit@10: 0.1233
epoch 46: source_mrr = 1.592733, train_loss = 0.042400, source_hit@10 = 0.0797, source_ndcg@10 = 0.0406, target_mrr = 0.060420, target_hit@10 = 0.1233, target_ndcg@10 = 0.0667

2024-08-11 16:43:43.894204: step 14288/24320 (epoch 47/80), loss = 1.591001 (98.309 sec/epoch), lr: 0.001853
Evaluating on dev set...
...........................
source: 	 mrr: 0.035336	 ndcg_5: 0.0241	 ndcg_10: 0.0344	 hit@1:0.008689	 hit@5:0.0413	 hit@10: 0.0724
target: 	 mrr: 0.056430	 ndcg_5: 0.0477	 ndcg_10: 0.0629	 hit@1:0.020906	 hit@5:0.0739	 hit@10: 0.1206
epoch 47: source_mrr = 1.591001, train_loss = 0.035336, source_hit@10 = 0.0724, source_ndcg@10 = 0.0344, target_mrr = 0.056430, target_hit@10 = 0.1206, target_ndcg@10 = 0.0629

2024-08-11 16:45:21.892086: step 14592/24320 (epoch 48/80), loss = 1.588867 (97.186 sec/epoch), lr: 0.001761
Evaluating on dev set...
...........................
source: 	 mrr: 0.029723	 ndcg_5: 0.0190	 ndcg_10: 0.0295	 hit@1:0.005069	 hit@5:0.0333	 hit@10: 0.0666
target: 	 mrr: 0.045660	 ndcg_5: 0.0376	 ndcg_10: 0.0464	 hit@1:0.017422	 hit@5:0.0585	 hit@10: 0.0850
epoch 48: source_mrr = 1.588867, train_loss = 0.029723, source_hit@10 = 0.0666, source_ndcg@10 = 0.0295, target_mrr = 0.045660, target_hit@10 = 0.0850, target_ndcg@10 = 0.0464

2024-08-11 16:47:00.302763: step 14896/24320 (epoch 49/80), loss = 1.582785 (97.665 sec/epoch), lr: 0.001672
Evaluating on dev set...
...........................
source: 	 mrr: 0.035292	 ndcg_5: 0.0241	 ndcg_10: 0.0360	 hit@1:0.008689	 hit@5:0.0406	 hit@10: 0.0775
target: 	 mrr: 0.052174	 ndcg_5: 0.0427	 ndcg_10: 0.0574	 hit@1:0.018118	 hit@5:0.0676	 hit@10: 0.1143
epoch 49: source_mrr = 1.582785, train_loss = 0.035292, source_hit@10 = 0.0775, source_ndcg@10 = 0.0360, target_mrr = 0.052174, target_hit@10 = 0.1143, target_ndcg@10 = 0.0574

2024-08-11 16:48:38.156879: step 15200/24320 (epoch 50/80), loss = 1.582618 (96.950 sec/epoch), lr: 0.001672
Evaluating on dev set...
...........................
source: 	 mrr: 0.035377	 ndcg_5: 0.0246	 ndcg_10: 0.0322	 hit@1:0.011586	 hit@5:0.0391	 hit@10: 0.0630
target: 	 mrr: 0.053550	 ndcg_5: 0.0443	 ndcg_10: 0.0598	 hit@1:0.020906	 hit@5:0.0683	 hit@10: 0.1171
epoch 50: source_mrr = 1.582618, train_loss = 0.035377, source_hit@10 = 0.0630, source_ndcg@10 = 0.0322, target_mrr = 0.053550, target_hit@10 = 0.1171, target_ndcg@10 = 0.0598

2024-08-11 16:50:17.026211: step 15504/24320 (epoch 51/80), loss = 1.580990 (98.030 sec/epoch), lr: 0.001672
Evaluating on dev set...
...........................
source: 	 mrr: 0.038398	 ndcg_5: 0.0289	 ndcg_10: 0.0375	 hit@1:0.008689	 hit@5:0.0478	 hit@10: 0.0746
target: 	 mrr: 0.050275	 ndcg_5: 0.0417	 ndcg_10: 0.0543	 hit@1:0.018118	 hit@5:0.0655	 hit@10: 0.1052
epoch 51: source_mrr = 1.580990, train_loss = 0.038398, source_hit@10 = 0.0746, source_ndcg@10 = 0.0375, target_mrr = 0.050275, target_hit@10 = 0.1052, target_ndcg@10 = 0.0543

2024-08-11 16:51:55.624753: step 15808/24320 (epoch 52/80), loss = 1.579027 (97.780 sec/epoch), lr: 0.001589
Evaluating on dev set...
...........................
source: 	 mrr: 0.040601	 ndcg_5: 0.0285	 ndcg_10: 0.0406	 hit@1:0.012310	 hit@5:0.0434	 hit@10: 0.0811
target: 	 mrr: 0.048003	 ndcg_5: 0.0401	 ndcg_10: 0.0502	 hit@1:0.019512	 hit@5:0.0613	 hit@10: 0.0927
epoch 52: source_mrr = 1.579027, train_loss = 0.040601, source_hit@10 = 0.0811, source_ndcg@10 = 0.0406, target_mrr = 0.048003, target_hit@10 = 0.0927, target_ndcg@10 = 0.0502

2024-08-11 16:53:38.822789: step 16112/24320 (epoch 53/80), loss = 1.576468 (102.361 sec/epoch), lr: 0.001509
Evaluating on dev set...
...........................
source: 	 mrr: 0.037251	 ndcg_5: 0.0261	 ndcg_10: 0.0373	 hit@1:0.010862	 hit@5:0.0427	 hit@10: 0.0782
target: 	 mrr: 0.047827	 ndcg_5: 0.0401	 ndcg_10: 0.0517	 hit@1:0.017422	 hit@5:0.0627	 hit@10: 0.0997
epoch 53: source_mrr = 1.576468, train_loss = 0.037251, source_hit@10 = 0.0782, source_ndcg@10 = 0.0373, target_mrr = 0.047827, target_hit@10 = 0.0997, target_ndcg@10 = 0.0517

2024-08-11 16:55:27.587728: step 16416/24320 (epoch 54/80), loss = 1.567076 (107.997 sec/epoch), lr: 0.001434
Evaluating on dev set...
...........................
source: 	 mrr: 0.041371	 ndcg_5: 0.0278	 ndcg_10: 0.0410	 hit@1:0.013034	 hit@5:0.0427	 hit@10: 0.0840
target: 	 mrr: 0.053975	 ndcg_5: 0.0470	 ndcg_10: 0.0592	 hit@1:0.021603	 hit@5:0.0732	 hit@10: 0.1115
epoch 54: source_mrr = 1.567076, train_loss = 0.041371, source_hit@10 = 0.0840, source_ndcg@10 = 0.0410, target_mrr = 0.053975, target_hit@10 = 0.1115, target_ndcg@10 = 0.0592

2024-08-11 16:57:15.918053: step 16720/24320 (epoch 55/80), loss = 1.568832 (107.544 sec/epoch), lr: 0.001434
Evaluating on dev set...
...........................
source: 	 mrr: 0.031624	 ndcg_5: 0.0214	 ndcg_10: 0.0300	 hit@1:0.007965	 hit@5:0.0369	 hit@10: 0.0637
target: 	 mrr: 0.054225	 ndcg_5: 0.0452	 ndcg_10: 0.0603	 hit@1:0.019512	 hit@5:0.0711	 hit@10: 0.1178
epoch 55: source_mrr = 1.568832, train_loss = 0.031624, source_hit@10 = 0.0637, source_ndcg@10 = 0.0300, target_mrr = 0.054225, target_hit@10 = 0.1178, target_ndcg@10 = 0.0603

2024-08-11 16:59:05.590005: step 17024/24320 (epoch 56/80), loss = 1.565530 (108.929 sec/epoch), lr: 0.001362
Evaluating on dev set...
...........................
source: 	 mrr: 0.032570	 ndcg_5: 0.0232	 ndcg_10: 0.0297	 hit@1:0.007241	 hit@5:0.0377	 hit@10: 0.0587
target: 	 mrr: 0.051867	 ndcg_5: 0.0435	 ndcg_10: 0.0545	 hit@1:0.023693	 hit@5:0.0648	 hit@10: 0.0990
epoch 56: source_mrr = 1.565530, train_loss = 0.032570, source_hit@10 = 0.0587, source_ndcg@10 = 0.0297, target_mrr = 0.051867, target_hit@10 = 0.0990, target_ndcg@10 = 0.0545

2024-08-11 17:00:55.475486: step 17328/24320 (epoch 57/80), loss = 1.560664 (109.044 sec/epoch), lr: 0.001294
Evaluating on dev set...
...........................
source: 	 mrr: 0.042012	 ndcg_5: 0.0299	 ndcg_10: 0.0434	 hit@1:0.010862	 hit@5:0.0478	 hit@10: 0.0898
target: 	 mrr: 0.055418	 ndcg_5: 0.0481	 ndcg_10: 0.0591	 hit@1:0.023693	 hit@5:0.0725	 hit@10: 0.1066
epoch 57: source_mrr = 1.560664, train_loss = 0.042012, source_hit@10 = 0.0898, source_ndcg@10 = 0.0434, target_mrr = 0.055418, target_hit@10 = 0.1066, target_ndcg@10 = 0.0591

2024-08-11 17:02:47.754724: step 17632/24320 (epoch 58/80), loss = 1.560399 (111.384 sec/epoch), lr: 0.001294
Evaluating on dev set...
...........................
source: 	 mrr: 0.040523	 ndcg_5: 0.0277	 ndcg_10: 0.0408	 hit@1:0.014482	 hit@5:0.0427	 hit@10: 0.0840
target: 	 mrr: 0.046081	 ndcg_5: 0.0383	 ndcg_10: 0.0488	 hit@1:0.016725	 hit@5:0.0599	 hit@10: 0.0934
epoch 58: source_mrr = 1.560399, train_loss = 0.040523, source_hit@10 = 0.0840, source_ndcg@10 = 0.0408, target_mrr = 0.046081, target_hit@10 = 0.0934, target_ndcg@10 = 0.0488

2024-08-11 17:04:39.288050: step 17936/24320 (epoch 59/80), loss = 1.557838 (110.675 sec/epoch), lr: 0.001229
Evaluating on dev set...
...........................
source: 	 mrr: 0.040408	 ndcg_5: 0.0288	 ndcg_10: 0.0415	 hit@1:0.010862	 hit@5:0.0463	 hit@10: 0.0862
target: 	 mrr: 0.056059	 ndcg_5: 0.0492	 ndcg_10: 0.0599	 hit@1:0.022997	 hit@5:0.0746	 hit@10: 0.1080
epoch 59: source_mrr = 1.557838, train_loss = 0.040408, source_hit@10 = 0.0862, source_ndcg@10 = 0.0415, target_mrr = 0.056059, target_hit@10 = 0.1080, target_ndcg@10 = 0.0599

2024-08-11 17:06:28.116274: step 18240/24320 (epoch 60/80), loss = 1.555341 (108.034 sec/epoch), lr: 0.001229
Evaluating on dev set...
...........................
source: 	 mrr: 0.032681	 ndcg_5: 0.0207	 ndcg_10: 0.0312	 hit@1:0.007241	 hit@5:0.0355	 hit@10: 0.0681
target: 	 mrr: 0.041901	 ndcg_5: 0.0343	 ndcg_10: 0.0439	 hit@1:0.016028	 hit@5:0.0530	 hit@10: 0.0829
epoch 60: source_mrr = 1.555341, train_loss = 0.032681, source_hit@10 = 0.0681, source_ndcg@10 = 0.0312, target_mrr = 0.041901, target_hit@10 = 0.0829, target_ndcg@10 = 0.0439

2024-08-11 17:08:17.772188: step 18544/24320 (epoch 61/80), loss = 1.549746 (108.786 sec/epoch), lr: 0.001168
Evaluating on dev set...
...........................
source: 	 mrr: 0.037275	 ndcg_5: 0.0256	 ndcg_10: 0.0359	 hit@1:0.012310	 hit@5:0.0398	 hit@10: 0.0717
target: 	 mrr: 0.038929	 ndcg_5: 0.0300	 ndcg_10: 0.0419	 hit@1:0.007666	 hit@5:0.0509	 hit@10: 0.0885
epoch 61: source_mrr = 1.549746, train_loss = 0.037275, source_hit@10 = 0.0717, source_ndcg@10 = 0.0359, target_mrr = 0.038929, target_hit@10 = 0.0885, target_ndcg@10 = 0.0419

2024-08-11 17:10:08.670857: step 18848/24320 (epoch 62/80), loss = 1.548629 (110.158 sec/epoch), lr: 0.001168
Evaluating on dev set...
...........................
source: 	 mrr: 0.038437	 ndcg_5: 0.0267	 ndcg_10: 0.0385	 hit@1:0.009413	 hit@5:0.0442	 hit@10: 0.0811
target: 	 mrr: 0.057717	 ndcg_5: 0.0484	 ndcg_10: 0.0595	 hit@1:0.025784	 hit@5:0.0711	 hit@10: 0.1059
epoch 62: source_mrr = 1.548629, train_loss = 0.038437, source_hit@10 = 0.0811, source_ndcg@10 = 0.0385, target_mrr = 0.057717, target_hit@10 = 0.1059, target_ndcg@10 = 0.0595

2024-08-11 17:11:59.661041: step 19152/24320 (epoch 63/80), loss = 1.548920 (110.240 sec/epoch), lr: 0.001168
Evaluating on dev set...
...........................
source: 	 mrr: 0.039025	 ndcg_5: 0.0260	 ndcg_10: 0.0382	 hit@1:0.011586	 hit@5:0.0413	 hit@10: 0.0789
target: 	 mrr: 0.041395	 ndcg_5: 0.0307	 ndcg_10: 0.0438	 hit@1:0.013240	 hit@5:0.0488	 hit@10: 0.0899
epoch 63: source_mrr = 1.548920, train_loss = 0.039025, source_hit@10 = 0.0789, source_ndcg@10 = 0.0382, target_mrr = 0.041395, target_hit@10 = 0.0899, target_ndcg@10 = 0.0438

2024-08-11 17:13:47.014606: step 19456/24320 (epoch 64/80), loss = 1.545601 (106.614 sec/epoch), lr: 0.001110
Evaluating on dev set...
...........................
source: 	 mrr: 0.033278	 ndcg_5: 0.0250	 ndcg_10: 0.0317	 hit@1:0.010138	 hit@5:0.0413	 hit@10: 0.0615
target: 	 mrr: 0.050111	 ndcg_5: 0.0418	 ndcg_10: 0.0540	 hit@1:0.019512	 hit@5:0.0662	 hit@10: 0.1045
epoch 64: source_mrr = 1.545601, train_loss = 0.033278, source_hit@10 = 0.0615, source_ndcg@10 = 0.0317, target_mrr = 0.050111, target_hit@10 = 0.1045, target_ndcg@10 = 0.0540
early termination of training
