nohup: ignoring input
using gpu:3 to train the model
using gpu:3 to train the model
cuda:3
Namespace(A_split=False, JK='sum', a_fold=100, aggregate=False, alpha=0.5, batch_size=1024, beta_inter=0.2, conv_layers=4, cuda=True, decay_epoch=10, device=device(type='cuda', index=3), device_id='3', domains='cd_movie', dropout=0.4, epoch=80, feature_dim=126, gamma_intra=0.8, hidden_dim=126, inter_tau=0.2, intra_tau=0.4, lambda_critic=0.1, leakey=0.05, load=False, log='logs.txt', log_epoch=1, lr=0.004, lr_decay=0.95, min_epoch=60, mode='train', model_file=None, model_name='cm', momentum=0.98, num_latent_factors=3, num_negative=100, optim='adam', patience=20, proj_layers=1, projection=1, rectify_epoch=40, residual=1, save=False, save_dir='./saved_models', seed=3097, similarity_tau=0.2, step=3, test_sample_number=999, user_batch_size=256, weight_decay=0.0002)
number_user 50841
number_item 43858
/home/disk2/lhr/invariantCDR/invariantCDR/utils/GraphMaker.py:46: RuntimeWarning: divide by zero encountered in power
  r_inv = np.power(rowsum, -1).flatten()
real graph loaded!
number_user 87875
number_item 38643
real graph loaded!
graph loaded!
Loading data from cd_movie with batch size 1024...
unseen test: 0
test length: 19837
unseen test: 0
test length: 19670
unseen test: 0
test length: 28589
unseen test: 0
test length: 28876
source_user_num 50841
target_user_num 87875
source_item_num 43858
target_item_num 38643
shared users id: 15081
test users 1893, 1885
unseen test: 0
dev length: 1000
unseen test: 0
dev length: 1000
source train data : 674233, target train data: 1127424, source test data : 19670, target test data : 28876, source dev data : 1000, target dev data : 1000
2024-08-14 00:41:41.215284: step 1760/140800 (epoch 1/80), loss = 1.988373 (1439.147 sec/epoch), lr: 0.004000
Evaluating on dev set...
...................................................................................................................................................................................................................................................................................................................................................................................................................................................................................................
source: 	 mrr: 0.041314	 ndcg_5: 0.0318	 ndcg_10: 0.0431	 hit@1:0.013661	 hit@5:0.0503	 hit@10: 0.0858
target: 	 mrr: 0.043673	 ndcg_5: 0.0338	 ndcg_10: 0.0464	 hit@1:0.012627	 hit@5:0.0550	 hit@10: 0.0943
source best!
....................................................................................................................................................................................................
source: 	 mrr: 0.040072	 ndcg_5: 0.0305	 ndcg_10: 0.0419	 hit@1:0.012354	 hit@5:0.0489	 hit@10: 0.0844
target best!
................................................................................................................................................................................................................................................................................................target: 	 mrr: 0.043374	 ndcg_5: 0.0333	 ndcg_10: 0.0457	 hit@1:0.012675	 hit@5:0.0543	 hit@10: 0.0928
epoch 1: train_loss = 1.988373, source_mrr = 0.040072, source_hit@10 = 0.0844, source_ndcg@10 = 0.0419, target_mrr = 0.043374, target_hit@10 = 0.0928, target_ndcg@10 = 0.0457

