nohup: ignoring input
using gpu:1 to train the model
using gpu:1 to train the model
cuda:1
Namespace(A_split=False, JK='sum', a_fold=100, aggregate=False, alpha=0.3, batch_size=1024, beta_inter=0.2, conv_layers=4, cuda=True, decay_epoch=10, device=device(type='cuda', index=1), device_id='1', domains='cd_movie', dropout=0.4, epoch=80, feature_dim=126, gamma_intra=0.8, hidden_dim=126, inter_tau=0.2, intra_tau=0.4, lambda_critic=0.1, leakey=0.05, load=False, log='logs.txt', log_epoch=1, lr=0.004, lr_decay=0.95, min_epoch=60, mode='train', model_file=None, model_name='cm', momentum=0.98, num_latent_factors=3, num_negative=100, optim='adam', patience=20, proj_layers=1, projection=1, rectify_epoch=40, residual=1, save=False, save_dir='./saved_models', seed=1111, similarity_tau=0.2, step=3, test_sample_number=999, user_batch_size=256, weight_decay=0.0002)
number_user 50841
number_item 43858
/home/hourun/invariantCDR_v2/invariantCDR/utils/GraphMaker.py:46: RuntimeWarning: divide by zero encountered in power
  r_inv = np.power(rowsum, -1).flatten()
real graph loaded!
number_user 87875
number_item 38643
real graph loaded!
graph loaded!
Loading data from cd_movie with batch size 1024...
unseen test: 0
test length: 19837
unseen test: 0
test length: 19670
unseen test: 0
test length: 28589
unseen test: 0
test length: 28876
source_user_num 50841
target_user_num 87875
source_item_num 43858
target_item_num 38643
shared users id: 15081
test users 1893, 1885
unseen test: 0
dev length: 1000
unseen test: 0
dev length: 1000
source train data : 674233, target train data: 1127424, source test data : 19670, target test data : 28876, source dev data : 1000, target dev data : 1000
2024-08-14 01:08:26.024952: step 1760/140800 (epoch 1/80), loss = 1.967682 (616.853 sec/epoch), lr: 0.004000
Evaluating on dev set...
...................................................................................................................................................................................................................................................................................................................................................................................................................................................................................................
source: 	 mrr: 0.034389	 ndcg_5: 0.0259	 ndcg_10: 0.0348	 hit@1:0.010334	 hit@5:0.0412	 hit@10: 0.0692
target: 	 mrr: 0.026991	 ndcg_5: 0.0173	 ndcg_10: 0.0263	 hit@1:0.005841	 hit@5:0.0296	 hit@10: 0.0577
source best!
....................................................................................................................................................................................................
source: 	 mrr: 0.034763	 ndcg_5: 0.0260	 ndcg_10: 0.0350	 hit@1:0.011235	 hit@5:0.0408	 hit@10: 0.0688
target best!
................................................................................................................................................................................................................................................................................................target: 	 mrr: 0.027630	 ndcg_5: 0.0180	 ndcg_10: 0.0272	 hit@1:0.005887	 hit@5:0.0305	 hit@10: 0.0594
epoch 1: train_loss = 1.967682, source_mrr = 0.034763, source_hit@10 = 0.0688, source_ndcg@10 = 0.0350, target_mrr = 0.027630, target_hit@10 = 0.0594, target_ndcg@10 = 0.0272

2024-08-14 01:18:53.782351: step 3520/140800 (epoch 2/80), loss = 1.818263 (617.686 sec/epoch), lr: 0.004000
Evaluating on dev set...
...................................................................................................................................................................................................................................................................................................................................................................................................................................................................................................
source: 	 mrr: 0.041796	 ndcg_5: 0.0325	 ndcg_10: 0.0441	 hit@1:0.014468	 hit@5:0.0505	 hit@10: 0.0870
target: 	 mrr: 0.033694	 ndcg_5: 0.0224	 ndcg_10: 0.0313	 hit@1:0.009234	 hit@5:0.0359	 hit@10: 0.0638
source best!
....................................................................................................................................................................................................
source: 	 mrr: 0.042008	 ndcg_5: 0.0330	 ndcg_10: 0.0442	 hit@1:0.013879	 hit@5:0.0523	 hit@10: 0.0871
target best!
................................................................................................................................................................................................................................................................................................target: 	 mrr: 0.032646	 ndcg_5: 0.0216	 ndcg_10: 0.0308	 hit@1:0.007757	 hit@5:0.0361	 hit@10: 0.0649
epoch 2: train_loss = 1.818263, source_mrr = 0.042008, source_hit@10 = 0.0871, source_ndcg@10 = 0.0442, target_mrr = 0.032646, target_hit@10 = 0.0649, target_ndcg@10 = 0.0308

2024-08-14 01:29:23.303655: step 5280/140800 (epoch 3/80), loss = 1.764400 (619.521 sec/epoch), lr: 0.004000
Evaluating on dev set...
...................................................................................................................................................................................................................................................................................................................................................................................................................................................................................................
source: 	 mrr: 0.013624	 ndcg_5: 0.0078	 ndcg_10: 0.0110	 hit@1:0.002773	 hit@5:0.0130	 hit@10: 0.0233
target: 	 mrr: 0.034948	 ndcg_5: 0.0238	 ndcg_10: 0.0338	 hit@1:0.009234	 hit@5:0.0390	 hit@10: 0.0704
target best!
................................................................................................................................................................................................................................................................................................target: 	 mrr: 0.035126	 ndcg_5: 0.0241	 ndcg_10: 0.0339	 hit@1:0.009004	 hit@5:0.0394	 hit@10: 0.0703
epoch 3: train_loss = 1.764400, source_mrr = 0.013624, source_hit@10 = 0.0233, source_ndcg@10 = 0.0110, target_mrr = 0.035126, target_hit@10 = 0.0703, target_ndcg@10 = 0.0339

2024-08-14 01:39:51.395632: step 7040/140800 (epoch 4/80), loss = 1.732625 (620.054 sec/epoch), lr: 0.004000
Evaluating on dev set...
...................................................................................................................................................................................................................................................................................................................................................................................................................................................................................................
source: 	 mrr: 0.036579	 ndcg_5: 0.0290	 ndcg_10: 0.0381	 hit@1:0.012250	 hit@5:0.0457	 hit@10: 0.0742
target: 	 mrr: 0.032350	 ndcg_5: 0.0220	 ndcg_10: 0.0314	 hit@1:0.007765	 hit@5:0.0368	 hit@10: 0.0663
epoch 4: train_loss = 1.732625, source_mrr = 0.036579, source_hit@10 = 0.0742, source_ndcg@10 = 0.0381, target_mrr = 0.032350, target_hit@10 = 0.0663, target_ndcg@10 = 0.0314

2024-08-14 01:50:16.273829: step 8800/140800 (epoch 5/80), loss = 1.719221 (619.654 sec/epoch), lr: 0.004000
Evaluating on dev set...
...................................................................................................................................................................................................................................................................................................................................................................................................................................................................................................
source: 	 mrr: 0.048860	 ndcg_5: 0.0394	 ndcg_10: 0.0517	 hit@1:0.017392	 hit@5:0.0615	 hit@10: 0.1000
target: 	 mrr: 0.038912	 ndcg_5: 0.0282	 ndcg_10: 0.0386	 hit@1:0.012173	 hit@5:0.0445	 hit@10: 0.0768
source best!
....................................................................................................................................................................................................
source: 	 mrr: 0.049554	 ndcg_5: 0.0403	 ndcg_10: 0.0526	 hit@1:0.018048	 hit@5:0.0627	 hit@10: 0.1010
target best!
................................................................................................................................................................................................................................................................................................target: 	 mrr: 0.038810	 ndcg_5: 0.0282	 ndcg_10: 0.0382	 hit@1:0.012121	 hit@5:0.0446	 hit@10: 0.0757
epoch 5: train_loss = 1.719221, source_mrr = 0.049554, source_hit@10 = 0.1010, source_ndcg@10 = 0.0526, target_mrr = 0.038810, target_hit@10 = 0.0757, target_ndcg@10 = 0.0382

2024-08-14 02:00:46.385106: step 10560/140800 (epoch 6/80), loss = 1.705828 (619.919 sec/epoch), lr: 0.004000
Evaluating on dev set...
...................................................................................................................................................................................................................................................................................................................................................................................................................................................................................................
source: 	 mrr: 0.013708	 ndcg_5: 0.0077	 ndcg_10: 0.0108	 hit@1:0.003125	 hit@5:0.0120	 hit@10: 0.0217
target: 	 mrr: 0.031494	 ndcg_5: 0.0230	 ndcg_10: 0.0320	 hit@1:0.008360	 hit@5:0.0380	 hit@10: 0.0662
epoch 6: train_loss = 1.705828, source_mrr = 0.013708, source_hit@10 = 0.0217, source_ndcg@10 = 0.0108, target_mrr = 0.031494, target_hit@10 = 0.0662, target_ndcg@10 = 0.0320

2024-08-14 02:11:15.617868: step 12320/140800 (epoch 7/80), loss = 1.696764 (624.084 sec/epoch), lr: 0.004000
Evaluating on dev set...
...................................................................................................................................................................................................................................................................................................................................................................................................................................................................................................
source: 	 mrr: 0.038033	 ndcg_5: 0.0298	 ndcg_10: 0.0397	 hit@1:0.013157	 hit@5:0.0469	 hit@10: 0.0773
target: 	 mrr: 0.037421	 ndcg_5: 0.0276	 ndcg_10: 0.0377	 hit@1:0.011263	 hit@5:0.0442	 hit@10: 0.0758
epoch 7: train_loss = 1.696764, source_mrr = 0.038033, source_hit@10 = 0.0773, source_ndcg@10 = 0.0397, target_mrr = 0.037421, target_hit@10 = 0.0758, target_ndcg@10 = 0.0377

2024-08-14 02:21:40.870877: step 14080/140800 (epoch 8/80), loss = 1.685973 (620.145 sec/epoch), lr: 0.004000
Evaluating on dev set...
...................................................................................................................................................................................................................................................................................................................................................................................................................................................................................................
source: 	 mrr: 0.055944	 ndcg_5: 0.0460	 ndcg_10: 0.0597	 hit@1:0.020820	 hit@5:0.0711	 hit@10: 0.1136
target: 	 mrr: 0.039135	 ndcg_5: 0.0292	 ndcg_10: 0.0409	 hit@1:0.010633	 hit@5:0.0481	 hit@10: 0.0848
source best!
....................................................................................................................................................................................................
source: 	 mrr: 0.057411	 ndcg_5: 0.0479	 ndcg_10: 0.0617	 hit@1:0.021505	 hit@5:0.0740	 hit@10: 0.1169
target best!
................................................................................................................................................................................................................................................................................................target: 	 mrr: 0.040185	 ndcg_5: 0.0296	 ndcg_10: 0.0419	 hit@1:0.012190	 hit@5:0.0472	 hit@10: 0.0854
epoch 8: train_loss = 1.685973, source_mrr = 0.057411, source_hit@10 = 0.1169, source_ndcg@10 = 0.0617, target_mrr = 0.040185, target_hit@10 = 0.0854, target_ndcg@10 = 0.0419

2024-08-14 02:32:10.786286: step 15840/140800 (epoch 9/80), loss = 1.676620 (619.931 sec/epoch), lr: 0.004000
Evaluating on dev set...
...................................................................................................................................................................................................................................................................................................................................................................................................................................................................................................
source: 	 mrr: 0.042044	 ndcg_5: 0.0335	 ndcg_10: 0.0440	 hit@1:0.015325	 hit@5:0.0518	 hit@10: 0.0844
target: 	 mrr: 0.050786	 ndcg_5: 0.0400	 ndcg_10: 0.0534	 hit@1:0.016160	 hit@5:0.0640	 hit@10: 0.1058
target best!
................................................................................................................................................................................................................................................................................................target: 	 mrr: 0.049887	 ndcg_5: 0.0387	 ndcg_10: 0.0521	 hit@1:0.015515	 hit@5:0.0620	 hit@10: 0.1040
epoch 9: train_loss = 1.676620, source_mrr = 0.042044, source_hit@10 = 0.0844, source_ndcg@10 = 0.0440, target_mrr = 0.049887, target_hit@10 = 0.1040, target_ndcg@10 = 0.0521

2024-08-14 02:42:38.498772: step 17600/140800 (epoch 10/80), loss = 1.672184 (619.710 sec/epoch), lr: 0.004000
Evaluating on dev set...
...................................................................................................................................................................................................................................................................................................................................................................................................................................................................................................
source: 	 mrr: 0.051917	 ndcg_5: 0.0425	 ndcg_10: 0.0557	 hit@1:0.018450	 hit@5:0.0665	 hit@10: 0.1075
target: 	 mrr: 0.040161	 ndcg_5: 0.0297	 ndcg_10: 0.0406	 hit@1:0.012312	 hit@5:0.0472	 hit@10: 0.0815
epoch 10: train_loss = 1.672184, source_mrr = 0.051917, source_hit@10 = 0.1075, source_ndcg@10 = 0.0557, target_mrr = 0.040161, target_hit@10 = 0.0815, target_ndcg@10 = 0.0406

2024-08-14 02:53:04.008639: step 19360/140800 (epoch 11/80), loss = 1.665196 (620.400 sec/epoch), lr: 0.004000
Evaluating on dev set...
...................................................................................................................................................................................................................................................................................................................................................................................................................................................................................................
source: 	 mrr: 0.042099	 ndcg_5: 0.0331	 ndcg_10: 0.0435	 hit@1:0.015174	 hit@5:0.0512	 hit@10: 0.0837
target: 	 mrr: 0.050555	 ndcg_5: 0.0394	 ndcg_10: 0.0538	 hit@1:0.016825	 hit@5:0.0623	 hit@10: 0.1070
epoch 11: train_loss = 1.665196, source_mrr = 0.042099, source_hit@10 = 0.0837, source_ndcg@10 = 0.0435, target_mrr = 0.050555, target_hit@10 = 0.1070, target_ndcg@10 = 0.0538

2024-08-14 03:03:29.178252: step 21120/140800 (epoch 12/80), loss = 1.660774 (619.984 sec/epoch), lr: 0.004000
Evaluating on dev set...
...................................................................................................................................................................................................................................................................................................................................................................................................................................................................................................
source: 	 mrr: 0.036688	 ndcg_5: 0.0285	 ndcg_10: 0.0379	 hit@1:0.011695	 hit@5:0.0457	 hit@10: 0.0750
target: 	 mrr: 0.060456	 ndcg_5: 0.0489	 ndcg_10: 0.0654	 hit@1:0.021757	 hit@5:0.0763	 hit@10: 0.1275
target best!
................................................................................................................................................................................................................................................................................................target: 	 mrr: 0.058329	 ndcg_5: 0.0473	 ndcg_10: 0.0636	 hit@1:0.019393	 hit@5:0.0758	 hit@10: 0.1268
epoch 12: train_loss = 1.660774, source_mrr = 0.036688, source_hit@10 = 0.0750, source_ndcg@10 = 0.0379, target_mrr = 0.058329, target_hit@10 = 0.1268, target_ndcg@10 = 0.0636

2024-08-14 03:13:57.815842: step 22880/140800 (epoch 13/80), loss = 1.655081 (620.372 sec/epoch), lr: 0.004000
Evaluating on dev set...
...................................................................................................................................................................................................................................................................................................................................................................................................................................................................................................
source: 	 mrr: 0.055364	 ndcg_5: 0.0455	 ndcg_10: 0.0598	 hit@1:0.019207	 hit@5:0.0713	 hit@10: 0.1157
target: 	 mrr: 0.050184	 ndcg_5: 0.0401	 ndcg_10: 0.0532	 hit@1:0.017279	 hit@5:0.0631	 hit@10: 0.1040
epoch 13: train_loss = 1.655081, source_mrr = 0.055364, source_hit@10 = 0.1157, source_ndcg@10 = 0.0598, target_mrr = 0.050184, target_hit@10 = 0.1040, target_ndcg@10 = 0.0532

2024-08-14 03:24:23.129886: step 24640/140800 (epoch 14/80), loss = 1.652504 (620.208 sec/epoch), lr: 0.004000
Evaluating on dev set...
...................................................................................................................................................................................................................................................................................................................................................................................................................................................................................................
source: 	 mrr: 0.052190	 ndcg_5: 0.0434	 ndcg_10: 0.0570	 hit@1:0.018702	 hit@5:0.0687	 hit@10: 0.1110
target: 	 mrr: 0.054090	 ndcg_5: 0.0421	 ndcg_10: 0.0582	 hit@1:0.016335	 hit@5:0.0685	 hit@10: 0.1186
epoch 14: train_loss = 1.652504, source_mrr = 0.052190, source_hit@10 = 0.1110, source_ndcg@10 = 0.0570, target_mrr = 0.054090, target_hit@10 = 0.1186, target_ndcg@10 = 0.0582

2024-08-14 03:34:49.022814: step 26400/140800 (epoch 15/80), loss = 1.647743 (620.746 sec/epoch), lr: 0.004000
Evaluating on dev set...
...................................................................................................................................................................................................................................................................................................................................................................................................................................................................................................
source: 	 mrr: 0.053399	 ndcg_5: 0.0443	 ndcg_10: 0.0579	 hit@1:0.018652	 hit@5:0.0699	 hit@10: 0.1124
target: 	 mrr: 0.056737	 ndcg_5: 0.0448	 ndcg_10: 0.0611	 hit@1:0.018748	 hit@5:0.0720	 hit@10: 0.1227
epoch 15: train_loss = 1.647743, source_mrr = 0.053399, source_hit@10 = 0.1124, source_ndcg@10 = 0.0579, target_mrr = 0.056737, target_hit@10 = 0.1227, target_ndcg@10 = 0.0611

2024-08-14 03:45:15.558290: step 28160/140800 (epoch 16/80), loss = 1.644501 (621.412 sec/epoch), lr: 0.004000
Evaluating on dev set...
...................................................................................................................................................................................................................................................................................................................................................................................................................................................................................................
source: 	 mrr: 0.051200	 ndcg_5: 0.0420	 ndcg_10: 0.0549	 hit@1:0.017543	 hit@5:0.0659	 hit@10: 0.1062
target: 	 mrr: 0.047860	 ndcg_5: 0.0380	 ndcg_10: 0.0505	 hit@1:0.016755	 hit@5:0.0597	 hit@10: 0.0988
epoch 16: train_loss = 1.644501, source_mrr = 0.051200, source_hit@10 = 0.1062, source_ndcg@10 = 0.0549, target_mrr = 0.047860, target_hit@10 = 0.0988, target_ndcg@10 = 0.0505

2024-08-14 03:55:40.223130: step 29920/140800 (epoch 17/80), loss = 1.640135 (619.578 sec/epoch), lr: 0.003800
Evaluating on dev set...
...................................................................................................................................................................................................................................................................................................................................................................................................................................................................................................
source: 	 mrr: 0.051258	 ndcg_5: 0.0420	 ndcg_10: 0.0542	 hit@1:0.019156	 hit@5:0.0652	 hit@10: 0.1035
target: 	 mrr: 0.048304	 ndcg_5: 0.0377	 ndcg_10: 0.0514	 hit@1:0.014376	 hit@5:0.0616	 hit@10: 0.1043
epoch 17: train_loss = 1.640135, source_mrr = 0.051258, source_hit@10 = 0.1035, source_ndcg@10 = 0.0542, target_mrr = 0.048304, target_hit@10 = 0.1043, target_ndcg@10 = 0.0514

2024-08-14 04:06:05.794741: step 31680/140800 (epoch 18/80), loss = 1.641023 (620.386 sec/epoch), lr: 0.003800
Evaluating on dev set...
...................................................................................................................................................................................................................................................................................................................................................................................................................................................................................................
source: 	 mrr: 0.048124	 ndcg_5: 0.0389	 ndcg_10: 0.0513	 hit@1:0.017241	 hit@5:0.0599	 hit@10: 0.0989
target: 	 mrr: 0.035779	 ndcg_5: 0.0267	 ndcg_10: 0.0363	 hit@1:0.011228	 hit@5:0.0424	 hit@10: 0.0722
epoch 18: train_loss = 1.641023, source_mrr = 0.048124, source_hit@10 = 0.0989, source_ndcg@10 = 0.0513, target_mrr = 0.035779, target_hit@10 = 0.0722, target_ndcg@10 = 0.0363

2024-08-14 04:16:30.589296: step 33440/140800 (epoch 19/80), loss = 1.634171 (619.698 sec/epoch), lr: 0.003610
Evaluating on dev set...
...................................................................................................................................................................................................................................................................................................................................................................................................................................................................................................
source: 	 mrr: 0.052800	 ndcg_5: 0.0432	 ndcg_10: 0.0557	 hit@1:0.020416	 hit@5:0.0660	 hit@10: 0.1052
target: 	 mrr: 0.057194	 ndcg_5: 0.0455	 ndcg_10: 0.0619	 hit@1:0.019028	 hit@5:0.0723	 hit@10: 0.1236
epoch 19: train_loss = 1.634171, source_mrr = 0.052800, source_hit@10 = 0.1052, source_ndcg@10 = 0.0557, target_mrr = 0.057194, target_hit@10 = 0.1236, target_ndcg@10 = 0.0619

2024-08-14 04:26:56.165717: step 35200/140800 (epoch 20/80), loss = 1.634620 (620.466 sec/epoch), lr: 0.003610
Evaluating on dev set...
...................................................................................................................................................................................................................................................................................................................................................................................................................................................................................................
source: 	 mrr: 0.036833	 ndcg_5: 0.0294	 ndcg_10: 0.0384	 hit@1:0.012704	 hit@5:0.0464	 hit@10: 0.0744
target: 	 mrr: 0.043025	 ndcg_5: 0.0334	 ndcg_10: 0.0451	 hit@1:0.014481	 hit@5:0.0525	 hit@10: 0.0890
epoch 20: train_loss = 1.634620, source_mrr = 0.036833, source_hit@10 = 0.0744, source_ndcg@10 = 0.0384, target_mrr = 0.043025, target_hit@10 = 0.0890, target_ndcg@10 = 0.0451

2024-08-14 04:37:21.573868: step 36960/140800 (epoch 21/80), loss = 1.627540 (620.311 sec/epoch), lr: 0.003429
Evaluating on dev set...
...................................................................................................................................................................................................................................................................................................................................................................................................................................................................................................
source: 	 mrr: 0.048059	 ndcg_5: 0.0394	 ndcg_10: 0.0509	 hit@1:0.016686	 hit@5:0.0611	 hit@10: 0.0971
target: 	 mrr: 0.049298	 ndcg_5: 0.0381	 ndcg_10: 0.0517	 hit@1:0.015181	 hit@5:0.0614	 hit@10: 0.1037
epoch 21: train_loss = 1.627540, source_mrr = 0.048059, source_hit@10 = 0.0971, source_ndcg@10 = 0.0509, target_mrr = 0.049298, target_hit@10 = 0.1037, target_ndcg@10 = 0.0517

2024-08-14 04:47:47.835330: step 38720/140800 (epoch 22/80), loss = 1.626995 (621.103 sec/epoch), lr: 0.003429
Evaluating on dev set...
...................................................................................................................................................................................................................................................................................................................................................................................................................................................................................................
source: 	 mrr: 0.056641	 ndcg_5: 0.0473	 ndcg_10: 0.0604	 hit@1:0.022282	 hit@5:0.0723	 hit@10: 0.1132
target: 	 mrr: 0.038190	 ndcg_5: 0.0282	 ndcg_10: 0.0387	 hit@1:0.011718	 hit@5:0.0451	 hit@10: 0.0775
source best!
....................................................................................................................................................................................................
source: 	 mrr: 0.056686	 ndcg_5: 0.0477	 ndcg_10: 0.0611	 hit@1:0.021301	 hit@5:0.0738	 hit@10: 0.1157
epoch 22: train_loss = 1.626995, source_mrr = 0.056686, source_hit@10 = 0.1157, source_ndcg@10 = 0.0611, target_mrr = 0.038190, target_hit@10 = 0.0775, target_ndcg@10 = 0.0387

2024-08-14 04:58:14.814161: step 40480/140800 (epoch 23/80), loss = 1.621851 (619.905 sec/epoch), lr: 0.003258
Evaluating on dev set...
...................................................................................................................................................................................................................................................................................................................................................................................................................................................................................................
source: 	 mrr: 0.049859	 ndcg_5: 0.0406	 ndcg_10: 0.0528	 hit@1:0.018097	 hit@5:0.0629	 hit@10: 0.1012
target: 	 mrr: 0.046451	 ndcg_5: 0.0364	 ndcg_10: 0.0485	 hit@1:0.014341	 hit@5:0.0587	 hit@10: 0.0964
epoch 23: train_loss = 1.621851, source_mrr = 0.049859, source_hit@10 = 0.1012, source_ndcg@10 = 0.0528, target_mrr = 0.046451, target_hit@10 = 0.0964, target_ndcg@10 = 0.0485

2024-08-14 05:08:40.047558: step 42240/140800 (epoch 24/80), loss = 1.620133 (620.174 sec/epoch), lr: 0.003258
Evaluating on dev set...
...................................................................................................................................................................................................................................................................................................................................................................................................................................................................................................
source: 	 mrr: 0.050405	 ndcg_5: 0.0410	 ndcg_10: 0.0534	 hit@1:0.017997	 hit@5:0.0636	 hit@10: 0.1020
target: 	 mrr: 0.045599	 ndcg_5: 0.0344	 ndcg_10: 0.0484	 hit@1:0.013886	 hit@5:0.0554	 hit@10: 0.0991
epoch 24: train_loss = 1.620133, source_mrr = 0.050405, source_hit@10 = 0.1020, source_ndcg@10 = 0.0534, target_mrr = 0.045599, target_hit@10 = 0.0991, target_ndcg@10 = 0.0484

2024-08-14 05:19:04.894688: step 44000/140800 (epoch 25/80), loss = 1.613954 (619.672 sec/epoch), lr: 0.003095
Evaluating on dev set...
...................................................................................................................................................................................................................................................................................................................................................................................................................................................................................................
source: 	 mrr: 0.056466	 ndcg_5: 0.0462	 ndcg_10: 0.0604	 hit@1:0.020769	 hit@5:0.0717	 hit@10: 0.1157
target: 	 mrr: 0.047215	 ndcg_5: 0.0380	 ndcg_10: 0.0503	 hit@1:0.015845	 hit@5:0.0604	 hit@10: 0.0990
epoch 25: train_loss = 1.613954, source_mrr = 0.056466, source_hit@10 = 0.1157, source_ndcg@10 = 0.0604, target_mrr = 0.047215, target_hit@10 = 0.0990, target_ndcg@10 = 0.0503

2024-08-14 05:29:30.199272: step 45760/140800 (epoch 26/80), loss = 1.612383 (620.213 sec/epoch), lr: 0.003095
Evaluating on dev set...
...................................................................................................................................................................................................................................................................................................................................................................................................................................................................................................
source: 	 mrr: 0.056978	 ndcg_5: 0.0472	 ndcg_10: 0.0614	 hit@1:0.021374	 hit@5:0.0730	 hit@10: 0.1172
target: 	 mrr: 0.051711	 ndcg_5: 0.0403	 ndcg_10: 0.0561	 hit@1:0.014691	 hit@5:0.0663	 hit@10: 0.1157
source best!
....................................................................................................................................................................................................
source: 	 mrr: 0.059384	 ndcg_5: 0.0493	 ndcg_10: 0.0633	 hit@1:0.023843	 hit@5:0.0746	 hit@10: 0.1181
epoch 26: train_loss = 1.612383, source_mrr = 0.059384, source_hit@10 = 0.1181, source_ndcg@10 = 0.0633, target_mrr = 0.051711, target_hit@10 = 0.1157, target_ndcg@10 = 0.0561

2024-08-14 05:39:57.553648: step 47520/140800 (epoch 27/80), loss = 1.609334 (620.279 sec/epoch), lr: 0.003095
Evaluating on dev set...
...................................................................................................................................................................................................................................................................................................................................................................................................................................................................................................
source: 	 mrr: 0.059911	 ndcg_5: 0.0498	 ndcg_10: 0.0652	 hit@1:0.021727	 hit@5:0.0778	 hit@10: 0.1257
target: 	 mrr: 0.046562	 ndcg_5: 0.0373	 ndcg_10: 0.0495	 hit@1:0.015845	 hit@5:0.0589	 hit@10: 0.0968
source best!
....................................................................................................................................................................................................
source: 	 mrr: 0.059859	 ndcg_5: 0.0498	 ndcg_10: 0.0653	 hit@1:0.021810	 hit@5:0.0778	 hit@10: 0.1262
epoch 27: train_loss = 1.609334, source_mrr = 0.059859, source_hit@10 = 0.1262, source_ndcg@10 = 0.0653, target_mrr = 0.046562, target_hit@10 = 0.0968, target_ndcg@10 = 0.0495

2024-08-14 05:50:24.563061: step 49280/140800 (epoch 28/80), loss = 1.603714 (619.965 sec/epoch), lr: 0.002940
Evaluating on dev set...
...................................................................................................................................................................................................................................................................................................................................................................................................................................................................................................
source: 	 mrr: 0.055723	 ndcg_5: 0.0465	 ndcg_10: 0.0604	 hit@1:0.020618	 hit@5:0.0727	 hit@10: 0.1164
target: 	 mrr: 0.059608	 ndcg_5: 0.0489	 ndcg_10: 0.0652	 hit@1:0.019938	 hit@5:0.0785	 hit@10: 0.1294
epoch 28: train_loss = 1.603714, source_mrr = 0.055723, source_hit@10 = 0.1164, source_ndcg@10 = 0.0604, target_mrr = 0.059608, target_hit@10 = 0.1294, target_ndcg@10 = 0.0652

2024-08-14 06:00:50.036746: step 51040/140800 (epoch 29/80), loss = 1.601326 (620.362 sec/epoch), lr: 0.002940
Evaluating on dev set...
...................................................................................................................................................................................................................................................................................................................................................................................................................................................................................................
source: 	 mrr: 0.057426	 ndcg_5: 0.0475	 ndcg_10: 0.0620	 hit@1:0.020870	 hit@5:0.0740	 hit@10: 0.1194
target: 	 mrr: 0.056030	 ndcg_5: 0.0452	 ndcg_10: 0.0609	 hit@1:0.018609	 hit@5:0.0720	 hit@10: 0.1209
epoch 29: train_loss = 1.601326, source_mrr = 0.057426, source_hit@10 = 0.1194, source_ndcg@10 = 0.0620, target_mrr = 0.056030, target_hit@10 = 0.1209, target_ndcg@10 = 0.0609

2024-08-14 06:11:14.576071: step 52800/140800 (epoch 30/80), loss = 1.597503 (619.400 sec/epoch), lr: 0.002793
Evaluating on dev set...
...................................................................................................................................................................................................................................................................................................................................................................................................................................................................................................
source: 	 mrr: 0.051930	 ndcg_5: 0.0425	 ndcg_10: 0.0549	 hit@1:0.018753	 hit@5:0.0662	 hit@10: 0.1049
target: 	 mrr: 0.051084	 ndcg_5: 0.0414	 ndcg_10: 0.0543	 hit@1:0.017035	 hit@5:0.0658	 hit@10: 0.1058
epoch 30: train_loss = 1.597503, source_mrr = 0.051930, source_hit@10 = 0.1049, source_ndcg@10 = 0.0549, target_mrr = 0.051084, target_hit@10 = 0.1058, target_ndcg@10 = 0.0543

2024-08-14 06:21:39.492521: step 54560/140800 (epoch 31/80), loss = 1.590182 (619.844 sec/epoch), lr: 0.002654
Evaluating on dev set...
...................................................................................................................................................................................................................................................................................................................................................................................................................................................................................................
source: 	 mrr: 0.063424	 ndcg_5: 0.0539	 ndcg_10: 0.0696	 hit@1:0.024449	 hit@5:0.0832	 hit@10: 0.1321
target: 	 mrr: 0.064476	 ndcg_5: 0.0540	 ndcg_10: 0.0714	 hit@1:0.021932	 hit@5:0.0866	 hit@10: 0.1408
source best!
....................................................................................................................................................................................................
source: 	 mrr: 0.064277	 ndcg_5: 0.0547	 ndcg_10: 0.0703	 hit@1:0.024708	 hit@5:0.0838	 hit@10: 0.1324
target best!
................................................................................................................................................................................................................................................................................................target: 	 mrr: 0.064649	 ndcg_5: 0.0536	 ndcg_10: 0.0720	 hit@1:0.021887	 hit@5:0.0853	 hit@10: 0.1425
epoch 31: train_loss = 1.590182, source_mrr = 0.064277, source_hit@10 = 0.1324, source_ndcg@10 = 0.0703, target_mrr = 0.064649, target_hit@10 = 0.1425, target_ndcg@10 = 0.0720

2024-08-14 06:32:09.500754: step 56320/140800 (epoch 32/80), loss = 1.588739 (619.938 sec/epoch), lr: 0.002654
Evaluating on dev set...
...................................................................................................................................................................................................................................................................................................................................................................................................................................................................................................
source: 	 mrr: 0.051768	 ndcg_5: 0.0413	 ndcg_10: 0.0551	 hit@1:0.018854	 hit@5:0.0638	 hit@10: 0.1070
target: 	 mrr: 0.055852	 ndcg_5: 0.0454	 ndcg_10: 0.0602	 hit@1:0.019063	 hit@5:0.0719	 hit@10: 0.1183
epoch 32: train_loss = 1.588739, source_mrr = 0.051768, source_hit@10 = 0.1070, source_ndcg@10 = 0.0551, target_mrr = 0.055852, target_hit@10 = 0.1183, target_ndcg@10 = 0.0602

2024-08-14 06:42:34.198132: step 58080/140800 (epoch 33/80), loss = 1.580750 (619.492 sec/epoch), lr: 0.002521
Evaluating on dev set...
...................................................................................................................................................................................................................................................................................................................................................................................................................................................................................................
source: 	 mrr: 0.054763	 ndcg_5: 0.0453	 ndcg_10: 0.0592	 hit@1:0.019257	 hit@5:0.0711	 hit@10: 0.1148
target: 	 mrr: 0.055474	 ndcg_5: 0.0448	 ndcg_10: 0.0605	 hit@1:0.017279	 hit@5:0.0723	 hit@10: 0.1213
epoch 33: train_loss = 1.580750, source_mrr = 0.054763, source_hit@10 = 0.1148, source_ndcg@10 = 0.0592, target_mrr = 0.055474, target_hit@10 = 0.1213, target_ndcg@10 = 0.0605

2024-08-14 06:52:59.807234: step 59840/140800 (epoch 34/80), loss = 1.579909 (620.510 sec/epoch), lr: 0.002521
Evaluating on dev set...
...................................................................................................................................................................................................................................................................................................................................................................................................................................................................................................
source: 	 mrr: 0.040431	 ndcg_5: 0.0312	 ndcg_10: 0.0423	 hit@1:0.013510	 hit@5:0.0493	 hit@10: 0.0838
target: 	 mrr: 0.055769	 ndcg_5: 0.0451	 ndcg_10: 0.0602	 hit@1:0.019413	 hit@5:0.0713	 hit@10: 0.1181
epoch 34: train_loss = 1.579909, source_mrr = 0.040431, source_hit@10 = 0.0838, source_ndcg@10 = 0.0423, target_mrr = 0.055769, target_hit@10 = 0.1181, target_ndcg@10 = 0.0602

2024-08-14 07:03:24.674276: step 61600/140800 (epoch 35/80), loss = 1.574057 (619.747 sec/epoch), lr: 0.002395
Evaluating on dev set...
...................................................................................................................................................................................................................................................................................................................................................................................................................................................................................................
source: 	 mrr: 0.057516	 ndcg_5: 0.0475	 ndcg_10: 0.0616	 hit@1:0.021929	 hit@5:0.0731	 hit@10: 0.1169
target: 	 mrr: 0.060153	 ndcg_5: 0.0491	 ndcg_10: 0.0657	 hit@1:0.020532	 hit@5:0.0788	 hit@10: 0.1304
epoch 35: train_loss = 1.574057, source_mrr = 0.057516, source_hit@10 = 0.1169, source_ndcg@10 = 0.0616, target_mrr = 0.060153, target_hit@10 = 0.1304, target_ndcg@10 = 0.0657

2024-08-14 07:13:49.084149: step 63360/140800 (epoch 36/80), loss = 1.571979 (619.222 sec/epoch), lr: 0.002395
Evaluating on dev set...
...................................................................................................................................................................................................................................................................................................................................................................................................................................................................................................
source: 	 mrr: 0.050201	 ndcg_5: 0.0403	 ndcg_10: 0.0535	 hit@1:0.016736	 hit@5:0.0638	 hit@10: 0.1051
target: 	 mrr: 0.063485	 ndcg_5: 0.0520	 ndcg_10: 0.0698	 hit@1:0.021582	 hit@5:0.0825	 hit@10: 0.1380
epoch 36: train_loss = 1.571979, source_mrr = 0.050201, source_hit@10 = 0.1051, source_ndcg@10 = 0.0535, target_mrr = 0.063485, target_hit@10 = 0.1380, target_ndcg@10 = 0.0698

2024-08-14 07:24:14.360321: step 65120/140800 (epoch 37/80), loss = 1.565400 (620.161 sec/epoch), lr: 0.002275
Evaluating on dev set...
...................................................................................................................................................................................................................................................................................................................................................................................................................................................................................................
source: 	 mrr: 0.056884	 ndcg_5: 0.0473	 ndcg_10: 0.0615	 hit@1:0.021021	 hit@5:0.0739	 hit@10: 0.1180
target: 	 mrr: 0.059688	 ndcg_5: 0.0485	 ndcg_10: 0.0652	 hit@1:0.020462	 hit@5:0.0772	 hit@10: 0.1293
epoch 37: train_loss = 1.565400, source_mrr = 0.056884, source_hit@10 = 0.1180, source_ndcg@10 = 0.0615, target_mrr = 0.059688, target_hit@10 = 0.1293, target_ndcg@10 = 0.0652

2024-08-14 07:34:38.953238: step 66880/140800 (epoch 38/80), loss = 1.562732 (619.495 sec/epoch), lr: 0.002275
Evaluating on dev set...
...................................................................................................................................................................................................................................................................................................................................................................................................................................................................................................
source: 	 mrr: 0.057906	 ndcg_5: 0.0478	 ndcg_10: 0.0625	 hit@1:0.021223	 hit@5:0.0743	 hit@10: 0.1202
target: 	 mrr: 0.057624	 ndcg_5: 0.0464	 ndcg_10: 0.0623	 hit@1:0.019308	 hit@5:0.0733	 hit@10: 0.1227
epoch 38: train_loss = 1.562732, source_mrr = 0.057906, source_hit@10 = 0.1202, source_ndcg@10 = 0.0625, target_mrr = 0.057624, target_hit@10 = 0.1227, target_ndcg@10 = 0.0623

2024-08-14 07:45:04.458572: step 68640/140800 (epoch 39/80), loss = 1.556867 (620.334 sec/epoch), lr: 0.002161
Evaluating on dev set...
...................................................................................................................................................................................................................................................................................................................................................................................................................................................................................................
source: 	 mrr: 0.059623	 ndcg_5: 0.0496	 ndcg_10: 0.0641	 hit@1:0.022836	 hit@5:0.0765	 hit@10: 0.1214
target: 	 mrr: 0.069037	 ndcg_5: 0.0584	 ndcg_10: 0.0774	 hit@1:0.025709	 hit@5:0.0914	 hit@10: 0.1503
target best!
................................................................................................................................................................................................................................................................................................target: 	 mrr: 0.067979	 ndcg_5: 0.0583	 ndcg_10: 0.0758	 hit@1:0.024553	 hit@5:0.0921	 hit@10: 0.1466
epoch 39: train_loss = 1.556867, source_mrr = 0.059623, source_hit@10 = 0.1214, source_ndcg@10 = 0.0641, target_mrr = 0.067979, target_hit@10 = 0.1466, target_ndcg@10 = 0.0758

2024-08-14 07:55:32.348028: step 70400/140800 (epoch 40/80), loss = 1.557405 (619.856 sec/epoch), lr: 0.002161
Evaluating on dev set...
...................................................................................................................................................................................................................................................................................................................................................................................................................................................................................................
source: 	 mrr: 0.054233	 ndcg_5: 0.0447	 ndcg_10: 0.0590	 hit@1:0.019509	 hit@5:0.0702	 hit@10: 0.1149
target: 	 mrr: 0.052207	 ndcg_5: 0.0413	 ndcg_10: 0.0555	 hit@1:0.017174	 hit@5:0.0661	 hit@10: 0.1107
epoch 40: train_loss = 1.557405, source_mrr = 0.054233, source_hit@10 = 0.1149, source_ndcg@10 = 0.0590, target_mrr = 0.052207, target_hit@10 = 0.1107, target_ndcg@10 = 0.0555
shift to transfer learning mode

2024-08-14 08:06:04.126948: step 72160/140800 (epoch 41/80), loss = 1.579028 (626.649 sec/epoch), lr: 0.002053
Evaluating on dev set...
...................................................................................................................................................................................................................................................................................................................................................................................................................................................................................................
source: 	 mrr: 0.054090	 ndcg_5: 0.0443	 ndcg_10: 0.0577	 hit@1:0.019509	 hit@5:0.0689	 hit@10: 0.1106
target: 	 mrr: 0.055046	 ndcg_5: 0.0440	 ndcg_10: 0.0601	 hit@1:0.017070	 hit@5:0.0715	 hit@10: 0.1216
epoch 41: train_loss = 1.579028, source_mrr = 0.054090, source_hit@10 = 0.1106, source_ndcg@10 = 0.0577, target_mrr = 0.055046, target_hit@10 = 0.1216, target_ndcg@10 = 0.0601

2024-08-14 08:16:35.391514: step 73920/140800 (epoch 42/80), loss = 1.578583 (626.058 sec/epoch), lr: 0.002053
Evaluating on dev set...
...................................................................................................................................................................................................................................................................................................................................................................................................................................................................................................
source: 	 mrr: 0.051710	 ndcg_5: 0.0416	 ndcg_10: 0.0557	 hit@1:0.017946	 hit@5:0.0654	 hit@10: 0.1089
target: 	 mrr: 0.061177	 ndcg_5: 0.0500	 ndcg_10: 0.0665	 hit@1:0.021932	 hit@5:0.0781	 hit@10: 0.1295
epoch 42: train_loss = 1.578583, source_mrr = 0.051710, source_hit@10 = 0.1089, source_ndcg@10 = 0.0557, target_mrr = 0.061177, target_hit@10 = 0.1295, target_ndcg@10 = 0.0665

2024-08-14 08:27:10.054313: step 75680/140800 (epoch 43/80), loss = 1.576503 (629.564 sec/epoch), lr: 0.002053
Evaluating on dev set...
...................................................................................................................................................................................................................................................................................................................................................................................................................................................................................................
source: 	 mrr: 0.053085	 ndcg_5: 0.0434	 ndcg_10: 0.0572	 hit@1:0.018753	 hit@5:0.0681	 hit@10: 0.1113
target: 	 mrr: 0.059800	 ndcg_5: 0.0488	 ndcg_10: 0.0652	 hit@1:0.019763	 hit@5:0.0777	 hit@10: 0.1288
epoch 43: train_loss = 1.576503, source_mrr = 0.053085, source_hit@10 = 0.1113, source_ndcg@10 = 0.0572, target_mrr = 0.059800, target_hit@10 = 0.1288, target_ndcg@10 = 0.0652

2024-08-14 08:37:41.530463: step 77440/140800 (epoch 44/80), loss = 1.572796 (626.368 sec/epoch), lr: 0.001951
Evaluating on dev set...
...................................................................................................................................................................................................................................................................................................................................................................................................................................................................................................
source: 	 mrr: 0.055548	 ndcg_5: 0.0461	 ndcg_10: 0.0597	 hit@1:0.020568	 hit@5:0.0715	 hit@10: 0.1137
target: 	 mrr: 0.057641	 ndcg_5: 0.0460	 ndcg_10: 0.0625	 hit@1:0.018783	 hit@5:0.0737	 hit@10: 0.1250
epoch 44: train_loss = 1.572796, source_mrr = 0.055548, source_hit@10 = 0.1137, source_ndcg@10 = 0.0597, target_mrr = 0.057641, target_hit@10 = 0.1250, target_ndcg@10 = 0.0625

2024-08-14 08:48:12.839109: step 79200/140800 (epoch 45/80), loss = 1.570604 (626.111 sec/epoch), lr: 0.001951
Evaluating on dev set...
...................................................................................................................................................................................................................................................................................................................................................................................................................................................................................................
source: 	 mrr: 0.044858	 ndcg_5: 0.0354	 ndcg_10: 0.0466	 hit@1:0.014821	 hit@5:0.0561	 hit@10: 0.0911
target: 	 mrr: 0.070274	 ndcg_5: 0.0591	 ndcg_10: 0.0782	 hit@1:0.025534	 hit@5:0.0931	 hit@10: 0.1525
target best!
................................................................................................................................................................................................................................................................................................target: 	 mrr: 0.070047	 ndcg_5: 0.0589	 ndcg_10: 0.0772	 hit@1:0.026146	 hit@5:0.0925	 hit@10: 0.1494
epoch 45: train_loss = 1.570604, source_mrr = 0.044858, source_hit@10 = 0.0911, source_ndcg@10 = 0.0466, target_mrr = 0.070047, target_hit@10 = 0.1494, target_ndcg@10 = 0.0772

2024-08-14 08:58:46.113196: step 80960/140800 (epoch 46/80), loss = 1.570432 (625.220 sec/epoch), lr: 0.001951
Evaluating on dev set...
...................................................................................................................................................................................................................................................................................................................................................................................................................................................................................................
source: 	 mrr: 0.055726	 ndcg_5: 0.0464	 ndcg_10: 0.0592	 hit@1:0.020719	 hit@5:0.0717	 hit@10: 0.1115
target: 	 mrr: 0.064281	 ndcg_5: 0.0535	 ndcg_10: 0.0699	 hit@1:0.023680	 hit@5:0.0835	 hit@10: 0.1345
epoch 46: train_loss = 1.570432, source_mrr = 0.055726, source_hit@10 = 0.1115, source_ndcg@10 = 0.0592, target_mrr = 0.064281, target_hit@10 = 0.1345, target_ndcg@10 = 0.0699

2024-08-14 09:09:17.041717: step 82720/140800 (epoch 47/80), loss = 1.568858 (625.838 sec/epoch), lr: 0.001951
Evaluating on dev set...
...................................................................................................................................................................................................................................................................................................................................................................................................................................................................................................
source: 	 mrr: 0.051551	 ndcg_5: 0.0420	 ndcg_10: 0.0546	 hit@1:0.019156	 hit@5:0.0647	 hit@10: 0.1042
target: 	 mrr: 0.047469	 ndcg_5: 0.0374	 ndcg_10: 0.0507	 hit@1:0.015146	 hit@5:0.0598	 hit@10: 0.1012
epoch 47: train_loss = 1.568858, source_mrr = 0.051551, source_hit@10 = 0.1042, source_ndcg@10 = 0.0546, target_mrr = 0.047469, target_hit@10 = 0.1012, target_ndcg@10 = 0.0507

2024-08-14 09:19:47.541935: step 84480/140800 (epoch 48/80), loss = 1.566183 (625.338 sec/epoch), lr: 0.001853
Evaluating on dev set...
...................................................................................................................................................................................................................................................................................................................................................................................................................................................................................................
source: 	 mrr: 0.049641	 ndcg_5: 0.0400	 ndcg_10: 0.0519	 hit@1:0.018400	 hit@5:0.0616	 hit@10: 0.0987
target: 	 mrr: 0.068342	 ndcg_5: 0.0570	 ndcg_10: 0.0755	 hit@1:0.023960	 hit@5:0.0900	 hit@10: 0.1476
epoch 48: train_loss = 1.566183, source_mrr = 0.049641, source_hit@10 = 0.0987, source_ndcg@10 = 0.0519, target_mrr = 0.068342, target_hit@10 = 0.1476, target_ndcg@10 = 0.0755

2024-08-14 09:30:17.996525: step 86240/140800 (epoch 49/80), loss = 1.564564 (625.359 sec/epoch), lr: 0.001853
Evaluating on dev set...
...................................................................................................................................................................................................................................................................................................................................................................................................................................................................................................
source: 	 mrr: 0.055771	 ndcg_5: 0.0456	 ndcg_10: 0.0594	 hit@1:0.020870	 hit@5:0.0705	 hit@10: 0.1135
target: 	 mrr: 0.064898	 ndcg_5: 0.0532	 ndcg_10: 0.0705	 hit@1:0.023401	 hit@5:0.0831	 hit@10: 0.1371
epoch 49: train_loss = 1.564564, source_mrr = 0.055771, source_hit@10 = 0.1135, source_ndcg@10 = 0.0594, target_mrr = 0.064898, target_hit@10 = 0.1371, target_ndcg@10 = 0.0705

2024-08-14 09:40:49.528917: step 88000/140800 (epoch 50/80), loss = 1.563337 (626.418 sec/epoch), lr: 0.001853
Evaluating on dev set...
...................................................................................................................................................................................................................................................................................................................................................................................................................................................................................................
source: 	 mrr: 0.048208	 ndcg_5: 0.0389	 ndcg_10: 0.0510	 hit@1:0.016283	 hit@5:0.0615	 hit@10: 0.0991
target: 	 mrr: 0.060621	 ndcg_5: 0.0493	 ndcg_10: 0.0666	 hit@1:0.020427	 hit@5:0.0779	 hit@10: 0.1319
epoch 50: train_loss = 1.563337, source_mrr = 0.048208, source_hit@10 = 0.0991, source_ndcg@10 = 0.0510, target_mrr = 0.060621, target_hit@10 = 0.1319, target_ndcg@10 = 0.0666

2024-08-14 09:51:22.266420: step 89760/140800 (epoch 51/80), loss = 1.559005 (627.395 sec/epoch), lr: 0.001761
Evaluating on dev set...
...................................................................................................................................................................................................................................................................................................................................................................................................................................................................................................
source: 	 mrr: 0.063120	 ndcg_5: 0.0528	 ndcg_10: 0.0679	 hit@1:0.025105	 hit@5:0.0803	 hit@10: 0.1272
target: 	 mrr: 0.065934	 ndcg_5: 0.0544	 ndcg_10: 0.0726	 hit@1:0.023436	 hit@5:0.0860	 hit@10: 0.1426
epoch 51: train_loss = 1.559005, source_mrr = 0.063120, source_hit@10 = 0.1272, source_ndcg@10 = 0.0679, target_mrr = 0.065934, target_hit@10 = 0.1426, target_ndcg@10 = 0.0726

2024-08-14 10:01:54.264105: step 91520/140800 (epoch 52/80), loss = 1.558535 (626.865 sec/epoch), lr: 0.001761
Evaluating on dev set...
...................................................................................................................................................................................................................................................................................................................................................................................................................................................................................................
source: 	 mrr: 0.051258	 ndcg_5: 0.0418	 ndcg_10: 0.0545	 hit@1:0.018299	 hit@5:0.0653	 hit@10: 0.1048
target: 	 mrr: 0.057260	 ndcg_5: 0.0459	 ndcg_10: 0.0626	 hit@1:0.019238	 hit@5:0.0727	 hit@10: 0.1247
epoch 52: train_loss = 1.558535, source_mrr = 0.051258, source_hit@10 = 0.1048, source_ndcg@10 = 0.0545, target_mrr = 0.057260, target_hit@10 = 0.1247, target_ndcg@10 = 0.0626

2024-08-14 10:12:24.807436: step 93280/140800 (epoch 53/80), loss = 1.555635 (625.413 sec/epoch), lr: 0.001672
Evaluating on dev set...
...................................................................................................................................................................................................................................................................................................................................................................................................................................................................................................
source: 	 mrr: 0.046502	 ndcg_5: 0.0366	 ndcg_10: 0.0486	 hit@1:0.014770	 hit@5:0.0579	 hit@10: 0.0953
target: 	 mrr: 0.066245	 ndcg_5: 0.0550	 ndcg_10: 0.0734	 hit@1:0.022806	 hit@5:0.0876	 hit@10: 0.1452
epoch 53: train_loss = 1.555635, source_mrr = 0.046502, source_hit@10 = 0.0953, source_ndcg@10 = 0.0486, target_mrr = 0.066245, target_hit@10 = 0.1452, target_ndcg@10 = 0.0734

2024-08-14 10:22:55.782977: step 95040/140800 (epoch 54/80), loss = 1.554189 (625.867 sec/epoch), lr: 0.001672
Evaluating on dev set...
...................................................................................................................................................................................................................................................................................................................................................................................................................................................................................................
source: 	 mrr: 0.046880	 ndcg_5: 0.0368	 ndcg_10: 0.0496	 hit@1:0.015527	 hit@5:0.0582	 hit@10: 0.0978
target: 	 mrr: 0.065488	 ndcg_5: 0.0537	 ndcg_10: 0.0730	 hit@1:0.021827	 hit@5:0.0857	 hit@10: 0.1455
epoch 54: train_loss = 1.554189, source_mrr = 0.046880, source_hit@10 = 0.0978, source_ndcg@10 = 0.0496, target_mrr = 0.065488, target_hit@10 = 0.1455, target_ndcg@10 = 0.0730

2024-08-14 10:33:27.863483: step 96800/140800 (epoch 55/80), loss = 1.551000 (626.766 sec/epoch), lr: 0.001589
Evaluating on dev set...
...................................................................................................................................................................................................................................................................................................................................................................................................................................................................................................
source: 	 mrr: 0.052415	 ndcg_5: 0.0428	 ndcg_10: 0.0559	 hit@1:0.019156	 hit@5:0.0667	 hit@10: 0.1071
target: 	 mrr: 0.054740	 ndcg_5: 0.0442	 ndcg_10: 0.0588	 hit@1:0.018888	 hit@5:0.0692	 hit@10: 0.1149
epoch 55: train_loss = 1.551000, source_mrr = 0.052415, source_hit@10 = 0.1071, source_ndcg@10 = 0.0559, target_mrr = 0.054740, target_hit@10 = 0.1149, target_ndcg@10 = 0.0588

2024-08-14 10:44:00.103853: step 98560/140800 (epoch 56/80), loss = 1.546354 (627.043 sec/epoch), lr: 0.001509
Evaluating on dev set...
...................................................................................................................................................................................................................................................................................................................................................................................................................................................................................................
source: 	 mrr: 0.051899	 ndcg_5: 0.0422	 ndcg_10: 0.0553	 hit@1:0.018299	 hit@5:0.0662	 hit@10: 0.1070
target: 	 mrr: 0.057516	 ndcg_5: 0.0467	 ndcg_10: 0.0627	 hit@1:0.019273	 hit@5:0.0744	 hit@10: 0.1240
epoch 56: train_loss = 1.546354, source_mrr = 0.051899, source_hit@10 = 0.1070, source_ndcg@10 = 0.0553, target_mrr = 0.057516, target_hit@10 = 0.1240, target_ndcg@10 = 0.0627

2024-08-14 10:54:29.844033: step 100320/140800 (epoch 57/80), loss = 1.544225 (624.648 sec/epoch), lr: 0.001509
Evaluating on dev set...
...................................................................................................................................................................................................................................................................................................................................................................................................................................................................................................
source: 	 mrr: 0.053496	 ndcg_5: 0.0437	 ndcg_10: 0.0570	 hit@1:0.018350	 hit@5:0.0686	 hit@10: 0.1099
target: 	 mrr: 0.062524	 ndcg_5: 0.0509	 ndcg_10: 0.0678	 hit@1:0.021722	 hit@5:0.0805	 hit@10: 0.1331
epoch 57: train_loss = 1.544225, source_mrr = 0.053496, source_hit@10 = 0.1099, source_ndcg@10 = 0.0570, target_mrr = 0.062524, target_hit@10 = 0.1331, target_ndcg@10 = 0.0678

2024-08-14 11:05:00.608931: step 102080/140800 (epoch 58/80), loss = 1.545296 (625.605 sec/epoch), lr: 0.001509
Evaluating on dev set...
...................................................................................................................................................................................................................................................................................................................................................................................................................................................................................................
source: 	 mrr: 0.054840	 ndcg_5: 0.0451	 ndcg_10: 0.0594	 hit@1:0.019811	 hit@5:0.0708	 hit@10: 0.1151
target: 	 mrr: 0.045900	 ndcg_5: 0.0355	 ndcg_10: 0.0481	 hit@1:0.013607	 hit@5:0.0579	 hit@10: 0.0974
epoch 58: train_loss = 1.545296, source_mrr = 0.054840, source_hit@10 = 0.1151, source_ndcg@10 = 0.0594, target_mrr = 0.045900, target_hit@10 = 0.0974, target_ndcg@10 = 0.0481

2024-08-14 11:15:31.448853: step 103840/140800 (epoch 59/80), loss = 1.540296 (625.714 sec/epoch), lr: 0.001434
Evaluating on dev set...
...................................................................................................................................................................................................................................................................................................................................................................................................................................................................................................
source: 	 mrr: 0.054913	 ndcg_5: 0.0449	 ndcg_10: 0.0591	 hit@1:0.019358	 hit@5:0.0704	 hit@10: 0.1147
target: 	 mrr: 0.069720	 ndcg_5: 0.0580	 ndcg_10: 0.0770	 hit@1:0.025429	 hit@5:0.0906	 hit@10: 0.1499
epoch 59: train_loss = 1.540296, source_mrr = 0.054913, source_hit@10 = 0.1147, source_ndcg@10 = 0.0591, target_mrr = 0.069720, target_hit@10 = 0.1499, target_ndcg@10 = 0.0770

2024-08-14 11:26:03.084764: step 105600/140800 (epoch 60/80), loss = 1.538859 (626.439 sec/epoch), lr: 0.001434
Evaluating on dev set...
...................................................................................................................................................................................................................................................................................................................................................................................................................................................................................................
source: 	 mrr: 0.054930	 ndcg_5: 0.0451	 ndcg_10: 0.0582	 hit@1:0.020719	 hit@5:0.0694	 hit@10: 0.1102
target: 	 mrr: 0.070810	 ndcg_5: 0.0595	 ndcg_10: 0.0787	 hit@1:0.025359	 hit@5:0.0940	 hit@10: 0.1538
target best!
................................................................................................................................................................................................................................................................................................target: 	 mrr: 0.070768	 ndcg_5: 0.0593	 ndcg_10: 0.0784	 hit@1:0.025384	 hit@5:0.0934	 hit@10: 0.1527
epoch 60: train_loss = 1.538859, source_mrr = 0.054930, source_hit@10 = 0.1102, source_ndcg@10 = 0.0582, target_mrr = 0.070768, target_hit@10 = 0.1527, target_ndcg@10 = 0.0784

2024-08-14 11:36:37.235747: step 107360/140800 (epoch 61/80), loss = 1.538007 (626.130 sec/epoch), lr: 0.001434
Evaluating on dev set...
...................................................................................................................................................................................................................................................................................................................................................................................................................................................................................................
source: 	 mrr: 0.060068	 ndcg_5: 0.0497	 ndcg_10: 0.0650	 hit@1:0.022534	 hit@5:0.0761	 hit@10: 0.1237
target: 	 mrr: 0.064072	 ndcg_5: 0.0529	 ndcg_10: 0.0702	 hit@1:0.022421	 hit@5:0.0840	 hit@10: 0.1378
epoch 61: train_loss = 1.538007, source_mrr = 0.060068, source_hit@10 = 0.1237, source_ndcg@10 = 0.0650, target_mrr = 0.064072, target_hit@10 = 0.1378, target_ndcg@10 = 0.0702

2024-08-14 11:47:08.265389: step 109120/140800 (epoch 62/80), loss = 1.533910 (625.845 sec/epoch), lr: 0.001362
Evaluating on dev set...
...................................................................................................................................................................................................................................................................................................................................................................................................................................................................................................
source: 	 mrr: 0.056945	 ndcg_5: 0.0477	 ndcg_10: 0.0616	 hit@1:0.020416	 hit@5:0.0742	 hit@10: 0.1172
target: 	 mrr: 0.064639	 ndcg_5: 0.0532	 ndcg_10: 0.0714	 hit@1:0.022596	 hit@5:0.0843	 hit@10: 0.1410
epoch 62: train_loss = 1.533910, source_mrr = 0.056945, source_hit@10 = 0.1172, source_ndcg@10 = 0.0616, target_mrr = 0.064639, target_hit@10 = 0.1410, target_ndcg@10 = 0.0714

2024-08-14 11:57:38.792397: step 110880/140800 (epoch 63/80), loss = 1.530812 (625.446 sec/epoch), lr: 0.001294
Evaluating on dev set...
...................................................................................................................................................................................................................................................................................................................................................................................................................................................................................................
source: 	 mrr: 0.056127	 ndcg_5: 0.0463	 ndcg_10: 0.0605	 hit@1:0.020517	 hit@5:0.0715	 hit@10: 0.1157
target: 	 mrr: 0.057724	 ndcg_5: 0.0480	 ndcg_10: 0.0632	 hit@1:0.019868	 hit@5:0.0763	 hit@10: 0.1236
epoch 63: train_loss = 1.530812, source_mrr = 0.056127, source_hit@10 = 0.1157, source_ndcg@10 = 0.0605, target_mrr = 0.057724, target_hit@10 = 0.1236, target_ndcg@10 = 0.0632

2024-08-14 12:08:09.199847: step 112640/140800 (epoch 64/80), loss = 1.525759 (625.193 sec/epoch), lr: 0.001229
Evaluating on dev set...
...................................................................................................................................................................................................................................................................................................................................................................................................................................................................................................
source: 	 mrr: 0.064212	 ndcg_5: 0.0542	 ndcg_10: 0.0702	 hit@1:0.024651	 hit@5:0.0841	 hit@10: 0.1340
target: 	 mrr: 0.057072	 ndcg_5: 0.0457	 ndcg_10: 0.0620	 hit@1:0.018818	 hit@5:0.0730	 hit@10: 0.1236
source best!
....................................................................................................................................................................................................
source: 	 mrr: 0.066133	 ndcg_5: 0.0563	 ndcg_10: 0.0726	 hit@1:0.025674	 hit@5:0.0866	 hit@10: 0.1374
epoch 64: train_loss = 1.525759, source_mrr = 0.066133, source_hit@10 = 0.1374, source_ndcg@10 = 0.0726, target_mrr = 0.057072, target_hit@10 = 0.1236, target_ndcg@10 = 0.0620

2024-08-14 12:18:42.360946: step 114400/140800 (epoch 65/80), loss = 1.523775 (625.968 sec/epoch), lr: 0.001229
Evaluating on dev set...
...................................................................................................................................................................................................................................................................................................................................................................................................................................................................................................
source: 	 mrr: 0.056147	 ndcg_5: 0.0465	 ndcg_10: 0.0609	 hit@1:0.020820	 hit@5:0.0721	 hit@10: 0.1170
target: 	 mrr: 0.061734	 ndcg_5: 0.0505	 ndcg_10: 0.0681	 hit@1:0.019973	 hit@5:0.0812	 hit@10: 0.1362
epoch 65: train_loss = 1.523775, source_mrr = 0.056147, source_hit@10 = 0.1170, source_ndcg@10 = 0.0609, target_mrr = 0.061734, target_hit@10 = 0.1362, target_ndcg@10 = 0.0681

2024-08-14 12:29:13.156785: step 116160/140800 (epoch 66/80), loss = 1.519264 (625.703 sec/epoch), lr: 0.001168
Evaluating on dev set...
...................................................................................................................................................................................................................................................................................................................................................................................................................................................................................................
source: 	 mrr: 0.054964	 ndcg_5: 0.0451	 ndcg_10: 0.0598	 hit@1:0.019207	 hit@5:0.0711	 hit@10: 0.1168
target: 	 mrr: 0.061208	 ndcg_5: 0.0499	 ndcg_10: 0.0669	 hit@1:0.020777	 hit@5:0.0791	 hit@10: 0.1316
epoch 66: train_loss = 1.519264, source_mrr = 0.054964, source_hit@10 = 0.1168, source_ndcg@10 = 0.0598, target_mrr = 0.061208, target_hit@10 = 0.1316, target_ndcg@10 = 0.0669

2024-08-14 12:39:44.585365: step 117920/140800 (epoch 67/80), loss = 1.516880 (626.329 sec/epoch), lr: 0.001110
Evaluating on dev set...
...................................................................................................................................................................................................................................................................................................................................................................................................................................................................................................
source: 	 mrr: 0.057659	 ndcg_5: 0.0476	 ndcg_10: 0.0625	 hit@1:0.021021	 hit@5:0.0745	 hit@10: 0.1208
target: 	 mrr: 0.056976	 ndcg_5: 0.0458	 ndcg_10: 0.0619	 hit@1:0.019028	 hit@5:0.0731	 hit@10: 0.1235
epoch 67: train_loss = 1.516880, source_mrr = 0.057659, source_hit@10 = 0.1208, source_ndcg@10 = 0.0625, target_mrr = 0.056976, target_hit@10 = 0.1235, target_ndcg@10 = 0.0619

2024-08-14 12:50:15.297064: step 119680/140800 (epoch 68/80), loss = 1.512123 (625.598 sec/epoch), lr: 0.001054
Evaluating on dev set...
...................................................................................................................................................................................................................................................................................................................................................................................................................................................................................................
source: 	 mrr: 0.046586	 ndcg_5: 0.0369	 ndcg_10: 0.0487	 hit@1:0.017039	 hit@5:0.0568	 hit@10: 0.0934
target: 	 mrr: 0.064126	 ndcg_5: 0.0521	 ndcg_10: 0.0705	 hit@1:0.023366	 hit@5:0.0814	 hit@10: 0.1387
epoch 68: train_loss = 1.512123, source_mrr = 0.046586, source_hit@10 = 0.0934, source_ndcg@10 = 0.0487, target_mrr = 0.064126, target_hit@10 = 0.1387, target_ndcg@10 = 0.0705

2024-08-14 13:00:48.306107: step 121440/140800 (epoch 69/80), loss = 1.507363 (627.723 sec/epoch), lr: 0.001001
Evaluating on dev set...
...................................................................................................................................................................................................................................................................................................................................................................................................................................................................................................
source: 	 mrr: 0.068837	 ndcg_5: 0.0589	 ndcg_10: 0.0759	 hit@1:0.027575	 hit@5:0.0907	 hit@10: 0.1440
target: 	 mrr: 0.064359	 ndcg_5: 0.0538	 ndcg_10: 0.0713	 hit@1:0.022561	 hit@5:0.0852	 hit@10: 0.1401
source best!
....................................................................................................................................................................................................
source: 	 mrr: 0.069504	 ndcg_5: 0.0597	 ndcg_10: 0.0766	 hit@1:0.027300	 hit@5:0.0918	 hit@10: 0.1445
epoch 69: train_loss = 1.507363, source_mrr = 0.069504, source_hit@10 = 0.1445, source_ndcg@10 = 0.0766, target_mrr = 0.064359, target_hit@10 = 0.1401, target_ndcg@10 = 0.0713

2024-08-14 13:11:22.699300: step 123200/140800 (epoch 70/80), loss = 1.505368 (627.259 sec/epoch), lr: 0.001001
Evaluating on dev set...
...................................................................................................................................................................................................................................................................................................................................................................................................................................................................................................
source: 	 mrr: 0.057634	 ndcg_5: 0.0485	 ndcg_10: 0.0624	 hit@1:0.021273	 hit@5:0.0753	 hit@10: 0.1185
target: 	 mrr: 0.067270	 ndcg_5: 0.0565	 ndcg_10: 0.0743	 hit@1:0.025115	 hit@5:0.0883	 hit@10: 0.1440
epoch 70: train_loss = 1.505368, source_mrr = 0.057634, source_hit@10 = 0.1185, source_ndcg@10 = 0.0624, target_mrr = 0.067270, target_hit@10 = 0.1440, target_ndcg@10 = 0.0743

2024-08-14 13:21:55.677268: step 124960/140800 (epoch 71/80), loss = 1.501927 (627.872 sec/epoch), lr: 0.000951
Evaluating on dev set...
...................................................................................................................................................................................................................................................................................................................................................................................................................................................................................................
source: 	 mrr: 0.064827	 ndcg_5: 0.0549	 ndcg_10: 0.0705	 hit@1:0.025357	 hit@5:0.0845	 hit@10: 0.1334
target: 	 mrr: 0.071573	 ndcg_5: 0.0609	 ndcg_10: 0.0791	 hit@1:0.026933	 hit@5:0.0948	 hit@10: 0.1514
target best!
................................................................................................................................................................................................................................................................................................target: 	 mrr: 0.071096	 ndcg_5: 0.0603	 ndcg_10: 0.0785	 hit@1:0.026908	 hit@5:0.0935	 hit@10: 0.1506
epoch 71: train_loss = 1.501927, source_mrr = 0.064827, source_hit@10 = 0.1334, source_ndcg@10 = 0.0705, target_mrr = 0.071096, target_hit@10 = 0.1506, target_ndcg@10 = 0.0785

2024-08-14 13:32:30.157511: step 126720/140800 (epoch 72/80), loss = 1.500570 (626.379 sec/epoch), lr: 0.000951
Evaluating on dev set...
...................................................................................................................................................................................................................................................................................................................................................................................................................................................................................................
source: 	 mrr: 0.060577	 ndcg_5: 0.0511	 ndcg_10: 0.0654	 hit@1:0.022937	 hit@5:0.0789	 hit@10: 0.1233
target: 	 mrr: 0.069103	 ndcg_5: 0.0584	 ndcg_10: 0.0769	 hit@1:0.024695	 hit@5:0.0921	 hit@10: 0.1499
epoch 72: train_loss = 1.500570, source_mrr = 0.060577, source_hit@10 = 0.1233, source_ndcg@10 = 0.0654, target_mrr = 0.069103, target_hit@10 = 0.1499, target_ndcg@10 = 0.0769

2024-08-14 13:43:01.281865: step 128480/140800 (epoch 73/80), loss = 1.499261 (625.891 sec/epoch), lr: 0.000904
Evaluating on dev set...
...................................................................................................................................................................................................................................................................................................................................................................................................................................................................................................
source: 	 mrr: 0.069009	 ndcg_5: 0.0590	 ndcg_10: 0.0760	 hit@1:0.028381	 hit@5:0.0895	 hit@10: 0.1420
target: 	 mrr: 0.055794	 ndcg_5: 0.0452	 ndcg_10: 0.0602	 hit@1:0.019308	 hit@5:0.0714	 hit@10: 0.1182
source best!
....................................................................................................................................................................................................
source: 	 mrr: 0.069177	 ndcg_5: 0.0596	 ndcg_10: 0.0763	 hit@1:0.027300	 hit@5:0.0916	 hit@10: 0.1435
epoch 73: train_loss = 1.499261, source_mrr = 0.069177, source_hit@10 = 0.1435, source_ndcg@10 = 0.0763, target_mrr = 0.055794, target_hit@10 = 0.1182, target_ndcg@10 = 0.0602

2024-08-14 13:53:33.845734: step 130240/140800 (epoch 74/80), loss = 1.492763 (625.397 sec/epoch), lr: 0.000859
Evaluating on dev set...
...................................................................................................................................................................................................................................................................................................................................................................................................................................................................................................
source: 	 mrr: 0.067016	 ndcg_5: 0.0570	 ndcg_10: 0.0733	 hit@1:0.026919	 hit@5:0.0872	 hit@10: 0.1381
target: 	 mrr: 0.069704	 ndcg_5: 0.0587	 ndcg_10: 0.0772	 hit@1:0.025324	 hit@5:0.0917	 hit@10: 0.1492
epoch 74: train_loss = 1.492763, source_mrr = 0.067016, source_hit@10 = 0.1381, source_ndcg@10 = 0.0733, target_mrr = 0.069704, target_hit@10 = 0.1492, target_ndcg@10 = 0.0772

2024-08-14 14:04:06.092161: step 132000/140800 (epoch 75/80), loss = 1.491961 (627.124 sec/epoch), lr: 0.000859
Evaluating on dev set...
...................................................................................................................................................................................................................................................................................................................................................................................................................................................................................................
source: 	 mrr: 0.064438	 ndcg_5: 0.0544	 ndcg_10: 0.0710	 hit@1:0.024449	 hit@5:0.0841	 hit@10: 0.1359
target: 	 mrr: 0.068397	 ndcg_5: 0.0575	 ndcg_10: 0.0755	 hit@1:0.025464	 hit@5:0.0901	 hit@10: 0.1461
epoch 75: train_loss = 1.491961, source_mrr = 0.064438, source_hit@10 = 0.1359, source_ndcg@10 = 0.0710, target_mrr = 0.068397, target_hit@10 = 0.1461, target_ndcg@10 = 0.0755

2024-08-14 14:14:37.327600: step 133760/140800 (epoch 76/80), loss = 1.487967 (626.117 sec/epoch), lr: 0.000816
Evaluating on dev set...
...................................................................................................................................................................................................................................................................................................................................................................................................................................................................................................
source: 	 mrr: 0.070433	 ndcg_5: 0.0605	 ndcg_10: 0.0774	 hit@1:0.027625	 hit@5:0.0932	 hit@10: 0.1458
target: 	 mrr: 0.067617	 ndcg_5: 0.0563	 ndcg_10: 0.0745	 hit@1:0.024975	 hit@5:0.0876	 hit@10: 0.1443
source best!
....................................................................................................................................................................................................
source: 	 mrr: 0.072236	 ndcg_5: 0.0628	 ndcg_10: 0.0804	 hit@1:0.028165	 hit@5:0.0963	 hit@10: 0.1511
epoch 76: train_loss = 1.487967, source_mrr = 0.072236, source_hit@10 = 0.1511, source_ndcg@10 = 0.0804, target_mrr = 0.067617, target_hit@10 = 0.1443, target_ndcg@10 = 0.0745

2024-08-14 14:25:10.984979: step 135520/140800 (epoch 77/80), loss = 1.486849 (626.509 sec/epoch), lr: 0.000816
Evaluating on dev set...
...................................................................................................................................................................................................................................................................................................................................................................................................................................................................................................
source: 	 mrr: 0.064666	 ndcg_5: 0.0549	 ndcg_10: 0.0703	 hit@1:0.024651	 hit@5:0.0846	 hit@10: 0.1326
target: 	 mrr: 0.069369	 ndcg_5: 0.0583	 ndcg_10: 0.0769	 hit@1:0.025989	 hit@5:0.0903	 hit@10: 0.1482
epoch 77: train_loss = 1.486849, source_mrr = 0.064666, source_hit@10 = 0.1326, source_ndcg@10 = 0.0703, target_mrr = 0.069369, target_hit@10 = 0.1482, target_ndcg@10 = 0.0769

2024-08-14 14:35:38.784935: step 137280/140800 (epoch 78/80), loss = 1.483481 (622.601 sec/epoch), lr: 0.000775
Evaluating on dev set...
...................................................................................................................................................................................................................................................................................................................................................................................................................................................................................................
source: 	 mrr: 0.058249	 ndcg_5: 0.0485	 ndcg_10: 0.0631	 hit@1:0.021525	 hit@5:0.0753	 hit@10: 0.1206
target: 	 mrr: 0.065953	 ndcg_5: 0.0547	 ndcg_10: 0.0726	 hit@1:0.024660	 hit@5:0.0851	 hit@10: 0.1407
epoch 78: train_loss = 1.483481, source_mrr = 0.058249, source_hit@10 = 0.1206, source_ndcg@10 = 0.0631, target_mrr = 0.065953, target_hit@10 = 0.1407, target_ndcg@10 = 0.0726

2024-08-14 14:45:58.180920: step 139040/140800 (epoch 79/80), loss = 1.477977 (614.397 sec/epoch), lr: 0.000736
Evaluating on dev set...
...................................................................................................................................................................................................................................................................................................................................................................................................................................................................................................
source: 	 mrr: 0.069221	 ndcg_5: 0.0593	 ndcg_10: 0.0766	 hit@1:0.026970	 hit@5:0.0911	 hit@10: 0.1449
target: 	 mrr: 0.061512	 ndcg_5: 0.0514	 ndcg_10: 0.0667	 hit@1:0.022666	 hit@5:0.0799	 hit@10: 0.1275
epoch 79: train_loss = 1.477977, source_mrr = 0.069221, source_hit@10 = 0.1449, source_ndcg@10 = 0.0766, target_mrr = 0.061512, target_hit@10 = 0.1275, target_ndcg@10 = 0.0667

2024-08-14 14:56:22.234028: step 140800/140800 (epoch 80/80), loss = 1.476763 (619.074 sec/epoch), lr: 0.000736
Evaluating on dev set...
...................................................................................................................................................................................................................................................................................................................................................................................................................................................................................................
source: 	 mrr: 0.066314	 ndcg_5: 0.0564	 ndcg_10: 0.0728	 hit@1:0.026214	 hit@5:0.0863	 hit@10: 0.1373
target: 	 mrr: 0.064028	 ndcg_5: 0.0535	 ndcg_10: 0.0707	 hit@1:0.023156	 hit@5:0.0842	 hit@10: 0.1377
epoch 80: train_loss = 1.476763, source_mrr = 0.066314, source_hit@10 = 0.1373, source_ndcg@10 = 0.0728, target_mrr = 0.064028, target_hit@10 = 0.1377, target_ndcg@10 = 0.0707

source best:  source_mrr = 0.070433, source_hit@10 = 0.1458, source_ndcg@10 = 0.0774
target best:  target_mrr = 0.070810, target_hit@10 = 0.1538, target_ndcg@10 = 0.0787
