nohup: ignoring input
/home1/lhr/anaconda3/envs/torch/lib/python3.8/site-packages/torch_geometric/typing.py:54: UserWarning: An issue occurred while importing 'pyg-lib'. Disabling its usage. Stacktrace: /lib/x86_64-linux-gnu/libm.so.6: version `GLIBC_2.29' not found (required by /home1/lhr/anaconda3/envs/torch/lib/python3.8/site-packages/libpyg.so)
  warnings.warn(f"An issue occurred while importing 'pyg-lib'. "
/home1/lhr/anaconda3/envs/torch/lib/python3.8/site-packages/torch_geometric/typing.py:110: UserWarning: An issue occurred while importing 'torch-sparse'. Disabling its usage. Stacktrace: /lib/x86_64-linux-gnu/libm.so.6: version `GLIBC_2.29' not found (required by /home1/lhr/anaconda3/envs/torch/lib/python3.8/site-packages/libpyg.so)
  warnings.warn(f"An issue occurred while importing 'torch-sparse'. "
using gpu:4 to train the model
using gpu:4 to train the model
cuda:4
Namespace(A_split=False, JK='sum', a_fold=100, aggregate=False, alpha=0.5, batch_size=1024, beta_inter=0.2, conv_layers=4, cuda=True, decay_epoch=10, device=device(type='cuda', index=4), device_id='4', domains='cloth_sport', dropout=0.4, epoch=80, feature_dim=126, gamma_intra=0.8, hidden_dim=126, inter_tau=0.2, intra_tau=0.4, lambda_critic=0.1, leakey=0.05, load=False, log='logs.txt', log_epoch=1, lr=0.004, lr_decay=0.95, min_epoch=50, mode='train', model_file=None, model_name='cs', momentum=0.98, num_latent_factors=3, num_negative=100, optim='adam', patience=20, proj_layers=1, projection=1, rectify_epoch=30, residual=1, save=False, save_dir='./saved_models', seed=32, similarity_tau=0.2, step=5, test_sample_number=999, user_batch_size=256, weight_decay=0.0002)
number_user 41829
number_item 17943
/home1/lhr/invariantCDR/invariantCDR/utils/GraphMaker.py:46: RuntimeWarning: divide by zero encountered in power
  r_inv = np.power(rowsum, -1).flatten()
/home1/lhr/invariantCDR/invariantCDR/utils/GraphMaker.py:72: UserWarning: torch.sparse.SparseTensor(indices, values, shape, *, device=) is deprecated.  Please use torch.sparse_coo_tensor(indices, values, shape, dtype=, device=). (Triggered internally at /opt/conda/conda-bld/pytorch_1711403590347/work/torch/csrc/utils/tensor_new.cpp:618.)
  return torch.sparse.FloatTensor(indices, values, shape)
real graph loaded!
number_user 27328
number_item 12655
real graph loaded!
graph loaded!
Loading data from cloth_sport with batch size 1024...
unseen test: 0
test length: 3156
unseen test: 0
test length: 3085
unseen test: 0
test length: 3589
unseen test: 0
test length: 3546
source_user_num 41829
target_user_num 27328
source_item_num 17943
target_item_num 12655
shared users id: 7857
test users 990, 982
unseen test: 0
dev length: 1000
unseen test: 0
dev length: 1000
source train data : 187880, target train data: 163291, source test data : 3085, target test data : 3546, source dev data : 1000, target dev data : 1000
2024-08-12 14:10:25.005461: step 343/27440 (epoch 1/80), loss = 2.161780 (100.424 sec/epoch), lr: 0.004000
Evaluating on dev set...
..................................................................
source: 	 mrr: 0.023051	 ndcg_5: 0.0133	 ndcg_10: 0.0198	 hit@1:0.005703	 hit@5:0.0219	 hit@10: 0.0421
target: 	 mrr: 0.034192	 ndcg_5: 0.0251	 ndcg_10: 0.0351	 hit@1:0.010588	 hit@5:0.0393	 hit@10: 0.0705
source best!
..............................
source: 	 mrr: 0.025353	 ndcg_5: 0.0159	 ndcg_10: 0.0221	 hit@1:0.006807	 hit@5:0.0250	 hit@10: 0.0444
target best!
...................................target: 	 mrr: 0.033511	 ndcg_5: 0.0250	 ndcg_10: 0.0340	 hit@1:0.010716	 hit@5:0.0389	 hit@10: 0.0671
epoch 1: train_loss = 2.161780, source_mrr = 0.025353, source_hit@10 = 0.0444, source_ndcg@10 = 0.0221, target_mrr = 0.033511, target_hit@10 = 0.0671, target_ndcg@10 = 0.0340

2024-08-12 14:12:06.675567: step 686/27440 (epoch 2/80), loss = 1.942670 (98.892 sec/epoch), lr: 0.004000
Evaluating on dev set...
..................................................................
source: 	 mrr: 0.032195	 ndcg_5: 0.0229	 ndcg_10: 0.0329	 hit@1:0.009189	 hit@5:0.0368	 hit@10: 0.0681
target: 	 mrr: 0.033826	 ndcg_5: 0.0246	 ndcg_10: 0.0354	 hit@1:0.009473	 hit@5:0.0407	 hit@10: 0.0744
source best!
..............................
source: 	 mrr: 0.032817	 ndcg_5: 0.0252	 ndcg_10: 0.0333	 hit@1:0.009400	 hit@5:0.0418	 hit@10: 0.0674
epoch 2: train_loss = 1.942670, source_mrr = 0.032817, source_hit@10 = 0.0674, source_ndcg@10 = 0.0333, target_mrr = 0.033826, target_hit@10 = 0.0744, target_ndcg@10 = 0.0354

2024-08-12 14:13:48.794310: step 1029/27440 (epoch 3/80), loss = 1.881105 (100.129 sec/epoch), lr: 0.004000
Evaluating on dev set...
..................................................................
source: 	 mrr: 0.040286	 ndcg_5: 0.0324	 ndcg_10: 0.0419	 hit@1:0.014259	 hit@5:0.0504	 hit@10: 0.0802
target: 	 mrr: 0.038864	 ndcg_5: 0.0298	 ndcg_10: 0.0409	 hit@1:0.012260	 hit@5:0.0482	 hit@10: 0.0828
source best!
..............................
source: 	 mrr: 0.038156	 ndcg_5: 0.0292	 ndcg_10: 0.0398	 hit@1:0.013614	 hit@5:0.0451	 hit@10: 0.0781
target best!
...................................target: 	 mrr: 0.037478	 ndcg_5: 0.0278	 ndcg_10: 0.0397	 hit@1:0.011844	 hit@5:0.0440	 hit@10: 0.0812
epoch 3: train_loss = 1.881105, source_mrr = 0.038156, source_hit@10 = 0.0781, source_ndcg@10 = 0.0398, target_mrr = 0.037478, target_hit@10 = 0.0812, target_ndcg@10 = 0.0397

2024-08-12 14:15:30.648896: step 1372/27440 (epoch 4/80), loss = 1.856093 (98.950 sec/epoch), lr: 0.004000
Evaluating on dev set...
..................................................................
source: 	 mrr: 0.033892	 ndcg_5: 0.0243	 ndcg_10: 0.0346	 hit@1:0.010139	 hit@5:0.0390	 hit@10: 0.0710
target: 	 mrr: 0.035612	 ndcg_5: 0.0253	 ndcg_10: 0.0359	 hit@1:0.010309	 hit@5:0.0407	 hit@10: 0.0738
epoch 4: train_loss = 1.856093, source_mrr = 0.033892, source_hit@10 = 0.0710, source_ndcg@10 = 0.0346, target_mrr = 0.035612, target_hit@10 = 0.0738, target_ndcg@10 = 0.0359

2024-08-12 14:17:11.295729: step 1715/27440 (epoch 5/80), loss = 1.842730 (99.221 sec/epoch), lr: 0.004000
Evaluating on dev set...
..................................................................
source: 	 mrr: 0.029143	 ndcg_5: 0.0221	 ndcg_10: 0.0313	 hit@1:0.009506	 hit@5:0.0361	 hit@10: 0.0646
target: 	 mrr: 0.032559	 ndcg_5: 0.0252	 ndcg_10: 0.0336	 hit@1:0.008638	 hit@5:0.0437	 hit@10: 0.0699
epoch 5: train_loss = 1.842730, source_mrr = 0.029143, source_hit@10 = 0.0646, source_ndcg@10 = 0.0313, target_mrr = 0.032559, target_hit@10 = 0.0699, target_ndcg@10 = 0.0336

2024-08-12 14:18:52.292228: step 2058/27440 (epoch 6/80), loss = 1.824129 (99.464 sec/epoch), lr: 0.004000
Evaluating on dev set...
..................................................................
source: 	 mrr: 0.018820	 ndcg_5: 0.0120	 ndcg_10: 0.0183	 hit@1:0.003485	 hit@5:0.0209	 hit@10: 0.0402
target: 	 mrr: 0.037889	 ndcg_5: 0.0285	 ndcg_10: 0.0394	 hit@1:0.010031	 hit@5:0.0474	 hit@10: 0.0814
epoch 6: train_loss = 1.824129, source_mrr = 0.018820, source_hit@10 = 0.0402, source_ndcg@10 = 0.0183, target_mrr = 0.037889, target_hit@10 = 0.0814, target_ndcg@10 = 0.0394

2024-08-12 14:20:32.707514: step 2401/27440 (epoch 7/80), loss = 1.810233 (98.967 sec/epoch), lr: 0.004000
Evaluating on dev set...
..................................................................
source: 	 mrr: 0.017637	 ndcg_5: 0.0112	 ndcg_10: 0.0153	 hit@1:0.005070	 hit@5:0.0177	 hit@10: 0.0304
target: 	 mrr: 0.032791	 ndcg_5: 0.0250	 ndcg_10: 0.0356	 hit@1:0.008359	 hit@5:0.0426	 hit@10: 0.0755
epoch 7: train_loss = 1.810233, source_mrr = 0.017637, source_hit@10 = 0.0304, source_ndcg@10 = 0.0153, target_mrr = 0.032791, target_hit@10 = 0.0755, target_ndcg@10 = 0.0356

2024-08-12 14:22:11.975847: step 2744/27440 (epoch 8/80), loss = 1.804709 (97.810 sec/epoch), lr: 0.004000
Evaluating on dev set...
..................................................................
source: 	 mrr: 0.024811	 ndcg_5: 0.0163	 ndcg_10: 0.0246	 hit@1:0.006654	 hit@5:0.0266	 hit@10: 0.0523
target: 	 mrr: 0.032267	 ndcg_5: 0.0236	 ndcg_10: 0.0336	 hit@1:0.008638	 hit@5:0.0387	 hit@10: 0.0699
epoch 8: train_loss = 1.804709, source_mrr = 0.024811, source_hit@10 = 0.0523, source_ndcg@10 = 0.0246, target_mrr = 0.032267, target_hit@10 = 0.0699, target_ndcg@10 = 0.0336

2024-08-12 14:23:51.098934: step 3087/27440 (epoch 9/80), loss = 1.794052 (97.669 sec/epoch), lr: 0.004000
Evaluating on dev set...
..................................................................
source: 	 mrr: 0.050323	 ndcg_5: 0.0426	 ndcg_10: 0.0526	 hit@1:0.021546	 hit@5:0.0631	 hit@10: 0.0944
target: 	 mrr: 0.040531	 ndcg_5: 0.0323	 ndcg_10: 0.0419	 hit@1:0.014767	 hit@5:0.0496	 hit@10: 0.0794
source best!
..............................
source: 	 mrr: 0.042568	 ndcg_5: 0.0318	 ndcg_10: 0.0444	 hit@1:0.017180	 hit@5:0.0467	 hit@10: 0.0862
target best!
...................................target: 	 mrr: 0.042991	 ndcg_5: 0.0358	 ndcg_10: 0.0455	 hit@1:0.015510	 hit@5:0.0553	 hit@10: 0.0852
epoch 9: train_loss = 1.794052, source_mrr = 0.042568, source_hit@10 = 0.0862, source_ndcg@10 = 0.0444, target_mrr = 0.042991, target_hit@10 = 0.0852, target_ndcg@10 = 0.0455

2024-08-12 14:25:31.934639: step 3430/27440 (epoch 10/80), loss = 1.788694 (98.025 sec/epoch), lr: 0.004000
Evaluating on dev set...
..................................................................
source: 	 mrr: 0.056715	 ndcg_5: 0.0493	 ndcg_10: 0.0617	 hit@1:0.023447	 hit@5:0.0748	 hit@10: 0.1128
target: 	 mrr: 0.035605	 ndcg_5: 0.0262	 ndcg_10: 0.0384	 hit@1:0.010867	 hit@5:0.0432	 hit@10: 0.0814
source best!
..............................
source: 	 mrr: 0.048408	 ndcg_5: 0.0404	 ndcg_10: 0.0511	 hit@1:0.019449	 hit@5:0.0619	 hit@10: 0.0956
epoch 10: train_loss = 1.788694, source_mrr = 0.048408, source_hit@10 = 0.0956, source_ndcg@10 = 0.0511, target_mrr = 0.035605, target_hit@10 = 0.0814, target_ndcg@10 = 0.0384

2024-08-12 14:27:12.528773: step 3773/27440 (epoch 11/80), loss = 1.776768 (98.405 sec/epoch), lr: 0.004000
Evaluating on dev set...
..................................................................
source: 	 mrr: 0.037194	 ndcg_5: 0.0282	 ndcg_10: 0.0369	 hit@1:0.012674	 hit@5:0.0425	 hit@10: 0.0694
target: 	 mrr: 0.034952	 ndcg_5: 0.0265	 ndcg_10: 0.0354	 hit@1:0.011145	 hit@5:0.0421	 hit@10: 0.0697
epoch 11: train_loss = 1.776768, source_mrr = 0.037194, source_hit@10 = 0.0694, source_ndcg@10 = 0.0369, target_mrr = 0.034952, target_hit@10 = 0.0697, target_ndcg@10 = 0.0354

2024-08-12 14:28:52.574008: step 4116/27440 (epoch 12/80), loss = 1.770697 (98.632 sec/epoch), lr: 0.003800
Evaluating on dev set...
..................................................................
source: 	 mrr: 0.039167	 ndcg_5: 0.0303	 ndcg_10: 0.0413	 hit@1:0.013625	 hit@5:0.0456	 hit@10: 0.0802
target: 	 mrr: 0.032669	 ndcg_5: 0.0264	 ndcg_10: 0.0340	 hit@1:0.009752	 hit@5:0.0440	 hit@10: 0.0677
epoch 12: train_loss = 1.770697, source_mrr = 0.039167, source_hit@10 = 0.0802, source_ndcg@10 = 0.0413, target_mrr = 0.032669, target_hit@10 = 0.0677, target_ndcg@10 = 0.0340

2024-08-12 14:30:34.320812: step 4459/27440 (epoch 13/80), loss = 1.763802 (100.200 sec/epoch), lr: 0.003610
Evaluating on dev set...
..................................................................
source: 	 mrr: 0.051255	 ndcg_5: 0.0427	 ndcg_10: 0.0553	 hit@1:0.018378	 hit@5:0.0669	 hit@10: 0.1058
target: 	 mrr: 0.019479	 ndcg_5: 0.0126	 ndcg_10: 0.0182	 hit@1:0.004179	 hit@5:0.0215	 hit@10: 0.0387
epoch 13: train_loss = 1.763802, source_mrr = 0.051255, source_hit@10 = 0.1058, source_ndcg@10 = 0.0553, target_mrr = 0.019479, target_hit@10 = 0.0387, target_ndcg@10 = 0.0182

2024-08-12 14:32:17.831621: step 4802/27440 (epoch 14/80), loss = 1.753781 (101.879 sec/epoch), lr: 0.003429
Evaluating on dev set...
..................................................................
source: 	 mrr: 0.050242	 ndcg_5: 0.0417	 ndcg_10: 0.0546	 hit@1:0.018695	 hit@5:0.0646	 hit@10: 0.1052
target: 	 mrr: 0.033282	 ndcg_5: 0.0249	 ndcg_10: 0.0337	 hit@1:0.012538	 hit@5:0.0371	 hit@10: 0.0641
epoch 14: train_loss = 1.753781, source_mrr = 0.050242, source_hit@10 = 0.1052, source_ndcg@10 = 0.0546, target_mrr = 0.033282, target_hit@10 = 0.0641, target_ndcg@10 = 0.0337

2024-08-12 14:34:01.934983: step 5145/27440 (epoch 15/80), loss = 1.749032 (102.562 sec/epoch), lr: 0.003429
Evaluating on dev set...
..................................................................
source: 	 mrr: 0.050194	 ndcg_5: 0.0424	 ndcg_10: 0.0537	 hit@1:0.019011	 hit@5:0.0656	 hit@10: 0.1008
target: 	 mrr: 0.032550	 ndcg_5: 0.0243	 ndcg_10: 0.0333	 hit@1:0.009195	 hit@5:0.0396	 hit@10: 0.0674
epoch 15: train_loss = 1.749032, source_mrr = 0.050194, source_hit@10 = 0.1008, source_ndcg@10 = 0.0537, target_mrr = 0.032550, target_hit@10 = 0.0674, target_ndcg@10 = 0.0333

2024-08-12 14:35:45.160110: step 5488/27440 (epoch 16/80), loss = 1.741817 (101.870 sec/epoch), lr: 0.003258
Evaluating on dev set...
..................................................................
source: 	 mrr: 0.024250	 ndcg_5: 0.0176	 ndcg_10: 0.0237	 hit@1:0.006971	 hit@5:0.0282	 hit@10: 0.0475
target: 	 mrr: 0.035349	 ndcg_5: 0.0279	 ndcg_10: 0.0361	 hit@1:0.010867	 hit@5:0.0449	 hit@10: 0.0705
epoch 16: train_loss = 1.741817, source_mrr = 0.024250, source_hit@10 = 0.0475, source_ndcg@10 = 0.0237, target_mrr = 0.035349, target_hit@10 = 0.0705, target_ndcg@10 = 0.0361

2024-08-12 14:37:28.733829: step 5831/27440 (epoch 17/80), loss = 1.732226 (102.007 sec/epoch), lr: 0.003095
Evaluating on dev set...
..................................................................
source: 	 mrr: 0.048640	 ndcg_5: 0.0391	 ndcg_10: 0.0524	 hit@1:0.019645	 hit@5:0.0586	 hit@10: 0.1004
target: 	 mrr: 0.038310	 ndcg_5: 0.0299	 ndcg_10: 0.0403	 hit@1:0.009473	 hit@5:0.0507	 hit@10: 0.0830
epoch 17: train_loss = 1.732226, source_mrr = 0.048640, source_hit@10 = 0.1004, source_ndcg@10 = 0.0524, target_mrr = 0.038310, target_hit@10 = 0.0830, target_ndcg@10 = 0.0403

2024-08-12 14:39:13.457232: step 6174/27440 (epoch 18/80), loss = 1.719945 (103.187 sec/epoch), lr: 0.003095
Evaluating on dev set...
..................................................................
source: 	 mrr: 0.052341	 ndcg_5: 0.0433	 ndcg_10: 0.0565	 hit@1:0.024081	 hit@5:0.0631	 hit@10: 0.1039
target: 	 mrr: 0.029018	 ndcg_5: 0.0220	 ndcg_10: 0.0286	 hit@1:0.011145	 hit@5:0.0334	 hit@10: 0.0541
epoch 18: train_loss = 1.719945, source_mrr = 0.052341, source_hit@10 = 0.1039, source_ndcg@10 = 0.0565, target_mrr = 0.029018, target_hit@10 = 0.0541, target_ndcg@10 = 0.0286

2024-08-12 14:40:57.837653: step 6517/27440 (epoch 19/80), loss = 1.709856 (102.971 sec/epoch), lr: 0.002940
Evaluating on dev set...
..................................................................
source: 	 mrr: 0.042663	 ndcg_5: 0.0345	 ndcg_10: 0.0447	 hit@1:0.015843	 hit@5:0.0539	 hit@10: 0.0852
target: 	 mrr: 0.034261	 ndcg_5: 0.0257	 ndcg_10: 0.0355	 hit@1:0.011145	 hit@5:0.0404	 hit@10: 0.0708
epoch 19: train_loss = 1.709856, source_mrr = 0.042663, source_hit@10 = 0.0852, source_ndcg@10 = 0.0447, target_mrr = 0.034261, target_hit@10 = 0.0708, target_ndcg@10 = 0.0355

2024-08-12 14:42:42.247259: step 6860/27440 (epoch 20/80), loss = 1.703214 (102.761 sec/epoch), lr: 0.002793
Evaluating on dev set...
..................................................................
source: 	 mrr: 0.033139	 ndcg_5: 0.0250	 ndcg_10: 0.0324	 hit@1:0.011407	 hit@5:0.0393	 hit@10: 0.0627
target: 	 mrr: 0.028184	 ndcg_5: 0.0201	 ndcg_10: 0.0277	 hit@1:0.010031	 hit@5:0.0301	 hit@10: 0.0532
epoch 20: train_loss = 1.703214, source_mrr = 0.033139, source_hit@10 = 0.0627, source_ndcg@10 = 0.0324, target_mrr = 0.028184, target_hit@10 = 0.0532, target_ndcg@10 = 0.0277

2024-08-12 14:44:26.264465: step 7203/27440 (epoch 21/80), loss = 1.691662 (102.534 sec/epoch), lr: 0.002654
Evaluating on dev set...
..................................................................
source: 	 mrr: 0.052918	 ndcg_5: 0.0438	 ndcg_10: 0.0577	 hit@1:0.022180	 hit@5:0.0656	 hit@10: 0.1090
target: 	 mrr: 0.044563	 ndcg_5: 0.0344	 ndcg_10: 0.0474	 hit@1:0.016160	 hit@5:0.0518	 hit@10: 0.0922
target best!
...................................target: 	 mrr: 0.041773	 ndcg_5: 0.0330	 ndcg_10: 0.0447	 hit@1:0.013254	 hit@5:0.0525	 hit@10: 0.0891
epoch 21: train_loss = 1.691662, source_mrr = 0.052918, source_hit@10 = 0.1090, source_ndcg@10 = 0.0577, target_mrr = 0.041773, target_hit@10 = 0.0891, target_ndcg@10 = 0.0447

2024-08-12 14:46:10.974318: step 7546/27440 (epoch 22/80), loss = 1.694634 (102.485 sec/epoch), lr: 0.002654
Evaluating on dev set...
..................................................................
source: 	 mrr: 0.042143	 ndcg_5: 0.0340	 ndcg_10: 0.0454	 hit@1:0.012674	 hit@5:0.0554	 hit@10: 0.0909
target: 	 mrr: 0.047404	 ndcg_5: 0.0393	 ndcg_10: 0.0511	 hit@1:0.019504	 hit@5:0.0593	 hit@10: 0.0956
target best!
...................................target: 	 mrr: 0.043725	 ndcg_5: 0.0364	 ndcg_10: 0.0461	 hit@1:0.016074	 hit@5:0.0564	 hit@10: 0.0869
epoch 22: train_loss = 1.694634, source_mrr = 0.042143, source_hit@10 = 0.0909, source_ndcg@10 = 0.0454, target_mrr = 0.043725, target_hit@10 = 0.0869, target_ndcg@10 = 0.0461

2024-08-12 14:47:56.180175: step 7889/27440 (epoch 23/80), loss = 1.683861 (102.985 sec/epoch), lr: 0.002521
Evaluating on dev set...
..................................................................
source: 	 mrr: 0.026964	 ndcg_5: 0.0184	 ndcg_10: 0.0276	 hit@1:0.006337	 hit@5:0.0314	 hit@10: 0.0599
target: 	 mrr: 0.044550	 ndcg_5: 0.0375	 ndcg_10: 0.0485	 hit@1:0.016996	 hit@5:0.0580	 hit@10: 0.0922
epoch 23: train_loss = 1.683861, source_mrr = 0.026964, source_hit@10 = 0.0599, source_ndcg@10 = 0.0276, target_mrr = 0.044550, target_hit@10 = 0.0922, target_ndcg@10 = 0.0485

2024-08-12 14:49:40.321981: step 8232/27440 (epoch 24/80), loss = 1.676482 (102.655 sec/epoch), lr: 0.002395
Evaluating on dev set...
..................................................................
source: 	 mrr: 0.029442	 ndcg_5: 0.0204	 ndcg_10: 0.0275	 hit@1:0.008872	 hit@5:0.0320	 hit@10: 0.0542
target: 	 mrr: 0.034569	 ndcg_5: 0.0262	 ndcg_10: 0.0356	 hit@1:0.010867	 hit@5:0.0426	 hit@10: 0.0722
epoch 24: train_loss = 1.676482, source_mrr = 0.029442, source_hit@10 = 0.0542, source_ndcg@10 = 0.0275, target_mrr = 0.034569, target_hit@10 = 0.0722, target_ndcg@10 = 0.0356

2024-08-12 14:51:24.639702: step 8575/27440 (epoch 25/80), loss = 1.667918 (102.917 sec/epoch), lr: 0.002275
Evaluating on dev set...
..................................................................
source: 	 mrr: 0.044151	 ndcg_5: 0.0354	 ndcg_10: 0.0461	 hit@1:0.016160	 hit@5:0.0545	 hit@10: 0.0881
target: 	 mrr: 0.044521	 ndcg_5: 0.0357	 ndcg_10: 0.0475	 hit@1:0.012817	 hit@5:0.0580	 hit@10: 0.0945
epoch 25: train_loss = 1.667918, source_mrr = 0.044151, source_hit@10 = 0.0881, source_ndcg@10 = 0.0461, target_mrr = 0.044521, target_hit@10 = 0.0945, target_ndcg@10 = 0.0475

2024-08-12 14:53:09.574302: step 8918/27440 (epoch 26/80), loss = 1.668037 (103.522 sec/epoch), lr: 0.002275
Evaluating on dev set...
..................................................................
source: 	 mrr: 0.029056	 ndcg_5: 0.0212	 ndcg_10: 0.0281	 hit@1:0.008238	 hit@5:0.0342	 hit@10: 0.0554
target: 	 mrr: 0.036649	 ndcg_5: 0.0293	 ndcg_10: 0.0391	 hit@1:0.011145	 hit@5:0.0482	 hit@10: 0.0786
epoch 26: train_loss = 1.668037, source_mrr = 0.029056, source_hit@10 = 0.0554, source_ndcg@10 = 0.0281, target_mrr = 0.036649, target_hit@10 = 0.0786, target_ndcg@10 = 0.0391

2024-08-12 14:54:54.135585: step 9261/27440 (epoch 27/80), loss = 1.660006 (103.218 sec/epoch), lr: 0.002161
Evaluating on dev set...
..................................................................
source: 	 mrr: 0.050880	 ndcg_5: 0.0421	 ndcg_10: 0.0542	 hit@1:0.019328	 hit@5:0.0646	 hit@10: 0.1023
target: 	 mrr: 0.042261	 ndcg_5: 0.0331	 ndcg_10: 0.0459	 hit@1:0.013096	 hit@5:0.0532	 hit@10: 0.0931
epoch 27: train_loss = 1.660006, source_mrr = 0.050880, source_hit@10 = 0.1023, source_ndcg@10 = 0.0542, target_mrr = 0.042261, target_hit@10 = 0.0931, target_ndcg@10 = 0.0459

2024-08-12 14:56:37.994567: step 9604/27440 (epoch 28/80), loss = 1.655612 (102.458 sec/epoch), lr: 0.002161
Evaluating on dev set...
..................................................................
source: 	 mrr: 0.046771	 ndcg_5: 0.0376	 ndcg_10: 0.0498	 hit@1:0.016793	 hit@5:0.0574	 hit@10: 0.0951
target: 	 mrr: 0.029993	 ndcg_5: 0.0211	 ndcg_10: 0.0315	 hit@1:0.007523	 hit@5:0.0357	 hit@10: 0.0680
epoch 28: train_loss = 1.655612, source_mrr = 0.046771, source_hit@10 = 0.0951, source_ndcg@10 = 0.0498, target_mrr = 0.029993, target_hit@10 = 0.0680, target_ndcg@10 = 0.0315

2024-08-12 14:58:20.968671: step 9947/27440 (epoch 29/80), loss = 1.651779 (101.473 sec/epoch), lr: 0.002053
Evaluating on dev set...
..................................................................
source: 	 mrr: 0.028205	 ndcg_5: 0.0198	 ndcg_10: 0.0294	 hit@1:0.007605	 hit@5:0.0326	 hit@10: 0.0631
target: 	 mrr: 0.038865	 ndcg_5: 0.0310	 ndcg_10: 0.0402	 hit@1:0.012817	 hit@5:0.0488	 hit@10: 0.0772
epoch 29: train_loss = 1.651779, source_mrr = 0.028205, source_hit@10 = 0.0631, source_ndcg@10 = 0.0294, target_mrr = 0.038865, target_hit@10 = 0.0772, target_ndcg@10 = 0.0402

2024-08-12 15:00:04.516972: step 10290/27440 (epoch 30/80), loss = 1.645020 (102.003 sec/epoch), lr: 0.001951
Evaluating on dev set...
..................................................................
source: 	 mrr: 0.044530	 ndcg_5: 0.0364	 ndcg_10: 0.0468	 hit@1:0.017110	 hit@5:0.0558	 hit@10: 0.0881
target: 	 mrr: 0.038026	 ndcg_5: 0.0302	 ndcg_10: 0.0409	 hit@1:0.011702	 hit@5:0.0496	 hit@10: 0.0828
epoch 30: train_loss = 1.645020, source_mrr = 0.044530, source_hit@10 = 0.0881, source_ndcg@10 = 0.0468, target_mrr = 0.038026, target_hit@10 = 0.0828, target_ndcg@10 = 0.0409
shift to transfer learning mode

2024-08-12 15:01:53.841527: step 10633/27440 (epoch 31/80), loss = 1.662587 (107.783 sec/epoch), lr: 0.001951
Evaluating on dev set...
..................................................................
source: 	 mrr: 0.051579	 ndcg_5: 0.0427	 ndcg_10: 0.0547	 hit@1:0.018695	 hit@5:0.0656	 hit@10: 0.1033
target: 	 mrr: 0.042603	 ndcg_5: 0.0333	 ndcg_10: 0.0473	 hit@1:0.013096	 hit@5:0.0535	 hit@10: 0.0972
epoch 31: train_loss = 1.662587, source_mrr = 0.051579, source_hit@10 = 0.1033, source_ndcg@10 = 0.0547, target_mrr = 0.042603, target_hit@10 = 0.0972, target_ndcg@10 = 0.0473

2024-08-12 15:03:41.756258: step 10976/27440 (epoch 32/80), loss = 1.663058 (106.353 sec/epoch), lr: 0.001951
Evaluating on dev set...
..................................................................
source: 	 mrr: 0.046345	 ndcg_5: 0.0376	 ndcg_10: 0.0488	 hit@1:0.018061	 hit@5:0.0564	 hit@10: 0.0913
target: 	 mrr: 0.037508	 ndcg_5: 0.0281	 ndcg_10: 0.0403	 hit@1:0.010867	 hit@5:0.0451	 hit@10: 0.0828
epoch 32: train_loss = 1.663058, source_mrr = 0.046345, source_hit@10 = 0.0913, source_ndcg@10 = 0.0488, target_mrr = 0.037508, target_hit@10 = 0.0828, target_ndcg@10 = 0.0403

2024-08-12 15:05:30.570673: step 11319/27440 (epoch 33/80), loss = 1.653031 (107.307 sec/epoch), lr: 0.001853
Evaluating on dev set...
..................................................................
source: 	 mrr: 0.055904	 ndcg_5: 0.0488	 ndcg_10: 0.0614	 hit@1:0.020913	 hit@5:0.0773	 hit@10: 0.1166
target: 	 mrr: 0.044268	 ndcg_5: 0.0361	 ndcg_10: 0.0483	 hit@1:0.015603	 hit@5:0.0574	 hit@10: 0.0950
epoch 33: train_loss = 1.653031, source_mrr = 0.055904, source_hit@10 = 0.1166, source_ndcg@10 = 0.0614, target_mrr = 0.044268, target_hit@10 = 0.0950, target_ndcg@10 = 0.0483

2024-08-12 15:07:19.923177: step 11662/27440 (epoch 34/80), loss = 1.651090 (107.926 sec/epoch), lr: 0.001853
Evaluating on dev set...
..................................................................
source: 	 mrr: 0.024553	 ndcg_5: 0.0173	 ndcg_10: 0.0229	 hit@1:0.006971	 hit@5:0.0285	 hit@10: 0.0459
target: 	 mrr: 0.039436	 ndcg_5: 0.0302	 ndcg_10: 0.0415	 hit@1:0.014489	 hit@5:0.0463	 hit@10: 0.0811
epoch 34: train_loss = 1.651090, source_mrr = 0.024553, source_hit@10 = 0.0459, source_ndcg@10 = 0.0229, target_mrr = 0.039436, target_hit@10 = 0.0811, target_ndcg@10 = 0.0415

2024-08-12 15:09:08.901209: step 12005/27440 (epoch 35/80), loss = 1.646946 (107.493 sec/epoch), lr: 0.001761
Evaluating on dev set...
..................................................................
source: 	 mrr: 0.045560	 ndcg_5: 0.0370	 ndcg_10: 0.0473	 hit@1:0.019011	 hit@5:0.0554	 hit@10: 0.0875
target: 	 mrr: 0.043802	 ndcg_5: 0.0348	 ndcg_10: 0.0481	 hit@1:0.013653	 hit@5:0.0566	 hit@10: 0.0984
epoch 35: train_loss = 1.646946, source_mrr = 0.045560, source_hit@10 = 0.0875, source_ndcg@10 = 0.0473, target_mrr = 0.043802, target_hit@10 = 0.0984, target_ndcg@10 = 0.0481

2024-08-12 15:10:58.355257: step 12348/27440 (epoch 36/80), loss = 1.643272 (107.899 sec/epoch), lr: 0.001761
Evaluating on dev set...
..................................................................
source: 	 mrr: 0.036533	 ndcg_5: 0.0291	 ndcg_10: 0.0373	 hit@1:0.011090	 hit@5:0.0466	 hit@10: 0.0722
target: 	 mrr: 0.036457	 ndcg_5: 0.0268	 ndcg_10: 0.0367	 hit@1:0.013096	 hit@5:0.0407	 hit@10: 0.0713
epoch 36: train_loss = 1.643272, source_mrr = 0.036533, source_hit@10 = 0.0722, source_ndcg@10 = 0.0373, target_mrr = 0.036457, target_hit@10 = 0.0713, target_ndcg@10 = 0.0367

2024-08-12 15:12:48.531113: step 12691/27440 (epoch 37/80), loss = 1.638483 (108.741 sec/epoch), lr: 0.001672
Evaluating on dev set...
..................................................................
source: 	 mrr: 0.051700	 ndcg_5: 0.0434	 ndcg_10: 0.0573	 hit@1:0.018378	 hit@5:0.0681	 hit@10: 0.1115
target: 	 mrr: 0.043593	 ndcg_5: 0.0357	 ndcg_10: 0.0461	 hit@1:0.014210	 hit@5:0.0577	 hit@10: 0.0903
epoch 37: train_loss = 1.638483, source_mrr = 0.051700, source_hit@10 = 0.1115, source_ndcg@10 = 0.0573, target_mrr = 0.043593, target_hit@10 = 0.0903, target_ndcg@10 = 0.0461

2024-08-12 15:14:36.755587: step 13034/27440 (epoch 38/80), loss = 1.637795 (106.667 sec/epoch), lr: 0.001672
Evaluating on dev set...
..................................................................
source: 	 mrr: 0.058692	 ndcg_5: 0.0501	 ndcg_10: 0.0642	 hit@1:0.023447	 hit@5:0.0764	 hit@10: 0.1201
target: 	 mrr: 0.047162	 ndcg_5: 0.0389	 ndcg_10: 0.0518	 hit@1:0.016718	 hit@5:0.0619	 hit@10: 0.1020
source best!
..............................
source: 	 mrr: 0.052392	 ndcg_5: 0.0440	 ndcg_10: 0.0566	 hit@1:0.017828	 hit@5:0.0697	 hit@10: 0.1092
epoch 38: train_loss = 1.637795, source_mrr = 0.052392, source_hit@10 = 0.1092, source_ndcg@10 = 0.0566, target_mrr = 0.047162, target_hit@10 = 0.1020, target_ndcg@10 = 0.0518

2024-08-12 15:16:24.177458: step 13377/27440 (epoch 39/80), loss = 1.637730 (105.369 sec/epoch), lr: 0.001672
Evaluating on dev set...
..................................................................
source: 	 mrr: 0.022348	 ndcg_5: 0.0158	 ndcg_10: 0.0214	 hit@1:0.005387	 hit@5:0.0257	 hit@10: 0.0431
target: 	 mrr: 0.045196	 ndcg_5: 0.0370	 ndcg_10: 0.0497	 hit@1:0.015046	 hit@5:0.0599	 hit@10: 0.0989
epoch 39: train_loss = 1.637730, source_mrr = 0.022348, source_hit@10 = 0.0431, source_ndcg@10 = 0.0214, target_mrr = 0.045196, target_hit@10 = 0.0989, target_ndcg@10 = 0.0497

2024-08-12 15:18:12.647430: step 13720/27440 (epoch 40/80), loss = 1.633030 (107.005 sec/epoch), lr: 0.001589
Evaluating on dev set...
..................................................................
source: 	 mrr: 0.044825	 ndcg_5: 0.0364	 ndcg_10: 0.0483	 hit@1:0.014259	 hit@5:0.0580	 hit@10: 0.0954
target: 	 mrr: 0.043581	 ndcg_5: 0.0346	 ndcg_10: 0.0465	 hit@1:0.013931	 hit@5:0.0543	 hit@10: 0.0911
epoch 40: train_loss = 1.633030, source_mrr = 0.044825, source_hit@10 = 0.0954, source_ndcg@10 = 0.0483, target_mrr = 0.043581, target_hit@10 = 0.0911, target_ndcg@10 = 0.0465

2024-08-12 15:19:56.545900: step 14063/27440 (epoch 41/80), loss = 1.629981 (102.499 sec/epoch), lr: 0.001589
Evaluating on dev set...
..................................................................
source: 	 mrr: 0.048790	 ndcg_5: 0.0403	 ndcg_10: 0.0524	 hit@1:0.017427	 hit@5:0.0637	 hit@10: 0.1014
target: 	 mrr: 0.045109	 ndcg_5: 0.0358	 ndcg_10: 0.0489	 hit@1:0.015603	 hit@5:0.0554	 hit@10: 0.0964
epoch 41: train_loss = 1.629981, source_mrr = 0.048790, source_hit@10 = 0.1014, source_ndcg@10 = 0.0524, target_mrr = 0.045109, target_hit@10 = 0.0964, target_ndcg@10 = 0.0489

2024-08-12 15:21:41.542801: step 14406/27440 (epoch 42/80), loss = 1.625474 (103.636 sec/epoch), lr: 0.001589
Evaluating on dev set...
..................................................................
source: 	 mrr: 0.039855	 ndcg_5: 0.0316	 ndcg_10: 0.0415	 hit@1:0.014892	 hit@5:0.0485	 hit@10: 0.0792
target: 	 mrr: 0.024738	 ndcg_5: 0.0179	 ndcg_10: 0.0230	 hit@1:0.007523	 hit@5:0.0281	 hit@10: 0.0437
epoch 42: train_loss = 1.625474, source_mrr = 0.039855, source_hit@10 = 0.0792, source_ndcg@10 = 0.0415, target_mrr = 0.024738, target_hit@10 = 0.0437, target_ndcg@10 = 0.0230

2024-08-12 15:23:25.125890: step 14749/27440 (epoch 43/80), loss = 1.623176 (102.003 sec/epoch), lr: 0.001509
Evaluating on dev set...
..................................................................
source: 	 mrr: 0.052160	 ndcg_5: 0.0437	 ndcg_10: 0.0554	 hit@1:0.019328	 hit@5:0.0681	 hit@10: 0.1046
target: 	 mrr: 0.046191	 ndcg_5: 0.0377	 ndcg_10: 0.0491	 hit@1:0.018111	 hit@5:0.0580	 hit@10: 0.0939
epoch 43: train_loss = 1.623176, source_mrr = 0.052160, source_hit@10 = 0.1046, source_ndcg@10 = 0.0554, target_mrr = 0.046191, target_hit@10 = 0.0939, target_ndcg@10 = 0.0491

2024-08-12 15:25:09.572536: step 15092/27440 (epoch 44/80), loss = 1.618922 (103.003 sec/epoch), lr: 0.001509
Evaluating on dev set...
..................................................................
source: 	 mrr: 0.040450	 ndcg_5: 0.0317	 ndcg_10: 0.0419	 hit@1:0.013625	 hit@5:0.0494	 hit@10: 0.0814
target: 	 mrr: 0.031864	 ndcg_5: 0.0232	 ndcg_10: 0.0310	 hit@1:0.009473	 hit@5:0.0368	 hit@10: 0.0610
epoch 44: train_loss = 1.618922, source_mrr = 0.040450, source_hit@10 = 0.0814, source_ndcg@10 = 0.0419, target_mrr = 0.031864, target_hit@10 = 0.0610, target_ndcg@10 = 0.0310

2024-08-12 15:26:54.492508: step 15435/27440 (epoch 45/80), loss = 1.614353 (103.415 sec/epoch), lr: 0.001434
Evaluating on dev set...
..................................................................
source: 	 mrr: 0.022421	 ndcg_5: 0.0162	 ndcg_10: 0.0227	 hit@1:0.005703	 hit@5:0.0276	 hit@10: 0.0478
target: 	 mrr: 0.043202	 ndcg_5: 0.0337	 ndcg_10: 0.0462	 hit@1:0.015603	 hit@5:0.0521	 hit@10: 0.0911
epoch 45: train_loss = 1.614353, source_mrr = 0.022421, source_hit@10 = 0.0478, source_ndcg@10 = 0.0227, target_mrr = 0.043202, target_hit@10 = 0.0911, target_ndcg@10 = 0.0462

2024-08-12 15:28:39.511859: step 15778/27440 (epoch 46/80), loss = 1.608667 (103.460 sec/epoch), lr: 0.001362
Evaluating on dev set...
..................................................................
source: 	 mrr: 0.035513	 ndcg_5: 0.0275	 ndcg_10: 0.0374	 hit@1:0.011724	 hit@5:0.0437	 hit@10: 0.0748
target: 	 mrr: 0.045544	 ndcg_5: 0.0383	 ndcg_10: 0.0490	 hit@1:0.018668	 hit@5:0.0582	 hit@10: 0.0917
epoch 46: train_loss = 1.608667, source_mrr = 0.035513, source_hit@10 = 0.0748, source_ndcg@10 = 0.0374, target_mrr = 0.045544, target_hit@10 = 0.0917, target_ndcg@10 = 0.0490

2024-08-12 15:30:27.171541: step 16121/27440 (epoch 47/80), loss = 1.609150 (106.222 sec/epoch), lr: 0.001362
Evaluating on dev set...
..................................................................
source: 	 mrr: 0.037027	 ndcg_5: 0.0286	 ndcg_10: 0.0378	 hit@1:0.011090	 hit@5:0.0453	 hit@10: 0.0745
target: 	 mrr: 0.042316	 ndcg_5: 0.0337	 ndcg_10: 0.0432	 hit@1:0.015046	 hit@5:0.0527	 hit@10: 0.0822
epoch 47: train_loss = 1.609150, source_mrr = 0.037027, source_hit@10 = 0.0745, source_ndcg@10 = 0.0378, target_mrr = 0.042316, target_hit@10 = 0.0822, target_ndcg@10 = 0.0432

2024-08-12 15:32:14.149935: step 16464/27440 (epoch 48/80), loss = 1.599661 (105.585 sec/epoch), lr: 0.001294
Evaluating on dev set...
..................................................................
source: 	 mrr: 0.048883	 ndcg_5: 0.0405	 ndcg_10: 0.0545	 hit@1:0.019011	 hit@5:0.0627	 hit@10: 0.1068
target: 	 mrr: 0.039479	 ndcg_5: 0.0295	 ndcg_10: 0.0405	 hit@1:0.013931	 hit@5:0.0451	 hit@10: 0.0797
epoch 48: train_loss = 1.599661, source_mrr = 0.048883, source_hit@10 = 0.1068, source_ndcg@10 = 0.0545, target_mrr = 0.039479, target_hit@10 = 0.0797, target_ndcg@10 = 0.0405

2024-08-12 15:34:03.490776: step 16807/27440 (epoch 49/80), loss = 1.598932 (107.835 sec/epoch), lr: 0.001294
Evaluating on dev set...
..................................................................
source: 	 mrr: 0.061524	 ndcg_5: 0.0536	 ndcg_10: 0.0673	 hit@1:0.024081	 hit@5:0.0821	 hit@10: 0.1242
target: 	 mrr: 0.045595	 ndcg_5: 0.0381	 ndcg_10: 0.0493	 hit@1:0.016160	 hit@5:0.0593	 hit@10: 0.0945
source best!
..............................
source: 	 mrr: 0.056228	 ndcg_5: 0.0468	 ndcg_10: 0.0609	 hit@1:0.023015	 hit@5:0.0700	 hit@10: 0.1138
epoch 49: train_loss = 1.598932, source_mrr = 0.056228, source_hit@10 = 0.1138, source_ndcg@10 = 0.0609, target_mrr = 0.045595, target_hit@10 = 0.0945, target_ndcg@10 = 0.0493

2024-08-12 15:35:53.098926: step 17150/27440 (epoch 50/80), loss = 1.593633 (107.552 sec/epoch), lr: 0.001294
Evaluating on dev set...
..................................................................
source: 	 mrr: 0.053394	 ndcg_5: 0.0448	 ndcg_10: 0.0582	 hit@1:0.020279	 hit@5:0.0691	 hit@10: 0.1112
target: 	 mrr: 0.044804	 ndcg_5: 0.0358	 ndcg_10: 0.0484	 hit@1:0.015882	 hit@5:0.0557	 hit@10: 0.0950
epoch 50: train_loss = 1.593633, source_mrr = 0.053394, source_hit@10 = 0.1112, source_ndcg@10 = 0.0582, target_mrr = 0.044804, target_hit@10 = 0.0950, target_ndcg@10 = 0.0484

2024-08-12 15:37:40.999030: step 17493/27440 (epoch 51/80), loss = 1.591393 (106.489 sec/epoch), lr: 0.001229
Evaluating on dev set...
..................................................................
source: 	 mrr: 0.055248	 ndcg_5: 0.0464	 ndcg_10: 0.0592	 hit@1:0.022497	 hit@5:0.0697	 hit@10: 0.1096
target: 	 mrr: 0.045535	 ndcg_5: 0.0369	 ndcg_10: 0.0477	 hit@1:0.016718	 hit@5:0.0566	 hit@10: 0.0900
epoch 51: train_loss = 1.591393, source_mrr = 0.055248, source_hit@10 = 0.1096, source_ndcg@10 = 0.0592, target_mrr = 0.045535, target_hit@10 = 0.0900, target_ndcg@10 = 0.0477

2024-08-12 15:39:28.956807: step 17836/27440 (epoch 52/80), loss = 1.582062 (106.390 sec/epoch), lr: 0.001229
Evaluating on dev set...
..................................................................
source: 	 mrr: 0.055831	 ndcg_5: 0.0482	 ndcg_10: 0.0606	 hit@1:0.022497	 hit@5:0.0738	 hit@10: 0.1122
target: 	 mrr: 0.042003	 ndcg_5: 0.0337	 ndcg_10: 0.0439	 hit@1:0.015325	 hit@5:0.0515	 hit@10: 0.0833
epoch 52: train_loss = 1.582062, source_mrr = 0.055831, source_hit@10 = 0.1122, source_ndcg@10 = 0.0606, target_mrr = 0.042003, target_hit@10 = 0.0833, target_ndcg@10 = 0.0439

2024-08-12 15:41:16.884174: step 18179/27440 (epoch 53/80), loss = 1.578770 (106.413 sec/epoch), lr: 0.001168
Evaluating on dev set...
..................................................................
source: 	 mrr: 0.057384	 ndcg_5: 0.0499	 ndcg_10: 0.0629	 hit@1:0.023131	 hit@5:0.0773	 hit@10: 0.1176
target: 	 mrr: 0.047032	 ndcg_5: 0.0389	 ndcg_10: 0.0515	 hit@1:0.017275	 hit@5:0.0616	 hit@10: 0.1006
epoch 53: train_loss = 1.578770, source_mrr = 0.057384, source_hit@10 = 0.1176, source_ndcg@10 = 0.0629, target_mrr = 0.047032, target_hit@10 = 0.1006, target_ndcg@10 = 0.0515

2024-08-12 15:43:03.463436: step 18522/27440 (epoch 54/80), loss = 1.573994 (105.207 sec/epoch), lr: 0.001168
Evaluating on dev set...
..................................................................
source: 	 mrr: 0.046145	 ndcg_5: 0.0390	 ndcg_10: 0.0500	 hit@1:0.017744	 hit@5:0.0615	 hit@10: 0.0957
target: 	 mrr: 0.046375	 ndcg_5: 0.0375	 ndcg_10: 0.0492	 hit@1:0.017275	 hit@5:0.0580	 hit@10: 0.0950
epoch 54: train_loss = 1.573994, source_mrr = 0.046145, source_hit@10 = 0.0957, source_ndcg@10 = 0.0500, target_mrr = 0.046375, target_hit@10 = 0.0950, target_ndcg@10 = 0.0492

2024-08-12 15:44:51.032374: step 18865/27440 (epoch 55/80), loss = 1.569466 (106.184 sec/epoch), lr: 0.001110
Evaluating on dev set...
..................................................................
source: 	 mrr: 0.052783	 ndcg_5: 0.0439	 ndcg_10: 0.0545	 hit@1:0.024715	 hit@5:0.0634	 hit@10: 0.0960
target: 	 mrr: 0.046110	 ndcg_5: 0.0375	 ndcg_10: 0.0490	 hit@1:0.018668	 hit@5:0.0566	 hit@10: 0.0925
epoch 55: train_loss = 1.569466, source_mrr = 0.052783, source_hit@10 = 0.0960, source_ndcg@10 = 0.0545, target_mrr = 0.046110, target_hit@10 = 0.0925, target_ndcg@10 = 0.0490

2024-08-12 15:46:37.040447: step 19208/27440 (epoch 56/80), loss = 1.559736 (104.557 sec/epoch), lr: 0.001110
Evaluating on dev set...
..................................................................
source: 	 mrr: 0.039513	 ndcg_5: 0.0315	 ndcg_10: 0.0408	 hit@1:0.016160	 hit@5:0.0485	 hit@10: 0.0773
target: 	 mrr: 0.046270	 ndcg_5: 0.0367	 ndcg_10: 0.0489	 hit@1:0.017275	 hit@5:0.0554	 hit@10: 0.0933
epoch 56: train_loss = 1.559736, source_mrr = 0.039513, source_hit@10 = 0.0773, source_ndcg@10 = 0.0408, target_mrr = 0.046270, target_hit@10 = 0.0933, target_ndcg@10 = 0.0489

2024-08-12 15:48:25.019923: step 19551/27440 (epoch 57/80), loss = 1.552683 (106.536 sec/epoch), lr: 0.001054
Evaluating on dev set...
..................................................................
source: 	 mrr: 0.045380	 ndcg_5: 0.0361	 ndcg_10: 0.0466	 hit@1:0.016793	 hit@5:0.0551	 hit@10: 0.0881
target: 	 mrr: 0.049627	 ndcg_5: 0.0399	 ndcg_10: 0.0535	 hit@1:0.019504	 hit@5:0.0596	 hit@10: 0.1023
target best!
...................................target: 	 mrr: 0.050868	 ndcg_5: 0.0426	 ndcg_10: 0.0547	 hit@1:0.021433	 hit@5:0.0632	 hit@10: 0.1007
epoch 57: train_loss = 1.552683, source_mrr = 0.045380, source_hit@10 = 0.0881, source_ndcg@10 = 0.0466, target_mrr = 0.050868, target_hit@10 = 0.1007, target_ndcg@10 = 0.0547

2024-08-12 15:50:11.936999: step 19894/27440 (epoch 58/80), loss = 1.552375 (104.733 sec/epoch), lr: 0.001054
Evaluating on dev set...
..................................................................
source: 	 mrr: 0.046151	 ndcg_5: 0.0371	 ndcg_10: 0.0477	 hit@1:0.017110	 hit@5:0.0564	 hit@10: 0.0894
target: 	 mrr: 0.047367	 ndcg_5: 0.0390	 ndcg_10: 0.0506	 hit@1:0.017275	 hit@5:0.0607	 hit@10: 0.0967
epoch 58: train_loss = 1.552375, source_mrr = 0.046151, source_hit@10 = 0.0894, source_ndcg@10 = 0.0477, target_mrr = 0.047367, target_hit@10 = 0.0967, target_ndcg@10 = 0.0506

2024-08-12 15:52:00.423938: step 20237/27440 (epoch 59/80), loss = 1.542297 (106.976 sec/epoch), lr: 0.001001
Evaluating on dev set...
..................................................................
source: 	 mrr: 0.048586	 ndcg_5: 0.0386	 ndcg_10: 0.0527	 hit@1:0.018061	 hit@5:0.0589	 hit@10: 0.1023
target: 	 mrr: 0.042168	 ndcg_5: 0.0333	 ndcg_10: 0.0442	 hit@1:0.015882	 hit@5:0.0510	 hit@10: 0.0850
epoch 59: train_loss = 1.542297, source_mrr = 0.048586, source_hit@10 = 0.1023, source_ndcg@10 = 0.0527, target_mrr = 0.042168, target_hit@10 = 0.0850, target_ndcg@10 = 0.0442

2024-08-12 15:53:50.295502: step 20580/27440 (epoch 60/80), loss = 1.530203 (108.362 sec/epoch), lr: 0.000951
Evaluating on dev set...
..................................................................
source: 	 mrr: 0.053414	 ndcg_5: 0.0440	 ndcg_10: 0.0576	 hit@1:0.021229	 hit@5:0.0662	 hit@10: 0.1084
target: 	 mrr: 0.048287	 ndcg_5: 0.0397	 ndcg_10: 0.0514	 hit@1:0.019225	 hit@5:0.0610	 hit@10: 0.0978
epoch 60: train_loss = 1.530203, source_mrr = 0.053414, source_hit@10 = 0.1084, source_ndcg@10 = 0.0576, target_mrr = 0.048287, target_hit@10 = 0.0978, target_ndcg@10 = 0.0514

2024-08-12 15:55:39.595979: step 20923/27440 (epoch 61/80), loss = 1.523569 (107.791 sec/epoch), lr: 0.000951
Evaluating on dev set...
..................................................................
source: 	 mrr: 0.026783	 ndcg_5: 0.0179	 ndcg_10: 0.0256	 hit@1:0.008872	 hit@5:0.0266	 hit@10: 0.0507
target: 	 mrr: 0.047443	 ndcg_5: 0.0388	 ndcg_10: 0.0511	 hit@1:0.018947	 hit@5:0.0593	 hit@10: 0.0975
epoch 61: train_loss = 1.523569, source_mrr = 0.026783, source_hit@10 = 0.0507, source_ndcg@10 = 0.0256, target_mrr = 0.047443, target_hit@10 = 0.0975, target_ndcg@10 = 0.0511

2024-08-12 15:57:29.296719: step 21266/27440 (epoch 62/80), loss = 1.518726 (108.305 sec/epoch), lr: 0.000904
Evaluating on dev set...
..................................................................
source: 	 mrr: 0.030641	 ndcg_5: 0.0233	 ndcg_10: 0.0305	 hit@1:0.010456	 hit@5:0.0361	 hit@10: 0.0589
target: 	 mrr: 0.043401	 ndcg_5: 0.0337	 ndcg_10: 0.0447	 hit@1:0.016439	 hit@5:0.0510	 hit@10: 0.0847
epoch 62: train_loss = 1.518726, source_mrr = 0.030641, source_hit@10 = 0.0589, source_ndcg@10 = 0.0305, target_mrr = 0.043401, target_hit@10 = 0.0847, target_ndcg@10 = 0.0447

2024-08-12 15:59:18.205590: step 21609/27440 (epoch 63/80), loss = 1.509753 (107.440 sec/epoch), lr: 0.000859
Evaluating on dev set...
..................................................................
source: 	 mrr: 0.047281	 ndcg_5: 0.0389	 ndcg_10: 0.0495	 hit@1:0.017744	 hit@5:0.0596	 hit@10: 0.0925
target: 	 mrr: 0.045960	 ndcg_5: 0.0366	 ndcg_10: 0.0478	 hit@1:0.018947	 hit@5:0.0549	 hit@10: 0.0900
epoch 63: train_loss = 1.509753, source_mrr = 0.047281, source_hit@10 = 0.0925, source_ndcg@10 = 0.0495, target_mrr = 0.045960, target_hit@10 = 0.0900, target_ndcg@10 = 0.0478

2024-08-12 16:01:05.762783: step 21952/27440 (epoch 64/80), loss = 1.507116 (106.126 sec/epoch), lr: 0.000859
Evaluating on dev set...
..................................................................
source: 	 mrr: 0.026656	 ndcg_5: 0.0196	 ndcg_10: 0.0251	 hit@1:0.008872	 hit@5:0.0301	 hit@10: 0.0472
target: 	 mrr: 0.043469	 ndcg_5: 0.0356	 ndcg_10: 0.0451	 hit@1:0.016718	 hit@5:0.0552	 hit@10: 0.0850
epoch 64: train_loss = 1.507116, source_mrr = 0.026656, source_hit@10 = 0.0472, source_ndcg@10 = 0.0251, target_mrr = 0.043469, target_hit@10 = 0.0850, target_ndcg@10 = 0.0451

2024-08-12 16:02:56.085091: step 22295/27440 (epoch 65/80), loss = 1.497224 (108.711 sec/epoch), lr: 0.000816
Evaluating on dev set...
..................................................................
source: 	 mrr: 0.038692	 ndcg_5: 0.0293	 ndcg_10: 0.0385	 hit@1:0.015843	 hit@5:0.0425	 hit@10: 0.0713
target: 	 mrr: 0.045025	 ndcg_5: 0.0369	 ndcg_10: 0.0485	 hit@1:0.015603	 hit@5:0.0580	 hit@10: 0.0939
epoch 65: train_loss = 1.497224, source_mrr = 0.038692, source_hit@10 = 0.0713, source_ndcg@10 = 0.0385, target_mrr = 0.045025, target_hit@10 = 0.0939, target_ndcg@10 = 0.0485

2024-08-12 16:04:45.999746: step 22638/27440 (epoch 66/80), loss = 1.497956 (108.450 sec/epoch), lr: 0.000816
Evaluating on dev set...
..................................................................
source: 	 mrr: 0.043357	 ndcg_5: 0.0351	 ndcg_10: 0.0458	 hit@1:0.016477	 hit@5:0.0539	 hit@10: 0.0871
target: 	 mrr: 0.045656	 ndcg_5: 0.0384	 ndcg_10: 0.0480	 hit@1:0.017554	 hit@5:0.0596	 hit@10: 0.0897
epoch 66: train_loss = 1.497956, source_mrr = 0.043357, source_hit@10 = 0.0871, source_ndcg@10 = 0.0458, target_mrr = 0.045656, target_hit@10 = 0.0897, target_ndcg@10 = 0.0480

2024-08-12 16:06:36.332277: step 22981/27440 (epoch 67/80), loss = 1.494009 (108.885 sec/epoch), lr: 0.000816
Evaluating on dev set...
..................................................................
source: 	 mrr: 0.038277	 ndcg_5: 0.0305	 ndcg_10: 0.0398	 hit@1:0.014892	 hit@5:0.0469	 hit@10: 0.0760
target: 	 mrr: 0.038936	 ndcg_5: 0.0307	 ndcg_10: 0.0392	 hit@1:0.013096	 hit@5:0.0479	 hit@10: 0.0747
epoch 67: train_loss = 1.494009, source_mrr = 0.038277, source_hit@10 = 0.0760, source_ndcg@10 = 0.0398, target_mrr = 0.038936, target_hit@10 = 0.0747, target_ndcg@10 = 0.0392

2024-08-12 16:08:30.632341: step 23324/27440 (epoch 68/80), loss = 1.486655 (112.730 sec/epoch), lr: 0.000775
Evaluating on dev set...
..................................................................
source: 	 mrr: 0.047976	 ndcg_5: 0.0410	 ndcg_10: 0.0501	 hit@1:0.019962	 hit@5:0.0621	 hit@10: 0.0909
target: 	 mrr: 0.040150	 ndcg_5: 0.0325	 ndcg_10: 0.0420	 hit@1:0.015882	 hit@5:0.0496	 hit@10: 0.0789
epoch 68: train_loss = 1.486655, source_mrr = 0.047976, source_hit@10 = 0.0909, source_ndcg@10 = 0.0501, target_mrr = 0.040150, target_hit@10 = 0.0789, target_ndcg@10 = 0.0420

2024-08-12 16:10:24.254187: step 23667/27440 (epoch 69/80), loss = 1.485509 (112.183 sec/epoch), lr: 0.000775
Evaluating on dev set...
..................................................................
source: 	 mrr: 0.033687	 ndcg_5: 0.0260	 ndcg_10: 0.0342	 hit@1:0.010456	 hit@5:0.0421	 hit@10: 0.0672
target: 	 mrr: 0.035732	 ndcg_5: 0.0278	 ndcg_10: 0.0372	 hit@1:0.009473	 hit@5:0.0460	 hit@10: 0.0750
epoch 69: train_loss = 1.485509, source_mrr = 0.033687, source_hit@10 = 0.0672, source_ndcg@10 = 0.0342, target_mrr = 0.035732, target_hit@10 = 0.0750, target_ndcg@10 = 0.0372

2024-08-12 16:12:17.778447: step 24010/27440 (epoch 70/80), loss = 1.480624 (112.169 sec/epoch), lr: 0.000736
Evaluating on dev set...
..................................................................
source: 	 mrr: 0.046526	 ndcg_5: 0.0372	 ndcg_10: 0.0489	 hit@1:0.018695	 hit@5:0.0558	 hit@10: 0.0925
target: 	 mrr: 0.041497	 ndcg_5: 0.0325	 ndcg_10: 0.0441	 hit@1:0.014767	 hit@5:0.0504	 hit@10: 0.0864
epoch 70: train_loss = 1.480624, source_mrr = 0.046526, source_hit@10 = 0.0925, source_ndcg@10 = 0.0489, target_mrr = 0.041497, target_hit@10 = 0.0864, target_ndcg@10 = 0.0441

2024-08-12 16:14:10.777156: step 24353/27440 (epoch 71/80), loss = 1.476449 (111.550 sec/epoch), lr: 0.000736
Evaluating on dev set...
..................................................................
source: 	 mrr: 0.046590	 ndcg_5: 0.0390	 ndcg_10: 0.0499	 hit@1:0.018378	 hit@5:0.0596	 hit@10: 0.0938
target: 	 mrr: 0.042050	 ndcg_5: 0.0345	 ndcg_10: 0.0442	 hit@1:0.016439	 hit@5:0.0529	 hit@10: 0.0830
epoch 71: train_loss = 1.476449, source_mrr = 0.046590, source_hit@10 = 0.0938, source_ndcg@10 = 0.0499, target_mrr = 0.042050, target_hit@10 = 0.0830, target_ndcg@10 = 0.0442

2024-08-12 16:16:05.517916: step 24696/27440 (epoch 72/80), loss = 1.475866 (113.357 sec/epoch), lr: 0.000736
Evaluating on dev set...
..................................................................
source: 	 mrr: 0.050408	 ndcg_5: 0.0437	 ndcg_10: 0.0535	 hit@1:0.019328	 hit@5:0.0678	 hit@10: 0.0982
target: 	 mrr: 0.040356	 ndcg_5: 0.0336	 ndcg_10: 0.0433	 hit@1:0.013931	 hit@5:0.0535	 hit@10: 0.0839
epoch 72: train_loss = 1.475866, source_mrr = 0.050408, source_hit@10 = 0.0982, source_ndcg@10 = 0.0535, target_mrr = 0.040356, target_hit@10 = 0.0839, target_ndcg@10 = 0.0433

2024-08-12 16:17:59.098102: step 25039/27440 (epoch 73/80), loss = 1.474050 (112.026 sec/epoch), lr: 0.000736
Evaluating on dev set...
..................................................................
source: 	 mrr: 0.050555	 ndcg_5: 0.0422	 ndcg_10: 0.0525	 hit@1:0.020913	 hit@5:0.0621	 hit@10: 0.0944
target: 	 mrr: 0.039139	 ndcg_5: 0.0311	 ndcg_10: 0.0403	 hit@1:0.013931	 hit@5:0.0485	 hit@10: 0.0772
epoch 73: train_loss = 1.474050, source_mrr = 0.050555, source_hit@10 = 0.0944, source_ndcg@10 = 0.0525, target_mrr = 0.039139, target_hit@10 = 0.0772, target_ndcg@10 = 0.0403

2024-08-12 16:19:48.308850: step 25382/27440 (epoch 74/80), loss = 1.470611 (107.659 sec/epoch), lr: 0.000699
Evaluating on dev set...
..................................................................
source: 	 mrr: 0.050976	 ndcg_5: 0.0417	 ndcg_10: 0.0529	 hit@1:0.021546	 hit@5:0.0615	 hit@10: 0.0963
target: 	 mrr: 0.043436	 ndcg_5: 0.0356	 ndcg_10: 0.0447	 hit@1:0.017275	 hit@5:0.0535	 hit@10: 0.0819
epoch 74: train_loss = 1.470611, source_mrr = 0.050976, source_hit@10 = 0.0963, source_ndcg@10 = 0.0529, target_mrr = 0.043436, target_hit@10 = 0.0819, target_ndcg@10 = 0.0447

2024-08-12 16:21:36.168790: step 25725/27440 (epoch 75/80), loss = 1.468547 (106.289 sec/epoch), lr: 0.000699
Evaluating on dev set...
..................................................................
source: 	 mrr: 0.051246	 ndcg_5: 0.0448	 ndcg_10: 0.0548	 hit@1:0.018061	 hit@5:0.0703	 hit@10: 0.1014
target: 	 mrr: 0.042446	 ndcg_5: 0.0346	 ndcg_10: 0.0452	 hit@1:0.015046	 hit@5:0.0554	 hit@10: 0.0880
epoch 75: train_loss = 1.468547, source_mrr = 0.051246, source_hit@10 = 0.1014, source_ndcg@10 = 0.0548, target_mrr = 0.042446, target_hit@10 = 0.0880, target_ndcg@10 = 0.0452

2024-08-12 16:23:24.485477: step 26068/27440 (epoch 76/80), loss = 1.464873 (106.830 sec/epoch), lr: 0.000664
Evaluating on dev set...
..................................................................
source: 	 mrr: 0.049594	 ndcg_5: 0.0417	 ndcg_10: 0.0528	 hit@1:0.017744	 hit@5:0.0650	 hit@10: 0.0992
target: 	 mrr: 0.045909	 ndcg_5: 0.0381	 ndcg_10: 0.0484	 hit@1:0.017554	 hit@5:0.0591	 hit@10: 0.0906
epoch 76: train_loss = 1.464873, source_mrr = 0.049594, source_hit@10 = 0.0992, source_ndcg@10 = 0.0528, target_mrr = 0.045909, target_hit@10 = 0.0906, target_ndcg@10 = 0.0484

2024-08-12 16:25:12.499255: step 26411/27440 (epoch 77/80), loss = 1.463384 (106.488 sec/epoch), lr: 0.000664
Evaluating on dev set...
..................................................................
source: 	 mrr: 0.024875	 ndcg_5: 0.0181	 ndcg_10: 0.0232	 hit@1:0.006971	 hit@5:0.0292	 hit@10: 0.0453
target: 	 mrr: 0.042572	 ndcg_5: 0.0344	 ndcg_10: 0.0458	 hit@1:0.014767	 hit@5:0.0543	 hit@10: 0.0900
epoch 77: train_loss = 1.463384, source_mrr = 0.024875, source_hit@10 = 0.0453, source_ndcg@10 = 0.0232, target_mrr = 0.042572, target_hit@10 = 0.0900, target_ndcg@10 = 0.0458

2024-08-12 16:26:58.489125: step 26754/27440 (epoch 78/80), loss = 1.461384 (104.399 sec/epoch), lr: 0.000631
Evaluating on dev set...
..................................................................
source: 	 mrr: 0.049135	 ndcg_5: 0.0400	 ndcg_10: 0.0531	 hit@1:0.019328	 hit@5:0.0596	 hit@10: 0.1004
target: 	 mrr: 0.044642	 ndcg_5: 0.0362	 ndcg_10: 0.0471	 hit@1:0.017554	 hit@5:0.0557	 hit@10: 0.0897
epoch 78: train_loss = 1.461384, source_mrr = 0.049135, source_hit@10 = 0.1004, source_ndcg@10 = 0.0531, target_mrr = 0.044642, target_hit@10 = 0.0897, target_ndcg@10 = 0.0471
early termination of training
source best:  source_mrr = 0.061524, source_hit@10 = 0.1242, source_ndcg@10 = 0.0673
target best:  target_mrr = 0.049627, target_hit@10 = 0.1023, target_ndcg@10 = 0.0535
