nohup: ignoring input
using gpu:1 to train the model
using gpu:1 to train the model
cuda:1
Namespace(A_split=False, JK='sum', a_fold=100, aggregate=False, alpha=0.5, batch_size=1024, beta_inter=0.2, conv_layers=4, cuda=True, decay_epoch=10, device=device(type='cuda', index=1), device_id='1', domains='cloth_sport', dropout=0.4, epoch=80, feature_dim=126, gamma_intra=0.8, hidden_dim=126, inter_tau=0.2, intra_tau=0.4, lambda_critic=0.1, leakey=0.05, load=False, log='logs.txt', log_epoch=1, lr=0.004, lr_decay=0.95, min_epoch=50, mode='train', model_file=None, model_name='cs', momentum=0.98, num_latent_factors=3, num_negative=100, optim='adam', patience=20, proj_layers=1, projection=1, rectify_epoch=30, residual=1, save=False, save_dir='./saved_models', seed=3097, similarity_tau=0.1, step=5, test_sample_number=999, user_batch_size=256, weight_decay=0.0002)
number_user 41829
number_item 17943
/home/hourun/invariantCDR_v2/invariantCDR/utils/GraphMaker.py:46: RuntimeWarning: divide by zero encountered in power
  r_inv = np.power(rowsum, -1).flatten()
real graph loaded!
number_user 27328
number_item 12655
real graph loaded!
graph loaded!
Loading data from cloth_sport with batch size 1024...
unseen test: 0
test length: 3156
unseen test: 0
test length: 3085
unseen test: 0
test length: 3589
unseen test: 0
test length: 3546
source_user_num 41829
target_user_num 27328
source_item_num 17943
target_item_num 12655
shared users id: 7857
test users 990, 982
unseen test: 0
dev length: 1000
unseen test: 0
dev length: 1000
source train data : 187880, target train data: 163291, source test data : 3085, target test data : 3546, source dev data : 1000, target dev data : 1000
2024-08-13 10:47:42.167305: step 343/27440 (epoch 1/80), loss = 2.222245 (50.317 sec/epoch), lr: 0.004000
Evaluating on dev set...
..................................................................
source: 	 mrr: 0.031829	 ndcg_5: 0.0223	 ndcg_10: 0.0329	 hit@1:0.007605	 hit@5:0.0380	 hit@10: 0.0707
target: 	 mrr: 0.034025	 ndcg_5: 0.0243	 ndcg_10: 0.0344	 hit@1:0.009473	 hit@5:0.0387	 hit@10: 0.0702
source best!
..............................
source: 	 mrr: 0.032014	 ndcg_5: 0.0217	 ndcg_10: 0.0324	 hit@1:0.007780	 hit@5:0.0350	 hit@10: 0.0687
target best!
...................................target: 	 mrr: 0.038263	 ndcg_5: 0.0310	 ndcg_10: 0.0409	 hit@1:0.011280	 hit@5:0.0510	 hit@10: 0.0818
epoch 1: train_loss = 2.222245, source_mrr = 0.032014, source_hit@10 = 0.0687, source_ndcg@10 = 0.0324, target_mrr = 0.038263, target_hit@10 = 0.0818, target_ndcg@10 = 0.0409

2024-08-13 10:48:33.923141: step 686/27440 (epoch 2/80), loss = 1.972677 (50.352 sec/epoch), lr: 0.004000
Evaluating on dev set...
..................................................................
source: 	 mrr: 0.041888	 ndcg_5: 0.0332	 ndcg_10: 0.0442	 hit@1:0.014575	 hit@5:0.0510	 hit@10: 0.0849
target: 	 mrr: 0.035655	 ndcg_5: 0.0256	 ndcg_10: 0.0357	 hit@1:0.011981	 hit@5:0.0396	 hit@10: 0.0708
source best!
..............................
source: 	 mrr: 0.041580	 ndcg_5: 0.0352	 ndcg_10: 0.0437	 hit@1:0.014587	 hit@5:0.0554	 hit@10: 0.0820
target best!
...................................target: 	 mrr: 0.036260	 ndcg_5: 0.0287	 ndcg_10: 0.0368	 hit@1:0.011280	 hit@5:0.0471	 hit@10: 0.0722
epoch 2: train_loss = 1.972677, source_mrr = 0.041580, source_hit@10 = 0.0820, source_ndcg@10 = 0.0437, target_mrr = 0.036260, target_hit@10 = 0.0722, target_ndcg@10 = 0.0368

2024-08-13 10:49:25.685009: step 1029/27440 (epoch 3/80), loss = 1.908097 (50.358 sec/epoch), lr: 0.004000
Evaluating on dev set...
..................................................................
source: 	 mrr: 0.042492	 ndcg_5: 0.0338	 ndcg_10: 0.0456	 hit@1:0.013942	 hit@5:0.0532	 hit@10: 0.0903
target: 	 mrr: 0.036912	 ndcg_5: 0.0280	 ndcg_10: 0.0390	 hit@1:0.011981	 hit@5:0.0454	 hit@10: 0.0797
source best!
..............................
source: 	 mrr: 0.040689	 ndcg_5: 0.0301	 ndcg_10: 0.0434	 hit@1:0.014263	 hit@5:0.0460	 hit@10: 0.0882
target best!
...................................target: 	 mrr: 0.036939	 ndcg_5: 0.0275	 ndcg_10: 0.0378	 hit@1:0.012126	 hit@5:0.0426	 hit@10: 0.0750
epoch 3: train_loss = 1.908097, source_mrr = 0.040689, source_hit@10 = 0.0882, source_ndcg@10 = 0.0434, target_mrr = 0.036939, target_hit@10 = 0.0750, target_ndcg@10 = 0.0378

2024-08-13 10:50:17.586341: step 1372/27440 (epoch 4/80), loss = 1.876950 (50.472 sec/epoch), lr: 0.004000
Evaluating on dev set...
..................................................................
source: 	 mrr: 0.039909	 ndcg_5: 0.0305	 ndcg_10: 0.0419	 hit@1:0.013625	 hit@5:0.0475	 hit@10: 0.0830
target: 	 mrr: 0.034659	 ndcg_5: 0.0256	 ndcg_10: 0.0363	 hit@1:0.010588	 hit@5:0.0407	 hit@10: 0.0738
epoch 4: train_loss = 1.876950, source_mrr = 0.039909, source_hit@10 = 0.0830, source_ndcg@10 = 0.0419, target_mrr = 0.034659, target_hit@10 = 0.0738, target_ndcg@10 = 0.0363

2024-08-13 10:51:08.451309: step 1715/27440 (epoch 5/80), loss = 1.851970 (50.117 sec/epoch), lr: 0.004000
Evaluating on dev set...
..................................................................
source: 	 mrr: 0.031653	 ndcg_5: 0.0224	 ndcg_10: 0.0330	 hit@1:0.009189	 hit@5:0.0364	 hit@10: 0.0694
target: 	 mrr: 0.035258	 ndcg_5: 0.0267	 ndcg_10: 0.0355	 hit@1:0.010588	 hit@5:0.0435	 hit@10: 0.0708
epoch 5: train_loss = 1.851970, source_mrr = 0.031653, source_hit@10 = 0.0694, source_ndcg@10 = 0.0330, target_mrr = 0.035258, target_hit@10 = 0.0708, target_ndcg@10 = 0.0355

2024-08-13 10:51:59.406132: step 2058/27440 (epoch 6/80), loss = 1.841763 (50.193 sec/epoch), lr: 0.004000
Evaluating on dev set...
..................................................................
source: 	 mrr: 0.030743	 ndcg_5: 0.0203	 ndcg_10: 0.0301	 hit@1:0.009506	 hit@5:0.0314	 hit@10: 0.0621
target: 	 mrr: 0.036134	 ndcg_5: 0.0281	 ndcg_10: 0.0373	 hit@1:0.010031	 hit@5:0.0476	 hit@10: 0.0766
epoch 6: train_loss = 1.841763, source_mrr = 0.030743, source_hit@10 = 0.0621, source_ndcg@10 = 0.0301, target_mrr = 0.036134, target_hit@10 = 0.0766, target_ndcg@10 = 0.0373

2024-08-13 10:52:50.330221: step 2401/27440 (epoch 7/80), loss = 1.831387 (50.193 sec/epoch), lr: 0.004000
Evaluating on dev set...
..................................................................
source: 	 mrr: 0.045765	 ndcg_5: 0.0368	 ndcg_10: 0.0480	 hit@1:0.017744	 hit@5:0.0558	 hit@10: 0.0903
target: 	 mrr: 0.038633	 ndcg_5: 0.0297	 ndcg_10: 0.0397	 hit@1:0.011981	 hit@5:0.0468	 hit@10: 0.0777
source best!
..............................
source: 	 mrr: 0.045812	 ndcg_5: 0.0380	 ndcg_10: 0.0487	 hit@1:0.016532	 hit@5:0.0583	 hit@10: 0.0914
target best!
...................................target: 	 mrr: 0.038458	 ndcg_5: 0.0292	 ndcg_10: 0.0390	 hit@1:0.012972	 hit@5:0.0448	 hit@10: 0.0756
epoch 7: train_loss = 1.831387, source_mrr = 0.045812, source_hit@10 = 0.0914, source_ndcg@10 = 0.0487, target_mrr = 0.038458, target_hit@10 = 0.0756, target_ndcg@10 = 0.0390

2024-08-13 10:53:42.288561: step 2744/27440 (epoch 8/80), loss = 1.830053 (50.567 sec/epoch), lr: 0.004000
Evaluating on dev set...
..................................................................
source: 	 mrr: 0.044825	 ndcg_5: 0.0351	 ndcg_10: 0.0480	 hit@1:0.013942	 hit@5:0.0567	 hit@10: 0.0966
target: 	 mrr: 0.035798	 ndcg_5: 0.0282	 ndcg_10: 0.0374	 hit@1:0.010031	 hit@5:0.0463	 hit@10: 0.0750
epoch 8: train_loss = 1.830053, source_mrr = 0.044825, source_hit@10 = 0.0966, source_ndcg@10 = 0.0480, target_mrr = 0.035798, target_hit@10 = 0.0750, target_ndcg@10 = 0.0374

2024-08-13 10:54:33.286010: step 3087/27440 (epoch 9/80), loss = 1.821348 (50.229 sec/epoch), lr: 0.004000
Evaluating on dev set...
..................................................................
source: 	 mrr: 0.036846	 ndcg_5: 0.0294	 ndcg_10: 0.0379	 hit@1:0.010773	 hit@5:0.0478	 hit@10: 0.0741
target: 	 mrr: 0.028446	 ndcg_5: 0.0213	 ndcg_10: 0.0283	 hit@1:0.006966	 hit@5:0.0357	 hit@10: 0.0577
epoch 9: train_loss = 1.821348, source_mrr = 0.036846, source_hit@10 = 0.0741, source_ndcg@10 = 0.0379, target_mrr = 0.028446, target_hit@10 = 0.0577, target_ndcg@10 = 0.0283

2024-08-13 10:55:25.129987: step 3430/27440 (epoch 10/80), loss = 1.815643 (51.079 sec/epoch), lr: 0.004000
Evaluating on dev set...
..................................................................
source: 	 mrr: 0.042786	 ndcg_5: 0.0334	 ndcg_10: 0.0430	 hit@1:0.016477	 hit@5:0.0504	 hit@10: 0.0808
target: 	 mrr: 0.034399	 ndcg_5: 0.0269	 ndcg_10: 0.0355	 hit@1:0.010309	 hit@5:0.0435	 hit@10: 0.0702
epoch 10: train_loss = 1.815643, source_mrr = 0.042786, source_hit@10 = 0.0808, source_ndcg@10 = 0.0430, target_mrr = 0.034399, target_hit@10 = 0.0702, target_ndcg@10 = 0.0355

2024-08-13 10:56:15.972237: step 3773/27440 (epoch 11/80), loss = 1.810380 (50.101 sec/epoch), lr: 0.004000
Evaluating on dev set...
..................................................................
source: 	 mrr: 0.028920	 ndcg_5: 0.0215	 ndcg_10: 0.0294	 hit@1:0.007921	 hit@5:0.0352	 hit@10: 0.0602
target: 	 mrr: 0.030612	 ndcg_5: 0.0225	 ndcg_10: 0.0314	 hit@1:0.010031	 hit@5:0.0351	 hit@10: 0.0630
epoch 11: train_loss = 1.810380, source_mrr = 0.028920, source_hit@10 = 0.0602, source_ndcg@10 = 0.0294, target_mrr = 0.030612, target_hit@10 = 0.0630, target_ndcg@10 = 0.0314

2024-08-13 10:57:06.947465: step 4116/27440 (epoch 12/80), loss = 1.802268 (50.220 sec/epoch), lr: 0.003800
Evaluating on dev set...
..................................................................
source: 	 mrr: 0.030540	 ndcg_5: 0.0226	 ndcg_10: 0.0311	 hit@1:0.007921	 hit@5:0.0377	 hit@10: 0.0643
target: 	 mrr: 0.038118	 ndcg_5: 0.0311	 ndcg_10: 0.0409	 hit@1:0.011702	 hit@5:0.0507	 hit@10: 0.0808
epoch 12: train_loss = 1.802268, source_mrr = 0.030540, source_hit@10 = 0.0643, source_ndcg@10 = 0.0311, target_mrr = 0.038118, target_hit@10 = 0.0808, target_ndcg@10 = 0.0409

2024-08-13 10:57:57.986853: step 4459/27440 (epoch 13/80), loss = 1.793467 (50.299 sec/epoch), lr: 0.003800
Evaluating on dev set...
..................................................................
source: 	 mrr: 0.048366	 ndcg_5: 0.0392	 ndcg_10: 0.0516	 hit@1:0.018061	 hit@5:0.0605	 hit@10: 0.0992
target: 	 mrr: 0.042987	 ndcg_5: 0.0346	 ndcg_10: 0.0450	 hit@1:0.015603	 hit@5:0.0535	 hit@10: 0.0855
source best!
..............................
source: 	 mrr: 0.047089	 ndcg_5: 0.0370	 ndcg_10: 0.0508	 hit@1:0.017828	 hit@5:0.0571	 hit@10: 0.0998
target best!
...................................target: 	 mrr: 0.040764	 ndcg_5: 0.0327	 ndcg_10: 0.0432	 hit@1:0.012408	 hit@5:0.0519	 hit@10: 0.0846
epoch 13: train_loss = 1.793467, source_mrr = 0.047089, source_hit@10 = 0.0998, source_ndcg@10 = 0.0508, target_mrr = 0.040764, target_hit@10 = 0.0846, target_ndcg@10 = 0.0432

2024-08-13 10:58:49.948310: step 4802/27440 (epoch 14/80), loss = 1.771750 (50.574 sec/epoch), lr: 0.003800
Evaluating on dev set...
..................................................................
source: 	 mrr: 0.049119	 ndcg_5: 0.0403	 ndcg_10: 0.0529	 hit@1:0.018695	 hit@5:0.0627	 hit@10: 0.1023
target: 	 mrr: 0.032108	 ndcg_5: 0.0250	 ndcg_10: 0.0335	 hit@1:0.007244	 hit@5:0.0435	 hit@10: 0.0697
source best!
..............................
source: 	 mrr: 0.049768	 ndcg_5: 0.0408	 ndcg_10: 0.0536	 hit@1:0.018476	 hit@5:0.0626	 hit@10: 0.1024
epoch 14: train_loss = 1.771750, source_mrr = 0.049768, source_hit@10 = 0.1024, source_ndcg@10 = 0.0536, target_mrr = 0.032108, target_hit@10 = 0.0697, target_ndcg@10 = 0.0335

2024-08-13 10:59:41.202279: step 5145/27440 (epoch 15/80), loss = 1.757913 (50.213 sec/epoch), lr: 0.003610
Evaluating on dev set...
..................................................................
source: 	 mrr: 0.028738	 ndcg_5: 0.0211	 ndcg_10: 0.0270	 hit@1:0.009189	 hit@5:0.0330	 hit@10: 0.0516
target: 	 mrr: 0.035279	 ndcg_5: 0.0274	 ndcg_10: 0.0364	 hit@1:0.012260	 hit@5:0.0432	 hit@10: 0.0711
epoch 15: train_loss = 1.757913, source_mrr = 0.028738, source_hit@10 = 0.0516, source_ndcg@10 = 0.0270, target_mrr = 0.035279, target_hit@10 = 0.0711, target_ndcg@10 = 0.0364

2024-08-13 11:00:32.708781: step 5488/27440 (epoch 16/80), loss = 1.752069 (50.760 sec/epoch), lr: 0.003429
Evaluating on dev set...
..................................................................
source: 	 mrr: 0.054501	 ndcg_5: 0.0458	 ndcg_10: 0.0588	 hit@1:0.021229	 hit@5:0.0697	 hit@10: 0.1103
target: 	 mrr: 0.038223	 ndcg_5: 0.0300	 ndcg_10: 0.0404	 hit@1:0.011424	 hit@5:0.0488	 hit@10: 0.0808
source best!
..............................
source: 	 mrr: 0.049663	 ndcg_5: 0.0403	 ndcg_10: 0.0550	 hit@1:0.018152	 hit@5:0.0642	 hit@10: 0.1096
epoch 16: train_loss = 1.752069, source_mrr = 0.049663, source_hit@10 = 0.1096, source_ndcg@10 = 0.0550, target_mrr = 0.038223, target_hit@10 = 0.0808, target_ndcg@10 = 0.0404

2024-08-13 11:01:24.101714: step 5831/27440 (epoch 17/80), loss = 1.744864 (50.338 sec/epoch), lr: 0.003429
Evaluating on dev set...
..................................................................
source: 	 mrr: 0.051509	 ndcg_5: 0.0433	 ndcg_10: 0.0548	 hit@1:0.021863	 hit@5:0.0650	 hit@10: 0.1011
target: 	 mrr: 0.036412	 ndcg_5: 0.0291	 ndcg_10: 0.0380	 hit@1:0.011981	 hit@5:0.0454	 hit@10: 0.0730
epoch 17: train_loss = 1.744864, source_mrr = 0.051509, source_hit@10 = 0.1011, source_ndcg@10 = 0.0548, target_mrr = 0.036412, target_hit@10 = 0.0730, target_ndcg@10 = 0.0380

2024-08-13 11:02:14.578612: step 6174/27440 (epoch 18/80), loss = 1.736083 (49.741 sec/epoch), lr: 0.003258
Evaluating on dev set...
..................................................................
source: 	 mrr: 0.042606	 ndcg_5: 0.0356	 ndcg_10: 0.0424	 hit@1:0.014892	 hit@5:0.0554	 hit@10: 0.0764
target: 	 mrr: 0.032671	 ndcg_5: 0.0245	 ndcg_10: 0.0322	 hit@1:0.011981	 hit@5:0.0371	 hit@10: 0.0605
epoch 18: train_loss = 1.736083, source_mrr = 0.042606, source_hit@10 = 0.0764, source_ndcg@10 = 0.0424, target_mrr = 0.032671, target_hit@10 = 0.0605, target_ndcg@10 = 0.0322

2024-08-13 11:03:05.969130: step 6517/27440 (epoch 19/80), loss = 1.731610 (50.655 sec/epoch), lr: 0.003095
Evaluating on dev set...
..................................................................
source: 	 mrr: 0.043226	 ndcg_5: 0.0355	 ndcg_10: 0.0446	 hit@1:0.017427	 hit@5:0.0539	 hit@10: 0.0821
target: 	 mrr: 0.038148	 ndcg_5: 0.0305	 ndcg_10: 0.0402	 hit@1:0.012538	 hit@5:0.0488	 hit@10: 0.0791
epoch 19: train_loss = 1.731610, source_mrr = 0.043226, source_hit@10 = 0.0821, source_ndcg@10 = 0.0446, target_mrr = 0.038148, target_hit@10 = 0.0791, target_ndcg@10 = 0.0402

2024-08-13 11:03:57.726934: step 6860/27440 (epoch 20/80), loss = 1.726467 (51.020 sec/epoch), lr: 0.003095
Evaluating on dev set...
..................................................................
source: 	 mrr: 0.047178	 ndcg_5: 0.0392	 ndcg_10: 0.0494	 hit@1:0.017110	 hit@5:0.0615	 hit@10: 0.0928
target: 	 mrr: 0.033717	 ndcg_5: 0.0250	 ndcg_10: 0.0362	 hit@1:0.008359	 hit@5:0.0418	 hit@10: 0.0766
epoch 20: train_loss = 1.726467, source_mrr = 0.047178, source_hit@10 = 0.0928, source_ndcg@10 = 0.0494, target_mrr = 0.033717, target_hit@10 = 0.0766, target_ndcg@10 = 0.0362

2024-08-13 11:04:49.206041: step 7203/27440 (epoch 21/80), loss = 1.718667 (50.747 sec/epoch), lr: 0.002940
Evaluating on dev set...
..................................................................
source: 	 mrr: 0.047198	 ndcg_5: 0.0362	 ndcg_10: 0.0509	 hit@1:0.018378	 hit@5:0.0545	 hit@10: 0.1001
target: 	 mrr: 0.040883	 ndcg_5: 0.0313	 ndcg_10: 0.0431	 hit@1:0.014489	 hit@5:0.0488	 hit@10: 0.0853
epoch 21: train_loss = 1.718667, source_mrr = 0.047198, source_hit@10 = 0.1001, source_ndcg@10 = 0.0509, target_mrr = 0.040883, target_hit@10 = 0.0853, target_ndcg@10 = 0.0431

2024-08-13 11:05:40.176337: step 7546/27440 (epoch 22/80), loss = 1.715573 (50.220 sec/epoch), lr: 0.002940
Evaluating on dev set...
..................................................................
source: 	 mrr: 0.047137	 ndcg_5: 0.0380	 ndcg_10: 0.0492	 hit@1:0.018061	 hit@5:0.0580	 hit@10: 0.0932
target: 	 mrr: 0.038410	 ndcg_5: 0.0308	 ndcg_10: 0.0405	 hit@1:0.010867	 hit@5:0.0513	 hit@10: 0.0814
epoch 22: train_loss = 1.715573, source_mrr = 0.047137, source_hit@10 = 0.0932, source_ndcg@10 = 0.0492, target_mrr = 0.038410, target_hit@10 = 0.0814, target_ndcg@10 = 0.0405

2024-08-13 11:06:31.040999: step 7889/27440 (epoch 23/80), loss = 1.709149 (50.088 sec/epoch), lr: 0.002793
Evaluating on dev set...
..................................................................
source: 	 mrr: 0.058215	 ndcg_5: 0.0501	 ndcg_10: 0.0624	 hit@1:0.024398	 hit@5:0.0754	 hit@10: 0.1144
target: 	 mrr: 0.031008	 ndcg_5: 0.0238	 ndcg_10: 0.0329	 hit@1:0.007802	 hit@5:0.0401	 hit@10: 0.0685
source best!
..............................
source: 	 mrr: 0.053478	 ndcg_5: 0.0443	 ndcg_10: 0.0569	 hit@1:0.021394	 hit@5:0.0677	 hit@10: 0.1070
epoch 23: train_loss = 1.709149, source_mrr = 0.053478, source_hit@10 = 0.1070, source_ndcg@10 = 0.0569, target_mrr = 0.031008, target_hit@10 = 0.0685, target_ndcg@10 = 0.0329

2024-08-13 11:07:22.333772: step 8232/27440 (epoch 24/80), loss = 1.705950 (50.253 sec/epoch), lr: 0.002793
Evaluating on dev set...
..................................................................
source: 	 mrr: 0.049127	 ndcg_5: 0.0407	 ndcg_10: 0.0506	 hit@1:0.018378	 hit@5:0.0627	 hit@10: 0.0938
target: 	 mrr: 0.035588	 ndcg_5: 0.0276	 ndcg_10: 0.0372	 hit@1:0.010031	 hit@5:0.0449	 hit@10: 0.0752
epoch 24: train_loss = 1.705950, source_mrr = 0.049127, source_hit@10 = 0.0938, source_ndcg@10 = 0.0506, target_mrr = 0.035588, target_hit@10 = 0.0752, target_ndcg@10 = 0.0372

2024-08-13 11:08:13.102265: step 8575/27440 (epoch 25/80), loss = 1.700562 (50.034 sec/epoch), lr: 0.002654
Evaluating on dev set...
..................................................................
source: 	 mrr: 0.052234	 ndcg_5: 0.0429	 ndcg_10: 0.0545	 hit@1:0.023131	 hit@5:0.0634	 hit@10: 0.0995
target: 	 mrr: 0.039988	 ndcg_5: 0.0302	 ndcg_10: 0.0420	 hit@1:0.013096	 hit@5:0.0476	 hit@10: 0.0844
epoch 25: train_loss = 1.700562, source_mrr = 0.052234, source_hit@10 = 0.0995, source_ndcg@10 = 0.0545, target_mrr = 0.039988, target_hit@10 = 0.0844, target_ndcg@10 = 0.0420

2024-08-13 11:09:04.693827: step 8918/27440 (epoch 26/80), loss = 1.696404 (50.820 sec/epoch), lr: 0.002654
Evaluating on dev set...
..................................................................
source: 	 mrr: 0.049426	 ndcg_5: 0.0413	 ndcg_10: 0.0538	 hit@1:0.017427	 hit@5:0.0659	 hit@10: 0.1042
target: 	 mrr: 0.036377	 ndcg_5: 0.0280	 ndcg_10: 0.0390	 hit@1:0.008359	 hit@5:0.0474	 hit@10: 0.0819
epoch 26: train_loss = 1.696404, source_mrr = 0.049426, source_hit@10 = 0.1042, source_ndcg@10 = 0.0538, target_mrr = 0.036377, target_hit@10 = 0.0819, target_ndcg@10 = 0.0390

2024-08-13 11:09:55.954340: step 9261/27440 (epoch 27/80), loss = 1.693435 (50.518 sec/epoch), lr: 0.002521
Evaluating on dev set...
..................................................................
source: 	 mrr: 0.043083	 ndcg_5: 0.0352	 ndcg_10: 0.0471	 hit@1:0.013942	 hit@5:0.0574	 hit@10: 0.0941
target: 	 mrr: 0.036266	 ndcg_5: 0.0288	 ndcg_10: 0.0383	 hit@1:0.011424	 hit@5:0.0471	 hit@10: 0.0766
epoch 27: train_loss = 1.693435, source_mrr = 0.043083, source_hit@10 = 0.0941, source_ndcg@10 = 0.0471, target_mrr = 0.036266, target_hit@10 = 0.0766, target_ndcg@10 = 0.0383

2024-08-13 11:10:46.889701: step 9604/27440 (epoch 28/80), loss = 1.687644 (50.202 sec/epoch), lr: 0.002395
Evaluating on dev set...
..................................................................
source: 	 mrr: 0.056521	 ndcg_5: 0.0475	 ndcg_10: 0.0597	 hit@1:0.025032	 hit@5:0.0707	 hit@10: 0.1090
target: 	 mrr: 0.033664	 ndcg_5: 0.0261	 ndcg_10: 0.0343	 hit@1:0.011981	 hit@5:0.0398	 hit@10: 0.0655
epoch 28: train_loss = 1.687644, source_mrr = 0.056521, source_hit@10 = 0.1090, source_ndcg@10 = 0.0597, target_mrr = 0.033664, target_hit@10 = 0.0655, target_ndcg@10 = 0.0343

2024-08-13 11:11:38.416670: step 9947/27440 (epoch 29/80), loss = 1.679716 (50.771 sec/epoch), lr: 0.002395
Evaluating on dev set...
..................................................................
source: 	 mrr: 0.050034	 ndcg_5: 0.0405	 ndcg_10: 0.0531	 hit@1:0.019328	 hit@5:0.0618	 hit@10: 0.1008
target: 	 mrr: 0.040729	 ndcg_5: 0.0329	 ndcg_10: 0.0439	 hit@1:0.013096	 hit@5:0.0535	 hit@10: 0.0880
epoch 29: train_loss = 1.679716, source_mrr = 0.050034, source_hit@10 = 0.1008, source_ndcg@10 = 0.0531, target_mrr = 0.040729, target_hit@10 = 0.0880, target_ndcg@10 = 0.0439

2024-08-13 11:12:29.675306: step 10290/27440 (epoch 30/80), loss = 1.681689 (50.520 sec/epoch), lr: 0.002395
Evaluating on dev set...
..................................................................
source: 	 mrr: 0.054912	 ndcg_5: 0.0459	 ndcg_10: 0.0592	 hit@1:0.021546	 hit@5:0.0697	 hit@10: 0.1112
target: 	 mrr: 0.040427	 ndcg_5: 0.0328	 ndcg_10: 0.0417	 hit@1:0.012817	 hit@5:0.0524	 hit@10: 0.0802
epoch 30: train_loss = 1.681689, source_mrr = 0.054912, source_hit@10 = 0.1112, source_ndcg@10 = 0.0592, target_mrr = 0.040427, target_hit@10 = 0.0802, target_ndcg@10 = 0.0417
shift to transfer learning mode

2024-08-13 11:13:20.773802: step 10633/27440 (epoch 31/80), loss = 1.681073 (50.362 sec/epoch), lr: 0.002395
Evaluating on dev set...
..................................................................
source: 	 mrr: 0.051308	 ndcg_5: 0.0423	 ndcg_10: 0.0558	 hit@1:0.019645	 hit@5:0.0653	 hit@10: 0.1074
target: 	 mrr: 0.041952	 ndcg_5: 0.0330	 ndcg_10: 0.0443	 hit@1:0.013931	 hit@5:0.0513	 hit@10: 0.0867
epoch 31: train_loss = 1.681073, source_mrr = 0.051308, source_hit@10 = 0.1074, source_ndcg@10 = 0.0558, target_mrr = 0.041952, target_hit@10 = 0.0867, target_ndcg@10 = 0.0443

2024-08-13 11:14:11.963612: step 10976/27440 (epoch 32/80), loss = 1.674563 (50.456 sec/epoch), lr: 0.002275
Evaluating on dev set...
..................................................................
source: 	 mrr: 0.052089	 ndcg_5: 0.0443	 ndcg_10: 0.0556	 hit@1:0.021229	 hit@5:0.0675	 hit@10: 0.1033
target: 	 mrr: 0.046009	 ndcg_5: 0.0381	 ndcg_10: 0.0486	 hit@1:0.018390	 hit@5:0.0574	 hit@10: 0.0903
target best!
...................................target: 	 mrr: 0.045299	 ndcg_5: 0.0366	 ndcg_10: 0.0485	 hit@1:0.017484	 hit@5:0.0561	 hit@10: 0.0928
epoch 32: train_loss = 1.674563, source_mrr = 0.052089, source_hit@10 = 0.1033, source_ndcg@10 = 0.0556, target_mrr = 0.045299, target_hit@10 = 0.0928, target_ndcg@10 = 0.0485

2024-08-13 11:15:03.816647: step 11319/27440 (epoch 33/80), loss = 1.670056 (50.759 sec/epoch), lr: 0.002275
Evaluating on dev set...
..................................................................
source: 	 mrr: 0.057104	 ndcg_5: 0.0492	 ndcg_10: 0.0622	 hit@1:0.024081	 hit@5:0.0757	 hit@10: 0.1163
target: 	 mrr: 0.039614	 ndcg_5: 0.0300	 ndcg_10: 0.0416	 hit@1:0.012538	 hit@5:0.0471	 hit@10: 0.0830
epoch 33: train_loss = 1.670056, source_mrr = 0.057104, source_hit@10 = 0.1163, source_ndcg@10 = 0.0622, target_mrr = 0.039614, target_hit@10 = 0.0830, target_ndcg@10 = 0.0416

2024-08-13 11:15:55.321475: step 11662/27440 (epoch 34/80), loss = 1.665609 (50.771 sec/epoch), lr: 0.002161
Evaluating on dev set...
..................................................................
source: 	 mrr: 0.049697	 ndcg_5: 0.0405	 ndcg_10: 0.0553	 hit@1:0.017427	 hit@5:0.0640	 hit@10: 0.1103
target: 	 mrr: 0.044228	 ndcg_5: 0.0350	 ndcg_10: 0.0481	 hit@1:0.015046	 hit@5:0.0549	 hit@10: 0.0956
epoch 34: train_loss = 1.665609, source_mrr = 0.049697, source_hit@10 = 0.1103, source_ndcg@10 = 0.0553, target_mrr = 0.044228, target_hit@10 = 0.0956, target_ndcg@10 = 0.0481

2024-08-13 11:16:46.337355: step 12005/27440 (epoch 35/80), loss = 1.655929 (50.279 sec/epoch), lr: 0.002053
Evaluating on dev set...
..................................................................
source: 	 mrr: 0.058701	 ndcg_5: 0.0492	 ndcg_10: 0.0633	 hit@1:0.024398	 hit@5:0.0738	 hit@10: 0.1179
target: 	 mrr: 0.036333	 ndcg_5: 0.0286	 ndcg_10: 0.0379	 hit@1:0.012817	 hit@5:0.0457	 hit@10: 0.0747
source best!
..............................
source: 	 mrr: 0.054690	 ndcg_5: 0.0463	 ndcg_10: 0.0610	 hit@1:0.019773	 hit@5:0.0716	 hit@10: 0.1173
epoch 35: train_loss = 1.655929, source_mrr = 0.054690, source_hit@10 = 0.1173, source_ndcg@10 = 0.0610, target_mrr = 0.036333, target_hit@10 = 0.0747, target_ndcg@10 = 0.0379

2024-08-13 11:17:38.268323: step 12348/27440 (epoch 36/80), loss = 1.657462 (50.878 sec/epoch), lr: 0.002053
Evaluating on dev set...
..................................................................
source: 	 mrr: 0.043240	 ndcg_5: 0.0336	 ndcg_10: 0.0453	 hit@1:0.015209	 hit@5:0.0523	 hit@10: 0.0887
target: 	 mrr: 0.041533	 ndcg_5: 0.0322	 ndcg_10: 0.0431	 hit@1:0.015603	 hit@5:0.0488	 hit@10: 0.0828
epoch 36: train_loss = 1.657462, source_mrr = 0.043240, source_hit@10 = 0.0887, source_ndcg@10 = 0.0453, target_mrr = 0.041533, target_hit@10 = 0.0828, target_ndcg@10 = 0.0431

2024-08-13 11:18:29.634480: step 12691/27440 (epoch 37/80), loss = 1.653154 (50.591 sec/epoch), lr: 0.001951
Evaluating on dev set...
..................................................................
source: 	 mrr: 0.048259	 ndcg_5: 0.0387	 ndcg_10: 0.0511	 hit@1:0.019328	 hit@5:0.0586	 hit@10: 0.0973
target: 	 mrr: 0.036547	 ndcg_5: 0.0289	 ndcg_10: 0.0382	 hit@1:0.011981	 hit@5:0.0457	 hit@10: 0.0747
epoch 37: train_loss = 1.653154, source_mrr = 0.048259, source_hit@10 = 0.0973, source_ndcg@10 = 0.0511, target_mrr = 0.036547, target_hit@10 = 0.0747, target_ndcg@10 = 0.0382

2024-08-13 11:19:21.298843: step 13034/27440 (epoch 38/80), loss = 1.651500 (50.908 sec/epoch), lr: 0.001951
Evaluating on dev set...
..................................................................
source: 	 mrr: 0.052799	 ndcg_5: 0.0447	 ndcg_10: 0.0574	 hit@1:0.020279	 hit@5:0.0700	 hit@10: 0.1096
target: 	 mrr: 0.044327	 ndcg_5: 0.0354	 ndcg_10: 0.0473	 hit@1:0.015882	 hit@5:0.0554	 hit@10: 0.0925
epoch 38: train_loss = 1.651500, source_mrr = 0.052799, source_hit@10 = 0.1096, source_ndcg@10 = 0.0574, target_mrr = 0.044327, target_hit@10 = 0.0925, target_ndcg@10 = 0.0473

2024-08-13 11:20:12.486355: step 13377/27440 (epoch 39/80), loss = 1.650346 (50.425 sec/epoch), lr: 0.001951
Evaluating on dev set...
..................................................................
source: 	 mrr: 0.055173	 ndcg_5: 0.0459	 ndcg_10: 0.0612	 hit@1:0.021229	 hit@5:0.0710	 hit@10: 0.1188
target: 	 mrr: 0.044563	 ndcg_5: 0.0352	 ndcg_10: 0.0487	 hit@1:0.013931	 hit@5:0.0577	 hit@10: 0.0997
epoch 39: train_loss = 1.650346, source_mrr = 0.055173, source_hit@10 = 0.1188, source_ndcg@10 = 0.0612, target_mrr = 0.044563, target_hit@10 = 0.0997, target_ndcg@10 = 0.0487

2024-08-13 11:21:03.825918: step 13720/27440 (epoch 40/80), loss = 1.644857 (50.604 sec/epoch), lr: 0.001951
Evaluating on dev set...
..................................................................
source: 	 mrr: 0.050439	 ndcg_5: 0.0410	 ndcg_10: 0.0529	 hit@1:0.020279	 hit@5:0.0615	 hit@10: 0.0989
target: 	 mrr: 0.034827	 ndcg_5: 0.0261	 ndcg_10: 0.0349	 hit@1:0.013374	 hit@5:0.0387	 hit@10: 0.0663
epoch 40: train_loss = 1.644857, source_mrr = 0.050439, source_hit@10 = 0.0989, source_ndcg@10 = 0.0529, target_mrr = 0.034827, target_hit@10 = 0.0663, target_ndcg@10 = 0.0349

2024-08-13 11:21:55.372893: step 14063/27440 (epoch 41/80), loss = 1.640866 (50.807 sec/epoch), lr: 0.001853
Evaluating on dev set...
..................................................................
source: 	 mrr: 0.047482	 ndcg_5: 0.0364	 ndcg_10: 0.0509	 hit@1:0.017110	 hit@5:0.0564	 hit@10: 0.1014
target: 	 mrr: 0.042914	 ndcg_5: 0.0349	 ndcg_10: 0.0466	 hit@1:0.013096	 hit@5:0.0568	 hit@10: 0.0931
epoch 41: train_loss = 1.640866, source_mrr = 0.047482, source_hit@10 = 0.1014, source_ndcg@10 = 0.0509, target_mrr = 0.042914, target_hit@10 = 0.0931, target_ndcg@10 = 0.0466

2024-08-13 11:22:46.437692: step 14406/27440 (epoch 42/80), loss = 1.638530 (50.319 sec/epoch), lr: 0.001853
Evaluating on dev set...
..................................................................
source: 	 mrr: 0.052592	 ndcg_5: 0.0447	 ndcg_10: 0.0575	 hit@1:0.020279	 hit@5:0.0697	 hit@10: 0.1103
target: 	 mrr: 0.043454	 ndcg_5: 0.0358	 ndcg_10: 0.0476	 hit@1:0.014210	 hit@5:0.0585	 hit@10: 0.0953
epoch 42: train_loss = 1.638530, source_mrr = 0.052592, source_hit@10 = 0.1103, source_ndcg@10 = 0.0575, target_mrr = 0.043454, target_hit@10 = 0.0953, target_ndcg@10 = 0.0476

2024-08-13 11:23:37.978216: step 14749/27440 (epoch 43/80), loss = 1.637932 (50.811 sec/epoch), lr: 0.001853
Evaluating on dev set...
..................................................................
source: 	 mrr: 0.051889	 ndcg_5: 0.0426	 ndcg_10: 0.0571	 hit@1:0.019011	 hit@5:0.0659	 hit@10: 0.1112
target: 	 mrr: 0.038661	 ndcg_5: 0.0305	 ndcg_10: 0.0390	 hit@1:0.014210	 hit@5:0.0468	 hit@10: 0.0736
epoch 43: train_loss = 1.637932, source_mrr = 0.051889, source_hit@10 = 0.1112, source_ndcg@10 = 0.0571, target_mrr = 0.038661, target_hit@10 = 0.0736, target_ndcg@10 = 0.0390

2024-08-13 11:24:29.226594: step 15092/27440 (epoch 44/80), loss = 1.631389 (50.519 sec/epoch), lr: 0.001761
Evaluating on dev set...
..................................................................
source: 	 mrr: 0.059243	 ndcg_5: 0.0501	 ndcg_10: 0.0651	 hit@1:0.024715	 hit@5:0.0751	 hit@10: 0.1217
target: 	 mrr: 0.040618	 ndcg_5: 0.0329	 ndcg_10: 0.0434	 hit@1:0.014210	 hit@5:0.0524	 hit@10: 0.0853
source best!
..............................
source: 	 mrr: 0.060060	 ndcg_5: 0.0512	 ndcg_10: 0.0643	 hit@1:0.025932	 hit@5:0.0755	 hit@10: 0.1164
epoch 44: train_loss = 1.631389, source_mrr = 0.060060, source_hit@10 = 0.1164, source_ndcg@10 = 0.0643, target_mrr = 0.040618, target_hit@10 = 0.0853, target_ndcg@10 = 0.0434

2024-08-13 11:25:21.251942: step 15435/27440 (epoch 45/80), loss = 1.627617 (50.985 sec/epoch), lr: 0.001761
Evaluating on dev set...
..................................................................
source: 	 mrr: 0.053797	 ndcg_5: 0.0450	 ndcg_10: 0.0589	 hit@1:0.020913	 hit@5:0.0691	 hit@10: 0.1128
target: 	 mrr: 0.046379	 ndcg_5: 0.0380	 ndcg_10: 0.0505	 hit@1:0.016439	 hit@5:0.0596	 hit@10: 0.0986
target best!
...................................target: 	 mrr: 0.046516	 ndcg_5: 0.0391	 ndcg_10: 0.0510	 hit@1:0.016920	 hit@5:0.0623	 hit@10: 0.0998
epoch 45: train_loss = 1.627617, source_mrr = 0.053797, source_hit@10 = 0.1128, source_ndcg@10 = 0.0589, target_mrr = 0.046516, target_hit@10 = 0.0998, target_ndcg@10 = 0.0510

2024-08-13 11:26:12.800775: step 15778/27440 (epoch 46/80), loss = 1.629173 (50.441 sec/epoch), lr: 0.001761
Evaluating on dev set...
..................................................................
source: 	 mrr: 0.054278	 ndcg_5: 0.0462	 ndcg_10: 0.0586	 hit@1:0.021546	 hit@5:0.0716	 hit@10: 0.1099
target: 	 mrr: 0.038678	 ndcg_5: 0.0302	 ndcg_10: 0.0412	 hit@1:0.013931	 hit@5:0.0482	 hit@10: 0.0822
epoch 46: train_loss = 1.629173, source_mrr = 0.054278, source_hit@10 = 0.1099, source_ndcg@10 = 0.0586, target_mrr = 0.038678, target_hit@10 = 0.0822, target_ndcg@10 = 0.0412

2024-08-13 11:27:03.694036: step 16121/27440 (epoch 47/80), loss = 1.621001 (50.134 sec/epoch), lr: 0.001672
Evaluating on dev set...
..................................................................
source: 	 mrr: 0.051511	 ndcg_5: 0.0421	 ndcg_10: 0.0565	 hit@1:0.017744	 hit@5:0.0662	 hit@10: 0.1109
target: 	 mrr: 0.043068	 ndcg_5: 0.0341	 ndcg_10: 0.0465	 hit@1:0.015882	 hit@5:0.0532	 hit@10: 0.0922
epoch 47: train_loss = 1.621001, source_mrr = 0.051511, source_hit@10 = 0.1109, source_ndcg@10 = 0.0565, target_mrr = 0.043068, target_hit@10 = 0.0922, target_ndcg@10 = 0.0465

2024-08-13 11:27:55.120091: step 16464/27440 (epoch 48/80), loss = 1.623371 (50.682 sec/epoch), lr: 0.001672
Evaluating on dev set...
..................................................................
source: 	 mrr: 0.058934	 ndcg_5: 0.0492	 ndcg_10: 0.0633	 hit@1:0.025349	 hit@5:0.0735	 hit@10: 0.1176
target: 	 mrr: 0.044421	 ndcg_5: 0.0346	 ndcg_10: 0.0473	 hit@1:0.016160	 hit@5:0.0532	 hit@10: 0.0931
epoch 48: train_loss = 1.623371, source_mrr = 0.058934, source_hit@10 = 0.1176, source_ndcg@10 = 0.0633, target_mrr = 0.044421, target_hit@10 = 0.0931, target_ndcg@10 = 0.0473

2024-08-13 11:28:45.879810: step 16807/27440 (epoch 49/80), loss = 1.621301 (50.009 sec/epoch), lr: 0.001672
Evaluating on dev set...
..................................................................
source: 	 mrr: 0.053068	 ndcg_5: 0.0446	 ndcg_10: 0.0584	 hit@1:0.020596	 hit@5:0.0688	 hit@10: 0.1115
target: 	 mrr: 0.035993	 ndcg_5: 0.0290	 ndcg_10: 0.0375	 hit@1:0.013653	 hit@5:0.0443	 hit@10: 0.0713
epoch 49: train_loss = 1.621301, source_mrr = 0.053068, source_hit@10 = 0.1115, source_ndcg@10 = 0.0584, target_mrr = 0.035993, target_hit@10 = 0.0713, target_ndcg@10 = 0.0375

2024-08-13 11:29:37.285537: step 17150/27440 (epoch 50/80), loss = 1.611786 (50.670 sec/epoch), lr: 0.001589
Evaluating on dev set...
..................................................................
source: 	 mrr: 0.049565	 ndcg_5: 0.0386	 ndcg_10: 0.0519	 hit@1:0.019645	 hit@5:0.0570	 hit@10: 0.0982
target: 	 mrr: 0.037459	 ndcg_5: 0.0283	 ndcg_10: 0.0380	 hit@1:0.015325	 hit@5:0.0412	 hit@10: 0.0713
epoch 50: train_loss = 1.611786, source_mrr = 0.049565, source_hit@10 = 0.0982, source_ndcg@10 = 0.0519, target_mrr = 0.037459, target_hit@10 = 0.0713, target_ndcg@10 = 0.0380

2024-08-13 11:30:28.222396: step 17493/27440 (epoch 51/80), loss = 1.607997 (50.204 sec/epoch), lr: 0.001509
Evaluating on dev set...
..................................................................
source: 	 mrr: 0.054393	 ndcg_5: 0.0453	 ndcg_10: 0.0594	 hit@1:0.020913	 hit@5:0.0703	 hit@10: 0.1138
target: 	 mrr: 0.041825	 ndcg_5: 0.0327	 ndcg_10: 0.0448	 hit@1:0.014489	 hit@5:0.0513	 hit@10: 0.0889
epoch 51: train_loss = 1.607997, source_mrr = 0.054393, source_hit@10 = 0.1138, source_ndcg@10 = 0.0594, target_mrr = 0.041825, target_hit@10 = 0.0889, target_ndcg@10 = 0.0448

2024-08-13 11:31:19.417917: step 17836/27440 (epoch 52/80), loss = 1.605019 (50.457 sec/epoch), lr: 0.001509
Evaluating on dev set...
..................................................................
source: 	 mrr: 0.054096	 ndcg_5: 0.0452	 ndcg_10: 0.0566	 hit@1:0.023764	 hit@5:0.0669	 hit@10: 0.1023
target: 	 mrr: 0.040707	 ndcg_5: 0.0316	 ndcg_10: 0.0429	 hit@1:0.012817	 hit@5:0.0507	 hit@10: 0.0858
epoch 52: train_loss = 1.605019, source_mrr = 0.054096, source_hit@10 = 0.1023, source_ndcg@10 = 0.0566, target_mrr = 0.040707, target_hit@10 = 0.0858, target_ndcg@10 = 0.0429

2024-08-13 11:32:10.379670: step 18179/27440 (epoch 53/80), loss = 1.604662 (50.226 sec/epoch), lr: 0.001434
Evaluating on dev set...
..................................................................
source: 	 mrr: 0.053045	 ndcg_5: 0.0435	 ndcg_10: 0.0573	 hit@1:0.020279	 hit@5:0.0665	 hit@10: 0.1096
target: 	 mrr: 0.038342	 ndcg_5: 0.0307	 ndcg_10: 0.0400	 hit@1:0.011981	 hit@5:0.0502	 hit@10: 0.0794
epoch 53: train_loss = 1.604662, source_mrr = 0.053045, source_hit@10 = 0.1096, source_ndcg@10 = 0.0573, target_mrr = 0.038342, target_hit@10 = 0.0794, target_ndcg@10 = 0.0400

2024-08-13 11:33:01.615593: step 18522/27440 (epoch 54/80), loss = 1.597429 (50.447 sec/epoch), lr: 0.001362
Evaluating on dev set...
..................................................................
source: 	 mrr: 0.058772	 ndcg_5: 0.0491	 ndcg_10: 0.0628	 hit@1:0.026299	 hit@5:0.0716	 hit@10: 0.1141
target: 	 mrr: 0.040773	 ndcg_5: 0.0314	 ndcg_10: 0.0437	 hit@1:0.013374	 hit@5:0.0499	 hit@10: 0.0883
epoch 54: train_loss = 1.597429, source_mrr = 0.058772, source_hit@10 = 0.1141, source_ndcg@10 = 0.0628, target_mrr = 0.040773, target_hit@10 = 0.0883, target_ndcg@10 = 0.0437

2024-08-13 11:33:52.777291: step 18865/27440 (epoch 55/80), loss = 1.596515 (50.412 sec/epoch), lr: 0.001362
Evaluating on dev set...
..................................................................
source: 	 mrr: 0.056612	 ndcg_5: 0.0492	 ndcg_10: 0.0602	 hit@1:0.024398	 hit@5:0.0738	 hit@10: 0.1077
target: 	 mrr: 0.045760	 ndcg_5: 0.0374	 ndcg_10: 0.0483	 hit@1:0.018668	 hit@5:0.0563	 hit@10: 0.0908
epoch 55: train_loss = 1.596515, source_mrr = 0.056612, source_hit@10 = 0.1077, source_ndcg@10 = 0.0602, target_mrr = 0.045760, target_hit@10 = 0.0908, target_ndcg@10 = 0.0483

2024-08-13 11:34:44.142227: step 19208/27440 (epoch 56/80), loss = 1.594371 (50.591 sec/epoch), lr: 0.001362
Evaluating on dev set...
..................................................................
source: 	 mrr: 0.047638	 ndcg_5: 0.0389	 ndcg_10: 0.0512	 hit@1:0.018061	 hit@5:0.0596	 hit@10: 0.0982
target: 	 mrr: 0.041675	 ndcg_5: 0.0333	 ndcg_10: 0.0442	 hit@1:0.015325	 hit@5:0.0513	 hit@10: 0.0847
epoch 56: train_loss = 1.594371, source_mrr = 0.047638, source_hit@10 = 0.0982, source_ndcg@10 = 0.0512, target_mrr = 0.041675, target_hit@10 = 0.0847, target_ndcg@10 = 0.0442

2024-08-13 11:35:35.306251: step 19551/27440 (epoch 57/80), loss = 1.592011 (50.382 sec/epoch), lr: 0.001294
Evaluating on dev set...
..................................................................
source: 	 mrr: 0.050021	 ndcg_5: 0.0405	 ndcg_10: 0.0531	 hit@1:0.019328	 hit@5:0.0615	 hit@10: 0.1004
target: 	 mrr: 0.044358	 ndcg_5: 0.0372	 ndcg_10: 0.0479	 hit@1:0.016439	 hit@5:0.0591	 hit@10: 0.0925
epoch 57: train_loss = 1.592011, source_mrr = 0.050021, source_hit@10 = 0.1004, source_ndcg@10 = 0.0531, target_mrr = 0.044358, target_hit@10 = 0.0925, target_ndcg@10 = 0.0479

2024-08-13 11:36:26.731885: step 19894/27440 (epoch 58/80), loss = 1.591084 (50.684 sec/epoch), lr: 0.001294
Evaluating on dev set...
..................................................................
source: 	 mrr: 0.049000	 ndcg_5: 0.0401	 ndcg_10: 0.0527	 hit@1:0.016793	 hit@5:0.0643	 hit@10: 0.1039
target: 	 mrr: 0.043752	 ndcg_5: 0.0369	 ndcg_10: 0.0473	 hit@1:0.013931	 hit@5:0.0599	 hit@10: 0.0922
epoch 58: train_loss = 1.591084, source_mrr = 0.049000, source_hit@10 = 0.1039, source_ndcg@10 = 0.0527, target_mrr = 0.043752, target_hit@10 = 0.0922, target_ndcg@10 = 0.0473

2024-08-13 11:37:17.248211: step 20237/27440 (epoch 59/80), loss = 1.582533 (49.748 sec/epoch), lr: 0.001229
Evaluating on dev set...
..................................................................
source: 	 mrr: 0.055843	 ndcg_5: 0.0469	 ndcg_10: 0.0613	 hit@1:0.018695	 hit@5:0.0732	 hit@10: 0.1179
target: 	 mrr: 0.040904	 ndcg_5: 0.0324	 ndcg_10: 0.0442	 hit@1:0.012538	 hit@5:0.0518	 hit@10: 0.0889
epoch 59: train_loss = 1.582533, source_mrr = 0.055843, source_hit@10 = 0.1179, source_ndcg@10 = 0.0613, target_mrr = 0.040904, target_hit@10 = 0.0889, target_ndcg@10 = 0.0442

2024-08-13 11:38:08.241703: step 20580/27440 (epoch 60/80), loss = 1.580723 (50.247 sec/epoch), lr: 0.001229
Evaluating on dev set...
..................................................................
source: 	 mrr: 0.053936	 ndcg_5: 0.0452	 ndcg_10: 0.0591	 hit@1:0.019645	 hit@5:0.0707	 hit@10: 0.1141
target: 	 mrr: 0.042446	 ndcg_5: 0.0335	 ndcg_10: 0.0443	 hit@1:0.016996	 hit@5:0.0507	 hit@10: 0.0841
epoch 60: train_loss = 1.580723, source_mrr = 0.053936, source_hit@10 = 0.1141, source_ndcg@10 = 0.0591, target_mrr = 0.042446, target_hit@10 = 0.0841, target_ndcg@10 = 0.0443

2024-08-13 11:38:59.372488: step 20923/27440 (epoch 61/80), loss = 1.577499 (50.392 sec/epoch), lr: 0.001168
Evaluating on dev set...
..................................................................
source: 	 mrr: 0.046634	 ndcg_5: 0.0383	 ndcg_10: 0.0498	 hit@1:0.016477	 hit@5:0.0608	 hit@10: 0.0970
target: 	 mrr: 0.041517	 ndcg_5: 0.0342	 ndcg_10: 0.0433	 hit@1:0.014210	 hit@5:0.0543	 hit@10: 0.0828
epoch 61: train_loss = 1.577499, source_mrr = 0.046634, source_hit@10 = 0.0970, source_ndcg@10 = 0.0498, target_mrr = 0.041517, target_hit@10 = 0.0828, target_ndcg@10 = 0.0433

2024-08-13 11:39:50.666636: step 21266/27440 (epoch 62/80), loss = 1.568872 (50.561 sec/epoch), lr: 0.001110
Evaluating on dev set...
..................................................................
source: 	 mrr: 0.054250	 ndcg_5: 0.0435	 ndcg_10: 0.0591	 hit@1:0.021863	 hit@5:0.0656	 hit@10: 0.1141
target: 	 mrr: 0.046398	 ndcg_5: 0.0370	 ndcg_10: 0.0487	 hit@1:0.017275	 hit@5:0.0557	 hit@10: 0.0919
target best!
...................................target: 	 mrr: 0.046769	 ndcg_5: 0.0389	 ndcg_10: 0.0519	 hit@1:0.016638	 hit@5:0.0620	 hit@10: 0.1024
epoch 62: train_loss = 1.568872, source_mrr = 0.054250, source_hit@10 = 0.1141, source_ndcg@10 = 0.0591, target_mrr = 0.046769, target_hit@10 = 0.1024, target_ndcg@10 = 0.0519

2024-08-13 11:40:42.119092: step 21609/27440 (epoch 63/80), loss = 1.568352 (50.368 sec/epoch), lr: 0.001110
Evaluating on dev set...
..................................................................
source: 	 mrr: 0.048307	 ndcg_5: 0.0401	 ndcg_10: 0.0522	 hit@1:0.017427	 hit@5:0.0637	 hit@10: 0.1014
target: 	 mrr: 0.045250	 ndcg_5: 0.0373	 ndcg_10: 0.0487	 hit@1:0.015325	 hit@5:0.0585	 hit@10: 0.0939
epoch 63: train_loss = 1.568352, source_mrr = 0.048307, source_hit@10 = 0.1014, source_ndcg@10 = 0.0522, target_mrr = 0.045250, target_hit@10 = 0.0939, target_ndcg@10 = 0.0487

2024-08-13 11:41:33.432457: step 21952/27440 (epoch 64/80), loss = 1.563262 (50.565 sec/epoch), lr: 0.001054
Evaluating on dev set...
..................................................................
source: 	 mrr: 0.046859	 ndcg_5: 0.0375	 ndcg_10: 0.0503	 hit@1:0.017427	 hit@5:0.0580	 hit@10: 0.0982
target: 	 mrr: 0.038539	 ndcg_5: 0.0297	 ndcg_10: 0.0399	 hit@1:0.013374	 hit@5:0.0460	 hit@10: 0.0772
epoch 64: train_loss = 1.563262, source_mrr = 0.046859, source_hit@10 = 0.0982, source_ndcg@10 = 0.0503, target_mrr = 0.038539, target_hit@10 = 0.0772, target_ndcg@10 = 0.0399

2024-08-13 11:42:24.178150: step 22295/27440 (epoch 65/80), loss = 1.554613 (49.997 sec/epoch), lr: 0.001001
Evaluating on dev set...
..................................................................
source: 	 mrr: 0.054249	 ndcg_5: 0.0448	 ndcg_10: 0.0592	 hit@1:0.021229	 hit@5:0.0691	 hit@10: 0.1131
target: 	 mrr: 0.043660	 ndcg_5: 0.0346	 ndcg_10: 0.0456	 hit@1:0.016718	 hit@5:0.0524	 hit@10: 0.0867
epoch 65: train_loss = 1.554613, source_mrr = 0.054249, source_hit@10 = 0.1131, source_ndcg@10 = 0.0592, target_mrr = 0.043660, target_hit@10 = 0.0867, target_ndcg@10 = 0.0456

2024-08-13 11:43:15.389403: step 22638/27440 (epoch 66/80), loss = 1.551476 (50.477 sec/epoch), lr: 0.001001
Evaluating on dev set...
..................................................................
source: 	 mrr: 0.051661	 ndcg_5: 0.0429	 ndcg_10: 0.0548	 hit@1:0.019645	 hit@5:0.0653	 hit@10: 0.1023
target: 	 mrr: 0.041469	 ndcg_5: 0.0326	 ndcg_10: 0.0426	 hit@1:0.015882	 hit@5:0.0485	 hit@10: 0.0797
epoch 66: train_loss = 1.551476, source_mrr = 0.051661, source_hit@10 = 0.1023, source_ndcg@10 = 0.0548, target_mrr = 0.041469, target_hit@10 = 0.0797, target_ndcg@10 = 0.0426

2024-08-13 11:44:06.336283: step 22981/27440 (epoch 67/80), loss = 1.542745 (50.202 sec/epoch), lr: 0.000951
Evaluating on dev set...
..................................................................
source: 	 mrr: 0.055970	 ndcg_5: 0.0473	 ndcg_10: 0.0616	 hit@1:0.022180	 hit@5:0.0726	 hit@10: 0.1166
target: 	 mrr: 0.043465	 ndcg_5: 0.0357	 ndcg_10: 0.0457	 hit@1:0.015046	 hit@5:0.0566	 hit@10: 0.0875
epoch 67: train_loss = 1.542745, source_mrr = 0.055970, source_hit@10 = 0.1166, source_ndcg@10 = 0.0616, target_mrr = 0.043465, target_hit@10 = 0.0875, target_ndcg@10 = 0.0457

2024-08-13 11:44:57.485236: step 23324/27440 (epoch 68/80), loss = 1.535721 (50.416 sec/epoch), lr: 0.000951
Evaluating on dev set...
..................................................................
source: 	 mrr: 0.055557	 ndcg_5: 0.0458	 ndcg_10: 0.0591	 hit@1:0.025349	 hit@5:0.0675	 hit@10: 0.1090
target: 	 mrr: 0.043634	 ndcg_5: 0.0342	 ndcg_10: 0.0455	 hit@1:0.016160	 hit@5:0.0521	 hit@10: 0.0875
epoch 68: train_loss = 1.535721, source_mrr = 0.055557, source_hit@10 = 0.1090, source_ndcg@10 = 0.0591, target_mrr = 0.043634, target_hit@10 = 0.0875, target_ndcg@10 = 0.0455

2024-08-13 11:45:48.614479: step 23667/27440 (epoch 69/80), loss = 1.528613 (50.391 sec/epoch), lr: 0.000904
Evaluating on dev set...
..................................................................
source: 	 mrr: 0.059419	 ndcg_5: 0.0526	 ndcg_10: 0.0632	 hit@1:0.026933	 hit@5:0.0786	 hit@10: 0.1115
target: 	 mrr: 0.041704	 ndcg_5: 0.0338	 ndcg_10: 0.0453	 hit@1:0.013096	 hit@5:0.0546	 hit@10: 0.0906
source best!
..............................
source: 	 mrr: 0.054615	 ndcg_5: 0.0476	 ndcg_10: 0.0595	 hit@1:0.020097	 hit@5:0.0746	 hit@10: 0.1109
epoch 69: train_loss = 1.528613, source_mrr = 0.054615, source_hit@10 = 0.1109, source_ndcg@10 = 0.0595, target_mrr = 0.041704, target_hit@10 = 0.0906, target_ndcg@10 = 0.0453

2024-08-13 11:46:39.860585: step 24010/27440 (epoch 70/80), loss = 1.524477 (50.200 sec/epoch), lr: 0.000904
Evaluating on dev set...
..................................................................
source: 	 mrr: 0.058466	 ndcg_5: 0.0506	 ndcg_10: 0.0645	 hit@1:0.024081	 hit@5:0.0779	 hit@10: 0.1207
target: 	 mrr: 0.036454	 ndcg_5: 0.0290	 ndcg_10: 0.0372	 hit@1:0.012260	 hit@5:0.0451	 hit@10: 0.0708
epoch 70: train_loss = 1.524477, source_mrr = 0.058466, source_hit@10 = 0.1207, source_ndcg@10 = 0.0645, target_mrr = 0.036454, target_hit@10 = 0.0708, target_ndcg@10 = 0.0372

2024-08-13 11:47:31.069564: step 24353/27440 (epoch 71/80), loss = 1.514712 (50.456 sec/epoch), lr: 0.000859
Evaluating on dev set...
..................................................................
source: 	 mrr: 0.049007	 ndcg_5: 0.0411	 ndcg_10: 0.0529	 hit@1:0.015843	 hit@5:0.0659	 hit@10: 0.1027
target: 	 mrr: 0.039265	 ndcg_5: 0.0300	 ndcg_10: 0.0384	 hit@1:0.016439	 hit@5:0.0432	 hit@10: 0.0694
epoch 71: train_loss = 1.514712, source_mrr = 0.049007, source_hit@10 = 0.1027, source_ndcg@10 = 0.0529, target_mrr = 0.039265, target_hit@10 = 0.0694, target_ndcg@10 = 0.0384

2024-08-13 11:48:22.864690: step 24696/27440 (epoch 72/80), loss = 1.511681 (51.055 sec/epoch), lr: 0.000816
Evaluating on dev set...
..................................................................
source: 	 mrr: 0.059825	 ndcg_5: 0.0512	 ndcg_10: 0.0649	 hit@1:0.026299	 hit@5:0.0767	 hit@10: 0.1195
target: 	 mrr: 0.039295	 ndcg_5: 0.0309	 ndcg_10: 0.0396	 hit@1:0.014767	 hit@5:0.0468	 hit@10: 0.0738
source best!
..............................
source: 	 mrr: 0.057453	 ndcg_5: 0.0487	 ndcg_10: 0.0621	 hit@1:0.023015	 hit@5:0.0736	 hit@10: 0.1151
epoch 72: train_loss = 1.511681, source_mrr = 0.057453, source_hit@10 = 0.1151, source_ndcg@10 = 0.0621, target_mrr = 0.039295, target_hit@10 = 0.0738, target_ndcg@10 = 0.0396

2024-08-13 11:49:14.376848: step 25039/27440 (epoch 73/80), loss = 1.503609 (50.471 sec/epoch), lr: 0.000816
Evaluating on dev set...
..................................................................
source: 	 mrr: 0.049912	 ndcg_5: 0.0415	 ndcg_10: 0.0530	 hit@1:0.020279	 hit@5:0.0631	 hit@10: 0.0989
target: 	 mrr: 0.039329	 ndcg_5: 0.0313	 ndcg_10: 0.0414	 hit@1:0.012260	 hit@5:0.0504	 hit@10: 0.0819
epoch 73: train_loss = 1.503609, source_mrr = 0.049912, source_hit@10 = 0.0989, source_ndcg@10 = 0.0530, target_mrr = 0.039329, target_hit@10 = 0.0819, target_ndcg@10 = 0.0414

2024-08-13 11:50:05.307378: step 25382/27440 (epoch 74/80), loss = 1.500869 (50.187 sec/epoch), lr: 0.000775
Evaluating on dev set...
..................................................................
source: 	 mrr: 0.051922	 ndcg_5: 0.0439	 ndcg_10: 0.0550	 hit@1:0.021229	 hit@5:0.0669	 hit@10: 0.1017
target: 	 mrr: 0.044136	 ndcg_5: 0.0358	 ndcg_10: 0.0464	 hit@1:0.016718	 hit@5:0.0546	 hit@10: 0.0878
epoch 74: train_loss = 1.500869, source_mrr = 0.051922, source_hit@10 = 0.1017, source_ndcg@10 = 0.0550, target_mrr = 0.044136, target_hit@10 = 0.0878, target_ndcg@10 = 0.0464

2024-08-13 11:50:56.095068: step 25725/27440 (epoch 75/80), loss = 1.499000 (50.058 sec/epoch), lr: 0.000775
Evaluating on dev set...
..................................................................
source: 	 mrr: 0.052775	 ndcg_5: 0.0458	 ndcg_10: 0.0585	 hit@1:0.021229	 hit@5:0.0707	 hit@10: 0.1106
target: 	 mrr: 0.039942	 ndcg_5: 0.0309	 ndcg_10: 0.0406	 hit@1:0.015325	 hit@5:0.0457	 hit@10: 0.0761
epoch 75: train_loss = 1.499000, source_mrr = 0.052775, source_hit@10 = 0.1106, source_ndcg@10 = 0.0585, target_mrr = 0.039942, target_hit@10 = 0.0761, target_ndcg@10 = 0.0406

2024-08-13 11:51:46.536541: step 26068/27440 (epoch 76/80), loss = 1.492479 (49.674 sec/epoch), lr: 0.000736
Evaluating on dev set...
..................................................................
source: 	 mrr: 0.049412	 ndcg_5: 0.0416	 ndcg_10: 0.0523	 hit@1:0.019645	 hit@5:0.0627	 hit@10: 0.0963
target: 	 mrr: 0.041239	 ndcg_5: 0.0320	 ndcg_10: 0.0440	 hit@1:0.014489	 hit@5:0.0493	 hit@10: 0.0867
epoch 76: train_loss = 1.492479, source_mrr = 0.049412, source_hit@10 = 0.0963, source_ndcg@10 = 0.0523, target_mrr = 0.041239, target_hit@10 = 0.0867, target_ndcg@10 = 0.0440

2024-08-13 11:52:35.904447: step 26411/27440 (epoch 77/80), loss = 1.488320 (48.639 sec/epoch), lr: 0.000699
Evaluating on dev set...
..................................................................
source: 	 mrr: 0.055817	 ndcg_5: 0.0475	 ndcg_10: 0.0607	 hit@1:0.022497	 hit@5:0.0716	 hit@10: 0.1128
target: 	 mrr: 0.039346	 ndcg_5: 0.0316	 ndcg_10: 0.0418	 hit@1:0.010588	 hit@5:0.0521	 hit@10: 0.0839
epoch 77: train_loss = 1.488320, source_mrr = 0.055817, source_hit@10 = 0.1128, source_ndcg@10 = 0.0607, target_mrr = 0.039346, target_hit@10 = 0.0839, target_ndcg@10 = 0.0418

2024-08-13 11:53:25.404227: step 26754/27440 (epoch 78/80), loss = 1.481510 (48.778 sec/epoch), lr: 0.000699
Evaluating on dev set...
..................................................................
source: 	 mrr: 0.051072	 ndcg_5: 0.0428	 ndcg_10: 0.0546	 hit@1:0.019962	 hit@5:0.0650	 hit@10: 0.1014
target: 	 mrr: 0.044383	 ndcg_5: 0.0361	 ndcg_10: 0.0477	 hit@1:0.016160	 hit@5:0.0560	 hit@10: 0.0922
epoch 78: train_loss = 1.481510, source_mrr = 0.051072, source_hit@10 = 0.1014, source_ndcg@10 = 0.0546, target_mrr = 0.044383, target_hit@10 = 0.0922, target_ndcg@10 = 0.0477

2024-08-13 11:54:14.167933: step 27097/27440 (epoch 79/80), loss = 1.480531 (48.040 sec/epoch), lr: 0.000699
Evaluating on dev set...
..................................................................
source: 	 mrr: 0.056559	 ndcg_5: 0.0478	 ndcg_10: 0.0603	 hit@1:0.025665	 hit@5:0.0700	 hit@10: 0.1090
target: 	 mrr: 0.044993	 ndcg_5: 0.0358	 ndcg_10: 0.0466	 hit@1:0.018668	 hit@5:0.0524	 hit@10: 0.0861
epoch 79: train_loss = 1.480531, source_mrr = 0.056559, source_hit@10 = 0.1090, source_ndcg@10 = 0.0603, target_mrr = 0.044993, target_hit@10 = 0.0861, target_ndcg@10 = 0.0466

2024-08-13 11:55:03.020370: step 27440/27440 (epoch 80/80), loss = 1.470959 (48.131 sec/epoch), lr: 0.000699
Evaluating on dev set...
..................................................................
source: 	 mrr: 0.046897	 ndcg_5: 0.0385	 ndcg_10: 0.0495	 hit@1:0.019645	 hit@5:0.0577	 hit@10: 0.0919
target: 	 mrr: 0.044053	 ndcg_5: 0.0372	 ndcg_10: 0.0474	 hit@1:0.016439	 hit@5:0.0582	 hit@10: 0.0894
epoch 80: train_loss = 1.470959, source_mrr = 0.046897, source_hit@10 = 0.0919, source_ndcg@10 = 0.0495, target_mrr = 0.044053, target_hit@10 = 0.0894, target_ndcg@10 = 0.0474

source best:  source_mrr = 0.059243, source_hit@10 = 0.1217, source_ndcg@10 = 0.0651
target best:  target_mrr = 0.044563, target_hit@10 = 0.0997, target_ndcg@10 = 0.0487
