nohup: ignoring input
using gpu:1 to train the model
using gpu:1 to train the model
cuda:1
Namespace(A_split=False, JK='sum', a_fold=100, aggregate=False, alpha=0.5, batch_size=1024, beta_inter=0.2, conv_layers=4, cuda=True, decay_epoch=10, device=device(type='cuda', index=1), device_id='1', domains='cloth_sport', dropout=0.4, epoch=80, feature_dim=126, gamma_intra=0.8, hidden_dim=126, inter_tau=0.2, intra_tau=0.4, lambda_critic=0.1, leakey=0.05, load=False, log='logs.txt', log_epoch=1, lr=0.004, lr_decay=0.95, min_epoch=60, mode='train', model_file=None, model_name='cs', momentum=0.98, num_latent_factors=3, num_negative=100, optim='adam', patience=20, proj_layers=1, projection=1, rectify_epoch=40, residual=1, save=False, save_dir='./saved_models', seed=2040, similarity_tau=0.3, step=1, test_sample_number=999, user_batch_size=256, weight_decay=0.0002)
number_user 41829
number_item 17943
/home/hourun/invariantCDR_v2/invariantCDR/utils/GraphMaker.py:46: RuntimeWarning: divide by zero encountered in power
  r_inv = np.power(rowsum, -1).flatten()
real graph loaded!
number_user 27328
number_item 12655
real graph loaded!
graph loaded!
Loading data from cloth_sport with batch size 1024...
unseen test: 0
test length: 3156
unseen test: 0
test length: 3085
unseen test: 0
test length: 3589
unseen test: 0
test length: 3546
source_user_num 41829
target_user_num 27328
source_item_num 17943
target_item_num 12655
shared users id: 7857
test users 990, 982
unseen test: 0
dev length: 1000
unseen test: 0
dev length: 1000
source train data : 187880, target train data: 163291, source test data : 3085, target test data : 3546, source dev data : 1000, target dev data : 1000
2024-08-13 22:28:38.350697: step 343/27440 (epoch 1/80), loss = 2.266767 (49.275 sec/epoch), lr: 0.004000
Evaluating on dev set...
..................................................................
source: 	 mrr: 0.040853	 ndcg_5: 0.0304	 ndcg_10: 0.0440	 hit@1:0.011724	 hit@5:0.0488	 hit@10: 0.0913
target: 	 mrr: 0.031569	 ndcg_5: 0.0218	 ndcg_10: 0.0313	 hit@1:0.010588	 hit@5:0.0334	 hit@10: 0.0630
source best!
..............................
source: 	 mrr: 0.040717	 ndcg_5: 0.0318	 ndcg_10: 0.0416	 hit@1:0.013938	 hit@5:0.0493	 hit@10: 0.0797
target best!
...................................target: 	 mrr: 0.032735	 ndcg_5: 0.0241	 ndcg_10: 0.0337	 hit@1:0.011280	 hit@5:0.0369	 hit@10: 0.0668
epoch 1: train_loss = 2.266767, source_mrr = 0.040717, source_hit@10 = 0.0797, source_ndcg@10 = 0.0416, target_mrr = 0.032735, target_hit@10 = 0.0668, target_ndcg@10 = 0.0337

2024-08-13 22:29:30.418270: step 686/27440 (epoch 2/80), loss = 2.022420 (50.638 sec/epoch), lr: 0.004000
Evaluating on dev set...
..................................................................
source: 	 mrr: 0.023898	 ndcg_5: 0.0168	 ndcg_10: 0.0237	 hit@1:0.006337	 hit@5:0.0272	 hit@10: 0.0491
target: 	 mrr: 0.034847	 ndcg_5: 0.0261	 ndcg_10: 0.0356	 hit@1:0.011702	 hit@5:0.0415	 hit@10: 0.0711
target best!
...................................target: 	 mrr: 0.036830	 ndcg_5: 0.0281	 ndcg_10: 0.0396	 hit@1:0.011280	 hit@5:0.0454	 hit@10: 0.0815
epoch 2: train_loss = 2.022420, source_mrr = 0.023898, source_hit@10 = 0.0491, source_ndcg@10 = 0.0237, target_mrr = 0.036830, target_hit@10 = 0.0815, target_ndcg@10 = 0.0396

2024-08-13 22:30:22.705749: step 1029/27440 (epoch 3/80), loss = 1.973422 (51.186 sec/epoch), lr: 0.004000
Evaluating on dev set...
..................................................................
source: 	 mrr: 0.037951	 ndcg_5: 0.0289	 ndcg_10: 0.0408	 hit@1:0.011090	 hit@5:0.0469	 hit@10: 0.0837
target: 	 mrr: 0.034882	 ndcg_5: 0.0262	 ndcg_10: 0.0362	 hit@1:0.009195	 hit@5:0.0426	 hit@10: 0.0738
target best!
...................................target: 	 mrr: 0.034137	 ndcg_5: 0.0249	 ndcg_10: 0.0351	 hit@1:0.010152	 hit@5:0.0398	 hit@10: 0.0719
epoch 3: train_loss = 1.973422, source_mrr = 0.037951, source_hit@10 = 0.0837, source_ndcg@10 = 0.0408, target_mrr = 0.034137, target_hit@10 = 0.0719, target_ndcg@10 = 0.0351

2024-08-13 22:31:14.559958: step 1372/27440 (epoch 4/80), loss = 1.942594 (50.733 sec/epoch), lr: 0.004000
Evaluating on dev set...
..................................................................
source: 	 mrr: 0.045464	 ndcg_5: 0.0374	 ndcg_10: 0.0489	 hit@1:0.016793	 hit@5:0.0583	 hit@10: 0.0938
target: 	 mrr: 0.037432	 ndcg_5: 0.0298	 ndcg_10: 0.0384	 hit@1:0.013374	 hit@5:0.0463	 hit@10: 0.0733
source best!
..............................
source: 	 mrr: 0.041363	 ndcg_5: 0.0340	 ndcg_10: 0.0432	 hit@1:0.013938	 hit@5:0.0535	 hit@10: 0.0820
target best!
...................................target: 	 mrr: 0.035518	 ndcg_5: 0.0271	 ndcg_10: 0.0366	 hit@1:0.012690	 hit@5:0.0412	 hit@10: 0.0708
epoch 4: train_loss = 1.942594, source_mrr = 0.041363, source_hit@10 = 0.0820, source_ndcg@10 = 0.0432, target_mrr = 0.035518, target_hit@10 = 0.0708, target_ndcg@10 = 0.0366

2024-08-13 22:32:06.690441: step 1715/27440 (epoch 5/80), loss = 1.920829 (50.725 sec/epoch), lr: 0.004000
Evaluating on dev set...
..................................................................
source: 	 mrr: 0.046751	 ndcg_5: 0.0383	 ndcg_10: 0.0504	 hit@1:0.016793	 hit@5:0.0602	 hit@10: 0.0982
target: 	 mrr: 0.035759	 ndcg_5: 0.0272	 ndcg_10: 0.0366	 hit@1:0.012260	 hit@5:0.0418	 hit@10: 0.0713
source best!
..............................
source: 	 mrr: 0.041965	 ndcg_5: 0.0310	 ndcg_10: 0.0420	 hit@1:0.016207	 hit@5:0.0473	 hit@10: 0.0814
epoch 5: train_loss = 1.920829, source_mrr = 0.041965, source_hit@10 = 0.0814, source_ndcg@10 = 0.0420, target_mrr = 0.035759, target_hit@10 = 0.0713, target_ndcg@10 = 0.0366

2024-08-13 22:32:58.364271: step 2058/27440 (epoch 6/80), loss = 1.904477 (50.609 sec/epoch), lr: 0.004000
Evaluating on dev set...
..................................................................
source: 	 mrr: 0.047614	 ndcg_5: 0.0386	 ndcg_10: 0.0489	 hit@1:0.017427	 hit@5:0.0593	 hit@10: 0.0916
target: 	 mrr: 0.036819	 ndcg_5: 0.0292	 ndcg_10: 0.0387	 hit@1:0.010031	 hit@5:0.0482	 hit@10: 0.0775
source best!
..............................
source: 	 mrr: 0.046402	 ndcg_5: 0.0365	 ndcg_10: 0.0469	 hit@1:0.019449	 hit@5:0.0535	 hit@10: 0.0859
epoch 6: train_loss = 1.904477, source_mrr = 0.046402, source_hit@10 = 0.0859, source_ndcg@10 = 0.0469, target_mrr = 0.036819, target_hit@10 = 0.0775, target_ndcg@10 = 0.0387

2024-08-13 22:33:50.013625: step 2401/27440 (epoch 7/80), loss = 1.893955 (50.613 sec/epoch), lr: 0.004000
Evaluating on dev set...
..................................................................
source: 	 mrr: 0.038546	 ndcg_5: 0.0298	 ndcg_10: 0.0403	 hit@1:0.013308	 hit@5:0.0463	 hit@10: 0.0789
target: 	 mrr: 0.037625	 ndcg_5: 0.0305	 ndcg_10: 0.0393	 hit@1:0.014489	 hit@5:0.0468	 hit@10: 0.0747
target best!
...................................target: 	 mrr: 0.037241	 ndcg_5: 0.0291	 ndcg_10: 0.0379	 hit@1:0.014946	 hit@5:0.0434	 hit@10: 0.0708
epoch 7: train_loss = 1.893955, source_mrr = 0.038546, source_hit@10 = 0.0789, source_ndcg@10 = 0.0403, target_mrr = 0.037241, target_hit@10 = 0.0708, target_ndcg@10 = 0.0379

2024-08-13 22:34:40.928421: step 2744/27440 (epoch 8/80), loss = 1.882106 (49.831 sec/epoch), lr: 0.004000
Evaluating on dev set...
..................................................................
source: 	 mrr: 0.028278	 ndcg_5: 0.0197	 ndcg_10: 0.0269	 hit@1:0.009189	 hit@5:0.0307	 hit@10: 0.0529
target: 	 mrr: 0.036976	 ndcg_5: 0.0302	 ndcg_10: 0.0385	 hit@1:0.011145	 hit@5:0.0490	 hit@10: 0.0752
epoch 8: train_loss = 1.882106, source_mrr = 0.028278, source_hit@10 = 0.0529, source_ndcg@10 = 0.0269, target_mrr = 0.036976, target_hit@10 = 0.0752, target_ndcg@10 = 0.0385

2024-08-13 22:35:31.775331: step 3087/27440 (epoch 9/80), loss = 1.875433 (50.109 sec/epoch), lr: 0.004000
Evaluating on dev set...
..................................................................
source: 	 mrr: 0.038076	 ndcg_5: 0.0304	 ndcg_10: 0.0391	 hit@1:0.012991	 hit@5:0.0469	 hit@10: 0.0741
target: 	 mrr: 0.039708	 ndcg_5: 0.0322	 ndcg_10: 0.0421	 hit@1:0.014210	 hit@5:0.0493	 hit@10: 0.0800
target best!
...................................target: 	 mrr: 0.037163	 ndcg_5: 0.0302	 ndcg_10: 0.0402	 hit@1:0.012972	 hit@5:0.0482	 hit@10: 0.0795
epoch 9: train_loss = 1.875433, source_mrr = 0.038076, source_hit@10 = 0.0741, source_ndcg@10 = 0.0391, target_mrr = 0.037163, target_hit@10 = 0.0795, target_ndcg@10 = 0.0402

2024-08-13 22:36:23.473379: step 3430/27440 (epoch 10/80), loss = 1.867294 (50.607 sec/epoch), lr: 0.004000
Evaluating on dev set...
..................................................................
source: 	 mrr: 0.038632	 ndcg_5: 0.0308	 ndcg_10: 0.0398	 hit@1:0.013625	 hit@5:0.0478	 hit@10: 0.0757
target: 	 mrr: 0.035905	 ndcg_5: 0.0280	 ndcg_10: 0.0380	 hit@1:0.011145	 hit@5:0.0449	 hit@10: 0.0761
epoch 10: train_loss = 1.867294, source_mrr = 0.038632, source_hit@10 = 0.0757, source_ndcg@10 = 0.0398, target_mrr = 0.035905, target_hit@10 = 0.0761, target_ndcg@10 = 0.0380

2024-08-13 22:37:15.067612: step 3773/27440 (epoch 11/80), loss = 1.857610 (50.852 sec/epoch), lr: 0.004000
Evaluating on dev set...
..................................................................
source: 	 mrr: 0.048140	 ndcg_5: 0.0374	 ndcg_10: 0.0507	 hit@1:0.018061	 hit@5:0.0567	 hit@10: 0.0979
target: 	 mrr: 0.034059	 ndcg_5: 0.0267	 ndcg_10: 0.0354	 hit@1:0.010588	 hit@5:0.0432	 hit@10: 0.0702
source best!
..............................
source: 	 mrr: 0.046844	 ndcg_5: 0.0384	 ndcg_10: 0.0498	 hit@1:0.016856	 hit@5:0.0606	 hit@10: 0.0966
epoch 11: train_loss = 1.857610, source_mrr = 0.046844, source_hit@10 = 0.0966, source_ndcg@10 = 0.0498, target_mrr = 0.034059, target_hit@10 = 0.0702, target_ndcg@10 = 0.0354

2024-08-13 22:38:07.293786: step 4116/27440 (epoch 12/80), loss = 1.843934 (51.174 sec/epoch), lr: 0.004000
Evaluating on dev set...
..................................................................
source: 	 mrr: 0.029857	 ndcg_5: 0.0188	 ndcg_10: 0.0298	 hit@1:0.008238	 hit@5:0.0298	 hit@10: 0.0643
target: 	 mrr: 0.034431	 ndcg_5: 0.0253	 ndcg_10: 0.0357	 hit@1:0.009195	 hit@5:0.0415	 hit@10: 0.0736
epoch 12: train_loss = 1.843934, source_mrr = 0.029857, source_hit@10 = 0.0643, source_ndcg@10 = 0.0298, target_mrr = 0.034431, target_hit@10 = 0.0736, target_ndcg@10 = 0.0357

2024-08-13 22:38:58.024398: step 4459/27440 (epoch 13/80), loss = 1.827185 (49.952 sec/epoch), lr: 0.003800
Evaluating on dev set...
..................................................................
source: 	 mrr: 0.052538	 ndcg_5: 0.0446	 ndcg_10: 0.0569	 hit@1:0.019962	 hit@5:0.0691	 hit@10: 0.1074
target: 	 mrr: 0.038463	 ndcg_5: 0.0290	 ndcg_10: 0.0409	 hit@1:0.012260	 hit@5:0.0454	 hit@10: 0.0828
source best!
..............................
source: 	 mrr: 0.050738	 ndcg_5: 0.0406	 ndcg_10: 0.0525	 hit@1:0.022042	 hit@5:0.0583	 hit@10: 0.0950
epoch 13: train_loss = 1.827185, source_mrr = 0.050738, source_hit@10 = 0.0950, source_ndcg@10 = 0.0525, target_mrr = 0.038463, target_hit@10 = 0.0828, target_ndcg@10 = 0.0409

2024-08-13 22:39:49.086271: step 4802/27440 (epoch 14/80), loss = 1.820014 (50.023 sec/epoch), lr: 0.003800
Evaluating on dev set...
..................................................................
source: 	 mrr: 0.040609	 ndcg_5: 0.0312	 ndcg_10: 0.0428	 hit@1:0.012357	 hit@5:0.0501	 hit@10: 0.0862
target: 	 mrr: 0.039453	 ndcg_5: 0.0312	 ndcg_10: 0.0420	 hit@1:0.011702	 hit@5:0.0513	 hit@10: 0.0853
epoch 14: train_loss = 1.820014, source_mrr = 0.040609, source_hit@10 = 0.0862, source_ndcg@10 = 0.0428, target_mrr = 0.039453, target_hit@10 = 0.0853, target_ndcg@10 = 0.0420

2024-08-13 22:40:40.830560: step 5145/27440 (epoch 15/80), loss = 1.811059 (50.948 sec/epoch), lr: 0.003610
Evaluating on dev set...
..................................................................
source: 	 mrr: 0.049432	 ndcg_5: 0.0394	 ndcg_10: 0.0539	 hit@1:0.017744	 hit@5:0.0618	 hit@10: 0.1068
target: 	 mrr: 0.032966	 ndcg_5: 0.0242	 ndcg_10: 0.0340	 hit@1:0.008638	 hit@5:0.0404	 hit@10: 0.0711
epoch 15: train_loss = 1.811059, source_mrr = 0.049432, source_hit@10 = 0.1068, source_ndcg@10 = 0.0539, target_mrr = 0.032966, target_hit@10 = 0.0711, target_ndcg@10 = 0.0340

2024-08-13 22:41:32.118261: step 5488/27440 (epoch 16/80), loss = 1.807180 (50.482 sec/epoch), lr: 0.003610
Evaluating on dev set...
..................................................................
source: 	 mrr: 0.041159	 ndcg_5: 0.0338	 ndcg_10: 0.0442	 hit@1:0.012041	 hit@5:0.0561	 hit@10: 0.0887
target: 	 mrr: 0.039377	 ndcg_5: 0.0300	 ndcg_10: 0.0420	 hit@1:0.013096	 hit@5:0.0471	 hit@10: 0.0847
epoch 16: train_loss = 1.807180, source_mrr = 0.041159, source_hit@10 = 0.0887, source_ndcg@10 = 0.0442, target_mrr = 0.039377, target_hit@10 = 0.0847, target_ndcg@10 = 0.0420

2024-08-13 22:42:23.181940: step 5831/27440 (epoch 17/80), loss = 1.797817 (50.315 sec/epoch), lr: 0.003429
Evaluating on dev set...
..................................................................
source: 	 mrr: 0.023101	 ndcg_5: 0.0167	 ndcg_10: 0.0218	 hit@1:0.006020	 hit@5:0.0272	 hit@10: 0.0431
target: 	 mrr: 0.043216	 ndcg_5: 0.0336	 ndcg_10: 0.0468	 hit@1:0.015882	 hit@5:0.0513	 hit@10: 0.0922
target best!
...................................target: 	 mrr: 0.045188	 ndcg_5: 0.0384	 ndcg_10: 0.0490	 hit@1:0.016920	 hit@5:0.0609	 hit@10: 0.0942
epoch 17: train_loss = 1.797817, source_mrr = 0.023101, source_hit@10 = 0.0431, source_ndcg@10 = 0.0218, target_mrr = 0.045188, target_hit@10 = 0.0942, target_ndcg@10 = 0.0490

2024-08-13 22:43:14.407996: step 6174/27440 (epoch 18/80), loss = 1.787957 (50.097 sec/epoch), lr: 0.003258
Evaluating on dev set...
..................................................................
source: 	 mrr: 0.053800	 ndcg_5: 0.0458	 ndcg_10: 0.0570	 hit@1:0.022180	 hit@5:0.0694	 hit@10: 0.1046
target: 	 mrr: 0.039164	 ndcg_5: 0.0307	 ndcg_10: 0.0416	 hit@1:0.011145	 hit@5:0.0496	 hit@10: 0.0836
source best!
..............................
source: 	 mrr: 0.052422	 ndcg_5: 0.0437	 ndcg_10: 0.0576	 hit@1:0.019449	 hit@5:0.0677	 hit@10: 0.1109
epoch 18: train_loss = 1.787957, source_mrr = 0.052422, source_hit@10 = 0.1109, source_ndcg@10 = 0.0576, target_mrr = 0.039164, target_hit@10 = 0.0836, target_ndcg@10 = 0.0416

2024-08-13 22:44:05.667524: step 6517/27440 (epoch 19/80), loss = 1.784416 (50.200 sec/epoch), lr: 0.003258
Evaluating on dev set...
..................................................................
source: 	 mrr: 0.047462	 ndcg_5: 0.0382	 ndcg_10: 0.0485	 hit@1:0.017110	 hit@5:0.0593	 hit@10: 0.0919
target: 	 mrr: 0.038261	 ndcg_5: 0.0304	 ndcg_10: 0.0426	 hit@1:0.011424	 hit@5:0.0510	 hit@10: 0.0892
epoch 19: train_loss = 1.784416, source_mrr = 0.047462, source_hit@10 = 0.0919, source_ndcg@10 = 0.0485, target_mrr = 0.038261, target_hit@10 = 0.0892, target_ndcg@10 = 0.0426

2024-08-13 22:44:56.792324: step 6860/27440 (epoch 20/80), loss = 1.775580 (50.391 sec/epoch), lr: 0.003095
Evaluating on dev set...
..................................................................
source: 	 mrr: 0.044815	 ndcg_5: 0.0360	 ndcg_10: 0.0483	 hit@1:0.014892	 hit@5:0.0583	 hit@10: 0.0966
target: 	 mrr: 0.041179	 ndcg_5: 0.0325	 ndcg_10: 0.0424	 hit@1:0.015046	 hit@5:0.0496	 hit@10: 0.0802
epoch 20: train_loss = 1.775580, source_mrr = 0.044815, source_hit@10 = 0.0966, source_ndcg@10 = 0.0483, target_mrr = 0.041179, target_hit@10 = 0.0802, target_ndcg@10 = 0.0424

2024-08-13 22:45:48.143726: step 7203/27440 (epoch 21/80), loss = 1.770999 (50.606 sec/epoch), lr: 0.003095
Evaluating on dev set...
..................................................................
source: 	 mrr: 0.044814	 ndcg_5: 0.0358	 ndcg_10: 0.0479	 hit@1:0.016160	 hit@5:0.0558	 hit@10: 0.0932
target: 	 mrr: 0.044249	 ndcg_5: 0.0356	 ndcg_10: 0.0472	 hit@1:0.015603	 hit@5:0.0557	 hit@10: 0.0919
target best!
...................................target: 	 mrr: 0.044724	 ndcg_5: 0.0369	 ndcg_10: 0.0474	 hit@1:0.017202	 hit@5:0.0575	 hit@10: 0.0902
epoch 21: train_loss = 1.770999, source_mrr = 0.044814, source_hit@10 = 0.0932, source_ndcg@10 = 0.0479, target_mrr = 0.044724, target_hit@10 = 0.0902, target_ndcg@10 = 0.0474

2024-08-13 22:46:38.901473: step 7546/27440 (epoch 22/80), loss = 1.773784 (49.675 sec/epoch), lr: 0.003095
Evaluating on dev set...
..................................................................
source: 	 mrr: 0.050229	 ndcg_5: 0.0426	 ndcg_10: 0.0538	 hit@1:0.018695	 hit@5:0.0659	 hit@10: 0.1008
target: 	 mrr: 0.040111	 ndcg_5: 0.0328	 ndcg_10: 0.0424	 hit@1:0.013374	 hit@5:0.0529	 hit@10: 0.0833
epoch 22: train_loss = 1.773784, source_mrr = 0.050229, source_hit@10 = 0.1008, source_ndcg@10 = 0.0538, target_mrr = 0.040111, target_hit@10 = 0.0833, target_ndcg@10 = 0.0424

2024-08-13 22:47:30.216867: step 7889/27440 (epoch 23/80), loss = 1.766591 (50.585 sec/epoch), lr: 0.003095
Evaluating on dev set...
..................................................................
source: 	 mrr: 0.054251	 ndcg_5: 0.0452	 ndcg_10: 0.0596	 hit@1:0.020279	 hit@5:0.0694	 hit@10: 0.1144
target: 	 mrr: 0.041017	 ndcg_5: 0.0323	 ndcg_10: 0.0441	 hit@1:0.013374	 hit@5:0.0518	 hit@10: 0.0886
source best!
..............................
source: 	 mrr: 0.052096	 ndcg_5: 0.0429	 ndcg_10: 0.0555	 hit@1:0.021070	 hit@5:0.0652	 hit@10: 0.1044
epoch 23: train_loss = 1.766591, source_mrr = 0.052096, source_hit@10 = 0.1044, source_ndcg@10 = 0.0555, target_mrr = 0.041017, target_hit@10 = 0.0886, target_ndcg@10 = 0.0441

2024-08-13 22:48:21.135117: step 8232/27440 (epoch 24/80), loss = 1.763541 (49.877 sec/epoch), lr: 0.003095
Evaluating on dev set...
..................................................................
source: 	 mrr: 0.055945	 ndcg_5: 0.0477	 ndcg_10: 0.0609	 hit@1:0.021546	 hit@5:0.0738	 hit@10: 0.1150
target: 	 mrr: 0.031967	 ndcg_5: 0.0238	 ndcg_10: 0.0333	 hit@1:0.009195	 hit@5:0.0387	 hit@10: 0.0685
source best!
..............................
source: 	 mrr: 0.052770	 ndcg_5: 0.0447	 ndcg_10: 0.0560	 hit@1:0.021070	 hit@5:0.0677	 hit@10: 0.1031
epoch 24: train_loss = 1.763541, source_mrr = 0.052770, source_hit@10 = 0.1031, source_ndcg@10 = 0.0560, target_mrr = 0.031967, target_hit@10 = 0.0685, target_ndcg@10 = 0.0333

2024-08-13 22:49:13.037188: step 8575/27440 (epoch 25/80), loss = 1.756888 (50.868 sec/epoch), lr: 0.002940
Evaluating on dev set...
..................................................................
source: 	 mrr: 0.045662	 ndcg_5: 0.0350	 ndcg_10: 0.0478	 hit@1:0.019011	 hit@5:0.0520	 hit@10: 0.0916
target: 	 mrr: 0.036752	 ndcg_5: 0.0280	 ndcg_10: 0.0381	 hit@1:0.011145	 hit@5:0.0449	 hit@10: 0.0766
epoch 25: train_loss = 1.756888, source_mrr = 0.045662, source_hit@10 = 0.0916, source_ndcg@10 = 0.0478, target_mrr = 0.036752, target_hit@10 = 0.0766, target_ndcg@10 = 0.0381

2024-08-13 22:50:04.672450: step 8918/27440 (epoch 26/80), loss = 1.749908 (50.906 sec/epoch), lr: 0.002793
Evaluating on dev set...
..................................................................
source: 	 mrr: 0.056759	 ndcg_5: 0.0481	 ndcg_10: 0.0630	 hit@1:0.022180	 hit@5:0.0738	 hit@10: 0.1201
target: 	 mrr: 0.037417	 ndcg_5: 0.0284	 ndcg_10: 0.0402	 hit@1:0.009195	 hit@5:0.0471	 hit@10: 0.0839
source best!
..............................
source: 	 mrr: 0.051320	 ndcg_5: 0.0407	 ndcg_10: 0.0537	 hit@1:0.020097	 hit@5:0.0613	 hit@10: 0.1018
epoch 26: train_loss = 1.749908, source_mrr = 0.051320, source_hit@10 = 0.1018, source_ndcg@10 = 0.0537, target_mrr = 0.037417, target_hit@10 = 0.0839, target_ndcg@10 = 0.0402

2024-08-13 22:50:55.861026: step 9261/27440 (epoch 27/80), loss = 1.744330 (50.121 sec/epoch), lr: 0.002793
Evaluating on dev set...
..................................................................
source: 	 mrr: 0.051054	 ndcg_5: 0.0426	 ndcg_10: 0.0562	 hit@1:0.019011	 hit@5:0.0662	 hit@10: 0.1090
target: 	 mrr: 0.040531	 ndcg_5: 0.0336	 ndcg_10: 0.0426	 hit@1:0.015325	 hit@5:0.0510	 hit@10: 0.0794
epoch 27: train_loss = 1.744330, source_mrr = 0.051054, source_hit@10 = 0.1090, source_ndcg@10 = 0.0562, target_mrr = 0.040531, target_hit@10 = 0.0794, target_ndcg@10 = 0.0426

2024-08-13 22:51:47.185245: step 9604/27440 (epoch 28/80), loss = 1.738463 (50.547 sec/epoch), lr: 0.002654
Evaluating on dev set...
..................................................................
source: 	 mrr: 0.048303	 ndcg_5: 0.0403	 ndcg_10: 0.0506	 hit@1:0.019328	 hit@5:0.0612	 hit@10: 0.0932
target: 	 mrr: 0.043241	 ndcg_5: 0.0350	 ndcg_10: 0.0476	 hit@1:0.013096	 hit@5:0.0571	 hit@10: 0.0964
epoch 28: train_loss = 1.738463, source_mrr = 0.048303, source_hit@10 = 0.0932, source_ndcg@10 = 0.0506, target_mrr = 0.043241, target_hit@10 = 0.0964, target_ndcg@10 = 0.0476

2024-08-13 22:52:38.337618: step 9947/27440 (epoch 29/80), loss = 1.731856 (50.396 sec/epoch), lr: 0.002521
Evaluating on dev set...
..................................................................
source: 	 mrr: 0.040736	 ndcg_5: 0.0321	 ndcg_10: 0.0422	 hit@1:0.013625	 hit@5:0.0497	 hit@10: 0.0811
target: 	 mrr: 0.045353	 ndcg_5: 0.0380	 ndcg_10: 0.0494	 hit@1:0.015325	 hit@5:0.0613	 hit@10: 0.0970
target best!
...................................target: 	 mrr: 0.042959	 ndcg_5: 0.0352	 ndcg_10: 0.0476	 hit@1:0.013818	 hit@5:0.0575	 hit@10: 0.0956
epoch 29: train_loss = 1.731856, source_mrr = 0.040736, source_hit@10 = 0.0811, source_ndcg@10 = 0.0422, target_mrr = 0.042959, target_hit@10 = 0.0956, target_ndcg@10 = 0.0476

2024-08-13 22:53:29.964376: step 10290/27440 (epoch 30/80), loss = 1.724558 (50.534 sec/epoch), lr: 0.002395
Evaluating on dev set...
..................................................................
source: 	 mrr: 0.036475	 ndcg_5: 0.0270	 ndcg_10: 0.0374	 hit@1:0.011724	 hit@5:0.0425	 hit@10: 0.0751
target: 	 mrr: 0.034248	 ndcg_5: 0.0264	 ndcg_10: 0.0360	 hit@1:0.010309	 hit@5:0.0429	 hit@10: 0.0727
epoch 30: train_loss = 1.724558, source_mrr = 0.036475, source_hit@10 = 0.0751, source_ndcg@10 = 0.0374, target_mrr = 0.034248, target_hit@10 = 0.0727, target_ndcg@10 = 0.0360

2024-08-13 22:54:20.581492: step 10633/27440 (epoch 31/80), loss = 1.718967 (49.817 sec/epoch), lr: 0.002275
Evaluating on dev set...
..................................................................
source: 	 mrr: 0.050763	 ndcg_5: 0.0433	 ndcg_10: 0.0541	 hit@1:0.019011	 hit@5:0.0681	 hit@10: 0.1014
target: 	 mrr: 0.042388	 ndcg_5: 0.0341	 ndcg_10: 0.0449	 hit@1:0.012817	 hit@5:0.0541	 hit@10: 0.0880
epoch 31: train_loss = 1.718967, source_mrr = 0.050763, source_hit@10 = 0.1014, source_ndcg@10 = 0.0541, target_mrr = 0.042388, target_hit@10 = 0.0880, target_ndcg@10 = 0.0449

2024-08-13 22:55:11.485085: step 10976/27440 (epoch 32/80), loss = 1.715123 (50.167 sec/epoch), lr: 0.002275
Evaluating on dev set...
..................................................................
source: 	 mrr: 0.051585	 ndcg_5: 0.0437	 ndcg_10: 0.0560	 hit@1:0.020279	 hit@5:0.0678	 hit@10: 0.1058
target: 	 mrr: 0.041398	 ndcg_5: 0.0336	 ndcg_10: 0.0437	 hit@1:0.016439	 hit@5:0.0515	 hit@10: 0.0833
epoch 32: train_loss = 1.715123, source_mrr = 0.051585, source_hit@10 = 0.1058, source_ndcg@10 = 0.0560, target_mrr = 0.041398, target_hit@10 = 0.0833, target_ndcg@10 = 0.0437

2024-08-13 22:56:03.501673: step 11319/27440 (epoch 33/80), loss = 1.707229 (51.283 sec/epoch), lr: 0.002161
Evaluating on dev set...
..................................................................
source: 	 mrr: 0.057927	 ndcg_5: 0.0484	 ndcg_10: 0.0616	 hit@1:0.024081	 hit@5:0.0710	 hit@10: 0.1119
target: 	 mrr: 0.041360	 ndcg_5: 0.0336	 ndcg_10: 0.0438	 hit@1:0.014767	 hit@5:0.0518	 hit@10: 0.0839
source best!
..............................
source: 	 mrr: 0.055218	 ndcg_5: 0.0459	 ndcg_10: 0.0587	 hit@1:0.023663	 hit@5:0.0677	 hit@10: 0.1079
epoch 33: train_loss = 1.707229, source_mrr = 0.055218, source_hit@10 = 0.1079, source_ndcg@10 = 0.0587, target_mrr = 0.041360, target_hit@10 = 0.0839, target_ndcg@10 = 0.0438

2024-08-13 22:56:55.156723: step 11662/27440 (epoch 34/80), loss = 1.707782 (50.566 sec/epoch), lr: 0.002161
Evaluating on dev set...
..................................................................
source: 	 mrr: 0.042257	 ndcg_5: 0.0322	 ndcg_10: 0.0431	 hit@1:0.014892	 hit@5:0.0491	 hit@10: 0.0833
target: 	 mrr: 0.042656	 ndcg_5: 0.0335	 ndcg_10: 0.0454	 hit@1:0.015046	 hit@5:0.0515	 hit@10: 0.0886
epoch 34: train_loss = 1.707782, source_mrr = 0.042257, source_hit@10 = 0.0833, source_ndcg@10 = 0.0431, target_mrr = 0.042656, target_hit@10 = 0.0886, target_ndcg@10 = 0.0454

2024-08-13 22:57:46.473935: step 12005/27440 (epoch 35/80), loss = 1.698782 (50.581 sec/epoch), lr: 0.002053
Evaluating on dev set...
..................................................................
source: 	 mrr: 0.055258	 ndcg_5: 0.0469	 ndcg_10: 0.0587	 hit@1:0.022814	 hit@5:0.0707	 hit@10: 0.1074
target: 	 mrr: 0.045133	 ndcg_5: 0.0354	 ndcg_10: 0.0467	 hit@1:0.016996	 hit@5:0.0532	 hit@10: 0.0883
epoch 35: train_loss = 1.698782, source_mrr = 0.055258, source_hit@10 = 0.1074, source_ndcg@10 = 0.0587, target_mrr = 0.045133, target_hit@10 = 0.0883, target_ndcg@10 = 0.0467

2024-08-13 22:58:37.455625: step 12348/27440 (epoch 36/80), loss = 1.695821 (50.220 sec/epoch), lr: 0.002053
Evaluating on dev set...
..................................................................
source: 	 mrr: 0.057810	 ndcg_5: 0.0480	 ndcg_10: 0.0616	 hit@1:0.025032	 hit@5:0.0700	 hit@10: 0.1131
target: 	 mrr: 0.045952	 ndcg_5: 0.0365	 ndcg_10: 0.0491	 hit@1:0.016439	 hit@5:0.0560	 hit@10: 0.0953
target best!
...................................target: 	 mrr: 0.043411	 ndcg_5: 0.0348	 ndcg_10: 0.0460	 hit@1:0.014100	 hit@5:0.0547	 hit@10: 0.0897
epoch 36: train_loss = 1.695821, source_mrr = 0.057810, source_hit@10 = 0.1131, source_ndcg@10 = 0.0616, target_mrr = 0.043411, target_hit@10 = 0.0897, target_ndcg@10 = 0.0460

2024-08-13 22:59:28.626529: step 12691/27440 (epoch 37/80), loss = 1.693613 (50.090 sec/epoch), lr: 0.002053
Evaluating on dev set...
..................................................................
source: 	 mrr: 0.053970	 ndcg_5: 0.0455	 ndcg_10: 0.0587	 hit@1:0.020596	 hit@5:0.0703	 hit@10: 0.1119
target: 	 mrr: 0.040027	 ndcg_5: 0.0321	 ndcg_10: 0.0412	 hit@1:0.014767	 hit@5:0.0499	 hit@10: 0.0786
epoch 37: train_loss = 1.693613, source_mrr = 0.053970, source_hit@10 = 0.1119, source_ndcg@10 = 0.0587, target_mrr = 0.040027, target_hit@10 = 0.0786, target_ndcg@10 = 0.0412

2024-08-13 23:00:20.105302: step 13034/27440 (epoch 38/80), loss = 1.688959 (50.724 sec/epoch), lr: 0.001951
Evaluating on dev set...
..................................................................
source: 	 mrr: 0.053041	 ndcg_5: 0.0445	 ndcg_10: 0.0589	 hit@1:0.018695	 hit@5:0.0707	 hit@10: 0.1157
target: 	 mrr: 0.037580	 ndcg_5: 0.0288	 ndcg_10: 0.0394	 hit@1:0.010588	 hit@5:0.0474	 hit@10: 0.0805
epoch 38: train_loss = 1.688959, source_mrr = 0.053041, source_hit@10 = 0.1157, source_ndcg@10 = 0.0589, target_mrr = 0.037580, target_hit@10 = 0.0805, target_ndcg@10 = 0.0394

2024-08-13 23:01:11.674265: step 13377/27440 (epoch 39/80), loss = 1.682067 (50.784 sec/epoch), lr: 0.001853
Evaluating on dev set...
..................................................................
source: 	 mrr: 0.050221	 ndcg_5: 0.0408	 ndcg_10: 0.0527	 hit@1:0.019328	 hit@5:0.0624	 hit@10: 0.0995
target: 	 mrr: 0.043424	 ndcg_5: 0.0341	 ndcg_10: 0.0469	 hit@1:0.014489	 hit@5:0.0552	 hit@10: 0.0950
epoch 39: train_loss = 1.682067, source_mrr = 0.050221, source_hit@10 = 0.0995, source_ndcg@10 = 0.0527, target_mrr = 0.043424, target_hit@10 = 0.0950, target_ndcg@10 = 0.0469

2024-08-13 23:02:03.299124: step 13720/27440 (epoch 40/80), loss = 1.677733 (50.862 sec/epoch), lr: 0.001853
Evaluating on dev set...
..................................................................
source: 	 mrr: 0.051555	 ndcg_5: 0.0414	 ndcg_10: 0.0565	 hit@1:0.019645	 hit@5:0.0634	 hit@10: 0.1106
target: 	 mrr: 0.036133	 ndcg_5: 0.0267	 ndcg_10: 0.0382	 hit@1:0.010867	 hit@5:0.0424	 hit@10: 0.0786
epoch 40: train_loss = 1.677733, source_mrr = 0.051555, source_hit@10 = 0.1106, source_ndcg@10 = 0.0565, target_mrr = 0.036133, target_hit@10 = 0.0786, target_ndcg@10 = 0.0382
shift to transfer learning mode

2024-08-13 23:02:54.955994: step 14063/27440 (epoch 41/80), loss = 1.687402 (50.925 sec/epoch), lr: 0.001761
Evaluating on dev set...
..................................................................
source: 	 mrr: 0.050723	 ndcg_5: 0.0412	 ndcg_10: 0.0552	 hit@1:0.018378	 hit@5:0.0650	 hit@10: 0.1080
target: 	 mrr: 0.039802	 ndcg_5: 0.0329	 ndcg_10: 0.0411	 hit@1:0.013096	 hit@5:0.0521	 hit@10: 0.0780
epoch 41: train_loss = 1.687402, source_mrr = 0.050723, source_hit@10 = 0.1080, source_ndcg@10 = 0.0552, target_mrr = 0.039802, target_hit@10 = 0.0780, target_ndcg@10 = 0.0411

2024-08-13 23:03:46.567233: step 14406/27440 (epoch 42/80), loss = 1.681132 (50.877 sec/epoch), lr: 0.001761
Evaluating on dev set...
..................................................................
source: 	 mrr: 0.052771	 ndcg_5: 0.0440	 ndcg_10: 0.0578	 hit@1:0.018061	 hit@5:0.0697	 hit@10: 0.1125
target: 	 mrr: 0.043251	 ndcg_5: 0.0344	 ndcg_10: 0.0466	 hit@1:0.015603	 hit@5:0.0535	 hit@10: 0.0911
epoch 42: train_loss = 1.681132, source_mrr = 0.052771, source_hit@10 = 0.1125, source_ndcg@10 = 0.0578, target_mrr = 0.043251, target_hit@10 = 0.0911, target_ndcg@10 = 0.0466

2024-08-13 23:04:38.803439: step 14749/27440 (epoch 43/80), loss = 1.684963 (51.497 sec/epoch), lr: 0.001761
Evaluating on dev set...
..................................................................
source: 	 mrr: 0.046154	 ndcg_5: 0.0372	 ndcg_10: 0.0478	 hit@1:0.017427	 hit@5:0.0570	 hit@10: 0.0900
target: 	 mrr: 0.039230	 ndcg_5: 0.0313	 ndcg_10: 0.0422	 hit@1:0.011702	 hit@5:0.0521	 hit@10: 0.0864
epoch 43: train_loss = 1.684963, source_mrr = 0.046154, source_hit@10 = 0.0900, source_ndcg@10 = 0.0478, target_mrr = 0.039230, target_hit@10 = 0.0864, target_ndcg@10 = 0.0422

2024-08-13 23:05:31.079487: step 15092/27440 (epoch 44/80), loss = 1.676001 (51.541 sec/epoch), lr: 0.001672
Evaluating on dev set...
..................................................................
source: 	 mrr: 0.056906	 ndcg_5: 0.0479	 ndcg_10: 0.0623	 hit@1:0.022814	 hit@5:0.0738	 hit@10: 0.1191
target: 	 mrr: 0.036275	 ndcg_5: 0.0275	 ndcg_10: 0.0389	 hit@1:0.010031	 hit@5:0.0454	 hit@10: 0.0808
epoch 44: train_loss = 1.676001, source_mrr = 0.056906, source_hit@10 = 0.1191, source_ndcg@10 = 0.0623, target_mrr = 0.036275, target_hit@10 = 0.0808, target_ndcg@10 = 0.0389

2024-08-13 23:06:23.759862: step 15435/27440 (epoch 45/80), loss = 1.674117 (51.942 sec/epoch), lr: 0.001672
Evaluating on dev set...
..................................................................
source: 	 mrr: 0.057183	 ndcg_5: 0.0486	 ndcg_10: 0.0631	 hit@1:0.023131	 hit@5:0.0745	 hit@10: 0.1191
target: 	 mrr: 0.042988	 ndcg_5: 0.0353	 ndcg_10: 0.0457	 hit@1:0.016996	 hit@5:0.0541	 hit@10: 0.0869
epoch 45: train_loss = 1.674117, source_mrr = 0.057183, source_hit@10 = 0.1191, source_ndcg@10 = 0.0631, target_mrr = 0.042988, target_hit@10 = 0.0869, target_ndcg@10 = 0.0457

2024-08-13 23:07:15.954489: step 15778/27440 (epoch 46/80), loss = 1.670902 (51.464 sec/epoch), lr: 0.001672
Evaluating on dev set...
..................................................................
source: 	 mrr: 0.048169	 ndcg_5: 0.0376	 ndcg_10: 0.0516	 hit@1:0.018378	 hit@5:0.0561	 hit@10: 0.0998
target: 	 mrr: 0.039570	 ndcg_5: 0.0328	 ndcg_10: 0.0425	 hit@1:0.011981	 hit@5:0.0535	 hit@10: 0.0839
epoch 46: train_loss = 1.670902, source_mrr = 0.048169, source_hit@10 = 0.0998, source_ndcg@10 = 0.0516, target_mrr = 0.039570, target_hit@10 = 0.0839, target_ndcg@10 = 0.0425

2024-08-13 23:08:08.619633: step 16121/27440 (epoch 47/80), loss = 1.669276 (51.908 sec/epoch), lr: 0.001589
Evaluating on dev set...
..................................................................
source: 	 mrr: 0.048012	 ndcg_5: 0.0388	 ndcg_10: 0.0520	 hit@1:0.017110	 hit@5:0.0602	 hit@10: 0.1014
target: 	 mrr: 0.036809	 ndcg_5: 0.0291	 ndcg_10: 0.0378	 hit@1:0.011981	 hit@5:0.0476	 hit@10: 0.0752
epoch 47: train_loss = 1.669276, source_mrr = 0.048012, source_hit@10 = 0.1014, source_ndcg@10 = 0.0520, target_mrr = 0.036809, target_hit@10 = 0.0752, target_ndcg@10 = 0.0378

2024-08-13 23:09:01.088444: step 16464/27440 (epoch 48/80), loss = 1.663536 (51.737 sec/epoch), lr: 0.001509
Evaluating on dev set...
..................................................................
source: 	 mrr: 0.055644	 ndcg_5: 0.0468	 ndcg_10: 0.0607	 hit@1:0.021546	 hit@5:0.0729	 hit@10: 0.1163
target: 	 mrr: 0.039659	 ndcg_5: 0.0316	 ndcg_10: 0.0415	 hit@1:0.011981	 hit@5:0.0502	 hit@10: 0.0808
epoch 48: train_loss = 1.663536, source_mrr = 0.055644, source_hit@10 = 0.1163, source_ndcg@10 = 0.0607, target_mrr = 0.039659, target_hit@10 = 0.0808, target_ndcg@10 = 0.0415

2024-08-13 23:09:53.416725: step 16807/27440 (epoch 49/80), loss = 1.657343 (51.565 sec/epoch), lr: 0.001509
Evaluating on dev set...
..................................................................
source: 	 mrr: 0.058866	 ndcg_5: 0.0508	 ndcg_10: 0.0649	 hit@1:0.023764	 hit@5:0.0786	 hit@10: 0.1226
target: 	 mrr: 0.042580	 ndcg_5: 0.0350	 ndcg_10: 0.0447	 hit@1:0.015882	 hit@5:0.0543	 hit@10: 0.0844
source best!
..............................
source: 	 mrr: 0.055609	 ndcg_5: 0.0480	 ndcg_10: 0.0605	 hit@1:0.021070	 hit@5:0.0752	 hit@10: 0.1141
epoch 49: train_loss = 1.657343, source_mrr = 0.055609, source_hit@10 = 0.1141, source_ndcg@10 = 0.0605, target_mrr = 0.042580, target_hit@10 = 0.0844, target_ndcg@10 = 0.0447

2024-08-13 23:10:45.958669: step 17150/27440 (epoch 50/80), loss = 1.654087 (51.505 sec/epoch), lr: 0.001509
Evaluating on dev set...
..................................................................
source: 	 mrr: 0.045390	 ndcg_5: 0.0368	 ndcg_10: 0.0479	 hit@1:0.014575	 hit@5:0.0586	 hit@10: 0.0935
target: 	 mrr: 0.043589	 ndcg_5: 0.0365	 ndcg_10: 0.0475	 hit@1:0.014489	 hit@5:0.0593	 hit@10: 0.0936
epoch 50: train_loss = 1.654087, source_mrr = 0.045390, source_hit@10 = 0.0935, source_ndcg@10 = 0.0479, target_mrr = 0.043589, target_hit@10 = 0.0936, target_ndcg@10 = 0.0475

2024-08-13 23:11:37.296893: step 17493/27440 (epoch 51/80), loss = 1.650802 (50.593 sec/epoch), lr: 0.001434
Evaluating on dev set...
..................................................................
source: 	 mrr: 0.046452	 ndcg_5: 0.0348	 ndcg_10: 0.0477	 hit@1:0.018061	 hit@5:0.0501	 hit@10: 0.0900
target: 	 mrr: 0.042924	 ndcg_5: 0.0341	 ndcg_10: 0.0459	 hit@1:0.014767	 hit@5:0.0527	 hit@10: 0.0894
epoch 51: train_loss = 1.650802, source_mrr = 0.046452, source_hit@10 = 0.0900, source_ndcg@10 = 0.0477, target_mrr = 0.042924, target_hit@10 = 0.0894, target_ndcg@10 = 0.0459

2024-08-13 23:12:29.492527: step 17836/27440 (epoch 52/80), loss = 1.645848 (51.465 sec/epoch), lr: 0.001434
Evaluating on dev set...
..................................................................
source: 	 mrr: 0.051620	 ndcg_5: 0.0436	 ndcg_10: 0.0565	 hit@1:0.018061	 hit@5:0.0697	 hit@10: 0.1099
target: 	 mrr: 0.038461	 ndcg_5: 0.0305	 ndcg_10: 0.0395	 hit@1:0.013653	 hit@5:0.0476	 hit@10: 0.0755
epoch 52: train_loss = 1.645848, source_mrr = 0.051620, source_hit@10 = 0.1099, source_ndcg@10 = 0.0565, target_mrr = 0.038461, target_hit@10 = 0.0755, target_ndcg@10 = 0.0395

2024-08-13 23:13:21.382533: step 18179/27440 (epoch 53/80), loss = 1.644179 (51.157 sec/epoch), lr: 0.001434
Evaluating on dev set...
..................................................................
source: 	 mrr: 0.056441	 ndcg_5: 0.0476	 ndcg_10: 0.0614	 hit@1:0.022814	 hit@5:0.0729	 hit@10: 0.1160
target: 	 mrr: 0.039998	 ndcg_5: 0.0321	 ndcg_10: 0.0418	 hit@1:0.013931	 hit@5:0.0510	 hit@10: 0.0811
epoch 53: train_loss = 1.644179, source_mrr = 0.056441, source_hit@10 = 0.1160, source_ndcg@10 = 0.0614, target_mrr = 0.039998, target_hit@10 = 0.0811, target_ndcg@10 = 0.0418

2024-08-13 23:14:13.849824: step 18522/27440 (epoch 54/80), loss = 1.645325 (51.732 sec/epoch), lr: 0.001434
Evaluating on dev set...
..................................................................
source: 	 mrr: 0.046890	 ndcg_5: 0.0393	 ndcg_10: 0.0503	 hit@1:0.016477	 hit@5:0.0631	 hit@10: 0.0973
target: 	 mrr: 0.037171	 ndcg_5: 0.0299	 ndcg_10: 0.0386	 hit@1:0.012538	 hit@5:0.0479	 hit@10: 0.0752
epoch 54: train_loss = 1.645325, source_mrr = 0.046890, source_hit@10 = 0.0973, source_ndcg@10 = 0.0503, target_mrr = 0.037171, target_hit@10 = 0.0752, target_ndcg@10 = 0.0386

2024-08-13 23:15:05.926858: step 18865/27440 (epoch 55/80), loss = 1.633627 (51.347 sec/epoch), lr: 0.001362
Evaluating on dev set...
..................................................................
source: 	 mrr: 0.055227	 ndcg_5: 0.0482	 ndcg_10: 0.0596	 hit@1:0.022497	 hit@5:0.0754	 hit@10: 0.1106
target: 	 mrr: 0.047412	 ndcg_5: 0.0393	 ndcg_10: 0.0519	 hit@1:0.017275	 hit@5:0.0613	 hit@10: 0.1006
target best!
...................................target: 	 mrr: 0.048832	 ndcg_5: 0.0424	 ndcg_10: 0.0528	 hit@1:0.020305	 hit@5:0.0651	 hit@10: 0.0973
epoch 55: train_loss = 1.633627, source_mrr = 0.055227, source_hit@10 = 0.1106, source_ndcg@10 = 0.0596, target_mrr = 0.048832, target_hit@10 = 0.0973, target_ndcg@10 = 0.0528

2024-08-13 23:15:58.634627: step 19208/27440 (epoch 56/80), loss = 1.632147 (51.539 sec/epoch), lr: 0.001362
Evaluating on dev set...
..................................................................
source: 	 mrr: 0.053122	 ndcg_5: 0.0439	 ndcg_10: 0.0555	 hit@1:0.021863	 hit@5:0.0662	 hit@10: 0.1023
target: 	 mrr: 0.040828	 ndcg_5: 0.0330	 ndcg_10: 0.0447	 hit@1:0.011145	 hit@5:0.0541	 hit@10: 0.0903
epoch 56: train_loss = 1.632147, source_mrr = 0.053122, source_hit@10 = 0.1023, source_ndcg@10 = 0.0555, target_mrr = 0.040828, target_hit@10 = 0.0903, target_ndcg@10 = 0.0447

2024-08-13 23:16:50.892296: step 19551/27440 (epoch 57/80), loss = 1.626505 (51.521 sec/epoch), lr: 0.001294
Evaluating on dev set...
..................................................................
source: 	 mrr: 0.055122	 ndcg_5: 0.0454	 ndcg_10: 0.0595	 hit@1:0.022497	 hit@5:0.0684	 hit@10: 0.1115
target: 	 mrr: 0.041860	 ndcg_5: 0.0331	 ndcg_10: 0.0438	 hit@1:0.014767	 hit@5:0.0518	 hit@10: 0.0853
epoch 57: train_loss = 1.626505, source_mrr = 0.055122, source_hit@10 = 0.1115, source_ndcg@10 = 0.0595, target_mrr = 0.041860, target_hit@10 = 0.0853, target_ndcg@10 = 0.0438

2024-08-13 23:17:43.297690: step 19894/27440 (epoch 58/80), loss = 1.624668 (51.678 sec/epoch), lr: 0.001294
Evaluating on dev set...
..................................................................
source: 	 mrr: 0.051636	 ndcg_5: 0.0424	 ndcg_10: 0.0549	 hit@1:0.019328	 hit@5:0.0653	 hit@10: 0.1046
target: 	 mrr: 0.043990	 ndcg_5: 0.0349	 ndcg_10: 0.0463	 hit@1:0.015882	 hit@5:0.0532	 hit@10: 0.0886
epoch 58: train_loss = 1.624668, source_mrr = 0.051636, source_hit@10 = 0.1046, source_ndcg@10 = 0.0549, target_mrr = 0.043990, target_hit@10 = 0.0886, target_ndcg@10 = 0.0463

2024-08-13 23:18:35.869009: step 20237/27440 (epoch 59/80), loss = 1.620148 (51.806 sec/epoch), lr: 0.001229
Evaluating on dev set...
..................................................................
source: 	 mrr: 0.055779	 ndcg_5: 0.0477	 ndcg_10: 0.0619	 hit@1:0.020596	 hit@5:0.0745	 hit@10: 0.1188
target: 	 mrr: 0.038550	 ndcg_5: 0.0294	 ndcg_10: 0.0412	 hit@1:0.012538	 hit@5:0.0457	 hit@10: 0.0825
epoch 59: train_loss = 1.620148, source_mrr = 0.055779, source_hit@10 = 0.1188, source_ndcg@10 = 0.0619, target_mrr = 0.038550, target_hit@10 = 0.0825, target_ndcg@10 = 0.0412

2024-08-13 23:19:28.560026: step 20580/27440 (epoch 60/80), loss = 1.610546 (51.952 sec/epoch), lr: 0.001168
Evaluating on dev set...
..................................................................
source: 	 mrr: 0.058943	 ndcg_5: 0.0497	 ndcg_10: 0.0653	 hit@1:0.024398	 hit@5:0.0745	 hit@10: 0.1226
target: 	 mrr: 0.044227	 ndcg_5: 0.0363	 ndcg_10: 0.0472	 hit@1:0.015603	 hit@5:0.0582	 hit@10: 0.0919
source best!
..............................
source: 	 mrr: 0.056712	 ndcg_5: 0.0473	 ndcg_10: 0.0609	 hit@1:0.025284	 hit@5:0.0690	 hit@10: 0.1115
epoch 60: train_loss = 1.610546, source_mrr = 0.056712, source_hit@10 = 0.1115, source_ndcg@10 = 0.0609, target_mrr = 0.044227, target_hit@10 = 0.0919, target_ndcg@10 = 0.0472

2024-08-13 23:20:20.725165: step 20923/27440 (epoch 61/80), loss = 1.606590 (51.115 sec/epoch), lr: 0.001168
Evaluating on dev set...
..................................................................
source: 	 mrr: 0.057946	 ndcg_5: 0.0500	 ndcg_10: 0.0629	 hit@1:0.023764	 hit@5:0.0754	 hit@10: 0.1157
target: 	 mrr: 0.042858	 ndcg_5: 0.0336	 ndcg_10: 0.0435	 hit@1:0.016996	 hit@5:0.0502	 hit@10: 0.0808
epoch 61: train_loss = 1.606590, source_mrr = 0.057946, source_hit@10 = 0.1157, source_ndcg@10 = 0.0629, target_mrr = 0.042858, target_hit@10 = 0.0808, target_ndcg@10 = 0.0435

2024-08-13 23:21:12.586259: step 21266/27440 (epoch 62/80), loss = 1.600051 (51.131 sec/epoch), lr: 0.001110
Evaluating on dev set...
..................................................................
source: 	 mrr: 0.049702	 ndcg_5: 0.0405	 ndcg_10: 0.0529	 hit@1:0.018061	 hit@5:0.0631	 hit@10: 0.1014
target: 	 mrr: 0.041722	 ndcg_5: 0.0340	 ndcg_10: 0.0449	 hit@1:0.014489	 hit@5:0.0543	 hit@10: 0.0880
epoch 62: train_loss = 1.600051, source_mrr = 0.049702, source_hit@10 = 0.1014, source_ndcg@10 = 0.0529, target_mrr = 0.041722, target_hit@10 = 0.0880, target_ndcg@10 = 0.0449

2024-08-13 23:22:05.200390: step 21609/27440 (epoch 63/80), loss = 1.591628 (51.876 sec/epoch), lr: 0.001054
Evaluating on dev set...
..................................................................
source: 	 mrr: 0.054788	 ndcg_5: 0.0453	 ndcg_10: 0.0573	 hit@1:0.023764	 hit@5:0.0662	 hit@10: 0.1033
target: 	 mrr: 0.041336	 ndcg_5: 0.0327	 ndcg_10: 0.0425	 hit@1:0.016718	 hit@5:0.0490	 hit@10: 0.0797
epoch 63: train_loss = 1.591628, source_mrr = 0.054788, source_hit@10 = 0.1033, source_ndcg@10 = 0.0573, target_mrr = 0.041336, target_hit@10 = 0.0797, target_ndcg@10 = 0.0425

2024-08-13 23:22:57.024854: step 21952/27440 (epoch 64/80), loss = 1.587567 (51.069 sec/epoch), lr: 0.001054
Evaluating on dev set...
..................................................................
source: 	 mrr: 0.045307	 ndcg_5: 0.0363	 ndcg_10: 0.0470	 hit@1:0.017110	 hit@5:0.0561	 hit@10: 0.0897
target: 	 mrr: 0.044590	 ndcg_5: 0.0370	 ndcg_10: 0.0486	 hit@1:0.014489	 hit@5:0.0596	 hit@10: 0.0958
epoch 64: train_loss = 1.587567, source_mrr = 0.045307, source_hit@10 = 0.0897, source_ndcg@10 = 0.0470, target_mrr = 0.044590, target_hit@10 = 0.0958, target_ndcg@10 = 0.0486

2024-08-13 23:23:49.068494: step 22295/27440 (epoch 65/80), loss = 1.581637 (51.306 sec/epoch), lr: 0.001001
Evaluating on dev set...
..................................................................
source: 	 mrr: 0.044326	 ndcg_5: 0.0348	 ndcg_10: 0.0468	 hit@1:0.016160	 hit@5:0.0526	 hit@10: 0.0903
target: 	 mrr: 0.039154	 ndcg_5: 0.0313	 ndcg_10: 0.0410	 hit@1:0.011424	 hit@5:0.0515	 hit@10: 0.0814
epoch 65: train_loss = 1.581637, source_mrr = 0.044326, source_hit@10 = 0.0903, source_ndcg@10 = 0.0468, target_mrr = 0.039154, target_hit@10 = 0.0814, target_ndcg@10 = 0.0410

2024-08-13 23:24:41.321602: step 22638/27440 (epoch 66/80), loss = 1.577640 (51.512 sec/epoch), lr: 0.000951
Evaluating on dev set...
..................................................................
source: 	 mrr: 0.050173	 ndcg_5: 0.0424	 ndcg_10: 0.0548	 hit@1:0.018378	 hit@5:0.0675	 hit@10: 0.1061
target: 	 mrr: 0.043772	 ndcg_5: 0.0357	 ndcg_10: 0.0467	 hit@1:0.015603	 hit@5:0.0563	 hit@10: 0.0906
epoch 66: train_loss = 1.577640, source_mrr = 0.050173, source_hit@10 = 0.1061, source_ndcg@10 = 0.0548, target_mrr = 0.043772, target_hit@10 = 0.0906, target_ndcg@10 = 0.0467

2024-08-13 23:25:33.835758: step 22981/27440 (epoch 67/80), loss = 1.575409 (51.767 sec/epoch), lr: 0.000951
Evaluating on dev set...
..................................................................
source: 	 mrr: 0.045613	 ndcg_5: 0.0382	 ndcg_10: 0.0481	 hit@1:0.017744	 hit@5:0.0593	 hit@10: 0.0900
target: 	 mrr: 0.040538	 ndcg_5: 0.0311	 ndcg_10: 0.0442	 hit@1:0.012817	 hit@5:0.0499	 hit@10: 0.0908
epoch 67: train_loss = 1.575409, source_mrr = 0.045613, source_hit@10 = 0.0900, source_ndcg@10 = 0.0481, target_mrr = 0.040538, target_hit@10 = 0.0908, target_ndcg@10 = 0.0442

2024-08-13 23:26:26.583892: step 23324/27440 (epoch 68/80), loss = 1.562868 (52.015 sec/epoch), lr: 0.000904
Evaluating on dev set...
..................................................................
source: 	 mrr: 0.054790	 ndcg_5: 0.0485	 ndcg_10: 0.0592	 hit@1:0.022497	 hit@5:0.0757	 hit@10: 0.1090
target: 	 mrr: 0.042140	 ndcg_5: 0.0348	 ndcg_10: 0.0443	 hit@1:0.014489	 hit@5:0.0552	 hit@10: 0.0850
epoch 68: train_loss = 1.562868, source_mrr = 0.054790, source_hit@10 = 0.1090, source_ndcg@10 = 0.0592, target_mrr = 0.042140, target_hit@10 = 0.0850, target_ndcg@10 = 0.0443

2024-08-13 23:27:18.859617: step 23667/27440 (epoch 69/80), loss = 1.561357 (51.534 sec/epoch), lr: 0.000904
Evaluating on dev set...
..................................................................
source: 	 mrr: 0.059736	 ndcg_5: 0.0524	 ndcg_10: 0.0657	 hit@1:0.024398	 hit@5:0.0805	 hit@10: 0.1223
target: 	 mrr: 0.044789	 ndcg_5: 0.0365	 ndcg_10: 0.0474	 hit@1:0.016996	 hit@5:0.0571	 hit@10: 0.0914
source best!
..............................
source: 	 mrr: 0.061432	 ndcg_5: 0.0521	 ndcg_10: 0.0667	 hit@1:0.028201	 hit@5:0.0755	 hit@10: 0.1212
epoch 69: train_loss = 1.561357, source_mrr = 0.061432, source_hit@10 = 0.1212, source_ndcg@10 = 0.0667, target_mrr = 0.044789, target_hit@10 = 0.0914, target_ndcg@10 = 0.0474

2024-08-13 23:28:11.196467: step 24010/27440 (epoch 70/80), loss = 1.560156 (51.230 sec/epoch), lr: 0.000904
Evaluating on dev set...
..................................................................
source: 	 mrr: 0.054433	 ndcg_5: 0.0453	 ndcg_10: 0.0594	 hit@1:0.019962	 hit@5:0.0694	 hit@10: 0.1134
target: 	 mrr: 0.043116	 ndcg_5: 0.0357	 ndcg_10: 0.0449	 hit@1:0.015882	 hit@5:0.0557	 hit@10: 0.0847
epoch 70: train_loss = 1.560156, source_mrr = 0.054433, source_hit@10 = 0.1134, source_ndcg@10 = 0.0594, target_mrr = 0.043116, target_hit@10 = 0.0847, target_ndcg@10 = 0.0449

2024-08-13 23:29:01.896399: step 24353/27440 (epoch 71/80), loss = 1.553069 (49.963 sec/epoch), lr: 0.000859
Evaluating on dev set...
..................................................................
source: 	 mrr: 0.049134	 ndcg_5: 0.0423	 ndcg_10: 0.0539	 hit@1:0.017744	 hit@5:0.0672	 hit@10: 0.1033
target: 	 mrr: 0.043080	 ndcg_5: 0.0336	 ndcg_10: 0.0454	 hit@1:0.015046	 hit@5:0.0518	 hit@10: 0.0889
epoch 71: train_loss = 1.553069, source_mrr = 0.049134, source_hit@10 = 0.1033, source_ndcg@10 = 0.0539, target_mrr = 0.043080, target_hit@10 = 0.0889, target_ndcg@10 = 0.0454

2024-08-13 23:29:50.974643: step 24696/27440 (epoch 72/80), loss = 1.546670 (48.354 sec/epoch), lr: 0.000816
Evaluating on dev set...
..................................................................
source: 	 mrr: 0.061773	 ndcg_5: 0.0555	 ndcg_10: 0.0672	 hit@1:0.025982	 hit@5:0.0849	 hit@10: 0.1220
target: 	 mrr: 0.043758	 ndcg_5: 0.0367	 ndcg_10: 0.0474	 hit@1:0.015046	 hit@5:0.0582	 hit@10: 0.0914
source best!
..............................
source: 	 mrr: 0.053168	 ndcg_5: 0.0434	 ndcg_10: 0.0568	 hit@1:0.022042	 hit@5:0.0645	 hit@10: 0.1063
epoch 72: train_loss = 1.546670, source_mrr = 0.053168, source_hit@10 = 0.1063, source_ndcg@10 = 0.0568, target_mrr = 0.043758, target_hit@10 = 0.0914, target_ndcg@10 = 0.0474

2024-08-13 23:30:40.789497: step 25039/27440 (epoch 73/80), loss = 1.541116 (48.789 sec/epoch), lr: 0.000816
Evaluating on dev set...
..................................................................
source: 	 mrr: 0.051162	 ndcg_5: 0.0417	 ndcg_10: 0.0549	 hit@1:0.019011	 hit@5:0.0650	 hit@10: 0.1061
target: 	 mrr: 0.042282	 ndcg_5: 0.0327	 ndcg_10: 0.0446	 hit@1:0.013653	 hit@5:0.0510	 hit@10: 0.0878
epoch 73: train_loss = 1.541116, source_mrr = 0.051162, source_hit@10 = 0.1061, source_ndcg@10 = 0.0549, target_mrr = 0.042282, target_hit@10 = 0.0878, target_ndcg@10 = 0.0446

2024-08-13 23:31:29.864602: step 25382/27440 (epoch 74/80), loss = 1.536936 (48.351 sec/epoch), lr: 0.000775
Evaluating on dev set...
..................................................................
source: 	 mrr: 0.047235	 ndcg_5: 0.0388	 ndcg_10: 0.0502	 hit@1:0.017110	 hit@5:0.0605	 hit@10: 0.0957
target: 	 mrr: 0.041709	 ndcg_5: 0.0323	 ndcg_10: 0.0441	 hit@1:0.013931	 hit@5:0.0504	 hit@10: 0.0869
epoch 74: train_loss = 1.536936, source_mrr = 0.047235, source_hit@10 = 0.0957, source_ndcg@10 = 0.0502, target_mrr = 0.041709, target_hit@10 = 0.0869, target_ndcg@10 = 0.0441

2024-08-13 23:32:19.822196: step 25725/27440 (epoch 75/80), loss = 1.532607 (49.230 sec/epoch), lr: 0.000736
Evaluating on dev set...
..................................................................
source: 	 mrr: 0.050599	 ndcg_5: 0.0431	 ndcg_10: 0.0551	 hit@1:0.017744	 hit@5:0.0675	 hit@10: 0.1046
target: 	 mrr: 0.043898	 ndcg_5: 0.0352	 ndcg_10: 0.0478	 hit@1:0.014767	 hit@5:0.0571	 hit@10: 0.0964
epoch 75: train_loss = 1.532607, source_mrr = 0.050599, source_hit@10 = 0.1046, source_ndcg@10 = 0.0551, target_mrr = 0.043898, target_hit@10 = 0.0964, target_ndcg@10 = 0.0478

2024-08-13 23:33:09.438553: step 26068/27440 (epoch 76/80), loss = 1.526549 (48.893 sec/epoch), lr: 0.000736
Evaluating on dev set...
..................................................................
source: 	 mrr: 0.052689	 ndcg_5: 0.0446	 ndcg_10: 0.0557	 hit@1:0.020279	 hit@5:0.0681	 hit@10: 0.1027
target: 	 mrr: 0.047552	 ndcg_5: 0.0392	 ndcg_10: 0.0523	 hit@1:0.018668	 hit@5:0.0613	 hit@10: 0.1023
target best!
...................................target: 	 mrr: 0.050713	 ndcg_5: 0.0441	 ndcg_10: 0.0549	 hit@1:0.021151	 hit@5:0.0674	 hit@10: 0.1010
epoch 76: train_loss = 1.526549, source_mrr = 0.052689, source_hit@10 = 0.1027, source_ndcg@10 = 0.0557, target_mrr = 0.050713, target_hit@10 = 0.1010, target_ndcg@10 = 0.0549

2024-08-13 23:33:59.637217: step 26411/27440 (epoch 77/80), loss = 1.523626 (49.127 sec/epoch), lr: 0.000736
Evaluating on dev set...
..................................................................
source: 	 mrr: 0.056956	 ndcg_5: 0.0492	 ndcg_10: 0.0617	 hit@1:0.022180	 hit@5:0.0745	 hit@10: 0.1138
target: 	 mrr: 0.043444	 ndcg_5: 0.0350	 ndcg_10: 0.0463	 hit@1:0.013096	 hit@5:0.0566	 hit@10: 0.0914
epoch 77: train_loss = 1.523626, source_mrr = 0.056956, source_hit@10 = 0.1138, source_ndcg@10 = 0.0617, target_mrr = 0.043444, target_hit@10 = 0.0914, target_ndcg@10 = 0.0463

2024-08-13 23:34:49.839582: step 26754/27440 (epoch 78/80), loss = 1.520566 (49.463 sec/epoch), lr: 0.000736
Evaluating on dev set...
..................................................................
source: 	 mrr: 0.060217	 ndcg_5: 0.0521	 ndcg_10: 0.0645	 hit@1:0.027250	 hit@5:0.0764	 hit@10: 0.1147
target: 	 mrr: 0.044284	 ndcg_5: 0.0348	 ndcg_10: 0.0461	 hit@1:0.017832	 hit@5:0.0515	 hit@10: 0.0867
epoch 78: train_loss = 1.520566, source_mrr = 0.060217, source_hit@10 = 0.1147, source_ndcg@10 = 0.0645, target_mrr = 0.044284, target_hit@10 = 0.0867, target_ndcg@10 = 0.0461

2024-08-13 23:35:39.264322: step 27097/27440 (epoch 79/80), loss = 1.518420 (48.705 sec/epoch), lr: 0.000736
Evaluating on dev set...
..................................................................
source: 	 mrr: 0.038690	 ndcg_5: 0.0306	 ndcg_10: 0.0403	 hit@1:0.013625	 hit@5:0.0478	 hit@10: 0.0783
target: 	 mrr: 0.041217	 ndcg_5: 0.0333	 ndcg_10: 0.0436	 hit@1:0.013653	 hit@5:0.0535	 hit@10: 0.0861
epoch 79: train_loss = 1.518420, source_mrr = 0.038690, source_hit@10 = 0.0783, source_ndcg@10 = 0.0403, target_mrr = 0.041217, target_hit@10 = 0.0861, target_ndcg@10 = 0.0436

2024-08-13 23:36:28.709105: step 27440/27440 (epoch 80/80), loss = 1.515203 (48.724 sec/epoch), lr: 0.000699
Evaluating on dev set...
..................................................................
source: 	 mrr: 0.049366	 ndcg_5: 0.0401	 ndcg_10: 0.0514	 hit@1:0.019962	 hit@5:0.0599	 hit@10: 0.0947
target: 	 mrr: 0.039423	 ndcg_5: 0.0299	 ndcg_10: 0.0410	 hit@1:0.013374	 hit@5:0.0463	 hit@10: 0.0811
epoch 80: train_loss = 1.515203, source_mrr = 0.049366, source_hit@10 = 0.0947, source_ndcg@10 = 0.0514, target_mrr = 0.039423, target_hit@10 = 0.0811, target_ndcg@10 = 0.0410

source best:  source_mrr = 0.058866, source_hit@10 = 0.1226, source_ndcg@10 = 0.0649
target best:  target_mrr = 0.047552, target_hit@10 = 0.1023, target_ndcg@10 = 0.0523
