nohup: ignoring input
using gpu:0 to train the model
using gpu:0 to train the model
cuda:0
Namespace(A_split=False, JK='sum', a_fold=100, aggregate=False, alpha=0.5, batch_size=1024, beta_inter=0.2, conv_layers=4, cuda=True, decay_epoch=10, device=device(type='cuda', index=0), device_id='0', domains='cloth_sport', dropout=0.4, epoch=80, feature_dim=126, gamma_intra=0.8, hidden_dim=126, inter_tau=0.2, intra_tau=0.4, lambda_critic=0.1, leakey=0.05, load=False, log='logs.txt', log_epoch=1, lr=0.004, lr_decay=0.95, min_epoch=60, mode='train', model_file=None, model_name='cs', momentum=0.98, num_latent_factors=3, num_negative=100, optim='adam', patience=20, proj_layers=1, projection=1, rectify_epoch=40, residual=1, save=False, save_dir='./saved_models', seed=2040, similarity_tau=0.3, step=4, test_sample_number=999, user_batch_size=256, weight_decay=0.0002)
number_user 41829
number_item 17943
/home/hourun/invariantCDR_v2/invariantCDR/utils/GraphMaker.py:46: RuntimeWarning: divide by zero encountered in power
  r_inv = np.power(rowsum, -1).flatten()
real graph loaded!
number_user 27328
number_item 12655
real graph loaded!
graph loaded!
Loading data from cloth_sport with batch size 1024...
unseen test: 0
test length: 3156
unseen test: 0
test length: 3085
unseen test: 0
test length: 3589
unseen test: 0
test length: 3546
source_user_num 41829
target_user_num 27328
source_item_num 17943
target_item_num 12655
shared users id: 7857
test users 990, 982
unseen test: 0
dev length: 1000
unseen test: 0
dev length: 1000
source train data : 187880, target train data: 163291, source test data : 3085, target test data : 3546, source dev data : 1000, target dev data : 1000
2024-08-13 22:28:57.439067: step 343/27440 (epoch 1/80), loss = 2.275424 (48.368 sec/epoch), lr: 0.004000
Evaluating on dev set...
..................................................................
source: 	 mrr: 0.042218	 ndcg_5: 0.0344	 ndcg_10: 0.0447	 hit@1:0.012991	 hit@5:0.0548	 hit@10: 0.0871
target: 	 mrr: 0.023433	 ndcg_5: 0.0177	 ndcg_10: 0.0234	 hit@1:0.008359	 hit@5:0.0267	 hit@10: 0.0443
source best!
..............................
source: 	 mrr: 0.039050	 ndcg_5: 0.0301	 ndcg_10: 0.0410	 hit@1:0.012966	 hit@5:0.0476	 hit@10: 0.0817
target best!
...................................target: 	 mrr: 0.024545	 ndcg_5: 0.0190	 ndcg_10: 0.0242	 hit@1:0.008742	 hit@5:0.0293	 hit@10: 0.0457
epoch 1: train_loss = 2.275424, source_mrr = 0.039050, source_hit@10 = 0.0817, source_ndcg@10 = 0.0410, target_mrr = 0.024545, target_hit@10 = 0.0457, target_ndcg@10 = 0.0242

2024-08-13 22:29:46.535899: step 686/27440 (epoch 2/80), loss = 2.030146 (47.868 sec/epoch), lr: 0.004000
Evaluating on dev set...
..................................................................
source: 	 mrr: 0.039773	 ndcg_5: 0.0312	 ndcg_10: 0.0414	 hit@1:0.011407	 hit@5:0.0520	 hit@10: 0.0840
target: 	 mrr: 0.028328	 ndcg_5: 0.0219	 ndcg_10: 0.0284	 hit@1:0.010309	 hit@5:0.0334	 hit@10: 0.0538
target best!
...................................target: 	 mrr: 0.030842	 ndcg_5: 0.0246	 ndcg_10: 0.0310	 hit@1:0.012972	 hit@5:0.0364	 hit@10: 0.0561
epoch 2: train_loss = 2.030146, source_mrr = 0.039773, source_hit@10 = 0.0840, source_ndcg@10 = 0.0414, target_mrr = 0.030842, target_hit@10 = 0.0561, target_ndcg@10 = 0.0310

2024-08-13 22:30:35.894533: step 1029/27440 (epoch 3/80), loss = 1.981262 (48.410 sec/epoch), lr: 0.004000
Evaluating on dev set...
..................................................................
source: 	 mrr: 0.044103	 ndcg_5: 0.0354	 ndcg_10: 0.0461	 hit@1:0.017744	 hit@5:0.0532	 hit@10: 0.0865
target: 	 mrr: 0.029513	 ndcg_5: 0.0229	 ndcg_10: 0.0305	 hit@1:0.008638	 hit@5:0.0365	 hit@10: 0.0605
source best!
..............................
source: 	 mrr: 0.041966	 ndcg_5: 0.0336	 ndcg_10: 0.0450	 hit@1:0.014263	 hit@5:0.0522	 hit@10: 0.0875
target best!
...................................target: 	 mrr: 0.028855	 ndcg_5: 0.0219	 ndcg_10: 0.0305	 hit@1:0.009024	 hit@5:0.0353	 hit@10: 0.0618
epoch 3: train_loss = 1.981262, source_mrr = 0.041966, source_hit@10 = 0.0875, source_ndcg@10 = 0.0450, target_mrr = 0.028855, target_hit@10 = 0.0618, target_ndcg@10 = 0.0305

2024-08-13 22:31:24.946621: step 1372/27440 (epoch 4/80), loss = 1.956410 (47.829 sec/epoch), lr: 0.004000
Evaluating on dev set...
..................................................................
source: 	 mrr: 0.037691	 ndcg_5: 0.0296	 ndcg_10: 0.0392	 hit@1:0.013625	 hit@5:0.0463	 hit@10: 0.0760
target: 	 mrr: 0.035339	 ndcg_5: 0.0261	 ndcg_10: 0.0372	 hit@1:0.010867	 hit@5:0.0404	 hit@10: 0.0752
target best!
...................................target: 	 mrr: 0.033182	 ndcg_5: 0.0246	 ndcg_10: 0.0337	 hit@1:0.008178	 hit@5:0.0406	 hit@10: 0.0691
epoch 4: train_loss = 1.956410, source_mrr = 0.037691, source_hit@10 = 0.0760, source_ndcg@10 = 0.0392, target_mrr = 0.033182, target_hit@10 = 0.0691, target_ndcg@10 = 0.0337

2024-08-13 22:32:13.438482: step 1715/27440 (epoch 5/80), loss = 1.939414 (47.542 sec/epoch), lr: 0.004000
Evaluating on dev set...
..................................................................
source: 	 mrr: 0.044790	 ndcg_5: 0.0373	 ndcg_10: 0.0513	 hit@1:0.013308	 hit@5:0.0615	 hit@10: 0.1052
target: 	 mrr: 0.030903	 ndcg_5: 0.0204	 ndcg_10: 0.0332	 hit@1:0.008359	 hit@5:0.0332	 hit@10: 0.0733
source best!
..............................
source: 	 mrr: 0.043376	 ndcg_5: 0.0355	 ndcg_10: 0.0474	 hit@1:0.014911	 hit@5:0.0571	 hit@10: 0.0950
epoch 5: train_loss = 1.939414, source_mrr = 0.043376, source_hit@10 = 0.0950, source_ndcg@10 = 0.0474, target_mrr = 0.030903, target_hit@10 = 0.0733, target_ndcg@10 = 0.0332

2024-08-13 22:33:02.571612: step 2058/27440 (epoch 6/80), loss = 1.922947 (48.221 sec/epoch), lr: 0.004000
Evaluating on dev set...
..................................................................
source: 	 mrr: 0.045644	 ndcg_5: 0.0374	 ndcg_10: 0.0486	 hit@1:0.018378	 hit@5:0.0558	 hit@10: 0.0903
target: 	 mrr: 0.032130	 ndcg_5: 0.0250	 ndcg_10: 0.0337	 hit@1:0.007802	 hit@5:0.0426	 hit@10: 0.0697
source best!
..............................
source: 	 mrr: 0.040409	 ndcg_5: 0.0337	 ndcg_10: 0.0433	 hit@1:0.013614	 hit@5:0.0545	 hit@10: 0.0843
epoch 6: train_loss = 1.922947, source_mrr = 0.040409, source_hit@10 = 0.0843, source_ndcg@10 = 0.0433, target_mrr = 0.032130, target_hit@10 = 0.0697, target_ndcg@10 = 0.0337

2024-08-13 22:33:51.590255: step 2401/27440 (epoch 7/80), loss = 1.909035 (48.107 sec/epoch), lr: 0.004000
Evaluating on dev set...
..................................................................
source: 	 mrr: 0.043098	 ndcg_5: 0.0343	 ndcg_10: 0.0454	 hit@1:0.013308	 hit@5:0.0558	 hit@10: 0.0906
target: 	 mrr: 0.033991	 ndcg_5: 0.0248	 ndcg_10: 0.0360	 hit@1:0.010309	 hit@5:0.0396	 hit@10: 0.0741
epoch 7: train_loss = 1.909035, source_mrr = 0.043098, source_hit@10 = 0.0906, source_ndcg@10 = 0.0454, target_mrr = 0.033991, target_hit@10 = 0.0741, target_ndcg@10 = 0.0360

2024-08-13 22:34:40.455037: step 2744/27440 (epoch 8/80), loss = 1.894944 (48.225 sec/epoch), lr: 0.004000
Evaluating on dev set...
..................................................................
source: 	 mrr: 0.045604	 ndcg_5: 0.0360	 ndcg_10: 0.0491	 hit@1:0.014892	 hit@5:0.0577	 hit@10: 0.0982
target: 	 mrr: 0.038710	 ndcg_5: 0.0312	 ndcg_10: 0.0404	 hit@1:0.015882	 hit@5:0.0468	 hit@10: 0.0750
target best!
...................................target: 	 mrr: 0.036336	 ndcg_5: 0.0293	 ndcg_10: 0.0366	 hit@1:0.014382	 hit@5:0.0443	 hit@10: 0.0674
epoch 8: train_loss = 1.894944, source_mrr = 0.045604, source_hit@10 = 0.0982, source_ndcg@10 = 0.0491, target_mrr = 0.036336, target_hit@10 = 0.0674, target_ndcg@10 = 0.0366

2024-08-13 22:35:29.446706: step 3087/27440 (epoch 9/80), loss = 1.882275 (48.042 sec/epoch), lr: 0.004000
Evaluating on dev set...
..................................................................
source: 	 mrr: 0.040573	 ndcg_5: 0.0320	 ndcg_10: 0.0429	 hit@1:0.012357	 hit@5:0.0513	 hit@10: 0.0856
target: 	 mrr: 0.038083	 ndcg_5: 0.0299	 ndcg_10: 0.0398	 hit@1:0.012538	 hit@5:0.0468	 hit@10: 0.0780
epoch 9: train_loss = 1.882275, source_mrr = 0.040573, source_hit@10 = 0.0856, source_ndcg@10 = 0.0429, target_mrr = 0.038083, target_hit@10 = 0.0780, target_ndcg@10 = 0.0398

2024-08-13 22:36:18.705713: step 3430/27440 (epoch 10/80), loss = 1.872105 (48.612 sec/epoch), lr: 0.004000
Evaluating on dev set...
..................................................................
source: 	 mrr: 0.045999	 ndcg_5: 0.0369	 ndcg_10: 0.0508	 hit@1:0.014892	 hit@5:0.0599	 hit@10: 0.1030
target: 	 mrr: 0.036373	 ndcg_5: 0.0269	 ndcg_10: 0.0382	 hit@1:0.010309	 hit@5:0.0440	 hit@10: 0.0789
source best!
..............................
source: 	 mrr: 0.047822	 ndcg_5: 0.0393	 ndcg_10: 0.0497	 hit@1:0.018476	 hit@5:0.0609	 hit@10: 0.0930
epoch 10: train_loss = 1.872105, source_mrr = 0.047822, source_hit@10 = 0.0930, source_ndcg@10 = 0.0497, target_mrr = 0.036373, target_hit@10 = 0.0789, target_ndcg@10 = 0.0382

2024-08-13 22:37:07.682553: step 3773/27440 (epoch 11/80), loss = 1.859829 (48.062 sec/epoch), lr: 0.004000
Evaluating on dev set...
..................................................................
source: 	 mrr: 0.050915	 ndcg_5: 0.0415	 ndcg_10: 0.0565	 hit@1:0.017744	 hit@5:0.0646	 hit@10: 0.1119
target: 	 mrr: 0.037198	 ndcg_5: 0.0301	 ndcg_10: 0.0383	 hit@1:0.013096	 hit@5:0.0468	 hit@10: 0.0730
source best!
..............................
source: 	 mrr: 0.050187	 ndcg_5: 0.0420	 ndcg_10: 0.0519	 hit@1:0.019449	 hit@5:0.0639	 hit@10: 0.0947
epoch 11: train_loss = 1.859829, source_mrr = 0.050187, source_hit@10 = 0.0947, source_ndcg@10 = 0.0519, target_mrr = 0.037198, target_hit@10 = 0.0730, target_ndcg@10 = 0.0383

2024-08-13 22:37:57.059866: step 4116/27440 (epoch 12/80), loss = 1.845928 (48.475 sec/epoch), lr: 0.004000
Evaluating on dev set...
..................................................................
source: 	 mrr: 0.042035	 ndcg_5: 0.0325	 ndcg_10: 0.0429	 hit@1:0.016477	 hit@5:0.0488	 hit@10: 0.0808
target: 	 mrr: 0.042252	 ndcg_5: 0.0344	 ndcg_10: 0.0462	 hit@1:0.015325	 hit@5:0.0543	 hit@10: 0.0911
target best!
...................................target: 	 mrr: 0.041839	 ndcg_5: 0.0334	 ndcg_10: 0.0456	 hit@1:0.015510	 hit@5:0.0516	 hit@10: 0.0897
epoch 12: train_loss = 1.845928, source_mrr = 0.042035, source_hit@10 = 0.0808, source_ndcg@10 = 0.0429, target_mrr = 0.041839, target_hit@10 = 0.0897, target_ndcg@10 = 0.0456

2024-08-13 22:38:45.997211: step 4459/27440 (epoch 13/80), loss = 1.823843 (47.967 sec/epoch), lr: 0.003800
Evaluating on dev set...
..................................................................
source: 	 mrr: 0.051743	 ndcg_5: 0.0451	 ndcg_10: 0.0543	 hit@1:0.022180	 hit@5:0.0665	 hit@10: 0.0960
target: 	 mrr: 0.037664	 ndcg_5: 0.0289	 ndcg_10: 0.0399	 hit@1:0.010031	 hit@5:0.0476	 hit@10: 0.0816
source best!
..............................
source: 	 mrr: 0.044503	 ndcg_5: 0.0359	 ndcg_10: 0.0464	 hit@1:0.016856	 hit@5:0.0535	 hit@10: 0.0862
epoch 13: train_loss = 1.823843, source_mrr = 0.044503, source_hit@10 = 0.0862, source_ndcg@10 = 0.0464, target_mrr = 0.037664, target_hit@10 = 0.0816, target_ndcg@10 = 0.0399

2024-08-13 22:39:35.024498: step 4802/27440 (epoch 14/80), loss = 1.820049 (48.120 sec/epoch), lr: 0.003800
Evaluating on dev set...
..................................................................
source: 	 mrr: 0.048693	 ndcg_5: 0.0395	 ndcg_10: 0.0520	 hit@1:0.018061	 hit@5:0.0615	 hit@10: 0.1008
target: 	 mrr: 0.041153	 ndcg_5: 0.0327	 ndcg_10: 0.0432	 hit@1:0.013653	 hit@5:0.0507	 hit@10: 0.0833
epoch 14: train_loss = 1.820049, source_mrr = 0.048693, source_hit@10 = 0.1008, source_ndcg@10 = 0.0520, target_mrr = 0.041153, target_hit@10 = 0.0833, target_ndcg@10 = 0.0432

2024-08-13 22:40:23.613393: step 5145/27440 (epoch 15/80), loss = 1.813378 (47.948 sec/epoch), lr: 0.003800
Evaluating on dev set...
..................................................................
source: 	 mrr: 0.047638	 ndcg_5: 0.0400	 ndcg_10: 0.0512	 hit@1:0.017427	 hit@5:0.0621	 hit@10: 0.0970
target: 	 mrr: 0.039815	 ndcg_5: 0.0322	 ndcg_10: 0.0410	 hit@1:0.013931	 hit@5:0.0513	 hit@10: 0.0789
epoch 15: train_loss = 1.813378, source_mrr = 0.047638, source_hit@10 = 0.0970, source_ndcg@10 = 0.0512, target_mrr = 0.039815, target_hit@10 = 0.0789, target_ndcg@10 = 0.0410

2024-08-13 22:41:12.199905: step 5488/27440 (epoch 16/80), loss = 1.806482 (47.874 sec/epoch), lr: 0.003610
Evaluating on dev set...
..................................................................
source: 	 mrr: 0.044091	 ndcg_5: 0.0356	 ndcg_10: 0.0469	 hit@1:0.014575	 hit@5:0.0570	 hit@10: 0.0925
target: 	 mrr: 0.041600	 ndcg_5: 0.0340	 ndcg_10: 0.0448	 hit@1:0.014489	 hit@5:0.0535	 hit@10: 0.0875
epoch 16: train_loss = 1.806482, source_mrr = 0.044091, source_hit@10 = 0.0925, source_ndcg@10 = 0.0469, target_mrr = 0.041600, target_hit@10 = 0.0875, target_ndcg@10 = 0.0448

2024-08-13 22:42:00.565822: step 5831/27440 (epoch 17/80), loss = 1.796233 (47.721 sec/epoch), lr: 0.003429
Evaluating on dev set...
..................................................................
source: 	 mrr: 0.052251	 ndcg_5: 0.0436	 ndcg_10: 0.0574	 hit@1:0.019328	 hit@5:0.0681	 hit@10: 0.1109
target: 	 mrr: 0.040751	 ndcg_5: 0.0334	 ndcg_10: 0.0425	 hit@1:0.014210	 hit@5:0.0529	 hit@10: 0.0811
source best!
..............................
source: 	 mrr: 0.052159	 ndcg_5: 0.0421	 ndcg_10: 0.0565	 hit@1:0.022690	 hit@5:0.0619	 hit@10: 0.1066
epoch 17: train_loss = 1.796233, source_mrr = 0.052159, source_hit@10 = 0.1066, source_ndcg@10 = 0.0565, target_mrr = 0.040751, target_hit@10 = 0.0811, target_ndcg@10 = 0.0425

2024-08-13 22:42:49.168095: step 6174/27440 (epoch 18/80), loss = 1.787522 (47.698 sec/epoch), lr: 0.003429
Evaluating on dev set...
..................................................................
source: 	 mrr: 0.056233	 ndcg_5: 0.0462	 ndcg_10: 0.0603	 hit@1:0.025032	 hit@5:0.0675	 hit@10: 0.1112
target: 	 mrr: 0.033977	 ndcg_5: 0.0261	 ndcg_10: 0.0351	 hit@1:0.012260	 hit@5:0.0404	 hit@10: 0.0683
source best!
..............................
source: 	 mrr: 0.050813	 ndcg_5: 0.0409	 ndcg_10: 0.0551	 hit@1:0.019125	 hit@5:0.0642	 hit@10: 0.1083
epoch 18: train_loss = 1.787522, source_mrr = 0.050813, source_hit@10 = 0.1083, source_ndcg@10 = 0.0551, target_mrr = 0.033977, target_hit@10 = 0.0683, target_ndcg@10 = 0.0351

2024-08-13 22:43:37.896116: step 6517/27440 (epoch 19/80), loss = 1.779529 (47.823 sec/epoch), lr: 0.003258
Evaluating on dev set...
..................................................................
source: 	 mrr: 0.043361	 ndcg_5: 0.0348	 ndcg_10: 0.0465	 hit@1:0.014575	 hit@5:0.0542	 hit@10: 0.0900
target: 	 mrr: 0.038495	 ndcg_5: 0.0297	 ndcg_10: 0.0399	 hit@1:0.011981	 hit@5:0.0468	 hit@10: 0.0789
epoch 19: train_loss = 1.779529, source_mrr = 0.043361, source_hit@10 = 0.0900, source_ndcg@10 = 0.0465, target_mrr = 0.038495, target_hit@10 = 0.0789, target_ndcg@10 = 0.0399

2024-08-13 22:44:26.622014: step 6860/27440 (epoch 20/80), loss = 1.769790 (48.073 sec/epoch), lr: 0.003095
Evaluating on dev set...
..................................................................
source: 	 mrr: 0.054230	 ndcg_5: 0.0455	 ndcg_10: 0.0607	 hit@1:0.020913	 hit@5:0.0710	 hit@10: 0.1182
target: 	 mrr: 0.044973	 ndcg_5: 0.0360	 ndcg_10: 0.0499	 hit@1:0.014210	 hit@5:0.0588	 hit@10: 0.1025
target best!
...................................target: 	 mrr: 0.045805	 ndcg_5: 0.0373	 ndcg_10: 0.0488	 hit@1:0.015792	 hit@5:0.0584	 hit@10: 0.0945
epoch 20: train_loss = 1.769790, source_mrr = 0.054230, source_hit@10 = 0.1182, source_ndcg@10 = 0.0607, target_mrr = 0.045805, target_hit@10 = 0.0945, target_ndcg@10 = 0.0488

2024-08-13 22:45:16.043264: step 7203/27440 (epoch 21/80), loss = 1.764930 (48.474 sec/epoch), lr: 0.003095
Evaluating on dev set...
..................................................................
source: 	 mrr: 0.044352	 ndcg_5: 0.0371	 ndcg_10: 0.0457	 hit@1:0.018061	 hit@5:0.0564	 hit@10: 0.0830
target: 	 mrr: 0.043556	 ndcg_5: 0.0346	 ndcg_10: 0.0454	 hit@1:0.017832	 hit@5:0.0518	 hit@10: 0.0858
epoch 21: train_loss = 1.764930, source_mrr = 0.044352, source_hit@10 = 0.0830, source_ndcg@10 = 0.0457, target_mrr = 0.043556, target_hit@10 = 0.0858, target_ndcg@10 = 0.0454

2024-08-13 22:46:05.016253: step 7546/27440 (epoch 22/80), loss = 1.761488 (48.330 sec/epoch), lr: 0.002940
Evaluating on dev set...
..................................................................
source: 	 mrr: 0.055305	 ndcg_5: 0.0458	 ndcg_10: 0.0581	 hit@1:0.023764	 hit@5:0.0675	 hit@10: 0.1058
target: 	 mrr: 0.038972	 ndcg_5: 0.0294	 ndcg_10: 0.0396	 hit@1:0.011981	 hit@5:0.0457	 hit@10: 0.0777
epoch 22: train_loss = 1.761488, source_mrr = 0.055305, source_hit@10 = 0.1058, source_ndcg@10 = 0.0581, target_mrr = 0.038972, target_hit@10 = 0.0777, target_ndcg@10 = 0.0396

2024-08-13 22:46:53.512582: step 7889/27440 (epoch 23/80), loss = 1.754427 (47.848 sec/epoch), lr: 0.002940
Evaluating on dev set...
..................................................................
source: 	 mrr: 0.054460	 ndcg_5: 0.0465	 ndcg_10: 0.0592	 hit@1:0.021229	 hit@5:0.0719	 hit@10: 0.1112
target: 	 mrr: 0.043386	 ndcg_5: 0.0337	 ndcg_10: 0.0471	 hit@1:0.014489	 hit@5:0.0535	 hit@10: 0.0950
epoch 23: train_loss = 1.754427, source_mrr = 0.054460, source_hit@10 = 0.1112, source_ndcg@10 = 0.0592, target_mrr = 0.043386, target_hit@10 = 0.0950, target_ndcg@10 = 0.0471

2024-08-13 22:47:42.070797: step 8232/27440 (epoch 24/80), loss = 1.749769 (47.917 sec/epoch), lr: 0.002940
Evaluating on dev set...
..................................................................
source: 	 mrr: 0.046430	 ndcg_5: 0.0374	 ndcg_10: 0.0489	 hit@1:0.018378	 hit@5:0.0558	 hit@10: 0.0919
target: 	 mrr: 0.041974	 ndcg_5: 0.0338	 ndcg_10: 0.0460	 hit@1:0.013653	 hit@5:0.0552	 hit@10: 0.0936
epoch 24: train_loss = 1.749769, source_mrr = 0.046430, source_hit@10 = 0.0919, source_ndcg@10 = 0.0489, target_mrr = 0.041974, target_hit@10 = 0.0936, target_ndcg@10 = 0.0460

2024-08-13 22:48:30.961194: step 8575/27440 (epoch 25/80), loss = 1.742283 (48.226 sec/epoch), lr: 0.002793
Evaluating on dev set...
..................................................................
source: 	 mrr: 0.050499	 ndcg_5: 0.0434	 ndcg_10: 0.0544	 hit@1:0.020913	 hit@5:0.0656	 hit@10: 0.1001
target: 	 mrr: 0.048920	 ndcg_5: 0.0404	 ndcg_10: 0.0544	 hit@1:0.016996	 hit@5:0.0638	 hit@10: 0.1076
target best!
...................................target: 	 mrr: 0.048636	 ndcg_5: 0.0401	 ndcg_10: 0.0524	 hit@1:0.018895	 hit@5:0.0615	 hit@10: 0.0998
epoch 25: train_loss = 1.742283, source_mrr = 0.050499, source_hit@10 = 0.1001, source_ndcg@10 = 0.0544, target_mrr = 0.048636, target_hit@10 = 0.0998, target_ndcg@10 = 0.0524

2024-08-13 22:49:20.250944: step 8918/27440 (epoch 26/80), loss = 1.739544 (48.313 sec/epoch), lr: 0.002793
Evaluating on dev set...
..................................................................
source: 	 mrr: 0.052345	 ndcg_5: 0.0429	 ndcg_10: 0.0560	 hit@1:0.020596	 hit@5:0.0659	 hit@10: 0.1071
target: 	 mrr: 0.038605	 ndcg_5: 0.0312	 ndcg_10: 0.0397	 hit@1:0.016160	 hit@5:0.0465	 hit@10: 0.0724
epoch 26: train_loss = 1.739544, source_mrr = 0.052345, source_hit@10 = 0.1071, source_ndcg@10 = 0.0560, target_mrr = 0.038605, target_hit@10 = 0.0724, target_ndcg@10 = 0.0397

2024-08-13 22:50:09.512578: step 9261/27440 (epoch 27/80), loss = 1.729688 (48.607 sec/epoch), lr: 0.002654
Evaluating on dev set...
..................................................................
source: 	 mrr: 0.039898	 ndcg_5: 0.0307	 ndcg_10: 0.0422	 hit@1:0.013942	 hit@5:0.0488	 hit@10: 0.0849
target: 	 mrr: 0.044365	 ndcg_5: 0.0364	 ndcg_10: 0.0476	 hit@1:0.016439	 hit@5:0.0571	 hit@10: 0.0919
epoch 27: train_loss = 1.729688, source_mrr = 0.039898, source_hit@10 = 0.0849, source_ndcg@10 = 0.0422, target_mrr = 0.044365, target_hit@10 = 0.0919, target_ndcg@10 = 0.0476

2024-08-13 22:50:58.203821: step 9604/27440 (epoch 28/80), loss = 1.724702 (48.034 sec/epoch), lr: 0.002521
Evaluating on dev set...
..................................................................
source: 	 mrr: 0.042374	 ndcg_5: 0.0333	 ndcg_10: 0.0441	 hit@1:0.015843	 hit@5:0.0507	 hit@10: 0.0846
target: 	 mrr: 0.045035	 ndcg_5: 0.0347	 ndcg_10: 0.0488	 hit@1:0.015046	 hit@5:0.0541	 hit@10: 0.0975
epoch 28: train_loss = 1.724702, source_mrr = 0.042374, source_hit@10 = 0.0846, source_ndcg@10 = 0.0441, target_mrr = 0.045035, target_hit@10 = 0.0975, target_ndcg@10 = 0.0488

2024-08-13 22:51:46.893674: step 9947/27440 (epoch 29/80), loss = 1.722996 (48.043 sec/epoch), lr: 0.002521
Evaluating on dev set...
..................................................................
source: 	 mrr: 0.057202	 ndcg_5: 0.0491	 ndcg_10: 0.0630	 hit@1:0.021863	 hit@5:0.0757	 hit@10: 0.1191
target: 	 mrr: 0.042088	 ndcg_5: 0.0335	 ndcg_10: 0.0445	 hit@1:0.014489	 hit@5:0.0521	 hit@10: 0.0858
source best!
..............................
source: 	 mrr: 0.051745	 ndcg_5: 0.0438	 ndcg_10: 0.0569	 hit@1:0.018801	 hit@5:0.0703	 hit@10: 0.1109
epoch 29: train_loss = 1.722996, source_mrr = 0.051745, source_hit@10 = 0.1109, source_ndcg@10 = 0.0569, target_mrr = 0.042088, target_hit@10 = 0.0858, target_ndcg@10 = 0.0445

2024-08-13 22:52:36.148112: step 10290/27440 (epoch 30/80), loss = 1.720233 (48.347 sec/epoch), lr: 0.002521
Evaluating on dev set...
..................................................................
source: 	 mrr: 0.054943	 ndcg_5: 0.0469	 ndcg_10: 0.0587	 hit@1:0.021546	 hit@5:0.0710	 hit@10: 0.1077
target: 	 mrr: 0.043410	 ndcg_5: 0.0342	 ndcg_10: 0.0451	 hit@1:0.016996	 hit@5:0.0515	 hit@10: 0.0853
epoch 30: train_loss = 1.720233, source_mrr = 0.054943, source_hit@10 = 0.1077, source_ndcg@10 = 0.0587, target_mrr = 0.043410, target_hit@10 = 0.0853, target_ndcg@10 = 0.0451

2024-08-13 22:53:25.149832: step 10633/27440 (epoch 31/80), loss = 1.714196 (48.361 sec/epoch), lr: 0.002395
Evaluating on dev set...
..................................................................
source: 	 mrr: 0.054407	 ndcg_5: 0.0459	 ndcg_10: 0.0584	 hit@1:0.022180	 hit@5:0.0681	 hit@10: 0.1074
target: 	 mrr: 0.038047	 ndcg_5: 0.0297	 ndcg_10: 0.0411	 hit@1:0.010867	 hit@5:0.0479	 hit@10: 0.0833
epoch 31: train_loss = 1.714196, source_mrr = 0.054407, source_hit@10 = 0.1074, source_ndcg@10 = 0.0584, target_mrr = 0.038047, target_hit@10 = 0.0833, target_ndcg@10 = 0.0411

2024-08-13 22:54:13.344677: step 10976/27440 (epoch 32/80), loss = 1.706826 (47.549 sec/epoch), lr: 0.002275
Evaluating on dev set...
..................................................................
source: 	 mrr: 0.050021	 ndcg_5: 0.0413	 ndcg_10: 0.0534	 hit@1:0.019645	 hit@5:0.0618	 hit@10: 0.0995
target: 	 mrr: 0.019737	 ndcg_5: 0.0134	 ndcg_10: 0.0172	 hit@1:0.004737	 hit@5:0.0217	 hit@10: 0.0334
epoch 32: train_loss = 1.706826, source_mrr = 0.050021, source_hit@10 = 0.0995, source_ndcg@10 = 0.0534, target_mrr = 0.019737, target_hit@10 = 0.0334, target_ndcg@10 = 0.0172

2024-08-13 22:55:02.408402: step 11319/27440 (epoch 33/80), loss = 1.699250 (48.422 sec/epoch), lr: 0.002161
Evaluating on dev set...
..................................................................
source: 	 mrr: 0.046098	 ndcg_5: 0.0392	 ndcg_10: 0.0478	 hit@1:0.019328	 hit@5:0.0596	 hit@10: 0.0868
target: 	 mrr: 0.047214	 ndcg_5: 0.0384	 ndcg_10: 0.0513	 hit@1:0.016718	 hit@5:0.0599	 hit@10: 0.0997
epoch 33: train_loss = 1.699250, source_mrr = 0.046098, source_hit@10 = 0.0868, source_ndcg@10 = 0.0478, target_mrr = 0.047214, target_hit@10 = 0.0997, target_ndcg@10 = 0.0513

2024-08-13 22:55:51.009939: step 11662/27440 (epoch 34/80), loss = 1.699027 (47.955 sec/epoch), lr: 0.002161
Evaluating on dev set...
..................................................................
source: 	 mrr: 0.045380	 ndcg_5: 0.0367	 ndcg_10: 0.0476	 hit@1:0.018061	 hit@5:0.0554	 hit@10: 0.0900
target: 	 mrr: 0.039426	 ndcg_5: 0.0321	 ndcg_10: 0.0423	 hit@1:0.013096	 hit@5:0.0515	 hit@10: 0.0833
epoch 34: train_loss = 1.699027, source_mrr = 0.045380, source_hit@10 = 0.0900, source_ndcg@10 = 0.0476, target_mrr = 0.039426, target_hit@10 = 0.0833, target_ndcg@10 = 0.0423

2024-08-13 22:56:39.475799: step 12005/27440 (epoch 35/80), loss = 1.690837 (47.804 sec/epoch), lr: 0.002053
Evaluating on dev set...
..................................................................
source: 	 mrr: 0.056595	 ndcg_5: 0.0466	 ndcg_10: 0.0618	 hit@1:0.024081	 hit@5:0.0684	 hit@10: 0.1153
target: 	 mrr: 0.034160	 ndcg_5: 0.0257	 ndcg_10: 0.0352	 hit@1:0.010867	 hit@5:0.0401	 hit@10: 0.0697
epoch 35: train_loss = 1.690837, source_mrr = 0.056595, source_hit@10 = 0.1153, source_ndcg@10 = 0.0618, target_mrr = 0.034160, target_hit@10 = 0.0697, target_ndcg@10 = 0.0352

2024-08-13 22:57:28.109879: step 12348/27440 (epoch 36/80), loss = 1.688043 (47.971 sec/epoch), lr: 0.002053
Evaluating on dev set...
..................................................................
source: 	 mrr: 0.049888	 ndcg_5: 0.0393	 ndcg_10: 0.0522	 hit@1:0.020596	 hit@5:0.0580	 hit@10: 0.0985
target: 	 mrr: 0.044935	 ndcg_5: 0.0376	 ndcg_10: 0.0483	 hit@1:0.016718	 hit@5:0.0588	 hit@10: 0.0922
epoch 36: train_loss = 1.688043, source_mrr = 0.049888, source_hit@10 = 0.0985, source_ndcg@10 = 0.0522, target_mrr = 0.044935, target_hit@10 = 0.0922, target_ndcg@10 = 0.0483

2024-08-13 22:58:16.904466: step 12691/27440 (epoch 37/80), loss = 1.684810 (48.115 sec/epoch), lr: 0.002053
Evaluating on dev set...
..................................................................
source: 	 mrr: 0.040309	 ndcg_5: 0.0323	 ndcg_10: 0.0424	 hit@1:0.013625	 hit@5:0.0510	 hit@10: 0.0824
target: 	 mrr: 0.043094	 ndcg_5: 0.0334	 ndcg_10: 0.0464	 hit@1:0.013374	 hit@5:0.0532	 hit@10: 0.0939
epoch 37: train_loss = 1.684810, source_mrr = 0.040309, source_hit@10 = 0.0824, source_ndcg@10 = 0.0424, target_mrr = 0.043094, target_hit@10 = 0.0939, target_ndcg@10 = 0.0464

2024-08-13 22:59:05.666833: step 13034/27440 (epoch 38/80), loss = 1.679650 (48.121 sec/epoch), lr: 0.001951
Evaluating on dev set...
..................................................................
source: 	 mrr: 0.039762	 ndcg_5: 0.0315	 ndcg_10: 0.0415	 hit@1:0.012674	 hit@5:0.0497	 hit@10: 0.0808
target: 	 mrr: 0.043150	 ndcg_5: 0.0338	 ndcg_10: 0.0450	 hit@1:0.015325	 hit@5:0.0521	 hit@10: 0.0869
epoch 38: train_loss = 1.679650, source_mrr = 0.039762, source_hit@10 = 0.0808, source_ndcg@10 = 0.0415, target_mrr = 0.043150, target_hit@10 = 0.0869, target_ndcg@10 = 0.0450

2024-08-13 22:59:54.425439: step 13377/27440 (epoch 39/80), loss = 1.673453 (48.115 sec/epoch), lr: 0.001853
Evaluating on dev set...
..................................................................
source: 	 mrr: 0.040890	 ndcg_5: 0.0315	 ndcg_10: 0.0429	 hit@1:0.013308	 hit@5:0.0504	 hit@10: 0.0862
target: 	 mrr: 0.042135	 ndcg_5: 0.0336	 ndcg_10: 0.0469	 hit@1:0.011702	 hit@5:0.0560	 hit@10: 0.0975
epoch 39: train_loss = 1.673453, source_mrr = 0.040890, source_hit@10 = 0.0862, source_ndcg@10 = 0.0429, target_mrr = 0.042135, target_hit@10 = 0.0975, target_ndcg@10 = 0.0469

2024-08-13 23:00:42.932197: step 13720/27440 (epoch 40/80), loss = 1.668969 (47.866 sec/epoch), lr: 0.001853
Evaluating on dev set...
..................................................................
source: 	 mrr: 0.052897	 ndcg_5: 0.0430	 ndcg_10: 0.0572	 hit@1:0.020913	 hit@5:0.0646	 hit@10: 0.1090
target: 	 mrr: 0.041547	 ndcg_5: 0.0323	 ndcg_10: 0.0436	 hit@1:0.015882	 hit@5:0.0476	 hit@10: 0.0828
epoch 40: train_loss = 1.668969, source_mrr = 0.052897, source_hit@10 = 0.1090, source_ndcg@10 = 0.0572, target_mrr = 0.041547, target_hit@10 = 0.0828, target_ndcg@10 = 0.0436
shift to transfer learning mode

2024-08-13 23:01:32.248830: step 14063/27440 (epoch 41/80), loss = 1.700230 (48.679 sec/epoch), lr: 0.001853
Evaluating on dev set...
..................................................................
source: 	 mrr: 0.041580	 ndcg_5: 0.0322	 ndcg_10: 0.0435	 hit@1:0.015209	 hit@5:0.0504	 hit@10: 0.0859
target: 	 mrr: 0.040616	 ndcg_5: 0.0320	 ndcg_10: 0.0426	 hit@1:0.013374	 hit@5:0.0504	 hit@10: 0.0833
epoch 41: train_loss = 1.700230, source_mrr = 0.041580, source_hit@10 = 0.0859, source_ndcg@10 = 0.0435, target_mrr = 0.040616, target_hit@10 = 0.0833, target_ndcg@10 = 0.0426

2024-08-13 23:02:21.552600: step 14406/27440 (epoch 42/80), loss = 1.693158 (48.665 sec/epoch), lr: 0.001761
Evaluating on dev set...
..................................................................
source: 	 mrr: 0.058149	 ndcg_5: 0.0483	 ndcg_10: 0.0648	 hit@1:0.021546	 hit@5:0.0738	 hit@10: 0.1248
target: 	 mrr: 0.049109	 ndcg_5: 0.0406	 ndcg_10: 0.0532	 hit@1:0.018111	 hit@5:0.0632	 hit@10: 0.1023
source best!
..............................
source: 	 mrr: 0.054521	 ndcg_5: 0.0457	 ndcg_10: 0.0592	 hit@1:0.021394	 hit@5:0.0707	 hit@10: 0.1128
target best!
...................................target: 	 mrr: 0.050531	 ndcg_5: 0.0432	 ndcg_10: 0.0538	 hit@1:0.019459	 hit@5:0.0666	 hit@10: 0.0995
epoch 42: train_loss = 1.693158, source_mrr = 0.054521, source_hit@10 = 0.1128, source_ndcg@10 = 0.0592, target_mrr = 0.050531, target_hit@10 = 0.0995, target_ndcg@10 = 0.0538

2024-08-13 23:03:11.565074: step 14749/27440 (epoch 43/80), loss = 1.695174 (48.795 sec/epoch), lr: 0.001761
Evaluating on dev set...
..................................................................
source: 	 mrr: 0.055419	 ndcg_5: 0.0474	 ndcg_10: 0.0603	 hit@1:0.022180	 hit@5:0.0710	 hit@10: 0.1109
target: 	 mrr: 0.047961	 ndcg_5: 0.0393	 ndcg_10: 0.0525	 hit@1:0.017554	 hit@5:0.0619	 hit@10: 0.1025
epoch 43: train_loss = 1.695174, source_mrr = 0.055419, source_hit@10 = 0.1109, source_ndcg@10 = 0.0603, target_mrr = 0.047961, target_hit@10 = 0.1025, target_ndcg@10 = 0.0525

2024-08-13 23:04:00.888083: step 15092/27440 (epoch 44/80), loss = 1.687493 (48.683 sec/epoch), lr: 0.001672
Evaluating on dev set...
..................................................................
source: 	 mrr: 0.053703	 ndcg_5: 0.0448	 ndcg_10: 0.0589	 hit@1:0.021229	 hit@5:0.0681	 hit@10: 0.1119
target: 	 mrr: 0.044191	 ndcg_5: 0.0345	 ndcg_10: 0.0465	 hit@1:0.016718	 hit@5:0.0524	 hit@10: 0.0894
epoch 44: train_loss = 1.687493, source_mrr = 0.053703, source_hit@10 = 0.1119, source_ndcg@10 = 0.0589, target_mrr = 0.044191, target_hit@10 = 0.0894, target_ndcg@10 = 0.0465

2024-08-13 23:04:50.039321: step 15435/27440 (epoch 45/80), loss = 1.680689 (48.509 sec/epoch), lr: 0.001589
Evaluating on dev set...
..................................................................
source: 	 mrr: 0.051156	 ndcg_5: 0.0422	 ndcg_10: 0.0549	 hit@1:0.020913	 hit@5:0.0631	 hit@10: 0.1023
target: 	 mrr: 0.043310	 ndcg_5: 0.0353	 ndcg_10: 0.0460	 hit@1:0.015882	 hit@5:0.0554	 hit@10: 0.0892
epoch 45: train_loss = 1.680689, source_mrr = 0.051156, source_hit@10 = 0.1023, source_ndcg@10 = 0.0549, target_mrr = 0.043310, target_hit@10 = 0.0892, target_ndcg@10 = 0.0460

2024-08-13 23:05:39.724535: step 15778/27440 (epoch 46/80), loss = 1.674968 (49.034 sec/epoch), lr: 0.001509
Evaluating on dev set...
..................................................................
source: 	 mrr: 0.051151	 ndcg_5: 0.0428	 ndcg_10: 0.0543	 hit@1:0.019962	 hit@5:0.0653	 hit@10: 0.1014
target: 	 mrr: 0.043921	 ndcg_5: 0.0349	 ndcg_10: 0.0476	 hit@1:0.012817	 hit@5:0.0568	 hit@10: 0.0970
epoch 46: train_loss = 1.674968, source_mrr = 0.051151, source_hit@10 = 0.1014, source_ndcg@10 = 0.0543, target_mrr = 0.043921, target_hit@10 = 0.0970, target_ndcg@10 = 0.0476

2024-08-13 23:06:29.400104: step 16121/27440 (epoch 47/80), loss = 1.673890 (49.037 sec/epoch), lr: 0.001509
Evaluating on dev set...
..................................................................
source: 	 mrr: 0.054862	 ndcg_5: 0.0467	 ndcg_10: 0.0583	 hit@1:0.024081	 hit@5:0.0684	 hit@10: 0.1042
target: 	 mrr: 0.042181	 ndcg_5: 0.0326	 ndcg_10: 0.0438	 hit@1:0.015882	 hit@5:0.0496	 hit@10: 0.0844
epoch 47: train_loss = 1.673890, source_mrr = 0.054862, source_hit@10 = 0.1042, source_ndcg@10 = 0.0583, target_mrr = 0.042181, target_hit@10 = 0.0844, target_ndcg@10 = 0.0438

2024-08-13 23:07:18.813082: step 16464/27440 (epoch 48/80), loss = 1.672989 (48.769 sec/epoch), lr: 0.001509
Evaluating on dev set...
..................................................................
source: 	 mrr: 0.036253	 ndcg_5: 0.0275	 ndcg_10: 0.0376	 hit@1:0.009823	 hit@5:0.0453	 hit@10: 0.0767
target: 	 mrr: 0.044006	 ndcg_5: 0.0356	 ndcg_10: 0.0471	 hit@1:0.015603	 hit@5:0.0566	 hit@10: 0.0925
epoch 48: train_loss = 1.672989, source_mrr = 0.036253, source_hit@10 = 0.0767, source_ndcg@10 = 0.0376, target_mrr = 0.044006, target_hit@10 = 0.0925, target_ndcg@10 = 0.0471

2024-08-13 23:08:07.981012: step 16807/27440 (epoch 49/80), loss = 1.666631 (48.522 sec/epoch), lr: 0.001434
Evaluating on dev set...
..................................................................
source: 	 mrr: 0.055839	 ndcg_5: 0.0495	 ndcg_10: 0.0623	 hit@1:0.020596	 hit@5:0.0779	 hit@10: 0.1185
target: 	 mrr: 0.046896	 ndcg_5: 0.0380	 ndcg_10: 0.0495	 hit@1:0.017832	 hit@5:0.0591	 hit@10: 0.0950
epoch 49: train_loss = 1.666631, source_mrr = 0.055839, source_hit@10 = 0.1185, source_ndcg@10 = 0.0623, target_mrr = 0.046896, target_hit@10 = 0.0950, target_ndcg@10 = 0.0495

2024-08-13 23:08:57.703154: step 17150/27440 (epoch 50/80), loss = 1.660461 (49.076 sec/epoch), lr: 0.001434
Evaluating on dev set...
..................................................................
source: 	 mrr: 0.054947	 ndcg_5: 0.0462	 ndcg_10: 0.0602	 hit@1:0.023764	 hit@5:0.0684	 hit@10: 0.1122
target: 	 mrr: 0.044908	 ndcg_5: 0.0353	 ndcg_10: 0.0465	 hit@1:0.017554	 hit@5:0.0532	 hit@10: 0.0878
epoch 50: train_loss = 1.660461, source_mrr = 0.054947, source_hit@10 = 0.1122, source_ndcg@10 = 0.0602, target_mrr = 0.044908, target_hit@10 = 0.0878, target_ndcg@10 = 0.0465

2024-08-13 23:09:46.987025: step 17493/27440 (epoch 51/80), loss = 1.659544 (48.647 sec/epoch), lr: 0.001362
Evaluating on dev set...
..................................................................
source: 	 mrr: 0.053138	 ndcg_5: 0.0434	 ndcg_10: 0.0577	 hit@1:0.020596	 hit@5:0.0659	 hit@10: 0.1103
target: 	 mrr: 0.050890	 ndcg_5: 0.0426	 ndcg_10: 0.0562	 hit@1:0.019225	 hit@5:0.0671	 hit@10: 0.1089
target best!
...................................target: 	 mrr: 0.050867	 ndcg_5: 0.0443	 ndcg_10: 0.0576	 hit@1:0.018049	 hit@5:0.0711	 hit@10: 0.1128
epoch 51: train_loss = 1.659544, source_mrr = 0.053138, source_hit@10 = 0.1103, source_ndcg@10 = 0.0577, target_mrr = 0.050867, target_hit@10 = 0.1128, target_ndcg@10 = 0.0576

2024-08-13 23:10:36.675614: step 17836/27440 (epoch 52/80), loss = 1.653781 (48.675 sec/epoch), lr: 0.001362
Evaluating on dev set...
..................................................................
source: 	 mrr: 0.053564	 ndcg_5: 0.0450	 ndcg_10: 0.0568	 hit@1:0.022814	 hit@5:0.0672	 hit@10: 0.1039
target: 	 mrr: 0.049469	 ndcg_5: 0.0415	 ndcg_10: 0.0539	 hit@1:0.019225	 hit@5:0.0646	 hit@10: 0.1031
epoch 52: train_loss = 1.653781, source_mrr = 0.053564, source_hit@10 = 0.1039, source_ndcg@10 = 0.0568, target_mrr = 0.049469, target_hit@10 = 0.1031, target_ndcg@10 = 0.0539

2024-08-13 23:11:26.031052: step 18179/27440 (epoch 53/80), loss = 1.649303 (48.711 sec/epoch), lr: 0.001294
Evaluating on dev set...
..................................................................
source: 	 mrr: 0.059810	 ndcg_5: 0.0506	 ndcg_10: 0.0647	 hit@1:0.025982	 hit@5:0.0738	 hit@10: 0.1176
target: 	 mrr: 0.042258	 ndcg_5: 0.0329	 ndcg_10: 0.0439	 hit@1:0.014767	 hit@5:0.0515	 hit@10: 0.0855
source best!
..............................
source: 	 mrr: 0.056256	 ndcg_5: 0.0481	 ndcg_10: 0.0589	 hit@1:0.024311	 hit@5:0.0720	 hit@10: 0.1057
epoch 53: train_loss = 1.649303, source_mrr = 0.056256, source_hit@10 = 0.1057, source_ndcg@10 = 0.0589, target_mrr = 0.042258, target_hit@10 = 0.0855, target_ndcg@10 = 0.0439

2024-08-13 23:12:15.566718: step 18522/27440 (epoch 54/80), loss = 1.646992 (48.612 sec/epoch), lr: 0.001229
Evaluating on dev set...
..................................................................
source: 	 mrr: 0.053598	 ndcg_5: 0.0435	 ndcg_10: 0.0573	 hit@1:0.022497	 hit@5:0.0646	 hit@10: 0.1077
target: 	 mrr: 0.032306	 ndcg_5: 0.0252	 ndcg_10: 0.0332	 hit@1:0.010867	 hit@5:0.0396	 hit@10: 0.0646
epoch 54: train_loss = 1.646992, source_mrr = 0.053598, source_hit@10 = 0.1077, source_ndcg@10 = 0.0573, target_mrr = 0.032306, target_hit@10 = 0.0646, target_ndcg@10 = 0.0332

2024-08-13 23:13:05.133194: step 18865/27440 (epoch 55/80), loss = 1.635230 (48.909 sec/epoch), lr: 0.001168
Evaluating on dev set...
..................................................................
source: 	 mrr: 0.057394	 ndcg_5: 0.0492	 ndcg_10: 0.0612	 hit@1:0.025032	 hit@5:0.0741	 hit@10: 0.1119
target: 	 mrr: 0.043552	 ndcg_5: 0.0355	 ndcg_10: 0.0465	 hit@1:0.016996	 hit@5:0.0552	 hit@10: 0.0892
epoch 55: train_loss = 1.635230, source_mrr = 0.057394, source_hit@10 = 0.1119, source_ndcg@10 = 0.0612, target_mrr = 0.043552, target_hit@10 = 0.0892, target_ndcg@10 = 0.0465

2024-08-13 23:13:54.734026: step 19208/27440 (epoch 56/80), loss = 1.635276 (48.945 sec/epoch), lr: 0.001168
Evaluating on dev set...
..................................................................
source: 	 mrr: 0.045153	 ndcg_5: 0.0377	 ndcg_10: 0.0483	 hit@1:0.014892	 hit@5:0.0602	 hit@10: 0.0938
target: 	 mrr: 0.037862	 ndcg_5: 0.0279	 ndcg_10: 0.0392	 hit@1:0.014210	 hit@5:0.0410	 hit@10: 0.0766
epoch 56: train_loss = 1.635276, source_mrr = 0.045153, source_hit@10 = 0.0938, source_ndcg@10 = 0.0483, target_mrr = 0.037862, target_hit@10 = 0.0766, target_ndcg@10 = 0.0392

2024-08-13 23:14:44.225353: step 19551/27440 (epoch 57/80), loss = 1.627264 (48.853 sec/epoch), lr: 0.001110
Evaluating on dev set...
..................................................................
source: 	 mrr: 0.030629	 ndcg_5: 0.0225	 ndcg_10: 0.0290	 hit@1:0.008238	 hit@5:0.0358	 hit@10: 0.0558
target: 	 mrr: 0.046463	 ndcg_5: 0.0385	 ndcg_10: 0.0509	 hit@1:0.016718	 hit@5:0.0605	 hit@10: 0.0995
epoch 57: train_loss = 1.627264, source_mrr = 0.030629, source_hit@10 = 0.0558, source_ndcg@10 = 0.0290, target_mrr = 0.046463, target_hit@10 = 0.0995, target_ndcg@10 = 0.0509

2024-08-13 23:15:33.609135: step 19894/27440 (epoch 58/80), loss = 1.620059 (48.744 sec/epoch), lr: 0.001054
Evaluating on dev set...
..................................................................
source: 	 mrr: 0.053985	 ndcg_5: 0.0453	 ndcg_10: 0.0573	 hit@1:0.021546	 hit@5:0.0694	 hit@10: 0.1071
target: 	 mrr: 0.044506	 ndcg_5: 0.0363	 ndcg_10: 0.0469	 hit@1:0.015882	 hit@5:0.0574	 hit@10: 0.0906
epoch 58: train_loss = 1.620059, source_mrr = 0.053985, source_hit@10 = 0.1071, source_ndcg@10 = 0.0573, target_mrr = 0.044506, target_hit@10 = 0.0906, target_ndcg@10 = 0.0469

2024-08-13 23:16:23.060079: step 20237/27440 (epoch 59/80), loss = 1.618880 (48.798 sec/epoch), lr: 0.001054
Evaluating on dev set...
..................................................................
source: 	 mrr: 0.052378	 ndcg_5: 0.0427	 ndcg_10: 0.0572	 hit@1:0.020279	 hit@5:0.0650	 hit@10: 0.1103
target: 	 mrr: 0.040460	 ndcg_5: 0.0333	 ndcg_10: 0.0428	 hit@1:0.014767	 hit@5:0.0524	 hit@10: 0.0822
epoch 59: train_loss = 1.618880, source_mrr = 0.052378, source_hit@10 = 0.1103, source_ndcg@10 = 0.0572, target_mrr = 0.040460, target_hit@10 = 0.0822, target_ndcg@10 = 0.0428

2024-08-13 23:17:12.585999: step 20580/27440 (epoch 60/80), loss = 1.609770 (48.872 sec/epoch), lr: 0.001001
Evaluating on dev set...
..................................................................
source: 	 mrr: 0.046348	 ndcg_5: 0.0373	 ndcg_10: 0.0477	 hit@1:0.017427	 hit@5:0.0574	 hit@10: 0.0897
target: 	 mrr: 0.046839	 ndcg_5: 0.0394	 ndcg_10: 0.0490	 hit@1:0.020340	 hit@5:0.0588	 hit@10: 0.0889
epoch 60: train_loss = 1.609770, source_mrr = 0.046348, source_hit@10 = 0.0897, source_ndcg@10 = 0.0477, target_mrr = 0.046839, target_hit@10 = 0.0889, target_ndcg@10 = 0.0490

2024-08-13 23:18:02.424105: step 20923/27440 (epoch 61/80), loss = 1.606578 (49.192 sec/epoch), lr: 0.001001
Evaluating on dev set...
..................................................................
source: 	 mrr: 0.048939	 ndcg_5: 0.0395	 ndcg_10: 0.0515	 hit@1:0.018378	 hit@5:0.0605	 hit@10: 0.0979
target: 	 mrr: 0.036379	 ndcg_5: 0.0282	 ndcg_10: 0.0357	 hit@1:0.013653	 hit@5:0.0424	 hit@10: 0.0658
epoch 61: train_loss = 1.606578, source_mrr = 0.048939, source_hit@10 = 0.0979, source_ndcg@10 = 0.0515, target_mrr = 0.036379, target_hit@10 = 0.0658, target_ndcg@10 = 0.0357

2024-08-13 23:18:52.016243: step 21266/27440 (epoch 62/80), loss = 1.602431 (48.931 sec/epoch), lr: 0.000951
Evaluating on dev set...
..................................................................
source: 	 mrr: 0.050787	 ndcg_5: 0.0418	 ndcg_10: 0.0547	 hit@1:0.017427	 hit@5:0.0656	 hit@10: 0.1052
target: 	 mrr: 0.043166	 ndcg_5: 0.0341	 ndcg_10: 0.0441	 hit@1:0.016160	 hit@5:0.0515	 hit@10: 0.0833
epoch 62: train_loss = 1.602431, source_mrr = 0.050787, source_hit@10 = 0.1052, source_ndcg@10 = 0.0547, target_mrr = 0.043166, target_hit@10 = 0.0833, target_ndcg@10 = 0.0441

2024-08-13 23:19:41.778801: step 21609/27440 (epoch 63/80), loss = 1.594625 (49.112 sec/epoch), lr: 0.000951
Evaluating on dev set...
..................................................................
source: 	 mrr: 0.049543	 ndcg_5: 0.0409	 ndcg_10: 0.0523	 hit@1:0.019962	 hit@5:0.0627	 hit@10: 0.0989
target: 	 mrr: 0.041428	 ndcg_5: 0.0323	 ndcg_10: 0.0432	 hit@1:0.013931	 hit@5:0.0504	 hit@10: 0.0841
epoch 63: train_loss = 1.594625, source_mrr = 0.049543, source_hit@10 = 0.0989, source_ndcg@10 = 0.0523, target_mrr = 0.041428, target_hit@10 = 0.0841, target_ndcg@10 = 0.0432

2024-08-13 23:20:31.552805: step 21952/27440 (epoch 64/80), loss = 1.591218 (49.130 sec/epoch), lr: 0.000904
Evaluating on dev set...
..................................................................
source: 	 mrr: 0.050721	 ndcg_5: 0.0418	 ndcg_10: 0.0537	 hit@1:0.019328	 hit@5:0.0646	 hit@10: 0.1017
target: 	 mrr: 0.045395	 ndcg_5: 0.0366	 ndcg_10: 0.0496	 hit@1:0.014489	 hit@5:0.0585	 hit@10: 0.0992
epoch 64: train_loss = 1.591218, source_mrr = 0.050721, source_hit@10 = 0.1017, source_ndcg@10 = 0.0537, target_mrr = 0.045395, target_hit@10 = 0.0992, target_ndcg@10 = 0.0496

2024-08-13 23:21:20.752606: step 22295/27440 (epoch 65/80), loss = 1.585800 (48.538 sec/epoch), lr: 0.000904
Evaluating on dev set...
..................................................................
source: 	 mrr: 0.038847	 ndcg_5: 0.0295	 ndcg_10: 0.0396	 hit@1:0.012357	 hit@5:0.0463	 hit@10: 0.0783
target: 	 mrr: 0.044205	 ndcg_5: 0.0352	 ndcg_10: 0.0461	 hit@1:0.017554	 hit@5:0.0538	 hit@10: 0.0878
epoch 65: train_loss = 1.585800, source_mrr = 0.038847, source_hit@10 = 0.0783, source_ndcg@10 = 0.0396, target_mrr = 0.044205, target_hit@10 = 0.0878, target_ndcg@10 = 0.0461

2024-08-13 23:22:10.259897: step 22638/27440 (epoch 66/80), loss = 1.577179 (48.790 sec/epoch), lr: 0.000859
Evaluating on dev set...
..................................................................
source: 	 mrr: 0.034851	 ndcg_5: 0.0249	 ndcg_10: 0.0344	 hit@1:0.010139	 hit@5:0.0390	 hit@10: 0.0684
target: 	 mrr: 0.043551	 ndcg_5: 0.0343	 ndcg_10: 0.0449	 hit@1:0.016718	 hit@5:0.0532	 hit@10: 0.0867
epoch 66: train_loss = 1.577179, source_mrr = 0.034851, source_hit@10 = 0.0684, source_ndcg@10 = 0.0344, target_mrr = 0.043551, target_hit@10 = 0.0867, target_ndcg@10 = 0.0449

2024-08-13 23:22:59.871012: step 22981/27440 (epoch 67/80), loss = 1.571237 (48.969 sec/epoch), lr: 0.000816
Evaluating on dev set...
..................................................................
source: 	 mrr: 0.044010	 ndcg_5: 0.0350	 ndcg_10: 0.0458	 hit@1:0.015843	 hit@5:0.0542	 hit@10: 0.0881
target: 	 mrr: 0.043691	 ndcg_5: 0.0353	 ndcg_10: 0.0458	 hit@1:0.016160	 hit@5:0.0549	 hit@10: 0.0878
epoch 67: train_loss = 1.571237, source_mrr = 0.044010, source_hit@10 = 0.0881, source_ndcg@10 = 0.0458, target_mrr = 0.043691, target_hit@10 = 0.0878, target_ndcg@10 = 0.0458

2024-08-13 23:23:49.441316: step 23324/27440 (epoch 68/80), loss = 1.566645 (48.932 sec/epoch), lr: 0.000816
Evaluating on dev set...
..................................................................
source: 	 mrr: 0.047947	 ndcg_5: 0.0383	 ndcg_10: 0.0503	 hit@1:0.018061	 hit@5:0.0580	 hit@10: 0.0954
target: 	 mrr: 0.046904	 ndcg_5: 0.0387	 ndcg_10: 0.0503	 hit@1:0.017832	 hit@5:0.0607	 hit@10: 0.0964
epoch 68: train_loss = 1.566645, source_mrr = 0.047947, source_hit@10 = 0.0954, source_ndcg@10 = 0.0503, target_mrr = 0.046904, target_hit@10 = 0.0964, target_ndcg@10 = 0.0503

2024-08-13 23:24:39.023022: step 23667/27440 (epoch 69/80), loss = 1.561553 (48.887 sec/epoch), lr: 0.000816
Evaluating on dev set...
..................................................................
source: 	 mrr: 0.046207	 ndcg_5: 0.0378	 ndcg_10: 0.0491	 hit@1:0.017744	 hit@5:0.0580	 hit@10: 0.0932
target: 	 mrr: 0.045725	 ndcg_5: 0.0373	 ndcg_10: 0.0497	 hit@1:0.017554	 hit@5:0.0585	 hit@10: 0.0978
epoch 69: train_loss = 1.561553, source_mrr = 0.046207, source_hit@10 = 0.0932, source_ndcg@10 = 0.0491, target_mrr = 0.045725, target_hit@10 = 0.0978, target_ndcg@10 = 0.0497

2024-08-13 23:25:28.713665: step 24010/27440 (epoch 70/80), loss = 1.555170 (49.052 sec/epoch), lr: 0.000775
Evaluating on dev set...
..................................................................
source: 	 mrr: 0.047318	 ndcg_5: 0.0383	 ndcg_10: 0.0494	 hit@1:0.017744	 hit@5:0.0596	 hit@10: 0.0938
target: 	 mrr: 0.046545	 ndcg_5: 0.0370	 ndcg_10: 0.0512	 hit@1:0.015325	 hit@5:0.0593	 hit@10: 0.1034
epoch 70: train_loss = 1.555170, source_mrr = 0.047318, source_hit@10 = 0.0938, source_ndcg@10 = 0.0494, target_mrr = 0.046545, target_hit@10 = 0.1034, target_ndcg@10 = 0.0512

2024-08-13 23:26:18.341922: step 24353/27440 (epoch 71/80), loss = 1.546440 (48.988 sec/epoch), lr: 0.000775
Evaluating on dev set...
..................................................................
source: 	 mrr: 0.045859	 ndcg_5: 0.0364	 ndcg_10: 0.0471	 hit@1:0.017427	 hit@5:0.0551	 hit@10: 0.0881
target: 	 mrr: 0.048739	 ndcg_5: 0.0397	 ndcg_10: 0.0516	 hit@1:0.018947	 hit@5:0.0596	 hit@10: 0.0967
epoch 71: train_loss = 1.546440, source_mrr = 0.045859, source_hit@10 = 0.0881, source_ndcg@10 = 0.0471, target_mrr = 0.048739, target_hit@10 = 0.0967, target_ndcg@10 = 0.0516

2024-08-13 23:27:07.495745: step 24696/27440 (epoch 72/80), loss = 1.547199 (48.513 sec/epoch), lr: 0.000775
Evaluating on dev set...
..................................................................
source: 	 mrr: 0.051750	 ndcg_5: 0.0428	 ndcg_10: 0.0551	 hit@1:0.020279	 hit@5:0.0656	 hit@10: 0.1039
target: 	 mrr: 0.037975	 ndcg_5: 0.0291	 ndcg_10: 0.0395	 hit@1:0.012538	 hit@5:0.0454	 hit@10: 0.0780
epoch 72: train_loss = 1.547199, source_mrr = 0.051750, source_hit@10 = 0.1039, source_ndcg@10 = 0.0551, target_mrr = 0.037975, target_hit@10 = 0.0780, target_ndcg@10 = 0.0395

2024-08-13 23:27:56.735448: step 25039/27440 (epoch 73/80), loss = 1.536431 (48.596 sec/epoch), lr: 0.000736
Evaluating on dev set...
..................................................................
source: 	 mrr: 0.047535	 ndcg_5: 0.0385	 ndcg_10: 0.0494	 hit@1:0.018061	 hit@5:0.0593	 hit@10: 0.0932
target: 	 mrr: 0.044972	 ndcg_5: 0.0359	 ndcg_10: 0.0476	 hit@1:0.016439	 hit@5:0.0554	 hit@10: 0.0917
epoch 73: train_loss = 1.536431, source_mrr = 0.047535, source_hit@10 = 0.0932, source_ndcg@10 = 0.0494, target_mrr = 0.044972, target_hit@10 = 0.0917, target_ndcg@10 = 0.0476

2024-08-13 23:28:45.988665: step 25382/27440 (epoch 74/80), loss = 1.533927 (48.610 sec/epoch), lr: 0.000736
Evaluating on dev set...
..................................................................
source: 	 mrr: 0.054118	 ndcg_5: 0.0462	 ndcg_10: 0.0576	 hit@1:0.021229	 hit@5:0.0700	 hit@10: 0.1055
target: 	 mrr: 0.044248	 ndcg_5: 0.0356	 ndcg_10: 0.0458	 hit@1:0.015882	 hit@5:0.0560	 hit@10: 0.0872
epoch 74: train_loss = 1.533927, source_mrr = 0.054118, source_hit@10 = 0.1055, source_ndcg@10 = 0.0576, target_mrr = 0.044248, target_hit@10 = 0.0872, target_ndcg@10 = 0.0458
early termination of training
source best:  source_mrr = 0.058149, source_hit@10 = 0.1248, source_ndcg@10 = 0.0648
target best:  target_mrr = 0.050890, target_hit@10 = 0.1089, target_ndcg@10 = 0.0562
