nohup: ignoring input
using gpu:0 to train the model
using gpu:0 to train the model
cuda:0
Namespace(A_split=False, JK='sum', a_fold=100, aggregate=False, alpha=0.5, batch_size=1024, beta_inter=0.2, conv_layers=4, cuda=True, decay_epoch=10, device=device(type='cuda', index=0), device_id='0', domains='cloth_sport', dropout=0.4, epoch=80, feature_dim=126, gamma_intra=0.8, hidden_dim=126, inter_tau=0.2, intra_tau=0.4, lambda_critic=0.1, leakey=0.05, load=False, log='logs.txt', log_epoch=1, lr=0.004, lr_decay=0.95, min_epoch=60, mode='train', model_file=None, model_name='cs', momentum=0.98, num_latent_factors=3, num_negative=100, optim='adam', patience=20, proj_layers=1, projection=1, rectify_epoch=40, residual=1, save=False, save_dir='./saved_models', seed=2040, similarity_tau=0.2, step=3, test_sample_number=999, user_batch_size=256, weight_decay=0.0002)
number_user 41829
number_item 17943
/home/hourun/invariantCDR_v2/invariantCDR/utils/GraphMaker.py:46: RuntimeWarning: divide by zero encountered in power
  r_inv = np.power(rowsum, -1).flatten()
real graph loaded!
number_user 27328
number_item 12655
real graph loaded!
graph loaded!
Loading data from cloth_sport with batch size 1024...
unseen test: 0
test length: 3156
unseen test: 0
test length: 3085
unseen test: 0
test length: 3589
unseen test: 0
test length: 3546
source_user_num 41829
target_user_num 27328
source_item_num 17943
target_item_num 12655
shared users id: 7857
test users 990, 982
unseen test: 0
dev length: 1000
unseen test: 0
dev length: 1000
source train data : 187880, target train data: 163291, source test data : 3085, target test data : 3546, source dev data : 1000, target dev data : 1000
2024-08-13 17:11:44.003346: step 343/27440 (epoch 1/80), loss = 2.266610 (48.325 sec/epoch), lr: 0.004000
Evaluating on dev set...
..................................................................
source: 	 mrr: 0.042659	 ndcg_5: 0.0347	 ndcg_10: 0.0461	 hit@1:0.014575	 hit@5:0.0558	 hit@10: 0.0916
target: 	 mrr: 0.028743	 ndcg_5: 0.0208	 ndcg_10: 0.0281	 hit@1:0.008638	 hit@5:0.0332	 hit@10: 0.0560
source best!
..............................
source: 	 mrr: 0.038476	 ndcg_5: 0.0314	 ndcg_10: 0.0414	 hit@1:0.011345	 hit@5:0.0515	 hit@10: 0.0823
target best!
...................................target: 	 mrr: 0.028207	 ndcg_5: 0.0206	 ndcg_10: 0.0284	 hit@1:0.006768	 hit@5:0.0341	 hit@10: 0.0584
epoch 1: train_loss = 2.266610, source_mrr = 0.038476, source_hit@10 = 0.0823, source_ndcg@10 = 0.0414, target_mrr = 0.028207, target_hit@10 = 0.0584, target_ndcg@10 = 0.0284

2024-08-13 17:12:33.561492: step 686/27440 (epoch 2/80), loss = 2.035323 (48.330 sec/epoch), lr: 0.004000
Evaluating on dev set...
..................................................................
source: 	 mrr: 0.044444	 ndcg_5: 0.0352	 ndcg_10: 0.0476	 hit@1:0.014575	 hit@5:0.0554	 hit@10: 0.0938
target: 	 mrr: 0.024487	 ndcg_5: 0.0168	 ndcg_10: 0.0236	 hit@1:0.005573	 hit@5:0.0287	 hit@10: 0.0496
source best!
..............................
source: 	 mrr: 0.040060	 ndcg_5: 0.0307	 ndcg_10: 0.0435	 hit@1:0.011021	 hit@5:0.0506	 hit@10: 0.0908
epoch 2: train_loss = 2.035323, source_mrr = 0.040060, source_hit@10 = 0.0908, source_ndcg@10 = 0.0435, target_mrr = 0.024487, target_hit@10 = 0.0496, target_ndcg@10 = 0.0236

2024-08-13 17:13:23.028301: step 1029/27440 (epoch 3/80), loss = 1.982802 (48.557 sec/epoch), lr: 0.004000
Evaluating on dev set...
..................................................................
source: 	 mrr: 0.047294	 ndcg_5: 0.0390	 ndcg_10: 0.0515	 hit@1:0.016477	 hit@5:0.0612	 hit@10: 0.0998
target: 	 mrr: 0.027937	 ndcg_5: 0.0197	 ndcg_10: 0.0289	 hit@1:0.007244	 hit@5:0.0329	 hit@10: 0.0619
source best!
..............................
source: 	 mrr: 0.047638	 ndcg_5: 0.0386	 ndcg_10: 0.0507	 hit@1:0.019449	 hit@5:0.0580	 hit@10: 0.0956
epoch 3: train_loss = 1.982802, source_mrr = 0.047638, source_hit@10 = 0.0956, source_ndcg@10 = 0.0507, target_mrr = 0.027937, target_hit@10 = 0.0619, target_ndcg@10 = 0.0289

2024-08-13 17:14:11.979848: step 1372/27440 (epoch 4/80), loss = 1.945267 (48.029 sec/epoch), lr: 0.004000
Evaluating on dev set...
..................................................................
source: 	 mrr: 0.034653	 ndcg_5: 0.0263	 ndcg_10: 0.0351	 hit@1:0.009506	 hit@5:0.0425	 hit@10: 0.0700
target: 	 mrr: 0.029926	 ndcg_5: 0.0232	 ndcg_10: 0.0312	 hit@1:0.009752	 hit@5:0.0371	 hit@10: 0.0624
target best!
...................................target: 	 mrr: 0.028713	 ndcg_5: 0.0210	 ndcg_10: 0.0291	 hit@1:0.008742	 hit@5:0.0336	 hit@10: 0.0589
epoch 4: train_loss = 1.945267, source_mrr = 0.034653, source_hit@10 = 0.0700, source_ndcg@10 = 0.0351, target_mrr = 0.028713, target_hit@10 = 0.0589, target_ndcg@10 = 0.0291

2024-08-13 17:15:01.161022: step 1715/27440 (epoch 5/80), loss = 1.922208 (48.231 sec/epoch), lr: 0.004000
Evaluating on dev set...
..................................................................
source: 	 mrr: 0.044697	 ndcg_5: 0.0380	 ndcg_10: 0.0482	 hit@1:0.016160	 hit@5:0.0608	 hit@10: 0.0922
target: 	 mrr: 0.037293	 ndcg_5: 0.0282	 ndcg_10: 0.0401	 hit@1:0.013096	 hit@5:0.0446	 hit@10: 0.0816
target best!
...................................target: 	 mrr: 0.036475	 ndcg_5: 0.0272	 ndcg_10: 0.0381	 hit@1:0.012690	 hit@5:0.0415	 hit@10: 0.0756
epoch 5: train_loss = 1.922208, source_mrr = 0.044697, source_hit@10 = 0.0922, source_ndcg@10 = 0.0482, target_mrr = 0.036475, target_hit@10 = 0.0756, target_ndcg@10 = 0.0381

2024-08-13 17:15:49.912228: step 2058/27440 (epoch 6/80), loss = 1.904750 (47.744 sec/epoch), lr: 0.004000
Evaluating on dev set...
..................................................................
source: 	 mrr: 0.040487	 ndcg_5: 0.0334	 ndcg_10: 0.0427	 hit@1:0.014575	 hit@5:0.0523	 hit@10: 0.0817
target: 	 mrr: 0.032216	 ndcg_5: 0.0262	 ndcg_10: 0.0330	 hit@1:0.010031	 hit@5:0.0421	 hit@10: 0.0630
epoch 6: train_loss = 1.904750, source_mrr = 0.040487, source_hit@10 = 0.0817, source_ndcg@10 = 0.0427, target_mrr = 0.032216, target_hit@10 = 0.0630, target_ndcg@10 = 0.0330

2024-08-13 17:16:38.678682: step 2401/27440 (epoch 7/80), loss = 1.890547 (48.125 sec/epoch), lr: 0.004000
Evaluating on dev set...
..................................................................
source: 	 mrr: 0.037791	 ndcg_5: 0.0287	 ndcg_10: 0.0385	 hit@1:0.012674	 hit@5:0.0456	 hit@10: 0.0760
target: 	 mrr: 0.034163	 ndcg_5: 0.0272	 ndcg_10: 0.0370	 hit@1:0.008638	 hit@5:0.0454	 hit@10: 0.0761
epoch 7: train_loss = 1.890547, source_mrr = 0.037791, source_hit@10 = 0.0760, source_ndcg@10 = 0.0385, target_mrr = 0.034163, target_hit@10 = 0.0761, target_ndcg@10 = 0.0370

2024-08-13 17:17:27.656346: step 2744/27440 (epoch 8/80), loss = 1.880349 (48.331 sec/epoch), lr: 0.004000
Evaluating on dev set...
..................................................................
source: 	 mrr: 0.044350	 ndcg_5: 0.0346	 ndcg_10: 0.0474	 hit@1:0.014575	 hit@5:0.0548	 hit@10: 0.0947
target: 	 mrr: 0.037079	 ndcg_5: 0.0302	 ndcg_10: 0.0396	 hit@1:0.010867	 hit@5:0.0502	 hit@10: 0.0797
epoch 8: train_loss = 1.880349, source_mrr = 0.044350, source_hit@10 = 0.0947, source_ndcg@10 = 0.0474, target_mrr = 0.037079, target_hit@10 = 0.0797, target_ndcg@10 = 0.0396

2024-08-13 17:18:16.492858: step 3087/27440 (epoch 9/80), loss = 1.872440 (48.198 sec/epoch), lr: 0.004000
Evaluating on dev set...
..................................................................
source: 	 mrr: 0.031398	 ndcg_5: 0.0233	 ndcg_10: 0.0315	 hit@1:0.009189	 hit@5:0.0377	 hit@10: 0.0627
target: 	 mrr: 0.034911	 ndcg_5: 0.0265	 ndcg_10: 0.0361	 hit@1:0.012538	 hit@5:0.0404	 hit@10: 0.0705
epoch 9: train_loss = 1.872440, source_mrr = 0.031398, source_hit@10 = 0.0627, source_ndcg@10 = 0.0315, target_mrr = 0.034911, target_hit@10 = 0.0705, target_ndcg@10 = 0.0361

2024-08-13 17:19:05.148595: step 3430/27440 (epoch 10/80), loss = 1.863505 (47.986 sec/epoch), lr: 0.004000
Evaluating on dev set...
..................................................................
source: 	 mrr: 0.043386	 ndcg_5: 0.0344	 ndcg_10: 0.0464	 hit@1:0.013308	 hit@5:0.0561	 hit@10: 0.0932
target: 	 mrr: 0.036527	 ndcg_5: 0.0288	 ndcg_10: 0.0370	 hit@1:0.012260	 hit@5:0.0451	 hit@10: 0.0705
epoch 10: train_loss = 1.863505, source_mrr = 0.043386, source_hit@10 = 0.0932, source_ndcg@10 = 0.0464, target_mrr = 0.036527, target_hit@10 = 0.0705, target_ndcg@10 = 0.0370

2024-08-13 17:19:53.953486: step 3773/27440 (epoch 11/80), loss = 1.849416 (48.157 sec/epoch), lr: 0.004000
Evaluating on dev set...
..................................................................
source: 	 mrr: 0.050160	 ndcg_5: 0.0408	 ndcg_10: 0.0544	 hit@1:0.016793	 hit@5:0.0646	 hit@10: 0.1065
target: 	 mrr: 0.032818	 ndcg_5: 0.0249	 ndcg_10: 0.0344	 hit@1:0.011424	 hit@5:0.0387	 hit@10: 0.0680
source best!
..............................
source: 	 mrr: 0.048426	 ndcg_5: 0.0387	 ndcg_10: 0.0508	 hit@1:0.019125	 hit@5:0.0583	 hit@10: 0.0959
epoch 11: train_loss = 1.849416, source_mrr = 0.048426, source_hit@10 = 0.0959, source_ndcg@10 = 0.0508, target_mrr = 0.032818, target_hit@10 = 0.0680, target_ndcg@10 = 0.0344

2024-08-13 17:20:43.310945: step 4116/27440 (epoch 12/80), loss = 1.842721 (48.447 sec/epoch), lr: 0.004000
Evaluating on dev set...
..................................................................
source: 	 mrr: 0.046233	 ndcg_5: 0.0382	 ndcg_10: 0.0480	 hit@1:0.015843	 hit@5:0.0589	 hit@10: 0.0894
target: 	 mrr: 0.030512	 ndcg_5: 0.0225	 ndcg_10: 0.0322	 hit@1:0.005851	 hit@5:0.0393	 hit@10: 0.0697
epoch 12: train_loss = 1.842721, source_mrr = 0.046233, source_hit@10 = 0.0894, source_ndcg@10 = 0.0480, target_mrr = 0.030512, target_hit@10 = 0.0697, target_ndcg@10 = 0.0322

2024-08-13 17:21:32.287188: step 4459/27440 (epoch 13/80), loss = 1.824719 (48.308 sec/epoch), lr: 0.003800
Evaluating on dev set...
..................................................................
source: 	 mrr: 0.044061	 ndcg_5: 0.0350	 ndcg_10: 0.0463	 hit@1:0.013942	 hit@5:0.0558	 hit@10: 0.0906
target: 	 mrr: 0.035248	 ndcg_5: 0.0271	 ndcg_10: 0.0369	 hit@1:0.011424	 hit@5:0.0426	 hit@10: 0.0733
epoch 13: train_loss = 1.824719, source_mrr = 0.044061, source_hit@10 = 0.0906, source_ndcg@10 = 0.0463, target_mrr = 0.035248, target_hit@10 = 0.0733, target_ndcg@10 = 0.0369

2024-08-13 17:22:21.093234: step 4802/27440 (epoch 14/80), loss = 1.810753 (48.143 sec/epoch), lr: 0.003800
Evaluating on dev set...
..................................................................
source: 	 mrr: 0.046026	 ndcg_5: 0.0387	 ndcg_10: 0.0485	 hit@1:0.018061	 hit@5:0.0589	 hit@10: 0.0897
target: 	 mrr: 0.039095	 ndcg_5: 0.0306	 ndcg_10: 0.0410	 hit@1:0.015046	 hit@5:0.0468	 hit@10: 0.0791
target best!
...................................target: 	 mrr: 0.040206	 ndcg_5: 0.0334	 ndcg_10: 0.0421	 hit@1:0.013536	 hit@5:0.0522	 hit@10: 0.0795
epoch 14: train_loss = 1.810753, source_mrr = 0.046026, source_hit@10 = 0.0897, source_ndcg@10 = 0.0485, target_mrr = 0.040206, target_hit@10 = 0.0795, target_ndcg@10 = 0.0421

2024-08-13 17:23:10.488257: step 5145/27440 (epoch 15/80), loss = 1.802778 (48.402 sec/epoch), lr: 0.003800
Evaluating on dev set...
..................................................................
source: 	 mrr: 0.044951	 ndcg_5: 0.0359	 ndcg_10: 0.0485	 hit@1:0.013942	 hit@5:0.0586	 hit@10: 0.0973
target: 	 mrr: 0.028890	 ndcg_5: 0.0209	 ndcg_10: 0.0288	 hit@1:0.007523	 hit@5:0.0343	 hit@10: 0.0591
epoch 15: train_loss = 1.802778, source_mrr = 0.044951, source_hit@10 = 0.0973, source_ndcg@10 = 0.0485, target_mrr = 0.028890, target_hit@10 = 0.0591, target_ndcg@10 = 0.0288

2024-08-13 17:23:59.328099: step 5488/27440 (epoch 16/80), loss = 1.798790 (48.187 sec/epoch), lr: 0.003610
Evaluating on dev set...
..................................................................
source: 	 mrr: 0.046307	 ndcg_5: 0.0367	 ndcg_10: 0.0481	 hit@1:0.016477	 hit@5:0.0561	 hit@10: 0.0919
target: 	 mrr: 0.040980	 ndcg_5: 0.0325	 ndcg_10: 0.0436	 hit@1:0.011145	 hit@5:0.0524	 hit@10: 0.0864
target best!
...................................target: 	 mrr: 0.040699	 ndcg_5: 0.0321	 ndcg_10: 0.0416	 hit@1:0.014382	 hit@5:0.0496	 hit@10: 0.0790
epoch 16: train_loss = 1.798790, source_mrr = 0.046307, source_hit@10 = 0.0919, source_ndcg@10 = 0.0481, target_mrr = 0.040699, target_hit@10 = 0.0790, target_ndcg@10 = 0.0416

2024-08-13 17:24:48.553351: step 5831/27440 (epoch 17/80), loss = 1.793880 (48.273 sec/epoch), lr: 0.003610
Evaluating on dev set...
..................................................................
source: 	 mrr: 0.041504	 ndcg_5: 0.0319	 ndcg_10: 0.0418	 hit@1:0.013942	 hit@5:0.0501	 hit@10: 0.0805
target: 	 mrr: 0.036124	 ndcg_5: 0.0268	 ndcg_10: 0.0373	 hit@1:0.012260	 hit@5:0.0415	 hit@10: 0.0744
epoch 17: train_loss = 1.793880, source_mrr = 0.041504, source_hit@10 = 0.0805, source_ndcg@10 = 0.0418, target_mrr = 0.036124, target_hit@10 = 0.0744, target_ndcg@10 = 0.0373

2024-08-13 17:25:37.961004: step 6174/27440 (epoch 18/80), loss = 1.783413 (48.760 sec/epoch), lr: 0.003429
Evaluating on dev set...
..................................................................
source: 	 mrr: 0.045581	 ndcg_5: 0.0354	 ndcg_10: 0.0481	 hit@1:0.014575	 hit@5:0.0564	 hit@10: 0.0960
target: 	 mrr: 0.035417	 ndcg_5: 0.0262	 ndcg_10: 0.0365	 hit@1:0.011145	 hit@5:0.0410	 hit@10: 0.0730
epoch 18: train_loss = 1.783413, source_mrr = 0.045581, source_hit@10 = 0.0960, source_ndcg@10 = 0.0481, target_mrr = 0.035417, target_hit@10 = 0.0730, target_ndcg@10 = 0.0365

2024-08-13 17:26:26.644383: step 6517/27440 (epoch 19/80), loss = 1.779484 (48.034 sec/epoch), lr: 0.003429
Evaluating on dev set...
..................................................................
source: 	 mrr: 0.044636	 ndcg_5: 0.0360	 ndcg_10: 0.0478	 hit@1:0.018061	 hit@5:0.0545	 hit@10: 0.0916
target: 	 mrr: 0.039409	 ndcg_5: 0.0315	 ndcg_10: 0.0410	 hit@1:0.014210	 hit@5:0.0493	 hit@10: 0.0794
epoch 19: train_loss = 1.779484, source_mrr = 0.044636, source_hit@10 = 0.0916, source_ndcg@10 = 0.0478, target_mrr = 0.039409, target_hit@10 = 0.0794, target_ndcg@10 = 0.0410

2024-08-13 17:27:15.669383: step 6860/27440 (epoch 20/80), loss = 1.776406 (48.358 sec/epoch), lr: 0.003429
Evaluating on dev set...
..................................................................
source: 	 mrr: 0.041927	 ndcg_5: 0.0325	 ndcg_10: 0.0432	 hit@1:0.016477	 hit@5:0.0482	 hit@10: 0.0814
target: 	 mrr: 0.045523	 ndcg_5: 0.0374	 ndcg_10: 0.0490	 hit@1:0.017554	 hit@5:0.0574	 hit@10: 0.0939
target best!
...................................target: 	 mrr: 0.041738	 ndcg_5: 0.0331	 ndcg_10: 0.0436	 hit@1:0.015510	 hit@5:0.0510	 hit@10: 0.0838
epoch 20: train_loss = 1.776406, source_mrr = 0.041927, source_hit@10 = 0.0814, source_ndcg@10 = 0.0432, target_mrr = 0.041738, target_hit@10 = 0.0838, target_ndcg@10 = 0.0436

2024-08-13 17:28:04.734511: step 7203/27440 (epoch 21/80), loss = 1.771429 (48.112 sec/epoch), lr: 0.003429
Evaluating on dev set...
..................................................................
source: 	 mrr: 0.035435	 ndcg_5: 0.0287	 ndcg_10: 0.0369	 hit@1:0.012041	 hit@5:0.0450	 hit@10: 0.0707
target: 	 mrr: 0.041099	 ndcg_5: 0.0326	 ndcg_10: 0.0421	 hit@1:0.015603	 hit@5:0.0490	 hit@10: 0.0786
epoch 21: train_loss = 1.771429, source_mrr = 0.035435, source_hit@10 = 0.0707, source_ndcg@10 = 0.0369, target_mrr = 0.041099, target_hit@10 = 0.0786, target_ndcg@10 = 0.0421

2024-08-13 17:28:53.771308: step 7546/27440 (epoch 22/80), loss = 1.769853 (48.389 sec/epoch), lr: 0.003258
Evaluating on dev set...
..................................................................
source: 	 mrr: 0.044133	 ndcg_5: 0.0365	 ndcg_10: 0.0462	 hit@1:0.014892	 hit@5:0.0580	 hit@10: 0.0884
target: 	 mrr: 0.040640	 ndcg_5: 0.0325	 ndcg_10: 0.0448	 hit@1:0.012538	 hit@5:0.0532	 hit@10: 0.0917
epoch 22: train_loss = 1.769853, source_mrr = 0.044133, source_hit@10 = 0.0884, source_ndcg@10 = 0.0462, target_mrr = 0.040640, target_hit@10 = 0.0917, target_ndcg@10 = 0.0448

2024-08-13 17:29:42.842552: step 7889/27440 (epoch 23/80), loss = 1.764467 (48.423 sec/epoch), lr: 0.003258
Evaluating on dev set...
..................................................................
source: 	 mrr: 0.053130	 ndcg_5: 0.0460	 ndcg_10: 0.0573	 hit@1:0.020596	 hit@5:0.0719	 hit@10: 0.1068
target: 	 mrr: 0.043370	 ndcg_5: 0.0343	 ndcg_10: 0.0457	 hit@1:0.015603	 hit@5:0.0529	 hit@10: 0.0883
source best!
..............................
source: 	 mrr: 0.053150	 ndcg_5: 0.0456	 ndcg_10: 0.0574	 hit@1:0.021394	 hit@5:0.0700	 hit@10: 0.1070
epoch 23: train_loss = 1.764467, source_mrr = 0.053150, source_hit@10 = 0.1070, source_ndcg@10 = 0.0574, target_mrr = 0.043370, target_hit@10 = 0.0883, target_ndcg@10 = 0.0457

2024-08-13 17:30:32.349091: step 8232/27440 (epoch 24/80), loss = 1.759542 (48.591 sec/epoch), lr: 0.003258
Evaluating on dev set...
..................................................................
source: 	 mrr: 0.049235	 ndcg_5: 0.0407	 ndcg_10: 0.0531	 hit@1:0.018378	 hit@5:0.0621	 hit@10: 0.1008
target: 	 mrr: 0.041729	 ndcg_5: 0.0333	 ndcg_10: 0.0455	 hit@1:0.014767	 hit@5:0.0527	 hit@10: 0.0906
epoch 24: train_loss = 1.759542, source_mrr = 0.049235, source_hit@10 = 0.1008, source_ndcg@10 = 0.0531, target_mrr = 0.041729, target_hit@10 = 0.0906, target_ndcg@10 = 0.0455

2024-08-13 17:31:21.565655: step 8575/27440 (epoch 25/80), loss = 1.753641 (48.572 sec/epoch), lr: 0.003095
Evaluating on dev set...
..................................................................
source: 	 mrr: 0.048113	 ndcg_5: 0.0372	 ndcg_10: 0.0498	 hit@1:0.018695	 hit@5:0.0551	 hit@10: 0.0938
target: 	 mrr: 0.040432	 ndcg_5: 0.0328	 ndcg_10: 0.0431	 hit@1:0.012538	 hit@5:0.0535	 hit@10: 0.0858
epoch 25: train_loss = 1.753641, source_mrr = 0.048113, source_hit@10 = 0.0938, source_ndcg@10 = 0.0498, target_mrr = 0.040432, target_hit@10 = 0.0858, target_ndcg@10 = 0.0431

2024-08-13 17:32:10.836036: step 8918/27440 (epoch 26/80), loss = 1.745503 (48.623 sec/epoch), lr: 0.002940
Evaluating on dev set...
..................................................................
source: 	 mrr: 0.036793	 ndcg_5: 0.0277	 ndcg_10: 0.0359	 hit@1:0.012674	 hit@5:0.0434	 hit@10: 0.0688
target: 	 mrr: 0.036712	 ndcg_5: 0.0274	 ndcg_10: 0.0400	 hit@1:0.008638	 hit@5:0.0460	 hit@10: 0.0858
epoch 26: train_loss = 1.745503, source_mrr = 0.036793, source_hit@10 = 0.0688, source_ndcg@10 = 0.0359, target_mrr = 0.036712, target_hit@10 = 0.0858, target_ndcg@10 = 0.0400

2024-08-13 17:32:59.667366: step 9261/27440 (epoch 27/80), loss = 1.737922 (48.190 sec/epoch), lr: 0.002793
Evaluating on dev set...
..................................................................
source: 	 mrr: 0.047115	 ndcg_5: 0.0397	 ndcg_10: 0.0501	 hit@1:0.016477	 hit@5:0.0621	 hit@10: 0.0947
target: 	 mrr: 0.041637	 ndcg_5: 0.0325	 ndcg_10: 0.0433	 hit@1:0.015046	 hit@5:0.0496	 hit@10: 0.0833
epoch 27: train_loss = 1.737922, source_mrr = 0.047115, source_hit@10 = 0.0947, source_ndcg@10 = 0.0501, target_mrr = 0.041637, target_hit@10 = 0.0833, target_ndcg@10 = 0.0433

2024-08-13 17:33:48.123123: step 9604/27440 (epoch 28/80), loss = 1.736108 (47.807 sec/epoch), lr: 0.002793
Evaluating on dev set...
..................................................................
source: 	 mrr: 0.056388	 ndcg_5: 0.0464	 ndcg_10: 0.0612	 hit@1:0.020596	 hit@5:0.0707	 hit@10: 0.1166
target: 	 mrr: 0.040554	 ndcg_5: 0.0327	 ndcg_10: 0.0435	 hit@1:0.013653	 hit@5:0.0521	 hit@10: 0.0855
source best!
..............................
source: 	 mrr: 0.054632	 ndcg_5: 0.0452	 ndcg_10: 0.0584	 hit@1:0.022366	 hit@5:0.0674	 hit@10: 0.1086
epoch 28: train_loss = 1.736108, source_mrr = 0.054632, source_hit@10 = 0.1086, source_ndcg@10 = 0.0584, target_mrr = 0.040554, target_hit@10 = 0.0855, target_ndcg@10 = 0.0435

2024-08-13 17:34:37.078415: step 9947/27440 (epoch 29/80), loss = 1.734987 (48.042 sec/epoch), lr: 0.002793
Evaluating on dev set...
..................................................................
source: 	 mrr: 0.053827	 ndcg_5: 0.0447	 ndcg_10: 0.0595	 hit@1:0.019645	 hit@5:0.0691	 hit@10: 0.1150
target: 	 mrr: 0.042565	 ndcg_5: 0.0343	 ndcg_10: 0.0456	 hit@1:0.013931	 hit@5:0.0541	 hit@10: 0.0894
epoch 29: train_loss = 1.734987, source_mrr = 0.053827, source_hit@10 = 0.1150, source_ndcg@10 = 0.0595, target_mrr = 0.042565, target_hit@10 = 0.0894, target_ndcg@10 = 0.0456

2024-08-13 17:35:25.688726: step 10290/27440 (epoch 30/80), loss = 1.727788 (47.959 sec/epoch), lr: 0.002654
Evaluating on dev set...
..................................................................
source: 	 mrr: 0.055386	 ndcg_5: 0.0470	 ndcg_10: 0.0595	 hit@1:0.024081	 hit@5:0.0700	 hit@10: 0.1090
target: 	 mrr: 0.037219	 ndcg_5: 0.0306	 ndcg_10: 0.0395	 hit@1:0.012817	 hit@5:0.0482	 hit@10: 0.0761
epoch 30: train_loss = 1.727788, source_mrr = 0.055386, source_hit@10 = 0.1090, source_ndcg@10 = 0.0595, target_mrr = 0.037219, target_hit@10 = 0.0761, target_ndcg@10 = 0.0395

2024-08-13 17:36:15.220128: step 10633/27440 (epoch 31/80), loss = 1.722614 (48.864 sec/epoch), lr: 0.002521
Evaluating on dev set...
..................................................................
source: 	 mrr: 0.045924	 ndcg_5: 0.0379	 ndcg_10: 0.0486	 hit@1:0.018061	 hit@5:0.0574	 hit@10: 0.0909
target: 	 mrr: 0.042858	 ndcg_5: 0.0344	 ndcg_10: 0.0454	 hit@1:0.014767	 hit@5:0.0552	 hit@10: 0.0894
epoch 31: train_loss = 1.722614, source_mrr = 0.045924, source_hit@10 = 0.0909, source_ndcg@10 = 0.0486, target_mrr = 0.042858, target_hit@10 = 0.0894, target_ndcg@10 = 0.0454

2024-08-13 17:37:04.716479: step 10976/27440 (epoch 32/80), loss = 1.716519 (48.792 sec/epoch), lr: 0.002395
Evaluating on dev set...
..................................................................
source: 	 mrr: 0.048679	 ndcg_5: 0.0389	 ndcg_10: 0.0521	 hit@1:0.017744	 hit@5:0.0602	 hit@10: 0.1011
target: 	 mrr: 0.038142	 ndcg_5: 0.0312	 ndcg_10: 0.0401	 hit@1:0.013374	 hit@5:0.0488	 hit@10: 0.0769
epoch 32: train_loss = 1.716519, source_mrr = 0.048679, source_hit@10 = 0.1011, source_ndcg@10 = 0.0521, target_mrr = 0.038142, target_hit@10 = 0.0769, target_ndcg@10 = 0.0401

2024-08-13 17:37:54.271001: step 11319/27440 (epoch 33/80), loss = 1.708866 (48.901 sec/epoch), lr: 0.002275
Evaluating on dev set...
..................................................................
source: 	 mrr: 0.042721	 ndcg_5: 0.0348	 ndcg_10: 0.0453	 hit@1:0.014259	 hit@5:0.0551	 hit@10: 0.0871
target: 	 mrr: 0.036689	 ndcg_5: 0.0292	 ndcg_10: 0.0387	 hit@1:0.012260	 hit@5:0.0463	 hit@10: 0.0761
epoch 33: train_loss = 1.708866, source_mrr = 0.042721, source_hit@10 = 0.0871, source_ndcg@10 = 0.0453, target_mrr = 0.036689, target_hit@10 = 0.0761, target_ndcg@10 = 0.0387

2024-08-13 17:38:41.125079: step 11662/27440 (epoch 34/80), loss = 1.705655 (46.203 sec/epoch), lr: 0.002161
Evaluating on dev set...
..................................................................
source: 	 mrr: 0.054167	 ndcg_5: 0.0452	 ndcg_10: 0.0601	 hit@1:0.019962	 hit@5:0.0700	 hit@10: 0.1163
target: 	 mrr: 0.041637	 ndcg_5: 0.0328	 ndcg_10: 0.0439	 hit@1:0.014489	 hit@5:0.0507	 hit@10: 0.0853
epoch 34: train_loss = 1.705655, source_mrr = 0.054167, source_hit@10 = 0.1163, source_ndcg@10 = 0.0601, target_mrr = 0.041637, target_hit@10 = 0.0853, target_ndcg@10 = 0.0439

2024-08-13 17:39:28.054271: step 12005/27440 (epoch 35/80), loss = 1.700433 (46.291 sec/epoch), lr: 0.002161
Evaluating on dev set...
..................................................................
source: 	 mrr: 0.049839	 ndcg_5: 0.0397	 ndcg_10: 0.0538	 hit@1:0.021229	 hit@5:0.0577	 hit@10: 0.1014
target: 	 mrr: 0.040583	 ndcg_5: 0.0323	 ndcg_10: 0.0434	 hit@1:0.014210	 hit@5:0.0507	 hit@10: 0.0853
epoch 35: train_loss = 1.700433, source_mrr = 0.049839, source_hit@10 = 0.1014, source_ndcg@10 = 0.0538, target_mrr = 0.040583, target_hit@10 = 0.0853, target_ndcg@10 = 0.0434

2024-08-13 17:40:14.449050: step 12348/27440 (epoch 36/80), loss = 1.696068 (45.765 sec/epoch), lr: 0.002053
Evaluating on dev set...
..................................................................
source: 	 mrr: 0.054329	 ndcg_5: 0.0467	 ndcg_10: 0.0582	 hit@1:0.023131	 hit@5:0.0707	 hit@10: 0.1065
target: 	 mrr: 0.037165	 ndcg_5: 0.0285	 ndcg_10: 0.0378	 hit@1:0.012538	 hit@5:0.0454	 hit@10: 0.0744
epoch 36: train_loss = 1.696068, source_mrr = 0.054329, source_hit@10 = 0.1065, source_ndcg@10 = 0.0582, target_mrr = 0.037165, target_hit@10 = 0.0744, target_ndcg@10 = 0.0378

2024-08-13 17:41:00.831395: step 12691/27440 (epoch 37/80), loss = 1.693510 (45.752 sec/epoch), lr: 0.002053
Evaluating on dev set...
..................................................................
source: 	 mrr: 0.054208	 ndcg_5: 0.0435	 ndcg_10: 0.0594	 hit@1:0.021546	 hit@5:0.0653	 hit@10: 0.1150
target: 	 mrr: 0.043797	 ndcg_5: 0.0345	 ndcg_10: 0.0459	 hit@1:0.016160	 hit@5:0.0524	 hit@10: 0.0878
epoch 37: train_loss = 1.693510, source_mrr = 0.054208, source_hit@10 = 0.1150, source_ndcg@10 = 0.0594, target_mrr = 0.043797, target_hit@10 = 0.0878, target_ndcg@10 = 0.0459

2024-08-13 17:41:47.116922: step 13034/27440 (epoch 38/80), loss = 1.694213 (45.654 sec/epoch), lr: 0.002053
Evaluating on dev set...
..................................................................
source: 	 mrr: 0.047856	 ndcg_5: 0.0399	 ndcg_10: 0.0510	 hit@1:0.019328	 hit@5:0.0612	 hit@10: 0.0960
target: 	 mrr: 0.038157	 ndcg_5: 0.0291	 ndcg_10: 0.0399	 hit@1:0.011981	 hit@5:0.0465	 hit@10: 0.0800
epoch 38: train_loss = 1.694213, source_mrr = 0.047856, source_hit@10 = 0.0960, source_ndcg@10 = 0.0510, target_mrr = 0.038157, target_hit@10 = 0.0800, target_ndcg@10 = 0.0399

2024-08-13 17:42:33.326387: step 13377/27440 (epoch 39/80), loss = 1.687026 (45.579 sec/epoch), lr: 0.001951
Evaluating on dev set...
..................................................................
source: 	 mrr: 0.052117	 ndcg_5: 0.0434	 ndcg_10: 0.0580	 hit@1:0.018695	 hit@5:0.0691	 hit@10: 0.1144
target: 	 mrr: 0.047651	 ndcg_5: 0.0396	 ndcg_10: 0.0515	 hit@1:0.015603	 hit@5:0.0635	 hit@10: 0.1000
target best!
...................................target: 	 mrr: 0.046577	 ndcg_5: 0.0391	 ndcg_10: 0.0502	 hit@1:0.015792	 hit@5:0.0635	 hit@10: 0.0981
epoch 39: train_loss = 1.687026, source_mrr = 0.052117, source_hit@10 = 0.1144, source_ndcg@10 = 0.0580, target_mrr = 0.046577, target_hit@10 = 0.0981, target_ndcg@10 = 0.0502

2024-08-13 17:43:20.133042: step 13720/27440 (epoch 40/80), loss = 1.683282 (45.876 sec/epoch), lr: 0.001951
Evaluating on dev set...
..................................................................
source: 	 mrr: 0.051726	 ndcg_5: 0.0442	 ndcg_10: 0.0552	 hit@1:0.018695	 hit@5:0.0697	 hit@10: 0.1042
target: 	 mrr: 0.041999	 ndcg_5: 0.0332	 ndcg_10: 0.0452	 hit@1:0.011981	 hit@5:0.0543	 hit@10: 0.0917
epoch 40: train_loss = 1.683282, source_mrr = 0.051726, source_hit@10 = 0.1042, source_ndcg@10 = 0.0552, target_mrr = 0.041999, target_hit@10 = 0.0917, target_ndcg@10 = 0.0452
shift to transfer learning mode

2024-08-13 17:44:06.749770: step 14063/27440 (epoch 41/80), loss = 1.699038 (45.981 sec/epoch), lr: 0.001853
Evaluating on dev set...
..................................................................
source: 	 mrr: 0.051302	 ndcg_5: 0.0435	 ndcg_10: 0.0546	 hit@1:0.018695	 hit@5:0.0688	 hit@10: 0.1036
target: 	 mrr: 0.044935	 ndcg_5: 0.0368	 ndcg_10: 0.0464	 hit@1:0.017554	 hit@5:0.0557	 hit@10: 0.0853
epoch 41: train_loss = 1.699038, source_mrr = 0.051302, source_hit@10 = 0.1036, source_ndcg@10 = 0.0546, target_mrr = 0.044935, target_hit@10 = 0.0853, target_ndcg@10 = 0.0464

2024-08-13 17:44:53.165793: step 14406/27440 (epoch 42/80), loss = 1.695710 (45.782 sec/epoch), lr: 0.001853
Evaluating on dev set...
..................................................................
source: 	 mrr: 0.061528	 ndcg_5: 0.0541	 ndcg_10: 0.0692	 hit@1:0.024081	 hit@5:0.0837	 hit@10: 0.1312
target: 	 mrr: 0.045718	 ndcg_5: 0.0375	 ndcg_10: 0.0490	 hit@1:0.014489	 hit@5:0.0602	 hit@10: 0.0958
source best!
..............................
source: 	 mrr: 0.059401	 ndcg_5: 0.0507	 ndcg_10: 0.0649	 hit@1:0.024635	 hit@5:0.0775	 hit@10: 0.1219
epoch 42: train_loss = 1.695710, source_mrr = 0.059401, source_hit@10 = 0.1219, source_ndcg@10 = 0.0649, target_mrr = 0.045718, target_hit@10 = 0.0958, target_ndcg@10 = 0.0490

2024-08-13 17:45:39.587735: step 14749/27440 (epoch 43/80), loss = 1.696712 (45.533 sec/epoch), lr: 0.001853
Evaluating on dev set...
..................................................................
source: 	 mrr: 0.056871	 ndcg_5: 0.0484	 ndcg_10: 0.0611	 hit@1:0.022180	 hit@5:0.0745	 hit@10: 0.1141
target: 	 mrr: 0.044769	 ndcg_5: 0.0369	 ndcg_10: 0.0477	 hit@1:0.016160	 hit@5:0.0568	 hit@10: 0.0903
epoch 43: train_loss = 1.696712, source_mrr = 0.056871, source_hit@10 = 0.1141, source_ndcg@10 = 0.0611, target_mrr = 0.044769, target_hit@10 = 0.0903, target_ndcg@10 = 0.0477

2024-08-13 17:46:25.707717: step 15092/27440 (epoch 44/80), loss = 1.690613 (45.489 sec/epoch), lr: 0.001761
Evaluating on dev set...
..................................................................
source: 	 mrr: 0.058670	 ndcg_5: 0.0501	 ndcg_10: 0.0658	 hit@1:0.021546	 hit@5:0.0776	 hit@10: 0.1271
target: 	 mrr: 0.043199	 ndcg_5: 0.0341	 ndcg_10: 0.0478	 hit@1:0.012817	 hit@5:0.0552	 hit@10: 0.0981
epoch 44: train_loss = 1.690613, source_mrr = 0.058670, source_hit@10 = 0.1271, source_ndcg@10 = 0.0658, target_mrr = 0.043199, target_hit@10 = 0.0981, target_ndcg@10 = 0.0478

2024-08-13 17:47:11.992570: step 15435/27440 (epoch 45/80), loss = 1.687347 (45.651 sec/epoch), lr: 0.001761
Evaluating on dev set...
..................................................................
source: 	 mrr: 0.048855	 ndcg_5: 0.0409	 ndcg_10: 0.0530	 hit@1:0.017427	 hit@5:0.0640	 hit@10: 0.1020
target: 	 mrr: 0.044859	 ndcg_5: 0.0368	 ndcg_10: 0.0479	 hit@1:0.016439	 hit@5:0.0582	 hit@10: 0.0922
epoch 45: train_loss = 1.687347, source_mrr = 0.048855, source_hit@10 = 0.1020, source_ndcg@10 = 0.0530, target_mrr = 0.044859, target_hit@10 = 0.0922, target_ndcg@10 = 0.0479

2024-08-13 17:47:58.307545: step 15778/27440 (epoch 46/80), loss = 1.683183 (45.688 sec/epoch), lr: 0.001672
Evaluating on dev set...
..................................................................
source: 	 mrr: 0.058039	 ndcg_5: 0.0516	 ndcg_10: 0.0633	 hit@1:0.023447	 hit@5:0.0802	 hit@10: 0.1163
target: 	 mrr: 0.042736	 ndcg_5: 0.0344	 ndcg_10: 0.0458	 hit@1:0.013096	 hit@5:0.0557	 hit@10: 0.0914
epoch 46: train_loss = 1.683183, source_mrr = 0.058039, source_hit@10 = 0.1163, source_ndcg@10 = 0.0633, target_mrr = 0.042736, target_hit@10 = 0.0914, target_ndcg@10 = 0.0458

2024-08-13 17:48:44.662078: step 16121/27440 (epoch 47/80), loss = 1.682612 (45.719 sec/epoch), lr: 0.001672
Evaluating on dev set...
..................................................................
source: 	 mrr: 0.044173	 ndcg_5: 0.0366	 ndcg_10: 0.0469	 hit@1:0.015526	 hit@5:0.0570	 hit@10: 0.0894
target: 	 mrr: 0.044832	 ndcg_5: 0.0364	 ndcg_10: 0.0489	 hit@1:0.015046	 hit@5:0.0571	 hit@10: 0.0961
epoch 47: train_loss = 1.682612, source_mrr = 0.044173, source_hit@10 = 0.0894, source_ndcg@10 = 0.0469, target_mrr = 0.044832, target_hit@10 = 0.0961, target_ndcg@10 = 0.0489

2024-08-13 17:49:31.073377: step 16464/27440 (epoch 48/80), loss = 1.677802 (45.778 sec/epoch), lr: 0.001589
Evaluating on dev set...
..................................................................
source: 	 mrr: 0.046983	 ndcg_5: 0.0382	 ndcg_10: 0.0503	 hit@1:0.017110	 hit@5:0.0589	 hit@10: 0.0966
target: 	 mrr: 0.044288	 ndcg_5: 0.0366	 ndcg_10: 0.0464	 hit@1:0.015603	 hit@5:0.0580	 hit@10: 0.0883
epoch 48: train_loss = 1.677802, source_mrr = 0.046983, source_hit@10 = 0.0966, source_ndcg@10 = 0.0503, target_mrr = 0.044288, target_hit@10 = 0.0883, target_ndcg@10 = 0.0464

2024-08-13 17:50:17.704277: step 16807/27440 (epoch 49/80), loss = 1.672379 (46.002 sec/epoch), lr: 0.001589
Evaluating on dev set...
..................................................................
source: 	 mrr: 0.050750	 ndcg_5: 0.0419	 ndcg_10: 0.0551	 hit@1:0.019645	 hit@5:0.0640	 hit@10: 0.1049
target: 	 mrr: 0.041575	 ndcg_5: 0.0330	 ndcg_10: 0.0445	 hit@1:0.012260	 hit@5:0.0532	 hit@10: 0.0892
epoch 49: train_loss = 1.672379, source_mrr = 0.050750, source_hit@10 = 0.1049, source_ndcg@10 = 0.0551, target_mrr = 0.041575, target_hit@10 = 0.0892, target_ndcg@10 = 0.0445

2024-08-13 17:51:04.727054: step 17150/27440 (epoch 50/80), loss = 1.670507 (46.396 sec/epoch), lr: 0.001589
Evaluating on dev set...
..................................................................
source: 	 mrr: 0.058828	 ndcg_5: 0.0505	 ndcg_10: 0.0642	 hit@1:0.027250	 hit@5:0.0748	 hit@10: 0.1172
target: 	 mrr: 0.047012	 ndcg_5: 0.0375	 ndcg_10: 0.0519	 hit@1:0.015046	 hit@5:0.0602	 hit@10: 0.1053
epoch 50: train_loss = 1.670507, source_mrr = 0.058828, source_hit@10 = 0.1172, source_ndcg@10 = 0.0642, target_mrr = 0.047012, target_hit@10 = 0.1053, target_ndcg@10 = 0.0519

2024-08-13 17:51:51.327016: step 17493/27440 (epoch 51/80), loss = 1.671283 (45.940 sec/epoch), lr: 0.001589
Evaluating on dev set...
..................................................................
source: 	 mrr: 0.049133	 ndcg_5: 0.0399	 ndcg_10: 0.0520	 hit@1:0.017744	 hit@5:0.0621	 hit@10: 0.0998
target: 	 mrr: 0.043812	 ndcg_5: 0.0349	 ndcg_10: 0.0487	 hit@1:0.013653	 hit@5:0.0563	 hit@10: 0.0995
epoch 51: train_loss = 1.671283, source_mrr = 0.049133, source_hit@10 = 0.0998, source_ndcg@10 = 0.0520, target_mrr = 0.043812, target_hit@10 = 0.0995, target_ndcg@10 = 0.0487

2024-08-13 17:52:37.763917: step 17836/27440 (epoch 52/80), loss = 1.662634 (45.805 sec/epoch), lr: 0.001509
Evaluating on dev set...
..................................................................
source: 	 mrr: 0.057485	 ndcg_5: 0.0469	 ndcg_10: 0.0624	 hit@1:0.024398	 hit@5:0.0691	 hit@10: 0.1172
target: 	 mrr: 0.034966	 ndcg_5: 0.0268	 ndcg_10: 0.0368	 hit@1:0.008916	 hit@5:0.0435	 hit@10: 0.0750
epoch 52: train_loss = 1.662634, source_mrr = 0.057485, source_hit@10 = 0.1172, source_ndcg@10 = 0.0624, target_mrr = 0.034966, target_hit@10 = 0.0750, target_ndcg@10 = 0.0368

2024-08-13 17:53:24.372999: step 18179/27440 (epoch 53/80), loss = 1.657534 (45.982 sec/epoch), lr: 0.001434
Evaluating on dev set...
..................................................................
source: 	 mrr: 0.056616	 ndcg_5: 0.0467	 ndcg_10: 0.0606	 hit@1:0.023131	 hit@5:0.0697	 hit@10: 0.1131
target: 	 mrr: 0.047373	 ndcg_5: 0.0382	 ndcg_10: 0.0506	 hit@1:0.016996	 hit@5:0.0588	 hit@10: 0.0975
epoch 53: train_loss = 1.657534, source_mrr = 0.056616, source_hit@10 = 0.1131, source_ndcg@10 = 0.0606, target_mrr = 0.047373, target_hit@10 = 0.0975, target_ndcg@10 = 0.0506

2024-08-13 17:54:10.509773: step 18522/27440 (epoch 54/80), loss = 1.656484 (45.505 sec/epoch), lr: 0.001434
Evaluating on dev set...
..................................................................
source: 	 mrr: 0.048078	 ndcg_5: 0.0378	 ndcg_10: 0.0510	 hit@1:0.018378	 hit@5:0.0580	 hit@10: 0.0989
target: 	 mrr: 0.041515	 ndcg_5: 0.0330	 ndcg_10: 0.0437	 hit@1:0.014489	 hit@5:0.0518	 hit@10: 0.0853
epoch 54: train_loss = 1.656484, source_mrr = 0.048078, source_hit@10 = 0.0989, source_ndcg@10 = 0.0510, target_mrr = 0.041515, target_hit@10 = 0.0853, target_ndcg@10 = 0.0437

2024-08-13 17:54:56.682895: step 18865/27440 (epoch 55/80), loss = 1.645552 (45.540 sec/epoch), lr: 0.001362
Evaluating on dev set...
..................................................................
source: 	 mrr: 0.039386	 ndcg_5: 0.0319	 ndcg_10: 0.0392	 hit@1:0.013942	 hit@5:0.0504	 hit@10: 0.0732
target: 	 mrr: 0.044061	 ndcg_5: 0.0360	 ndcg_10: 0.0463	 hit@1:0.016996	 hit@5:0.0560	 hit@10: 0.0878
epoch 55: train_loss = 1.645552, source_mrr = 0.039386, source_hit@10 = 0.0732, source_ndcg@10 = 0.0392, target_mrr = 0.044061, target_hit@10 = 0.0878, target_ndcg@10 = 0.0463

2024-08-13 17:55:42.830153: step 19208/27440 (epoch 56/80), loss = 1.642226 (45.514 sec/epoch), lr: 0.001294
Evaluating on dev set...
..................................................................
source: 	 mrr: 0.049188	 ndcg_5: 0.0407	 ndcg_10: 0.0520	 hit@1:0.019011	 hit@5:0.0631	 hit@10: 0.0985
target: 	 mrr: 0.043988	 ndcg_5: 0.0350	 ndcg_10: 0.0459	 hit@1:0.016160	 hit@5:0.0535	 hit@10: 0.0872
epoch 56: train_loss = 1.642226, source_mrr = 0.049188, source_hit@10 = 0.0985, source_ndcg@10 = 0.0520, target_mrr = 0.043988, target_hit@10 = 0.0872, target_ndcg@10 = 0.0459

2024-08-13 17:56:28.939819: step 19551/27440 (epoch 57/80), loss = 1.638818 (45.478 sec/epoch), lr: 0.001294
Evaluating on dev set...
..................................................................
source: 	 mrr: 0.051816	 ndcg_5: 0.0412	 ndcg_10: 0.0551	 hit@1:0.021863	 hit@5:0.0596	 hit@10: 0.1023
target: 	 mrr: 0.045231	 ndcg_5: 0.0364	 ndcg_10: 0.0477	 hit@1:0.016996	 hit@5:0.0557	 hit@10: 0.0908
epoch 57: train_loss = 1.638818, source_mrr = 0.051816, source_hit@10 = 0.1023, source_ndcg@10 = 0.0551, target_mrr = 0.045231, target_hit@10 = 0.0908, target_ndcg@10 = 0.0477

2024-08-13 17:57:15.318722: step 19894/27440 (epoch 58/80), loss = 1.635275 (45.738 sec/epoch), lr: 0.001294
Evaluating on dev set...
..................................................................
source: 	 mrr: 0.060339	 ndcg_5: 0.0527	 ndcg_10: 0.0654	 hit@1:0.025982	 hit@5:0.0789	 hit@10: 0.1182
target: 	 mrr: 0.049296	 ndcg_5: 0.0400	 ndcg_10: 0.0528	 hit@1:0.018668	 hit@5:0.0602	 hit@10: 0.0997
target best!
...................................target: 	 mrr: 0.051382	 ndcg_5: 0.0442	 ndcg_10: 0.0567	 hit@1:0.019177	 hit@5:0.0688	 hit@10: 0.1080
epoch 58: train_loss = 1.635275, source_mrr = 0.060339, source_hit@10 = 0.1182, source_ndcg@10 = 0.0654, target_mrr = 0.051382, target_hit@10 = 0.1080, target_ndcg@10 = 0.0567

2024-08-13 17:58:01.823190: step 20237/27440 (epoch 59/80), loss = 1.633796 (45.576 sec/epoch), lr: 0.001294
Evaluating on dev set...
..................................................................
source: 	 mrr: 0.055429	 ndcg_5: 0.0475	 ndcg_10: 0.0594	 hit@1:0.023131	 hit@5:0.0726	 hit@10: 0.1093
target: 	 mrr: 0.046411	 ndcg_5: 0.0378	 ndcg_10: 0.0485	 hit@1:0.019504	 hit@5:0.0560	 hit@10: 0.0894
epoch 59: train_loss = 1.633796, source_mrr = 0.055429, source_hit@10 = 0.1093, source_ndcg@10 = 0.0594, target_mrr = 0.046411, target_hit@10 = 0.0894, target_ndcg@10 = 0.0485

2024-08-13 17:58:48.238820: step 20580/27440 (epoch 60/80), loss = 1.625399 (45.787 sec/epoch), lr: 0.001229
Evaluating on dev set...
..................................................................
source: 	 mrr: 0.053745	 ndcg_5: 0.0444	 ndcg_10: 0.0582	 hit@1:0.020596	 hit@5:0.0669	 hit@10: 0.1099
target: 	 mrr: 0.045573	 ndcg_5: 0.0373	 ndcg_10: 0.0485	 hit@1:0.016718	 hit@5:0.0580	 hit@10: 0.0931
epoch 60: train_loss = 1.625399, source_mrr = 0.053745, source_hit@10 = 0.1099, source_ndcg@10 = 0.0582, target_mrr = 0.045573, target_hit@10 = 0.0931, target_ndcg@10 = 0.0485

2024-08-13 17:59:34.489797: step 20923/27440 (epoch 61/80), loss = 1.618521 (45.621 sec/epoch), lr: 0.001168
Evaluating on dev set...
..................................................................
source: 	 mrr: 0.058401	 ndcg_5: 0.0511	 ndcg_10: 0.0656	 hit@1:0.020913	 hit@5:0.0808	 hit@10: 0.1258
target: 	 mrr: 0.046068	 ndcg_5: 0.0379	 ndcg_10: 0.0481	 hit@1:0.017832	 hit@5:0.0580	 hit@10: 0.0892
epoch 61: train_loss = 1.618521, source_mrr = 0.058401, source_hit@10 = 0.1258, source_ndcg@10 = 0.0656, target_mrr = 0.046068, target_hit@10 = 0.0892, target_ndcg@10 = 0.0481

2024-08-13 18:00:20.745256: step 21266/27440 (epoch 62/80), loss = 1.612731 (45.617 sec/epoch), lr: 0.001168
Evaluating on dev set...
..................................................................
source: 	 mrr: 0.054038	 ndcg_5: 0.0448	 ndcg_10: 0.0601	 hit@1:0.018061	 hit@5:0.0710	 hit@10: 0.1182
target: 	 mrr: 0.041347	 ndcg_5: 0.0335	 ndcg_10: 0.0436	 hit@1:0.013374	 hit@5:0.0546	 hit@10: 0.0864
epoch 62: train_loss = 1.612731, source_mrr = 0.054038, source_hit@10 = 0.1182, source_ndcg@10 = 0.0601, target_mrr = 0.041347, target_hit@10 = 0.0864, target_ndcg@10 = 0.0436

2024-08-13 18:01:06.929334: step 21609/27440 (epoch 63/80), loss = 1.603596 (45.553 sec/epoch), lr: 0.001110
Evaluating on dev set...
..................................................................
source: 	 mrr: 0.059534	 ndcg_5: 0.0495	 ndcg_10: 0.0661	 hit@1:0.023131	 hit@5:0.0745	 hit@10: 0.1255
target: 	 mrr: 0.048991	 ndcg_5: 0.0407	 ndcg_10: 0.0519	 hit@1:0.020061	 hit@5:0.0616	 hit@10: 0.0961
epoch 63: train_loss = 1.603596, source_mrr = 0.059534, source_hit@10 = 0.1255, source_ndcg@10 = 0.0661, target_mrr = 0.048991, target_hit@10 = 0.0961, target_ndcg@10 = 0.0519

2024-08-13 18:01:53.056457: step 21952/27440 (epoch 64/80), loss = 1.601365 (45.497 sec/epoch), lr: 0.001110
Evaluating on dev set...
..................................................................
source: 	 mrr: 0.048263	 ndcg_5: 0.0389	 ndcg_10: 0.0524	 hit@1:0.015843	 hit@5:0.0618	 hit@10: 0.1036
target: 	 mrr: 0.044534	 ndcg_5: 0.0365	 ndcg_10: 0.0484	 hit@1:0.015603	 hit@5:0.0580	 hit@10: 0.0950
epoch 64: train_loss = 1.601365, source_mrr = 0.048263, source_hit@10 = 0.1036, source_ndcg@10 = 0.0524, target_mrr = 0.044534, target_hit@10 = 0.0950, target_ndcg@10 = 0.0484

2024-08-13 18:02:39.189848: step 22295/27440 (epoch 65/80), loss = 1.593824 (45.494 sec/epoch), lr: 0.001054
Evaluating on dev set...
..................................................................
source: 	 mrr: 0.049462	 ndcg_5: 0.0403	 ndcg_10: 0.0530	 hit@1:0.018695	 hit@5:0.0624	 hit@10: 0.1017
target: 	 mrr: 0.044408	 ndcg_5: 0.0363	 ndcg_10: 0.0464	 hit@1:0.016996	 hit@5:0.0557	 hit@10: 0.0875
epoch 65: train_loss = 1.593824, source_mrr = 0.049462, source_hit@10 = 0.1017, source_ndcg@10 = 0.0530, target_mrr = 0.044408, target_hit@10 = 0.0875, target_ndcg@10 = 0.0464

2024-08-13 18:03:25.374456: step 22638/27440 (epoch 66/80), loss = 1.586992 (45.557 sec/epoch), lr: 0.001054
Evaluating on dev set...
..................................................................
source: 	 mrr: 0.039522	 ndcg_5: 0.0316	 ndcg_10: 0.0413	 hit@1:0.012991	 hit@5:0.0510	 hit@10: 0.0811
target: 	 mrr: 0.045808	 ndcg_5: 0.0367	 ndcg_10: 0.0471	 hit@1:0.019504	 hit@5:0.0541	 hit@10: 0.0861
epoch 66: train_loss = 1.586992, source_mrr = 0.039522, source_hit@10 = 0.0811, source_ndcg@10 = 0.0413, target_mrr = 0.045808, target_hit@10 = 0.0861, target_ndcg@10 = 0.0471

2024-08-13 18:04:12.133705: step 22981/27440 (epoch 67/80), loss = 1.582021 (46.132 sec/epoch), lr: 0.001001
Evaluating on dev set...
..................................................................
source: 	 mrr: 0.056916	 ndcg_5: 0.0488	 ndcg_10: 0.0606	 hit@1:0.023131	 hit@5:0.0738	 hit@10: 0.1109
target: 	 mrr: 0.040765	 ndcg_5: 0.0326	 ndcg_10: 0.0430	 hit@1:0.012817	 hit@5:0.0532	 hit@10: 0.0855
epoch 67: train_loss = 1.582021, source_mrr = 0.056916, source_hit@10 = 0.1109, source_ndcg@10 = 0.0606, target_mrr = 0.040765, target_hit@10 = 0.0855, target_ndcg@10 = 0.0430

2024-08-13 18:04:58.692223: step 23324/27440 (epoch 68/80), loss = 1.578625 (45.930 sec/epoch), lr: 0.001001
Evaluating on dev set...
..................................................................
source: 	 mrr: 0.059069	 ndcg_5: 0.0512	 ndcg_10: 0.0643	 hit@1:0.025032	 hit@5:0.0770	 hit@10: 0.1176
target: 	 mrr: 0.044297	 ndcg_5: 0.0349	 ndcg_10: 0.0471	 hit@1:0.016439	 hit@5:0.0546	 hit@10: 0.0919
epoch 68: train_loss = 1.578625, source_mrr = 0.059069, source_hit@10 = 0.1176, source_ndcg@10 = 0.0643, target_mrr = 0.044297, target_hit@10 = 0.0919, target_ndcg@10 = 0.0471

2024-08-13 18:05:44.899768: step 23667/27440 (epoch 69/80), loss = 1.577483 (45.576 sec/epoch), lr: 0.001001
Evaluating on dev set...
..................................................................
source: 	 mrr: 0.056182	 ndcg_5: 0.0487	 ndcg_10: 0.0613	 hit@1:0.021863	 hit@5:0.0757	 hit@10: 0.1147
target: 	 mrr: 0.041753	 ndcg_5: 0.0331	 ndcg_10: 0.0438	 hit@1:0.015046	 hit@5:0.0515	 hit@10: 0.0850
epoch 69: train_loss = 1.577483, source_mrr = 0.056182, source_hit@10 = 0.1147, source_ndcg@10 = 0.0613, target_mrr = 0.041753, target_hit@10 = 0.0850, target_ndcg@10 = 0.0438

2024-08-13 18:06:30.987381: step 24010/27440 (epoch 70/80), loss = 1.572188 (45.457 sec/epoch), lr: 0.000951
Evaluating on dev set...
..................................................................
source: 	 mrr: 0.056729	 ndcg_5: 0.0481	 ndcg_10: 0.0613	 hit@1:0.023131	 hit@5:0.0732	 hit@10: 0.1144
target: 	 mrr: 0.042863	 ndcg_5: 0.0350	 ndcg_10: 0.0459	 hit@1:0.015882	 hit@5:0.0541	 hit@10: 0.0880
epoch 70: train_loss = 1.572188, source_mrr = 0.056729, source_hit@10 = 0.1144, source_ndcg@10 = 0.0613, target_mrr = 0.042863, target_hit@10 = 0.0880, target_ndcg@10 = 0.0459

2024-08-13 18:07:17.139684: step 24353/27440 (epoch 71/80), loss = 1.566144 (45.513 sec/epoch), lr: 0.000951
Evaluating on dev set...
..................................................................
source: 	 mrr: 0.052457	 ndcg_5: 0.0435	 ndcg_10: 0.0564	 hit@1:0.019645	 hit@5:0.0669	 hit@10: 0.1071
target: 	 mrr: 0.042615	 ndcg_5: 0.0345	 ndcg_10: 0.0457	 hit@1:0.014489	 hit@5:0.0549	 hit@10: 0.0897
epoch 71: train_loss = 1.566144, source_mrr = 0.052457, source_hit@10 = 0.1071, source_ndcg@10 = 0.0564, target_mrr = 0.042615, target_hit@10 = 0.0897, target_ndcg@10 = 0.0457

2024-08-13 18:08:03.232856: step 24696/27440 (epoch 72/80), loss = 1.564629 (45.467 sec/epoch), lr: 0.000904
Evaluating on dev set...
..................................................................
source: 	 mrr: 0.056941	 ndcg_5: 0.0506	 ndcg_10: 0.0638	 hit@1:0.021546	 hit@5:0.0802	 hit@10: 0.1210
target: 	 mrr: 0.047360	 ndcg_5: 0.0393	 ndcg_10: 0.0514	 hit@1:0.016996	 hit@5:0.0630	 hit@10: 0.1009
epoch 72: train_loss = 1.564629, source_mrr = 0.056941, source_hit@10 = 0.1210, source_ndcg@10 = 0.0638, target_mrr = 0.047360, target_hit@10 = 0.1009, target_ndcg@10 = 0.0514

2024-08-13 18:08:49.305603: step 25039/27440 (epoch 73/80), loss = 1.560102 (45.442 sec/epoch), lr: 0.000904
Evaluating on dev set...
..................................................................
source: 	 mrr: 0.059522	 ndcg_5: 0.0513	 ndcg_10: 0.0633	 hit@1:0.026299	 hit@5:0.0776	 hit@10: 0.1147
target: 	 mrr: 0.046151	 ndcg_5: 0.0371	 ndcg_10: 0.0502	 hit@1:0.016996	 hit@5:0.0582	 hit@10: 0.0986
epoch 73: train_loss = 1.560102, source_mrr = 0.059522, source_hit@10 = 0.1147, source_ndcg@10 = 0.0633, target_mrr = 0.046151, target_hit@10 = 0.0986, target_ndcg@10 = 0.0502

2024-08-13 18:09:35.421073: step 25382/27440 (epoch 74/80), loss = 1.555136 (45.486 sec/epoch), lr: 0.000904
Evaluating on dev set...
..................................................................
source: 	 mrr: 0.061349	 ndcg_5: 0.0542	 ndcg_10: 0.0676	 hit@1:0.023764	 hit@5:0.0830	 hit@10: 0.1248
target: 	 mrr: 0.049194	 ndcg_5: 0.0411	 ndcg_10: 0.0531	 hit@1:0.017832	 hit@5:0.0638	 hit@10: 0.1011
epoch 74: train_loss = 1.555136, source_mrr = 0.061349, source_hit@10 = 0.1248, source_ndcg@10 = 0.0676, target_mrr = 0.049194, target_hit@10 = 0.1011, target_ndcg@10 = 0.0531

2024-08-13 18:10:23.128051: step 25725/27440 (epoch 75/80), loss = 1.554352 (47.075 sec/epoch), lr: 0.000904
Evaluating on dev set...
..................................................................
source: 	 mrr: 0.053839	 ndcg_5: 0.0438	 ndcg_10: 0.0587	 hit@1:0.021546	 hit@5:0.0662	 hit@10: 0.1125
target: 	 mrr: 0.047676	 ndcg_5: 0.0388	 ndcg_10: 0.0510	 hit@1:0.017554	 hit@5:0.0605	 hit@10: 0.0984
epoch 75: train_loss = 1.554352, source_mrr = 0.053839, source_hit@10 = 0.1125, source_ndcg@10 = 0.0587, target_mrr = 0.047676, target_hit@10 = 0.0984, target_ndcg@10 = 0.0510

2024-08-13 18:11:12.122500: step 26068/27440 (epoch 76/80), loss = 1.547318 (48.348 sec/epoch), lr: 0.000859
Evaluating on dev set...
..................................................................
source: 	 mrr: 0.046381	 ndcg_5: 0.0382	 ndcg_10: 0.0484	 hit@1:0.017110	 hit@5:0.0596	 hit@10: 0.0916
target: 	 mrr: 0.047720	 ndcg_5: 0.0386	 ndcg_10: 0.0521	 hit@1:0.018668	 hit@5:0.0588	 hit@10: 0.1014
epoch 76: train_loss = 1.547318, source_mrr = 0.046381, source_hit@10 = 0.0916, source_ndcg@10 = 0.0484, target_mrr = 0.047720, target_hit@10 = 0.1014, target_ndcg@10 = 0.0521

2024-08-13 18:12:00.846607: step 26411/27440 (epoch 77/80), loss = 1.541662 (48.024 sec/epoch), lr: 0.000816
Evaluating on dev set...
..................................................................
source: 	 mrr: 0.049559	 ndcg_5: 0.0421	 ndcg_10: 0.0535	 hit@1:0.017110	 hit@5:0.0669	 hit@10: 0.1030
target: 	 mrr: 0.045254	 ndcg_5: 0.0352	 ndcg_10: 0.0483	 hit@1:0.015882	 hit@5:0.0541	 hit@10: 0.0953
epoch 77: train_loss = 1.541662, source_mrr = 0.049559, source_hit@10 = 0.1030, source_ndcg@10 = 0.0535, target_mrr = 0.045254, target_hit@10 = 0.0953, target_ndcg@10 = 0.0483

2024-08-13 18:12:50.010374: step 26754/27440 (epoch 78/80), loss = 1.539250 (48.520 sec/epoch), lr: 0.000816
Evaluating on dev set...
..................................................................
source: 	 mrr: 0.051629	 ndcg_5: 0.0411	 ndcg_10: 0.0551	 hit@1:0.019645	 hit@5:0.0605	 hit@10: 0.1039
target: 	 mrr: 0.045003	 ndcg_5: 0.0367	 ndcg_10: 0.0483	 hit@1:0.015882	 hit@5:0.0588	 hit@10: 0.0953
epoch 78: train_loss = 1.539250, source_mrr = 0.051629, source_hit@10 = 0.1039, source_ndcg@10 = 0.0551, target_mrr = 0.045003, target_hit@10 = 0.0953, target_ndcg@10 = 0.0483

2024-08-13 18:13:39.168273: step 27097/27440 (epoch 79/80), loss = 1.537999 (48.504 sec/epoch), lr: 0.000816
Evaluating on dev set...
..................................................................
source: 	 mrr: 0.051148	 ndcg_5: 0.0419	 ndcg_10: 0.0557	 hit@1:0.019328	 hit@5:0.0643	 hit@10: 0.1071
target: 	 mrr: 0.048435	 ndcg_5: 0.0397	 ndcg_10: 0.0512	 hit@1:0.019225	 hit@5:0.0605	 hit@10: 0.0958
epoch 79: train_loss = 1.537999, source_mrr = 0.051148, source_hit@10 = 0.1071, source_ndcg@10 = 0.0557, target_mrr = 0.048435, target_hit@10 = 0.0958, target_ndcg@10 = 0.0512
early termination of training
source best:  source_mrr = 0.061528, source_hit@10 = 0.1312, source_ndcg@10 = 0.0692
target best:  target_mrr = 0.047012, target_hit@10 = 0.1053, target_ndcg@10 = 0.0519
