nohup: ignoring input
using gpu:1 to train the model
using gpu:1 to train the model
cuda:1
Namespace(A_split=False, JK='sum', a_fold=100, aggregate=False, alpha=0.5, batch_size=1024, beta_inter=0.2, conv_layers=4, cuda=True, decay_epoch=10, device=device(type='cuda', index=1), device_id='1', domains='cloth_sport', dropout=0.4, epoch=80, feature_dim=126, gamma_intra=0.8, hidden_dim=126, inter_tau=0.2, intra_tau=0.4, lambda_critic=0.1, leakey=0.05, load=False, log='logs.txt', log_epoch=1, lr=0.004, lr_decay=0.95, min_epoch=60, mode='train', model_file=None, model_name='cs', momentum=0.98, num_latent_factors=3, num_negative=100, optim='adam', patience=20, proj_layers=1, projection=1, rectify_epoch=40, residual=1, save=False, save_dir='./saved_models', seed=2040, similarity_tau=0.2, step=4, test_sample_number=999, user_batch_size=256, weight_decay=0.0002)
number_user 41829
number_item 17943
/home/hourun/invariantCDR_v2/invariantCDR/utils/GraphMaker.py:46: RuntimeWarning: divide by zero encountered in power
  r_inv = np.power(rowsum, -1).flatten()
real graph loaded!
number_user 27328
number_item 12655
real graph loaded!
graph loaded!
Loading data from cloth_sport with batch size 1024...
unseen test: 0
test length: 3156
unseen test: 0
test length: 3085
unseen test: 0
test length: 3589
unseen test: 0
test length: 3546
source_user_num 41829
target_user_num 27328
source_item_num 17943
target_item_num 12655
shared users id: 7857
test users 990, 982
unseen test: 0
dev length: 1000
unseen test: 0
dev length: 1000
source train data : 187880, target train data: 163291, source test data : 3085, target test data : 3546, source dev data : 1000, target dev data : 1000
2024-08-13 19:49:39.766900: step 343/27440 (epoch 1/80), loss = 2.273736 (48.565 sec/epoch), lr: 0.004000
Evaluating on dev set...
..................................................................
source: 	 mrr: 0.032143	 ndcg_5: 0.0226	 ndcg_10: 0.0321	 hit@1:0.008238	 hit@5:0.0374	 hit@10: 0.0669
target: 	 mrr: 0.025728	 ndcg_5: 0.0191	 ndcg_10: 0.0259	 hit@1:0.006130	 hit@5:0.0312	 hit@10: 0.0524
source best!
..............................
source: 	 mrr: 0.031904	 ndcg_5: 0.0220	 ndcg_10: 0.0322	 hit@1:0.010049	 hit@5:0.0347	 hit@10: 0.0665
target best!
...................................target: 	 mrr: 0.029674	 ndcg_5: 0.0236	 ndcg_10: 0.0307	 hit@1:0.009870	 hit@5:0.0364	 hit@10: 0.0581
epoch 1: train_loss = 2.273736, source_mrr = 0.031904, source_hit@10 = 0.0665, source_ndcg@10 = 0.0322, target_mrr = 0.029674, target_hit@10 = 0.0581, target_ndcg@10 = 0.0307

2024-08-13 19:50:31.256008: step 686/27440 (epoch 2/80), loss = 2.018866 (50.074 sec/epoch), lr: 0.004000
Evaluating on dev set...
..................................................................
source: 	 mrr: 0.037819	 ndcg_5: 0.0279	 ndcg_10: 0.0396	 hit@1:0.010139	 hit@5:0.0453	 hit@10: 0.0814
target: 	 mrr: 0.029055	 ndcg_5: 0.0227	 ndcg_10: 0.0308	 hit@1:0.007523	 hit@5:0.0385	 hit@10: 0.0635
source best!
..............................
source: 	 mrr: 0.036416	 ndcg_5: 0.0275	 ndcg_10: 0.0386	 hit@1:0.009724	 hit@5:0.0457	 hit@10: 0.0804
target best!
...................................target: 	 mrr: 0.029543	 ndcg_5: 0.0235	 ndcg_10: 0.0315	 hit@1:0.007614	 hit@5:0.0403	 hit@10: 0.0651
epoch 2: train_loss = 2.018866, source_mrr = 0.036416, source_hit@10 = 0.0804, source_ndcg@10 = 0.0386, target_mrr = 0.029543, target_hit@10 = 0.0651, target_ndcg@10 = 0.0315

2024-08-13 19:51:22.982411: step 1029/27440 (epoch 3/80), loss = 1.964759 (50.329 sec/epoch), lr: 0.004000
Evaluating on dev set...
..................................................................
source: 	 mrr: 0.031953	 ndcg_5: 0.0239	 ndcg_10: 0.0321	 hit@1:0.008238	 hit@5:0.0393	 hit@10: 0.0650
target: 	 mrr: 0.029898	 ndcg_5: 0.0231	 ndcg_10: 0.0311	 hit@1:0.008359	 hit@5:0.0376	 hit@10: 0.0624
target best!
...................................target: 	 mrr: 0.032097	 ndcg_5: 0.0255	 ndcg_10: 0.0334	 hit@1:0.011280	 hit@5:0.0395	 hit@10: 0.0643
epoch 3: train_loss = 1.964759, source_mrr = 0.031953, source_hit@10 = 0.0650, source_ndcg@10 = 0.0321, target_mrr = 0.032097, target_hit@10 = 0.0643, target_ndcg@10 = 0.0334

2024-08-13 19:52:14.371827: step 1372/27440 (epoch 4/80), loss = 1.933602 (50.308 sec/epoch), lr: 0.004000
Evaluating on dev set...
..................................................................
source: 	 mrr: 0.039597	 ndcg_5: 0.0306	 ndcg_10: 0.0414	 hit@1:0.013625	 hit@5:0.0472	 hit@10: 0.0811
target: 	 mrr: 0.038297	 ndcg_5: 0.0300	 ndcg_10: 0.0389	 hit@1:0.013374	 hit@5:0.0468	 hit@10: 0.0747
source best!
..............................
source: 	 mrr: 0.037421	 ndcg_5: 0.0280	 ndcg_10: 0.0399	 hit@1:0.011994	 hit@5:0.0444	 hit@10: 0.0817
target best!
...................................target: 	 mrr: 0.044560	 ndcg_5: 0.0364	 ndcg_10: 0.0461	 hit@1:0.018049	 hit@5:0.0547	 hit@10: 0.0846
epoch 4: train_loss = 1.933602, source_mrr = 0.037421, source_hit@10 = 0.0817, source_ndcg@10 = 0.0399, target_mrr = 0.044560, target_hit@10 = 0.0846, target_ndcg@10 = 0.0461

2024-08-13 19:53:05.938041: step 1715/27440 (epoch 5/80), loss = 1.911454 (50.076 sec/epoch), lr: 0.004000
Evaluating on dev set...
..................................................................
source: 	 mrr: 0.047117	 ndcg_5: 0.0412	 ndcg_10: 0.0494	 hit@1:0.018378	 hit@5:0.0624	 hit@10: 0.0881
target: 	 mrr: 0.036928	 ndcg_5: 0.0287	 ndcg_10: 0.0395	 hit@1:0.010867	 hit@5:0.0471	 hit@10: 0.0808
source best!
..............................
source: 	 mrr: 0.039234	 ndcg_5: 0.0318	 ndcg_10: 0.0412	 hit@1:0.013938	 hit@5:0.0506	 hit@10: 0.0797
epoch 5: train_loss = 1.911454, source_mrr = 0.039234, source_hit@10 = 0.0797, source_ndcg@10 = 0.0412, target_mrr = 0.036928, target_hit@10 = 0.0808, target_ndcg@10 = 0.0395

2024-08-13 19:53:57.196705: step 2058/27440 (epoch 6/80), loss = 1.895117 (50.220 sec/epoch), lr: 0.004000
Evaluating on dev set...
..................................................................
source: 	 mrr: 0.045908	 ndcg_5: 0.0375	 ndcg_10: 0.0487	 hit@1:0.017110	 hit@5:0.0574	 hit@10: 0.0922
target: 	 mrr: 0.035643	 ndcg_5: 0.0266	 ndcg_10: 0.0361	 hit@1:0.013653	 hit@5:0.0407	 hit@10: 0.0705
epoch 6: train_loss = 1.895117, source_mrr = 0.045908, source_hit@10 = 0.0922, source_ndcg@10 = 0.0487, target_mrr = 0.035643, target_hit@10 = 0.0705, target_ndcg@10 = 0.0361

2024-08-13 19:54:48.051819: step 2401/27440 (epoch 7/80), loss = 1.884649 (50.070 sec/epoch), lr: 0.004000
Evaluating on dev set...
..................................................................
source: 	 mrr: 0.043358	 ndcg_5: 0.0364	 ndcg_10: 0.0476	 hit@1:0.013308	 hit@5:0.0612	 hit@10: 0.0963
target: 	 mrr: 0.037532	 ndcg_5: 0.0301	 ndcg_10: 0.0397	 hit@1:0.009752	 hit@5:0.0499	 hit@10: 0.0797
epoch 7: train_loss = 1.884649, source_mrr = 0.043358, source_hit@10 = 0.0963, source_ndcg@10 = 0.0476, target_mrr = 0.037532, target_hit@10 = 0.0797, target_ndcg@10 = 0.0397

2024-08-13 19:55:39.193595: step 2744/27440 (epoch 8/80), loss = 1.876924 (50.406 sec/epoch), lr: 0.004000
Evaluating on dev set...
..................................................................
source: 	 mrr: 0.029483	 ndcg_5: 0.0238	 ndcg_10: 0.0306	 hit@1:0.008872	 hit@5:0.0387	 hit@10: 0.0602
target: 	 mrr: 0.035170	 ndcg_5: 0.0281	 ndcg_10: 0.0370	 hit@1:0.011981	 hit@5:0.0443	 hit@10: 0.0722
epoch 8: train_loss = 1.876924, source_mrr = 0.029483, source_hit@10 = 0.0602, source_ndcg@10 = 0.0306, target_mrr = 0.035170, target_hit@10 = 0.0722, target_ndcg@10 = 0.0370

2024-08-13 19:56:30.432428: step 3087/27440 (epoch 9/80), loss = 1.868190 (50.467 sec/epoch), lr: 0.004000
Evaluating on dev set...
..................................................................
source: 	 mrr: 0.043607	 ndcg_5: 0.0341	 ndcg_10: 0.0475	 hit@1:0.014259	 hit@5:0.0539	 hit@10: 0.0951
target: 	 mrr: 0.031794	 ndcg_5: 0.0243	 ndcg_10: 0.0332	 hit@1:0.010309	 hit@5:0.0387	 hit@10: 0.0666
epoch 9: train_loss = 1.868190, source_mrr = 0.043607, source_hit@10 = 0.0951, source_ndcg@10 = 0.0475, target_mrr = 0.031794, target_hit@10 = 0.0666, target_ndcg@10 = 0.0332

2024-08-13 19:57:21.913388: step 3430/27440 (epoch 10/80), loss = 1.859108 (50.725 sec/epoch), lr: 0.004000
Evaluating on dev set...
..................................................................
source: 	 mrr: 0.047952	 ndcg_5: 0.0391	 ndcg_10: 0.0505	 hit@1:0.018061	 hit@5:0.0605	 hit@10: 0.0957
target: 	 mrr: 0.039743	 ndcg_5: 0.0325	 ndcg_10: 0.0420	 hit@1:0.013096	 hit@5:0.0524	 hit@10: 0.0822
source best!
..............................
source: 	 mrr: 0.047122	 ndcg_5: 0.0380	 ndcg_10: 0.0494	 hit@1:0.020097	 hit@5:0.0567	 hit@10: 0.0924
target best!
...................................target: 	 mrr: 0.039281	 ndcg_5: 0.0331	 ndcg_10: 0.0423	 hit@1:0.011844	 hit@5:0.0530	 hit@10: 0.0818
epoch 10: train_loss = 1.859108, source_mrr = 0.047122, source_hit@10 = 0.0924, source_ndcg@10 = 0.0494, target_mrr = 0.039281, target_hit@10 = 0.0818, target_ndcg@10 = 0.0423

2024-08-13 19:58:14.296764: step 3773/27440 (epoch 11/80), loss = 1.850556 (50.969 sec/epoch), lr: 0.004000
Evaluating on dev set...
..................................................................
source: 	 mrr: 0.046383	 ndcg_5: 0.0375	 ndcg_10: 0.0504	 hit@1:0.016160	 hit@5:0.0593	 hit@10: 0.0995
target: 	 mrr: 0.038400	 ndcg_5: 0.0290	 ndcg_10: 0.0404	 hit@1:0.013096	 hit@5:0.0451	 hit@10: 0.0805
epoch 11: train_loss = 1.850556, source_mrr = 0.046383, source_hit@10 = 0.0995, source_ndcg@10 = 0.0504, target_mrr = 0.038400, target_hit@10 = 0.0805, target_ndcg@10 = 0.0404

2024-08-13 19:59:05.582285: step 4116/27440 (epoch 12/80), loss = 1.836500 (50.543 sec/epoch), lr: 0.003800
Evaluating on dev set...
..................................................................
source: 	 mrr: 0.044937	 ndcg_5: 0.0369	 ndcg_10: 0.0485	 hit@1:0.014892	 hit@5:0.0602	 hit@10: 0.0963
target: 	 mrr: 0.035735	 ndcg_5: 0.0284	 ndcg_10: 0.0388	 hit@1:0.008916	 hit@5:0.0488	 hit@10: 0.0811
epoch 12: train_loss = 1.836500, source_mrr = 0.044937, source_hit@10 = 0.0963, source_ndcg@10 = 0.0485, target_mrr = 0.035735, target_hit@10 = 0.0811, target_ndcg@10 = 0.0388

2024-08-13 19:59:56.071951: step 4459/27440 (epoch 13/80), loss = 1.822348 (49.738 sec/epoch), lr: 0.003610
Evaluating on dev set...
..................................................................
source: 	 mrr: 0.045164	 ndcg_5: 0.0361	 ndcg_10: 0.0494	 hit@1:0.014575	 hit@5:0.0596	 hit@10: 0.1011
target: 	 mrr: 0.038702	 ndcg_5: 0.0301	 ndcg_10: 0.0425	 hit@1:0.011702	 hit@5:0.0502	 hit@10: 0.0886
epoch 13: train_loss = 1.822348, source_mrr = 0.045164, source_hit@10 = 0.1011, source_ndcg@10 = 0.0494, target_mrr = 0.038702, target_hit@10 = 0.0886, target_ndcg@10 = 0.0425

2024-08-13 20:00:46.951518: step 4802/27440 (epoch 14/80), loss = 1.812904 (50.115 sec/epoch), lr: 0.003610
Evaluating on dev set...
..................................................................
source: 	 mrr: 0.049460	 ndcg_5: 0.0414	 ndcg_10: 0.0545	 hit@1:0.018378	 hit@5:0.0653	 hit@10: 0.1055
target: 	 mrr: 0.031741	 ndcg_5: 0.0226	 ndcg_10: 0.0317	 hit@1:0.010588	 hit@5:0.0354	 hit@10: 0.0635
source best!
..............................
source: 	 mrr: 0.043729	 ndcg_5: 0.0330	 ndcg_10: 0.0469	 hit@1:0.015559	 hit@5:0.0509	 hit@10: 0.0943
epoch 14: train_loss = 1.812904, source_mrr = 0.043729, source_hit@10 = 0.0943, source_ndcg@10 = 0.0469, target_mrr = 0.031741, target_hit@10 = 0.0635, target_ndcg@10 = 0.0317

2024-08-13 20:01:38.193289: step 5145/27440 (epoch 15/80), loss = 1.803283 (50.192 sec/epoch), lr: 0.003429
Evaluating on dev set...
..................................................................
source: 	 mrr: 0.050533	 ndcg_5: 0.0430	 ndcg_10: 0.0538	 hit@1:0.018695	 hit@5:0.0669	 hit@10: 0.1004
target: 	 mrr: 0.046476	 ndcg_5: 0.0387	 ndcg_10: 0.0497	 hit@1:0.017275	 hit@5:0.0607	 hit@10: 0.0950
source best!
..............................
source: 	 mrr: 0.050275	 ndcg_5: 0.0412	 ndcg_10: 0.0541	 hit@1:0.019773	 hit@5:0.0626	 hit@10: 0.1024
target best!
...................................target: 	 mrr: 0.040900	 ndcg_5: 0.0325	 ndcg_10: 0.0439	 hit@1:0.012126	 hit@5:0.0539	 hit@10: 0.0897
epoch 15: train_loss = 1.803283, source_mrr = 0.050275, source_hit@10 = 0.1024, source_ndcg@10 = 0.0541, target_mrr = 0.040900, target_hit@10 = 0.0897, target_ndcg@10 = 0.0439

2024-08-13 20:02:29.488035: step 5488/27440 (epoch 16/80), loss = 1.799537 (49.889 sec/epoch), lr: 0.003429
Evaluating on dev set...
..................................................................
source: 	 mrr: 0.047241	 ndcg_5: 0.0377	 ndcg_10: 0.0498	 hit@1:0.016160	 hit@5:0.0599	 hit@10: 0.0970
target: 	 mrr: 0.038672	 ndcg_5: 0.0313	 ndcg_10: 0.0399	 hit@1:0.014489	 hit@5:0.0490	 hit@10: 0.0763
epoch 16: train_loss = 1.799537, source_mrr = 0.047241, source_hit@10 = 0.0970, source_ndcg@10 = 0.0498, target_mrr = 0.038672, target_hit@10 = 0.0763, target_ndcg@10 = 0.0399

2024-08-13 20:03:20.740192: step 5831/27440 (epoch 17/80), loss = 1.786392 (50.518 sec/epoch), lr: 0.003258
Evaluating on dev set...
..................................................................
source: 	 mrr: 0.043016	 ndcg_5: 0.0344	 ndcg_10: 0.0457	 hit@1:0.013308	 hit@5:0.0551	 hit@10: 0.0906
target: 	 mrr: 0.040679	 ndcg_5: 0.0329	 ndcg_10: 0.0444	 hit@1:0.011981	 hit@5:0.0541	 hit@10: 0.0897
epoch 17: train_loss = 1.786392, source_mrr = 0.043016, source_hit@10 = 0.0906, source_ndcg@10 = 0.0457, target_mrr = 0.040679, target_hit@10 = 0.0897, target_ndcg@10 = 0.0444

2024-08-13 20:04:12.421043: step 6174/27440 (epoch 18/80), loss = 1.774885 (50.933 sec/epoch), lr: 0.003095
Evaluating on dev set...
..................................................................
source: 	 mrr: 0.042910	 ndcg_5: 0.0341	 ndcg_10: 0.0450	 hit@1:0.013942	 hit@5:0.0548	 hit@10: 0.0887
target: 	 mrr: 0.044501	 ndcg_5: 0.0357	 ndcg_10: 0.0466	 hit@1:0.017554	 hit@5:0.0546	 hit@10: 0.0883
epoch 18: train_loss = 1.774885, source_mrr = 0.042910, source_hit@10 = 0.0887, source_ndcg@10 = 0.0450, target_mrr = 0.044501, target_hit@10 = 0.0883, target_ndcg@10 = 0.0466

2024-08-13 20:05:04.016970: step 6517/27440 (epoch 19/80), loss = 1.770950 (50.815 sec/epoch), lr: 0.003095
Evaluating on dev set...
..................................................................
source: 	 mrr: 0.045242	 ndcg_5: 0.0368	 ndcg_10: 0.0494	 hit@1:0.017110	 hit@5:0.0570	 hit@10: 0.0963
target: 	 mrr: 0.045799	 ndcg_5: 0.0374	 ndcg_10: 0.0495	 hit@1:0.016439	 hit@5:0.0588	 hit@10: 0.0964
epoch 19: train_loss = 1.770950, source_mrr = 0.045242, source_hit@10 = 0.0963, source_ndcg@10 = 0.0494, target_mrr = 0.045799, target_hit@10 = 0.0964, target_ndcg@10 = 0.0495

2024-08-13 20:05:55.561643: step 6860/27440 (epoch 20/80), loss = 1.764932 (50.790 sec/epoch), lr: 0.003095
Evaluating on dev set...
..................................................................
source: 	 mrr: 0.048183	 ndcg_5: 0.0381	 ndcg_10: 0.0530	 hit@1:0.013942	 hit@5:0.0612	 hit@10: 0.1077
target: 	 mrr: 0.041433	 ndcg_5: 0.0311	 ndcg_10: 0.0453	 hit@1:0.013096	 hit@5:0.0496	 hit@10: 0.0936
epoch 20: train_loss = 1.764932, source_mrr = 0.048183, source_hit@10 = 0.1077, source_ndcg@10 = 0.0530, target_mrr = 0.041433, target_hit@10 = 0.0936, target_ndcg@10 = 0.0453

2024-08-13 20:06:46.833636: step 7203/27440 (epoch 21/80), loss = 1.757830 (50.536 sec/epoch), lr: 0.002940
Evaluating on dev set...
..................................................................
source: 	 mrr: 0.053615	 ndcg_5: 0.0456	 ndcg_10: 0.0588	 hit@1:0.019328	 hit@5:0.0713	 hit@10: 0.1122
target: 	 mrr: 0.041474	 ndcg_5: 0.0333	 ndcg_10: 0.0446	 hit@1:0.013653	 hit@5:0.0532	 hit@10: 0.0883
source best!
..............................
source: 	 mrr: 0.052323	 ndcg_5: 0.0443	 ndcg_10: 0.0544	 hit@1:0.023015	 hit@5:0.0665	 hit@10: 0.0982
epoch 21: train_loss = 1.757830, source_mrr = 0.052323, source_hit@10 = 0.0982, source_ndcg@10 = 0.0544, target_mrr = 0.041474, target_hit@10 = 0.0883, target_ndcg@10 = 0.0446

2024-08-13 20:07:38.052507: step 7546/27440 (epoch 22/80), loss = 1.759280 (50.163 sec/epoch), lr: 0.002940
Evaluating on dev set...
..................................................................
source: 	 mrr: 0.046621	 ndcg_5: 0.0377	 ndcg_10: 0.0500	 hit@1:0.015209	 hit@5:0.0596	 hit@10: 0.0979
target: 	 mrr: 0.038403	 ndcg_5: 0.0298	 ndcg_10: 0.0407	 hit@1:0.011145	 hit@5:0.0488	 hit@10: 0.0828
epoch 22: train_loss = 1.759280, source_mrr = 0.046621, source_hit@10 = 0.0979, source_ndcg@10 = 0.0500, target_mrr = 0.038403, target_hit@10 = 0.0828, target_ndcg@10 = 0.0407

2024-08-13 20:08:29.188552: step 7889/27440 (epoch 23/80), loss = 1.749420 (50.392 sec/epoch), lr: 0.002793
Evaluating on dev set...
..................................................................
source: 	 mrr: 0.051201	 ndcg_5: 0.0432	 ndcg_10: 0.0545	 hit@1:0.019011	 hit@5:0.0675	 hit@10: 0.1030
target: 	 mrr: 0.049228	 ndcg_5: 0.0396	 ndcg_10: 0.0540	 hit@1:0.018390	 hit@5:0.0605	 hit@10: 0.1050
target best!
...................................target: 	 mrr: 0.048288	 ndcg_5: 0.0401	 ndcg_10: 0.0532	 hit@1:0.016356	 hit@5:0.0640	 hit@10: 0.1046
epoch 23: train_loss = 1.749420, source_mrr = 0.051201, source_hit@10 = 0.1030, source_ndcg@10 = 0.0545, target_mrr = 0.048288, target_hit@10 = 0.1046, target_ndcg@10 = 0.0532

2024-08-13 20:09:21.055801: step 8232/27440 (epoch 24/80), loss = 1.747441 (50.784 sec/epoch), lr: 0.002793
Evaluating on dev set...
..................................................................
source: 	 mrr: 0.044872	 ndcg_5: 0.0360	 ndcg_10: 0.0482	 hit@1:0.015209	 hit@5:0.0577	 hit@10: 0.0954
target: 	 mrr: 0.037300	 ndcg_5: 0.0289	 ndcg_10: 0.0395	 hit@1:0.012817	 hit@5:0.0454	 hit@10: 0.0783
epoch 24: train_loss = 1.747441, source_mrr = 0.044872, source_hit@10 = 0.0954, source_ndcg@10 = 0.0482, target_mrr = 0.037300, target_hit@10 = 0.0783, target_ndcg@10 = 0.0395

2024-08-13 20:10:12.596154: step 8575/27440 (epoch 25/80), loss = 1.740454 (50.804 sec/epoch), lr: 0.002654
Evaluating on dev set...
..................................................................
source: 	 mrr: 0.052464	 ndcg_5: 0.0434	 ndcg_10: 0.0559	 hit@1:0.021229	 hit@5:0.0656	 hit@10: 0.1052
target: 	 mrr: 0.040071	 ndcg_5: 0.0325	 ndcg_10: 0.0440	 hit@1:0.012538	 hit@5:0.0535	 hit@10: 0.0897
epoch 25: train_loss = 1.740454, source_mrr = 0.052464, source_hit@10 = 0.1052, source_ndcg@10 = 0.0559, target_mrr = 0.040071, target_hit@10 = 0.0897, target_ndcg@10 = 0.0440

2024-08-13 20:11:03.421867: step 8918/27440 (epoch 26/80), loss = 1.738491 (50.069 sec/epoch), lr: 0.002654
Evaluating on dev set...
..................................................................
source: 	 mrr: 0.054301	 ndcg_5: 0.0470	 ndcg_10: 0.0587	 hit@1:0.020279	 hit@5:0.0735	 hit@10: 0.1096
target: 	 mrr: 0.044988	 ndcg_5: 0.0366	 ndcg_10: 0.0477	 hit@1:0.016160	 hit@5:0.0563	 hit@10: 0.0908
source best!
..............................
source: 	 mrr: 0.054156	 ndcg_5: 0.0458	 ndcg_10: 0.0582	 hit@1:0.020746	 hit@5:0.0700	 hit@10: 0.1086
epoch 26: train_loss = 1.738491, source_mrr = 0.054156, source_hit@10 = 0.1086, source_ndcg@10 = 0.0582, target_mrr = 0.044988, target_hit@10 = 0.0908, target_ndcg@10 = 0.0477

2024-08-13 20:11:54.452823: step 9261/27440 (epoch 27/80), loss = 1.734218 (49.987 sec/epoch), lr: 0.002654
Evaluating on dev set...
..................................................................
source: 	 mrr: 0.050748	 ndcg_5: 0.0435	 ndcg_10: 0.0543	 hit@1:0.020596	 hit@5:0.0675	 hit@10: 0.1017
target: 	 mrr: 0.039017	 ndcg_5: 0.0321	 ndcg_10: 0.0419	 hit@1:0.013653	 hit@5:0.0515	 hit@10: 0.0822
epoch 27: train_loss = 1.734218, source_mrr = 0.050748, source_hit@10 = 0.1017, source_ndcg@10 = 0.0543, target_mrr = 0.039017, target_hit@10 = 0.0822, target_ndcg@10 = 0.0419

2024-08-13 20:12:45.777099: step 9604/27440 (epoch 28/80), loss = 1.728410 (50.575 sec/epoch), lr: 0.002521
Evaluating on dev set...
..................................................................
source: 	 mrr: 0.024241	 ndcg_5: 0.0164	 ndcg_10: 0.0235	 hit@1:0.005703	 hit@5:0.0269	 hit@10: 0.0491
target: 	 mrr: 0.043635	 ndcg_5: 0.0362	 ndcg_10: 0.0480	 hit@1:0.013374	 hit@5:0.0588	 hit@10: 0.0958
epoch 28: train_loss = 1.728410, source_mrr = 0.024241, source_hit@10 = 0.0491, source_ndcg@10 = 0.0235, target_mrr = 0.043635, target_hit@10 = 0.0958, target_ndcg@10 = 0.0480

