nohup: ignoring input
using gpu:4 to train the model
using gpu:4 to train the model
cuda:4
Namespace(A_split=False, JK='sum', a_fold=100, aggregate=False, alpha=0.5, batch_size=1024, beta_inter=0.2, conv_layers=4, cuda=True, decay_epoch=10, device=device(type='cuda', index=4), device_id='4', domains='game_video', dropout=0.4, epoch=80, feature_dim=126, gamma_intra=0.8, hidden_dim=126, inter_tau=0.2, intra_tau=1, lambda_critic=0.1, leakey=0.05, load=False, log='logs.txt', log_epoch=1, lr=0.004, lr_decay=0.95, min_epoch=50, mode='train', model_file=None, model_name='gv', momentum=0.98, num_latent_factors=3, num_negative=100, optim='adam', patience=20, proj_layers=1, projection=1, rectify_epoch=30, residual=1, save=False, save_dir='./saved_models', seed=32, similarity_tau=0.1, test_sample_number=999, user_batch_size=256, weight_decay=0.0002)
number_user 25025
number_item 12319
/home/disk2/lhr/invariantCDR/invariantCDR/utils/GraphMaker.py:46: RuntimeWarning: divide by zero encountered in power
  r_inv = np.power(rowsum, -1).flatten()
real graph loaded!
number_user 19457
number_item 8751
real graph loaded!
graph loaded!
Loading data from game_video with batch size 1024...
unseen test: 0
test length: 1381
unseen test: 0
test length: 1304
unseen test: 0
test length: 1435
unseen test: 0
test length: 1458
source_user_num 25025
target_user_num 19457
source_item_num 12319
target_item_num 8751
shared users id: 1737
test users 226, 217
unseen test: 0
dev length: 1000
unseen test: 0
dev length: 1000
source train data : 155036, target train data: 156091, source test data : 1304, target test data : 1458, source dev data : 1000, target dev data : 1000
2024-08-10 16:12:18.368156: step 304/24320 (epoch 1/80), loss = 2.157891 (78.969 sec/epoch), lr: 0.004000
Evaluating on dev set...
...........................
source: 	 mrr: 0.025271	 ndcg_5: 0.0159	 ndcg_10: 0.0230	 hit@1:0.007965	 hit@5:0.0232	 hit@10: 0.0449
target: 	 mrr: 0.029300	 ndcg_5: 0.0201	 ndcg_10: 0.0307	 hit@1:0.005575	 hit@5:0.0362	 hit@10: 0.0697
source best!
.............
source: 	 mrr: 0.028610	 ndcg_5: 0.0214	 ndcg_10: 0.0265	 hit@1:0.010736	 hit@5:0.0322	 hit@10: 0.0483
target best!
..............target: 	 mrr: 0.035295	 ndcg_5: 0.0270	 ndcg_10: 0.0356	 hit@1:0.012346	 hit@5:0.0425	 hit@10: 0.0693
epoch 1: train_loss = 2.157891, source_hit@10 = 0.0483, source_ndcg@10 = 0.0265, target_hit@10 = 0.0693, target_ndcg@10 = 0.0356

2024-08-10 16:13:36.999904: step 608/24320 (epoch 2/80), loss = 1.853317 (77.623 sec/epoch), lr: 0.004000
Evaluating on dev set...
...........................
source: 	 mrr: 0.034657	 ndcg_5: 0.0245	 ndcg_10: 0.0331	 hit@1:0.010138	 hit@5:0.0391	 hit@10: 0.0659
target: 	 mrr: 0.023181	 ndcg_5: 0.0145	 ndcg_10: 0.0196	 hit@1:0.006272	 hit@5:0.0216	 hit@10: 0.0376
source best!
.............
source: 	 mrr: 0.032305	 ndcg_5: 0.0200	 ndcg_10: 0.0319	 hit@1:0.007669	 hit@5:0.0330	 hit@10: 0.0706
epoch 2: train_loss = 1.853317, source_hit@10 = 0.0706, source_ndcg@10 = 0.0319, target_hit@10 = 0.0376, target_ndcg@10 = 0.0196
new best model saved.

2024-08-10 16:14:56.873714: step 912/24320 (epoch 3/80), loss = 1.792799 (78.889 sec/epoch), lr: 0.004000
Evaluating on dev set...
...........................
source: 	 mrr: 0.036844	 ndcg_5: 0.0253	 ndcg_10: 0.0340	 hit@1:0.012310	 hit@5:0.0377	 hit@10: 0.0644
target: 	 mrr: 0.035064	 ndcg_5: 0.0251	 ndcg_10: 0.0350	 hit@1:0.009059	 hit@5:0.0404	 hit@10: 0.0718
source best!
.............
source: 	 mrr: 0.037488	 ndcg_5: 0.0255	 ndcg_10: 0.0376	 hit@1:0.012270	 hit@5:0.0399	 hit@10: 0.0775
target best!
..............target: 	 mrr: 0.032185	 ndcg_5: 0.0233	 ndcg_10: 0.0317	 hit@1:0.006859	 hit@5:0.0418	 hit@10: 0.0686
epoch 3: train_loss = 1.792799, source_hit@10 = 0.0775, source_ndcg@10 = 0.0376, target_hit@10 = 0.0686, target_ndcg@10 = 0.0317
new best model saved.

2024-08-10 16:16:16.964944: step 1216/24320 (epoch 4/80), loss = 1.770794 (78.802 sec/epoch), lr: 0.004000
Evaluating on dev set...
...........................
source: 	 mrr: 0.036804	 ndcg_5: 0.0242	 ndcg_10: 0.0348	 hit@1:0.011586	 hit@5:0.0362	 hit@10: 0.0695
target: 	 mrr: 0.049832	 ndcg_5: 0.0401	 ndcg_10: 0.0501	 hit@1:0.023693	 hit@5:0.0578	 hit@10: 0.0885
target best!
..............target: 	 mrr: 0.048809	 ndcg_5: 0.0407	 ndcg_10: 0.0527	 hit@1:0.015775	 hit@5:0.0652	 hit@10: 0.1022
epoch 4: train_loss = 1.770794, source_hit@10 = 0.0695, source_ndcg@10 = 0.0348, target_hit@10 = 0.1022, target_ndcg@10 = 0.0527
new best model saved.

2024-08-10 16:17:35.799361: step 1520/24320 (epoch 5/80), loss = 1.755905 (77.809 sec/epoch), lr: 0.004000
Evaluating on dev set...
...........................
source: 	 mrr: 0.031369	 ndcg_5: 0.0203	 ndcg_10: 0.0282	 hit@1:0.007965	 hit@5:0.0333	 hit@10: 0.0579
target: 	 mrr: 0.045181	 ndcg_5: 0.0368	 ndcg_10: 0.0477	 hit@1:0.016725	 hit@5:0.0571	 hit@10: 0.0906
epoch 5: train_loss = 1.755905, source_hit@10 = 0.0579, source_ndcg@10 = 0.0282, target_hit@10 = 0.0906, target_ndcg@10 = 0.0477

2024-08-10 16:18:53.407484: step 1824/24320 (epoch 6/80), loss = 1.741213 (77.016 sec/epoch), lr: 0.004000
Evaluating on dev set...
...........................
source: 	 mrr: 0.039343	 ndcg_5: 0.0302	 ndcg_10: 0.0373	 hit@1:0.012310	 hit@5:0.0471	 hit@10: 0.0695
target: 	 mrr: 0.031007	 ndcg_5: 0.0244	 ndcg_10: 0.0340	 hit@1:0.007666	 hit@5:0.0439	 hit@10: 0.0739
source best!
.............
source: 	 mrr: 0.032670	 ndcg_5: 0.0223	 ndcg_10: 0.0300	 hit@1:0.009202	 hit@5:0.0368	 hit@10: 0.0606
epoch 6: train_loss = 1.741213, source_hit@10 = 0.0606, source_ndcg@10 = 0.0300, target_hit@10 = 0.0739, target_ndcg@10 = 0.0340
new best model saved.

2024-08-10 16:20:10.708398: step 2128/24320 (epoch 7/80), loss = 1.735684 (76.331 sec/epoch), lr: 0.004000
Evaluating on dev set...
...........................
source: 	 mrr: 0.033768	 ndcg_5: 0.0230	 ndcg_10: 0.0342	 hit@1:0.007241	 hit@5:0.0391	 hit@10: 0.0739
target: 	 mrr: 0.037793	 ndcg_5: 0.0274	 ndcg_10: 0.0385	 hit@1:0.013240	 hit@5:0.0404	 hit@10: 0.0753
epoch 7: train_loss = 1.735684, source_hit@10 = 0.0739, source_ndcg@10 = 0.0342, target_hit@10 = 0.0753, target_ndcg@10 = 0.0385

2024-08-10 16:21:27.777219: step 2432/24320 (epoch 8/80), loss = 1.729014 (76.520 sec/epoch), lr: 0.004000
Evaluating on dev set...
...........................
source: 	 mrr: 0.018899	 ndcg_5: 0.0118	 ndcg_10: 0.0175	 hit@1:0.005069	 hit@5:0.0188	 hit@10: 0.0362
target: 	 mrr: 0.031436	 ndcg_5: 0.0221	 ndcg_10: 0.0310	 hit@1:0.008362	 hit@5:0.0362	 hit@10: 0.0641
epoch 8: train_loss = 1.729014, source_hit@10 = 0.0362, source_ndcg@10 = 0.0175, target_hit@10 = 0.0641, target_ndcg@10 = 0.0310

2024-08-10 16:22:46.471557: step 2736/24320 (epoch 9/80), loss = 1.721844 (78.141 sec/epoch), lr: 0.004000
Evaluating on dev set...
...........................
source: 	 mrr: 0.026365	 ndcg_5: 0.0158	 ndcg_10: 0.0248	 hit@1:0.005793	 hit@5:0.0268	 hit@10: 0.0543
target: 	 mrr: 0.027620	 ndcg_5: 0.0190	 ndcg_10: 0.0279	 hit@1:0.006969	 hit@5:0.0321	 hit@10: 0.0599
epoch 9: train_loss = 1.721844, source_hit@10 = 0.0543, source_ndcg@10 = 0.0248, target_hit@10 = 0.0599, target_ndcg@10 = 0.0279

2024-08-10 16:24:03.813226: step 3040/24320 (epoch 10/80), loss = 1.713893 (76.690 sec/epoch), lr: 0.004000
Evaluating on dev set...
...........................
source: 	 mrr: 0.036440	 ndcg_5: 0.0260	 ndcg_10: 0.0342	 hit@1:0.009413	 hit@5:0.0420	 hit@10: 0.0673
target: 	 mrr: 0.028420	 ndcg_5: 0.0191	 ndcg_10: 0.0287	 hit@1:0.006969	 hit@5:0.0307	 hit@10: 0.0613
epoch 10: train_loss = 1.713893, source_hit@10 = 0.0673, source_ndcg@10 = 0.0342, target_hit@10 = 0.0613, target_ndcg@10 = 0.0287

2024-08-10 16:25:22.423706: step 3344/24320 (epoch 11/80), loss = 1.711389 (78.024 sec/epoch), lr: 0.004000
Evaluating on dev set...
...........................
source: 	 mrr: 0.030054	 ndcg_5: 0.0193	 ndcg_10: 0.0271	 hit@1:0.008689	 hit@5:0.0297	 hit@10: 0.0536
target: 	 mrr: 0.038366	 ndcg_5: 0.0304	 ndcg_10: 0.0423	 hit@1:0.009756	 hit@5:0.0509	 hit@10: 0.0878
epoch 11: train_loss = 1.711389, source_hit@10 = 0.0536, source_ndcg@10 = 0.0271, target_hit@10 = 0.0878, target_ndcg@10 = 0.0423

2024-08-10 16:26:40.690883: step 3648/24320 (epoch 12/80), loss = 1.706794 (77.687 sec/epoch), lr: 0.004000
Evaluating on dev set...
...........................
source: 	 mrr: 0.037531	 ndcg_5: 0.0282	 ndcg_10: 0.0376	 hit@1:0.010138	 hit@5:0.0449	 hit@10: 0.0746
target: 	 mrr: 0.045286	 ndcg_5: 0.0384	 ndcg_10: 0.0499	 hit@1:0.013937	 hit@5:0.0641	 hit@10: 0.0997
epoch 12: train_loss = 1.706794, source_hit@10 = 0.0746, source_ndcg@10 = 0.0376, target_hit@10 = 0.0997, target_ndcg@10 = 0.0499

2024-08-10 16:27:58.886500: step 3952/24320 (epoch 13/80), loss = 1.704668 (77.624 sec/epoch), lr: 0.004000
Evaluating on dev set...
...........................
source: 	 mrr: 0.027442	 ndcg_5: 0.0205	 ndcg_10: 0.0271	 hit@1:0.006517	 hit@5:0.0340	 hit@10: 0.0550
target: 	 mrr: 0.052366	 ndcg_5: 0.0419	 ndcg_10: 0.0585	 hit@1:0.022300	 hit@5:0.0620	 hit@10: 0.1136
target best!
..............target: 	 mrr: 0.055671	 ndcg_5: 0.0492	 ndcg_10: 0.0607	 hit@1:0.019890	 hit@5:0.0754	 hit@10: 0.1118
epoch 13: train_loss = 1.704668, source_hit@10 = 0.0550, source_ndcg@10 = 0.0271, target_hit@10 = 0.1118, target_ndcg@10 = 0.0607
new best model saved.

2024-08-10 16:29:19.290209: step 4256/24320 (epoch 14/80), loss = 1.700392 (79.394 sec/epoch), lr: 0.003800
Evaluating on dev set...
...........................
source: 	 mrr: 0.030833	 ndcg_5: 0.0231	 ndcg_10: 0.0296	 hit@1:0.009413	 hit@5:0.0369	 hit@10: 0.0572
target: 	 mrr: 0.052489	 ndcg_5: 0.0447	 ndcg_10: 0.0567	 hit@1:0.022300	 hit@5:0.0676	 hit@10: 0.1045
target best!
..............target: 	 mrr: 0.050120	 ndcg_5: 0.0433	 ndcg_10: 0.0555	 hit@1:0.019890	 hit@5:0.0686	 hit@10: 0.1070
epoch 14: train_loss = 1.700392, source_hit@10 = 0.0572, source_ndcg@10 = 0.0296, target_hit@10 = 0.1070, target_ndcg@10 = 0.0555
new best model saved.

2024-08-10 16:30:36.285230: step 4560/24320 (epoch 15/80), loss = 1.695868 (75.932 sec/epoch), lr: 0.003800
Evaluating on dev set...
...........................
source: 	 mrr: 0.033834	 ndcg_5: 0.0260	 ndcg_10: 0.0335	 hit@1:0.010138	 hit@5:0.0449	 hit@10: 0.0688
target: 	 mrr: 0.040241	 ndcg_5: 0.0310	 ndcg_10: 0.0436	 hit@1:0.011847	 hit@5:0.0516	 hit@10: 0.0906
epoch 15: train_loss = 1.695868, source_hit@10 = 0.0688, source_ndcg@10 = 0.0335, target_hit@10 = 0.0906, target_ndcg@10 = 0.0436

2024-08-10 16:31:54.472118: step 4864/24320 (epoch 16/80), loss = 1.690390 (77.634 sec/epoch), lr: 0.003610
Evaluating on dev set...
...........................
source: 	 mrr: 0.036407	 ndcg_5: 0.0279	 ndcg_10: 0.0355	 hit@1:0.010862	 hit@5:0.0434	 hit@10: 0.0666
target: 	 mrr: 0.046387	 ndcg_5: 0.0386	 ndcg_10: 0.0489	 hit@1:0.016725	 hit@5:0.0592	 hit@10: 0.0913
epoch 16: train_loss = 1.690390, source_hit@10 = 0.0666, source_ndcg@10 = 0.0355, target_hit@10 = 0.0913, target_ndcg@10 = 0.0489

2024-08-10 16:33:12.346272: step 5168/24320 (epoch 17/80), loss = 1.687746 (77.315 sec/epoch), lr: 0.003610
Evaluating on dev set...
...........................
source: 	 mrr: 0.010240	 ndcg_5: 0.0053	 ndcg_10: 0.0083	 hit@1:0.001448	 hit@5:0.0094	 hit@10: 0.0188
target: 	 mrr: 0.047973	 ndcg_5: 0.0398	 ndcg_10: 0.0527	 hit@1:0.015331	 hit@5:0.0648	 hit@10: 0.1052
epoch 17: train_loss = 1.687746, source_hit@10 = 0.0188, source_ndcg@10 = 0.0083, target_hit@10 = 0.1052, target_ndcg@10 = 0.0527

2024-08-10 16:34:29.565164: step 5472/24320 (epoch 18/80), loss = 1.682400 (76.660 sec/epoch), lr: 0.003429
Evaluating on dev set...
...........................
source: 	 mrr: 0.037768	 ndcg_5: 0.0278	 ndcg_10: 0.0367	 hit@1:0.012310	 hit@5:0.0434	 hit@10: 0.0710
target: 	 mrr: 0.054732	 ndcg_5: 0.0466	 ndcg_10: 0.0570	 hit@1:0.023693	 hit@5:0.0690	 hit@10: 0.1010
target best!
..............target: 	 mrr: 0.051916	 ndcg_5: 0.0420	 ndcg_10: 0.0565	 hit@1:0.019890	 hit@5:0.0652	 hit@10: 0.1104
epoch 18: train_loss = 1.682400, source_hit@10 = 0.0710, source_ndcg@10 = 0.0367, target_hit@10 = 0.1104, target_ndcg@10 = 0.0565
new best model saved.

2024-08-10 16:35:47.372637: step 5776/24320 (epoch 19/80), loss = 1.672902 (76.794 sec/epoch), lr: 0.003429
Evaluating on dev set...
...........................
source: 	 mrr: 0.021160	 ndcg_5: 0.0147	 ndcg_10: 0.0190	 hit@1:0.003621	 hit@5:0.0253	 hit@10: 0.0391
target: 	 mrr: 0.044111	 ndcg_5: 0.0388	 ndcg_10: 0.0485	 hit@1:0.015331	 hit@5:0.0627	 hit@10: 0.0927
epoch 19: train_loss = 1.672902, source_hit@10 = 0.0391, source_ndcg@10 = 0.0190, target_hit@10 = 0.0927, target_ndcg@10 = 0.0485

2024-08-10 16:37:06.522719: step 6080/24320 (epoch 20/80), loss = 1.665605 (78.559 sec/epoch), lr: 0.003258
Evaluating on dev set...
...........................
source: 	 mrr: 0.023793	 ndcg_5: 0.0165	 ndcg_10: 0.0218	 hit@1:0.007241	 hit@5:0.0253	 hit@10: 0.0427
target: 	 mrr: 0.044845	 ndcg_5: 0.0347	 ndcg_10: 0.0483	 hit@1:0.013240	 hit@5:0.0564	 hit@10: 0.0983
epoch 20: train_loss = 1.665605, source_hit@10 = 0.0427, source_ndcg@10 = 0.0218, target_hit@10 = 0.0983, target_ndcg@10 = 0.0483

2024-08-10 16:38:24.386856: step 6384/24320 (epoch 21/80), loss = 1.659434 (77.304 sec/epoch), lr: 0.003258
Evaluating on dev set...
...........................
source: 	 mrr: 0.031002	 ndcg_5: 0.0208	 ndcg_10: 0.0294	 hit@1:0.007241	 hit@5:0.0340	 hit@10: 0.0608
target: 	 mrr: 0.058894	 ndcg_5: 0.0489	 ndcg_10: 0.0631	 hit@1:0.025784	 hit@5:0.0697	 hit@10: 0.1143
target best!
..............target: 	 mrr: 0.056710	 ndcg_5: 0.0472	 ndcg_10: 0.0619	 hit@1:0.021948	 hit@5:0.0727	 hit@10: 0.1193
epoch 21: train_loss = 1.659434, source_hit@10 = 0.0608, source_ndcg@10 = 0.0294, target_hit@10 = 0.1193, target_ndcg@10 = 0.0619
new best model saved.

2024-08-10 16:39:40.889328: step 6688/24320 (epoch 22/80), loss = 1.656997 (75.502 sec/epoch), lr: 0.003258
Evaluating on dev set...
...........................
source: 	 mrr: 0.036990	 ndcg_5: 0.0234	 ndcg_10: 0.0353	 hit@1:0.011586	 hit@5:0.0340	 hit@10: 0.0710
target: 	 mrr: 0.051111	 ndcg_5: 0.0421	 ndcg_10: 0.0521	 hit@1:0.021603	 hit@5:0.0627	 hit@10: 0.0941
epoch 22: train_loss = 1.656997, source_hit@10 = 0.0710, source_ndcg@10 = 0.0353, target_hit@10 = 0.0941, target_ndcg@10 = 0.0521

2024-08-10 16:40:58.222652: step 6992/24320 (epoch 23/80), loss = 1.649230 (76.775 sec/epoch), lr: 0.003095
Evaluating on dev set...
...........................
source: 	 mrr: 0.015197	 ndcg_5: 0.0082	 ndcg_10: 0.0115	 hit@1:0.004345	 hit@5:0.0116	 hit@10: 0.0217
target: 	 mrr: 0.048608	 ndcg_5: 0.0398	 ndcg_10: 0.0541	 hit@1:0.016725	 hit@5:0.0627	 hit@10: 0.1073
epoch 23: train_loss = 1.649230, source_hit@10 = 0.0217, source_ndcg@10 = 0.0115, target_hit@10 = 0.1073, target_ndcg@10 = 0.0541

2024-08-10 16:42:16.067294: step 7296/24320 (epoch 24/80), loss = 1.642152 (77.291 sec/epoch), lr: 0.002940
Evaluating on dev set...
...........................
source: 	 mrr: 0.037180	 ndcg_5: 0.0257	 ndcg_10: 0.0378	 hit@1:0.010862	 hit@5:0.0406	 hit@10: 0.0782
target: 	 mrr: 0.048609	 ndcg_5: 0.0374	 ndcg_10: 0.0545	 hit@1:0.018118	 hit@5:0.0571	 hit@10: 0.1094
epoch 24: train_loss = 1.642152, source_hit@10 = 0.0782, source_ndcg@10 = 0.0378, target_hit@10 = 0.1094, target_ndcg@10 = 0.0545

2024-08-10 16:43:33.928695: step 7600/24320 (epoch 25/80), loss = 1.638293 (77.310 sec/epoch), lr: 0.002940
Evaluating on dev set...
...........................
source: 	 mrr: 0.030988	 ndcg_5: 0.0199	 ndcg_10: 0.0288	 hit@1:0.009413	 hit@5:0.0319	 hit@10: 0.0594
target: 	 mrr: 0.053079	 ndcg_5: 0.0456	 ndcg_10: 0.0600	 hit@1:0.016725	 hit@5:0.0746	 hit@10: 0.1192
epoch 25: train_loss = 1.638293, source_hit@10 = 0.0594, source_ndcg@10 = 0.0288, target_hit@10 = 0.1192, target_ndcg@10 = 0.0600

2024-08-10 16:44:52.320817: step 7904/24320 (epoch 26/80), loss = 1.630117 (77.807 sec/epoch), lr: 0.002793
Evaluating on dev set...
...........................
source: 	 mrr: 0.040837	 ndcg_5: 0.0285	 ndcg_10: 0.0401	 hit@1:0.015930	 hit@5:0.0406	 hit@10: 0.0768
target: 	 mrr: 0.055029	 ndcg_5: 0.0474	 ndcg_10: 0.0576	 hit@1:0.019512	 hit@5:0.0732	 hit@10: 0.1059
source best!
.............
source: 	 mrr: 0.034660	 ndcg_5: 0.0262	 ndcg_10: 0.0321	 hit@1:0.007669	 hit@5:0.0452	 hit@10: 0.0637
epoch 26: train_loss = 1.630117, source_hit@10 = 0.0637, source_ndcg@10 = 0.0321, target_hit@10 = 0.1059, target_ndcg@10 = 0.0576
new best model saved.

2024-08-10 16:46:10.569306: step 8208/24320 (epoch 27/80), loss = 1.631863 (77.305 sec/epoch), lr: 0.002793
Evaluating on dev set...
...........................
source: 	 mrr: 0.019810	 ndcg_5: 0.0128	 ndcg_10: 0.0193	 hit@1:0.005793	 hit@5:0.0203	 hit@10: 0.0406
target: 	 mrr: 0.056747	 ndcg_5: 0.0504	 ndcg_10: 0.0624	 hit@1:0.020906	 hit@5:0.0801	 hit@10: 0.1171
epoch 27: train_loss = 1.631863, source_hit@10 = 0.0406, source_ndcg@10 = 0.0193, target_hit@10 = 0.1171, target_ndcg@10 = 0.0624

2024-08-10 16:47:29.366863: step 8512/24320 (epoch 28/80), loss = 1.620775 (78.246 sec/epoch), lr: 0.002654
Evaluating on dev set...
...........................
source: 	 mrr: 0.034478	 ndcg_5: 0.0245	 ndcg_10: 0.0342	 hit@1:0.010138	 hit@5:0.0398	 hit@10: 0.0702
target: 	 mrr: 0.063642	 ndcg_5: 0.0577	 ndcg_10: 0.0675	 hit@1:0.027875	 hit@5:0.0864	 hit@10: 0.1171
target best!
..............target: 	 mrr: 0.061384	 ndcg_5: 0.0524	 ndcg_10: 0.0669	 hit@1:0.026063	 hit@5:0.0789	 hit@10: 0.1235
epoch 28: train_loss = 1.620775, source_hit@10 = 0.0702, source_ndcg@10 = 0.0342, target_hit@10 = 0.1235, target_ndcg@10 = 0.0669
new best model saved.

2024-08-10 16:48:48.944448: step 8816/24320 (epoch 29/80), loss = 1.621124 (78.625 sec/epoch), lr: 0.002654
Evaluating on dev set...
...........................
source: 	 mrr: 0.035469	 ndcg_5: 0.0252	 ndcg_10: 0.0330	 hit@1:0.011586	 hit@5:0.0384	 hit@10: 0.0630
target: 	 mrr: 0.054440	 ndcg_5: 0.0476	 ndcg_10: 0.0600	 hit@1:0.018815	 hit@5:0.0767	 hit@10: 0.1150
epoch 29: train_loss = 1.621124, source_hit@10 = 0.0630, source_ndcg@10 = 0.0330, target_hit@10 = 0.1150, target_ndcg@10 = 0.0600

2024-08-10 16:50:08.320741: step 9120/24320 (epoch 30/80), loss = 1.614032 (78.793 sec/epoch), lr: 0.002521
Evaluating on dev set...
...........................
source: 	 mrr: 0.027976	 ndcg_5: 0.0193	 ndcg_10: 0.0246	 hit@1:0.008689	 hit@5:0.0297	 hit@10: 0.0463
target: 	 mrr: 0.050857	 ndcg_5: 0.0416	 ndcg_10: 0.0520	 hit@1:0.020906	 hit@5:0.0620	 hit@10: 0.0948
epoch 30: train_loss = 1.614032, source_hit@10 = 0.0463, source_ndcg@10 = 0.0246, target_hit@10 = 0.0948, target_ndcg@10 = 0.0520
shift to transfer learning mode

2024-08-10 16:51:27.607412: step 9424/24320 (epoch 31/80), loss = 1.618306 (78.704 sec/epoch), lr: 0.002395
Evaluating on dev set...
...........................
source: 	 mrr: 0.038112	 ndcg_5: 0.0269	 ndcg_10: 0.0387	 hit@1:0.010138	 hit@5:0.0442	 hit@10: 0.0818
target: 	 mrr: 0.064433	 ndcg_5: 0.0540	 ndcg_10: 0.0709	 hit@1:0.029268	 hit@5:0.0780	 hit@10: 0.1303
target best!
..............target: 	 mrr: 0.058165	 ndcg_5: 0.0486	 ndcg_10: 0.0637	 hit@1:0.022634	 hit@5:0.0754	 hit@10: 0.1221
epoch 31: train_loss = 1.618306, source_hit@10 = 0.0818, source_ndcg@10 = 0.0387, target_hit@10 = 0.1221, target_ndcg@10 = 0.0637
new best model saved.

2024-08-10 16:52:47.380867: step 9728/24320 (epoch 32/80), loss = 1.617163 (78.807 sec/epoch), lr: 0.002395
Evaluating on dev set...
...........................
source: 	 mrr: 0.041981	 ndcg_5: 0.0311	 ndcg_10: 0.0428	 hit@1:0.013758	 hit@5:0.0478	 hit@10: 0.0840
target: 	 mrr: 0.052573	 ndcg_5: 0.0433	 ndcg_10: 0.0578	 hit@1:0.020209	 hit@5:0.0655	 hit@10: 0.1108
source best!
.............
source: 	 mrr: 0.035166	 ndcg_5: 0.0236	 ndcg_10: 0.0345	 hit@1:0.011503	 hit@5:0.0368	 hit@10: 0.0713
epoch 32: train_loss = 1.617163, source_hit@10 = 0.0713, source_ndcg@10 = 0.0345, target_hit@10 = 0.1108, target_ndcg@10 = 0.0578
new best model saved.

2024-08-10 16:54:07.015014: step 10032/24320 (epoch 33/80), loss = 1.612809 (78.642 sec/epoch), lr: 0.002275
Evaluating on dev set...
...........................
source: 	 mrr: 0.031345	 ndcg_5: 0.0181	 ndcg_10: 0.0315	 hit@1:0.005793	 hit@5:0.0311	 hit@10: 0.0731
target: 	 mrr: 0.056067	 ndcg_5: 0.0463	 ndcg_10: 0.0623	 hit@1:0.022997	 hit@5:0.0697	 hit@10: 0.1192
epoch 33: train_loss = 1.612809, source_hit@10 = 0.0731, source_ndcg@10 = 0.0315, target_hit@10 = 0.1192, target_ndcg@10 = 0.0623

2024-08-10 16:55:24.969041: step 10336/24320 (epoch 34/80), loss = 1.605948 (77.401 sec/epoch), lr: 0.002161
Evaluating on dev set...
...........................
source: 	 mrr: 0.041383	 ndcg_5: 0.0302	 ndcg_10: 0.0425	 hit@1:0.012310	 hit@5:0.0485	 hit@10: 0.0869
target: 	 mrr: 0.063012	 ndcg_5: 0.0543	 ndcg_10: 0.0699	 hit@1:0.028571	 hit@5:0.0815	 hit@10: 0.1296
epoch 34: train_loss = 1.605948, source_hit@10 = 0.0869, source_ndcg@10 = 0.0425, target_hit@10 = 0.1296, target_ndcg@10 = 0.0699

2024-08-10 16:56:43.758293: step 10640/24320 (epoch 35/80), loss = 1.603094 (78.219 sec/epoch), lr: 0.002161
Evaluating on dev set...
...........................
source: 	 mrr: 0.036816	 ndcg_5: 0.0240	 ndcg_10: 0.0357	 hit@1:0.010138	 hit@5:0.0384	 hit@10: 0.0760
target: 	 mrr: 0.063238	 ndcg_5: 0.0547	 ndcg_10: 0.0677	 hit@1:0.026481	 hit@5:0.0815	 hit@10: 0.1220
epoch 35: train_loss = 1.603094, source_hit@10 = 0.0760, source_ndcg@10 = 0.0357, target_hit@10 = 0.1220, target_ndcg@10 = 0.0677

2024-08-10 16:58:01.946091: step 10944/24320 (epoch 36/80), loss = 1.600457 (77.621 sec/epoch), lr: 0.002053
Evaluating on dev set...
...........................
source: 	 mrr: 0.034198	 ndcg_5: 0.0209	 ndcg_10: 0.0348	 hit@1:0.007241	 hit@5:0.0348	 hit@10: 0.0782
target: 	 mrr: 0.062587	 ndcg_5: 0.0558	 ndcg_10: 0.0685	 hit@1:0.023693	 hit@5:0.0871	 hit@10: 0.1268
epoch 36: train_loss = 1.600457, source_hit@10 = 0.0782, source_ndcg@10 = 0.0348, target_hit@10 = 0.1268, target_ndcg@10 = 0.0685

2024-08-10 16:59:19.508298: step 11248/24320 (epoch 37/80), loss = 1.596732 (76.998 sec/epoch), lr: 0.001951
Evaluating on dev set...
...........................
source: 	 mrr: 0.034930	 ndcg_5: 0.0249	 ndcg_10: 0.0339	 hit@1:0.006517	 hit@5:0.0420	 hit@10: 0.0702
target: 	 mrr: 0.056009	 ndcg_5: 0.0474	 ndcg_10: 0.0604	 hit@1:0.025087	 hit@5:0.0697	 hit@10: 0.1101
epoch 37: train_loss = 1.596732, source_hit@10 = 0.0702, source_ndcg@10 = 0.0339, target_hit@10 = 0.1101, target_ndcg@10 = 0.0604

2024-08-10 17:00:37.603254: step 11552/24320 (epoch 38/80), loss = 1.589340 (77.539 sec/epoch), lr: 0.001853
Evaluating on dev set...
...........................
source: 	 mrr: 0.033645	 ndcg_5: 0.0234	 ndcg_10: 0.0326	 hit@1:0.010138	 hit@5:0.0369	 hit@10: 0.0652
target: 	 mrr: 0.057704	 ndcg_5: 0.0499	 ndcg_10: 0.0636	 hit@1:0.022300	 hit@5:0.0774	 hit@10: 0.1199
epoch 38: train_loss = 1.589340, source_hit@10 = 0.0652, source_ndcg@10 = 0.0326, target_hit@10 = 0.1199, target_ndcg@10 = 0.0636

2024-08-10 17:01:56.723953: step 11856/24320 (epoch 39/80), loss = 1.588508 (78.521 sec/epoch), lr: 0.001853
Evaluating on dev set...
...........................
source: 	 mrr: 0.037980	 ndcg_5: 0.0238	 ndcg_10: 0.0380	 hit@1:0.008689	 hit@5:0.0391	 hit@10: 0.0833
target: 	 mrr: 0.060807	 ndcg_5: 0.0529	 ndcg_10: 0.0666	 hit@1:0.026481	 hit@5:0.0794	 hit@10: 0.1220
epoch 39: train_loss = 1.588508, source_hit@10 = 0.0833, source_ndcg@10 = 0.0380, target_hit@10 = 0.1220, target_ndcg@10 = 0.0666

2024-08-10 17:03:14.754622: step 12160/24320 (epoch 40/80), loss = 1.590683 (77.438 sec/epoch), lr: 0.001853
Evaluating on dev set...
...........................
source: 	 mrr: 0.036290	 ndcg_5: 0.0261	 ndcg_10: 0.0344	 hit@1:0.011586	 hit@5:0.0427	 hit@10: 0.0688
target: 	 mrr: 0.053475	 ndcg_5: 0.0438	 ndcg_10: 0.0588	 hit@1:0.022300	 hit@5:0.0669	 hit@10: 0.1143
epoch 40: train_loss = 1.590683, source_hit@10 = 0.0688, source_ndcg@10 = 0.0344, target_hit@10 = 0.1143, target_ndcg@10 = 0.0588

2024-08-10 17:04:34.119098: step 12464/24320 (epoch 41/80), loss = 1.585463 (78.799 sec/epoch), lr: 0.001761
Evaluating on dev set...
...........................
source: 	 mrr: 0.040675	 ndcg_5: 0.0313	 ndcg_10: 0.0407	 hit@1:0.013758	 hit@5:0.0485	 hit@10: 0.0782
target: 	 mrr: 0.051279	 ndcg_5: 0.0412	 ndcg_10: 0.0557	 hit@1:0.018815	 hit@5:0.0627	 hit@10: 0.1073
epoch 41: train_loss = 1.585463, source_hit@10 = 0.0782, source_ndcg@10 = 0.0407, target_hit@10 = 0.1073, target_ndcg@10 = 0.0557

2024-08-10 17:05:52.655725: step 12768/24320 (epoch 42/80), loss = 1.585593 (77.941 sec/epoch), lr: 0.001761
Evaluating on dev set...
...........................
source: 	 mrr: 0.033173	 ndcg_5: 0.0233	 ndcg_10: 0.0341	 hit@1:0.006517	 hit@5:0.0398	 hit@10: 0.0739
target: 	 mrr: 0.061741	 ndcg_5: 0.0549	 ndcg_10: 0.0662	 hit@1:0.026481	 hit@5:0.0843	 hit@10: 0.1192
epoch 42: train_loss = 1.585593, source_hit@10 = 0.0739, source_ndcg@10 = 0.0341, target_hit@10 = 0.1192, target_ndcg@10 = 0.0662

2024-08-10 17:07:10.497885: step 13072/24320 (epoch 43/80), loss = 1.582207 (77.259 sec/epoch), lr: 0.001761
Evaluating on dev set...
...........................
source: 	 mrr: 0.036397	 ndcg_5: 0.0245	 ndcg_10: 0.0378	 hit@1:0.009413	 hit@5:0.0398	 hit@10: 0.0811
target: 	 mrr: 0.061207	 ndcg_5: 0.0523	 ndcg_10: 0.0660	 hit@1:0.023693	 hit@5:0.0794	 hit@10: 0.1220
epoch 43: train_loss = 1.582207, source_hit@10 = 0.0811, source_ndcg@10 = 0.0378, target_hit@10 = 0.1220, target_ndcg@10 = 0.0660

2024-08-10 17:08:28.433905: step 13376/24320 (epoch 44/80), loss = 1.582057 (77.370 sec/epoch), lr: 0.001761
Evaluating on dev set...
...........................
source: 	 mrr: 0.033132	 ndcg_5: 0.0197	 ndcg_10: 0.0322	 hit@1:0.007241	 hit@5:0.0311	 hit@10: 0.0710
target: 	 mrr: 0.049487	 ndcg_5: 0.0388	 ndcg_10: 0.0534	 hit@1:0.016028	 hit@5:0.0606	 hit@10: 0.1066
epoch 44: train_loss = 1.582057, source_hit@10 = 0.0710, source_ndcg@10 = 0.0322, target_hit@10 = 0.1066, target_ndcg@10 = 0.0534

2024-08-10 17:09:46.221153: step 13680/24320 (epoch 45/80), loss = 1.578248 (77.200 sec/epoch), lr: 0.001672
Evaluating on dev set...
...........................
source: 	 mrr: 0.038512	 ndcg_5: 0.0260	 ndcg_10: 0.0374	 hit@1:0.013758	 hit@5:0.0384	 hit@10: 0.0746
target: 	 mrr: 0.056510	 ndcg_5: 0.0503	 ndcg_10: 0.0642	 hit@1:0.018815	 hit@5:0.0801	 hit@10: 0.1240
epoch 45: train_loss = 1.578248, source_hit@10 = 0.0746, source_ndcg@10 = 0.0374, target_hit@10 = 0.1240, target_ndcg@10 = 0.0642

2024-08-10 17:11:05.065364: step 13984/24320 (epoch 46/80), loss = 1.577497 (78.250 sec/epoch), lr: 0.001672
Evaluating on dev set...
...........................
source: 	 mrr: 0.034196	 ndcg_5: 0.0247	 ndcg_10: 0.0345	 hit@1:0.007965	 hit@5:0.0420	 hit@10: 0.0724
target: 	 mrr: 0.057967	 ndcg_5: 0.0513	 ndcg_10: 0.0651	 hit@1:0.020906	 hit@5:0.0815	 hit@10: 0.1240
epoch 46: train_loss = 1.577497, source_hit@10 = 0.0724, source_ndcg@10 = 0.0345, target_hit@10 = 0.1240, target_ndcg@10 = 0.0651

2024-08-10 17:12:22.869220: step 14288/24320 (epoch 47/80), loss = 1.574707 (77.242 sec/epoch), lr: 0.001589
Evaluating on dev set...
...........................
source: 	 mrr: 0.030711	 ndcg_5: 0.0211	 ndcg_10: 0.0313	 hit@1:0.007965	 hit@5:0.0362	 hit@10: 0.0681
target: 	 mrr: 0.064073	 ndcg_5: 0.0568	 ndcg_10: 0.0699	 hit@1:0.029268	 hit@5:0.0843	 hit@10: 0.1247
epoch 47: train_loss = 1.574707, source_hit@10 = 0.0681, source_ndcg@10 = 0.0313, target_hit@10 = 0.1247, target_ndcg@10 = 0.0699

2024-08-10 17:13:40.999559: step 14592/24320 (epoch 48/80), loss = 1.575048 (77.535 sec/epoch), lr: 0.001589
Evaluating on dev set...
...........................
source: 	 mrr: 0.036151	 ndcg_5: 0.0245	 ndcg_10: 0.0327	 hit@1:0.010138	 hit@5:0.0391	 hit@10: 0.0644
target: 	 mrr: 0.059733	 ndcg_5: 0.0520	 ndcg_10: 0.0652	 hit@1:0.025784	 hit@5:0.0794	 hit@10: 0.1206
epoch 48: train_loss = 1.575048, source_hit@10 = 0.0644, source_ndcg@10 = 0.0327, target_hit@10 = 0.1206, target_ndcg@10 = 0.0652

2024-08-10 17:14:59.451289: step 14896/24320 (epoch 49/80), loss = 1.571916 (77.896 sec/epoch), lr: 0.001589
Evaluating on dev set...
...........................
source: 	 mrr: 0.037955	 ndcg_5: 0.0268	 ndcg_10: 0.0357	 hit@1:0.010862	 hit@5:0.0420	 hit@10: 0.0695
target: 	 mrr: 0.051422	 ndcg_5: 0.0418	 ndcg_10: 0.0570	 hit@1:0.018815	 hit@5:0.0641	 hit@10: 0.1122
epoch 49: train_loss = 1.571916, source_hit@10 = 0.0695, source_ndcg@10 = 0.0357, target_hit@10 = 0.1122, target_ndcg@10 = 0.0570

2024-08-10 17:16:17.486351: step 15200/24320 (epoch 50/80), loss = 1.568752 (77.463 sec/epoch), lr: 0.001509
Evaluating on dev set...
...........................
source: 	 mrr: 0.033603	 ndcg_5: 0.0241	 ndcg_10: 0.0329	 hit@1:0.009413	 hit@5:0.0406	 hit@10: 0.0681
target: 	 mrr: 0.054208	 ndcg_5: 0.0428	 ndcg_10: 0.0597	 hit@1:0.021603	 hit@5:0.0627	 hit@10: 0.1157
epoch 50: train_loss = 1.568752, source_hit@10 = 0.0681, source_ndcg@10 = 0.0329, target_hit@10 = 0.1157, target_ndcg@10 = 0.0597

2024-08-10 17:17:35.833924: step 15504/24320 (epoch 51/80), loss = 1.563726 (77.773 sec/epoch), lr: 0.001434
Evaluating on dev set...
...........................
source: 	 mrr: 0.039682	 ndcg_5: 0.0257	 ndcg_10: 0.0377	 hit@1:0.015206	 hit@5:0.0355	 hit@10: 0.0731
target: 	 mrr: 0.058319	 ndcg_5: 0.0469	 ndcg_10: 0.0634	 hit@1:0.024390	 hit@5:0.0690	 hit@10: 0.1192
epoch 51: train_loss = 1.563726, source_hit@10 = 0.0731, source_ndcg@10 = 0.0377, target_hit@10 = 0.1192, target_ndcg@10 = 0.0634

2024-08-10 17:18:54.348561: step 15808/24320 (epoch 52/80), loss = 1.564599 (77.919 sec/epoch), lr: 0.001434
Evaluating on dev set...
...........................
source: 	 mrr: 0.040990	 ndcg_5: 0.0308	 ndcg_10: 0.0423	 hit@1:0.011586	 hit@5:0.0500	 hit@10: 0.0862
target: 	 mrr: 0.065865	 ndcg_5: 0.0595	 ndcg_10: 0.0718	 hit@1:0.030662	 hit@5:0.0878	 hit@10: 0.1261
target best!
..............target: 	 mrr: 0.059777	 ndcg_5: 0.0515	 ndcg_10: 0.0656	 hit@1:0.021262	 hit@5:0.0789	 hit@10: 0.1228
epoch 52: train_loss = 1.564599, source_hit@10 = 0.0862, source_ndcg@10 = 0.0423, target_hit@10 = 0.1228, target_ndcg@10 = 0.0656
new best model saved.

2024-08-10 17:20:13.905765: step 16112/24320 (epoch 53/80), loss = 1.564368 (78.585 sec/epoch), lr: 0.001434
Evaluating on dev set...
...........................
source: 	 mrr: 0.036019	 ndcg_5: 0.0250	 ndcg_10: 0.0373	 hit@1:0.007241	 hit@5:0.0449	 hit@10: 0.0833
target: 	 mrr: 0.059001	 ndcg_5: 0.0517	 ndcg_10: 0.0620	 hit@1:0.024390	 hit@5:0.0780	 hit@10: 0.1101
epoch 53: train_loss = 1.564368, source_hit@10 = 0.0833, source_ndcg@10 = 0.0373, target_hit@10 = 0.1101, target_ndcg@10 = 0.0620

2024-08-10 17:21:31.498977: step 16416/24320 (epoch 54/80), loss = 1.555692 (77.002 sec/epoch), lr: 0.001362
Evaluating on dev set...
...........................
source: 	 mrr: 0.036295	 ndcg_5: 0.0237	 ndcg_10: 0.0346	 hit@1:0.009413	 hit@5:0.0384	 hit@10: 0.0717
target: 	 mrr: 0.068813	 ndcg_5: 0.0594	 ndcg_10: 0.0734	 hit@1:0.032056	 hit@5:0.0843	 hit@10: 0.1275
target best!
..............target: 	 mrr: 0.059200	 ndcg_5: 0.0501	 ndcg_10: 0.0685	 hit@1:0.019890	 hit@5:0.0823	 hit@10: 0.1385
epoch 54: train_loss = 1.555692, source_hit@10 = 0.0717, source_ndcg@10 = 0.0346, target_hit@10 = 0.1385, target_ndcg@10 = 0.0685
new best model saved.

2024-08-10 17:22:50.091500: step 16720/24320 (epoch 55/80), loss = 1.556021 (77.621 sec/epoch), lr: 0.001362
Evaluating on dev set...
...........................
source: 	 mrr: 0.040285	 ndcg_5: 0.0280	 ndcg_10: 0.0373	 hit@1:0.012310	 hit@5:0.0449	 hit@10: 0.0739
target: 	 mrr: 0.062811	 ndcg_5: 0.0525	 ndcg_10: 0.0671	 hit@1:0.029268	 hit@5:0.0753	 hit@10: 0.1206
epoch 55: train_loss = 1.556021, source_hit@10 = 0.0739, source_ndcg@10 = 0.0373, target_hit@10 = 0.1206, target_ndcg@10 = 0.0671

2024-08-10 17:24:06.736448: step 17024/24320 (epoch 56/80), loss = 1.553702 (76.088 sec/epoch), lr: 0.001294
Evaluating on dev set...
...........................
source: 	 mrr: 0.036530	 ndcg_5: 0.0270	 ndcg_10: 0.0357	 hit@1:0.010862	 hit@5:0.0449	 hit@10: 0.0724
target: 	 mrr: 0.058480	 ndcg_5: 0.0515	 ndcg_10: 0.0629	 hit@1:0.020906	 hit@5:0.0801	 hit@10: 0.1157
epoch 56: train_loss = 1.553702, source_hit@10 = 0.0724, source_ndcg@10 = 0.0357, target_hit@10 = 0.1157, target_ndcg@10 = 0.0629

2024-08-10 17:25:24.899394: step 17328/24320 (epoch 57/80), loss = 1.546017 (77.614 sec/epoch), lr: 0.001229
Evaluating on dev set...
...........................
source: 	 mrr: 0.043666	 ndcg_5: 0.0319	 ndcg_10: 0.0423	 hit@1:0.015930	 hit@5:0.0500	 hit@10: 0.0825
target: 	 mrr: 0.061774	 ndcg_5: 0.0547	 ndcg_10: 0.0684	 hit@1:0.026481	 hit@5:0.0822	 hit@10: 0.1247
source best!
.............
source: 	 mrr: 0.046603	 ndcg_5: 0.0361	 ndcg_10: 0.0458	 hit@1:0.016871	 hit@5:0.0567	 hit@10: 0.0874
epoch 57: train_loss = 1.546017, source_hit@10 = 0.0874, source_ndcg@10 = 0.0458, target_hit@10 = 0.1247, target_ndcg@10 = 0.0684
new best model saved.

2024-08-10 17:26:42.256354: step 17632/24320 (epoch 58/80), loss = 1.548527 (76.350 sec/epoch), lr: 0.001229
Evaluating on dev set...
...........................
source: 	 mrr: 0.041072	 ndcg_5: 0.0287	 ndcg_10: 0.0410	 hit@1:0.013034	 hit@5:0.0456	 hit@10: 0.0833
target: 	 mrr: 0.057162	 ndcg_5: 0.0496	 ndcg_10: 0.0626	 hit@1:0.022300	 hit@5:0.0760	 hit@10: 0.1157
epoch 58: train_loss = 1.548527, source_hit@10 = 0.0833, source_ndcg@10 = 0.0410, target_hit@10 = 0.1157, target_ndcg@10 = 0.0626

2024-08-10 17:28:00.386633: step 17936/24320 (epoch 59/80), loss = 1.545089 (77.580 sec/epoch), lr: 0.001168
Evaluating on dev set...
...........................
source: 	 mrr: 0.029162	 ndcg_5: 0.0201	 ndcg_10: 0.0303	 hit@1:0.003621	 hit@5:0.0377	 hit@10: 0.0702
target: 	 mrr: 0.054487	 ndcg_5: 0.0482	 ndcg_10: 0.0580	 hit@1:0.020906	 hit@5:0.0753	 hit@10: 0.1066
epoch 59: train_loss = 1.545089, source_hit@10 = 0.0702, source_ndcg@10 = 0.0303, target_hit@10 = 0.1066, target_ndcg@10 = 0.0580

2024-08-10 17:29:19.409367: step 18240/24320 (epoch 60/80), loss = 1.540086 (78.462 sec/epoch), lr: 0.001110
Evaluating on dev set...
...........................
source: 	 mrr: 0.040637	 ndcg_5: 0.0284	 ndcg_10: 0.0401	 hit@1:0.013758	 hit@5:0.0442	 hit@10: 0.0811
target: 	 mrr: 0.051965	 ndcg_5: 0.0422	 ndcg_10: 0.0558	 hit@1:0.018815	 hit@5:0.0641	 hit@10: 0.1059
epoch 60: train_loss = 1.540086, source_hit@10 = 0.0811, source_ndcg@10 = 0.0401, target_hit@10 = 0.1059, target_ndcg@10 = 0.0558

2024-08-10 17:30:39.178043: step 18544/24320 (epoch 61/80), loss = 1.537642 (79.186 sec/epoch), lr: 0.001110
Evaluating on dev set...
...........................
source: 	 mrr: 0.040247	 ndcg_5: 0.0288	 ndcg_10: 0.0395	 hit@1:0.013034	 hit@5:0.0463	 hit@10: 0.0797
target: 	 mrr: 0.057870	 ndcg_5: 0.0477	 ndcg_10: 0.0625	 hit@1:0.024390	 hit@5:0.0697	 hit@10: 0.1157
epoch 61: train_loss = 1.537642, source_hit@10 = 0.0797, source_ndcg@10 = 0.0395, target_hit@10 = 0.1157, target_ndcg@10 = 0.0625

2024-08-10 17:31:57.392451: step 18848/24320 (epoch 62/80), loss = 1.534061 (77.627 sec/epoch), lr: 0.001110
Evaluating on dev set...
...........................
source: 	 mrr: 0.038863	 ndcg_5: 0.0272	 ndcg_10: 0.0404	 hit@1:0.008689	 hit@5:0.0471	 hit@10: 0.0883
target: 	 mrr: 0.057124	 ndcg_5: 0.0493	 ndcg_10: 0.0600	 hit@1:0.023693	 hit@5:0.0739	 hit@10: 0.1073
epoch 62: train_loss = 1.534061, source_hit@10 = 0.0883, source_ndcg@10 = 0.0404, target_hit@10 = 0.1073, target_ndcg@10 = 0.0600

2024-08-10 17:33:18.613229: step 19152/24320 (epoch 63/80), loss = 1.531148 (80.665 sec/epoch), lr: 0.001054
Evaluating on dev set...
...........................
source: 	 mrr: 0.043297	 ndcg_5: 0.0312	 ndcg_10: 0.0449	 hit@1:0.013034	 hit@5:0.0500	 hit@10: 0.0927
target: 	 mrr: 0.060382	 ndcg_5: 0.0518	 ndcg_10: 0.0658	 hit@1:0.026481	 hit@5:0.0774	 hit@10: 0.1206
epoch 63: train_loss = 1.531148, source_hit@10 = 0.0927, source_ndcg@10 = 0.0449, target_hit@10 = 0.1206, target_ndcg@10 = 0.0658

2024-08-10 17:34:36.532717: step 19456/24320 (epoch 64/80), loss = 1.531583 (77.361 sec/epoch), lr: 0.001054
Evaluating on dev set...
...........................
source: 	 mrr: 0.032864	 ndcg_5: 0.0230	 ndcg_10: 0.0316	 hit@1:0.009413	 hit@5:0.0377	 hit@10: 0.0644
target: 	 mrr: 0.060626	 ndcg_5: 0.0508	 ndcg_10: 0.0639	 hit@1:0.027875	 hit@5:0.0718	 hit@10: 0.1115
epoch 64: train_loss = 1.531583, source_hit@10 = 0.0644, source_ndcg@10 = 0.0316, target_hit@10 = 0.1115, target_ndcg@10 = 0.0639

2024-08-10 17:35:54.342610: step 19760/24320 (epoch 65/80), loss = 1.526032 (77.227 sec/epoch), lr: 0.001001
Evaluating on dev set...
...........................
source: 	 mrr: 0.040402	 ndcg_5: 0.0305	 ndcg_10: 0.0387	 hit@1:0.013034	 hit@5:0.0478	 hit@10: 0.0731
target: 	 mrr: 0.053126	 ndcg_5: 0.0467	 ndcg_10: 0.0597	 hit@1:0.017422	 hit@5:0.0746	 hit@10: 0.1150
epoch 65: train_loss = 1.526032, source_hit@10 = 0.0731, source_ndcg@10 = 0.0387, target_hit@10 = 0.1150, target_ndcg@10 = 0.0597

2024-08-10 17:37:12.003589: step 20064/24320 (epoch 66/80), loss = 1.522047 (77.087 sec/epoch), lr: 0.001001
Evaluating on dev set...
...........................
source: 	 mrr: 0.038313	 ndcg_5: 0.0259	 ndcg_10: 0.0381	 hit@1:0.010138	 hit@5:0.0434	 hit@10: 0.0818
target: 	 mrr: 0.060825	 ndcg_5: 0.0538	 ndcg_10: 0.0695	 hit@1:0.021603	 hit@5:0.0850	 hit@10: 0.1345
epoch 66: train_loss = 1.522047, source_hit@10 = 0.0818, source_ndcg@10 = 0.0381, target_hit@10 = 0.1345, target_ndcg@10 = 0.0695

2024-08-10 17:38:28.865609: step 20368/24320 (epoch 67/80), loss = 1.522560 (76.268 sec/epoch), lr: 0.001001
Evaluating on dev set...
...........................
source: 	 mrr: 0.041662	 ndcg_5: 0.0307	 ndcg_10: 0.0424	 hit@1:0.011586	 hit@5:0.0507	 hit@10: 0.0869
target: 	 mrr: 0.058007	 ndcg_5: 0.0492	 ndcg_10: 0.0651	 hit@1:0.022300	 hit@5:0.0746	 hit@10: 0.1233
epoch 67: train_loss = 1.522560, source_hit@10 = 0.0869, source_ndcg@10 = 0.0424, target_hit@10 = 0.1233, target_ndcg@10 = 0.0651

2024-08-10 17:39:44.952698: step 20672/24320 (epoch 68/80), loss = 1.519425 (75.541 sec/epoch), lr: 0.001001
Evaluating on dev set...
...........................
source: 	 mrr: 0.043093	 ndcg_5: 0.0307	 ndcg_10: 0.0426	 hit@1:0.015206	 hit@5:0.0463	 hit@10: 0.0833
target: 	 mrr: 0.059982	 ndcg_5: 0.0527	 ndcg_10: 0.0629	 hit@1:0.027178	 hit@5:0.0780	 hit@10: 0.1094
epoch 68: train_loss = 1.519425, source_hit@10 = 0.0833, source_ndcg@10 = 0.0426, target_hit@10 = 0.1094, target_ndcg@10 = 0.0629

2024-08-10 17:40:59.947408: step 20976/24320 (epoch 69/80), loss = 1.520071 (74.452 sec/epoch), lr: 0.001001
Evaluating on dev set...
...........................
source: 	 mrr: 0.043750	 ndcg_5: 0.0316	 ndcg_10: 0.0435	 hit@1:0.016655	 hit@5:0.0471	 hit@10: 0.0847
target: 	 mrr: 0.060241	 ndcg_5: 0.0509	 ndcg_10: 0.0658	 hit@1:0.022997	 hit@5:0.0787	 hit@10: 0.1247
source best!
.............
source: 	 mrr: 0.042802	 ndcg_5: 0.0325	 ndcg_10: 0.0438	 hit@1:0.013037	 hit@5:0.0514	 hit@10: 0.0867
epoch 69: train_loss = 1.520071, source_hit@10 = 0.0867, source_ndcg@10 = 0.0438, target_hit@10 = 0.1247, target_ndcg@10 = 0.0658
new best model saved.

2024-08-10 17:42:16.305673: step 21280/24320 (epoch 70/80), loss = 1.518535 (75.364 sec/epoch), lr: 0.001001
Evaluating on dev set...
...........................
source: 	 mrr: 0.044385	 ndcg_5: 0.0328	 ndcg_10: 0.0448	 hit@1:0.015206	 hit@5:0.0500	 hit@10: 0.0876
target: 	 mrr: 0.059224	 ndcg_5: 0.0511	 ndcg_10: 0.0641	 hit@1:0.022997	 hit@5:0.0780	 hit@10: 0.1178
source best!
.............
source: 	 mrr: 0.043123	 ndcg_5: 0.0334	 ndcg_10: 0.0446	 hit@1:0.011503	 hit@5:0.0544	 hit@10: 0.0890
epoch 70: train_loss = 1.518535, source_hit@10 = 0.0890, source_ndcg@10 = 0.0446, target_hit@10 = 0.1178, target_ndcg@10 = 0.0641
new best model saved.

2024-08-10 17:43:32.097657: step 21584/24320 (epoch 71/80), loss = 1.514040 (74.878 sec/epoch), lr: 0.000951
Evaluating on dev set...
...........................
source: 	 mrr: 0.043428	 ndcg_5: 0.0306	 ndcg_10: 0.0435	 hit@1:0.015206	 hit@5:0.0456	 hit@10: 0.0862
target: 	 mrr: 0.057139	 ndcg_5: 0.0514	 ndcg_10: 0.0621	 hit@1:0.022997	 hit@5:0.0808	 hit@10: 0.1136
epoch 71: train_loss = 1.514040, source_hit@10 = 0.0862, source_ndcg@10 = 0.0435, target_hit@10 = 0.1136, target_ndcg@10 = 0.0621

2024-08-10 17:44:48.498982: step 21888/24320 (epoch 72/80), loss = 1.509380 (75.854 sec/epoch), lr: 0.000904
Evaluating on dev set...
...........................
source: 	 mrr: 0.040432	 ndcg_5: 0.0297	 ndcg_10: 0.0427	 hit@1:0.007965	 hit@5:0.0492	 hit@10: 0.0891
target: 	 mrr: 0.062525	 ndcg_5: 0.0545	 ndcg_10: 0.0671	 hit@1:0.027178	 hit@5:0.0815	 hit@10: 0.1206
epoch 72: train_loss = 1.509380, source_hit@10 = 0.0891, source_ndcg@10 = 0.0427, target_hit@10 = 0.1206, target_ndcg@10 = 0.0671

2024-08-10 17:46:05.516403: step 22192/24320 (epoch 73/80), loss = 1.506558 (76.447 sec/epoch), lr: 0.000904
Evaluating on dev set...
...........................
source: 	 mrr: 0.049810	 ndcg_5: 0.0379	 ndcg_10: 0.0499	 hit@1:0.022448	 hit@5:0.0536	 hit@10: 0.0912
target: 	 mrr: 0.060224	 ndcg_5: 0.0518	 ndcg_10: 0.0644	 hit@1:0.027875	 hit@5:0.0760	 hit@10: 0.1150
source best!
.............
source: 	 mrr: 0.049895	 ndcg_5: 0.0395	 ndcg_10: 0.0517	 hit@1:0.019172	 hit@5:0.0590	 hit@10: 0.0974
epoch 73: train_loss = 1.506558, source_hit@10 = 0.0974, source_ndcg@10 = 0.0517, target_hit@10 = 0.1150, target_ndcg@10 = 0.0644
new best model saved.

2024-08-10 17:47:22.500153: step 22496/24320 (epoch 74/80), loss = 1.507836 (76.016 sec/epoch), lr: 0.000904
Evaluating on dev set...
...........................
source: 	 mrr: 0.043410	 ndcg_5: 0.0319	 ndcg_10: 0.0460	 hit@1:0.012310	 hit@5:0.0507	 hit@10: 0.0949
target: 	 mrr: 0.058001	 ndcg_5: 0.0511	 ndcg_10: 0.0636	 hit@1:0.022300	 hit@5:0.0794	 hit@10: 0.1185
epoch 74: train_loss = 1.507836, source_hit@10 = 0.0949, source_ndcg@10 = 0.0460, target_hit@10 = 0.1185, target_ndcg@10 = 0.0636

2024-08-10 17:48:37.595777: step 22800/24320 (epoch 75/80), loss = 1.498466 (74.558 sec/epoch), lr: 0.000859
Evaluating on dev set...
...........................
source: 	 mrr: 0.040409	 ndcg_5: 0.0311	 ndcg_10: 0.0404	 hit@1:0.012310	 hit@5:0.0507	 hit@10: 0.0797
target: 	 mrr: 0.057279	 ndcg_5: 0.0494	 ndcg_10: 0.0626	 hit@1:0.021603	 hit@5:0.0767	 hit@10: 0.1178
epoch 75: train_loss = 1.498466, source_hit@10 = 0.0797, source_ndcg@10 = 0.0404, target_hit@10 = 0.1178, target_ndcg@10 = 0.0626

2024-08-10 17:49:53.903178: step 23104/24320 (epoch 76/80), loss = 1.498547 (75.768 sec/epoch), lr: 0.000816
Evaluating on dev set...
...........................
source: 	 mrr: 0.044985	 ndcg_5: 0.0334	 ndcg_10: 0.0420	 hit@1:0.017379	 hit@5:0.0492	 hit@10: 0.0760
target: 	 mrr: 0.055144	 ndcg_5: 0.0463	 ndcg_10: 0.0612	 hit@1:0.019512	 hit@5:0.0732	 hit@10: 0.1185
epoch 76: train_loss = 1.498547, source_hit@10 = 0.0760, source_ndcg@10 = 0.0420, target_hit@10 = 0.1185, target_ndcg@10 = 0.0612

2024-08-10 17:51:10.391373: step 23408/24320 (epoch 77/80), loss = 1.495565 (75.943 sec/epoch), lr: 0.000816
Evaluating on dev set...
...........................
source: 	 mrr: 0.041807	 ndcg_5: 0.0301	 ndcg_10: 0.0397	 hit@1:0.015930	 hit@5:0.0463	 hit@10: 0.0768
target: 	 mrr: 0.057600	 ndcg_5: 0.0488	 ndcg_10: 0.0632	 hit@1:0.025784	 hit@5:0.0732	 hit@10: 0.1178
epoch 77: train_loss = 1.495565, source_hit@10 = 0.0768, source_ndcg@10 = 0.0397, target_hit@10 = 0.1178, target_ndcg@10 = 0.0632

2024-08-10 17:52:28.122472: step 23712/24320 (epoch 78/80), loss = 1.492068 (77.168 sec/epoch), lr: 0.000775
Evaluating on dev set...
...........................
source: 	 mrr: 0.040737	 ndcg_5: 0.0293	 ndcg_10: 0.0406	 hit@1:0.011586	 hit@5:0.0463	 hit@10: 0.0818
target: 	 mrr: 0.064897	 ndcg_5: 0.0587	 ndcg_10: 0.0706	 hit@1:0.028571	 hit@5:0.0878	 hit@10: 0.1254
epoch 78: train_loss = 1.492068, source_hit@10 = 0.0818, source_ndcg@10 = 0.0406, target_hit@10 = 0.1254, target_ndcg@10 = 0.0706

2024-08-10 17:53:44.193775: step 24016/24320 (epoch 79/80), loss = 1.492019 (75.509 sec/epoch), lr: 0.000775
Evaluating on dev set...
...........................
source: 	 mrr: 0.045935	 ndcg_5: 0.0352	 ndcg_10: 0.0442	 hit@1:0.018827	 hit@5:0.0521	 hit@10: 0.0811
target: 	 mrr: 0.058316	 ndcg_5: 0.0490	 ndcg_10: 0.0638	 hit@1:0.024390	 hit@5:0.0739	 hit@10: 0.1199
epoch 79: train_loss = 1.492019, source_hit@10 = 0.0811, source_ndcg@10 = 0.0442, target_hit@10 = 0.1199, target_ndcg@10 = 0.0638

2024-08-10 17:54:58.179699: step 24320/24320 (epoch 80/80), loss = 1.486882 (73.444 sec/epoch), lr: 0.000736
Evaluating on dev set...
...........................
source: 	 mrr: 0.032933	 ndcg_5: 0.0228	 ndcg_10: 0.0323	 hit@1:0.006517	 hit@5:0.0384	 hit@10: 0.0681
target: 	 mrr: 0.058719	 ndcg_5: 0.0510	 ndcg_10: 0.0653	 hit@1:0.022997	 hit@5:0.0787	 hit@10: 0.1233
epoch 80: train_loss = 1.486882, source_hit@10 = 0.0681, source_ndcg@10 = 0.0323, target_hit@10 = 0.1233, target_ndcg@10 = 0.0653

