nohup: ignoring input
/home1/lhr/anaconda3/envs/torch/lib/python3.8/site-packages/torch_geometric/typing.py:54: UserWarning: An issue occurred while importing 'pyg-lib'. Disabling its usage. Stacktrace: /lib/x86_64-linux-gnu/libm.so.6: version `GLIBC_2.29' not found (required by /home1/lhr/anaconda3/envs/torch/lib/python3.8/site-packages/libpyg.so)
  warnings.warn(f"An issue occurred while importing 'pyg-lib'. "
/home1/lhr/anaconda3/envs/torch/lib/python3.8/site-packages/torch_geometric/typing.py:110: UserWarning: An issue occurred while importing 'torch-sparse'. Disabling its usage. Stacktrace: /lib/x86_64-linux-gnu/libm.so.6: version `GLIBC_2.29' not found (required by /home1/lhr/anaconda3/envs/torch/lib/python3.8/site-packages/libpyg.so)
  warnings.warn(f"An issue occurred while importing 'torch-sparse'. "
using gpu:3 to train the model
using gpu:3 to train the model
cuda:3
Namespace(A_split=False, JK='sum', a_fold=100, aggregate=False, alpha=0.5, batch_size=1024, beta_inter=0.2, conv_layers=4, cuda=True, decay_epoch=10, device=device(type='cuda', index=3), device_id='3', domains='game_video', dropout=0.4, epoch=80, feature_dim=126, gamma_intra=0.8, hidden_dim=126, inter_tau=0.2, intra_tau=0.4, lambda_critic=0.1, leakey=0.05, load=False, log='logs.txt', log_epoch=1, lr=0.004, lr_decay=0.95, min_epoch=50, mode='train', model_file=None, model_name='gv', momentum=0.98, num_latent_factors=3, num_negative=100, optim='adam', patience=20, proj_layers=1, projection=1, rectify_epoch=30, residual=1, save=False, save_dir='./saved_models', seed=32, similarity_tau=0.2, test_sample_number=999, user_batch_size=256, weight_decay=0.0002)
number_user 25025
number_item 12319
/home1/lhr/invariantCDR/invariantCDR/utils/GraphMaker.py:46: RuntimeWarning: divide by zero encountered in power
  r_inv = np.power(rowsum, -1).flatten()
/home1/lhr/invariantCDR/invariantCDR/utils/GraphMaker.py:72: UserWarning: torch.sparse.SparseTensor(indices, values, shape, *, device=) is deprecated.  Please use torch.sparse_coo_tensor(indices, values, shape, dtype=, device=). (Triggered internally at /opt/conda/conda-bld/pytorch_1711403590347/work/torch/csrc/utils/tensor_new.cpp:618.)
  return torch.sparse.FloatTensor(indices, values, shape)
real graph loaded!
number_user 19457
number_item 8751
real graph loaded!
graph loaded!
Loading data from game_video with batch size 1024...
unseen test: 0
test length: 1381
unseen test: 0
test length: 1304
unseen test: 0
test length: 1435
unseen test: 0
test length: 1458
source_user_num 25025
target_user_num 19457
source_item_num 12319
target_item_num 8751
shared users id: 1737
test users 226, 217
unseen test: 0
dev length: 1000
unseen test: 0
dev length: 1000
source train data : 155036, target train data: 156091, source test data : 1304, target test data : 1458, source dev data : 1000, target dev data : 1000
2024-08-11 18:08:15.738635: step 304/24320 (epoch 1/80), loss = 2.157811 (95.053 sec/epoch), lr: 0.004000
Evaluating on dev set...
...........................
source: 	 mrr: 0.028572	 ndcg_5: 0.0194	 ndcg_10: 0.0272	 hit@1:0.007241	 hit@5:0.0333	 hit@10: 0.0579
target: 	 mrr: 0.020168	 ndcg_5: 0.0107	 ndcg_10: 0.0165	 hit@1:0.004181	 hit@5:0.0181	 hit@10: 0.0362
source best!
.............
source: 	 mrr: 0.027204	 ndcg_5: 0.0165	 ndcg_10: 0.0256	 hit@1:0.003834	 hit@5:0.0299	 hit@10: 0.0583
target best!
..............target: 	 mrr: 0.022742	 ndcg_5: 0.0132	 ndcg_10: 0.0207	 hit@1:0.003429	 hit@5:0.0240	 hit@10: 0.0473
epoch 1: train_loss = 2.157811, source_mrr = 0.027204, source_hit@10 = 0.0583, source_ndcg@10 = 0.0256, target_mrr = 0.022742, target_hit@10 = 0.0473, target_ndcg@10 = 0.0207

2024-08-11 18:09:53.511667: step 608/24320 (epoch 2/80), loss = 1.830437 (95.380 sec/epoch), lr: 0.004000
Evaluating on dev set...
...........................
source: 	 mrr: 0.029672	 ndcg_5: 0.0197	 ndcg_10: 0.0281	 hit@1:0.009413	 hit@5:0.0290	 hit@10: 0.0550
target: 	 mrr: 0.022403	 ndcg_5: 0.0155	 ndcg_10: 0.0208	 hit@1:0.002787	 hit@5:0.0293	 hit@10: 0.0460
source best!
.............
source: 	 mrr: 0.025031	 ndcg_5: 0.0138	 ndcg_10: 0.0237	 hit@1:0.006902	 hit@5:0.0215	 hit@10: 0.0521
target best!
..............target: 	 mrr: 0.028327	 ndcg_5: 0.0204	 ndcg_10: 0.0294	 hit@1:0.006859	 hit@5:0.0343	 hit@10: 0.0624
epoch 2: train_loss = 1.830437, source_mrr = 0.025031, source_hit@10 = 0.0521, source_ndcg@10 = 0.0237, target_mrr = 0.028327, target_hit@10 = 0.0624, target_ndcg@10 = 0.0294

2024-08-11 18:11:30.206636: step 912/24320 (epoch 3/80), loss = 1.763156 (95.193 sec/epoch), lr: 0.004000
Evaluating on dev set...
...........................
source: 	 mrr: 0.034777	 ndcg_5: 0.0251	 ndcg_10: 0.0334	 hit@1:0.010862	 hit@5:0.0398	 hit@10: 0.0659
target: 	 mrr: 0.027679	 ndcg_5: 0.0214	 ndcg_10: 0.0267	 hit@1:0.009756	 hit@5:0.0341	 hit@10: 0.0509
source best!
.............
source: 	 mrr: 0.031374	 ndcg_5: 0.0200	 ndcg_10: 0.0311	 hit@1:0.006902	 hit@5:0.0337	 hit@10: 0.0683
target best!
..............target: 	 mrr: 0.028224	 ndcg_5: 0.0211	 ndcg_10: 0.0284	 hit@1:0.007545	 hit@5:0.0357	 hit@10: 0.0583
epoch 3: train_loss = 1.763156, source_mrr = 0.031374, source_hit@10 = 0.0683, source_ndcg@10 = 0.0311, target_mrr = 0.028224, target_hit@10 = 0.0583, target_ndcg@10 = 0.0284

2024-08-11 18:13:05.824859: step 1216/24320 (epoch 4/80), loss = 1.734408 (94.114 sec/epoch), lr: 0.004000
Evaluating on dev set...
...........................
source: 	 mrr: 0.027869	 ndcg_5: 0.0189	 ndcg_10: 0.0261	 hit@1:0.007241	 hit@5:0.0311	 hit@10: 0.0536
target: 	 mrr: 0.028088	 ndcg_5: 0.0197	 ndcg_10: 0.0251	 hit@1:0.008362	 hit@5:0.0307	 hit@10: 0.0474
target best!
..............target: 	 mrr: 0.031410	 ndcg_5: 0.0218	 ndcg_10: 0.0292	 hit@1:0.012346	 hit@5:0.0316	 hit@10: 0.0549
epoch 4: train_loss = 1.734408, source_mrr = 0.027869, source_hit@10 = 0.0536, source_ndcg@10 = 0.0261, target_mrr = 0.031410, target_hit@10 = 0.0549, target_ndcg@10 = 0.0292

2024-08-11 18:14:42.264161: step 1520/24320 (epoch 5/80), loss = 1.718732 (95.180 sec/epoch), lr: 0.004000
Evaluating on dev set...
...........................
source: 	 mrr: 0.036990	 ndcg_5: 0.0272	 ndcg_10: 0.0393	 hit@1:0.010862	 hit@5:0.0442	 hit@10: 0.0818
target: 	 mrr: 0.042815	 ndcg_5: 0.0349	 ndcg_10: 0.0459	 hit@1:0.013937	 hit@5:0.0578	 hit@10: 0.0920
source best!
.............
source: 	 mrr: 0.034330	 ndcg_5: 0.0250	 ndcg_10: 0.0341	 hit@1:0.009969	 hit@5:0.0406	 hit@10: 0.0690
target best!
..............target: 	 mrr: 0.041898	 ndcg_5: 0.0332	 ndcg_10: 0.0457	 hit@1:0.009602	 hit@5:0.0562	 hit@10: 0.0953
epoch 5: train_loss = 1.718732, source_mrr = 0.034330, source_hit@10 = 0.0690, source_ndcg@10 = 0.0341, target_mrr = 0.041898, target_hit@10 = 0.0953, target_ndcg@10 = 0.0457

2024-08-11 18:16:19.266573: step 1824/24320 (epoch 6/80), loss = 1.709471 (95.505 sec/epoch), lr: 0.004000
Evaluating on dev set...
...........................
source: 	 mrr: 0.042052	 ndcg_5: 0.0312	 ndcg_10: 0.0431	 hit@1:0.011586	 hit@5:0.0507	 hit@10: 0.0876
target: 	 mrr: 0.046655	 ndcg_5: 0.0386	 ndcg_10: 0.0512	 hit@1:0.016725	 hit@5:0.0613	 hit@10: 0.1003
source best!
.............
source: 	 mrr: 0.037000	 ndcg_5: 0.0246	 ndcg_10: 0.0368	 hit@1:0.010736	 hit@5:0.0399	 hit@10: 0.0782
target best!
..............target: 	 mrr: 0.047196	 ndcg_5: 0.0396	 ndcg_10: 0.0525	 hit@1:0.014403	 hit@5:0.0645	 hit@10: 0.1049
epoch 6: train_loss = 1.709471, source_mrr = 0.037000, source_hit@10 = 0.0782, source_ndcg@10 = 0.0368, target_mrr = 0.047196, target_hit@10 = 0.1049, target_ndcg@10 = 0.0525

2024-08-11 18:17:56.798041: step 2128/24320 (epoch 7/80), loss = 1.699363 (95.954 sec/epoch), lr: 0.004000
Evaluating on dev set...
...........................
source: 	 mrr: 0.028188	 ndcg_5: 0.0181	 ndcg_10: 0.0279	 hit@1:0.005069	 hit@5:0.0304	 hit@10: 0.0608
target: 	 mrr: 0.045501	 ndcg_5: 0.0391	 ndcg_10: 0.0473	 hit@1:0.018118	 hit@5:0.0606	 hit@10: 0.0864
epoch 7: train_loss = 1.699363, source_mrr = 0.028188, source_hit@10 = 0.0608, source_ndcg@10 = 0.0279, target_mrr = 0.045501, target_hit@10 = 0.0864, target_ndcg@10 = 0.0473

2024-08-11 18:19:29.679754: step 2432/24320 (epoch 8/80), loss = 1.691246 (92.122 sec/epoch), lr: 0.004000
Evaluating on dev set...
...........................
source: 	 mrr: 0.038250	 ndcg_5: 0.0303	 ndcg_10: 0.0392	 hit@1:0.011586	 hit@5:0.0514	 hit@10: 0.0789
target: 	 mrr: 0.043515	 ndcg_5: 0.0342	 ndcg_10: 0.0471	 hit@1:0.014634	 hit@5:0.0544	 hit@10: 0.0941
epoch 8: train_loss = 1.691246, source_mrr = 0.038250, source_hit@10 = 0.0789, source_ndcg@10 = 0.0392, target_mrr = 0.043515, target_hit@10 = 0.0941, target_ndcg@10 = 0.0471

2024-08-11 18:21:01.745796: step 2736/24320 (epoch 9/80), loss = 1.684962 (91.312 sec/epoch), lr: 0.004000
Evaluating on dev set...
...........................
source: 	 mrr: 0.042021	 ndcg_5: 0.0314	 ndcg_10: 0.0406	 hit@1:0.017379	 hit@5:0.0463	 hit@10: 0.0746
target: 	 mrr: 0.047915	 ndcg_5: 0.0412	 ndcg_10: 0.0520	 hit@1:0.018118	 hit@5:0.0669	 hit@10: 0.1010
target best!
..............target: 	 mrr: 0.042841	 ndcg_5: 0.0340	 ndcg_10: 0.0463	 hit@1:0.010974	 hit@5:0.0569	 hit@10: 0.0953
epoch 9: train_loss = 1.684962, source_mrr = 0.042021, source_hit@10 = 0.0746, source_ndcg@10 = 0.0406, target_mrr = 0.042841, target_hit@10 = 0.0953, target_ndcg@10 = 0.0463

2024-08-11 18:22:34.693984: step 3040/24320 (epoch 10/80), loss = 1.677493 (91.778 sec/epoch), lr: 0.004000
Evaluating on dev set...
...........................
source: 	 mrr: 0.036256	 ndcg_5: 0.0242	 ndcg_10: 0.0351	 hit@1:0.013034	 hit@5:0.0340	 hit@10: 0.0688
target: 	 mrr: 0.051564	 ndcg_5: 0.0455	 ndcg_10: 0.0552	 hit@1:0.018118	 hit@5:0.0718	 hit@10: 0.1024
target best!
..............target: 	 mrr: 0.047796	 ndcg_5: 0.0404	 ndcg_10: 0.0504	 hit@1:0.015775	 hit@5:0.0652	 hit@10: 0.0960
epoch 10: train_loss = 1.677493, source_mrr = 0.036256, source_hit@10 = 0.0688, source_ndcg@10 = 0.0351, target_mrr = 0.047796, target_hit@10 = 0.0960, target_ndcg@10 = 0.0504

2024-08-11 18:24:07.259062: step 3344/24320 (epoch 11/80), loss = 1.670895 (91.379 sec/epoch), lr: 0.004000
Evaluating on dev set...
...........................
source: 	 mrr: 0.035613	 ndcg_5: 0.0266	 ndcg_10: 0.0357	 hit@1:0.011586	 hit@5:0.0420	 hit@10: 0.0702
target: 	 mrr: 0.040333	 ndcg_5: 0.0327	 ndcg_10: 0.0423	 hit@1:0.012544	 hit@5:0.0537	 hit@10: 0.0836
epoch 11: train_loss = 1.670895, source_mrr = 0.035613, source_hit@10 = 0.0702, source_ndcg@10 = 0.0357, target_mrr = 0.040333, target_hit@10 = 0.0836, target_ndcg@10 = 0.0423

2024-08-11 18:25:40.125414: step 3648/24320 (epoch 12/80), loss = 1.662658 (92.074 sec/epoch), lr: 0.003800
Evaluating on dev set...
...........................
source: 	 mrr: 0.037364	 ndcg_5: 0.0292	 ndcg_10: 0.0364	 hit@1:0.010138	 hit@5:0.0478	 hit@10: 0.0710
target: 	 mrr: 0.039480	 ndcg_5: 0.0287	 ndcg_10: 0.0398	 hit@1:0.013937	 hit@5:0.0446	 hit@10: 0.0787
epoch 12: train_loss = 1.662658, source_mrr = 0.037364, source_hit@10 = 0.0710, source_ndcg@10 = 0.0364, target_mrr = 0.039480, target_hit@10 = 0.0787, target_ndcg@10 = 0.0398

2024-08-11 18:27:12.852809: step 3952/24320 (epoch 13/80), loss = 1.660012 (91.907 sec/epoch), lr: 0.003800
Evaluating on dev set...
...........................
source: 	 mrr: 0.038064	 ndcg_5: 0.0286	 ndcg_10: 0.0371	 hit@1:0.013034	 hit@5:0.0449	 hit@10: 0.0717
target: 	 mrr: 0.038367	 ndcg_5: 0.0287	 ndcg_10: 0.0391	 hit@1:0.012544	 hit@5:0.0446	 hit@10: 0.0767
epoch 13: train_loss = 1.660012, source_mrr = 0.038064, source_hit@10 = 0.0717, source_ndcg@10 = 0.0371, target_mrr = 0.038367, target_hit@10 = 0.0767, target_ndcg@10 = 0.0391

2024-08-11 18:28:45.586609: step 4256/24320 (epoch 14/80), loss = 1.651859 (91.959 sec/epoch), lr: 0.003610
Evaluating on dev set...
...........................
source: 	 mrr: 0.040600	 ndcg_5: 0.0323	 ndcg_10: 0.0406	 hit@1:0.013758	 hit@5:0.0521	 hit@10: 0.0782
target: 	 mrr: 0.044265	 ndcg_5: 0.0366	 ndcg_10: 0.0473	 hit@1:0.016028	 hit@5:0.0571	 hit@10: 0.0899
epoch 14: train_loss = 1.651859, source_mrr = 0.040600, source_hit@10 = 0.0782, source_ndcg@10 = 0.0406, target_mrr = 0.044265, target_hit@10 = 0.0899, target_ndcg@10 = 0.0473

2024-08-11 18:30:18.030895: step 4560/24320 (epoch 15/80), loss = 1.648319 (91.700 sec/epoch), lr: 0.003610
Evaluating on dev set...
...........................
source: 	 mrr: 0.040279	 ndcg_5: 0.0296	 ndcg_10: 0.0406	 hit@1:0.014482	 hit@5:0.0449	 hit@10: 0.0797
target: 	 mrr: 0.047363	 ndcg_5: 0.0400	 ndcg_10: 0.0518	 hit@1:0.016028	 hit@5:0.0662	 hit@10: 0.1031
epoch 15: train_loss = 1.648319, source_mrr = 0.040279, source_hit@10 = 0.0797, source_ndcg@10 = 0.0406, target_mrr = 0.047363, target_hit@10 = 0.1031, target_ndcg@10 = 0.0518

2024-08-11 18:31:48.994603: step 4864/24320 (epoch 16/80), loss = 1.647070 (90.215 sec/epoch), lr: 0.003610
Evaluating on dev set...
...........................
source: 	 mrr: 0.043065	 ndcg_5: 0.0334	 ndcg_10: 0.0442	 hit@1:0.013758	 hit@5:0.0536	 hit@10: 0.0876
target: 	 mrr: 0.047079	 ndcg_5: 0.0367	 ndcg_10: 0.0518	 hit@1:0.017422	 hit@5:0.0578	 hit@10: 0.1052
source best!
.............
source: 	 mrr: 0.036856	 ndcg_5: 0.0265	 ndcg_10: 0.0367	 hit@1:0.010736	 hit@5:0.0422	 hit@10: 0.0744
epoch 16: train_loss = 1.647070, source_mrr = 0.036856, source_hit@10 = 0.0744, source_ndcg@10 = 0.0367, target_mrr = 0.047079, target_hit@10 = 0.1052, target_ndcg@10 = 0.0518

2024-08-11 18:33:21.061323: step 5168/24320 (epoch 17/80), loss = 1.641236 (90.962 sec/epoch), lr: 0.003610
Evaluating on dev set...
...........................
source: 	 mrr: 0.030684	 ndcg_5: 0.0169	 ndcg_10: 0.0292	 hit@1:0.005069	 hit@5:0.0290	 hit@10: 0.0673
target: 	 mrr: 0.045447	 ndcg_5: 0.0367	 ndcg_10: 0.0483	 hit@1:0.014634	 hit@5:0.0606	 hit@10: 0.0969
epoch 17: train_loss = 1.641236, source_mrr = 0.030684, source_hit@10 = 0.0673, source_ndcg@10 = 0.0292, target_mrr = 0.045447, target_hit@10 = 0.0969, target_ndcg@10 = 0.0483

2024-08-11 18:34:53.862711: step 5472/24320 (epoch 18/80), loss = 1.635605 (92.020 sec/epoch), lr: 0.003429
Evaluating on dev set...
...........................
source: 	 mrr: 0.039970	 ndcg_5: 0.0317	 ndcg_10: 0.0402	 hit@1:0.012310	 hit@5:0.0514	 hit@10: 0.0782
target: 	 mrr: 0.034574	 ndcg_5: 0.0226	 ndcg_10: 0.0343	 hit@1:0.012544	 hit@5:0.0314	 hit@10: 0.0683
epoch 18: train_loss = 1.635605, source_mrr = 0.039970, source_hit@10 = 0.0782, source_ndcg@10 = 0.0402, target_mrr = 0.034574, target_hit@10 = 0.0683, target_ndcg@10 = 0.0343

2024-08-11 18:36:26.081764: step 5776/24320 (epoch 19/80), loss = 1.630499 (91.398 sec/epoch), lr: 0.003258
Evaluating on dev set...
...........................
source: 	 mrr: 0.040008	 ndcg_5: 0.0298	 ndcg_10: 0.0404	 hit@1:0.013034	 hit@5:0.0478	 hit@10: 0.0804
target: 	 mrr: 0.056509	 ndcg_5: 0.0497	 ndcg_10: 0.0599	 hit@1:0.024390	 hit@5:0.0760	 hit@10: 0.1080
target best!
..............target: 	 mrr: 0.054403	 ndcg_5: 0.0452	 ndcg_10: 0.0590	 hit@1:0.019890	 hit@5:0.0706	 hit@10: 0.1139
epoch 19: train_loss = 1.630499, source_mrr = 0.040008, source_hit@10 = 0.0804, source_ndcg@10 = 0.0404, target_mrr = 0.054403, target_hit@10 = 0.1139, target_ndcg@10 = 0.0590

2024-08-11 18:37:58.630988: step 6080/24320 (epoch 20/80), loss = 1.627346 (91.432 sec/epoch), lr: 0.003258
Evaluating on dev set...
...........................
source: 	 mrr: 0.037562	 ndcg_5: 0.0274	 ndcg_10: 0.0382	 hit@1:0.007241	 hit@5:0.0485	 hit@10: 0.0825
target: 	 mrr: 0.050063	 ndcg_5: 0.0430	 ndcg_10: 0.0529	 hit@1:0.020209	 hit@5:0.0662	 hit@10: 0.0976
epoch 20: train_loss = 1.627346, source_mrr = 0.037562, source_hit@10 = 0.0825, source_ndcg@10 = 0.0382, target_mrr = 0.050063, target_hit@10 = 0.0976, target_ndcg@10 = 0.0529

2024-08-11 18:39:30.872241: step 6384/24320 (epoch 21/80), loss = 1.619335 (91.504 sec/epoch), lr: 0.003095
Evaluating on dev set...
...........................
source: 	 mrr: 0.042378	 ndcg_5: 0.0320	 ndcg_10: 0.0418	 hit@1:0.013758	 hit@5:0.0492	 hit@10: 0.0797
target: 	 mrr: 0.037689	 ndcg_5: 0.0285	 ndcg_10: 0.0389	 hit@1:0.011847	 hit@5:0.0453	 hit@10: 0.0774
epoch 21: train_loss = 1.619335, source_mrr = 0.042378, source_hit@10 = 0.0797, source_ndcg@10 = 0.0418, target_mrr = 0.037689, target_hit@10 = 0.0774, target_ndcg@10 = 0.0389

2024-08-11 18:41:02.981763: step 6688/24320 (epoch 22/80), loss = 1.614304 (91.395 sec/epoch), lr: 0.002940
Evaluating on dev set...
...........................
source: 	 mrr: 0.036955	 ndcg_5: 0.0271	 ndcg_10: 0.0374	 hit@1:0.010138	 hit@5:0.0463	 hit@10: 0.0789
target: 	 mrr: 0.045429	 ndcg_5: 0.0345	 ndcg_10: 0.0461	 hit@1:0.018815	 hit@5:0.0502	 hit@10: 0.0864
epoch 22: train_loss = 1.614304, source_mrr = 0.036955, source_hit@10 = 0.0789, source_ndcg@10 = 0.0374, target_mrr = 0.045429, target_hit@10 = 0.0864, target_ndcg@10 = 0.0461

2024-08-11 18:42:35.122044: step 6992/24320 (epoch 23/80), loss = 1.612639 (91.248 sec/epoch), lr: 0.002940
Evaluating on dev set...
...........................
source: 	 mrr: 0.038495	 ndcg_5: 0.0274	 ndcg_10: 0.0388	 hit@1:0.009413	 hit@5:0.0449	 hit@10: 0.0804
target: 	 mrr: 0.041731	 ndcg_5: 0.0319	 ndcg_10: 0.0426	 hit@1:0.012544	 hit@5:0.0509	 hit@10: 0.0843
epoch 23: train_loss = 1.612639, source_mrr = 0.038495, source_hit@10 = 0.0804, source_ndcg@10 = 0.0388, target_mrr = 0.041731, target_hit@10 = 0.0843, target_ndcg@10 = 0.0426

2024-08-11 18:44:06.406671: step 7296/24320 (epoch 24/80), loss = 1.607787 (90.519 sec/epoch), lr: 0.002793
Evaluating on dev set...
...........................
source: 	 mrr: 0.040423	 ndcg_5: 0.0311	 ndcg_10: 0.0405	 hit@1:0.013034	 hit@5:0.0500	 hit@10: 0.0789
target: 	 mrr: 0.043666	 ndcg_5: 0.0328	 ndcg_10: 0.0453	 hit@1:0.014634	 hit@5:0.0509	 hit@10: 0.0906
epoch 24: train_loss = 1.607787, source_mrr = 0.040423, source_hit@10 = 0.0789, source_ndcg@10 = 0.0405, target_mrr = 0.043666, target_hit@10 = 0.0906, target_ndcg@10 = 0.0453

2024-08-11 18:45:38.195072: step 7600/24320 (epoch 25/80), loss = 1.605123 (91.038 sec/epoch), lr: 0.002793
Evaluating on dev set...
...........................
source: 	 mrr: 0.042988	 ndcg_5: 0.0303	 ndcg_10: 0.0422	 hit@1:0.015206	 hit@5:0.0456	 hit@10: 0.0825
target: 	 mrr: 0.044080	 ndcg_5: 0.0337	 ndcg_10: 0.0442	 hit@1:0.019512	 hit@5:0.0488	 hit@10: 0.0822
epoch 25: train_loss = 1.605123, source_mrr = 0.042988, source_hit@10 = 0.0825, source_ndcg@10 = 0.0422, target_mrr = 0.044080, target_hit@10 = 0.0822, target_ndcg@10 = 0.0442

2024-08-11 18:47:09.957719: step 7904/24320 (epoch 26/80), loss = 1.601689 (90.991 sec/epoch), lr: 0.002793
Evaluating on dev set...
...........................
source: 	 mrr: 0.042738	 ndcg_5: 0.0316	 ndcg_10: 0.0406	 hit@1:0.015206	 hit@5:0.0485	 hit@10: 0.0768
target: 	 mrr: 0.046038	 ndcg_5: 0.0370	 ndcg_10: 0.0481	 hit@1:0.017422	 hit@5:0.0564	 hit@10: 0.0913
epoch 26: train_loss = 1.601689, source_mrr = 0.042738, source_hit@10 = 0.0768, source_ndcg@10 = 0.0406, target_mrr = 0.046038, target_hit@10 = 0.0913, target_ndcg@10 = 0.0481

2024-08-11 18:48:41.413479: step 8208/24320 (epoch 27/80), loss = 1.604936 (90.688 sec/epoch), lr: 0.002793
Evaluating on dev set...
...........................
source: 	 mrr: 0.037645	 ndcg_5: 0.0284	 ndcg_10: 0.0373	 hit@1:0.010862	 hit@5:0.0471	 hit@10: 0.0746
target: 	 mrr: 0.047039	 ndcg_5: 0.0399	 ndcg_10: 0.0507	 hit@1:0.013937	 hit@5:0.0662	 hit@10: 0.0997
epoch 27: train_loss = 1.604936, source_mrr = 0.037645, source_hit@10 = 0.0746, source_ndcg@10 = 0.0373, target_mrr = 0.047039, target_hit@10 = 0.0997, target_ndcg@10 = 0.0507

2024-08-11 18:50:13.425733: step 8512/24320 (epoch 28/80), loss = 1.595059 (91.118 sec/epoch), lr: 0.002654
Evaluating on dev set...
...........................
source: 	 mrr: 0.029446	 ndcg_5: 0.0189	 ndcg_10: 0.0266	 hit@1:0.006517	 hit@5:0.0311	 hit@10: 0.0550
target: 	 mrr: 0.042112	 ndcg_5: 0.0337	 ndcg_10: 0.0425	 hit@1:0.018815	 hit@5:0.0495	 hit@10: 0.0774
epoch 28: train_loss = 1.595059, source_mrr = 0.029446, source_hit@10 = 0.0550, source_ndcg@10 = 0.0266, target_mrr = 0.042112, target_hit@10 = 0.0774, target_ndcg@10 = 0.0425

2024-08-11 18:51:45.584951: step 8816/24320 (epoch 29/80), loss = 1.593205 (91.301 sec/epoch), lr: 0.002521
Evaluating on dev set...
...........................
source: 	 mrr: 0.037118	 ndcg_5: 0.0268	 ndcg_10: 0.0373	 hit@1:0.010862	 hit@5:0.0449	 hit@10: 0.0775
target: 	 mrr: 0.044403	 ndcg_5: 0.0358	 ndcg_10: 0.0507	 hit@1:0.013240	 hit@5:0.0599	 hit@10: 0.1073
epoch 29: train_loss = 1.593205, source_mrr = 0.037118, source_hit@10 = 0.0775, source_ndcg@10 = 0.0373, target_mrr = 0.044403, target_hit@10 = 0.1073, target_ndcg@10 = 0.0507

2024-08-11 18:53:17.734370: step 9120/24320 (epoch 30/80), loss = 1.590692 (91.338 sec/epoch), lr: 0.002521
Evaluating on dev set...
...........................
source: 	 mrr: 0.039657	 ndcg_5: 0.0272	 ndcg_10: 0.0405	 hit@1:0.010862	 hit@5:0.0442	 hit@10: 0.0862
target: 	 mrr: 0.048272	 ndcg_5: 0.0393	 ndcg_10: 0.0533	 hit@1:0.015331	 hit@5:0.0634	 hit@10: 0.1073
epoch 30: train_loss = 1.590692, source_mrr = 0.039657, source_hit@10 = 0.0862, source_ndcg@10 = 0.0405, target_mrr = 0.048272, target_hit@10 = 0.1073, target_ndcg@10 = 0.0533
shift to transfer learning mode

2024-08-11 18:54:58.135354: step 9424/24320 (epoch 31/80), loss = 1.615787 (99.509 sec/epoch), lr: 0.002521
Evaluating on dev set...
...........................
source: 	 mrr: 0.040089	 ndcg_5: 0.0278	 ndcg_10: 0.0396	 hit@1:0.011586	 hit@5:0.0442	 hit@10: 0.0811
target: 	 mrr: 0.056062	 ndcg_5: 0.0475	 ndcg_10: 0.0624	 hit@1:0.022997	 hit@5:0.0725	 hit@10: 0.1192
epoch 31: train_loss = 1.615787, source_mrr = 0.040089, source_hit@10 = 0.0811, source_ndcg@10 = 0.0396, target_mrr = 0.056062, target_hit@10 = 0.1192, target_ndcg@10 = 0.0624

2024-08-11 18:56:43.992363: step 9728/24320 (epoch 32/80), loss = 1.614662 (105.072 sec/epoch), lr: 0.002521
Evaluating on dev set...
...........................
source: 	 mrr: 0.038854	 ndcg_5: 0.0271	 ndcg_10: 0.0374	 hit@1:0.014482	 hit@5:0.0398	 hit@10: 0.0717
target: 	 mrr: 0.043202	 ndcg_5: 0.0351	 ndcg_10: 0.0474	 hit@1:0.014634	 hit@5:0.0544	 hit@10: 0.0934
epoch 32: train_loss = 1.614662, source_mrr = 0.038854, source_hit@10 = 0.0717, source_ndcg@10 = 0.0374, target_mrr = 0.043202, target_hit@10 = 0.0934, target_ndcg@10 = 0.0474

2024-08-11 18:58:28.134596: step 10032/24320 (epoch 33/80), loss = 1.608956 (103.398 sec/epoch), lr: 0.002395
Evaluating on dev set...
...........................
source: 	 mrr: 0.045177	 ndcg_5: 0.0335	 ndcg_10: 0.0465	 hit@1:0.014482	 hit@5:0.0521	 hit@10: 0.0920
target: 	 mrr: 0.057339	 ndcg_5: 0.0505	 ndcg_10: 0.0634	 hit@1:0.020209	 hit@5:0.0794	 hit@10: 0.1206
source best!
.............
source: 	 mrr: 0.043467	 ndcg_5: 0.0330	 ndcg_10: 0.0441	 hit@1:0.015337	 hit@5:0.0521	 hit@10: 0.0867
target best!
..............target: 	 mrr: 0.060371	 ndcg_5: 0.0525	 ndcg_10: 0.0682	 hit@1:0.021948	 hit@5:0.0823	 hit@10: 0.1317
epoch 33: train_loss = 1.608956, source_mrr = 0.043467, source_hit@10 = 0.0867, source_ndcg@10 = 0.0441, target_mrr = 0.060371, target_hit@10 = 0.1317, target_ndcg@10 = 0.0682

2024-08-11 19:00:09.099111: step 10336/24320 (epoch 34/80), loss = 1.605466 (99.661 sec/epoch), lr: 0.002395
Evaluating on dev set...
...........................
source: 	 mrr: 0.037537	 ndcg_5: 0.0282	 ndcg_10: 0.0352	 hit@1:0.011586	 hit@5:0.0449	 hit@10: 0.0666
target: 	 mrr: 0.058253	 ndcg_5: 0.0516	 ndcg_10: 0.0626	 hit@1:0.024390	 hit@5:0.0801	 hit@10: 0.1143
target best!
..............target: 	 mrr: 0.060494	 ndcg_5: 0.0517	 ndcg_10: 0.0675	 hit@1:0.023320	 hit@5:0.0809	 hit@10: 0.1303
epoch 34: train_loss = 1.605466, source_mrr = 0.037537, source_hit@10 = 0.0666, source_ndcg@10 = 0.0352, target_mrr = 0.060494, target_hit@10 = 0.1303, target_ndcg@10 = 0.0675

2024-08-11 19:01:50.126542: step 10640/24320 (epoch 35/80), loss = 1.599725 (99.990 sec/epoch), lr: 0.002275
Evaluating on dev set...
...........................
source: 	 mrr: 0.039270	 ndcg_5: 0.0289	 ndcg_10: 0.0380	 hit@1:0.012310	 hit@5:0.0463	 hit@10: 0.0746
target: 	 mrr: 0.053084	 ndcg_5: 0.0444	 ndcg_10: 0.0573	 hit@1:0.021603	 hit@5:0.0690	 hit@10: 0.1094
epoch 35: train_loss = 1.599725, source_mrr = 0.039270, source_hit@10 = 0.0746, source_ndcg@10 = 0.0380, target_mrr = 0.053084, target_hit@10 = 0.1094, target_ndcg@10 = 0.0573

2024-08-11 19:03:37.226397: step 10944/24320 (epoch 36/80), loss = 1.598292 (106.377 sec/epoch), lr: 0.002161
Evaluating on dev set...
...........................
source: 	 mrr: 0.041160	 ndcg_5: 0.0270	 ndcg_10: 0.0437	 hit@1:0.013034	 hit@5:0.0413	 hit@10: 0.0934
target: 	 mrr: 0.055857	 ndcg_5: 0.0470	 ndcg_10: 0.0592	 hit@1:0.022997	 hit@5:0.0718	 hit@10: 0.1094
epoch 36: train_loss = 1.598292, source_mrr = 0.041160, source_hit@10 = 0.0934, source_ndcg@10 = 0.0437, target_mrr = 0.055857, target_hit@10 = 0.1094, target_ndcg@10 = 0.0592

2024-08-11 19:05:26.170405: step 11248/24320 (epoch 37/80), loss = 1.597135 (108.299 sec/epoch), lr: 0.002161
Evaluating on dev set...
...........................
source: 	 mrr: 0.043548	 ndcg_5: 0.0318	 ndcg_10: 0.0452	 hit@1:0.013758	 hit@5:0.0485	 hit@10: 0.0905
target: 	 mrr: 0.052615	 ndcg_5: 0.0446	 ndcg_10: 0.0572	 hit@1:0.018815	 hit@5:0.0718	 hit@10: 0.1115
epoch 37: train_loss = 1.597135, source_mrr = 0.043548, source_hit@10 = 0.0905, source_ndcg@10 = 0.0452, target_mrr = 0.052615, target_hit@10 = 0.1115, target_ndcg@10 = 0.0572

2024-08-11 19:07:14.739901: step 11552/24320 (epoch 38/80), loss = 1.589021 (107.783 sec/epoch), lr: 0.002053
Evaluating on dev set...
...........................
source: 	 mrr: 0.038755	 ndcg_5: 0.0277	 ndcg_10: 0.0376	 hit@1:0.010138	 hit@5:0.0449	 hit@10: 0.0760
target: 	 mrr: 0.042027	 ndcg_5: 0.0304	 ndcg_10: 0.0430	 hit@1:0.014634	 hit@5:0.0453	 hit@10: 0.0843
epoch 38: train_loss = 1.589021, source_mrr = 0.038755, source_hit@10 = 0.0760, source_ndcg@10 = 0.0376, target_mrr = 0.042027, target_hit@10 = 0.0843, target_ndcg@10 = 0.0430

2024-08-11 19:09:02.153629: step 11856/24320 (epoch 39/80), loss = 1.587472 (106.661 sec/epoch), lr: 0.001951
Evaluating on dev set...
...........................
source: 	 mrr: 0.034677	 ndcg_5: 0.0236	 ndcg_10: 0.0361	 hit@1:0.007241	 hit@5:0.0406	 hit@10: 0.0804
target: 	 mrr: 0.058875	 ndcg_5: 0.0519	 ndcg_10: 0.0646	 hit@1:0.022997	 hit@5:0.0801	 hit@10: 0.1199
target best!
..............target: 	 mrr: 0.063854	 ndcg_5: 0.0561	 ndcg_10: 0.0710	 hit@1:0.024691	 hit@5:0.0857	 hit@10: 0.1324
epoch 39: train_loss = 1.587472, source_mrr = 0.034677, source_hit@10 = 0.0804, source_ndcg@10 = 0.0361, target_mrr = 0.063854, target_hit@10 = 0.1324, target_ndcg@10 = 0.0710

2024-08-11 19:10:50.614407: step 12160/24320 (epoch 40/80), loss = 1.588700 (107.262 sec/epoch), lr: 0.001951
Evaluating on dev set...
...........................
source: 	 mrr: 0.036566	 ndcg_5: 0.0247	 ndcg_10: 0.0355	 hit@1:0.009413	 hit@5:0.0391	 hit@10: 0.0739
target: 	 mrr: 0.062282	 ndcg_5: 0.0544	 ndcg_10: 0.0677	 hit@1:0.027178	 hit@5:0.0822	 hit@10: 0.1233
target best!
..............target: 	 mrr: 0.061774	 ndcg_5: 0.0517	 ndcg_10: 0.0667	 hit@1:0.026749	 hit@5:0.0782	 hit@10: 0.1255
epoch 40: train_loss = 1.588700, source_mrr = 0.036566, source_hit@10 = 0.0739, source_ndcg@10 = 0.0355, target_mrr = 0.061774, target_hit@10 = 0.1255, target_ndcg@10 = 0.0667

2024-08-11 19:12:40.560429: step 12464/24320 (epoch 41/80), loss = 1.585019 (108.994 sec/epoch), lr: 0.001951
Evaluating on dev set...
...........................
source: 	 mrr: 0.043363	 ndcg_5: 0.0318	 ndcg_10: 0.0413	 hit@1:0.016655	 hit@5:0.0456	 hit@10: 0.0753
target: 	 mrr: 0.056701	 ndcg_5: 0.0489	 ndcg_10: 0.0629	 hit@1:0.022300	 hit@5:0.0760	 hit@10: 0.1192
epoch 41: train_loss = 1.585019, source_mrr = 0.043363, source_hit@10 = 0.0753, source_ndcg@10 = 0.0413, target_mrr = 0.056701, target_hit@10 = 0.1192, target_ndcg@10 = 0.0629

2024-08-11 19:14:30.742401: step 12768/24320 (epoch 42/80), loss = 1.584241 (109.412 sec/epoch), lr: 0.001951
Evaluating on dev set...
...........................
source: 	 mrr: 0.044821	 ndcg_5: 0.0357	 ndcg_10: 0.0434	 hit@1:0.014482	 hit@5:0.0558	 hit@10: 0.0797
target: 	 mrr: 0.055868	 ndcg_5: 0.0469	 ndcg_10: 0.0599	 hit@1:0.022300	 hit@5:0.0711	 hit@10: 0.1115
epoch 42: train_loss = 1.584241, source_mrr = 0.044821, source_hit@10 = 0.0797, source_ndcg@10 = 0.0434, target_mrr = 0.055868, target_hit@10 = 0.1115, target_ndcg@10 = 0.0599

2024-08-11 19:16:21.954529: step 13072/24320 (epoch 43/80), loss = 1.582235 (110.576 sec/epoch), lr: 0.001951
Evaluating on dev set...
...........................
source: 	 mrr: 0.040730	 ndcg_5: 0.0296	 ndcg_10: 0.0406	 hit@1:0.010138	 hit@5:0.0478	 hit@10: 0.0818
target: 	 mrr: 0.057299	 ndcg_5: 0.0485	 ndcg_10: 0.0619	 hit@1:0.020906	 hit@5:0.0746	 hit@10: 0.1164
epoch 43: train_loss = 1.582235, source_mrr = 0.040730, source_hit@10 = 0.0818, source_ndcg@10 = 0.0406, target_mrr = 0.057299, target_hit@10 = 0.1164, target_ndcg@10 = 0.0619

2024-08-11 19:18:12.944786: step 13376/24320 (epoch 44/80), loss = 1.579853 (110.168 sec/epoch), lr: 0.001853
Evaluating on dev set...
...........................
source: 	 mrr: 0.035210	 ndcg_5: 0.0265	 ndcg_10: 0.0342	 hit@1:0.008689	 hit@5:0.0456	 hit@10: 0.0695
target: 	 mrr: 0.052289	 ndcg_5: 0.0430	 ndcg_10: 0.0555	 hit@1:0.018815	 hit@5:0.0676	 hit@10: 0.1059
epoch 44: train_loss = 1.579853, source_mrr = 0.035210, source_hit@10 = 0.0695, source_ndcg@10 = 0.0342, target_mrr = 0.052289, target_hit@10 = 0.1059, target_ndcg@10 = 0.0555

2024-08-11 19:20:01.019046: step 13680/24320 (epoch 45/80), loss = 1.575952 (107.190 sec/epoch), lr: 0.001761
Evaluating on dev set...
...........................
source: 	 mrr: 0.042694	 ndcg_5: 0.0316	 ndcg_10: 0.0428	 hit@1:0.013034	 hit@5:0.0492	 hit@10: 0.0847
target: 	 mrr: 0.050045	 ndcg_5: 0.0424	 ndcg_10: 0.0545	 hit@1:0.015331	 hit@5:0.0683	 hit@10: 0.1066
epoch 45: train_loss = 1.575952, source_mrr = 0.042694, source_hit@10 = 0.0847, source_ndcg@10 = 0.0428, target_mrr = 0.050045, target_hit@10 = 0.1066, target_ndcg@10 = 0.0545

2024-08-11 19:21:51.390339: step 13984/24320 (epoch 46/80), loss = 1.573891 (109.619 sec/epoch), lr: 0.001761
Evaluating on dev set...
...........................
source: 	 mrr: 0.042720	 ndcg_5: 0.0292	 ndcg_10: 0.0430	 hit@1:0.014482	 hit@5:0.0442	 hit@10: 0.0869
target: 	 mrr: 0.053830	 ndcg_5: 0.0434	 ndcg_10: 0.0589	 hit@1:0.022997	 hit@5:0.0641	 hit@10: 0.1129
epoch 46: train_loss = 1.573891, source_mrr = 0.042720, source_hit@10 = 0.0869, source_ndcg@10 = 0.0430, target_mrr = 0.053830, target_hit@10 = 0.1129, target_ndcg@10 = 0.0589

2024-08-11 19:23:42.756504: step 14288/24320 (epoch 47/80), loss = 1.574571 (110.350 sec/epoch), lr: 0.001761
Evaluating on dev set...
...........................
source: 	 mrr: 0.043008	 ndcg_5: 0.0323	 ndcg_10: 0.0450	 hit@1:0.013034	 hit@5:0.0529	 hit@10: 0.0927
target: 	 mrr: 0.059987	 ndcg_5: 0.0520	 ndcg_10: 0.0674	 hit@1:0.020209	 hit@5:0.0801	 hit@10: 0.1275
epoch 47: train_loss = 1.574571, source_mrr = 0.043008, source_hit@10 = 0.0927, source_ndcg@10 = 0.0450, target_mrr = 0.059987, target_hit@10 = 0.1275, target_ndcg@10 = 0.0674

2024-08-11 19:25:31.832817: step 14592/24320 (epoch 48/80), loss = 1.574333 (108.266 sec/epoch), lr: 0.001761
Evaluating on dev set...
...........................
source: 	 mrr: 0.047076	 ndcg_5: 0.0359	 ndcg_10: 0.0481	 hit@1:0.017379	 hit@5:0.0550	 hit@10: 0.0934
target: 	 mrr: 0.053112	 ndcg_5: 0.0473	 ndcg_10: 0.0584	 hit@1:0.020209	 hit@5:0.0746	 hit@10: 0.1094
source best!
.............
source: 	 mrr: 0.044365	 ndcg_5: 0.0343	 ndcg_10: 0.0447	 hit@1:0.011503	 hit@5:0.0560	 hit@10: 0.0882
epoch 48: train_loss = 1.574333, source_mrr = 0.044365, source_hit@10 = 0.0882, source_ndcg@10 = 0.0447, target_mrr = 0.053112, target_hit@10 = 0.1094, target_ndcg@10 = 0.0584

2024-08-11 19:27:20.615582: step 14896/24320 (epoch 49/80), loss = 1.569563 (107.584 sec/epoch), lr: 0.001672
Evaluating on dev set...
...........................
source: 	 mrr: 0.041793	 ndcg_5: 0.0323	 ndcg_10: 0.0420	 hit@1:0.012310	 hit@5:0.0521	 hit@10: 0.0825
target: 	 mrr: 0.053746	 ndcg_5: 0.0453	 ndcg_10: 0.0587	 hit@1:0.018118	 hit@5:0.0732	 hit@10: 0.1150
epoch 49: train_loss = 1.569563, source_mrr = 0.041793, source_hit@10 = 0.0825, source_ndcg@10 = 0.0420, target_mrr = 0.053746, target_hit@10 = 0.1150, target_ndcg@10 = 0.0587

2024-08-11 19:29:11.287170: step 15200/24320 (epoch 50/80), loss = 1.566143 (109.949 sec/epoch), lr: 0.001589
Evaluating on dev set...
...........................
source: 	 mrr: 0.043588	 ndcg_5: 0.0328	 ndcg_10: 0.0433	 hit@1:0.014482	 hit@5:0.0500	 hit@10: 0.0833
target: 	 mrr: 0.049590	 ndcg_5: 0.0408	 ndcg_10: 0.0540	 hit@1:0.018118	 hit@5:0.0641	 hit@10: 0.1052
epoch 50: train_loss = 1.566143, source_mrr = 0.043588, source_hit@10 = 0.0833, source_ndcg@10 = 0.0433, target_mrr = 0.049590, target_hit@10 = 0.1052, target_ndcg@10 = 0.0540

2024-08-11 19:31:01.704200: step 15504/24320 (epoch 51/80), loss = 1.560018 (109.664 sec/epoch), lr: 0.001509
Evaluating on dev set...
...........................
source: 	 mrr: 0.041717	 ndcg_5: 0.0315	 ndcg_10: 0.0427	 hit@1:0.014482	 hit@5:0.0492	 hit@10: 0.0840
target: 	 mrr: 0.058316	 ndcg_5: 0.0501	 ndcg_10: 0.0649	 hit@1:0.018118	 hit@5:0.0787	 hit@10: 0.1247
epoch 51: train_loss = 1.560018, source_mrr = 0.041717, source_hit@10 = 0.0840, source_ndcg@10 = 0.0427, target_mrr = 0.058316, target_hit@10 = 0.1247, target_ndcg@10 = 0.0649

2024-08-11 19:32:49.397906: step 15808/24320 (epoch 52/80), loss = 1.561632 (106.822 sec/epoch), lr: 0.001509
Evaluating on dev set...
...........................
source: 	 mrr: 0.039693	 ndcg_5: 0.0275	 ndcg_10: 0.0423	 hit@1:0.011586	 hit@5:0.0449	 hit@10: 0.0912
target: 	 mrr: 0.064138	 ndcg_5: 0.0553	 ndcg_10: 0.0712	 hit@1:0.027178	 hit@5:0.0829	 hit@10: 0.1317
target best!
..............target: 	 mrr: 0.062858	 ndcg_5: 0.0539	 ndcg_10: 0.0704	 hit@1:0.024005	 hit@5:0.0823	 hit@10: 0.1344
epoch 52: train_loss = 1.561632, source_mrr = 0.039693, source_hit@10 = 0.0912, source_ndcg@10 = 0.0423, target_mrr = 0.062858, target_hit@10 = 0.1344, target_ndcg@10 = 0.0704

2024-08-11 19:34:37.613834: step 16112/24320 (epoch 53/80), loss = 1.560556 (107.205 sec/epoch), lr: 0.001509
Evaluating on dev set...
...........................
source: 	 mrr: 0.051504	 ndcg_5: 0.0407	 ndcg_10: 0.0521	 hit@1:0.020999	 hit@5:0.0587	 hit@10: 0.0941
target: 	 mrr: 0.056668	 ndcg_5: 0.0471	 ndcg_10: 0.0610	 hit@1:0.024390	 hit@5:0.0704	 hit@10: 0.1136
source best!
.............
source: 	 mrr: 0.045143	 ndcg_5: 0.0333	 ndcg_10: 0.0452	 hit@1:0.016104	 hit@5:0.0498	 hit@10: 0.0874
epoch 53: train_loss = 1.560556, source_mrr = 0.045143, source_hit@10 = 0.0874, source_ndcg@10 = 0.0452, target_mrr = 0.056668, target_hit@10 = 0.1136, target_ndcg@10 = 0.0610

2024-08-11 19:36:28.398679: step 16416/24320 (epoch 54/80), loss = 1.555340 (109.611 sec/epoch), lr: 0.001509
Evaluating on dev set...
...........................
source: 	 mrr: 0.043397	 ndcg_5: 0.0325	 ndcg_10: 0.0440	 hit@1:0.013758	 hit@5:0.0521	 hit@10: 0.0869
target: 	 mrr: 0.054808	 ndcg_5: 0.0453	 ndcg_10: 0.0602	 hit@1:0.019512	 hit@5:0.0704	 hit@10: 0.1164
epoch 54: train_loss = 1.555340, source_mrr = 0.043397, source_hit@10 = 0.0869, source_ndcg@10 = 0.0440, target_mrr = 0.054808, target_hit@10 = 0.1164, target_ndcg@10 = 0.0602

2024-08-11 19:38:19.283183: step 16720/24320 (epoch 55/80), loss = 1.553898 (110.026 sec/epoch), lr: 0.001434
Evaluating on dev set...
...........................
source: 	 mrr: 0.040740	 ndcg_5: 0.0287	 ndcg_10: 0.0401	 hit@1:0.010138	 hit@5:0.0456	 hit@10: 0.0811
target: 	 mrr: 0.056787	 ndcg_5: 0.0482	 ndcg_10: 0.0619	 hit@1:0.021603	 hit@5:0.0746	 hit@10: 0.1171
epoch 55: train_loss = 1.553898, source_mrr = 0.040740, source_hit@10 = 0.0811, source_ndcg@10 = 0.0401, target_mrr = 0.056787, target_hit@10 = 0.1171, target_ndcg@10 = 0.0619

2024-08-11 19:40:11.801551: step 17024/24320 (epoch 56/80), loss = 1.550764 (111.678 sec/epoch), lr: 0.001362
Evaluating on dev set...
...........................
source: 	 mrr: 0.044605	 ndcg_5: 0.0327	 ndcg_10: 0.0462	 hit@1:0.015206	 hit@5:0.0514	 hit@10: 0.0941
target: 	 mrr: 0.061268	 ndcg_5: 0.0550	 ndcg_10: 0.0675	 hit@1:0.022997	 hit@5:0.0857	 hit@10: 0.1247
epoch 56: train_loss = 1.550764, source_mrr = 0.044605, source_hit@10 = 0.0941, source_ndcg@10 = 0.0462, target_mrr = 0.061268, target_hit@10 = 0.1247, target_ndcg@10 = 0.0675

