nohup: ignoring input
/home1/lhr/anaconda3/envs/torch/lib/python3.8/site-packages/torch_geometric/typing.py:54: UserWarning: An issue occurred while importing 'pyg-lib'. Disabling its usage. Stacktrace: /lib/x86_64-linux-gnu/libm.so.6: version `GLIBC_2.29' not found (required by /home1/lhr/anaconda3/envs/torch/lib/python3.8/site-packages/libpyg.so)
  warnings.warn(f"An issue occurred while importing 'pyg-lib'. "
/home1/lhr/anaconda3/envs/torch/lib/python3.8/site-packages/torch_geometric/typing.py:110: UserWarning: An issue occurred while importing 'torch-sparse'. Disabling its usage. Stacktrace: /lib/x86_64-linux-gnu/libm.so.6: version `GLIBC_2.29' not found (required by /home1/lhr/anaconda3/envs/torch/lib/python3.8/site-packages/libpyg.so)
  warnings.warn(f"An issue occurred while importing 'torch-sparse'. "
using gpu:2 to train the model
using gpu:2 to train the model
cuda:2
Namespace(A_split=False, JK='sum', a_fold=100, aggregate=False, alpha=0.5, batch_size=1024, beta_inter=0.3, conv_layers=4, cuda=True, decay_epoch=10, device=device(type='cuda', index=2), device_id='2', domains='game_video', dropout=0.4, epoch=80, feature_dim=126, gamma_intra=0.8, hidden_dim=126, inter_tau=0.2, intra_tau=1, lambda_critic=0.1, leakey=0.05, load=False, log='logs.txt', log_epoch=1, lr=0.004, lr_decay=0.95, min_epoch=50, mode='train', model_file=None, model_name='gv', momentum=0.98, num_latent_factors=3, num_negative=100, optim='adam', patience=20, proj_layers=1, projection=1, rectify_epoch=30, residual=1, save=False, save_dir='./saved_models', seed=32, similarity_tau=0.1, test_sample_number=999, user_batch_size=256, weight_decay=0.0002)
number_user 25025
number_item 12319
/home1/lhr/invariantCDR/invariantCDR/utils/GraphMaker.py:46: RuntimeWarning: divide by zero encountered in power
  r_inv = np.power(rowsum, -1).flatten()
/home1/lhr/invariantCDR/invariantCDR/utils/GraphMaker.py:72: UserWarning: torch.sparse.SparseTensor(indices, values, shape, *, device=) is deprecated.  Please use torch.sparse_coo_tensor(indices, values, shape, dtype=, device=). (Triggered internally at /opt/conda/conda-bld/pytorch_1711403590347/work/torch/csrc/utils/tensor_new.cpp:618.)
  return torch.sparse.FloatTensor(indices, values, shape)
real graph loaded!
number_user 19457
number_item 8751
real graph loaded!
graph loaded!
Loading data from game_video with batch size 1024...
unseen test: 0
test length: 1381
unseen test: 0
test length: 1304
unseen test: 0
test length: 1435
unseen test: 0
test length: 1458
source_user_num 25025
target_user_num 19457
source_item_num 12319
target_item_num 8751
shared users id: 1737
test users 226, 217
unseen test: 0
dev length: 1000
unseen test: 0
dev length: 1000
source train data : 155036, target train data: 156091, source test data : 1304, target test data : 1458, source dev data : 1000, target dev data : 1000
2024-08-11 00:06:02.494124: step 304/24320 (epoch 1/80), loss = 2.176566 (92.104 sec/epoch), lr: 0.004000
Evaluating on dev set...
...........................
source: 	 mrr: 0.025608	 ndcg_5: 0.0174	 ndcg_10: 0.0238	 hit@1:0.007965	 hit@5:0.0275	 hit@10: 0.0478
target: 	 mrr: 0.032149	 ndcg_5: 0.0234	 ndcg_10: 0.0305	 hit@1:0.012544	 hit@5:0.0348	 hit@10: 0.0571
source best!
.............
source: 	 mrr: 0.025216	 ndcg_5: 0.0161	 ndcg_10: 0.0261	 hit@1:0.007669	 hit@5:0.0261	 hit@10: 0.0575
target best!
..............target: 	 mrr: 0.032960	 ndcg_5: 0.0243	 ndcg_10: 0.0299	 hit@1:0.011660	 hit@5:0.0357	 hit@10: 0.0528
epoch 1: train_loss = 2.176566, source_hit@10 = 0.0575, source_ndcg@10 = 0.0261, target_hit@10 = 0.0528, target_ndcg@10 = 0.0299

2024-08-11 00:07:37.227175: step 608/24320 (epoch 2/80), loss = 1.839134 (92.739 sec/epoch), lr: 0.004000
Evaluating on dev set...
...........................
source: 	 mrr: 0.029355	 ndcg_5: 0.0187	 ndcg_10: 0.0285	 hit@1:0.007241	 hit@5:0.0311	 hit@10: 0.0615
target: 	 mrr: 0.045547	 ndcg_5: 0.0358	 ndcg_10: 0.0491	 hit@1:0.015331	 hit@5:0.0537	 hit@10: 0.0955
source best!
.............
source: 	 mrr: 0.030115	 ndcg_5: 0.0198	 ndcg_10: 0.0294	 hit@1:0.006902	 hit@5:0.0337	 hit@10: 0.0637
target best!
..............target: 	 mrr: 0.042544	 ndcg_5: 0.0327	 ndcg_10: 0.0458	 hit@1:0.013032	 hit@5:0.0514	 hit@10: 0.0919
epoch 2: train_loss = 1.839134, source_hit@10 = 0.0637, source_ndcg@10 = 0.0294, target_hit@10 = 0.0919, target_ndcg@10 = 0.0458
new best model saved.

2024-08-11 00:09:10.638862: step 912/24320 (epoch 3/80), loss = 1.796921 (91.743 sec/epoch), lr: 0.004000
Evaluating on dev set...
...........................
source: 	 mrr: 0.034423	 ndcg_5: 0.0228	 ndcg_10: 0.0318	 hit@1:0.010138	 hit@5:0.0362	 hit@10: 0.0644
target: 	 mrr: 0.025982	 ndcg_5: 0.0165	 ndcg_10: 0.0234	 hit@1:0.008362	 hit@5:0.0258	 hit@10: 0.0474
source best!
.............
source: 	 mrr: 0.035151	 ndcg_5: 0.0270	 ndcg_10: 0.0343	 hit@1:0.007669	 hit@5:0.0468	 hit@10: 0.0698
epoch 3: train_loss = 1.796921, source_hit@10 = 0.0698, source_ndcg@10 = 0.0343, target_hit@10 = 0.0474, target_ndcg@10 = 0.0234
new best model saved.

2024-08-11 00:10:43.348438: step 1216/24320 (epoch 4/80), loss = 1.776581 (91.418 sec/epoch), lr: 0.004000
Evaluating on dev set...
...........................
source: 	 mrr: 0.027047	 ndcg_5: 0.0168	 ndcg_10: 0.0253	 hit@1:0.005793	 hit@5:0.0282	 hit@10: 0.0550
target: 	 mrr: 0.044185	 ndcg_5: 0.0367	 ndcg_10: 0.0467	 hit@1:0.013937	 hit@5:0.0599	 hit@10: 0.0906
epoch 4: train_loss = 1.776581, source_hit@10 = 0.0550, source_ndcg@10 = 0.0253, target_hit@10 = 0.0906, target_ndcg@10 = 0.0467

2024-08-11 00:12:16.053139: step 1520/24320 (epoch 5/80), loss = 1.755849 (91.884 sec/epoch), lr: 0.004000
Evaluating on dev set...
...........................
source: 	 mrr: 0.033753	 ndcg_5: 0.0230	 ndcg_10: 0.0336	 hit@1:0.010862	 hit@5:0.0355	 hit@10: 0.0688
target: 	 mrr: 0.039545	 ndcg_5: 0.0296	 ndcg_10: 0.0420	 hit@1:0.013937	 hit@5:0.0460	 hit@10: 0.0850
epoch 5: train_loss = 1.755849, source_hit@10 = 0.0688, source_ndcg@10 = 0.0336, target_hit@10 = 0.0850, target_ndcg@10 = 0.0420

2024-08-11 00:13:49.176988: step 1824/24320 (epoch 6/80), loss = 1.740840 (92.286 sec/epoch), lr: 0.004000
Evaluating on dev set...
...........................
source: 	 mrr: 0.036600	 ndcg_5: 0.0276	 ndcg_10: 0.0352	 hit@1:0.012310	 hit@5:0.0434	 hit@10: 0.0673
target: 	 mrr: 0.027412	 ndcg_5: 0.0188	 ndcg_10: 0.0264	 hit@1:0.005575	 hit@5:0.0328	 hit@10: 0.0564
source best!
.............
source: 	 mrr: 0.033124	 ndcg_5: 0.0240	 ndcg_10: 0.0330	 hit@1:0.007669	 hit@5:0.0414	 hit@10: 0.0690
epoch 6: train_loss = 1.740840, source_hit@10 = 0.0690, source_ndcg@10 = 0.0330, target_hit@10 = 0.0564, target_ndcg@10 = 0.0264
new best model saved.

2024-08-11 00:15:22.284488: step 2128/24320 (epoch 7/80), loss = 1.732624 (91.810 sec/epoch), lr: 0.004000
Evaluating on dev set...
...........................
source: 	 mrr: 0.031627	 ndcg_5: 0.0242	 ndcg_10: 0.0328	 hit@1:0.007965	 hit@5:0.0413	 hit@10: 0.0673
target: 	 mrr: 0.029888	 ndcg_5: 0.0205	 ndcg_10: 0.0306	 hit@1:0.009059	 hit@5:0.0334	 hit@10: 0.0655
epoch 7: train_loss = 1.732624, source_hit@10 = 0.0673, source_ndcg@10 = 0.0328, target_hit@10 = 0.0655, target_ndcg@10 = 0.0306

2024-08-11 00:16:55.020866: step 2432/24320 (epoch 8/80), loss = 1.726076 (91.940 sec/epoch), lr: 0.004000
Evaluating on dev set...
...........................
source: 	 mrr: 0.033168	 ndcg_5: 0.0230	 ndcg_10: 0.0313	 hit@1:0.008689	 hit@5:0.0362	 hit@10: 0.0623
target: 	 mrr: 0.029656	 ndcg_5: 0.0220	 ndcg_10: 0.0297	 hit@1:0.008362	 hit@5:0.0348	 hit@10: 0.0585
epoch 8: train_loss = 1.726076, source_hit@10 = 0.0623, source_ndcg@10 = 0.0313, target_hit@10 = 0.0585, target_ndcg@10 = 0.0297

2024-08-11 00:18:28.767957: step 2736/24320 (epoch 9/80), loss = 1.716914 (92.891 sec/epoch), lr: 0.004000
Evaluating on dev set...
...........................
source: 	 mrr: 0.031048	 ndcg_5: 0.0200	 ndcg_10: 0.0300	 hit@1:0.008689	 hit@5:0.0311	 hit@10: 0.0630
target: 	 mrr: 0.045385	 ndcg_5: 0.0362	 ndcg_10: 0.0503	 hit@1:0.014634	 hit@5:0.0585	 hit@10: 0.1024
epoch 9: train_loss = 1.716914, source_hit@10 = 0.0630, source_ndcg@10 = 0.0300, target_hit@10 = 0.1024, target_ndcg@10 = 0.0503

2024-08-11 00:20:02.272059: step 3040/24320 (epoch 10/80), loss = 1.712647 (92.778 sec/epoch), lr: 0.004000
Evaluating on dev set...
...........................
source: 	 mrr: 0.032747	 ndcg_5: 0.0224	 ndcg_10: 0.0329	 hit@1:0.007965	 hit@5:0.0362	 hit@10: 0.0695
target: 	 mrr: 0.050257	 ndcg_5: 0.0426	 ndcg_10: 0.0548	 hit@1:0.015331	 hit@5:0.0676	 hit@10: 0.1059
target best!
..............target: 	 mrr: 0.049686	 ndcg_5: 0.0403	 ndcg_10: 0.0555	 hit@1:0.015089	 hit@5:0.0665	 hit@10: 0.1132
epoch 10: train_loss = 1.712647, source_hit@10 = 0.0695, source_ndcg@10 = 0.0329, target_hit@10 = 0.1132, target_ndcg@10 = 0.0555
new best model saved.

2024-08-11 00:21:35.942725: step 3344/24320 (epoch 11/80), loss = 1.710540 (92.449 sec/epoch), lr: 0.004000
Evaluating on dev set...
...........................
source: 	 mrr: 0.034349	 ndcg_5: 0.0248	 ndcg_10: 0.0322	 hit@1:0.011586	 hit@5:0.0384	 hit@10: 0.0615
target: 	 mrr: 0.047388	 ndcg_5: 0.0387	 ndcg_10: 0.0513	 hit@1:0.016028	 hit@5:0.0620	 hit@10: 0.1017
epoch 11: train_loss = 1.710540, source_hit@10 = 0.0615, source_ndcg@10 = 0.0322, target_hit@10 = 0.1017, target_ndcg@10 = 0.0513

2024-08-11 00:23:09.003066: step 3648/24320 (epoch 12/80), loss = 1.701431 (92.239 sec/epoch), lr: 0.003800
Evaluating on dev set...
...........................
source: 	 mrr: 0.034831	 ndcg_5: 0.0250	 ndcg_10: 0.0322	 hit@1:0.009413	 hit@5:0.0406	 hit@10: 0.0630
target: 	 mrr: 0.041939	 ndcg_5: 0.0339	 ndcg_10: 0.0478	 hit@1:0.008362	 hit@5:0.0599	 hit@10: 0.1031
epoch 12: train_loss = 1.701431, source_hit@10 = 0.0630, source_ndcg@10 = 0.0322, target_hit@10 = 0.1031, target_ndcg@10 = 0.0478

2024-08-11 00:24:41.611851: step 3952/24320 (epoch 13/80), loss = 1.698688 (91.674 sec/epoch), lr: 0.003610
Evaluating on dev set...
...........................
source: 	 mrr: 0.021500	 ndcg_5: 0.0120	 ndcg_10: 0.0165	 hit@1:0.004345	 hit@5:0.0203	 hit@10: 0.0348
target: 	 mrr: 0.047358	 ndcg_5: 0.0415	 ndcg_10: 0.0514	 hit@1:0.015331	 hit@5:0.0683	 hit@10: 0.0990
epoch 13: train_loss = 1.698688, source_hit@10 = 0.0348, source_ndcg@10 = 0.0165, target_hit@10 = 0.0990, target_ndcg@10 = 0.0514

2024-08-11 00:26:15.485899: step 4256/24320 (epoch 14/80), loss = 1.692907 (93.164 sec/epoch), lr: 0.003429
Evaluating on dev set...
...........................
source: 	 mrr: 0.035879	 ndcg_5: 0.0226	 ndcg_10: 0.0331	 hit@1:0.009413	 hit@5:0.0362	 hit@10: 0.0688
target: 	 mrr: 0.039242	 ndcg_5: 0.0297	 ndcg_10: 0.0415	 hit@1:0.013937	 hit@5:0.0467	 hit@10: 0.0829
epoch 14: train_loss = 1.692907, source_hit@10 = 0.0688, source_ndcg@10 = 0.0331, target_hit@10 = 0.0829, target_ndcg@10 = 0.0415

2024-08-11 00:27:48.963464: step 4560/24320 (epoch 15/80), loss = 1.689597 (92.639 sec/epoch), lr: 0.003429
Evaluating on dev set...
...........................
source: 	 mrr: 0.033605	 ndcg_5: 0.0237	 ndcg_10: 0.0316	 hit@1:0.007965	 hit@5:0.0391	 hit@10: 0.0637
target: 	 mrr: 0.041487	 ndcg_5: 0.0311	 ndcg_10: 0.0432	 hit@1:0.013240	 hit@5:0.0481	 hit@10: 0.0857
epoch 15: train_loss = 1.689597, source_hit@10 = 0.0637, source_ndcg@10 = 0.0316, target_hit@10 = 0.0857, target_ndcg@10 = 0.0432

2024-08-11 00:29:22.551913: step 4864/24320 (epoch 16/80), loss = 1.685384 (92.697 sec/epoch), lr: 0.003258
Evaluating on dev set...
...........................
source: 	 mrr: 0.035783	 ndcg_5: 0.0267	 ndcg_10: 0.0372	 hit@1:0.008689	 hit@5:0.0456	 hit@10: 0.0775
target: 	 mrr: 0.054858	 ndcg_5: 0.0466	 ndcg_10: 0.0597	 hit@1:0.022997	 hit@5:0.0711	 hit@10: 0.1122
target best!
..............target: 	 mrr: 0.058084	 ndcg_5: 0.0494	 ndcg_10: 0.0618	 hit@1:0.026063	 hit@5:0.0741	 hit@10: 0.1132
epoch 16: train_loss = 1.685384, source_hit@10 = 0.0775, source_ndcg@10 = 0.0372, target_hit@10 = 0.1132, target_ndcg@10 = 0.0618
new best model saved.

2024-08-11 00:30:56.985396: step 5168/24320 (epoch 17/80), loss = 1.680791 (93.074 sec/epoch), lr: 0.003258
Evaluating on dev set...
...........................
source: 	 mrr: 0.028539	 ndcg_5: 0.0192	 ndcg_10: 0.0278	 hit@1:0.006517	 hit@5:0.0319	 hit@10: 0.0587
target: 	 mrr: 0.040908	 ndcg_5: 0.0317	 ndcg_10: 0.0410	 hit@1:0.016725	 hit@5:0.0467	 hit@10: 0.0760
epoch 17: train_loss = 1.680791, source_hit@10 = 0.0587, source_ndcg@10 = 0.0278, target_hit@10 = 0.0760, target_ndcg@10 = 0.0410

2024-08-11 00:32:30.096578: step 5472/24320 (epoch 18/80), loss = 1.676641 (92.279 sec/epoch), lr: 0.003095
Evaluating on dev set...
...........................
source: 	 mrr: 0.048611	 ndcg_5: 0.0391	 ndcg_10: 0.0485	 hit@1:0.020999	 hit@5:0.0565	 hit@10: 0.0862
target: 	 mrr: 0.045166	 ndcg_5: 0.0358	 ndcg_10: 0.0438	 hit@1:0.020906	 hit@5:0.0502	 hit@10: 0.0753
source best!
.............
source: 	 mrr: 0.037579	 ndcg_5: 0.0279	 ndcg_10: 0.0392	 hit@1:0.009202	 hit@5:0.0475	 hit@10: 0.0828
epoch 18: train_loss = 1.676641, source_hit@10 = 0.0828, source_ndcg@10 = 0.0392, target_hit@10 = 0.0753, target_ndcg@10 = 0.0438
new best model saved.

2024-08-11 00:34:02.903050: step 5776/24320 (epoch 19/80), loss = 1.674685 (91.516 sec/epoch), lr: 0.003095
Evaluating on dev set...
...........................
source: 	 mrr: 0.039823	 ndcg_5: 0.0299	 ndcg_10: 0.0408	 hit@1:0.010862	 hit@5:0.0492	 hit@10: 0.0840
target: 	 mrr: 0.055220	 ndcg_5: 0.0482	 ndcg_10: 0.0604	 hit@1:0.022300	 hit@5:0.0739	 hit@10: 0.1122
target best!
..............target: 	 mrr: 0.056446	 ndcg_5: 0.0493	 ndcg_10: 0.0621	 hit@1:0.019890	 hit@5:0.0768	 hit@10: 0.1173
epoch 19: train_loss = 1.674685, source_hit@10 = 0.0840, source_ndcg@10 = 0.0408, target_hit@10 = 0.1173, target_ndcg@10 = 0.0621
new best model saved.

2024-08-11 00:35:37.442547: step 6080/24320 (epoch 20/80), loss = 1.674182 (93.188 sec/epoch), lr: 0.003095
Evaluating on dev set...
...........................
source: 	 mrr: 0.036951	 ndcg_5: 0.0242	 ndcg_10: 0.0337	 hit@1:0.012310	 hit@5:0.0355	 hit@10: 0.0652
target: 	 mrr: 0.052052	 ndcg_5: 0.0450	 ndcg_10: 0.0571	 hit@1:0.020209	 hit@5:0.0697	 hit@10: 0.1073
epoch 20: train_loss = 1.674182, source_hit@10 = 0.0652, source_ndcg@10 = 0.0337, target_hit@10 = 0.1073, target_ndcg@10 = 0.0571

2024-08-11 00:37:11.363448: step 6384/24320 (epoch 21/80), loss = 1.667673 (93.103 sec/epoch), lr: 0.002940
Evaluating on dev set...
...........................
source: 	 mrr: 0.038372	 ndcg_5: 0.0301	 ndcg_10: 0.0392	 hit@1:0.013034	 hit@5:0.0456	 hit@10: 0.0746
target: 	 mrr: 0.052507	 ndcg_5: 0.0445	 ndcg_10: 0.0552	 hit@1:0.020906	 hit@5:0.0662	 hit@10: 0.0997
epoch 21: train_loss = 1.667673, source_hit@10 = 0.0746, source_ndcg@10 = 0.0392, target_hit@10 = 0.0997, target_ndcg@10 = 0.0552

2024-08-11 00:38:44.286931: step 6688/24320 (epoch 22/80), loss = 1.662669 (92.066 sec/epoch), lr: 0.002940
Evaluating on dev set...
...........................
source: 	 mrr: 0.039882	 ndcg_5: 0.0306	 ndcg_10: 0.0406	 hit@1:0.012310	 hit@5:0.0492	 hit@10: 0.0811
target: 	 mrr: 0.052860	 ndcg_5: 0.0443	 ndcg_10: 0.0566	 hit@1:0.020209	 hit@5:0.0676	 hit@10: 0.1059
epoch 22: train_loss = 1.662669, source_hit@10 = 0.0811, source_ndcg@10 = 0.0406, target_hit@10 = 0.1059, target_ndcg@10 = 0.0566

2024-08-11 00:40:18.367377: step 6992/24320 (epoch 23/80), loss = 1.656903 (93.334 sec/epoch), lr: 0.002940
Evaluating on dev set...
...........................
source: 	 mrr: 0.026914	 ndcg_5: 0.0183	 ndcg_10: 0.0276	 hit@1:0.005793	 hit@5:0.0311	 hit@10: 0.0601
target: 	 mrr: 0.047729	 ndcg_5: 0.0376	 ndcg_10: 0.0518	 hit@1:0.013937	 hit@5:0.0606	 hit@10: 0.1045
epoch 23: train_loss = 1.656903, source_hit@10 = 0.0601, source_ndcg@10 = 0.0276, target_hit@10 = 0.1045, target_ndcg@10 = 0.0518

2024-08-11 00:41:52.680159: step 7296/24320 (epoch 24/80), loss = 1.650359 (93.443 sec/epoch), lr: 0.002793
Evaluating on dev set...
...........................
source: 	 mrr: 0.040905	 ndcg_5: 0.0294	 ndcg_10: 0.0398	 hit@1:0.012310	 hit@5:0.0471	 hit@10: 0.0797
target: 	 mrr: 0.056430	 ndcg_5: 0.0495	 ndcg_10: 0.0618	 hit@1:0.020906	 hit@5:0.0767	 hit@10: 0.1157
target best!
..............target: 	 mrr: 0.053521	 ndcg_5: 0.0462	 ndcg_10: 0.0603	 hit@1:0.015089	 hit@5:0.0761	 hit@10: 0.1207
epoch 24: train_loss = 1.650359, source_hit@10 = 0.0797, source_ndcg@10 = 0.0398, target_hit@10 = 0.1207, target_ndcg@10 = 0.0603
new best model saved.

2024-08-11 00:43:26.434185: step 7600/24320 (epoch 25/80), loss = 1.646028 (92.326 sec/epoch), lr: 0.002793
Evaluating on dev set...
...........................
source: 	 mrr: 0.032120	 ndcg_5: 0.0239	 ndcg_10: 0.0311	 hit@1:0.008689	 hit@5:0.0391	 hit@10: 0.0615
target: 	 mrr: 0.046647	 ndcg_5: 0.0405	 ndcg_10: 0.0507	 hit@1:0.014634	 hit@5:0.0669	 hit@10: 0.0983
epoch 25: train_loss = 1.646028, source_hit@10 = 0.0615, source_ndcg@10 = 0.0311, target_hit@10 = 0.0983, target_ndcg@10 = 0.0507

2024-08-11 00:45:00.242695: step 7904/24320 (epoch 26/80), loss = 1.638723 (92.967 sec/epoch), lr: 0.002654
Evaluating on dev set...
...........................
source: 	 mrr: 0.036279	 ndcg_5: 0.0247	 ndcg_10: 0.0358	 hit@1:0.012310	 hit@5:0.0369	 hit@10: 0.0717
target: 	 mrr: 0.053704	 ndcg_5: 0.0451	 ndcg_10: 0.0584	 hit@1:0.020209	 hit@5:0.0704	 hit@10: 0.1122
epoch 26: train_loss = 1.638723, source_hit@10 = 0.0717, source_ndcg@10 = 0.0358, target_hit@10 = 0.1122, target_ndcg@10 = 0.0584

2024-08-11 00:46:32.762830: step 8208/24320 (epoch 27/80), loss = 1.640632 (91.693 sec/epoch), lr: 0.002654
Evaluating on dev set...
...........................
source: 	 mrr: 0.035360	 ndcg_5: 0.0231	 ndcg_10: 0.0355	 hit@1:0.007965	 hit@5:0.0391	 hit@10: 0.0782
target: 	 mrr: 0.047692	 ndcg_5: 0.0392	 ndcg_10: 0.0512	 hit@1:0.017422	 hit@5:0.0613	 hit@10: 0.0983
epoch 27: train_loss = 1.640632, source_hit@10 = 0.0782, source_ndcg@10 = 0.0355, target_hit@10 = 0.0983, target_ndcg@10 = 0.0512

2024-08-11 00:48:07.476547: step 8512/24320 (epoch 28/80), loss = 1.630046 (93.896 sec/epoch), lr: 0.002521
Evaluating on dev set...
...........................
source: 	 mrr: 0.021773	 ndcg_5: 0.0121	 ndcg_10: 0.0172	 hit@1:0.004345	 hit@5:0.0210	 hit@10: 0.0369
target: 	 mrr: 0.055023	 ndcg_5: 0.0446	 ndcg_10: 0.0613	 hit@1:0.019512	 hit@5:0.0690	 hit@10: 0.1206
epoch 28: train_loss = 1.630046, source_hit@10 = 0.0369, source_ndcg@10 = 0.0172, target_hit@10 = 0.1206, target_ndcg@10 = 0.0613

2024-08-11 00:49:42.395604: step 8816/24320 (epoch 29/80), loss = 1.626626 (94.070 sec/epoch), lr: 0.002395
Evaluating on dev set...
...........................
source: 	 mrr: 0.037033	 ndcg_5: 0.0248	 ndcg_10: 0.0382	 hit@1:0.005793	 hit@5:0.0434	 hit@10: 0.0854
target: 	 mrr: 0.055600	 ndcg_5: 0.0499	 ndcg_10: 0.0627	 hit@1:0.019512	 hit@5:0.0808	 hit@10: 0.1213
epoch 29: train_loss = 1.626626, source_hit@10 = 0.0854, source_ndcg@10 = 0.0382, target_hit@10 = 0.1213, target_ndcg@10 = 0.0627

2024-08-11 00:51:16.362798: step 9120/24320 (epoch 30/80), loss = 1.625510 (93.216 sec/epoch), lr: 0.002395
Evaluating on dev set...
...........................
source: 	 mrr: 0.041116	 ndcg_5: 0.0294	 ndcg_10: 0.0414	 hit@1:0.012310	 hit@5:0.0471	 hit@10: 0.0847
target: 	 mrr: 0.047310	 ndcg_5: 0.0402	 ndcg_10: 0.0488	 hit@1:0.016028	 hit@5:0.0641	 hit@10: 0.0913
epoch 30: train_loss = 1.625510, source_hit@10 = 0.0847, source_ndcg@10 = 0.0414, target_hit@10 = 0.0913, target_ndcg@10 = 0.0488
shift to transfer learning mode

2024-08-11 00:53:02.789465: step 9424/24320 (epoch 31/80), loss = 1.639599 (105.491 sec/epoch), lr: 0.002275
Evaluating on dev set...
...........................
source: 	 mrr: 0.041166	 ndcg_5: 0.0273	 ndcg_10: 0.0403	 hit@1:0.013034	 hit@5:0.0420	 hit@10: 0.0825
target: 	 mrr: 0.055709	 ndcg_5: 0.0462	 ndcg_10: 0.0604	 hit@1:0.024390	 hit@5:0.0683	 hit@10: 0.1129
epoch 31: train_loss = 1.639599, source_hit@10 = 0.0825, source_ndcg@10 = 0.0403, target_hit@10 = 0.1129, target_ndcg@10 = 0.0604

2024-08-11 00:54:52.157437: step 9728/24320 (epoch 32/80), loss = 1.637749 (108.588 sec/epoch), lr: 0.002275
Evaluating on dev set...
...........................
source: 	 mrr: 0.036186	 ndcg_5: 0.0244	 ndcg_10: 0.0346	 hit@1:0.009413	 hit@5:0.0406	 hit@10: 0.0724
target: 	 mrr: 0.045469	 ndcg_5: 0.0368	 ndcg_10: 0.0529	 hit@1:0.012544	 hit@5:0.0634	 hit@10: 0.1136
epoch 32: train_loss = 1.637749, source_hit@10 = 0.0724, source_ndcg@10 = 0.0346, target_hit@10 = 0.1136, target_ndcg@10 = 0.0529

2024-08-11 00:56:42.958607: step 10032/24320 (epoch 33/80), loss = 1.633080 (110.090 sec/epoch), lr: 0.002161
Evaluating on dev set...
...........................
source: 	 mrr: 0.036239	 ndcg_5: 0.0260	 ndcg_10: 0.0375	 hit@1:0.007965	 hit@5:0.0434	 hit@10: 0.0797
target: 	 mrr: 0.051666	 ndcg_5: 0.0428	 ndcg_10: 0.0587	 hit@1:0.016725	 hit@5:0.0690	 hit@10: 0.1185
epoch 33: train_loss = 1.633080, source_hit@10 = 0.0797, source_ndcg@10 = 0.0375, target_hit@10 = 0.1185, target_ndcg@10 = 0.0587

2024-08-11 00:58:30.458409: step 10336/24320 (epoch 34/80), loss = 1.629889 (106.729 sec/epoch), lr: 0.002161
Evaluating on dev set...
...........................
source: 	 mrr: 0.036917	 ndcg_5: 0.0270	 ndcg_10: 0.0338	 hit@1:0.012310	 hit@5:0.0420	 hit@10: 0.0630
target: 	 mrr: 0.049483	 ndcg_5: 0.0389	 ndcg_10: 0.0554	 hit@1:0.016725	 hit@5:0.0613	 hit@10: 0.1129
epoch 34: train_loss = 1.629889, source_hit@10 = 0.0630, source_ndcg@10 = 0.0338, target_hit@10 = 0.1129, target_ndcg@10 = 0.0554

2024-08-11 01:00:24.746913: step 10640/24320 (epoch 35/80), loss = 1.623026 (113.375 sec/epoch), lr: 0.002053
Evaluating on dev set...
...........................
source: 	 mrr: 0.028595	 ndcg_5: 0.0198	 ndcg_10: 0.0274	 hit@1:0.007241	 hit@5:0.0333	 hit@10: 0.0572
target: 	 mrr: 0.064208	 ndcg_5: 0.0589	 ndcg_10: 0.0707	 hit@1:0.023693	 hit@5:0.0927	 hit@10: 0.1289
target best!
..............target: 	 mrr: 0.058605	 ndcg_5: 0.0482	 ndcg_10: 0.0610	 hit@1:0.021948	 hit@5:0.0720	 hit@10: 0.1118
epoch 35: train_loss = 1.623026, source_hit@10 = 0.0572, source_ndcg@10 = 0.0274, target_hit@10 = 0.1118, target_ndcg@10 = 0.0610
new best model saved.

2024-08-11 01:02:14.312945: step 10944/24320 (epoch 36/80), loss = 1.623859 (108.232 sec/epoch), lr: 0.002053
Evaluating on dev set...
...........................
source: 	 mrr: 0.042454	 ndcg_5: 0.0305	 ndcg_10: 0.0439	 hit@1:0.011586	 hit@5:0.0500	 hit@10: 0.0920
target: 	 mrr: 0.046864	 ndcg_5: 0.0399	 ndcg_10: 0.0512	 hit@1:0.016028	 hit@5:0.0655	 hit@10: 0.1003
epoch 36: train_loss = 1.623859, source_hit@10 = 0.0920, source_ndcg@10 = 0.0439, target_hit@10 = 0.1003, target_ndcg@10 = 0.0512

2024-08-11 01:04:01.486045: step 11248/24320 (epoch 37/80), loss = 1.620428 (106.354 sec/epoch), lr: 0.001951
Evaluating on dev set...
...........................
source: 	 mrr: 0.037906	 ndcg_5: 0.0276	 ndcg_10: 0.0375	 hit@1:0.009413	 hit@5:0.0456	 hit@10: 0.0768
target: 	 mrr: 0.058290	 ndcg_5: 0.0508	 ndcg_10: 0.0644	 hit@1:0.020209	 hit@5:0.0808	 hit@10: 0.1233
epoch 37: train_loss = 1.620428, source_hit@10 = 0.0768, source_ndcg@10 = 0.0375, target_hit@10 = 0.1233, target_ndcg@10 = 0.0644

2024-08-11 01:05:51.283451: step 11552/24320 (epoch 38/80), loss = 1.617133 (108.907 sec/epoch), lr: 0.001951
Evaluating on dev set...
...........................
source: 	 mrr: 0.037081	 ndcg_5: 0.0268	 ndcg_10: 0.0368	 hit@1:0.007965	 hit@5:0.0463	 hit@10: 0.0782
target: 	 mrr: 0.042646	 ndcg_5: 0.0351	 ndcg_10: 0.0467	 hit@1:0.011150	 hit@5:0.0599	 hit@10: 0.0962
epoch 38: train_loss = 1.617133, source_hit@10 = 0.0782, source_ndcg@10 = 0.0368, target_hit@10 = 0.0962, target_ndcg@10 = 0.0467

2024-08-11 01:07:41.484339: step 11856/24320 (epoch 39/80), loss = 1.612326 (109.477 sec/epoch), lr: 0.001853
Evaluating on dev set...
...........................
source: 	 mrr: 0.035352	 ndcg_5: 0.0262	 ndcg_10: 0.0324	 hit@1:0.010138	 hit@5:0.0427	 hit@10: 0.0623
target: 	 mrr: 0.058957	 ndcg_5: 0.0502	 ndcg_10: 0.0664	 hit@1:0.022300	 hit@5:0.0760	 hit@10: 0.1268
epoch 39: train_loss = 1.612326, source_hit@10 = 0.0623, source_ndcg@10 = 0.0324, target_hit@10 = 0.1268, target_ndcg@10 = 0.0664

2024-08-11 01:09:30.168689: step 12160/24320 (epoch 40/80), loss = 1.614749 (108.055 sec/epoch), lr: 0.001853
Evaluating on dev set...
...........................
source: 	 mrr: 0.041234	 ndcg_5: 0.0274	 ndcg_10: 0.0382	 hit@1:0.015206	 hit@5:0.0391	 hit@10: 0.0724
target: 	 mrr: 0.041460	 ndcg_5: 0.0335	 ndcg_10: 0.0428	 hit@1:0.014634	 hit@5:0.0530	 hit@10: 0.0822
epoch 40: train_loss = 1.614749, source_hit@10 = 0.0724, source_ndcg@10 = 0.0382, target_hit@10 = 0.0822, target_ndcg@10 = 0.0428

2024-08-11 01:11:17.405427: step 12464/24320 (epoch 41/80), loss = 1.608452 (106.393 sec/epoch), lr: 0.001761
Evaluating on dev set...
...........................
source: 	 mrr: 0.035751	 ndcg_5: 0.0241	 ndcg_10: 0.0333	 hit@1:0.007965	 hit@5:0.0398	 hit@10: 0.0688
target: 	 mrr: 0.052337	 ndcg_5: 0.0416	 ndcg_10: 0.0583	 hit@1:0.016725	 hit@5:0.0648	 hit@10: 0.1164
epoch 41: train_loss = 1.608452, source_hit@10 = 0.0688, source_ndcg@10 = 0.0333, target_hit@10 = 0.1164, target_ndcg@10 = 0.0583

2024-08-11 01:13:06.113396: step 12768/24320 (epoch 42/80), loss = 1.606665 (107.864 sec/epoch), lr: 0.001761
Evaluating on dev set...
...........................
source: 	 mrr: 0.040219	 ndcg_5: 0.0288	 ndcg_10: 0.0387	 hit@1:0.013034	 hit@5:0.0449	 hit@10: 0.0760
target: 	 mrr: 0.059452	 ndcg_5: 0.0504	 ndcg_10: 0.0631	 hit@1:0.026481	 hit@5:0.0753	 hit@10: 0.1143
epoch 42: train_loss = 1.606665, source_hit@10 = 0.0760, source_ndcg@10 = 0.0387, target_hit@10 = 0.1143, target_ndcg@10 = 0.0631

2024-08-11 01:14:47.616848: step 13072/24320 (epoch 43/80), loss = 1.603137 (100.739 sec/epoch), lr: 0.001761
Evaluating on dev set...
...........................
source: 	 mrr: 0.034958	 ndcg_5: 0.0216	 ndcg_10: 0.0335	 hit@1:0.008689	 hit@5:0.0355	 hit@10: 0.0731
target: 	 mrr: 0.053466	 ndcg_5: 0.0445	 ndcg_10: 0.0582	 hit@1:0.019512	 hit@5:0.0683	 hit@10: 0.1108
epoch 43: train_loss = 1.603137, source_hit@10 = 0.0731, source_ndcg@10 = 0.0335, target_hit@10 = 0.1108, target_ndcg@10 = 0.0582

2024-08-11 01:16:35.226389: step 13376/24320 (epoch 44/80), loss = 1.600406 (106.788 sec/epoch), lr: 0.001672
Evaluating on dev set...
...........................
source: 	 mrr: 0.040787	 ndcg_5: 0.0262	 ndcg_10: 0.0410	 hit@1:0.012310	 hit@5:0.0413	 hit@10: 0.0876
target: 	 mrr: 0.057763	 ndcg_5: 0.0485	 ndcg_10: 0.0638	 hit@1:0.020209	 hit@5:0.0753	 hit@10: 0.1233
epoch 44: train_loss = 1.600406, source_hit@10 = 0.0876, source_ndcg@10 = 0.0410, target_hit@10 = 0.1233, target_ndcg@10 = 0.0638

2024-08-11 01:18:27.705506: step 13680/24320 (epoch 45/80), loss = 1.597364 (111.631 sec/epoch), lr: 0.001672
Evaluating on dev set...
...........................
source: 	 mrr: 0.033879	 ndcg_5: 0.0240	 ndcg_10: 0.0328	 hit@1:0.007241	 hit@5:0.0420	 hit@10: 0.0695
target: 	 mrr: 0.050066	 ndcg_5: 0.0419	 ndcg_10: 0.0544	 hit@1:0.015331	 hit@5:0.0690	 hit@10: 0.1080
epoch 45: train_loss = 1.597364, source_hit@10 = 0.0695, source_ndcg@10 = 0.0328, target_hit@10 = 0.1080, target_ndcg@10 = 0.0544

2024-08-11 01:20:18.083855: step 13984/24320 (epoch 46/80), loss = 1.591577 (109.325 sec/epoch), lr: 0.001589
Evaluating on dev set...
...........................
source: 	 mrr: 0.035986	 ndcg_5: 0.0273	 ndcg_10: 0.0366	 hit@1:0.007965	 hit@5:0.0463	 hit@10: 0.0753
target: 	 mrr: 0.052281	 ndcg_5: 0.0443	 ndcg_10: 0.0573	 hit@1:0.016725	 hit@5:0.0725	 hit@10: 0.1129
epoch 46: train_loss = 1.591577, source_hit@10 = 0.0753, source_ndcg@10 = 0.0366, target_hit@10 = 0.1129, target_ndcg@10 = 0.0573

2024-08-11 01:22:09.035115: step 14288/24320 (epoch 47/80), loss = 1.594723 (110.017 sec/epoch), lr: 0.001589
Evaluating on dev set...
...........................
source: 	 mrr: 0.033443	 ndcg_5: 0.0196	 ndcg_10: 0.0301	 hit@1:0.005069	 hit@5:0.0326	 hit@10: 0.0652
target: 	 mrr: 0.057294	 ndcg_5: 0.0490	 ndcg_10: 0.0638	 hit@1:0.020906	 hit@5:0.0767	 hit@10: 0.1226
epoch 47: train_loss = 1.594723, source_hit@10 = 0.0652, source_ndcg@10 = 0.0301, target_hit@10 = 0.1226, target_ndcg@10 = 0.0638

2024-08-11 01:23:59.726946: step 14592/24320 (epoch 48/80), loss = 1.592443 (109.922 sec/epoch), lr: 0.001589
Evaluating on dev set...
...........................
source: 	 mrr: 0.039106	 ndcg_5: 0.0268	 ndcg_10: 0.0402	 hit@1:0.009413	 hit@5:0.0449	 hit@10: 0.0869
target: 	 mrr: 0.061101	 ndcg_5: 0.0538	 ndcg_10: 0.0679	 hit@1:0.024390	 hit@5:0.0843	 hit@10: 0.1282
epoch 48: train_loss = 1.592443, source_hit@10 = 0.0869, source_ndcg@10 = 0.0402, target_hit@10 = 0.1282, target_ndcg@10 = 0.0679

2024-08-11 01:25:48.228837: step 14896/24320 (epoch 49/80), loss = 1.588248 (107.643 sec/epoch), lr: 0.001589
Evaluating on dev set...
...........................
source: 	 mrr: 0.040138	 ndcg_5: 0.0300	 ndcg_10: 0.0419	 hit@1:0.010138	 hit@5:0.0514	 hit@10: 0.0891
target: 	 mrr: 0.056434	 ndcg_5: 0.0487	 ndcg_10: 0.0628	 hit@1:0.020906	 hit@5:0.0767	 hit@10: 0.1206
epoch 49: train_loss = 1.588248, source_hit@10 = 0.0891, source_ndcg@10 = 0.0419, target_hit@10 = 0.1206, target_ndcg@10 = 0.0628

2024-08-11 01:27:40.799034: step 15200/24320 (epoch 50/80), loss = 1.585476 (111.745 sec/epoch), lr: 0.001509
Evaluating on dev set...
...........................
source: 	 mrr: 0.035086	 ndcg_5: 0.0257	 ndcg_10: 0.0332	 hit@1:0.009413	 hit@5:0.0442	 hit@10: 0.0673
target: 	 mrr: 0.048412	 ndcg_5: 0.0404	 ndcg_10: 0.0525	 hit@1:0.016725	 hit@5:0.0648	 hit@10: 0.1024
epoch 50: train_loss = 1.585476, source_hit@10 = 0.0673, source_ndcg@10 = 0.0332, target_hit@10 = 0.1024, target_ndcg@10 = 0.0525

2024-08-11 01:29:34.692671: step 15504/24320 (epoch 51/80), loss = 1.581059 (113.022 sec/epoch), lr: 0.001434
Evaluating on dev set...
...........................
source: 	 mrr: 0.030394	 ndcg_5: 0.0217	 ndcg_10: 0.0293	 hit@1:0.008689	 hit@5:0.0362	 hit@10: 0.0601
target: 	 mrr: 0.054684	 ndcg_5: 0.0476	 ndcg_10: 0.0585	 hit@1:0.019512	 hit@5:0.0753	 hit@10: 0.1087
epoch 51: train_loss = 1.581059, source_hit@10 = 0.0601, source_ndcg@10 = 0.0293, target_hit@10 = 0.1087, target_ndcg@10 = 0.0585

2024-08-11 01:31:24.315884: step 15808/24320 (epoch 52/80), loss = 1.580843 (108.801 sec/epoch), lr: 0.001434
Evaluating on dev set...
...........................
source: 	 mrr: 0.021396	 ndcg_5: 0.0170	 ndcg_10: 0.0209	 hit@1:0.005069	 hit@5:0.0282	 hit@10: 0.0406
target: 	 mrr: 0.057295	 ndcg_5: 0.0476	 ndcg_10: 0.0631	 hit@1:0.020209	 hit@5:0.0753	 hit@10: 0.1240
epoch 52: train_loss = 1.580843, source_hit@10 = 0.0406, source_ndcg@10 = 0.0209, target_hit@10 = 0.1240, target_ndcg@10 = 0.0631

2024-08-11 01:33:11.914277: step 16112/24320 (epoch 53/80), loss = 1.576794 (106.807 sec/epoch), lr: 0.001362
Evaluating on dev set...
...........................
source: 	 mrr: 0.040638	 ndcg_5: 0.0302	 ndcg_10: 0.0424	 hit@1:0.009413	 hit@5:0.0529	 hit@10: 0.0912
target: 	 mrr: 0.051850	 ndcg_5: 0.0439	 ndcg_10: 0.0565	 hit@1:0.017422	 hit@5:0.0704	 hit@10: 0.1101
epoch 53: train_loss = 1.576794, source_hit@10 = 0.0912, source_ndcg@10 = 0.0424, target_hit@10 = 0.1101, target_ndcg@10 = 0.0565

2024-08-11 01:35:04.008718: step 16416/24320 (epoch 54/80), loss = 1.572417 (111.286 sec/epoch), lr: 0.001362
Evaluating on dev set...
...........................
source: 	 mrr: 0.036155	 ndcg_5: 0.0252	 ndcg_10: 0.0370	 hit@1:0.011586	 hit@5:0.0406	 hit@10: 0.0775
target: 	 mrr: 0.053352	 ndcg_5: 0.0450	 ndcg_10: 0.0606	 hit@1:0.015331	 hit@5:0.0746	 hit@10: 0.1220
epoch 54: train_loss = 1.572417, source_hit@10 = 0.0775, source_ndcg@10 = 0.0370, target_hit@10 = 0.1220, target_ndcg@10 = 0.0606

2024-08-11 01:36:53.579708: step 16720/24320 (epoch 55/80), loss = 1.568548 (108.761 sec/epoch), lr: 0.001294
Evaluating on dev set...
...........................
source: 	 mrr: 0.039303	 ndcg_5: 0.0286	 ndcg_10: 0.0387	 hit@1:0.010862	 hit@5:0.0478	 hit@10: 0.0789
target: 	 mrr: 0.058992	 ndcg_5: 0.0509	 ndcg_10: 0.0631	 hit@1:0.023693	 hit@5:0.0780	 hit@10: 0.1150
epoch 55: train_loss = 1.568548, source_hit@10 = 0.0789, source_ndcg@10 = 0.0387, target_hit@10 = 0.1150, target_ndcg@10 = 0.0631

2024-08-11 01:38:44.059726: step 17024/24320 (epoch 56/80), loss = 1.566307 (109.738 sec/epoch), lr: 0.001294
Evaluating on dev set...
...........................
source: 	 mrr: 0.039951	 ndcg_5: 0.0276	 ndcg_10: 0.0384	 hit@1:0.011586	 hit@5:0.0434	 hit@10: 0.0768
target: 	 mrr: 0.057302	 ndcg_5: 0.0473	 ndcg_10: 0.0609	 hit@1:0.023693	 hit@5:0.0711	 hit@10: 0.1136
epoch 56: train_loss = 1.566307, source_hit@10 = 0.0768, source_ndcg@10 = 0.0384, target_hit@10 = 0.1136, target_ndcg@10 = 0.0609
early termination of training
