nohup: ignoring input
/home1/lhr/anaconda3/envs/torch/lib/python3.8/site-packages/torch_geometric/typing.py:54: UserWarning: An issue occurred while importing 'pyg-lib'. Disabling its usage. Stacktrace: /lib/x86_64-linux-gnu/libm.so.6: version `GLIBC_2.29' not found (required by /home1/lhr/anaconda3/envs/torch/lib/python3.8/site-packages/libpyg.so)
  warnings.warn(f"An issue occurred while importing 'pyg-lib'. "
/home1/lhr/anaconda3/envs/torch/lib/python3.8/site-packages/torch_geometric/typing.py:110: UserWarning: An issue occurred while importing 'torch-sparse'. Disabling its usage. Stacktrace: /lib/x86_64-linux-gnu/libm.so.6: version `GLIBC_2.29' not found (required by /home1/lhr/anaconda3/envs/torch/lib/python3.8/site-packages/libpyg.so)
  warnings.warn(f"An issue occurred while importing 'torch-sparse'. "
using gpu:4 to train the model
using gpu:4 to train the model
cuda:4
Namespace(A_split=False, JK='sum', a_fold=100, aggregate=False, alpha=0.5, batch_size=1024, beta_inter=0.5, conv_layers=4, cuda=True, decay_epoch=10, device=device(type='cuda', index=4), device_id='4', domains='game_video', dropout=0.4, epoch=80, feature_dim=126, gamma_intra=0.8, hidden_dim=126, inter_tau=0.2, intra_tau=1, lambda_critic=0.1, leakey=0.05, load=False, log='logs.txt', log_epoch=1, lr=0.004, lr_decay=0.95, min_epoch=50, mode='train', model_file=None, model_name='gv', momentum=0.98, num_latent_factors=3, num_negative=100, optim='adam', patience=20, proj_layers=1, projection=1, rectify_epoch=30, residual=1, save=False, save_dir='./saved_models', seed=32, similarity_tau=0.1, test_sample_number=999, user_batch_size=256, weight_decay=0.0002)
number_user 25025
number_item 12319
/home1/lhr/invariantCDR/invariantCDR/utils/GraphMaker.py:46: RuntimeWarning: divide by zero encountered in power
  r_inv = np.power(rowsum, -1).flatten()
/home1/lhr/invariantCDR/invariantCDR/utils/GraphMaker.py:72: UserWarning: torch.sparse.SparseTensor(indices, values, shape, *, device=) is deprecated.  Please use torch.sparse_coo_tensor(indices, values, shape, dtype=, device=). (Triggered internally at /opt/conda/conda-bld/pytorch_1711403590347/work/torch/csrc/utils/tensor_new.cpp:618.)
  return torch.sparse.FloatTensor(indices, values, shape)
real graph loaded!
number_user 19457
number_item 8751
real graph loaded!
graph loaded!
Loading data from game_video with batch size 1024...
unseen test: 0
test length: 1381
unseen test: 0
test length: 1304
unseen test: 0
test length: 1435
unseen test: 0
test length: 1458
source_user_num 25025
target_user_num 19457
source_item_num 12319
target_item_num 8751
shared users id: 1737
test users 226, 217
unseen test: 0
dev length: 1000
unseen test: 0
dev length: 1000
source train data : 155036, target train data: 156091, source test data : 1304, target test data : 1458, source dev data : 1000, target dev data : 1000
2024-08-11 00:06:19.863495: step 304/24320 (epoch 1/80), loss = 2.244334 (94.975 sec/epoch), lr: 0.004000
Evaluating on dev set...
...........................
source: 	 mrr: 0.032141	 ndcg_5: 0.0245	 ndcg_10: 0.0309	 hit@1:0.010138	 hit@5:0.0406	 hit@10: 0.0608
target: 	 mrr: 0.029388	 ndcg_5: 0.0207	 ndcg_10: 0.0278	 hit@1:0.008362	 hit@5:0.0328	 hit@10: 0.0551
source best!
.............
source: 	 mrr: 0.028738	 ndcg_5: 0.0195	 ndcg_10: 0.0274	 hit@1:0.009202	 hit@5:0.0314	 hit@10: 0.0560
target best!
..............target: 	 mrr: 0.028604	 ndcg_5: 0.0185	 ndcg_10: 0.0269	 hit@1:0.008230	 hit@5:0.0302	 hit@10: 0.0562
epoch 1: train_loss = 2.244334, source_hit@10 = 0.0560, source_ndcg@10 = 0.0274, target_hit@10 = 0.0562, target_ndcg@10 = 0.0269

2024-08-11 00:07:53.386655: step 608/24320 (epoch 2/80), loss = 1.935131 (91.985 sec/epoch), lr: 0.004000
Evaluating on dev set...
...........................
source: 	 mrr: 0.029862	 ndcg_5: 0.0195	 ndcg_10: 0.0277	 hit@1:0.007241	 hit@5:0.0326	 hit@10: 0.0579
target: 	 mrr: 0.028159	 ndcg_5: 0.0215	 ndcg_10: 0.0288	 hit@1:0.004878	 hit@5:0.0404	 hit@10: 0.0634
epoch 2: train_loss = 1.935131, source_hit@10 = 0.0579, source_ndcg@10 = 0.0277, target_hit@10 = 0.0634, target_ndcg@10 = 0.0288

2024-08-11 00:09:27.666562: step 912/24320 (epoch 3/80), loss = 1.852488 (93.471 sec/epoch), lr: 0.004000
Evaluating on dev set...
...........................
source: 	 mrr: 0.030053	 ndcg_5: 0.0192	 ndcg_10: 0.0294	 hit@1:0.006517	 hit@5:0.0319	 hit@10: 0.0630
target: 	 mrr: 0.034496	 ndcg_5: 0.0241	 ndcg_10: 0.0348	 hit@1:0.009756	 hit@5:0.0369	 hit@10: 0.0704
target best!
..............target: 	 mrr: 0.033072	 ndcg_5: 0.0223	 ndcg_10: 0.0324	 hit@1:0.008916	 hit@5:0.0357	 hit@10: 0.0679
epoch 3: train_loss = 1.852488, source_hit@10 = 0.0630, source_ndcg@10 = 0.0294, target_hit@10 = 0.0679, target_ndcg@10 = 0.0324
new best model saved.

2024-08-11 00:11:01.042279: step 1216/24320 (epoch 4/80), loss = 1.818831 (92.006 sec/epoch), lr: 0.004000
Evaluating on dev set...
...........................
source: 	 mrr: 0.033690	 ndcg_5: 0.0225	 ndcg_10: 0.0337	 hit@1:0.010138	 hit@5:0.0355	 hit@10: 0.0702
target: 	 mrr: 0.023372	 ndcg_5: 0.0148	 ndcg_10: 0.0213	 hit@1:0.006272	 hit@5:0.0230	 hit@10: 0.0432
source best!
.............
source: 	 mrr: 0.032005	 ndcg_5: 0.0211	 ndcg_10: 0.0307	 hit@1:0.009969	 hit@5:0.0322	 hit@10: 0.0621
epoch 4: train_loss = 1.818831, source_hit@10 = 0.0621, source_ndcg@10 = 0.0307, target_hit@10 = 0.0432, target_ndcg@10 = 0.0213
new best model saved.

2024-08-11 00:12:34.781171: step 1520/24320 (epoch 5/80), loss = 1.803530 (92.466 sec/epoch), lr: 0.004000
Evaluating on dev set...
...........................
source: 	 mrr: 0.036387	 ndcg_5: 0.0263	 ndcg_10: 0.0339	 hit@1:0.009413	 hit@5:0.0434	 hit@10: 0.0673
target: 	 mrr: 0.025316	 ndcg_5: 0.0155	 ndcg_10: 0.0269	 hit@1:0.003484	 hit@5:0.0272	 hit@10: 0.0634
source best!
.............
source: 	 mrr: 0.034372	 ndcg_5: 0.0235	 ndcg_10: 0.0366	 hit@1:0.006135	 hit@5:0.0414	 hit@10: 0.0828
epoch 5: train_loss = 1.803530, source_hit@10 = 0.0828, source_ndcg@10 = 0.0366, target_hit@10 = 0.0634, target_ndcg@10 = 0.0269
new best model saved.

2024-08-11 00:14:09.078708: step 1824/24320 (epoch 6/80), loss = 1.787146 (92.778 sec/epoch), lr: 0.004000
Evaluating on dev set...
...........................
source: 	 mrr: 0.014972	 ndcg_5: 0.0057	 ndcg_10: 0.0078	 hit@1:0.002896	 hit@5:0.0087	 hit@10: 0.0152
target: 	 mrr: 0.046998	 ndcg_5: 0.0390	 ndcg_10: 0.0508	 hit@1:0.017422	 hit@5:0.0613	 hit@10: 0.0983
target best!
..............target: 	 mrr: 0.040893	 ndcg_5: 0.0303	 ndcg_10: 0.0429	 hit@1:0.012346	 hit@5:0.0480	 hit@10: 0.0878
epoch 6: train_loss = 1.787146, source_hit@10 = 0.0152, source_ndcg@10 = 0.0078, target_hit@10 = 0.0878, target_ndcg@10 = 0.0429
new best model saved.

2024-08-11 00:15:44.138593: step 2128/24320 (epoch 7/80), loss = 1.779026 (93.821 sec/epoch), lr: 0.004000
Evaluating on dev set...
...........................
source: 	 mrr: 0.032331	 ndcg_5: 0.0215	 ndcg_10: 0.0329	 hit@1:0.006517	 hit@5:0.0362	 hit@10: 0.0724
target: 	 mrr: 0.025699	 ndcg_5: 0.0178	 ndcg_10: 0.0245	 hit@1:0.006272	 hit@5:0.0293	 hit@10: 0.0502
epoch 7: train_loss = 1.779026, source_hit@10 = 0.0724, source_ndcg@10 = 0.0329, target_hit@10 = 0.0502, target_ndcg@10 = 0.0245

2024-08-11 00:17:18.430841: step 2432/24320 (epoch 8/80), loss = 1.771166 (93.455 sec/epoch), lr: 0.004000
Evaluating on dev set...
...........................
source: 	 mrr: 0.017115	 ndcg_5: 0.0109	 ndcg_10: 0.0139	 hit@1:0.002896	 hit@5:0.0196	 hit@10: 0.0290
target: 	 mrr: 0.036477	 ndcg_5: 0.0272	 ndcg_10: 0.0364	 hit@1:0.011150	 hit@5:0.0432	 hit@10: 0.0718
epoch 8: train_loss = 1.771166, source_hit@10 = 0.0290, source_ndcg@10 = 0.0139, target_hit@10 = 0.0718, target_ndcg@10 = 0.0364

2024-08-11 00:18:53.372195: step 2736/24320 (epoch 9/80), loss = 1.757659 (94.130 sec/epoch), lr: 0.004000
Evaluating on dev set...
...........................
source: 	 mrr: 0.034897	 ndcg_5: 0.0231	 ndcg_10: 0.0331	 hit@1:0.010138	 hit@5:0.0348	 hit@10: 0.0659
target: 	 mrr: 0.042421	 ndcg_5: 0.0350	 ndcg_10: 0.0456	 hit@1:0.012544	 hit@5:0.0585	 hit@10: 0.0920
epoch 9: train_loss = 1.757659, source_hit@10 = 0.0659, source_ndcg@10 = 0.0331, target_hit@10 = 0.0920, target_ndcg@10 = 0.0456

2024-08-11 00:20:29.168040: step 3040/24320 (epoch 10/80), loss = 1.746269 (94.944 sec/epoch), lr: 0.004000
Evaluating on dev set...
...........................
source: 	 mrr: 0.031861	 ndcg_5: 0.0201	 ndcg_10: 0.0294	 hit@1:0.007965	 hit@5:0.0319	 hit@10: 0.0615
target: 	 mrr: 0.036751	 ndcg_5: 0.0251	 ndcg_10: 0.0377	 hit@1:0.009756	 hit@5:0.0397	 hit@10: 0.0794
epoch 10: train_loss = 1.746269, source_hit@10 = 0.0615, source_ndcg@10 = 0.0294, target_hit@10 = 0.0794, target_ndcg@10 = 0.0377

2024-08-11 00:22:03.007513: step 3344/24320 (epoch 11/80), loss = 1.743228 (93.008 sec/epoch), lr: 0.004000
Evaluating on dev set...
...........................
source: 	 mrr: 0.036593	 ndcg_5: 0.0249	 ndcg_10: 0.0363	 hit@1:0.011586	 hit@5:0.0384	 hit@10: 0.0746
target: 	 mrr: 0.040479	 ndcg_5: 0.0327	 ndcg_10: 0.0420	 hit@1:0.012544	 hit@5:0.0530	 hit@10: 0.0829
source best!
.............
source: 	 mrr: 0.031936	 ndcg_5: 0.0212	 ndcg_10: 0.0309	 hit@1:0.007669	 hit@5:0.0360	 hit@10: 0.0660
epoch 11: train_loss = 1.743228, source_hit@10 = 0.0660, source_ndcg@10 = 0.0309, target_hit@10 = 0.0829, target_ndcg@10 = 0.0420
new best model saved.

2024-08-11 00:23:37.063743: step 3648/24320 (epoch 12/80), loss = 1.736642 (92.751 sec/epoch), lr: 0.004000
Evaluating on dev set...
...........................
source: 	 mrr: 0.037021	 ndcg_5: 0.0280	 ndcg_10: 0.0357	 hit@1:0.009413	 hit@5:0.0463	 hit@10: 0.0702
target: 	 mrr: 0.041222	 ndcg_5: 0.0324	 ndcg_10: 0.0437	 hit@1:0.013240	 hit@5:0.0509	 hit@10: 0.0857
source best!
.............
source: 	 mrr: 0.035177	 ndcg_5: 0.0242	 ndcg_10: 0.0393	 hit@1:0.007669	 hit@5:0.0414	 hit@10: 0.0890
epoch 12: train_loss = 1.736642, source_hit@10 = 0.0890, source_ndcg@10 = 0.0393, target_hit@10 = 0.0857, target_ndcg@10 = 0.0437
new best model saved.

2024-08-11 00:25:11.367508: step 3952/24320 (epoch 13/80), loss = 1.734302 (92.961 sec/epoch), lr: 0.004000
Evaluating on dev set...
...........................
source: 	 mrr: 0.036157	 ndcg_5: 0.0266	 ndcg_10: 0.0364	 hit@1:0.011586	 hit@5:0.0420	 hit@10: 0.0724
target: 	 mrr: 0.030263	 ndcg_5: 0.0218	 ndcg_10: 0.0294	 hit@1:0.011847	 hit@5:0.0321	 hit@10: 0.0557
epoch 13: train_loss = 1.734302, source_hit@10 = 0.0724, source_ndcg@10 = 0.0364, target_hit@10 = 0.0557, target_ndcg@10 = 0.0294

2024-08-11 00:26:45.378560: step 4256/24320 (epoch 14/80), loss = 1.727486 (93.112 sec/epoch), lr: 0.003800
Evaluating on dev set...
...........................
source: 	 mrr: 0.031538	 ndcg_5: 0.0233	 ndcg_10: 0.0297	 hit@1:0.007965	 hit@5:0.0391	 hit@10: 0.0594
target: 	 mrr: 0.033088	 ndcg_5: 0.0254	 ndcg_10: 0.0328	 hit@1:0.011150	 hit@5:0.0404	 hit@10: 0.0634
epoch 14: train_loss = 1.727486, source_hit@10 = 0.0594, source_ndcg@10 = 0.0297, target_hit@10 = 0.0634, target_ndcg@10 = 0.0328

2024-08-11 00:28:19.576657: step 4560/24320 (epoch 15/80), loss = 1.720344 (93.446 sec/epoch), lr: 0.003610
Evaluating on dev set...
...........................
source: 	 mrr: 0.033946	 ndcg_5: 0.0216	 ndcg_10: 0.0312	 hit@1:0.010138	 hit@5:0.0340	 hit@10: 0.0637
target: 	 mrr: 0.049937	 ndcg_5: 0.0415	 ndcg_10: 0.0563	 hit@1:0.018815	 hit@5:0.0648	 hit@10: 0.1115
target best!
..............target: 	 mrr: 0.050264	 ndcg_5: 0.0415	 ndcg_10: 0.0529	 hit@1:0.017833	 hit@5:0.0652	 hit@10: 0.1008
epoch 15: train_loss = 1.720344, source_hit@10 = 0.0637, source_ndcg@10 = 0.0312, target_hit@10 = 0.1008, target_ndcg@10 = 0.0529
new best model saved.

2024-08-11 00:29:53.474192: step 4864/24320 (epoch 16/80), loss = 1.715721 (92.565 sec/epoch), lr: 0.003610
Evaluating on dev set...
...........................
source: 	 mrr: 0.034807	 ndcg_5: 0.0251	 ndcg_10: 0.0335	 hit@1:0.009413	 hit@5:0.0413	 hit@10: 0.0673
target: 	 mrr: 0.021467	 ndcg_5: 0.0147	 ndcg_10: 0.0198	 hit@1:0.004181	 hit@5:0.0258	 hit@10: 0.0418
epoch 16: train_loss = 1.715721, source_hit@10 = 0.0673, source_ndcg@10 = 0.0335, target_hit@10 = 0.0418, target_ndcg@10 = 0.0198

2024-08-11 00:31:26.768541: step 5168/24320 (epoch 17/80), loss = 1.706531 (92.398 sec/epoch), lr: 0.003429
Evaluating on dev set...
...........................
source: 	 mrr: 0.028210	 ndcg_5: 0.0164	 ndcg_10: 0.0262	 hit@1:0.004345	 hit@5:0.0282	 hit@10: 0.0587
target: 	 mrr: 0.040771	 ndcg_5: 0.0309	 ndcg_10: 0.0433	 hit@1:0.011150	 hit@5:0.0502	 hit@10: 0.0892
epoch 17: train_loss = 1.706531, source_hit@10 = 0.0587, source_ndcg@10 = 0.0262, target_hit@10 = 0.0892, target_ndcg@10 = 0.0433

2024-08-11 00:33:00.597092: step 5472/24320 (epoch 18/80), loss = 1.704179 (92.938 sec/epoch), lr: 0.003429
Evaluating on dev set...
...........................
source: 	 mrr: 0.040906	 ndcg_5: 0.0298	 ndcg_10: 0.0422	 hit@1:0.012310	 hit@5:0.0478	 hit@10: 0.0862
target: 	 mrr: 0.034416	 ndcg_5: 0.0252	 ndcg_10: 0.0357	 hit@1:0.009059	 hit@5:0.0411	 hit@10: 0.0739
source best!
.............
source: 	 mrr: 0.039637	 ndcg_5: 0.0303	 ndcg_10: 0.0381	 hit@1:0.011503	 hit@5:0.0483	 hit@10: 0.0729
epoch 18: train_loss = 1.704179, source_hit@10 = 0.0729, source_ndcg@10 = 0.0381, target_hit@10 = 0.0739, target_ndcg@10 = 0.0357
new best model saved.

2024-08-11 00:34:35.520714: step 5776/24320 (epoch 19/80), loss = 1.700019 (93.585 sec/epoch), lr: 0.003429
Evaluating on dev set...
...........................
source: 	 mrr: 0.035057	 ndcg_5: 0.0226	 ndcg_10: 0.0358	 hit@1:0.007241	 hit@5:0.0377	 hit@10: 0.0789
target: 	 mrr: 0.041416	 ndcg_5: 0.0320	 ndcg_10: 0.0436	 hit@1:0.011847	 hit@5:0.0530	 hit@10: 0.0885
epoch 19: train_loss = 1.700019, source_hit@10 = 0.0789, source_ndcg@10 = 0.0358, target_hit@10 = 0.0885, target_ndcg@10 = 0.0436

2024-08-11 00:36:10.639675: step 6080/24320 (epoch 20/80), loss = 1.697199 (94.276 sec/epoch), lr: 0.003429
Evaluating on dev set...
...........................
source: 	 mrr: 0.033585	 ndcg_5: 0.0211	 ndcg_10: 0.0326	 hit@1:0.008689	 hit@5:0.0348	 hit@10: 0.0710
target: 	 mrr: 0.043849	 ndcg_5: 0.0364	 ndcg_10: 0.0482	 hit@1:0.013240	 hit@5:0.0613	 hit@10: 0.0983
epoch 20: train_loss = 1.697199, source_hit@10 = 0.0710, source_ndcg@10 = 0.0326, target_hit@10 = 0.0983, target_ndcg@10 = 0.0482

2024-08-11 00:37:45.924121: step 6384/24320 (epoch 21/80), loss = 1.691876 (94.458 sec/epoch), lr: 0.003429
Evaluating on dev set...
...........................
source: 	 mrr: 0.040556	 ndcg_5: 0.0305	 ndcg_10: 0.0399	 hit@1:0.013034	 hit@5:0.0471	 hit@10: 0.0768
target: 	 mrr: 0.045921	 ndcg_5: 0.0373	 ndcg_10: 0.0491	 hit@1:0.015331	 hit@5:0.0585	 hit@10: 0.0955
epoch 21: train_loss = 1.691876, source_hit@10 = 0.0768, source_ndcg@10 = 0.0399, target_hit@10 = 0.0955, target_ndcg@10 = 0.0491

2024-08-11 00:39:20.259864: step 6688/24320 (epoch 22/80), loss = 1.693046 (93.505 sec/epoch), lr: 0.003429
Evaluating on dev set...
...........................
source: 	 mrr: 0.028049	 ndcg_5: 0.0200	 ndcg_10: 0.0272	 hit@1:0.008689	 hit@5:0.0326	 hit@10: 0.0550
target: 	 mrr: 0.028197	 ndcg_5: 0.0204	 ndcg_10: 0.0289	 hit@1:0.006969	 hit@5:0.0341	 hit@10: 0.0606
epoch 22: train_loss = 1.693046, source_hit@10 = 0.0550, source_ndcg@10 = 0.0272, target_hit@10 = 0.0606, target_ndcg@10 = 0.0289

2024-08-11 00:40:56.107684: step 6992/24320 (epoch 23/80), loss = 1.688662 (94.960 sec/epoch), lr: 0.003258
Evaluating on dev set...
...........................
source: 	 mrr: 0.034536	 ndcg_5: 0.0256	 ndcg_10: 0.0338	 hit@1:0.008689	 hit@5:0.0413	 hit@10: 0.0673
target: 	 mrr: 0.047269	 ndcg_5: 0.0392	 ndcg_10: 0.0511	 hit@1:0.013240	 hit@5:0.0655	 hit@10: 0.1024
epoch 23: train_loss = 1.688662, source_hit@10 = 0.0673, source_ndcg@10 = 0.0338, target_hit@10 = 0.1024, target_ndcg@10 = 0.0511

2024-08-11 00:42:31.167296: step 7296/24320 (epoch 24/80), loss = 1.686287 (94.197 sec/epoch), lr: 0.003258
Evaluating on dev set...
...........................
source: 	 mrr: 0.041963	 ndcg_5: 0.0320	 ndcg_10: 0.0395	 hit@1:0.016655	 hit@5:0.0485	 hit@10: 0.0717
target: 	 mrr: 0.049422	 ndcg_5: 0.0421	 ndcg_10: 0.0541	 hit@1:0.018118	 hit@5:0.0676	 hit@10: 0.1052
source best!
.............
source: 	 mrr: 0.039721	 ndcg_5: 0.0282	 ndcg_10: 0.0407	 hit@1:0.013037	 hit@5:0.0437	 hit@10: 0.0828
epoch 24: train_loss = 1.686287, source_hit@10 = 0.0828, source_ndcg@10 = 0.0407, target_hit@10 = 0.1052, target_ndcg@10 = 0.0541
new best model saved.

2024-08-11 00:44:05.427962: step 7600/24320 (epoch 25/80), loss = 1.682537 (92.848 sec/epoch), lr: 0.003258
Evaluating on dev set...
...........................
source: 	 mrr: 0.033968	 ndcg_5: 0.0234	 ndcg_10: 0.0331	 hit@1:0.011586	 hit@5:0.0348	 hit@10: 0.0652
target: 	 mrr: 0.037069	 ndcg_5: 0.0264	 ndcg_10: 0.0381	 hit@1:0.011847	 hit@5:0.0411	 hit@10: 0.0774
epoch 25: train_loss = 1.682537, source_hit@10 = 0.0652, source_ndcg@10 = 0.0331, target_hit@10 = 0.0774, target_ndcg@10 = 0.0381

2024-08-11 00:45:39.453547: step 7904/24320 (epoch 26/80), loss = 1.676252 (93.184 sec/epoch), lr: 0.003095
Evaluating on dev set...
...........................
source: 	 mrr: 0.042351	 ndcg_5: 0.0311	 ndcg_10: 0.0403	 hit@1:0.014482	 hit@5:0.0471	 hit@10: 0.0760
target: 	 mrr: 0.049324	 ndcg_5: 0.0418	 ndcg_10: 0.0536	 hit@1:0.013937	 hit@5:0.0683	 hit@10: 0.1052
source best!
.............
source: 	 mrr: 0.038096	 ndcg_5: 0.0266	 ndcg_10: 0.0370	 hit@1:0.008436	 hit@5:0.0445	 hit@10: 0.0767
epoch 26: train_loss = 1.676252, source_hit@10 = 0.0767, source_ndcg@10 = 0.0370, target_hit@10 = 0.1052, target_ndcg@10 = 0.0536
new best model saved.

2024-08-11 00:47:15.448800: step 8208/24320 (epoch 27/80), loss = 1.679649 (94.567 sec/epoch), lr: 0.003095
Evaluating on dev set...
...........................
source: 	 mrr: 0.041253	 ndcg_5: 0.0290	 ndcg_10: 0.0412	 hit@1:0.012310	 hit@5:0.0456	 hit@10: 0.0840
target: 	 mrr: 0.051838	 ndcg_5: 0.0441	 ndcg_10: 0.0582	 hit@1:0.018815	 hit@5:0.0690	 hit@10: 0.1136
target best!
..............target: 	 mrr: 0.055324	 ndcg_5: 0.0465	 ndcg_10: 0.0603	 hit@1:0.021948	 hit@5:0.0713	 hit@10: 0.1145
epoch 27: train_loss = 1.679649, source_hit@10 = 0.0840, source_ndcg@10 = 0.0412, target_hit@10 = 0.1145, target_ndcg@10 = 0.0603
new best model saved.

2024-08-11 00:48:52.017679: step 8512/24320 (epoch 28/80), loss = 1.671135 (95.154 sec/epoch), lr: 0.003095
Evaluating on dev set...
...........................
source: 	 mrr: 0.029208	 ndcg_5: 0.0159	 ndcg_10: 0.0267	 hit@1:0.005793	 hit@5:0.0261	 hit@10: 0.0601
target: 	 mrr: 0.048204	 ndcg_5: 0.0374	 ndcg_10: 0.0525	 hit@1:0.018118	 hit@5:0.0578	 hit@10: 0.1045
epoch 28: train_loss = 1.671135, source_hit@10 = 0.0601, source_ndcg@10 = 0.0267, target_hit@10 = 0.1045, target_ndcg@10 = 0.0525

2024-08-11 00:50:26.440376: step 8816/24320 (epoch 29/80), loss = 1.667343 (93.507 sec/epoch), lr: 0.002940
Evaluating on dev set...
...........................
source: 	 mrr: 0.038120	 ndcg_5: 0.0265	 ndcg_10: 0.0375	 hit@1:0.011586	 hit@5:0.0406	 hit@10: 0.0753
target: 	 mrr: 0.055027	 ndcg_5: 0.0462	 ndcg_10: 0.0598	 hit@1:0.020209	 hit@5:0.0711	 hit@10: 0.1136
target best!
..............target: 	 mrr: 0.058840	 ndcg_5: 0.0493	 ndcg_10: 0.0652	 hit@1:0.021948	 hit@5:0.0761	 hit@10: 0.1255
epoch 29: train_loss = 1.667343, source_hit@10 = 0.0753, source_ndcg@10 = 0.0375, target_hit@10 = 0.1255, target_ndcg@10 = 0.0652
new best model saved.

2024-08-11 00:52:02.143732: step 9120/24320 (epoch 30/80), loss = 1.665934 (94.259 sec/epoch), lr: 0.002940
Evaluating on dev set...
...........................
source: 	 mrr: 0.034593	 ndcg_5: 0.0212	 ndcg_10: 0.0347	 hit@1:0.007965	 hit@5:0.0362	 hit@10: 0.0782
target: 	 mrr: 0.049908	 ndcg_5: 0.0418	 ndcg_10: 0.0547	 hit@1:0.014634	 hit@5:0.0676	 hit@10: 0.1080
epoch 30: train_loss = 1.665934, source_hit@10 = 0.0782, source_ndcg@10 = 0.0347, target_hit@10 = 0.1080, target_ndcg@10 = 0.0547
shift to transfer learning mode

2024-08-11 00:53:52.087366: step 9424/24320 (epoch 31/80), loss = 1.688698 (109.152 sec/epoch), lr: 0.002793
Evaluating on dev set...
...........................
source: 	 mrr: 0.039833	 ndcg_5: 0.0277	 ndcg_10: 0.0387	 hit@1:0.011586	 hit@5:0.0449	 hit@10: 0.0797
target: 	 mrr: 0.039559	 ndcg_5: 0.0293	 ndcg_10: 0.0437	 hit@1:0.010453	 hit@5:0.0488	 hit@10: 0.0941
epoch 31: train_loss = 1.688698, source_hit@10 = 0.0797, source_ndcg@10 = 0.0387, target_hit@10 = 0.0941, target_ndcg@10 = 0.0437

2024-08-11 00:55:43.819612: step 9728/24320 (epoch 32/80), loss = 1.684322 (110.931 sec/epoch), lr: 0.002654
Evaluating on dev set...
...........................
source: 	 mrr: 0.035734	 ndcg_5: 0.0233	 ndcg_10: 0.0340	 hit@1:0.009413	 hit@5:0.0377	 hit@10: 0.0717
target: 	 mrr: 0.041947	 ndcg_5: 0.0317	 ndcg_10: 0.0432	 hit@1:0.013937	 hit@5:0.0488	 hit@10: 0.0843
epoch 32: train_loss = 1.684322, source_hit@10 = 0.0717, source_ndcg@10 = 0.0340, target_hit@10 = 0.0843, target_ndcg@10 = 0.0432

2024-08-11 00:57:33.521693: step 10032/24320 (epoch 33/80), loss = 1.679010 (108.854 sec/epoch), lr: 0.002521
Evaluating on dev set...
...........................
source: 	 mrr: 0.041045	 ndcg_5: 0.0281	 ndcg_10: 0.0400	 hit@1:0.012310	 hit@5:0.0434	 hit@10: 0.0811
target: 	 mrr: 0.054418	 ndcg_5: 0.0449	 ndcg_10: 0.0591	 hit@1:0.021603	 hit@5:0.0697	 hit@10: 0.1143
epoch 33: train_loss = 1.679010, source_hit@10 = 0.0811, source_ndcg@10 = 0.0400, target_hit@10 = 0.1143, target_ndcg@10 = 0.0591

2024-08-11 00:59:24.550126: step 10336/24320 (epoch 34/80), loss = 1.674727 (110.212 sec/epoch), lr: 0.002521
Evaluating on dev set...
...........................
source: 	 mrr: 0.039078	 ndcg_5: 0.0291	 ndcg_10: 0.0393	 hit@1:0.014482	 hit@5:0.0449	 hit@10: 0.0768
target: 	 mrr: 0.054224	 ndcg_5: 0.0441	 ndcg_10: 0.0584	 hit@1:0.022997	 hit@5:0.0648	 hit@10: 0.1101
epoch 34: train_loss = 1.674727, source_hit@10 = 0.0768, source_ndcg@10 = 0.0393, target_hit@10 = 0.1101, target_ndcg@10 = 0.0584

2024-08-11 01:01:17.576954: step 10640/24320 (epoch 35/80), loss = 1.668465 (112.162 sec/epoch), lr: 0.002395
Evaluating on dev set...
...........................
source: 	 mrr: 0.038152	 ndcg_5: 0.0265	 ndcg_10: 0.0396	 hit@1:0.008689	 hit@5:0.0442	 hit@10: 0.0854
target: 	 mrr: 0.048134	 ndcg_5: 0.0402	 ndcg_10: 0.0516	 hit@1:0.014634	 hit@5:0.0648	 hit@10: 0.1003
epoch 35: train_loss = 1.668465, source_hit@10 = 0.0854, source_ndcg@10 = 0.0396, target_hit@10 = 0.1003, target_ndcg@10 = 0.0516

2024-08-11 01:03:08.165172: step 10944/24320 (epoch 36/80), loss = 1.664769 (109.882 sec/epoch), lr: 0.002275
Evaluating on dev set...
...........................
source: 	 mrr: 0.039871	 ndcg_5: 0.0269	 ndcg_10: 0.0381	 hit@1:0.011586	 hit@5:0.0420	 hit@10: 0.0768
target: 	 mrr: 0.048514	 ndcg_5: 0.0406	 ndcg_10: 0.0524	 hit@1:0.013240	 hit@5:0.0648	 hit@10: 0.1017
epoch 36: train_loss = 1.664769, source_hit@10 = 0.0768, source_ndcg@10 = 0.0381, target_hit@10 = 0.1017, target_ndcg@10 = 0.0524

2024-08-11 01:04:58.677086: step 11248/24320 (epoch 37/80), loss = 1.663979 (109.800 sec/epoch), lr: 0.002275
Evaluating on dev set...
...........................
source: 	 mrr: 0.038807	 ndcg_5: 0.0282	 ndcg_10: 0.0372	 hit@1:0.010862	 hit@5:0.0471	 hit@10: 0.0753
target: 	 mrr: 0.049129	 ndcg_5: 0.0386	 ndcg_10: 0.0536	 hit@1:0.017422	 hit@5:0.0606	 hit@10: 0.1073
epoch 37: train_loss = 1.663979, source_hit@10 = 0.0753, source_ndcg@10 = 0.0372, target_hit@10 = 0.1073, target_ndcg@10 = 0.0536

2024-08-11 01:06:50.752257: step 11552/24320 (epoch 38/80), loss = 1.655739 (111.346 sec/epoch), lr: 0.002161
Evaluating on dev set...
...........................
source: 	 mrr: 0.040071	 ndcg_5: 0.0291	 ndcg_10: 0.0388	 hit@1:0.013034	 hit@5:0.0471	 hit@10: 0.0775
target: 	 mrr: 0.048189	 ndcg_5: 0.0382	 ndcg_10: 0.0520	 hit@1:0.015331	 hit@5:0.0613	 hit@10: 0.1045
epoch 38: train_loss = 1.655739, source_hit@10 = 0.0775, source_ndcg@10 = 0.0388, target_hit@10 = 0.1045, target_ndcg@10 = 0.0520

2024-08-11 01:08:41.559069: step 11856/24320 (epoch 39/80), loss = 1.657113 (110.158 sec/epoch), lr: 0.002161
Evaluating on dev set...
...........................
source: 	 mrr: 0.039826	 ndcg_5: 0.0264	 ndcg_10: 0.0390	 hit@1:0.010138	 hit@5:0.0420	 hit@10: 0.0811
target: 	 mrr: 0.048474	 ndcg_5: 0.0412	 ndcg_10: 0.0526	 hit@1:0.014634	 hit@5:0.0690	 hit@10: 0.1045
epoch 39: train_loss = 1.657113, source_hit@10 = 0.0811, source_ndcg@10 = 0.0390, target_hit@10 = 0.1045, target_ndcg@10 = 0.0526

2024-08-11 01:10:30.796869: step 12160/24320 (epoch 40/80), loss = 1.658731 (108.445 sec/epoch), lr: 0.002161
Evaluating on dev set...
...........................
source: 	 mrr: 0.039626	 ndcg_5: 0.0249	 ndcg_10: 0.0421	 hit@1:0.010138	 hit@5:0.0398	 hit@10: 0.0934
target: 	 mrr: 0.055365	 ndcg_5: 0.0450	 ndcg_10: 0.0620	 hit@1:0.019512	 hit@5:0.0697	 hit@10: 0.1226
target best!
..............target: 	 mrr: 0.057394	 ndcg_5: 0.0486	 ndcg_10: 0.0618	 hit@1:0.021262	 hit@5:0.0768	 hit@10: 0.1173
epoch 40: train_loss = 1.658731, source_hit@10 = 0.0934, source_ndcg@10 = 0.0421, target_hit@10 = 0.1173, target_ndcg@10 = 0.0618
new best model saved.

2024-08-11 01:12:18.561793: step 12464/24320 (epoch 41/80), loss = 1.654671 (106.381 sec/epoch), lr: 0.002161
Evaluating on dev set...
...........................
source: 	 mrr: 0.034374	 ndcg_5: 0.0260	 ndcg_10: 0.0321	 hit@1:0.010138	 hit@5:0.0420	 hit@10: 0.0615
target: 	 mrr: 0.044948	 ndcg_5: 0.0373	 ndcg_10: 0.0498	 hit@1:0.012544	 hit@5:0.0613	 hit@10: 0.0997
epoch 41: train_loss = 1.654671, source_hit@10 = 0.0615, source_ndcg@10 = 0.0321, target_hit@10 = 0.0997, target_ndcg@10 = 0.0498

2024-08-11 01:14:03.803446: step 12768/24320 (epoch 42/80), loss = 1.652006 (104.497 sec/epoch), lr: 0.002053
Evaluating on dev set...
...........................
source: 	 mrr: 0.039159	 ndcg_5: 0.0277	 ndcg_10: 0.0394	 hit@1:0.012310	 hit@5:0.0434	 hit@10: 0.0797
target: 	 mrr: 0.052658	 ndcg_5: 0.0427	 ndcg_10: 0.0573	 hit@1:0.018815	 hit@5:0.0676	 hit@10: 0.1129
epoch 42: train_loss = 1.652006, source_hit@10 = 0.0797, source_ndcg@10 = 0.0394, target_hit@10 = 0.1129, target_ndcg@10 = 0.0573

2024-08-11 01:15:51.464073: step 13072/24320 (epoch 43/80), loss = 1.648664 (106.897 sec/epoch), lr: 0.002053
Evaluating on dev set...
...........................
source: 	 mrr: 0.036766	 ndcg_5: 0.0261	 ndcg_10: 0.0352	 hit@1:0.009413	 hit@5:0.0434	 hit@10: 0.0717
target: 	 mrr: 0.049866	 ndcg_5: 0.0405	 ndcg_10: 0.0545	 hit@1:0.013937	 hit@5:0.0669	 hit@10: 0.1108
epoch 43: train_loss = 1.648664, source_hit@10 = 0.0717, source_ndcg@10 = 0.0352, target_hit@10 = 0.1108, target_ndcg@10 = 0.0545

2024-08-11 01:17:42.575052: step 13376/24320 (epoch 44/80), loss = 1.644644 (110.287 sec/epoch), lr: 0.001951
Evaluating on dev set...
...........................
source: 	 mrr: 0.044583	 ndcg_5: 0.0324	 ndcg_10: 0.0457	 hit@1:0.017379	 hit@5:0.0485	 hit@10: 0.0905
target: 	 mrr: 0.045888	 ndcg_5: 0.0363	 ndcg_10: 0.0500	 hit@1:0.011847	 hit@5:0.0599	 hit@10: 0.1024
source best!
.............
source: 	 mrr: 0.042156	 ndcg_5: 0.0310	 ndcg_10: 0.0435	 hit@1:0.009969	 hit@5:0.0514	 hit@10: 0.0897
epoch 44: train_loss = 1.644644, source_hit@10 = 0.0897, source_ndcg@10 = 0.0435, target_hit@10 = 0.1024, target_ndcg@10 = 0.0500
new best model saved.

2024-08-11 01:19:35.102092: step 13680/24320 (epoch 45/80), loss = 1.644005 (111.077 sec/epoch), lr: 0.001951
Evaluating on dev set...
...........................
source: 	 mrr: 0.031902	 ndcg_5: 0.0218	 ndcg_10: 0.0301	 hit@1:0.012310	 hit@5:0.0319	 hit@10: 0.0579
target: 	 mrr: 0.054079	 ndcg_5: 0.0454	 ndcg_10: 0.0591	 hit@1:0.020209	 hit@5:0.0711	 hit@10: 0.1136
epoch 45: train_loss = 1.644005, source_hit@10 = 0.0579, source_ndcg@10 = 0.0301, target_hit@10 = 0.1136, target_ndcg@10 = 0.0591

2024-08-11 01:21:29.216595: step 13984/24320 (epoch 46/80), loss = 1.641553 (113.312 sec/epoch), lr: 0.001853
Evaluating on dev set...
...........................
source: 	 mrr: 0.041539	 ndcg_5: 0.0317	 ndcg_10: 0.0434	 hit@1:0.010862	 hit@5:0.0536	 hit@10: 0.0898
target: 	 mrr: 0.055690	 ndcg_5: 0.0468	 ndcg_10: 0.0620	 hit@1:0.020209	 hit@5:0.0732	 hit@10: 0.1206
target best!
..............target: 	 mrr: 0.061288	 ndcg_5: 0.0519	 ndcg_10: 0.0648	 hit@1:0.021948	 hit@5:0.0789	 hit@10: 0.1187
epoch 46: train_loss = 1.641553, source_hit@10 = 0.0898, source_ndcg@10 = 0.0434, target_hit@10 = 0.1187, target_ndcg@10 = 0.0648
new best model saved.

2024-08-11 01:23:21.257250: step 14288/24320 (epoch 47/80), loss = 1.641471 (110.561 sec/epoch), lr: 0.001853
Evaluating on dev set...
...........................
source: 	 mrr: 0.035497	 ndcg_5: 0.0239	 ndcg_10: 0.0377	 hit@1:0.007241	 hit@5:0.0420	 hit@10: 0.0854
target: 	 mrr: 0.054254	 ndcg_5: 0.0453	 ndcg_10: 0.0596	 hit@1:0.018815	 hit@5:0.0718	 hit@10: 0.1157
epoch 47: train_loss = 1.641471, source_hit@10 = 0.0854, source_ndcg@10 = 0.0377, target_hit@10 = 0.1157, target_ndcg@10 = 0.0596

2024-08-11 01:25:12.355548: step 14592/24320 (epoch 48/80), loss = 1.637894 (110.317 sec/epoch), lr: 0.001761
Evaluating on dev set...
...........................
source: 	 mrr: 0.037166	 ndcg_5: 0.0278	 ndcg_10: 0.0367	 hit@1:0.007241	 hit@5:0.0485	 hit@10: 0.0760
target: 	 mrr: 0.051403	 ndcg_5: 0.0442	 ndcg_10: 0.0562	 hit@1:0.019512	 hit@5:0.0711	 hit@10: 0.1087
epoch 48: train_loss = 1.637894, source_hit@10 = 0.0760, source_ndcg@10 = 0.0367, target_hit@10 = 0.1087, target_ndcg@10 = 0.0562

2024-08-11 01:27:01.608116: step 14896/24320 (epoch 49/80), loss = 1.632356 (108.370 sec/epoch), lr: 0.001672
Evaluating on dev set...
...........................
source: 	 mrr: 0.036491	 ndcg_5: 0.0235	 ndcg_10: 0.0353	 hit@1:0.005793	 hit@5:0.0398	 hit@10: 0.0768
target: 	 mrr: 0.049105	 ndcg_5: 0.0388	 ndcg_10: 0.0527	 hit@1:0.018118	 hit@5:0.0599	 hit@10: 0.1031
epoch 49: train_loss = 1.632356, source_hit@10 = 0.0768, source_ndcg@10 = 0.0353, target_hit@10 = 0.1031, target_ndcg@10 = 0.0527

2024-08-11 01:28:58.055057: step 15200/24320 (epoch 50/80), loss = 1.628770 (115.627 sec/epoch), lr: 0.001589
Evaluating on dev set...
...........................
source: 	 mrr: 0.039361	 ndcg_5: 0.0275	 ndcg_10: 0.0378	 hit@1:0.011586	 hit@5:0.0442	 hit@10: 0.0760
target: 	 mrr: 0.046650	 ndcg_5: 0.0373	 ndcg_10: 0.0521	 hit@1:0.013240	 hit@5:0.0613	 hit@10: 0.1073
epoch 50: train_loss = 1.628770, source_hit@10 = 0.0760, source_ndcg@10 = 0.0378, target_hit@10 = 0.1073, target_ndcg@10 = 0.0521

2024-08-11 01:30:50.800658: step 15504/24320 (epoch 51/80), loss = 1.626300 (111.900 sec/epoch), lr: 0.001589
Evaluating on dev set...
...........................
source: 	 mrr: 0.038420	 ndcg_5: 0.0271	 ndcg_10: 0.0385	 hit@1:0.011586	 hit@5:0.0427	 hit@10: 0.0789
target: 	 mrr: 0.051873	 ndcg_5: 0.0423	 ndcg_10: 0.0585	 hit@1:0.016028	 hit@5:0.0690	 hit@10: 0.1192
epoch 51: train_loss = 1.626300, source_hit@10 = 0.0789, source_ndcg@10 = 0.0385, target_hit@10 = 0.1192, target_ndcg@10 = 0.0585

2024-08-11 01:32:42.458381: step 15808/24320 (epoch 52/80), loss = 1.628023 (110.825 sec/epoch), lr: 0.001589
Evaluating on dev set...
...........................
source: 	 mrr: 0.039498	 ndcg_5: 0.0286	 ndcg_10: 0.0399	 hit@1:0.014482	 hit@5:0.0442	 hit@10: 0.0797
target: 	 mrr: 0.051557	 ndcg_5: 0.0450	 ndcg_10: 0.0552	 hit@1:0.017422	 hit@5:0.0739	 hit@10: 0.1059
epoch 52: train_loss = 1.628023, source_hit@10 = 0.0797, source_ndcg@10 = 0.0399, target_hit@10 = 0.1059, target_ndcg@10 = 0.0552

2024-08-11 01:34:34.922208: step 16112/24320 (epoch 53/80), loss = 1.625208 (111.676 sec/epoch), lr: 0.001589
Evaluating on dev set...
...........................
source: 	 mrr: 0.041514	 ndcg_5: 0.0306	 ndcg_10: 0.0436	 hit@1:0.012310	 hit@5:0.0492	 hit@10: 0.0905
target: 	 mrr: 0.046767	 ndcg_5: 0.0374	 ndcg_10: 0.0506	 hit@1:0.016028	 hit@5:0.0599	 hit@10: 0.1010
epoch 53: train_loss = 1.625208, source_hit@10 = 0.0905, source_ndcg@10 = 0.0436, target_hit@10 = 0.1010, target_ndcg@10 = 0.0506

2024-08-11 01:36:26.809318: step 16416/24320 (epoch 54/80), loss = 1.618295 (111.120 sec/epoch), lr: 0.001509
Evaluating on dev set...
...........................
source: 	 mrr: 0.042664	 ndcg_5: 0.0319	 ndcg_10: 0.0415	 hit@1:0.014482	 hit@5:0.0492	 hit@10: 0.0797
target: 	 mrr: 0.060466	 ndcg_5: 0.0534	 ndcg_10: 0.0670	 hit@1:0.024390	 hit@5:0.0829	 hit@10: 0.1254
target best!
..............target: 	 mrr: 0.058705	 ndcg_5: 0.0500	 ndcg_10: 0.0671	 hit@1:0.019890	 hit@5:0.0796	 hit@10: 0.1324
epoch 54: train_loss = 1.618295, source_hit@10 = 0.0797, source_ndcg@10 = 0.0415, target_hit@10 = 0.1324, target_ndcg@10 = 0.0671
new best model saved.

2024-08-11 01:38:20.848926: step 16720/24320 (epoch 55/80), loss = 1.620085 (112.533 sec/epoch), lr: 0.001509
Evaluating on dev set...
...........................
source: 	 mrr: 0.040865	 ndcg_5: 0.0307	 ndcg_10: 0.0420	 hit@1:0.009413	 hit@5:0.0521	 hit@10: 0.0876
target: 	 mrr: 0.051235	 ndcg_5: 0.0431	 ndcg_10: 0.0564	 hit@1:0.017422	 hit@5:0.0690	 hit@10: 0.1108
epoch 55: train_loss = 1.620085, source_hit@10 = 0.0876, source_ndcg@10 = 0.0420, target_hit@10 = 0.1108, target_ndcg@10 = 0.0564

2024-08-11 01:40:07.230428: step 17024/24320 (epoch 56/80), loss = 1.615820 (105.558 sec/epoch), lr: 0.001434
Evaluating on dev set...
...........................
source: 	 mrr: 0.037389	 ndcg_5: 0.0275	 ndcg_10: 0.0386	 hit@1:0.007241	 hit@5:0.0485	 hit@10: 0.0825
target: 	 mrr: 0.057869	 ndcg_5: 0.0486	 ndcg_10: 0.0609	 hit@1:0.021603	 hit@5:0.0753	 hit@10: 0.1129
epoch 56: train_loss = 1.615820, source_hit@10 = 0.0825, source_ndcg@10 = 0.0386, target_hit@10 = 0.1129, target_ndcg@10 = 0.0609

2024-08-11 01:41:51.946020: step 17328/24320 (epoch 57/80), loss = 1.611025 (104.003 sec/epoch), lr: 0.001434
Evaluating on dev set...
...........................
source: 	 mrr: 0.042354	 ndcg_5: 0.0325	 ndcg_10: 0.0450	 hit@1:0.010862	 hit@5:0.0565	 hit@10: 0.0956
target: 	 mrr: 0.049424	 ndcg_5: 0.0395	 ndcg_10: 0.0552	 hit@1:0.016028	 hit@5:0.0627	 hit@10: 0.1122
epoch 57: train_loss = 1.611025, source_hit@10 = 0.0956, source_ndcg@10 = 0.0450, target_hit@10 = 0.1122, target_ndcg@10 = 0.0552

2024-08-11 01:43:39.977187: step 17632/24320 (epoch 58/80), loss = 1.611302 (107.224 sec/epoch), lr: 0.001362
Evaluating on dev set...
...........................
source: 	 mrr: 0.041674	 ndcg_5: 0.0320	 ndcg_10: 0.0429	 hit@1:0.013034	 hit@5:0.0521	 hit@10: 0.0869
target: 	 mrr: 0.049698	 ndcg_5: 0.0384	 ndcg_10: 0.0519	 hit@1:0.020209	 hit@5:0.0571	 hit@10: 0.0990
epoch 58: train_loss = 1.611302, source_hit@10 = 0.0869, source_ndcg@10 = 0.0429, target_hit@10 = 0.0990, target_ndcg@10 = 0.0519

2024-08-11 01:45:27.792614: step 17936/24320 (epoch 59/80), loss = 1.606318 (106.999 sec/epoch), lr: 0.001294
Evaluating on dev set...
...........................
source: 	 mrr: 0.042441	 ndcg_5: 0.0314	 ndcg_10: 0.0424	 hit@1:0.013758	 hit@5:0.0478	 hit@10: 0.0818
target: 	 mrr: 0.054777	 ndcg_5: 0.0462	 ndcg_10: 0.0603	 hit@1:0.019512	 hit@5:0.0718	 hit@10: 0.1157
epoch 59: train_loss = 1.606318, source_hit@10 = 0.0818, source_ndcg@10 = 0.0424, target_hit@10 = 0.1157, target_ndcg@10 = 0.0603

2024-08-11 01:47:15.535009: step 18240/24320 (epoch 60/80), loss = 1.604767 (106.921 sec/epoch), lr: 0.001294
Evaluating on dev set...
...........................
source: 	 mrr: 0.036968	 ndcg_5: 0.0280	 ndcg_10: 0.0380	 hit@1:0.010138	 hit@5:0.0463	 hit@10: 0.0775
target: 	 mrr: 0.049311	 ndcg_5: 0.0393	 ndcg_10: 0.0530	 hit@1:0.016725	 hit@5:0.0613	 hit@10: 0.1038
epoch 60: train_loss = 1.604767, source_hit@10 = 0.0775, source_ndcg@10 = 0.0380, target_hit@10 = 0.1038, target_ndcg@10 = 0.0530

2024-08-11 01:49:07.004863: step 18544/24320 (epoch 61/80), loss = 1.599335 (110.606 sec/epoch), lr: 0.001229
Evaluating on dev set...
...........................
source: 	 mrr: 0.039683	 ndcg_5: 0.0315	 ndcg_10: 0.0394	 hit@1:0.011586	 hit@5:0.0507	 hit@10: 0.0753
target: 	 mrr: 0.052247	 ndcg_5: 0.0447	 ndcg_10: 0.0552	 hit@1:0.018815	 hit@5:0.0711	 hit@10: 0.1031
epoch 61: train_loss = 1.599335, source_hit@10 = 0.0753, source_ndcg@10 = 0.0394, target_hit@10 = 0.1031, target_ndcg@10 = 0.0552

2024-08-11 01:50:52.799654: step 18848/24320 (epoch 62/80), loss = 1.599909 (105.058 sec/epoch), lr: 0.001229
Evaluating on dev set...
...........................
source: 	 mrr: 0.050143	 ndcg_5: 0.0395	 ndcg_10: 0.0512	 hit@1:0.019551	 hit@5:0.0587	 hit@10: 0.0949
target: 	 mrr: 0.052401	 ndcg_5: 0.0448	 ndcg_10: 0.0557	 hit@1:0.020906	 hit@5:0.0704	 hit@10: 0.1045
source best!
.............
source: 	 mrr: 0.048578	 ndcg_5: 0.0378	 ndcg_10: 0.0480	 hit@1:0.019172	 hit@5:0.0560	 hit@10: 0.0874
epoch 62: train_loss = 1.599909, source_hit@10 = 0.0874, source_ndcg@10 = 0.0480, target_hit@10 = 0.1045, target_ndcg@10 = 0.0557
new best model saved.

2024-08-11 01:52:46.586975: step 19152/24320 (epoch 63/80), loss = 1.599641 (111.793 sec/epoch), lr: 0.001229
Evaluating on dev set...
...........................
source: 	 mrr: 0.047304	 ndcg_5: 0.0380	 ndcg_10: 0.0484	 hit@1:0.015206	 hit@5:0.0601	 hit@10: 0.0927
target: 	 mrr: 0.050199	 ndcg_5: 0.0416	 ndcg_10: 0.0535	 hit@1:0.018118	 hit@5:0.0648	 hit@10: 0.1010
epoch 63: train_loss = 1.599641, source_hit@10 = 0.0927, source_ndcg@10 = 0.0484, target_hit@10 = 0.1010, target_ndcg@10 = 0.0535

2024-08-11 01:54:34.181696: step 19456/24320 (epoch 64/80), loss = 1.593382 (106.809 sec/epoch), lr: 0.001168
Evaluating on dev set...
...........................
source: 	 mrr: 0.046582	 ndcg_5: 0.0334	 ndcg_10: 0.0483	 hit@1:0.016655	 hit@5:0.0492	 hit@10: 0.0949
target: 	 mrr: 0.055037	 ndcg_5: 0.0463	 ndcg_10: 0.0600	 hit@1:0.019512	 hit@5:0.0711	 hit@10: 0.1136
epoch 64: train_loss = 1.593382, source_hit@10 = 0.0949, source_ndcg@10 = 0.0483, target_hit@10 = 0.1136, target_ndcg@10 = 0.0600

2024-08-11 01:56:21.269519: step 19760/24320 (epoch 65/80), loss = 1.591141 (106.357 sec/epoch), lr: 0.001168
Evaluating on dev set...
...........................
source: 	 mrr: 0.045828	 ndcg_5: 0.0354	 ndcg_10: 0.0464	 hit@1:0.016655	 hit@5:0.0550	 hit@10: 0.0898
target: 	 mrr: 0.051191	 ndcg_5: 0.0435	 ndcg_10: 0.0559	 hit@1:0.014634	 hit@5:0.0711	 hit@10: 0.1101
epoch 65: train_loss = 1.591141, source_hit@10 = 0.0898, source_ndcg@10 = 0.0464, target_hit@10 = 0.1101, target_ndcg@10 = 0.0559

2024-08-11 01:58:11.911822: step 20064/24320 (epoch 66/80), loss = 1.584632 (109.822 sec/epoch), lr: 0.001110
Evaluating on dev set...
...........................
source: 	 mrr: 0.044290	 ndcg_5: 0.0346	 ndcg_10: 0.0437	 hit@1:0.014482	 hit@5:0.0543	 hit@10: 0.0825
target: 	 mrr: 0.047252	 ndcg_5: 0.0405	 ndcg_10: 0.0494	 hit@1:0.013937	 hit@5:0.0669	 hit@10: 0.0948
epoch 66: train_loss = 1.584632, source_hit@10 = 0.0825, source_ndcg@10 = 0.0437, target_hit@10 = 0.0948, target_ndcg@10 = 0.0494

2024-08-11 02:00:01.481006: step 20368/24320 (epoch 67/80), loss = 1.583072 (108.790 sec/epoch), lr: 0.001054
Evaluating on dev set...
...........................
source: 	 mrr: 0.047019	 ndcg_5: 0.0370	 ndcg_10: 0.0473	 hit@1:0.015930	 hit@5:0.0579	 hit@10: 0.0898
target: 	 mrr: 0.051382	 ndcg_5: 0.0416	 ndcg_10: 0.0566	 hit@1:0.017422	 hit@5:0.0641	 hit@10: 0.1101
epoch 67: train_loss = 1.583072, source_hit@10 = 0.0898, source_ndcg@10 = 0.0473, target_hit@10 = 0.1101, target_ndcg@10 = 0.0566

2024-08-11 02:01:52.624331: step 20672/24320 (epoch 68/80), loss = 1.580138 (110.307 sec/epoch), lr: 0.001054
Evaluating on dev set...
...........................
source: 	 mrr: 0.036522	 ndcg_5: 0.0257	 ndcg_10: 0.0346	 hit@1:0.010862	 hit@5:0.0420	 hit@10: 0.0695
target: 	 mrr: 0.050733	 ndcg_5: 0.0437	 ndcg_10: 0.0567	 hit@1:0.014634	 hit@5:0.0711	 hit@10: 0.1122
epoch 68: train_loss = 1.580138, source_hit@10 = 0.0695, source_ndcg@10 = 0.0346, target_hit@10 = 0.1122, target_ndcg@10 = 0.0567

2024-08-11 02:03:40.297085: step 20976/24320 (epoch 69/80), loss = 1.575750 (106.830 sec/epoch), lr: 0.001001
Evaluating on dev set...
...........................
source: 	 mrr: 0.037936	 ndcg_5: 0.0273	 ndcg_10: 0.0374	 hit@1:0.009413	 hit@5:0.0456	 hit@10: 0.0768
target: 	 mrr: 0.056267	 ndcg_5: 0.0478	 ndcg_10: 0.0625	 hit@1:0.019512	 hit@5:0.0760	 hit@10: 0.1220
epoch 69: train_loss = 1.575750, source_hit@10 = 0.0768, source_ndcg@10 = 0.0374, target_hit@10 = 0.1220, target_ndcg@10 = 0.0625

2024-08-11 02:05:24.437790: step 21280/24320 (epoch 70/80), loss = 1.574671 (103.366 sec/epoch), lr: 0.001001
Evaluating on dev set...
...........................
source: 	 mrr: 0.044925	 ndcg_5: 0.0344	 ndcg_10: 0.0460	 hit@1:0.016655	 hit@5:0.0529	 hit@10: 0.0891
target: 	 mrr: 0.052018	 ndcg_5: 0.0429	 ndcg_10: 0.0545	 hit@1:0.022300	 hit@5:0.0634	 hit@10: 0.0990
epoch 70: train_loss = 1.574671, source_hit@10 = 0.0891, source_ndcg@10 = 0.0460, target_hit@10 = 0.0990, target_ndcg@10 = 0.0545

2024-08-11 02:07:09.013374: step 21584/24320 (epoch 71/80), loss = 1.570682 (103.770 sec/epoch), lr: 0.001001
Evaluating on dev set...
...........................
source: 	 mrr: 0.045983	 ndcg_5: 0.0350	 ndcg_10: 0.0462	 hit@1:0.017379	 hit@5:0.0529	 hit@10: 0.0876
target: 	 mrr: 0.047421	 ndcg_5: 0.0383	 ndcg_10: 0.0514	 hit@1:0.017422	 hit@5:0.0599	 hit@10: 0.1003
epoch 71: train_loss = 1.570682, source_hit@10 = 0.0876, source_ndcg@10 = 0.0462, target_hit@10 = 0.1003, target_ndcg@10 = 0.0514

2024-08-11 02:08:54.562333: step 21888/24320 (epoch 72/80), loss = 1.563750 (104.636 sec/epoch), lr: 0.000951
Evaluating on dev set...
...........................
source: 	 mrr: 0.043396	 ndcg_5: 0.0322	 ndcg_10: 0.0427	 hit@1:0.014482	 hit@5:0.0500	 hit@10: 0.0818
target: 	 mrr: 0.054959	 ndcg_5: 0.0475	 ndcg_10: 0.0604	 hit@1:0.022300	 hit@5:0.0725	 hit@10: 0.1129
epoch 72: train_loss = 1.563750, source_hit@10 = 0.0818, source_ndcg@10 = 0.0427, target_hit@10 = 0.1129, target_ndcg@10 = 0.0604

2024-08-11 02:10:42.303821: step 22192/24320 (epoch 73/80), loss = 1.564947 (106.935 sec/epoch), lr: 0.000951
Evaluating on dev set...
...........................
source: 	 mrr: 0.035896	 ndcg_5: 0.0264	 ndcg_10: 0.0339	 hit@1:0.010138	 hit@5:0.0413	 hit@10: 0.0652
target: 	 mrr: 0.050233	 ndcg_5: 0.0419	 ndcg_10: 0.0562	 hit@1:0.013937	 hit@5:0.0683	 hit@10: 0.1129
epoch 73: train_loss = 1.564947, source_hit@10 = 0.0652, source_ndcg@10 = 0.0339, target_hit@10 = 0.1129, target_ndcg@10 = 0.0562

2024-08-11 02:12:31.808797: step 22496/24320 (epoch 74/80), loss = 1.562066 (108.602 sec/epoch), lr: 0.000904
Evaluating on dev set...
...........................
source: 	 mrr: 0.037652	 ndcg_5: 0.0282	 ndcg_10: 0.0366	 hit@1:0.012310	 hit@5:0.0456	 hit@10: 0.0710
target: 	 mrr: 0.044592	 ndcg_5: 0.0350	 ndcg_10: 0.0474	 hit@1:0.017422	 hit@5:0.0537	 hit@10: 0.0927
epoch 74: train_loss = 1.562066, source_hit@10 = 0.0710, source_ndcg@10 = 0.0366, target_hit@10 = 0.0927, target_ndcg@10 = 0.0474

2024-08-11 02:14:18.992344: step 22800/24320 (epoch 75/80), loss = 1.556066 (106.455 sec/epoch), lr: 0.000859
Evaluating on dev set...
...........................
source: 	 mrr: 0.045351	 ndcg_5: 0.0347	 ndcg_10: 0.0455	 hit@1:0.016655	 hit@5:0.0529	 hit@10: 0.0862
target: 	 mrr: 0.046058	 ndcg_5: 0.0364	 ndcg_10: 0.0468	 hit@1:0.017422	 hit@5:0.0544	 hit@10: 0.0871
epoch 75: train_loss = 1.556066, source_hit@10 = 0.0862, source_ndcg@10 = 0.0455, target_hit@10 = 0.0871, target_ndcg@10 = 0.0468

2024-08-11 02:16:05.357062: step 23104/24320 (epoch 76/80), loss = 1.555512 (105.559 sec/epoch), lr: 0.000859
Evaluating on dev set...
...........................
source: 	 mrr: 0.041466	 ndcg_5: 0.0320	 ndcg_10: 0.0409	 hit@1:0.013034	 hit@5:0.0514	 hit@10: 0.0789
target: 	 mrr: 0.050250	 ndcg_5: 0.0437	 ndcg_10: 0.0542	 hit@1:0.017422	 hit@5:0.0690	 hit@10: 0.1017
epoch 76: train_loss = 1.555512, source_hit@10 = 0.0789, source_ndcg@10 = 0.0409, target_hit@10 = 0.1017, target_ndcg@10 = 0.0542

2024-08-11 02:17:53.206744: step 23408/24320 (epoch 77/80), loss = 1.555485 (107.045 sec/epoch), lr: 0.000859
Evaluating on dev set...
...........................
source: 	 mrr: 0.041253	 ndcg_5: 0.0328	 ndcg_10: 0.0415	 hit@1:0.010862	 hit@5:0.0550	 hit@10: 0.0818
target: 	 mrr: 0.045232	 ndcg_5: 0.0356	 ndcg_10: 0.0483	 hit@1:0.015331	 hit@5:0.0571	 hit@10: 0.0969
epoch 77: train_loss = 1.555485, source_hit@10 = 0.0818, source_ndcg@10 = 0.0415, target_hit@10 = 0.0969, target_ndcg@10 = 0.0483

2024-08-11 02:19:40.257873: step 23712/24320 (epoch 78/80), loss = 1.547575 (106.347 sec/epoch), lr: 0.000816
Evaluating on dev set...
...........................
source: 	 mrr: 0.037598	 ndcg_5: 0.0291	 ndcg_10: 0.0383	 hit@1:0.009413	 hit@5:0.0478	 hit@10: 0.0768
target: 	 mrr: 0.049894	 ndcg_5: 0.0429	 ndcg_10: 0.0536	 hit@1:0.016028	 hit@5:0.0704	 hit@10: 0.1038
epoch 78: train_loss = 1.547575, source_hit@10 = 0.0768, source_ndcg@10 = 0.0383, target_hit@10 = 0.1038, target_ndcg@10 = 0.0536

2024-08-11 02:21:27.018059: step 24016/24320 (epoch 79/80), loss = 1.549712 (105.940 sec/epoch), lr: 0.000816
Evaluating on dev set...
...........................
source: 	 mrr: 0.036695	 ndcg_5: 0.0242	 ndcg_10: 0.0347	 hit@1:0.015206	 hit@5:0.0326	 hit@10: 0.0652
target: 	 mrr: 0.043748	 ndcg_5: 0.0333	 ndcg_10: 0.0482	 hit@1:0.011150	 hit@5:0.0551	 hit@10: 0.1017
epoch 79: train_loss = 1.549712, source_hit@10 = 0.0652, source_ndcg@10 = 0.0347, target_hit@10 = 0.1017, target_ndcg@10 = 0.0482

2024-08-11 02:23:12.044903: step 24320/24320 (epoch 80/80), loss = 1.541567 (104.216 sec/epoch), lr: 0.000775
Evaluating on dev set...
...........................
source: 	 mrr: 0.042930	 ndcg_5: 0.0316	 ndcg_10: 0.0434	 hit@1:0.015206	 hit@5:0.0485	 hit@10: 0.0854
target: 	 mrr: 0.050613	 ndcg_5: 0.0421	 ndcg_10: 0.0552	 hit@1:0.017422	 hit@5:0.0655	 hit@10: 0.1066
epoch 80: train_loss = 1.541567, source_hit@10 = 0.0854, source_ndcg@10 = 0.0434, target_hit@10 = 0.1066, target_ndcg@10 = 0.0552

