nohup: ignoring input
using gpu:0 to train the model
using gpu:0 to train the model
cuda:0
Namespace(A_split=False, JK='sum', a_fold=100, aggregate=False, alpha=0.5, batch_size=1024, beta_inter=0.4, conv_layers=4, cuda=True, decay_epoch=10, device=device(type='cuda', index=0), device_id='0', domains='game_video', dropout=0.5, epoch=80, feature_dim=126, hidden_dim=126, inter_tau=0.2, intra_tau=1, lambda_critic=0.4, leakey=0.05, load=False, log='logs.txt', log_epoch=1, lr=0.004, lr_decay=0.95, min_epoch=50, mode='train', model_file=None, model_name='gv', momentum=0.98, num_latent_factors=3, num_negative=100, optim='adam', patience=20, proj_layers=1, projection=1, rectify_epoch=30, residual=1, save=False, save_dir='./saved_models', seed=32, similarity_tau=0.1, test_sample_number=999, user_batch_size=256, weight_decay=0.0002)
number_user 25025
number_item 12319
/home/hourun/invariantCDR_v2/invariantCDR/utils/GraphMaker.py:46: RuntimeWarning: divide by zero encountered in power
  r_inv = np.power(rowsum, -1).flatten()
real graph loaded!
number_user 19457
number_item 8751
real graph loaded!
graph loaded!
Loading data from game_video with batch size 1024...
unseen test: 0
test length: 1381
unseen test: 0
test length: 1304
unseen test: 0
test length: 1435
unseen test: 0
test length: 1458
source_user_num 25025
target_user_num 19457
source_item_num 12319
target_item_num 8751
shared users id: 1737
test users 226, 217
unseen test: 0
dev length: 1000
unseen test: 0
dev length: 1000
source train data : 155036, target train data: 156091, source test data : 1304, target test data : 1458, source dev data : 1000, target dev data : 1000
2024-08-10 11:56:51.075831: step 304/24320 (epoch 1/80), loss = 1.420380 (34.355 sec/epoch), lr: 0.004000
Evaluating on dev set...
...........................
source: 	 mrr: 0.027584	 ndcg_5: 0.0202	 ndcg_10: 0.0295	 hit@1:0.005069	 hit@5:0.0369	 hit@10: 0.0659
target: 	 mrr: 0.029930	 ndcg_5: 0.0227	 ndcg_10: 0.0311	 hit@1:0.007666	 hit@5:0.0369	 hit@10: 0.0634
source best!
.............
source: 	 mrr: 0.031998	 ndcg_5: 0.0258	 ndcg_10: 0.0315	 hit@1:0.008436	 hit@5:0.0429	 hit@10: 0.0606
target best!
..............target: 	 mrr: 0.028947	 ndcg_5: 0.0210	 ndcg_10: 0.0305	 hit@1:0.008230	 hit@5:0.0343	 hit@10: 0.0638
epoch 1: train_loss = 1.420380, source_hit@10 = 0.0606, source_ndcg@10 = 0.0315, target_hit@10 = 0.0638, target_ndcg@10 = 0.0305

2024-08-10 11:57:25.393981: step 608/24320 (epoch 2/80), loss = 1.247378 (33.790 sec/epoch), lr: 0.004000
Evaluating on dev set...
...........................
source: 	 mrr: 0.027581	 ndcg_5: 0.0189	 ndcg_10: 0.0272	 hit@1:0.004345	 hit@5:0.0340	 hit@10: 0.0601
target: 	 mrr: 0.016659	 ndcg_5: 0.0091	 ndcg_10: 0.0122	 hit@1:0.003484	 hit@5:0.0153	 hit@10: 0.0251
epoch 2: train_loss = 1.247378, source_hit@10 = 0.0601, source_ndcg@10 = 0.0272, target_hit@10 = 0.0251, target_ndcg@10 = 0.0122

2024-08-10 11:57:59.520044: step 912/24320 (epoch 3/80), loss = 1.226962 (33.832 sec/epoch), lr: 0.004000
Evaluating on dev set...
...........................
source: 	 mrr: 0.028990	 ndcg_5: 0.0182	 ndcg_10: 0.0269	 hit@1:0.007241	 hit@5:0.0297	 hit@10: 0.0572
target: 	 mrr: 0.039369	 ndcg_5: 0.0300	 ndcg_10: 0.0375	 hit@1:0.012544	 hit@5:0.0446	 hit@10: 0.0676
source best!
.............
source: 	 mrr: 0.033576	 ndcg_5: 0.0237	 ndcg_10: 0.0318	 hit@1:0.009969	 hit@5:0.0376	 hit@10: 0.0629
target best!
..............target: 	 mrr: 0.034988	 ndcg_5: 0.0253	 ndcg_10: 0.0349	 hit@1:0.010288	 hit@5:0.0405	 hit@10: 0.0706
epoch 3: train_loss = 1.226962, source_hit@10 = 0.0629, source_ndcg@10 = 0.0318, target_hit@10 = 0.0706, target_ndcg@10 = 0.0349
new best model saved.

2024-08-10 11:58:33.805879: step 1216/24320 (epoch 4/80), loss = 1.207746 (33.671 sec/epoch), lr: 0.004000
Evaluating on dev set...
...........................
source: 	 mrr: 0.026149	 ndcg_5: 0.0161	 ndcg_10: 0.0227	 hit@1:0.002172	 hit@5:0.0304	 hit@10: 0.0514
target: 	 mrr: 0.039878	 ndcg_5: 0.0324	 ndcg_10: 0.0418	 hit@1:0.012544	 hit@5:0.0530	 hit@10: 0.0822
target best!
..............target: 	 mrr: 0.041085	 ndcg_5: 0.0308	 ndcg_10: 0.0435	 hit@1:0.013032	 hit@5:0.0480	 hit@10: 0.0871
epoch 4: train_loss = 1.207746, source_hit@10 = 0.0514, source_ndcg@10 = 0.0227, target_hit@10 = 0.0871, target_ndcg@10 = 0.0435
new best model saved.

2024-08-10 11:59:08.943189: step 1520/24320 (epoch 5/80), loss = 1.195333 (34.630 sec/epoch), lr: 0.004000
Evaluating on dev set...
...........................
source: 	 mrr: 0.027776	 ndcg_5: 0.0174	 ndcg_10: 0.0239	 hit@1:0.005793	 hit@5:0.0297	 hit@10: 0.0500
target: 	 mrr: 0.043689	 ndcg_5: 0.0345	 ndcg_10: 0.0462	 hit@1:0.017422	 hit@5:0.0509	 hit@10: 0.0871
target best!
..............target: 	 mrr: 0.045437	 ndcg_5: 0.0378	 ndcg_10: 0.0479	 hit@1:0.017833	 hit@5:0.0590	 hit@10: 0.0898
epoch 5: train_loss = 1.195333, source_hit@10 = 0.0500, source_ndcg@10 = 0.0239, target_hit@10 = 0.0898, target_ndcg@10 = 0.0479
new best model saved.

2024-08-10 11:59:43.345306: step 1824/24320 (epoch 6/80), loss = 1.186162 (33.867 sec/epoch), lr: 0.004000
Evaluating on dev set...
...........................
source: 	 mrr: 0.029322	 ndcg_5: 0.0185	 ndcg_10: 0.0271	 hit@1:0.005793	 hit@5:0.0319	 hit@10: 0.0579
target: 	 mrr: 0.047412	 ndcg_5: 0.0381	 ndcg_10: 0.0497	 hit@1:0.018118	 hit@5:0.0592	 hit@10: 0.0948
source best!
.............
source: 	 mrr: 0.034045	 ndcg_5: 0.0221	 ndcg_10: 0.0321	 hit@1:0.011503	 hit@5:0.0322	 hit@10: 0.0637
target best!
..............target: 	 mrr: 0.045136	 ndcg_5: 0.0349	 ndcg_10: 0.0453	 hit@1:0.017147	 hit@5:0.0521	 hit@10: 0.0844
epoch 6: train_loss = 1.186162, source_hit@10 = 0.0637, source_ndcg@10 = 0.0321, target_hit@10 = 0.0844, target_ndcg@10 = 0.0453
new best model saved.

2024-08-10 12:00:18.038061: step 2128/24320 (epoch 7/80), loss = 1.182888 (34.064 sec/epoch), lr: 0.004000
Evaluating on dev set...
...........................
source: 	 mrr: 0.029849	 ndcg_5: 0.0208	 ndcg_10: 0.0298	 hit@1:0.006517	 hit@5:0.0369	 hit@10: 0.0644
target: 	 mrr: 0.041169	 ndcg_5: 0.0309	 ndcg_10: 0.0428	 hit@1:0.013937	 hit@5:0.0488	 hit@10: 0.0857
source best!
.............
source: 	 mrr: 0.034523	 ndcg_5: 0.0260	 ndcg_10: 0.0361	 hit@1:0.007669	 hit@5:0.0437	 hit@10: 0.0752
epoch 7: train_loss = 1.182888, source_hit@10 = 0.0752, source_ndcg@10 = 0.0361, target_hit@10 = 0.0857, target_ndcg@10 = 0.0428
new best model saved.

2024-08-10 12:00:52.145772: step 2432/24320 (epoch 8/80), loss = 1.181320 (33.602 sec/epoch), lr: 0.004000
Evaluating on dev set...
...........................
source: 	 mrr: 0.024927	 ndcg_5: 0.0141	 ndcg_10: 0.0223	 hit@1:0.004345	 hit@5:0.0239	 hit@10: 0.0500
target: 	 mrr: 0.041968	 ndcg_5: 0.0337	 ndcg_10: 0.0441	 hit@1:0.013240	 hit@5:0.0530	 hit@10: 0.0850
epoch 8: train_loss = 1.181320, source_hit@10 = 0.0500, source_ndcg@10 = 0.0223, target_hit@10 = 0.0850, target_ndcg@10 = 0.0441

2024-08-10 12:01:26.836426: step 2736/24320 (epoch 9/80), loss = 1.175436 (34.405 sec/epoch), lr: 0.004000
Evaluating on dev set...
...........................
source: 	 mrr: 0.029749	 ndcg_5: 0.0210	 ndcg_10: 0.0281	 hit@1:0.005793	 hit@5:0.0377	 hit@10: 0.0601
target: 	 mrr: 0.032049	 ndcg_5: 0.0221	 ndcg_10: 0.0334	 hit@1:0.005575	 hit@5:0.0383	 hit@10: 0.0739
epoch 9: train_loss = 1.175436, source_hit@10 = 0.0601, source_ndcg@10 = 0.0281, target_hit@10 = 0.0739, target_ndcg@10 = 0.0334

2024-08-10 12:02:01.787917: step 3040/24320 (epoch 10/80), loss = 1.170690 (34.664 sec/epoch), lr: 0.004000
Evaluating on dev set...
...........................
source: 	 mrr: 0.028177	 ndcg_5: 0.0177	 ndcg_10: 0.0289	 hit@1:0.002896	 hit@5:0.0333	 hit@10: 0.0681
target: 	 mrr: 0.040856	 ndcg_5: 0.0293	 ndcg_10: 0.0444	 hit@1:0.011847	 hit@5:0.0467	 hit@10: 0.0941
epoch 10: train_loss = 1.170690, source_hit@10 = 0.0681, source_ndcg@10 = 0.0289, target_hit@10 = 0.0941, target_ndcg@10 = 0.0444

2024-08-10 12:02:36.138482: step 3344/24320 (epoch 11/80), loss = 1.169746 (34.064 sec/epoch), lr: 0.004000
Evaluating on dev set...
...........................
source: 	 mrr: 0.028811	 ndcg_5: 0.0183	 ndcg_10: 0.0270	 hit@1:0.004345	 hit@5:0.0311	 hit@10: 0.0587
target: 	 mrr: 0.034779	 ndcg_5: 0.0242	 ndcg_10: 0.0362	 hit@1:0.010453	 hit@5:0.0383	 hit@10: 0.0767
epoch 11: train_loss = 1.169746, source_hit@10 = 0.0587, source_ndcg@10 = 0.0270, target_hit@10 = 0.0767, target_ndcg@10 = 0.0362

2024-08-10 12:03:10.782617: step 3648/24320 (epoch 12/80), loss = 1.163844 (34.357 sec/epoch), lr: 0.003800
Evaluating on dev set...
...........................
source: 	 mrr: 0.035147	 ndcg_5: 0.0239	 ndcg_10: 0.0334	 hit@1:0.010862	 hit@5:0.0377	 hit@10: 0.0673
target: 	 mrr: 0.030575	 ndcg_5: 0.0193	 ndcg_10: 0.0328	 hit@1:0.003484	 hit@5:0.0341	 hit@10: 0.0760
source best!
.............
source: 	 mrr: 0.035610	 ndcg_5: 0.0256	 ndcg_10: 0.0355	 hit@1:0.006902	 hit@5:0.0445	 hit@10: 0.0759
epoch 12: train_loss = 1.163844, source_hit@10 = 0.0759, source_ndcg@10 = 0.0355, target_hit@10 = 0.0760, target_ndcg@10 = 0.0328
new best model saved.

2024-08-10 12:03:45.218915: step 3952/24320 (epoch 13/80), loss = 1.161775 (33.938 sec/epoch), lr: 0.003800
Evaluating on dev set...
...........................
source: 	 mrr: 0.030679	 ndcg_5: 0.0204	 ndcg_10: 0.0279	 hit@1:0.006517	 hit@5:0.0333	 hit@10: 0.0565
target: 	 mrr: 0.036044	 ndcg_5: 0.0265	 ndcg_10: 0.0373	 hit@1:0.012544	 hit@5:0.0418	 hit@10: 0.0760
epoch 13: train_loss = 1.161775, source_hit@10 = 0.0565, source_ndcg@10 = 0.0279, target_hit@10 = 0.0760, target_ndcg@10 = 0.0373

2024-08-10 12:04:19.811413: step 4256/24320 (epoch 14/80), loss = 1.156147 (34.307 sec/epoch), lr: 0.003800
Evaluating on dev set...
...........................
source: 	 mrr: 0.030676	 ndcg_5: 0.0192	 ndcg_10: 0.0288	 hit@1:0.007241	 hit@5:0.0319	 hit@10: 0.0615
target: 	 mrr: 0.042358	 ndcg_5: 0.0318	 ndcg_10: 0.0432	 hit@1:0.014634	 hit@5:0.0481	 hit@10: 0.0829
epoch 14: train_loss = 1.156147, source_hit@10 = 0.0615, source_ndcg@10 = 0.0288, target_hit@10 = 0.0829, target_ndcg@10 = 0.0432

2024-08-10 12:04:54.228220: step 4560/24320 (epoch 15/80), loss = 1.150480 (34.130 sec/epoch), lr: 0.003800
Evaluating on dev set...
...........................
source: 	 mrr: 0.028390	 ndcg_5: 0.0190	 ndcg_10: 0.0256	 hit@1:0.007241	 hit@5:0.0319	 hit@10: 0.0529
target: 	 mrr: 0.043579	 ndcg_5: 0.0360	 ndcg_10: 0.0428	 hit@1:0.018815	 hit@5:0.0537	 hit@10: 0.0753
epoch 15: train_loss = 1.150480, source_hit@10 = 0.0529, source_ndcg@10 = 0.0256, target_hit@10 = 0.0753, target_ndcg@10 = 0.0428

2024-08-10 12:05:28.466929: step 4864/24320 (epoch 16/80), loss = 1.143440 (33.951 sec/epoch), lr: 0.003610
Evaluating on dev set...
...........................
source: 	 mrr: 0.029382	 ndcg_5: 0.0173	 ndcg_10: 0.0269	 hit@1:0.007241	 hit@5:0.0275	 hit@10: 0.0579
target: 	 mrr: 0.040264	 ndcg_5: 0.0298	 ndcg_10: 0.0398	 hit@1:0.011150	 hit@5:0.0474	 hit@10: 0.0780
epoch 16: train_loss = 1.143440, source_hit@10 = 0.0579, source_ndcg@10 = 0.0269, target_hit@10 = 0.0780, target_ndcg@10 = 0.0398

2024-08-10 12:06:02.760842: step 5168/24320 (epoch 17/80), loss = 1.135173 (34.007 sec/epoch), lr: 0.003429
Evaluating on dev set...
...........................
source: 	 mrr: 0.029446	 ndcg_5: 0.0203	 ndcg_10: 0.0285	 hit@1:0.007241	 hit@5:0.0333	 hit@10: 0.0587
target: 	 mrr: 0.035148	 ndcg_5: 0.0249	 ndcg_10: 0.0351	 hit@1:0.009059	 hit@5:0.0411	 hit@10: 0.0732
epoch 17: train_loss = 1.135173, source_hit@10 = 0.0587, source_ndcg@10 = 0.0285, target_hit@10 = 0.0732, target_ndcg@10 = 0.0351

2024-08-10 12:06:37.482748: step 5472/24320 (epoch 18/80), loss = 1.123557 (34.431 sec/epoch), lr: 0.003258
Evaluating on dev set...
...........................
source: 	 mrr: 0.038810	 ndcg_5: 0.0271	 ndcg_10: 0.0370	 hit@1:0.013034	 hit@5:0.0420	 hit@10: 0.0731
target: 	 mrr: 0.041042	 ndcg_5: 0.0341	 ndcg_10: 0.0442	 hit@1:0.010453	 hit@5:0.0571	 hit@10: 0.0892
source best!
.............
source: 	 mrr: 0.038489	 ndcg_5: 0.0274	 ndcg_10: 0.0391	 hit@1:0.011503	 hit@5:0.0437	 hit@10: 0.0805
epoch 18: train_loss = 1.123557, source_hit@10 = 0.0805, source_ndcg@10 = 0.0391, target_hit@10 = 0.0892, target_ndcg@10 = 0.0442
new best model saved.

2024-08-10 12:07:11.818123: step 5776/24320 (epoch 19/80), loss = 1.111912 (33.837 sec/epoch), lr: 0.003258
Evaluating on dev set...
...........................
source: 	 mrr: 0.035081	 ndcg_5: 0.0221	 ndcg_10: 0.0327	 hit@1:0.010862	 hit@5:0.0319	 hit@10: 0.0652
target: 	 mrr: 0.043370	 ndcg_5: 0.0328	 ndcg_10: 0.0439	 hit@1:0.014634	 hit@5:0.0502	 hit@10: 0.0850
epoch 19: train_loss = 1.111912, source_hit@10 = 0.0652, source_ndcg@10 = 0.0327, target_hit@10 = 0.0850, target_ndcg@10 = 0.0439

2024-08-10 12:07:45.739597: step 6080/24320 (epoch 20/80), loss = 1.103334 (33.635 sec/epoch), lr: 0.003095
Evaluating on dev set...
...........................
source: 	 mrr: 0.035461	 ndcg_5: 0.0250	 ndcg_10: 0.0328	 hit@1:0.010138	 hit@5:0.0406	 hit@10: 0.0652
target: 	 mrr: 0.049696	 ndcg_5: 0.0402	 ndcg_10: 0.0532	 hit@1:0.018815	 hit@5:0.0613	 hit@10: 0.1017
target best!
..............target: 	 mrr: 0.043011	 ndcg_5: 0.0349	 ndcg_10: 0.0465	 hit@1:0.010974	 hit@5:0.0617	 hit@10: 0.0981
epoch 20: train_loss = 1.103334, source_hit@10 = 0.0652, source_ndcg@10 = 0.0328, target_hit@10 = 0.0981, target_ndcg@10 = 0.0465
new best model saved.

2024-08-10 12:08:20.106764: step 6384/24320 (epoch 21/80), loss = 1.098350 (33.858 sec/epoch), lr: 0.003095
Evaluating on dev set...
...........................
source: 	 mrr: 0.033728	 ndcg_5: 0.0254	 ndcg_10: 0.0334	 hit@1:0.008689	 hit@5:0.0413	 hit@10: 0.0659
target: 	 mrr: 0.040849	 ndcg_5: 0.0304	 ndcg_10: 0.0444	 hit@1:0.010453	 hit@5:0.0509	 hit@10: 0.0948
epoch 21: train_loss = 1.098350, source_hit@10 = 0.0659, source_ndcg@10 = 0.0334, target_hit@10 = 0.0948, target_ndcg@10 = 0.0444

2024-08-10 12:08:54.491706: step 6688/24320 (epoch 22/80), loss = 1.092787 (34.092 sec/epoch), lr: 0.002940
Evaluating on dev set...
...........................
source: 	 mrr: 0.041657	 ndcg_5: 0.0281	 ndcg_10: 0.0406	 hit@1:0.013034	 hit@5:0.0406	 hit@10: 0.0789
target: 	 mrr: 0.050463	 ndcg_5: 0.0408	 ndcg_10: 0.0562	 hit@1:0.018118	 hit@5:0.0641	 hit@10: 0.1122
source best!
.............
source: 	 mrr: 0.039693	 ndcg_5: 0.0288	 ndcg_10: 0.0415	 hit@1:0.009202	 hit@5:0.0483	 hit@10: 0.0882
target best!
..............target: 	 mrr: 0.053162	 ndcg_5: 0.0430	 ndcg_10: 0.0583	 hit@1:0.019204	 hit@5:0.0658	 hit@10: 0.1125
epoch 22: train_loss = 1.092787, source_hit@10 = 0.0882, source_ndcg@10 = 0.0415, target_hit@10 = 0.1125, target_ndcg@10 = 0.0583
new best model saved.

2024-08-10 12:09:29.362540: step 6992/24320 (epoch 23/80), loss = 1.088820 (34.252 sec/epoch), lr: 0.002940
Evaluating on dev set...
...........................
source: 	 mrr: 0.026788	 ndcg_5: 0.0159	 ndcg_10: 0.0232	 hit@1:0.004345	 hit@5:0.0282	 hit@10: 0.0514
target: 	 mrr: 0.050123	 ndcg_5: 0.0410	 ndcg_10: 0.0542	 hit@1:0.016725	 hit@5:0.0641	 hit@10: 0.1052
epoch 23: train_loss = 1.088820, source_hit@10 = 0.0514, source_ndcg@10 = 0.0232, target_hit@10 = 0.1052, target_ndcg@10 = 0.0542

2024-08-10 12:10:03.623816: step 7296/24320 (epoch 24/80), loss = 1.082377 (33.967 sec/epoch), lr: 0.002793
Evaluating on dev set...
...........................
source: 	 mrr: 0.034174	 ndcg_5: 0.0228	 ndcg_10: 0.0320	 hit@1:0.010138	 hit@5:0.0362	 hit@10: 0.0652
target: 	 mrr: 0.055299	 ndcg_5: 0.0484	 ndcg_10: 0.0600	 hit@1:0.020906	 hit@5:0.0746	 hit@10: 0.1108
target best!
..............target: 	 mrr: 0.053176	 ndcg_5: 0.0462	 ndcg_10: 0.0588	 hit@1:0.018519	 hit@5:0.0734	 hit@10: 0.1118
epoch 24: train_loss = 1.082377, source_hit@10 = 0.0652, source_ndcg@10 = 0.0320, target_hit@10 = 0.1118, target_ndcg@10 = 0.0588
new best model saved.

2024-08-10 12:10:38.347598: step 7600/24320 (epoch 25/80), loss = 1.079507 (34.195 sec/epoch), lr: 0.002793
Evaluating on dev set...
...........................
source: 	 mrr: 0.034322	 ndcg_5: 0.0219	 ndcg_10: 0.0320	 hit@1:0.010138	 hit@5:0.0348	 hit@10: 0.0659
target: 	 mrr: 0.048092	 ndcg_5: 0.0390	 ndcg_10: 0.0514	 hit@1:0.013240	 hit@5:0.0634	 hit@10: 0.1017
epoch 25: train_loss = 1.079507, source_hit@10 = 0.0659, source_ndcg@10 = 0.0320, target_hit@10 = 0.1017, target_ndcg@10 = 0.0514

2024-08-10 12:11:12.669029: step 7904/24320 (epoch 26/80), loss = 1.074907 (34.031 sec/epoch), lr: 0.002654
Evaluating on dev set...
...........................
source: 	 mrr: 0.034775	 ndcg_5: 0.0247	 ndcg_10: 0.0340	 hit@1:0.007965	 hit@5:0.0427	 hit@10: 0.0717
target: 	 mrr: 0.043966	 ndcg_5: 0.0345	 ndcg_10: 0.0474	 hit@1:0.012544	 hit@5:0.0564	 hit@10: 0.0969
epoch 26: train_loss = 1.074907, source_hit@10 = 0.0717, source_ndcg@10 = 0.0340, target_hit@10 = 0.0969, target_ndcg@10 = 0.0474

2024-08-10 12:11:47.438015: step 8208/24320 (epoch 27/80), loss = 1.073440 (34.477 sec/epoch), lr: 0.002521
Evaluating on dev set...
...........................
source: 	 mrr: 0.041899	 ndcg_5: 0.0315	 ndcg_10: 0.0420	 hit@1:0.013758	 hit@5:0.0500	 hit@10: 0.0825
target: 	 mrr: 0.052022	 ndcg_5: 0.0440	 ndcg_10: 0.0565	 hit@1:0.019512	 hit@5:0.0704	 hit@10: 0.1094
source best!
.............
source: 	 mrr: 0.033347	 ndcg_5: 0.0229	 ndcg_10: 0.0351	 hit@1:0.006902	 hit@5:0.0406	 hit@10: 0.0790
epoch 27: train_loss = 1.073440, source_hit@10 = 0.0790, source_ndcg@10 = 0.0351, target_hit@10 = 0.1094, target_ndcg@10 = 0.0565
new best model saved.

2024-08-10 12:12:21.902413: step 8512/24320 (epoch 28/80), loss = 1.066750 (33.979 sec/epoch), lr: 0.002521
Evaluating on dev set...
...........................
source: 	 mrr: 0.036375	 ndcg_5: 0.0275	 ndcg_10: 0.0349	 hit@1:0.007965	 hit@5:0.0471	 hit@10: 0.0702
target: 	 mrr: 0.051411	 ndcg_5: 0.0429	 ndcg_10: 0.0570	 hit@1:0.016725	 hit@5:0.0697	 hit@10: 0.1129
epoch 28: train_loss = 1.066750, source_hit@10 = 0.0702, source_ndcg@10 = 0.0349, target_hit@10 = 0.1129, target_ndcg@10 = 0.0570

2024-08-10 12:12:56.317697: step 8816/24320 (epoch 29/80), loss = 1.064156 (34.123 sec/epoch), lr: 0.002395
Evaluating on dev set...
...........................
source: 	 mrr: 0.036557	 ndcg_5: 0.0252	 ndcg_10: 0.0359	 hit@1:0.013034	 hit@5:0.0384	 hit@10: 0.0724
target: 	 mrr: 0.049010	 ndcg_5: 0.0396	 ndcg_10: 0.0528	 hit@1:0.011150	 hit@5:0.0655	 hit@10: 0.1066
epoch 29: train_loss = 1.064156, source_hit@10 = 0.0724, source_ndcg@10 = 0.0359, target_hit@10 = 0.1066, target_ndcg@10 = 0.0528

2024-08-10 12:13:30.424699: step 9120/24320 (epoch 30/80), loss = 1.059847 (33.818 sec/epoch), lr: 0.002275
Evaluating on dev set...
...........................
source: 	 mrr: 0.035128	 ndcg_5: 0.0222	 ndcg_10: 0.0355	 hit@1:0.007241	 hit@5:0.0377	 hit@10: 0.0782
target: 	 mrr: 0.049410	 ndcg_5: 0.0389	 ndcg_10: 0.0547	 hit@1:0.015331	 hit@5:0.0613	 hit@10: 0.1108
epoch 30: train_loss = 1.059847, source_hit@10 = 0.0782, source_ndcg@10 = 0.0355, target_hit@10 = 0.1108, target_ndcg@10 = 0.0547
shift to transfer learning mode

2024-08-10 12:14:05.778555: step 9424/24320 (epoch 31/80), loss = 1.056942 (35.063 sec/epoch), lr: 0.002161
Evaluating on dev set...
...........................
source: 	 mrr: 0.032546	 ndcg_5: 0.0210	 ndcg_10: 0.0301	 hit@1:0.006517	 hit@5:0.0355	 hit@10: 0.0637
target: 	 mrr: 0.051552	 ndcg_5: 0.0427	 ndcg_10: 0.0568	 hit@1:0.021603	 hit@5:0.0669	 hit@10: 0.1108
epoch 31: train_loss = 1.056942, source_hit@10 = 0.0637, source_ndcg@10 = 0.0301, target_hit@10 = 0.1108, target_ndcg@10 = 0.0568

2024-08-10 12:14:40.492723: step 9728/24320 (epoch 32/80), loss = 1.053129 (34.424 sec/epoch), lr: 0.002053
Evaluating on dev set...
...........................
source: 	 mrr: 0.038902	 ndcg_5: 0.0302	 ndcg_10: 0.0387	 hit@1:0.011586	 hit@5:0.0492	 hit@10: 0.0760
target: 	 mrr: 0.050992	 ndcg_5: 0.0392	 ndcg_10: 0.0542	 hit@1:0.018118	 hit@5:0.0599	 hit@10: 0.1066
epoch 32: train_loss = 1.053129, source_hit@10 = 0.0760, source_ndcg@10 = 0.0387, target_hit@10 = 0.1066, target_ndcg@10 = 0.0542

2024-08-10 12:15:14.988509: step 10032/24320 (epoch 33/80), loss = 1.052339 (34.209 sec/epoch), lr: 0.002053
Evaluating on dev set...
...........................
source: 	 mrr: 0.037079	 ndcg_5: 0.0272	 ndcg_10: 0.0377	 hit@1:0.007241	 hit@5:0.0471	 hit@10: 0.0797
target: 	 mrr: 0.059488	 ndcg_5: 0.0501	 ndcg_10: 0.0642	 hit@1:0.024390	 hit@5:0.0746	 hit@10: 0.1185
target best!
..............target: 	 mrr: 0.058322	 ndcg_5: 0.0514	 ndcg_10: 0.0636	 hit@1:0.021948	 hit@5:0.0809	 hit@10: 0.1193
epoch 33: train_loss = 1.052339, source_hit@10 = 0.0797, source_ndcg@10 = 0.0377, target_hit@10 = 0.1193, target_ndcg@10 = 0.0636
new best model saved.

2024-08-10 12:15:50.364377: step 10336/24320 (epoch 34/80), loss = 1.048683 (34.867 sec/epoch), lr: 0.002053
Evaluating on dev set...
...........................
source: 	 mrr: 0.023671	 ndcg_5: 0.0142	 ndcg_10: 0.0232	 hit@1:0.005069	 hit@5:0.0239	 hit@10: 0.0514
target: 	 mrr: 0.051978	 ndcg_5: 0.0442	 ndcg_10: 0.0567	 hit@1:0.021603	 hit@5:0.0683	 hit@10: 0.1073
epoch 34: train_loss = 1.048683, source_hit@10 = 0.0514, source_ndcg@10 = 0.0232, target_hit@10 = 0.1073, target_ndcg@10 = 0.0567

2024-08-10 12:16:25.087931: step 10640/24320 (epoch 35/80), loss = 1.044419 (34.435 sec/epoch), lr: 0.001951
Evaluating on dev set...
...........................
source: 	 mrr: 0.038198	 ndcg_5: 0.0270	 ndcg_10: 0.0359	 hit@1:0.010862	 hit@5:0.0420	 hit@10: 0.0702
target: 	 mrr: 0.055576	 ndcg_5: 0.0463	 ndcg_10: 0.0622	 hit@1:0.023693	 hit@5:0.0718	 hit@10: 0.1213
epoch 35: train_loss = 1.044419, source_hit@10 = 0.0702, source_ndcg@10 = 0.0359, target_hit@10 = 0.1213, target_ndcg@10 = 0.0622

2024-08-10 12:16:59.626136: step 10944/24320 (epoch 36/80), loss = 1.043698 (34.248 sec/epoch), lr: 0.001951
Evaluating on dev set...
...........................
source: 	 mrr: 0.039082	 ndcg_5: 0.0270	 ndcg_10: 0.0371	 hit@1:0.014482	 hit@5:0.0406	 hit@10: 0.0724
target: 	 mrr: 0.051322	 ndcg_5: 0.0425	 ndcg_10: 0.0541	 hit@1:0.022300	 hit@5:0.0648	 hit@10: 0.1010
epoch 36: train_loss = 1.043698, source_hit@10 = 0.0724, source_ndcg@10 = 0.0371, target_hit@10 = 0.1010, target_ndcg@10 = 0.0541

2024-08-10 12:17:34.925939: step 11248/24320 (epoch 37/80), loss = 1.040303 (35.010 sec/epoch), lr: 0.001853
Evaluating on dev set...
...........................
source: 	 mrr: 0.038210	 ndcg_5: 0.0281	 ndcg_10: 0.0386	 hit@1:0.011586	 hit@5:0.0456	 hit@10: 0.0789
target: 	 mrr: 0.054040	 ndcg_5: 0.0452	 ndcg_10: 0.0574	 hit@1:0.020209	 hit@5:0.0697	 hit@10: 0.1073
epoch 37: train_loss = 1.040303, source_hit@10 = 0.0789, source_ndcg@10 = 0.0386, target_hit@10 = 0.1073, target_ndcg@10 = 0.0574

2024-08-10 12:18:09.553082: step 11552/24320 (epoch 38/80), loss = 1.037849 (34.329 sec/epoch), lr: 0.001853
Evaluating on dev set...
...........................
source: 	 mrr: 0.036402	 ndcg_5: 0.0253	 ndcg_10: 0.0363	 hit@1:0.009413	 hit@5:0.0420	 hit@10: 0.0760
target: 	 mrr: 0.054668	 ndcg_5: 0.0449	 ndcg_10: 0.0592	 hit@1:0.024390	 hit@5:0.0669	 hit@10: 0.1115
epoch 38: train_loss = 1.037849, source_hit@10 = 0.0760, source_ndcg@10 = 0.0363, target_hit@10 = 0.1115, target_ndcg@10 = 0.0592

2024-08-10 12:18:44.343717: step 11856/24320 (epoch 39/80), loss = 1.034333 (34.500 sec/epoch), lr: 0.001761
Evaluating on dev set...
...........................
source: 	 mrr: 0.039894	 ndcg_5: 0.0275	 ndcg_10: 0.0405	 hit@1:0.010862	 hit@5:0.0442	 hit@10: 0.0847
target: 	 mrr: 0.045382	 ndcg_5: 0.0348	 ndcg_10: 0.0483	 hit@1:0.017422	 hit@5:0.0537	 hit@10: 0.0962
epoch 39: train_loss = 1.034333, source_hit@10 = 0.0847, source_ndcg@10 = 0.0405, target_hit@10 = 0.0962, target_ndcg@10 = 0.0483

2024-08-10 12:19:18.631406: step 12160/24320 (epoch 40/80), loss = 1.033056 (34.001 sec/epoch), lr: 0.001672
Evaluating on dev set...
...........................
source: 	 mrr: 0.037646	 ndcg_5: 0.0269	 ndcg_10: 0.0375	 hit@1:0.010138	 hit@5:0.0427	 hit@10: 0.0753
target: 	 mrr: 0.054101	 ndcg_5: 0.0442	 ndcg_10: 0.0575	 hit@1:0.021603	 hit@5:0.0662	 hit@10: 0.1066
epoch 40: train_loss = 1.033056, source_hit@10 = 0.0753, source_ndcg@10 = 0.0375, target_hit@10 = 0.1066, target_ndcg@10 = 0.0575

2024-08-10 12:19:53.044070: step 12464/24320 (epoch 41/80), loss = 1.030183 (34.117 sec/epoch), lr: 0.001672
Evaluating on dev set...
...........................
source: 	 mrr: 0.038110	 ndcg_5: 0.0278	 ndcg_10: 0.0381	 hit@1:0.012310	 hit@5:0.0434	 hit@10: 0.0753
target: 	 mrr: 0.049861	 ndcg_5: 0.0385	 ndcg_10: 0.0539	 hit@1:0.016028	 hit@5:0.0599	 hit@10: 0.1087
epoch 41: train_loss = 1.030183, source_hit@10 = 0.0753, source_ndcg@10 = 0.0381, target_hit@10 = 0.1087, target_ndcg@10 = 0.0539

2024-08-10 12:20:27.608725: step 12768/24320 (epoch 42/80), loss = 1.027817 (34.274 sec/epoch), lr: 0.001589
Evaluating on dev set...
...........................
source: 	 mrr: 0.042700	 ndcg_5: 0.0313	 ndcg_10: 0.0446	 hit@1:0.012310	 hit@5:0.0507	 hit@10: 0.0920
target: 	 mrr: 0.053509	 ndcg_5: 0.0443	 ndcg_10: 0.0569	 hit@1:0.022300	 hit@5:0.0669	 hit@10: 0.1059
source best!
.............
source: 	 mrr: 0.037411	 ndcg_5: 0.0261	 ndcg_10: 0.0362	 hit@1:0.009202	 hit@5:0.0429	 hit@10: 0.0752
epoch 42: train_loss = 1.027817, source_hit@10 = 0.0752, source_ndcg@10 = 0.0362, target_hit@10 = 0.1059, target_ndcg@10 = 0.0569
new best model saved.

2024-08-10 12:21:02.627631: step 13072/24320 (epoch 43/80), loss = 1.024898 (34.516 sec/epoch), lr: 0.001589
Evaluating on dev set...
...........................
source: 	 mrr: 0.038877	 ndcg_5: 0.0281	 ndcg_10: 0.0399	 hit@1:0.008689	 hit@5:0.0485	 hit@10: 0.0847
target: 	 mrr: 0.049035	 ndcg_5: 0.0398	 ndcg_10: 0.0537	 hit@1:0.016028	 hit@5:0.0627	 hit@10: 0.1059
epoch 43: train_loss = 1.024898, source_hit@10 = 0.0847, source_ndcg@10 = 0.0399, target_hit@10 = 0.1059, target_ndcg@10 = 0.0537

2024-08-10 12:21:36.905817: step 13376/24320 (epoch 44/80), loss = 1.022952 (33.992 sec/epoch), lr: 0.001509
Evaluating on dev set...
...........................
source: 	 mrr: 0.037794	 ndcg_5: 0.0256	 ndcg_10: 0.0392	 hit@1:0.009413	 hit@5:0.0427	 hit@10: 0.0847
target: 	 mrr: 0.046029	 ndcg_5: 0.0365	 ndcg_10: 0.0476	 hit@1:0.016725	 hit@5:0.0571	 hit@10: 0.0920
epoch 44: train_loss = 1.022952, source_hit@10 = 0.0847, source_ndcg@10 = 0.0392, target_hit@10 = 0.0920, target_ndcg@10 = 0.0476

2024-08-10 12:22:11.250664: step 13680/24320 (epoch 45/80), loss = 1.020053 (34.059 sec/epoch), lr: 0.001434
Evaluating on dev set...
...........................
source: 	 mrr: 0.039842	 ndcg_5: 0.0286	 ndcg_10: 0.0413	 hit@1:0.010862	 hit@5:0.0471	 hit@10: 0.0869
target: 	 mrr: 0.051281	 ndcg_5: 0.0425	 ndcg_10: 0.0540	 hit@1:0.018815	 hit@5:0.0662	 hit@10: 0.1010
epoch 45: train_loss = 1.020053, source_hit@10 = 0.0869, source_ndcg@10 = 0.0413, target_hit@10 = 0.1010, target_ndcg@10 = 0.0540

2024-08-10 12:22:45.668353: step 13984/24320 (epoch 46/80), loss = 1.019440 (34.131 sec/epoch), lr: 0.001434
Evaluating on dev set...
...........................
source: 	 mrr: 0.036345	 ndcg_5: 0.0254	 ndcg_10: 0.0360	 hit@1:0.006517	 hit@5:0.0449	 hit@10: 0.0782
target: 	 mrr: 0.052762	 ndcg_5: 0.0461	 ndcg_10: 0.0576	 hit@1:0.018118	 hit@5:0.0739	 hit@10: 0.1101
epoch 46: train_loss = 1.019440, source_hit@10 = 0.0782, source_ndcg@10 = 0.0360, target_hit@10 = 0.1101, target_ndcg@10 = 0.0576

2024-08-10 12:23:20.531837: step 14288/24320 (epoch 47/80), loss = 1.017818 (34.578 sec/epoch), lr: 0.001362
Evaluating on dev set...
...........................
source: 	 mrr: 0.046616	 ndcg_5: 0.0352	 ndcg_10: 0.0474	 hit@1:0.017379	 hit@5:0.0536	 hit@10: 0.0912
target: 	 mrr: 0.052190	 ndcg_5: 0.0447	 ndcg_10: 0.0570	 hit@1:0.019512	 hit@5:0.0711	 hit@10: 0.1094
source best!
.............
source: 	 mrr: 0.038953	 ndcg_5: 0.0252	 ndcg_10: 0.0417	 hit@1:0.009202	 hit@5:0.0399	 hit@10: 0.0905
epoch 47: train_loss = 1.017818, source_hit@10 = 0.0905, source_ndcg@10 = 0.0417, target_hit@10 = 0.1094, target_ndcg@10 = 0.0570
new best model saved.

2024-08-10 12:23:55.490732: step 14592/24320 (epoch 48/80), loss = 1.016078 (34.460 sec/epoch), lr: 0.001362
Evaluating on dev set...
...........................
source: 	 mrr: 0.041679	 ndcg_5: 0.0294	 ndcg_10: 0.0418	 hit@1:0.013034	 hit@5:0.0449	 hit@10: 0.0833
target: 	 mrr: 0.054693	 ndcg_5: 0.0468	 ndcg_10: 0.0567	 hit@1:0.023693	 hit@5:0.0697	 hit@10: 0.1003
epoch 48: train_loss = 1.016078, source_hit@10 = 0.0833, source_ndcg@10 = 0.0418, target_hit@10 = 0.1003, target_ndcg@10 = 0.0567

2024-08-10 12:24:30.010092: step 14896/24320 (epoch 49/80), loss = 1.012662 (34.230 sec/epoch), lr: 0.001294
Evaluating on dev set...
...........................
source: 	 mrr: 0.038495	 ndcg_5: 0.0278	 ndcg_10: 0.0394	 hit@1:0.010138	 hit@5:0.0449	 hit@10: 0.0811
target: 	 mrr: 0.057231	 ndcg_5: 0.0506	 ndcg_10: 0.0631	 hit@1:0.020906	 hit@5:0.0801	 hit@10: 0.1178
epoch 49: train_loss = 1.012662, source_hit@10 = 0.0811, source_ndcg@10 = 0.0394, target_hit@10 = 0.1178, target_ndcg@10 = 0.0631

2024-08-10 12:25:04.549744: step 15200/24320 (epoch 50/80), loss = 1.010416 (34.249 sec/epoch), lr: 0.001229
Evaluating on dev set...
...........................
source: 	 mrr: 0.040006	 ndcg_5: 0.0258	 ndcg_10: 0.0428	 hit@1:0.010862	 hit@5:0.0406	 hit@10: 0.0941
target: 	 mrr: 0.048607	 ndcg_5: 0.0404	 ndcg_10: 0.0530	 hit@1:0.017422	 hit@5:0.0641	 hit@10: 0.1031
epoch 50: train_loss = 1.010416, source_hit@10 = 0.0941, source_ndcg@10 = 0.0428, target_hit@10 = 0.1031, target_ndcg@10 = 0.0530

2024-08-10 12:25:39.249229: step 15504/24320 (epoch 51/80), loss = 1.007103 (34.411 sec/epoch), lr: 0.001168
Evaluating on dev set...
...........................
source: 	 mrr: 0.037983	 ndcg_5: 0.0262	 ndcg_10: 0.0381	 hit@1:0.009413	 hit@5:0.0442	 hit@10: 0.0811
target: 	 mrr: 0.048900	 ndcg_5: 0.0422	 ndcg_10: 0.0538	 hit@1:0.016028	 hit@5:0.0690	 hit@10: 0.1045
epoch 51: train_loss = 1.007103, source_hit@10 = 0.0811, source_ndcg@10 = 0.0381, target_hit@10 = 0.1045, target_ndcg@10 = 0.0538

2024-08-10 12:26:13.852516: step 15808/24320 (epoch 52/80), loss = 1.006638 (34.317 sec/epoch), lr: 0.001110
Evaluating on dev set...
...........................
source: 	 mrr: 0.041783	 ndcg_5: 0.0292	 ndcg_10: 0.0400	 hit@1:0.016655	 hit@5:0.0427	 hit@10: 0.0768
target: 	 mrr: 0.053172	 ndcg_5: 0.0462	 ndcg_10: 0.0576	 hit@1:0.019512	 hit@5:0.0732	 hit@10: 0.1094
epoch 52: train_loss = 1.006638, source_hit@10 = 0.0768, source_ndcg@10 = 0.0400, target_hit@10 = 0.1094, target_ndcg@10 = 0.0576

2024-08-10 12:26:48.715998: step 16112/24320 (epoch 53/80), loss = 1.004365 (34.575 sec/epoch), lr: 0.001110
Evaluating on dev set...
...........................
source: 	 mrr: 0.042497	 ndcg_5: 0.0315	 ndcg_10: 0.0429	 hit@1:0.013758	 hit@5:0.0485	 hit@10: 0.0847
target: 	 mrr: 0.057272	 ndcg_5: 0.0498	 ndcg_10: 0.0616	 hit@1:0.025087	 hit@5:0.0767	 hit@10: 0.1136
epoch 53: train_loss = 1.004365, source_hit@10 = 0.0847, source_ndcg@10 = 0.0429, target_hit@10 = 0.1136, target_ndcg@10 = 0.0616

2024-08-10 12:27:23.604990: step 16416/24320 (epoch 54/80), loss = 1.002037 (34.601 sec/epoch), lr: 0.001110
Evaluating on dev set...
...........................
source: 	 mrr: 0.038019	 ndcg_5: 0.0262	 ndcg_10: 0.0369	 hit@1:0.010138	 hit@5:0.0427	 hit@10: 0.0760
target: 	 mrr: 0.049308	 ndcg_5: 0.0425	 ndcg_10: 0.0571	 hit@1:0.013937	 hit@5:0.0711	 hit@10: 0.1164
epoch 54: train_loss = 1.002037, source_hit@10 = 0.0760, source_ndcg@10 = 0.0369, target_hit@10 = 0.1164, target_ndcg@10 = 0.0571

2024-08-10 12:27:58.880390: step 16720/24320 (epoch 55/80), loss = 1.001595 (34.983 sec/epoch), lr: 0.001054
Evaluating on dev set...
...........................
source: 	 mrr: 0.039977	 ndcg_5: 0.0285	 ndcg_10: 0.0429	 hit@1:0.009413	 hit@5:0.0478	 hit@10: 0.0927
target: 	 mrr: 0.048053	 ndcg_5: 0.0406	 ndcg_10: 0.0540	 hit@1:0.012544	 hit@5:0.0683	 hit@10: 0.1101
epoch 55: train_loss = 1.001595, source_hit@10 = 0.0927, source_ndcg@10 = 0.0429, target_hit@10 = 0.1101, target_ndcg@10 = 0.0540

2024-08-10 12:28:33.625620: step 17024/24320 (epoch 56/80), loss = 1.000146 (34.459 sec/epoch), lr: 0.001054
Evaluating on dev set...
...........................
source: 	 mrr: 0.039563	 ndcg_5: 0.0280	 ndcg_10: 0.0392	 hit@1:0.010138	 hit@5:0.0456	 hit@10: 0.0804
target: 	 mrr: 0.046113	 ndcg_5: 0.0404	 ndcg_10: 0.0517	 hit@1:0.013240	 hit@5:0.0704	 hit@10: 0.1052
epoch 56: train_loss = 1.000146, source_hit@10 = 0.0804, source_ndcg@10 = 0.0392, target_hit@10 = 0.1052, target_ndcg@10 = 0.0517

2024-08-10 12:29:08.232478: step 17328/24320 (epoch 57/80), loss = 0.994942 (34.320 sec/epoch), lr: 0.001001
Evaluating on dev set...
...........................
source: 	 mrr: 0.044621	 ndcg_5: 0.0332	 ndcg_10: 0.0461	 hit@1:0.015930	 hit@5:0.0529	 hit@10: 0.0934
target: 	 mrr: 0.050969	 ndcg_5: 0.0445	 ndcg_10: 0.0569	 hit@1:0.017422	 hit@5:0.0725	 hit@10: 0.1115
epoch 57: train_loss = 0.994942, source_hit@10 = 0.0934, source_ndcg@10 = 0.0461, target_hit@10 = 0.1115, target_ndcg@10 = 0.0569

2024-08-10 12:29:43.264633: step 17632/24320 (epoch 58/80), loss = 0.995652 (34.735 sec/epoch), lr: 0.001001
Evaluating on dev set...
...........................
source: 	 mrr: 0.041143	 ndcg_5: 0.0285	 ndcg_10: 0.0412	 hit@1:0.014482	 hit@5:0.0427	 hit@10: 0.0825
target: 	 mrr: 0.056013	 ndcg_5: 0.0468	 ndcg_10: 0.0597	 hit@1:0.022997	 hit@5:0.0718	 hit@10: 0.1122
epoch 58: train_loss = 0.995652, source_hit@10 = 0.0825, source_ndcg@10 = 0.0412, target_hit@10 = 0.1122, target_ndcg@10 = 0.0597

2024-08-10 12:30:18.823994: step 17936/24320 (epoch 59/80), loss = 0.992917 (35.263 sec/epoch), lr: 0.001001
Evaluating on dev set...
...........................
source: 	 mrr: 0.044129	 ndcg_5: 0.0328	 ndcg_10: 0.0434	 hit@1:0.013034	 hit@5:0.0514	 hit@10: 0.0847
target: 	 mrr: 0.052021	 ndcg_5: 0.0444	 ndcg_10: 0.0571	 hit@1:0.016028	 hit@5:0.0718	 hit@10: 0.1108
epoch 59: train_loss = 0.992917, source_hit@10 = 0.0847, source_ndcg@10 = 0.0434, target_hit@10 = 0.1108, target_ndcg@10 = 0.0571

2024-08-10 12:30:53.199160: step 18240/24320 (epoch 60/80), loss = 0.989772 (34.081 sec/epoch), lr: 0.000951
Evaluating on dev set...
...........................
source: 	 mrr: 0.047354	 ndcg_5: 0.0386	 ndcg_10: 0.0486	 hit@1:0.017379	 hit@5:0.0608	 hit@10: 0.0920
target: 	 mrr: 0.054348	 ndcg_5: 0.0453	 ndcg_10: 0.0589	 hit@1:0.020209	 hit@5:0.0697	 hit@10: 0.1115
source best!
.............
source: 	 mrr: 0.039844	 ndcg_5: 0.0294	 ndcg_10: 0.0414	 hit@1:0.012270	 hit@5:0.0475	 hit@10: 0.0851
epoch 60: train_loss = 0.989772, source_hit@10 = 0.0851, source_ndcg@10 = 0.0414, target_hit@10 = 0.1115, target_ndcg@10 = 0.0589
new best model saved.

2024-08-10 12:31:28.014397: step 18544/24320 (epoch 61/80), loss = 0.986452 (34.321 sec/epoch), lr: 0.000951
Evaluating on dev set...
...........................
source: 	 mrr: 0.041011	 ndcg_5: 0.0322	 ndcg_10: 0.0438	 hit@1:0.013758	 hit@5:0.0507	 hit@10: 0.0869
target: 	 mrr: 0.056412	 ndcg_5: 0.0487	 ndcg_10: 0.0606	 hit@1:0.021603	 hit@5:0.0739	 hit@10: 0.1108
epoch 61: train_loss = 0.986452, source_hit@10 = 0.0869, source_ndcg@10 = 0.0438, target_hit@10 = 0.1108, target_ndcg@10 = 0.0606

2024-08-10 12:32:03.439374: step 18848/24320 (epoch 62/80), loss = 0.984841 (35.135 sec/epoch), lr: 0.000904
Evaluating on dev set...
...........................
source: 	 mrr: 0.041162	 ndcg_5: 0.0330	 ndcg_10: 0.0408	 hit@1:0.012310	 hit@5:0.0543	 hit@10: 0.0789
target: 	 mrr: 0.048935	 ndcg_5: 0.0406	 ndcg_10: 0.0537	 hit@1:0.017422	 hit@5:0.0634	 hit@10: 0.1045
epoch 62: train_loss = 0.984841, source_hit@10 = 0.0789, source_ndcg@10 = 0.0408, target_hit@10 = 0.1045, target_ndcg@10 = 0.0537

2024-08-10 12:32:38.550752: step 19152/24320 (epoch 63/80), loss = 0.983724 (34.821 sec/epoch), lr: 0.000859
Evaluating on dev set...
...........................
source: 	 mrr: 0.038318	 ndcg_5: 0.0290	 ndcg_10: 0.0385	 hit@1:0.010862	 hit@5:0.0492	 hit@10: 0.0789
target: 	 mrr: 0.054805	 ndcg_5: 0.0481	 ndcg_10: 0.0597	 hit@1:0.022300	 hit@5:0.0746	 hit@10: 0.1108
epoch 63: train_loss = 0.983724, source_hit@10 = 0.0789, source_ndcg@10 = 0.0385, target_hit@10 = 0.1108, target_ndcg@10 = 0.0597

2024-08-10 12:33:13.856069: step 19456/24320 (epoch 64/80), loss = 0.982583 (35.013 sec/epoch), lr: 0.000859
Evaluating on dev set...
...........................
source: 	 mrr: 0.033898	 ndcg_5: 0.0219	 ndcg_10: 0.0323	 hit@1:0.010862	 hit@5:0.0340	 hit@10: 0.0666
target: 	 mrr: 0.056309	 ndcg_5: 0.0475	 ndcg_10: 0.0618	 hit@1:0.020906	 hit@5:0.0725	 hit@10: 0.1164
epoch 64: train_loss = 0.982583, source_hit@10 = 0.0666, source_ndcg@10 = 0.0323, target_hit@10 = 0.1164, target_ndcg@10 = 0.0618

2024-08-10 12:33:48.241283: step 19760/24320 (epoch 65/80), loss = 0.978783 (34.092 sec/epoch), lr: 0.000816
Evaluating on dev set...
...........................
source: 	 mrr: 0.041865	 ndcg_5: 0.0317	 ndcg_10: 0.0410	 hit@1:0.013034	 hit@5:0.0514	 hit@10: 0.0804
target: 	 mrr: 0.054421	 ndcg_5: 0.0469	 ndcg_10: 0.0608	 hit@1:0.018118	 hit@5:0.0739	 hit@10: 0.1171
epoch 65: train_loss = 0.978783, source_hit@10 = 0.0804, source_ndcg@10 = 0.0410, target_hit@10 = 0.1171, target_ndcg@10 = 0.0608

2024-08-10 12:34:23.128802: step 20064/24320 (epoch 66/80), loss = 0.974295 (34.602 sec/epoch), lr: 0.000816
Evaluating on dev set...
...........................
source: 	 mrr: 0.044207	 ndcg_5: 0.0322	 ndcg_10: 0.0425	 hit@1:0.015930	 hit@5:0.0485	 hit@10: 0.0804
target: 	 mrr: 0.048138	 ndcg_5: 0.0410	 ndcg_10: 0.0536	 hit@1:0.013937	 hit@5:0.0655	 hit@10: 0.1052
epoch 66: train_loss = 0.974295, source_hit@10 = 0.0804, source_ndcg@10 = 0.0425, target_hit@10 = 0.1052, target_ndcg@10 = 0.0536

2024-08-10 12:34:58.514537: step 20368/24320 (epoch 67/80), loss = 0.972806 (35.099 sec/epoch), lr: 0.000775
Evaluating on dev set...
...........................
source: 	 mrr: 0.041642	 ndcg_5: 0.0323	 ndcg_10: 0.0437	 hit@1:0.010862	 hit@5:0.0529	 hit@10: 0.0891
target: 	 mrr: 0.057214	 ndcg_5: 0.0512	 ndcg_10: 0.0620	 hit@1:0.022300	 hit@5:0.0787	 hit@10: 0.1122
epoch 67: train_loss = 0.972806, source_hit@10 = 0.0891, source_ndcg@10 = 0.0437, target_hit@10 = 0.1122, target_ndcg@10 = 0.0620

2024-08-10 12:35:33.165290: step 20672/24320 (epoch 68/80), loss = 0.970747 (34.354 sec/epoch), lr: 0.000775
Evaluating on dev set...
...........................
source: 	 mrr: 0.044262	 ndcg_5: 0.0349	 ndcg_10: 0.0448	 hit@1:0.013758	 hit@5:0.0565	 hit@10: 0.0876
target: 	 mrr: 0.047198	 ndcg_5: 0.0404	 ndcg_10: 0.0531	 hit@1:0.016028	 hit@5:0.0669	 hit@10: 0.1066
epoch 68: train_loss = 0.970747, source_hit@10 = 0.0876, source_ndcg@10 = 0.0448, target_hit@10 = 0.1066, target_ndcg@10 = 0.0531

2024-08-10 12:36:07.461325: step 20976/24320 (epoch 69/80), loss = 0.968770 (34.010 sec/epoch), lr: 0.000736
Evaluating on dev set...
...........................
source: 	 mrr: 0.038255	 ndcg_5: 0.0262	 ndcg_10: 0.0385	 hit@1:0.011586	 hit@5:0.0420	 hit@10: 0.0804
target: 	 mrr: 0.054082	 ndcg_5: 0.0481	 ndcg_10: 0.0619	 hit@1:0.019512	 hit@5:0.0780	 hit@10: 0.1206
epoch 69: train_loss = 0.968770, source_hit@10 = 0.0804, source_ndcg@10 = 0.0385, target_hit@10 = 0.1206, target_ndcg@10 = 0.0619

2024-08-10 12:36:41.805665: step 21280/24320 (epoch 70/80), loss = 0.967614 (34.058 sec/epoch), lr: 0.000736
Evaluating on dev set...
...........................
source: 	 mrr: 0.043030	 ndcg_5: 0.0320	 ndcg_10: 0.0435	 hit@1:0.014482	 hit@5:0.0492	 hit@10: 0.0854
target: 	 mrr: 0.052283	 ndcg_5: 0.0462	 ndcg_10: 0.0588	 hit@1:0.017422	 hit@5:0.0725	 hit@10: 0.1115
epoch 70: train_loss = 0.967614, source_hit@10 = 0.0854, source_ndcg@10 = 0.0435, target_hit@10 = 0.1115, target_ndcg@10 = 0.0588

2024-08-10 12:37:16.110153: step 21584/24320 (epoch 71/80), loss = 0.964172 (34.017 sec/epoch), lr: 0.000736
Evaluating on dev set...
...........................
source: 	 mrr: 0.044194	 ndcg_5: 0.0345	 ndcg_10: 0.0457	 hit@1:0.014482	 hit@5:0.0543	 hit@10: 0.0898
target: 	 mrr: 0.041698	 ndcg_5: 0.0346	 ndcg_10: 0.0470	 hit@1:0.009756	 hit@5:0.0599	 hit@10: 0.0983
epoch 71: train_loss = 0.964172, source_hit@10 = 0.0898, source_ndcg@10 = 0.0457, target_hit@10 = 0.0983, target_ndcg@10 = 0.0470

2024-08-10 12:37:50.528631: step 21888/24320 (epoch 72/80), loss = 0.961062 (34.128 sec/epoch), lr: 0.000699
Evaluating on dev set...
...........................
source: 	 mrr: 0.044966	 ndcg_5: 0.0333	 ndcg_10: 0.0449	 hit@1:0.015930	 hit@5:0.0507	 hit@10: 0.0869
target: 	 mrr: 0.051526	 ndcg_5: 0.0438	 ndcg_10: 0.0569	 hit@1:0.018118	 hit@5:0.0690	 hit@10: 0.1094
epoch 72: train_loss = 0.961062, source_hit@10 = 0.0869, source_ndcg@10 = 0.0449, target_hit@10 = 0.1094, target_ndcg@10 = 0.0569

2024-08-10 12:38:25.458961: step 22192/24320 (epoch 73/80), loss = 0.960450 (34.639 sec/epoch), lr: 0.000699
Evaluating on dev set...
...........................
source: 	 mrr: 0.045654	 ndcg_5: 0.0352	 ndcg_10: 0.0455	 hit@1:0.017379	 hit@5:0.0529	 hit@10: 0.0847
target: 	 mrr: 0.052815	 ndcg_5: 0.0465	 ndcg_10: 0.0595	 hit@1:0.016725	 hit@5:0.0760	 hit@10: 0.1164
epoch 73: train_loss = 0.960450, source_hit@10 = 0.0847, source_ndcg@10 = 0.0455, target_hit@10 = 0.1164, target_ndcg@10 = 0.0595

2024-08-10 12:39:00.227300: step 22496/24320 (epoch 74/80), loss = 0.961965 (34.483 sec/epoch), lr: 0.000699
Evaluating on dev set...
...........................
source: 	 mrr: 0.042926	 ndcg_5: 0.0330	 ndcg_10: 0.0437	 hit@1:0.013034	 hit@5:0.0543	 hit@10: 0.0876
target: 	 mrr: 0.050455	 ndcg_5: 0.0439	 ndcg_10: 0.0588	 hit@1:0.014634	 hit@5:0.0732	 hit@10: 0.1192
epoch 74: train_loss = 0.961965, source_hit@10 = 0.0876, source_ndcg@10 = 0.0437, target_hit@10 = 0.1192, target_ndcg@10 = 0.0588

2024-08-10 12:39:35.109070: step 22800/24320 (epoch 75/80), loss = 0.955912 (34.594 sec/epoch), lr: 0.000664
Evaluating on dev set...
...........................
source: 	 mrr: 0.046651	 ndcg_5: 0.0369	 ndcg_10: 0.0486	 hit@1:0.013034	 hit@5:0.0601	 hit@10: 0.0963
target: 	 mrr: 0.045743	 ndcg_5: 0.0402	 ndcg_10: 0.0526	 hit@1:0.009059	 hit@5:0.0704	 hit@10: 0.1087
epoch 75: train_loss = 0.955912, source_hit@10 = 0.0963, source_ndcg@10 = 0.0486, target_hit@10 = 0.1087, target_ndcg@10 = 0.0526

2024-08-10 12:40:09.914045: step 23104/24320 (epoch 76/80), loss = 0.955724 (34.517 sec/epoch), lr: 0.000631
Evaluating on dev set...
...........................
source: 	 mrr: 0.047690	 ndcg_5: 0.0366	 ndcg_10: 0.0493	 hit@1:0.017379	 hit@5:0.0558	 hit@10: 0.0949
target: 	 mrr: 0.053688	 ndcg_5: 0.0467	 ndcg_10: 0.0601	 hit@1:0.020906	 hit@5:0.0732	 hit@10: 0.1143
source best!
.............
source: 	 mrr: 0.039644	 ndcg_5: 0.0273	 ndcg_10: 0.0409	 hit@1:0.013037	 hit@5:0.0429	 hit@10: 0.0851
epoch 76: train_loss = 0.955724, source_hit@10 = 0.0851, source_ndcg@10 = 0.0409, target_hit@10 = 0.1143, target_ndcg@10 = 0.0601
new best model saved.

2024-08-10 12:40:44.678129: step 23408/24320 (epoch 77/80), loss = 0.954419 (34.273 sec/epoch), lr: 0.000631
Evaluating on dev set...
...........................
source: 	 mrr: 0.038878	 ndcg_5: 0.0261	 ndcg_10: 0.0378	 hit@1:0.013034	 hit@5:0.0398	 hit@10: 0.0768
target: 	 mrr: 0.047173	 ndcg_5: 0.0411	 ndcg_10: 0.0536	 hit@1:0.011150	 hit@5:0.0704	 hit@10: 0.1094
epoch 77: train_loss = 0.954419, source_hit@10 = 0.0768, source_ndcg@10 = 0.0378, target_hit@10 = 0.1094, target_ndcg@10 = 0.0536

2024-08-10 12:41:19.687276: step 23712/24320 (epoch 78/80), loss = 0.949805 (34.722 sec/epoch), lr: 0.000600
Evaluating on dev set...
...........................
source: 	 mrr: 0.044891	 ndcg_5: 0.0346	 ndcg_10: 0.0446	 hit@1:0.016655	 hit@5:0.0536	 hit@10: 0.0847
target: 	 mrr: 0.047873	 ndcg_5: 0.0408	 ndcg_10: 0.0554	 hit@1:0.013937	 hit@5:0.0676	 hit@10: 0.1136
epoch 78: train_loss = 0.949805, source_hit@10 = 0.0847, source_ndcg@10 = 0.0446, target_hit@10 = 0.1136, target_ndcg@10 = 0.0554

2024-08-10 12:41:54.229723: step 24016/24320 (epoch 79/80), loss = 0.951845 (34.247 sec/epoch), lr: 0.000600
Evaluating on dev set...
...........................
source: 	 mrr: 0.038178	 ndcg_5: 0.0275	 ndcg_10: 0.0374	 hit@1:0.011586	 hit@5:0.0442	 hit@10: 0.0746
target: 	 mrr: 0.048146	 ndcg_5: 0.0413	 ndcg_10: 0.0551	 hit@1:0.013937	 hit@5:0.0690	 hit@10: 0.1122
epoch 79: train_loss = 0.951845, source_hit@10 = 0.0746, source_ndcg@10 = 0.0374, target_hit@10 = 0.1122, target_ndcg@10 = 0.0551

2024-08-10 12:42:29.227057: step 24320/24320 (epoch 80/80), loss = 0.947599 (34.706 sec/epoch), lr: 0.000570
Evaluating on dev set...
...........................
source: 	 mrr: 0.043450	 ndcg_5: 0.0344	 ndcg_10: 0.0442	 hit@1:0.015930	 hit@5:0.0536	 hit@10: 0.0840
target: 	 mrr: 0.050555	 ndcg_5: 0.0418	 ndcg_10: 0.0561	 hit@1:0.015331	 hit@5:0.0669	 hit@10: 0.1108
epoch 80: train_loss = 0.947599, source_hit@10 = 0.0840, source_ndcg@10 = 0.0442, target_hit@10 = 0.1108, target_ndcg@10 = 0.0561

