nohup: ignoring input
/home1/lhr/anaconda3/envs/torch/lib/python3.8/site-packages/torch_geometric/typing.py:54: UserWarning: An issue occurred while importing 'pyg-lib'. Disabling its usage. Stacktrace: /lib/x86_64-linux-gnu/libm.so.6: version `GLIBC_2.29' not found (required by /home1/lhr/anaconda3/envs/torch/lib/python3.8/site-packages/libpyg.so)
  warnings.warn(f"An issue occurred while importing 'pyg-lib'. "
/home1/lhr/anaconda3/envs/torch/lib/python3.8/site-packages/torch_geometric/typing.py:110: UserWarning: An issue occurred while importing 'torch-sparse'. Disabling its usage. Stacktrace: /lib/x86_64-linux-gnu/libm.so.6: version `GLIBC_2.29' not found (required by /home1/lhr/anaconda3/envs/torch/lib/python3.8/site-packages/libpyg.so)
  warnings.warn(f"An issue occurred while importing 'torch-sparse'. "
using gpu:4 to train the model
using gpu:4 to train the model
cuda:4
Namespace(A_split=False, JK='sum', a_fold=100, aggregate=False, alpha=0.5, batch_size=1024, beta_inter=0.4, conv_layers=4, cuda=True, decay_epoch=10, device=device(type='cuda', index=4), device_id='4', domains='game_video', dropout=0.5, epoch=80, feature_dim=126, gamma_intra=0.35, hidden_dim=126, inter_tau=0.2, intra_tau=1, lambda_critic=0.4, leakey=0.05, load=False, log='logs.txt', log_epoch=1, lr=0.004, lr_decay=0.95, min_epoch=50, mode='train', model_file=None, model_name='gv', momentum=0.98, num_latent_factors=3, num_negative=100, optim='adam', patience=20, proj_layers=1, projection=1, rectify_epoch=30, residual=1, save=False, save_dir='./saved_models', seed=32, similarity_tau=0.1, test_sample_number=999, user_batch_size=256, weight_decay=0.0002)
number_user 25025
number_item 12319
/home1/lhr/invariantCDR/invariantCDR/utils/GraphMaker.py:46: RuntimeWarning: divide by zero encountered in power
  r_inv = np.power(rowsum, -1).flatten()
/home1/lhr/invariantCDR/invariantCDR/utils/GraphMaker.py:72: UserWarning: torch.sparse.SparseTensor(indices, values, shape, *, device=) is deprecated.  Please use torch.sparse_coo_tensor(indices, values, shape, dtype=, device=). (Triggered internally at /opt/conda/conda-bld/pytorch_1711403590347/work/torch/csrc/utils/tensor_new.cpp:618.)
  return torch.sparse.FloatTensor(indices, values, shape)
real graph loaded!
number_user 19457
number_item 8751
real graph loaded!
graph loaded!
Loading data from game_video with batch size 1024...
unseen test: 0
test length: 1381
unseen test: 0
test length: 1304
unseen test: 0
test length: 1435
unseen test: 0
test length: 1458
source_user_num 25025
target_user_num 19457
source_item_num 12319
target_item_num 8751
shared users id: 1737
test users 226, 217
unseen test: 0
dev length: 1000
unseen test: 0
dev length: 1000
source train data : 155036, target train data: 156091, source test data : 1304, target test data : 1458, source dev data : 1000, target dev data : 1000
2024-08-10 18:11:16.402918: step 304/24320 (epoch 1/80), loss = 2.337480 (97.148 sec/epoch), lr: 0.004000
Evaluating on dev set...
...........................
source: 	 mrr: 0.020201	 ndcg_5: 0.0112	 ndcg_10: 0.0172	 hit@1:0.004345	 hit@5:0.0181	 hit@10: 0.0369
target: 	 mrr: 0.027517	 ndcg_5: 0.0184	 ndcg_10: 0.0265	 hit@1:0.008362	 hit@5:0.0279	 hit@10: 0.0537
source best!
.............
source: 	 mrr: 0.023052	 ndcg_5: 0.0156	 ndcg_10: 0.0211	 hit@1:0.004601	 hit@5:0.0276	 hit@10: 0.0445
target best!
..............target: 	 mrr: 0.030538	 ndcg_5: 0.0235	 ndcg_10: 0.0301	 hit@1:0.008916	 hit@5:0.0364	 hit@10: 0.0569
epoch 1: train_loss = 2.337480, source_hit@10 = 0.0445, source_ndcg@10 = 0.0211, target_hit@10 = 0.0569, target_ndcg@10 = 0.0301

2024-08-10 18:12:53.587745: step 608/24320 (epoch 2/80), loss = 1.925119 (95.485 sec/epoch), lr: 0.004000
Evaluating on dev set...
...........................
source: 	 mrr: 0.032733	 ndcg_5: 0.0219	 ndcg_10: 0.0326	 hit@1:0.006517	 hit@5:0.0377	 hit@10: 0.0710
target: 	 mrr: 0.029180	 ndcg_5: 0.0198	 ndcg_10: 0.0297	 hit@1:0.007666	 hit@5:0.0321	 hit@10: 0.0627
source best!
.............
source: 	 mrr: 0.034029	 ndcg_5: 0.0245	 ndcg_10: 0.0347	 hit@1:0.008436	 hit@5:0.0429	 hit@10: 0.0752
target best!
..............target: 	 mrr: 0.029365	 ndcg_5: 0.0216	 ndcg_10: 0.0292	 hit@1:0.008230	 hit@5:0.0364	 hit@10: 0.0604
epoch 2: train_loss = 1.925119, source_hit@10 = 0.0752, source_ndcg@10 = 0.0347, target_hit@10 = 0.0604, target_ndcg@10 = 0.0292
new best model saved.

2024-08-10 18:14:32.055582: step 912/24320 (epoch 3/80), loss = 1.820505 (96.545 sec/epoch), lr: 0.004000
Evaluating on dev set...
...........................
source: 	 mrr: 0.033208	 ndcg_5: 0.0236	 ndcg_10: 0.0318	 hit@1:0.007965	 hit@5:0.0391	 hit@10: 0.0652
target: 	 mrr: 0.027327	 ndcg_5: 0.0200	 ndcg_10: 0.0279	 hit@1:0.006969	 hit@5:0.0341	 hit@10: 0.0592
source best!
.............
source: 	 mrr: 0.036634	 ndcg_5: 0.0269	 ndcg_10: 0.0369	 hit@1:0.010736	 hit@5:0.0452	 hit@10: 0.0767
epoch 3: train_loss = 1.820505, source_hit@10 = 0.0767, source_ndcg@10 = 0.0369, target_hit@10 = 0.0592, target_ndcg@10 = 0.0279
new best model saved.

2024-08-10 18:16:08.572934: step 1216/24320 (epoch 4/80), loss = 1.775149 (95.024 sec/epoch), lr: 0.004000
Evaluating on dev set...
...........................
source: 	 mrr: 0.034352	 ndcg_5: 0.0216	 ndcg_10: 0.0331	 hit@1:0.010862	 hit@5:0.0326	 hit@10: 0.0688
target: 	 mrr: 0.043246	 ndcg_5: 0.0341	 ndcg_10: 0.0491	 hit@1:0.016028	 hit@5:0.0557	 hit@10: 0.1024
source best!
.............
source: 	 mrr: 0.034659	 ndcg_5: 0.0234	 ndcg_10: 0.0337	 hit@1:0.008436	 hit@5:0.0376	 hit@10: 0.0698
target best!
..............target: 	 mrr: 0.043002	 ndcg_5: 0.0336	 ndcg_10: 0.0456	 hit@1:0.014403	 hit@5:0.0528	 hit@10: 0.0905
epoch 4: train_loss = 1.775149, source_hit@10 = 0.0698, source_ndcg@10 = 0.0337, target_hit@10 = 0.0905, target_ndcg@10 = 0.0456
new best model saved.

2024-08-10 18:17:45.880207: step 1520/24320 (epoch 5/80), loss = 1.753069 (95.420 sec/epoch), lr: 0.004000
Evaluating on dev set...
...........................
source: 	 mrr: 0.036944	 ndcg_5: 0.0274	 ndcg_10: 0.0357	 hit@1:0.010862	 hit@5:0.0456	 hit@10: 0.0717
target: 	 mrr: 0.041874	 ndcg_5: 0.0324	 ndcg_10: 0.0454	 hit@1:0.011847	 hit@5:0.0516	 hit@10: 0.0920
source best!
.............
source: 	 mrr: 0.035506	 ndcg_5: 0.0250	 ndcg_10: 0.0356	 hit@1:0.007669	 hit@5:0.0414	 hit@10: 0.0744
epoch 5: train_loss = 1.753069, source_hit@10 = 0.0744, source_ndcg@10 = 0.0356, target_hit@10 = 0.0920, target_ndcg@10 = 0.0454
new best model saved.

2024-08-10 18:19:21.808795: step 1824/24320 (epoch 6/80), loss = 1.739197 (94.482 sec/epoch), lr: 0.004000
Evaluating on dev set...
...........................
source: 	 mrr: 0.035610	 ndcg_5: 0.0243	 ndcg_10: 0.0362	 hit@1:0.011586	 hit@5:0.0384	 hit@10: 0.0760
target: 	 mrr: 0.036443	 ndcg_5: 0.0270	 ndcg_10: 0.0380	 hit@1:0.011150	 hit@5:0.0432	 hit@10: 0.0780
epoch 6: train_loss = 1.739197, source_hit@10 = 0.0760, source_ndcg@10 = 0.0362, target_hit@10 = 0.0780, target_ndcg@10 = 0.0380

2024-08-10 18:20:59.156870: step 2128/24320 (epoch 7/80), loss = 1.729227 (96.522 sec/epoch), lr: 0.004000
Evaluating on dev set...
...........................
source: 	 mrr: 0.037564	 ndcg_5: 0.0271	 ndcg_10: 0.0347	 hit@1:0.013758	 hit@5:0.0406	 hit@10: 0.0644
target: 	 mrr: 0.038388	 ndcg_5: 0.0288	 ndcg_10: 0.0419	 hit@1:0.011150	 hit@5:0.0467	 hit@10: 0.0878
source best!
.............
source: 	 mrr: 0.035818	 ndcg_5: 0.0239	 ndcg_10: 0.0335	 hit@1:0.013037	 hit@5:0.0368	 hit@10: 0.0667
epoch 7: train_loss = 1.729227, source_hit@10 = 0.0667, source_ndcg@10 = 0.0335, target_hit@10 = 0.0878, target_ndcg@10 = 0.0419
new best model saved.

2024-08-10 18:22:36.480504: step 2432/24320 (epoch 8/80), loss = 1.721738 (95.898 sec/epoch), lr: 0.004000
Evaluating on dev set...
...........................
source: 	 mrr: 0.031992	 ndcg_5: 0.0218	 ndcg_10: 0.0306	 hit@1:0.007965	 hit@5:0.0362	 hit@10: 0.0637
target: 	 mrr: 0.042456	 ndcg_5: 0.0328	 ndcg_10: 0.0445	 hit@1:0.013937	 hit@5:0.0516	 hit@10: 0.0878
epoch 8: train_loss = 1.721738, source_hit@10 = 0.0637, source_ndcg@10 = 0.0306, target_hit@10 = 0.0878, target_ndcg@10 = 0.0445

2024-08-10 18:24:13.705325: step 2736/24320 (epoch 9/80), loss = 1.713073 (96.470 sec/epoch), lr: 0.004000
Evaluating on dev set...
...........................
source: 	 mrr: 0.033948	 ndcg_5: 0.0234	 ndcg_10: 0.0339	 hit@1:0.009413	 hit@5:0.0377	 hit@10: 0.0695
target: 	 mrr: 0.036341	 ndcg_5: 0.0271	 ndcg_10: 0.0389	 hit@1:0.009756	 hit@5:0.0446	 hit@10: 0.0808
epoch 9: train_loss = 1.713073, source_hit@10 = 0.0695, source_ndcg@10 = 0.0339, target_hit@10 = 0.0808, target_ndcg@10 = 0.0389

2024-08-10 18:25:51.632586: step 3040/24320 (epoch 10/80), loss = 1.704664 (97.029 sec/epoch), lr: 0.004000
Evaluating on dev set...
...........................
source: 	 mrr: 0.031024	 ndcg_5: 0.0202	 ndcg_10: 0.0302	 hit@1:0.005793	 hit@5:0.0362	 hit@10: 0.0673
target: 	 mrr: 0.040261	 ndcg_5: 0.0298	 ndcg_10: 0.0411	 hit@1:0.014634	 hit@5:0.0460	 hit@10: 0.0808
epoch 10: train_loss = 1.704664, source_hit@10 = 0.0673, source_ndcg@10 = 0.0302, target_hit@10 = 0.0808, target_ndcg@10 = 0.0411

2024-08-10 18:27:29.778009: step 3344/24320 (epoch 11/80), loss = 1.699672 (97.125 sec/epoch), lr: 0.004000
Evaluating on dev set...
...........................
source: 	 mrr: 0.023511	 ndcg_5: 0.0135	 ndcg_10: 0.0206	 hit@1:0.005793	 hit@5:0.0217	 hit@10: 0.0442
target: 	 mrr: 0.036837	 ndcg_5: 0.0289	 ndcg_10: 0.0370	 hit@1:0.011847	 hit@5:0.0453	 hit@10: 0.0704
epoch 11: train_loss = 1.699672, source_hit@10 = 0.0442, source_ndcg@10 = 0.0206, target_hit@10 = 0.0704, target_ndcg@10 = 0.0370

2024-08-10 18:29:05.463473: step 3648/24320 (epoch 12/80), loss = 1.692081 (94.834 sec/epoch), lr: 0.003800
Evaluating on dev set...
...........................
source: 	 mrr: 0.038436	 ndcg_5: 0.0269	 ndcg_10: 0.0375	 hit@1:0.012310	 hit@5:0.0413	 hit@10: 0.0739
target: 	 mrr: 0.037794	 ndcg_5: 0.0297	 ndcg_10: 0.0385	 hit@1:0.013240	 hit@5:0.0467	 hit@10: 0.0739
source best!
.............
source: 	 mrr: 0.036629	 ndcg_5: 0.0263	 ndcg_10: 0.0360	 hit@1:0.010736	 hit@5:0.0422	 hit@10: 0.0729
epoch 12: train_loss = 1.692081, source_hit@10 = 0.0729, source_ndcg@10 = 0.0360, target_hit@10 = 0.0739, target_ndcg@10 = 0.0385
new best model saved.

2024-08-10 18:30:41.183955: step 3952/24320 (epoch 13/80), loss = 1.691234 (94.217 sec/epoch), lr: 0.003800
Evaluating on dev set...
...........................
source: 	 mrr: 0.030533	 ndcg_5: 0.0220	 ndcg_10: 0.0278	 hit@1:0.006517	 hit@5:0.0377	 hit@10: 0.0558
target: 	 mrr: 0.038728	 ndcg_5: 0.0301	 ndcg_10: 0.0399	 hit@1:0.013240	 hit@5:0.0467	 hit@10: 0.0774
epoch 13: train_loss = 1.691234, source_hit@10 = 0.0558, source_ndcg@10 = 0.0278, target_hit@10 = 0.0774, target_ndcg@10 = 0.0399

2024-08-10 18:32:17.609382: step 4256/24320 (epoch 14/80), loss = 1.684715 (95.544 sec/epoch), lr: 0.003610
Evaluating on dev set...
...........................
source: 	 mrr: 0.022210	 ndcg_5: 0.0155	 ndcg_10: 0.0204	 hit@1:0.006517	 hit@5:0.0261	 hit@10: 0.0413
target: 	 mrr: 0.044338	 ndcg_5: 0.0378	 ndcg_10: 0.0483	 hit@1:0.012544	 hit@5:0.0620	 hit@10: 0.0948
target best!
..............target: 	 mrr: 0.045946	 ndcg_5: 0.0352	 ndcg_10: 0.0490	 hit@1:0.015089	 hit@5:0.0542	 hit@10: 0.0967
epoch 14: train_loss = 1.684715, source_hit@10 = 0.0413, source_ndcg@10 = 0.0204, target_hit@10 = 0.0967, target_ndcg@10 = 0.0490
new best model saved.

2024-08-10 18:33:55.865742: step 4560/24320 (epoch 15/80), loss = 1.678480 (96.838 sec/epoch), lr: 0.003429
Evaluating on dev set...
...........................
source: 	 mrr: 0.032792	 ndcg_5: 0.0236	 ndcg_10: 0.0336	 hit@1:0.007241	 hit@5:0.0398	 hit@10: 0.0710
target: 	 mrr: 0.043072	 ndcg_5: 0.0324	 ndcg_10: 0.0449	 hit@1:0.013937	 hit@5:0.0495	 hit@10: 0.0885
epoch 15: train_loss = 1.678480, source_hit@10 = 0.0710, source_ndcg@10 = 0.0336, target_hit@10 = 0.0885, target_ndcg@10 = 0.0449

2024-08-10 18:35:32.642646: step 4864/24320 (epoch 16/80), loss = 1.676270 (95.850 sec/epoch), lr: 0.003429
Evaluating on dev set...
...........................
source: 	 mrr: 0.030794	 ndcg_5: 0.0210	 ndcg_10: 0.0312	 hit@1:0.005793	 hit@5:0.0362	 hit@10: 0.0681
target: 	 mrr: 0.034584	 ndcg_5: 0.0225	 ndcg_10: 0.0342	 hit@1:0.012544	 hit@5:0.0328	 hit@10: 0.0690
epoch 16: train_loss = 1.676270, source_hit@10 = 0.0681, source_ndcg@10 = 0.0312, target_hit@10 = 0.0690, target_ndcg@10 = 0.0342

2024-08-10 18:37:07.872826: step 5168/24320 (epoch 17/80), loss = 1.668082 (94.371 sec/epoch), lr: 0.003258
Evaluating on dev set...
...........................
source: 	 mrr: 0.030351	 ndcg_5: 0.0212	 ndcg_10: 0.0298	 hit@1:0.007965	 hit@5:0.0355	 hit@10: 0.0615
target: 	 mrr: 0.044877	 ndcg_5: 0.0346	 ndcg_10: 0.0472	 hit@1:0.016725	 hit@5:0.0537	 hit@10: 0.0934
target best!
..............target: 	 mrr: 0.045885	 ndcg_5: 0.0360	 ndcg_10: 0.0484	 hit@1:0.013717	 hit@5:0.0583	 hit@10: 0.0967
epoch 17: train_loss = 1.668082, source_hit@10 = 0.0615, source_ndcg@10 = 0.0298, target_hit@10 = 0.0967, target_ndcg@10 = 0.0484
new best model saved.

2024-08-10 18:38:44.771365: step 5472/24320 (epoch 18/80), loss = 1.666878 (95.362 sec/epoch), lr: 0.003258
Evaluating on dev set...
...........................
source: 	 mrr: 0.026728	 ndcg_5: 0.0178	 ndcg_10: 0.0254	 hit@1:0.004345	 hit@5:0.0319	 hit@10: 0.0558
target: 	 mrr: 0.041162	 ndcg_5: 0.0309	 ndcg_10: 0.0428	 hit@1:0.013937	 hit@5:0.0474	 hit@10: 0.0843
epoch 18: train_loss = 1.666878, source_hit@10 = 0.0558, source_ndcg@10 = 0.0254, target_hit@10 = 0.0843, target_ndcg@10 = 0.0428

2024-08-10 18:40:20.512745: step 5776/24320 (epoch 19/80), loss = 1.660100 (94.831 sec/epoch), lr: 0.003095
Evaluating on dev set...
...........................
source: 	 mrr: 0.030573	 ndcg_5: 0.0199	 ndcg_10: 0.0270	 hit@1:0.007965	 hit@5:0.0311	 hit@10: 0.0536
target: 	 mrr: 0.042526	 ndcg_5: 0.0360	 ndcg_10: 0.0453	 hit@1:0.012544	 hit@5:0.0585	 hit@10: 0.0878
epoch 19: train_loss = 1.660100, source_hit@10 = 0.0536, source_ndcg@10 = 0.0270, target_hit@10 = 0.0878, target_ndcg@10 = 0.0453

2024-08-10 18:41:55.862641: step 6080/24320 (epoch 20/80), loss = 1.651059 (94.459 sec/epoch), lr: 0.003095
Evaluating on dev set...
...........................
source: 	 mrr: 0.029757	 ndcg_5: 0.0181	 ndcg_10: 0.0268	 hit@1:0.003621	 hit@5:0.0333	 hit@10: 0.0601
target: 	 mrr: 0.034710	 ndcg_5: 0.0240	 ndcg_10: 0.0350	 hit@1:0.009756	 hit@5:0.0383	 hit@10: 0.0732
epoch 20: train_loss = 1.651059, source_hit@10 = 0.0601, source_ndcg@10 = 0.0268, target_hit@10 = 0.0732, target_ndcg@10 = 0.0350

2024-08-10 18:43:31.478217: step 6384/24320 (epoch 21/80), loss = 1.633188 (94.774 sec/epoch), lr: 0.002940
Evaluating on dev set...
...........................
source: 	 mrr: 0.030302	 ndcg_5: 0.0195	 ndcg_10: 0.0278	 hit@1:0.008689	 hit@5:0.0319	 hit@10: 0.0579
target: 	 mrr: 0.035953	 ndcg_5: 0.0261	 ndcg_10: 0.0373	 hit@1:0.008362	 hit@5:0.0432	 hit@10: 0.0780
epoch 21: train_loss = 1.633188, source_hit@10 = 0.0579, source_ndcg@10 = 0.0278, target_hit@10 = 0.0780, target_ndcg@10 = 0.0373

2024-08-10 18:45:07.815878: step 6688/24320 (epoch 22/80), loss = 1.626755 (95.496 sec/epoch), lr: 0.002940
Evaluating on dev set...
...........................
source: 	 mrr: 0.032103	 ndcg_5: 0.0203	 ndcg_10: 0.0300	 hit@1:0.007241	 hit@5:0.0326	 hit@10: 0.0630
target: 	 mrr: 0.041587	 ndcg_5: 0.0315	 ndcg_10: 0.0423	 hit@1:0.016028	 hit@5:0.0481	 hit@10: 0.0822
epoch 22: train_loss = 1.626755, source_hit@10 = 0.0630, source_ndcg@10 = 0.0300, target_hit@10 = 0.0822, target_ndcg@10 = 0.0423

2024-08-10 18:46:44.338297: step 6992/24320 (epoch 23/80), loss = 1.621957 (95.628 sec/epoch), lr: 0.002940
Evaluating on dev set...
...........................
source: 	 mrr: 0.031707	 ndcg_5: 0.0223	 ndcg_10: 0.0296	 hit@1:0.008689	 hit@5:0.0362	 hit@10: 0.0594
target: 	 mrr: 0.032161	 ndcg_5: 0.0219	 ndcg_10: 0.0332	 hit@1:0.005575	 hit@5:0.0390	 hit@10: 0.0746
epoch 23: train_loss = 1.621957, source_hit@10 = 0.0594, source_ndcg@10 = 0.0296, target_hit@10 = 0.0746, target_ndcg@10 = 0.0332

2024-08-10 18:48:20.990052: step 7296/24320 (epoch 24/80), loss = 1.613939 (95.750 sec/epoch), lr: 0.002793
Evaluating on dev set...
...........................
source: 	 mrr: 0.024444	 ndcg_5: 0.0165	 ndcg_10: 0.0223	 hit@1:0.005793	 hit@5:0.0275	 hit@10: 0.0456
target: 	 mrr: 0.030415	 ndcg_5: 0.0219	 ndcg_10: 0.0312	 hit@1:0.006969	 hit@5:0.0376	 hit@10: 0.0669
epoch 24: train_loss = 1.613939, source_hit@10 = 0.0456, source_ndcg@10 = 0.0223, target_hit@10 = 0.0669, target_ndcg@10 = 0.0312

2024-08-10 18:49:56.681291: step 7600/24320 (epoch 25/80), loss = 1.606747 (94.912 sec/epoch), lr: 0.002654
Evaluating on dev set...
...........................
source: 	 mrr: 0.015368	 ndcg_5: 0.0091	 ndcg_10: 0.0138	 hit@1:0.003621	 hit@5:0.0159	 hit@10: 0.0304
target: 	 mrr: 0.031708	 ndcg_5: 0.0229	 ndcg_10: 0.0309	 hit@1:0.010453	 hit@5:0.0362	 hit@10: 0.0613
epoch 25: train_loss = 1.606747, source_hit@10 = 0.0304, source_ndcg@10 = 0.0138, target_hit@10 = 0.0613, target_ndcg@10 = 0.0309

2024-08-10 18:51:33.300091: step 7904/24320 (epoch 26/80), loss = 1.599103 (95.789 sec/epoch), lr: 0.002521
Evaluating on dev set...
...........................
source: 	 mrr: 0.023317	 ndcg_5: 0.0157	 ndcg_10: 0.0201	 hit@1:0.006517	 hit@5:0.0268	 hit@10: 0.0406
target: 	 mrr: 0.038747	 ndcg_5: 0.0290	 ndcg_10: 0.0407	 hit@1:0.009059	 hit@5:0.0467	 hit@10: 0.0829
epoch 26: train_loss = 1.599103, source_hit@10 = 0.0406, source_ndcg@10 = 0.0201, target_hit@10 = 0.0829, target_ndcg@10 = 0.0407

2024-08-10 18:53:09.826426: step 8208/24320 (epoch 27/80), loss = 1.601533 (95.677 sec/epoch), lr: 0.002521
Evaluating on dev set...
...........................
source: 	 mrr: 0.023151	 ndcg_5: 0.0161	 ndcg_10: 0.0215	 hit@1:0.005793	 hit@5:0.0282	 hit@10: 0.0456
target: 	 mrr: 0.039900	 ndcg_5: 0.0296	 ndcg_10: 0.0406	 hit@1:0.013240	 hit@5:0.0467	 hit@10: 0.0808
epoch 27: train_loss = 1.601533, source_hit@10 = 0.0456, source_ndcg@10 = 0.0215, target_hit@10 = 0.0808, target_ndcg@10 = 0.0406

2024-08-10 18:54:44.757168: step 8512/24320 (epoch 28/80), loss = 1.595246 (94.123 sec/epoch), lr: 0.002521
Evaluating on dev set...
...........................
source: 	 mrr: 0.036154	 ndcg_5: 0.0247	 ndcg_10: 0.0361	 hit@1:0.010862	 hit@5:0.0384	 hit@10: 0.0739
target: 	 mrr: 0.040304	 ndcg_5: 0.0324	 ndcg_10: 0.0419	 hit@1:0.013240	 hit@5:0.0509	 hit@10: 0.0801
epoch 28: train_loss = 1.595246, source_hit@10 = 0.0739, source_ndcg@10 = 0.0361, target_hit@10 = 0.0801, target_ndcg@10 = 0.0419

2024-08-10 18:56:20.237967: step 8816/24320 (epoch 29/80), loss = 1.595624 (94.613 sec/epoch), lr: 0.002521
Evaluating on dev set...
...........................
source: 	 mrr: 0.030784	 ndcg_5: 0.0200	 ndcg_10: 0.0275	 hit@1:0.008689	 hit@5:0.0319	 hit@10: 0.0550
target: 	 mrr: 0.043785	 ndcg_5: 0.0352	 ndcg_10: 0.0462	 hit@1:0.013937	 hit@5:0.0557	 hit@10: 0.0906
epoch 29: train_loss = 1.595624, source_hit@10 = 0.0550, source_ndcg@10 = 0.0275, target_hit@10 = 0.0906, target_ndcg@10 = 0.0462

2024-08-10 18:57:56.979245: step 9120/24320 (epoch 30/80), loss = 1.591741 (95.866 sec/epoch), lr: 0.002395
Evaluating on dev set...
...........................
source: 	 mrr: 0.030875	 ndcg_5: 0.0184	 ndcg_10: 0.0273	 hit@1:0.007241	 hit@5:0.0297	 hit@10: 0.0572
target: 	 mrr: 0.034395	 ndcg_5: 0.0238	 ndcg_10: 0.0357	 hit@1:0.009059	 hit@5:0.0376	 hit@10: 0.0753
epoch 30: train_loss = 1.591741, source_hit@10 = 0.0572, source_ndcg@10 = 0.0273, target_hit@10 = 0.0753, target_ndcg@10 = 0.0357
shift to transfer learning mode

2024-08-10 18:59:48.182958: step 9424/24320 (epoch 31/80), loss = 1.648296 (110.318 sec/epoch), lr: 0.002275
Evaluating on dev set...
...........................
source: 	 mrr: 0.032095	 ndcg_5: 0.0215	 ndcg_10: 0.0312	 hit@1:0.007241	 hit@5:0.0355	 hit@10: 0.0659
target: 	 mrr: 0.043854	 ndcg_5: 0.0354	 ndcg_10: 0.0459	 hit@1:0.014634	 hit@5:0.0571	 hit@10: 0.0899
epoch 31: train_loss = 1.648296, source_hit@10 = 0.0659, source_ndcg@10 = 0.0312, target_hit@10 = 0.0899, target_ndcg@10 = 0.0459

2024-08-10 19:01:44.998145: step 9728/24320 (epoch 32/80), loss = 1.655133 (115.885 sec/epoch), lr: 0.002275
Evaluating on dev set...
...........................
source: 	 mrr: 0.035227	 ndcg_5: 0.0257	 ndcg_10: 0.0342	 hit@1:0.012310	 hit@5:0.0398	 hit@10: 0.0666
target: 	 mrr: 0.041749	 ndcg_5: 0.0311	 ndcg_10: 0.0439	 hit@1:0.013937	 hit@5:0.0488	 hit@10: 0.0878
epoch 32: train_loss = 1.655133, source_hit@10 = 0.0666, source_ndcg@10 = 0.0342, target_hit@10 = 0.0878, target_ndcg@10 = 0.0439

2024-08-10 19:03:40.408415: step 10032/24320 (epoch 33/80), loss = 1.656317 (114.554 sec/epoch), lr: 0.002275
Evaluating on dev set...
...........................
source: 	 mrr: 0.031079	 ndcg_5: 0.0212	 ndcg_10: 0.0305	 hit@1:0.007241	 hit@5:0.0362	 hit@10: 0.0652
target: 	 mrr: 0.044952	 ndcg_5: 0.0338	 ndcg_10: 0.0482	 hit@1:0.014634	 hit@5:0.0523	 hit@10: 0.0976
target best!
..............target: 	 mrr: 0.045152	 ndcg_5: 0.0354	 ndcg_10: 0.0454	 hit@1:0.017147	 hit@5:0.0549	 hit@10: 0.0864
epoch 33: train_loss = 1.656317, source_hit@10 = 0.0652, source_ndcg@10 = 0.0305, target_hit@10 = 0.0864, target_ndcg@10 = 0.0454
new best model saved.

2024-08-10 19:05:37.536272: step 10336/24320 (epoch 34/80), loss = 1.652310 (115.759 sec/epoch), lr: 0.002161
Evaluating on dev set...
...........................
source: 	 mrr: 0.032255	 ndcg_5: 0.0216	 ndcg_10: 0.0318	 hit@1:0.006517	 hit@5:0.0377	 hit@10: 0.0702
target: 	 mrr: 0.042525	 ndcg_5: 0.0323	 ndcg_10: 0.0443	 hit@1:0.014634	 hit@5:0.0516	 hit@10: 0.0885
epoch 34: train_loss = 1.652310, source_hit@10 = 0.0702, source_ndcg@10 = 0.0318, target_hit@10 = 0.0885, target_ndcg@10 = 0.0443

2024-08-10 19:07:31.938167: step 10640/24320 (epoch 35/80), loss = 1.650320 (113.532 sec/epoch), lr: 0.002053
Evaluating on dev set...
...........................
source: 	 mrr: 0.030354	 ndcg_5: 0.0201	 ndcg_10: 0.0289	 hit@1:0.006517	 hit@5:0.0340	 hit@10: 0.0608
target: 	 mrr: 0.043771	 ndcg_5: 0.0331	 ndcg_10: 0.0477	 hit@1:0.014634	 hit@5:0.0509	 hit@10: 0.0962
epoch 35: train_loss = 1.650320, source_hit@10 = 0.0608, source_ndcg@10 = 0.0289, target_hit@10 = 0.0962, target_ndcg@10 = 0.0477

2024-08-10 19:09:24.591656: step 10944/24320 (epoch 36/80), loss = 1.650949 (111.834 sec/epoch), lr: 0.001951
Evaluating on dev set...
...........................
source: 	 mrr: 0.035479	 ndcg_5: 0.0232	 ndcg_10: 0.0339	 hit@1:0.011586	 hit@5:0.0355	 hit@10: 0.0688
target: 	 mrr: 0.042088	 ndcg_5: 0.0317	 ndcg_10: 0.0442	 hit@1:0.013937	 hit@5:0.0509	 hit@10: 0.0899
epoch 36: train_loss = 1.650949, source_hit@10 = 0.0688, source_ndcg@10 = 0.0339, target_hit@10 = 0.0899, target_ndcg@10 = 0.0442

2024-08-10 19:11:21.233023: step 11248/24320 (epoch 37/80), loss = 1.649611 (115.650 sec/epoch), lr: 0.001951
Evaluating on dev set...
...........................
source: 	 mrr: 0.034581	 ndcg_5: 0.0241	 ndcg_10: 0.0349	 hit@1:0.008689	 hit@5:0.0391	 hit@10: 0.0731
target: 	 mrr: 0.034353	 ndcg_5: 0.0238	 ndcg_10: 0.0357	 hit@1:0.009756	 hit@5:0.0397	 hit@10: 0.0774
epoch 37: train_loss = 1.649611, source_hit@10 = 0.0731, source_ndcg@10 = 0.0349, target_hit@10 = 0.0774, target_ndcg@10 = 0.0357

2024-08-10 19:13:15.754214: step 11552/24320 (epoch 38/80), loss = 1.645696 (113.644 sec/epoch), lr: 0.001853
Evaluating on dev set...
...........................
source: 	 mrr: 0.034078	 ndcg_5: 0.0238	 ndcg_10: 0.0331	 hit@1:0.007965	 hit@5:0.0391	 hit@10: 0.0681
target: 	 mrr: 0.039262	 ndcg_5: 0.0299	 ndcg_10: 0.0398	 hit@1:0.011847	 hit@5:0.0488	 hit@10: 0.0794
epoch 38: train_loss = 1.645696, source_hit@10 = 0.0681, source_ndcg@10 = 0.0331, target_hit@10 = 0.0794, target_ndcg@10 = 0.0398

2024-08-10 19:15:09.755039: step 11856/24320 (epoch 39/80), loss = 1.646729 (113.023 sec/epoch), lr: 0.001853
Evaluating on dev set...
...........................
source: 	 mrr: 0.027163	 ndcg_5: 0.0155	 ndcg_10: 0.0241	 hit@1:0.007965	 hit@5:0.0239	 hit@10: 0.0507
target: 	 mrr: 0.047141	 ndcg_5: 0.0398	 ndcg_10: 0.0513	 hit@1:0.014634	 hit@5:0.0641	 hit@10: 0.0997
target best!
..............target: 	 mrr: 0.048284	 ndcg_5: 0.0379	 ndcg_10: 0.0512	 hit@1:0.017147	 hit@5:0.0576	 hit@10: 0.0988
epoch 39: train_loss = 1.646729, source_hit@10 = 0.0507, source_ndcg@10 = 0.0241, target_hit@10 = 0.0988, target_ndcg@10 = 0.0512
new best model saved.

2024-08-10 19:17:05.017057: step 12160/24320 (epoch 40/80), loss = 1.649243 (113.857 sec/epoch), lr: 0.001853
Evaluating on dev set...
...........................
source: 	 mrr: 0.033899	 ndcg_5: 0.0218	 ndcg_10: 0.0318	 hit@1:0.009413	 hit@5:0.0348	 hit@10: 0.0659
target: 	 mrr: 0.045730	 ndcg_5: 0.0350	 ndcg_10: 0.0486	 hit@1:0.014634	 hit@5:0.0544	 hit@10: 0.0962
epoch 40: train_loss = 1.649243, source_hit@10 = 0.0659, source_ndcg@10 = 0.0318, target_hit@10 = 0.0962, target_ndcg@10 = 0.0486

2024-08-10 19:18:59.056985: step 12464/24320 (epoch 41/80), loss = 1.645842 (113.219 sec/epoch), lr: 0.001853
Evaluating on dev set...
...........................
source: 	 mrr: 0.032705	 ndcg_5: 0.0231	 ndcg_10: 0.0312	 hit@1:0.007241	 hit@5:0.0391	 hit@10: 0.0644
target: 	 mrr: 0.044832	 ndcg_5: 0.0350	 ndcg_10: 0.0483	 hit@1:0.014634	 hit@5:0.0557	 hit@10: 0.0976
epoch 41: train_loss = 1.645842, source_hit@10 = 0.0644, source_ndcg@10 = 0.0312, target_hit@10 = 0.0976, target_ndcg@10 = 0.0483

2024-08-10 19:20:51.461496: step 12768/24320 (epoch 42/80), loss = 1.642831 (111.541 sec/epoch), lr: 0.001761
Evaluating on dev set...
...........................
source: 	 mrr: 0.031900	 ndcg_5: 0.0209	 ndcg_10: 0.0312	 hit@1:0.008689	 hit@5:0.0340	 hit@10: 0.0659
target: 	 mrr: 0.041265	 ndcg_5: 0.0303	 ndcg_10: 0.0425	 hit@1:0.012544	 hit@5:0.0481	 hit@10: 0.0857
epoch 42: train_loss = 1.642831, source_hit@10 = 0.0659, source_ndcg@10 = 0.0312, target_hit@10 = 0.0857, target_ndcg@10 = 0.0425

2024-08-10 19:22:47.117555: step 13072/24320 (epoch 43/80), loss = 1.639990 (114.916 sec/epoch), lr: 0.001672
Evaluating on dev set...
...........................
source: 	 mrr: 0.024681	 ndcg_5: 0.0154	 ndcg_10: 0.0237	 hit@1:0.002172	 hit@5:0.0275	 hit@10: 0.0536
target: 	 mrr: 0.048446	 ndcg_5: 0.0405	 ndcg_10: 0.0535	 hit@1:0.011847	 hit@5:0.0669	 hit@10: 0.1066
target best!
..............target: 	 mrr: 0.047826	 ndcg_5: 0.0387	 ndcg_10: 0.0518	 hit@1:0.012346	 hit@5:0.0638	 hit@10: 0.1043
epoch 43: train_loss = 1.639990, source_hit@10 = 0.0536, source_ndcg@10 = 0.0237, target_hit@10 = 0.1043, target_ndcg@10 = 0.0518
new best model saved.

2024-08-10 19:24:37.518212: step 13376/24320 (epoch 44/80), loss = 1.639413 (108.928 sec/epoch), lr: 0.001589
Evaluating on dev set...
...........................
source: 	 mrr: 0.032894	 ndcg_5: 0.0234	 ndcg_10: 0.0337	 hit@1:0.009413	 hit@5:0.0377	 hit@10: 0.0702
target: 	 mrr: 0.042002	 ndcg_5: 0.0324	 ndcg_10: 0.0449	 hit@1:0.015331	 hit@5:0.0509	 hit@10: 0.0899
epoch 44: train_loss = 1.639413, source_hit@10 = 0.0702, source_ndcg@10 = 0.0337, target_hit@10 = 0.0899, target_ndcg@10 = 0.0449

2024-08-10 19:26:28.763495: step 13680/24320 (epoch 45/80), loss = 1.641473 (110.411 sec/epoch), lr: 0.001589
Evaluating on dev set...
...........................
source: 	 mrr: 0.030931	 ndcg_5: 0.0220	 ndcg_10: 0.0295	 hit@1:0.010862	 hit@5:0.0348	 hit@10: 0.0579
target: 	 mrr: 0.045688	 ndcg_5: 0.0364	 ndcg_10: 0.0475	 hit@1:0.016028	 hit@5:0.0564	 hit@10: 0.0906
epoch 45: train_loss = 1.641473, source_hit@10 = 0.0579, source_ndcg@10 = 0.0295, target_hit@10 = 0.0906, target_ndcg@10 = 0.0475

2024-08-10 19:28:21.061788: step 13984/24320 (epoch 46/80), loss = 1.639456 (111.619 sec/epoch), lr: 0.001589
Evaluating on dev set...
...........................
source: 	 mrr: 0.033238	 ndcg_5: 0.0241	 ndcg_10: 0.0321	 hit@1:0.007965	 hit@5:0.0406	 hit@10: 0.0659
target: 	 mrr: 0.035636	 ndcg_5: 0.0278	 ndcg_10: 0.0365	 hit@1:0.013240	 hit@5:0.0439	 hit@10: 0.0711
epoch 46: train_loss = 1.639456, source_hit@10 = 0.0659, source_ndcg@10 = 0.0321, target_hit@10 = 0.0711, target_ndcg@10 = 0.0365

2024-08-10 19:30:11.830720: step 14288/24320 (epoch 47/80), loss = 1.638905 (109.951 sec/epoch), lr: 0.001509
Evaluating on dev set...
...........................
source: 	 mrr: 0.031015	 ndcg_5: 0.0201	 ndcg_10: 0.0294	 hit@1:0.009413	 hit@5:0.0319	 hit@10: 0.0601
target: 	 mrr: 0.049525	 ndcg_5: 0.0401	 ndcg_10: 0.0525	 hit@1:0.018815	 hit@5:0.0620	 hit@10: 0.1003
target best!
..............target: 	 mrr: 0.047713	 ndcg_5: 0.0382	 ndcg_10: 0.0522	 hit@1:0.015775	 hit@5:0.0624	 hit@10: 0.1063
epoch 47: train_loss = 1.638905, source_hit@10 = 0.0601, source_ndcg@10 = 0.0294, target_hit@10 = 0.1063, target_ndcg@10 = 0.0522
new best model saved.

2024-08-10 19:32:02.229312: step 14592/24320 (epoch 48/80), loss = 1.636524 (108.988 sec/epoch), lr: 0.001509
Evaluating on dev set...
...........................
source: 	 mrr: 0.028063	 ndcg_5: 0.0186	 ndcg_10: 0.0274	 hit@1:0.007965	 hit@5:0.0311	 hit@10: 0.0587
target: 	 mrr: 0.046394	 ndcg_5: 0.0357	 ndcg_10: 0.0505	 hit@1:0.016028	 hit@5:0.0557	 hit@10: 0.1017
epoch 48: train_loss = 1.636524, source_hit@10 = 0.0587, source_ndcg@10 = 0.0274, target_hit@10 = 0.1017, target_ndcg@10 = 0.0505

2024-08-10 19:33:53.745793: step 14896/24320 (epoch 49/80), loss = 1.633825 (110.664 sec/epoch), lr: 0.001434
Evaluating on dev set...
...........................
source: 	 mrr: 0.038959	 ndcg_5: 0.0281	 ndcg_10: 0.0380	 hit@1:0.011586	 hit@5:0.0442	 hit@10: 0.0746
target: 	 mrr: 0.043155	 ndcg_5: 0.0342	 ndcg_10: 0.0461	 hit@1:0.015331	 hit@5:0.0551	 hit@10: 0.0927
source best!
.............
source: 	 mrr: 0.035866	 ndcg_5: 0.0258	 ndcg_10: 0.0355	 hit@1:0.010736	 hit@5:0.0414	 hit@10: 0.0721
epoch 49: train_loss = 1.633825, source_hit@10 = 0.0721, source_ndcg@10 = 0.0355, target_hit@10 = 0.0927, target_ndcg@10 = 0.0461
new best model saved.

2024-08-10 19:35:45.098595: step 15200/24320 (epoch 50/80), loss = 1.635774 (109.946 sec/epoch), lr: 0.001434
Evaluating on dev set...
...........................
source: 	 mrr: 0.027265	 ndcg_5: 0.0156	 ndcg_10: 0.0259	 hit@1:0.004345	 hit@5:0.0275	 hit@10: 0.0594
target: 	 mrr: 0.048497	 ndcg_5: 0.0406	 ndcg_10: 0.0511	 hit@1:0.018815	 hit@5:0.0620	 hit@10: 0.0948
epoch 50: train_loss = 1.635774, source_hit@10 = 0.0594, source_ndcg@10 = 0.0259, target_hit@10 = 0.0948, target_ndcg@10 = 0.0511

2024-08-10 19:37:36.850920: step 15504/24320 (epoch 51/80), loss = 1.632472 (110.915 sec/epoch), lr: 0.001362
Evaluating on dev set...
...........................
source: 	 mrr: 0.041568	 ndcg_5: 0.0311	 ndcg_10: 0.0427	 hit@1:0.012310	 hit@5:0.0463	 hit@10: 0.0825
target: 	 mrr: 0.047260	 ndcg_5: 0.0389	 ndcg_10: 0.0520	 hit@1:0.014634	 hit@5:0.0627	 hit@10: 0.1031
source best!
.............
source: 	 mrr: 0.036149	 ndcg_5: 0.0278	 ndcg_10: 0.0376	 hit@1:0.009202	 hit@5:0.0468	 hit@10: 0.0775
epoch 51: train_loss = 1.632472, source_hit@10 = 0.0775, source_ndcg@10 = 0.0376, target_hit@10 = 0.1031, target_ndcg@10 = 0.0520
new best model saved.

2024-08-10 19:39:23.261055: step 15808/24320 (epoch 52/80), loss = 1.631428 (105.137 sec/epoch), lr: 0.001362
Evaluating on dev set...
...........................
source: 	 mrr: 0.033397	 ndcg_5: 0.0235	 ndcg_10: 0.0344	 hit@1:0.007241	 hit@5:0.0391	 hit@10: 0.0731
target: 	 mrr: 0.049366	 ndcg_5: 0.0404	 ndcg_10: 0.0533	 hit@1:0.017422	 hit@5:0.0627	 hit@10: 0.1024
epoch 52: train_loss = 1.631428, source_hit@10 = 0.0731, source_ndcg@10 = 0.0344, target_hit@10 = 0.1024, target_ndcg@10 = 0.0533

2024-08-10 19:41:08.306906: step 16112/24320 (epoch 53/80), loss = 1.629145 (104.273 sec/epoch), lr: 0.001294
Evaluating on dev set...
...........................
source: 	 mrr: 0.032350	 ndcg_5: 0.0216	 ndcg_10: 0.0321	 hit@1:0.007965	 hit@5:0.0369	 hit@10: 0.0695
target: 	 mrr: 0.050945	 ndcg_5: 0.0411	 ndcg_10: 0.0554	 hit@1:0.017422	 hit@5:0.0627	 hit@10: 0.1073
target best!
..............target: 	 mrr: 0.050819	 ndcg_5: 0.0436	 ndcg_10: 0.0557	 hit@1:0.015775	 hit@5:0.0713	 hit@10: 0.1091
epoch 53: train_loss = 1.629145, source_hit@10 = 0.0695, source_ndcg@10 = 0.0321, target_hit@10 = 0.1091, target_ndcg@10 = 0.0557
new best model saved.

2024-08-10 19:42:54.892547: step 16416/24320 (epoch 54/80), loss = 1.627466 (105.319 sec/epoch), lr: 0.001294
Evaluating on dev set...
...........................
source: 	 mrr: 0.030195	 ndcg_5: 0.0194	 ndcg_10: 0.0288	 hit@1:0.008689	 hit@5:0.0304	 hit@10: 0.0594
target: 	 mrr: 0.047065	 ndcg_5: 0.0383	 ndcg_10: 0.0493	 hit@1:0.018815	 hit@5:0.0585	 hit@10: 0.0927
epoch 54: train_loss = 1.627466, source_hit@10 = 0.0594, source_ndcg@10 = 0.0288, target_hit@10 = 0.0927, target_ndcg@10 = 0.0493

2024-08-10 19:44:45.531642: step 16720/24320 (epoch 55/80), loss = 1.625591 (108.725 sec/epoch), lr: 0.001229
Evaluating on dev set...
...........................
source: 	 mrr: 0.028174	 ndcg_5: 0.0194	 ndcg_10: 0.0273	 hit@1:0.005069	 hit@5:0.0355	 hit@10: 0.0601
target: 	 mrr: 0.045655	 ndcg_5: 0.0346	 ndcg_10: 0.0483	 hit@1:0.016725	 hit@5:0.0530	 hit@10: 0.0955
epoch 55: train_loss = 1.625591, source_hit@10 = 0.0601, source_ndcg@10 = 0.0273, target_hit@10 = 0.0955, target_ndcg@10 = 0.0483

2024-08-10 19:46:34.841793: step 17024/24320 (epoch 56/80), loss = 1.621559 (108.524 sec/epoch), lr: 0.001168
Evaluating on dev set...
...........................
source: 	 mrr: 0.030702	 ndcg_5: 0.0204	 ndcg_10: 0.0284	 hit@1:0.009413	 hit@5:0.0311	 hit@10: 0.0558
target: 	 mrr: 0.048228	 ndcg_5: 0.0369	 ndcg_10: 0.0511	 hit@1:0.018118	 hit@5:0.0564	 hit@10: 0.1003
epoch 56: train_loss = 1.621559, source_hit@10 = 0.0558, source_ndcg@10 = 0.0284, target_hit@10 = 0.1003, target_ndcg@10 = 0.0511

2024-08-10 19:48:23.416093: step 17328/24320 (epoch 57/80), loss = 1.621143 (107.783 sec/epoch), lr: 0.001168
Evaluating on dev set...
...........................
source: 	 mrr: 0.032119	 ndcg_5: 0.0220	 ndcg_10: 0.0322	 hit@1:0.006517	 hit@5:0.0369	 hit@10: 0.0688
target: 	 mrr: 0.051655	 ndcg_5: 0.0436	 ndcg_10: 0.0537	 hit@1:0.020209	 hit@5:0.0669	 hit@10: 0.0983
target best!
..............target: 	 mrr: 0.052481	 ndcg_5: 0.0420	 ndcg_10: 0.0571	 hit@1:0.021262	 hit@5:0.0624	 hit@10: 0.1097
epoch 57: train_loss = 1.621143, source_hit@10 = 0.0688, source_ndcg@10 = 0.0322, target_hit@10 = 0.1097, target_ndcg@10 = 0.0571
new best model saved.

2024-08-10 19:50:10.817267: step 17632/24320 (epoch 58/80), loss = 1.621621 (105.942 sec/epoch), lr: 0.001168
Evaluating on dev set...
...........................
source: 	 mrr: 0.034852	 ndcg_5: 0.0238	 ndcg_10: 0.0340	 hit@1:0.008689	 hit@5:0.0384	 hit@10: 0.0702
target: 	 mrr: 0.036634	 ndcg_5: 0.0276	 ndcg_10: 0.0369	 hit@1:0.011847	 hit@5:0.0446	 hit@10: 0.0739
epoch 58: train_loss = 1.621621, source_hit@10 = 0.0702, source_ndcg@10 = 0.0340, target_hit@10 = 0.0739, target_ndcg@10 = 0.0369

2024-08-10 19:51:59.744706: step 17936/24320 (epoch 59/80), loss = 1.620096 (108.150 sec/epoch), lr: 0.001110
Evaluating on dev set...
...........................
source: 	 mrr: 0.028999	 ndcg_5: 0.0194	 ndcg_10: 0.0275	 hit@1:0.007965	 hit@5:0.0319	 hit@10: 0.0572
target: 	 mrr: 0.044118	 ndcg_5: 0.0346	 ndcg_10: 0.0477	 hit@1:0.016028	 hit@5:0.0537	 hit@10: 0.0948
epoch 59: train_loss = 1.620096, source_hit@10 = 0.0572, source_ndcg@10 = 0.0275, target_hit@10 = 0.0948, target_ndcg@10 = 0.0477

2024-08-10 19:53:52.451572: step 18240/24320 (epoch 60/80), loss = 1.617938 (111.774 sec/epoch), lr: 0.001110
Evaluating on dev set...
...........................
source: 	 mrr: 0.027918	 ndcg_5: 0.0189	 ndcg_10: 0.0255	 hit@1:0.007965	 hit@5:0.0319	 hit@10: 0.0521
target: 	 mrr: 0.044629	 ndcg_5: 0.0368	 ndcg_10: 0.0501	 hit@1:0.011847	 hit@5:0.0620	 hit@10: 0.1038
epoch 60: train_loss = 1.617938, source_hit@10 = 0.0521, source_ndcg@10 = 0.0255, target_hit@10 = 0.1038, target_ndcg@10 = 0.0501

2024-08-10 19:55:40.793914: step 18544/24320 (epoch 61/80), loss = 1.612659 (107.381 sec/epoch), lr: 0.001054
Evaluating on dev set...
...........................
source: 	 mrr: 0.030150	 ndcg_5: 0.0192	 ndcg_10: 0.0287	 hit@1:0.006517	 hit@5:0.0319	 hit@10: 0.0615
target: 	 mrr: 0.037614	 ndcg_5: 0.0303	 ndcg_10: 0.0402	 hit@1:0.009059	 hit@5:0.0523	 hit@10: 0.0829
epoch 61: train_loss = 1.612659, source_hit@10 = 0.0615, source_ndcg@10 = 0.0287, target_hit@10 = 0.0829, target_ndcg@10 = 0.0402

2024-08-10 19:57:30.903222: step 18848/24320 (epoch 62/80), loss = 1.609436 (109.442 sec/epoch), lr: 0.001001
Evaluating on dev set...
...........................
source: 	 mrr: 0.035572	 ndcg_5: 0.0264	 ndcg_10: 0.0369	 hit@1:0.007241	 hit@5:0.0456	 hit@10: 0.0789
target: 	 mrr: 0.042581	 ndcg_5: 0.0344	 ndcg_10: 0.0465	 hit@1:0.013240	 hit@5:0.0571	 hit@10: 0.0948
epoch 62: train_loss = 1.609436, source_hit@10 = 0.0789, source_ndcg@10 = 0.0369, target_hit@10 = 0.0948, target_ndcg@10 = 0.0465

2024-08-10 19:59:21.519263: step 19152/24320 (epoch 63/80), loss = 1.609172 (109.577 sec/epoch), lr: 0.001001
Evaluating on dev set...
...........................
source: 	 mrr: 0.035456	 ndcg_5: 0.0245	 ndcg_10: 0.0338	 hit@1:0.009413	 hit@5:0.0391	 hit@10: 0.0681
target: 	 mrr: 0.039883	 ndcg_5: 0.0315	 ndcg_10: 0.0441	 hit@1:0.010453	 hit@5:0.0530	 hit@10: 0.0920
epoch 63: train_loss = 1.609172, source_hit@10 = 0.0681, source_ndcg@10 = 0.0338, target_hit@10 = 0.0920, target_ndcg@10 = 0.0441

2024-08-10 20:01:10.649823: step 19456/24320 (epoch 64/80), loss = 1.608310 (108.164 sec/epoch), lr: 0.000951
Evaluating on dev set...
...........................
source: 	 mrr: 0.035157	 ndcg_5: 0.0246	 ndcg_10: 0.0347	 hit@1:0.009413	 hit@5:0.0406	 hit@10: 0.0717
target: 	 mrr: 0.048888	 ndcg_5: 0.0409	 ndcg_10: 0.0518	 hit@1:0.016725	 hit@5:0.0648	 hit@10: 0.0990
epoch 64: train_loss = 1.608310, source_hit@10 = 0.0717, source_ndcg@10 = 0.0347, target_hit@10 = 0.0990, target_ndcg@10 = 0.0518

2024-08-10 20:02:54.794835: step 19760/24320 (epoch 65/80), loss = 1.606013 (103.313 sec/epoch), lr: 0.000951
Evaluating on dev set...
...........................
source: 	 mrr: 0.033981	 ndcg_5: 0.0238	 ndcg_10: 0.0326	 hit@1:0.013034	 hit@5:0.0348	 hit@10: 0.0623
target: 	 mrr: 0.041470	 ndcg_5: 0.0331	 ndcg_10: 0.0424	 hit@1:0.014634	 hit@5:0.0530	 hit@10: 0.0815
epoch 65: train_loss = 1.606013, source_hit@10 = 0.0623, source_ndcg@10 = 0.0326, target_hit@10 = 0.0815, target_ndcg@10 = 0.0424

2024-08-10 20:04:43.574883: step 20064/24320 (epoch 66/80), loss = 1.599980 (107.903 sec/epoch), lr: 0.000904
Evaluating on dev set...
...........................
source: 	 mrr: 0.031789	 ndcg_5: 0.0227	 ndcg_10: 0.0322	 hit@1:0.006517	 hit@5:0.0384	 hit@10: 0.0673
target: 	 mrr: 0.052472	 ndcg_5: 0.0419	 ndcg_10: 0.0555	 hit@1:0.020906	 hit@5:0.0620	 hit@10: 0.1045
target best!
..............target: 	 mrr: 0.050546	 ndcg_5: 0.0423	 ndcg_10: 0.0567	 hit@1:0.014403	 hit@5:0.0706	 hit@10: 0.1152
epoch 66: train_loss = 1.599980, source_hit@10 = 0.0673, source_ndcg@10 = 0.0322, target_hit@10 = 0.1152, target_ndcg@10 = 0.0567
new best model saved.

2024-08-10 20:06:32.640910: step 20368/24320 (epoch 67/80), loss = 1.601054 (107.760 sec/epoch), lr: 0.000904
Evaluating on dev set...
...........................
source: 	 mrr: 0.034830	 ndcg_5: 0.0268	 ndcg_10: 0.0352	 hit@1:0.008689	 hit@5:0.0442	 hit@10: 0.0702
target: 	 mrr: 0.044320	 ndcg_5: 0.0333	 ndcg_10: 0.0484	 hit@1:0.015331	 hit@5:0.0516	 hit@10: 0.0990
epoch 67: train_loss = 1.601054, source_hit@10 = 0.0702, source_ndcg@10 = 0.0352, target_hit@10 = 0.0990, target_ndcg@10 = 0.0484

2024-08-10 20:08:18.808358: step 20672/24320 (epoch 68/80), loss = 1.598003 (105.299 sec/epoch), lr: 0.000859
Evaluating on dev set...
...........................
source: 	 mrr: 0.032836	 ndcg_5: 0.0255	 ndcg_10: 0.0339	 hit@1:0.007965	 hit@5:0.0442	 hit@10: 0.0702
target: 	 mrr: 0.047967	 ndcg_5: 0.0392	 ndcg_10: 0.0512	 hit@1:0.017422	 hit@5:0.0606	 hit@10: 0.0976
epoch 68: train_loss = 1.598003, source_hit@10 = 0.0702, source_ndcg@10 = 0.0339, target_hit@10 = 0.0976, target_ndcg@10 = 0.0512

2024-08-10 20:10:01.726349: step 20976/24320 (epoch 69/80), loss = 1.598603 (102.066 sec/epoch), lr: 0.000859
Evaluating on dev set...
...........................
source: 	 mrr: 0.033736	 ndcg_5: 0.0247	 ndcg_10: 0.0318	 hit@1:0.008689	 hit@5:0.0406	 hit@10: 0.0630
target: 	 mrr: 0.045669	 ndcg_5: 0.0356	 ndcg_10: 0.0487	 hit@1:0.013240	 hit@5:0.0557	 hit@10: 0.0962
epoch 69: train_loss = 1.598603, source_hit@10 = 0.0630, source_ndcg@10 = 0.0318, target_hit@10 = 0.0962, target_ndcg@10 = 0.0487

2024-08-10 20:11:48.625305: step 21280/24320 (epoch 70/80), loss = 1.596566 (106.036 sec/epoch), lr: 0.000816
Evaluating on dev set...
...........................
source: 	 mrr: 0.031249	 ndcg_5: 0.0213	 ndcg_10: 0.0296	 hit@1:0.010862	 hit@5:0.0319	 hit@10: 0.0579
target: 	 mrr: 0.043743	 ndcg_5: 0.0345	 ndcg_10: 0.0476	 hit@1:0.011847	 hit@5:0.0551	 hit@10: 0.0962
epoch 70: train_loss = 1.596566, source_hit@10 = 0.0579, source_ndcg@10 = 0.0296, target_hit@10 = 0.0962, target_ndcg@10 = 0.0476

2024-08-10 20:13:40.084780: step 21584/24320 (epoch 71/80), loss = 1.590822 (110.589 sec/epoch), lr: 0.000775
Evaluating on dev set...
...........................
source: 	 mrr: 0.034181	 ndcg_5: 0.0246	 ndcg_10: 0.0335	 hit@1:0.007965	 hit@5:0.0406	 hit@10: 0.0681
target: 	 mrr: 0.044048	 ndcg_5: 0.0354	 ndcg_10: 0.0496	 hit@1:0.011847	 hit@5:0.0592	 hit@10: 0.1038
epoch 71: train_loss = 1.590822, source_hit@10 = 0.0681, source_ndcg@10 = 0.0335, target_hit@10 = 0.1038, target_ndcg@10 = 0.0496

2024-08-10 20:15:35.769481: step 21888/24320 (epoch 72/80), loss = 1.591023 (114.727 sec/epoch), lr: 0.000775
Evaluating on dev set...
...........................
source: 	 mrr: 0.039616	 ndcg_5: 0.0298	 ndcg_10: 0.0374	 hit@1:0.013758	 hit@5:0.0442	 hit@10: 0.0673
target: 	 mrr: 0.039977	 ndcg_5: 0.0290	 ndcg_10: 0.0429	 hit@1:0.011150	 hit@5:0.0460	 hit@10: 0.0892
epoch 72: train_loss = 1.591023, source_hit@10 = 0.0673, source_ndcg@10 = 0.0374, target_hit@10 = 0.0892, target_ndcg@10 = 0.0429

2024-08-10 20:17:30.960685: step 22192/24320 (epoch 73/80), loss = 1.590231 (114.215 sec/epoch), lr: 0.000775
Evaluating on dev set...
...........................
source: 	 mrr: 0.036927	 ndcg_5: 0.0282	 ndcg_10: 0.0379	 hit@1:0.012310	 hit@5:0.0442	 hit@10: 0.0739
target: 	 mrr: 0.045368	 ndcg_5: 0.0367	 ndcg_10: 0.0495	 hit@1:0.014634	 hit@5:0.0606	 hit@10: 0.0997
epoch 73: train_loss = 1.590231, source_hit@10 = 0.0739, source_ndcg@10 = 0.0379, target_hit@10 = 0.0997, target_ndcg@10 = 0.0495

2024-08-10 20:19:20.098083: step 22496/24320 (epoch 74/80), loss = 1.590837 (108.306 sec/epoch), lr: 0.000775
Evaluating on dev set...
...........................
source: 	 mrr: 0.034304	 ndcg_5: 0.0265	 ndcg_10: 0.0331	 hit@1:0.010862	 hit@5:0.0427	 hit@10: 0.0630
target: 	 mrr: 0.034142	 ndcg_5: 0.0223	 ndcg_10: 0.0362	 hit@1:0.009059	 hit@5:0.0369	 hit@10: 0.0801
epoch 74: train_loss = 1.590837, source_hit@10 = 0.0630, source_ndcg@10 = 0.0331, target_hit@10 = 0.0801, target_ndcg@10 = 0.0362

2024-08-10 20:21:06.082551: step 22800/24320 (epoch 75/80), loss = 1.585355 (105.032 sec/epoch), lr: 0.000736
Evaluating on dev set...
...........................
source: 	 mrr: 0.035180	 ndcg_5: 0.0258	 ndcg_10: 0.0331	 hit@1:0.014482	 hit@5:0.0369	 hit@10: 0.0601
target: 	 mrr: 0.035220	 ndcg_5: 0.0244	 ndcg_10: 0.0348	 hit@1:0.011847	 hit@5:0.0376	 hit@10: 0.0704
epoch 75: train_loss = 1.585355, source_hit@10 = 0.0601, source_ndcg@10 = 0.0331, target_hit@10 = 0.0704, target_ndcg@10 = 0.0348

2024-08-10 20:22:52.008609: step 23104/24320 (epoch 76/80), loss = 1.584025 (105.043 sec/epoch), lr: 0.000736
Evaluating on dev set...
...........................
source: 	 mrr: 0.035278	 ndcg_5: 0.0262	 ndcg_10: 0.0326	 hit@1:0.014482	 hit@5:0.0391	 hit@10: 0.0594
target: 	 mrr: 0.041640	 ndcg_5: 0.0341	 ndcg_10: 0.0467	 hit@1:0.012544	 hit@5:0.0585	 hit@10: 0.0983
epoch 76: train_loss = 1.584025, source_hit@10 = 0.0594, source_ndcg@10 = 0.0326, target_hit@10 = 0.0983, target_ndcg@10 = 0.0467

2024-08-10 20:24:44.629871: step 23408/24320 (epoch 77/80), loss = 1.584338 (111.694 sec/epoch), lr: 0.000736
Evaluating on dev set...
...........................
source: 	 mrr: 0.038374	 ndcg_5: 0.0292	 ndcg_10: 0.0376	 hit@1:0.014482	 hit@5:0.0442	 hit@10: 0.0710
target: 	 mrr: 0.048006	 ndcg_5: 0.0400	 ndcg_10: 0.0518	 hit@1:0.018815	 hit@5:0.0627	 hit@10: 0.0997
epoch 77: train_loss = 1.584338, source_hit@10 = 0.0710, source_ndcg@10 = 0.0376, target_hit@10 = 0.0997, target_ndcg@10 = 0.0518

2024-08-10 20:26:36.943724: step 23712/24320 (epoch 78/80), loss = 1.581940 (111.499 sec/epoch), lr: 0.000736
Evaluating on dev set...
...........................
source: 	 mrr: 0.037169	 ndcg_5: 0.0282	 ndcg_10: 0.0368	 hit@1:0.012310	 hit@5:0.0427	 hit@10: 0.0695
target: 	 mrr: 0.048139	 ndcg_5: 0.0409	 ndcg_10: 0.0524	 hit@1:0.015331	 hit@5:0.0669	 hit@10: 0.1031
epoch 78: train_loss = 1.581940, source_hit@10 = 0.0695, source_ndcg@10 = 0.0368, target_hit@10 = 0.1031, target_ndcg@10 = 0.0524

2024-08-10 20:28:15.846098: step 24016/24320 (epoch 79/80), loss = 1.580508 (98.040 sec/epoch), lr: 0.000699
Evaluating on dev set...
...........................
source: 	 mrr: 0.032112	 ndcg_5: 0.0247	 ndcg_10: 0.0319	 hit@1:0.010138	 hit@5:0.0391	 hit@10: 0.0615
target: 	 mrr: 0.046368	 ndcg_5: 0.0360	 ndcg_10: 0.0487	 hit@1:0.016028	 hit@5:0.0557	 hit@10: 0.0955
epoch 79: train_loss = 1.580508, source_hit@10 = 0.0615, source_ndcg@10 = 0.0319, target_hit@10 = 0.0955, target_ndcg@10 = 0.0487

2024-08-10 20:29:54.439875: step 24320/24320 (epoch 80/80), loss = 1.578455 (97.815 sec/epoch), lr: 0.000664
Evaluating on dev set...
...........................
source: 	 mrr: 0.036325	 ndcg_5: 0.0279	 ndcg_10: 0.0358	 hit@1:0.013034	 hit@5:0.0413	 hit@10: 0.0659
target: 	 mrr: 0.043907	 ndcg_5: 0.0345	 ndcg_10: 0.0480	 hit@1:0.013937	 hit@5:0.0564	 hit@10: 0.0990
epoch 80: train_loss = 1.578455, source_hit@10 = 0.0659, source_ndcg@10 = 0.0358, target_hit@10 = 0.0990, target_ndcg@10 = 0.0480

