nohup: ignoring input
using gpu:2 to train the model
using gpu:2 to train the model
cuda:2
Namespace(A_split=False, JK='sum', a_fold=100, aggregate=False, alpha=0.5, batch_size=1024, beta_inter=0.2, conv_layers=4, cuda=True, decay_epoch=10, device=device(type='cuda', index=2), device_id='2', domains='cell_electronic', dropout=0.4, epoch=80, feature_dim=126, gamma_intra=0.8, hidden_dim=126, inter_tau=0.2, intra_tau=0.4, lambda_critic=0.1, leakey=0.05, load=False, log='logs.txt', log_epoch=1, lr=0.004, lr_decay=0.95, min_epoch=60, mode='train', model_file=None, model_name='ce', momentum=0.98, num_latent_factors=3, num_negative=100, optim='adam', patience=20, proj_layers=1, projection=1, rectify_epoch=40, residual=1, save=False, save_dir='./saved_models', seed=32, similarity_tau=0.1, step=5, test_sample_number=999, user_batch_size=256, weight_decay=0.0002)
number_user 27519
number_item 9481
/home/disk2/lhr/invariantCDR/invariantCDR/utils/GraphMaker.py:46: RuntimeWarning: divide by zero encountered in power
  r_inv = np.power(rowsum, -1).flatten()
real graph loaded!
number_user 107984
number_item 40460
real graph loaded!
graph loaded!
Loading data from cell_electronic with batch size 1024...
unseen test: 0
test length: 6417
unseen test: 0
test length: 6322
unseen test: 0
test length: 15199
unseen test: 0
test length: 15053
source_user_num 27519
target_user_num 107984
source_item_num 9481
target_item_num 40460
shared users id: 16337
test users 2049, 2042
unseen test: 0
dev length: 1000
unseen test: 0
dev length: 1000
source train data : 148271, target train data: 821301, source test data : 6322, target test data : 15053, source dev data : 1000, target dev data : 1000
Directory ./saved_models/ce do not exist; creating...
2024-08-14 04:38:54.768910: step 947/75760 (epoch 1/80), loss = 2.173517 (556.221 sec/epoch), lr: 0.004000
Evaluating on dev set...
.......................................................................................................................................................................................................................
source: 	 mrr: 0.062832	 ndcg_5: 0.0545	 ndcg_10: 0.0737	 hit@1:0.018700	 hit@5:0.0907	 hit@10: 0.1502
target: 	 mrr: 0.055632	 ndcg_5: 0.0469	 ndcg_10: 0.0651	 hit@1:0.015198	 hit@5:0.0796	 hit@10: 0.1362
source best!
...............................................................
source: 	 mrr: 0.062516	 ndcg_5: 0.0523	 ndcg_10: 0.0717	 hit@1:0.018823	 hit@5:0.0864	 hit@10: 0.1466
target best!
......................................................................................................................................................target: 	 mrr: 0.056097	 ndcg_5: 0.0470	 ndcg_10: 0.0653	 hit@1:0.015279	 hit@5:0.0799	 hit@10: 0.1367
epoch 1: train_loss = 2.173517, source_mrr = 0.062516, source_hit@10 = 0.1466, source_ndcg@10 = 0.0717, target_mrr = 0.056097, target_hit@10 = 0.1367, target_ndcg@10 = 0.0653

2024-08-14 04:48:19.789581: step 1894/75760 (epoch 2/80), loss = 2.042178 (556.716 sec/epoch), lr: 0.004000
Evaluating on dev set...
.......................................................................................................................................................................................................................
source: 	 mrr: 0.055672	 ndcg_5: 0.0448	 ndcg_10: 0.0635	 hit@1:0.014649	 hit@5:0.0748	 hit@10: 0.1334
target: 	 mrr: 0.036034	 ndcg_5: 0.0231	 ndcg_10: 0.0366	 hit@1:0.008356	 hit@5:0.0389	 hit@10: 0.0811
epoch 2: train_loss = 2.042178, source_mrr = 0.055672, source_hit@10 = 0.1334, source_ndcg@10 = 0.0635, target_mrr = 0.036034, target_hit@10 = 0.0811, target_ndcg@10 = 0.0366

2024-08-14 04:57:41.839209: step 2841/75760 (epoch 3/80), loss = 2.001120 (557.908 sec/epoch), lr: 0.004000
Evaluating on dev set...
.......................................................................................................................................................................................................................
source: 	 mrr: 0.064333	 ndcg_5: 0.0553	 ndcg_10: 0.0732	 hit@1:0.022440	 hit@5:0.0880	 hit@10: 0.1435
target: 	 mrr: 0.020733	 ndcg_5: 0.0138	 ndcg_10: 0.0181	 hit@1:0.006053	 hit@5:0.0216	 hit@10: 0.0351
source best!
...............................................................
source: 	 mrr: 0.066438	 ndcg_5: 0.0583	 ndcg_10: 0.0762	 hit@1:0.022619	 hit@5:0.0944	 hit@10: 0.1507
epoch 3: train_loss = 2.001120, source_mrr = 0.066438, source_hit@10 = 0.1507, source_ndcg@10 = 0.0762, target_mrr = 0.020733, target_hit@10 = 0.0351, target_ndcg@10 = 0.0181

2024-08-14 05:07:13.147559: step 3788/75760 (epoch 4/80), loss = 1.987124 (566.168 sec/epoch), lr: 0.004000
Evaluating on dev set...
.......................................................................................................................................................................................................................
source: 	 mrr: 0.051065	 ndcg_5: 0.0381	 ndcg_10: 0.0549	 hit@1:0.014337	 hit@5:0.0620	 hit@10: 0.1141
target: 	 mrr: 0.074460	 ndcg_5: 0.0653	 ndcg_10: 0.0847	 hit@1:0.027897	 hit@5:0.1032	 hit@10: 0.1634
target best!
......................................................................................................................................................target: 	 mrr: 0.074626	 ndcg_5: 0.0647	 ndcg_10: 0.0842	 hit@1:0.028234	 hit@5:0.1012	 hit@10: 0.1620
epoch 4: train_loss = 1.987124, source_mrr = 0.051065, source_hit@10 = 0.1141, source_ndcg@10 = 0.0549, target_mrr = 0.074626, target_hit@10 = 0.1620, target_ndcg@10 = 0.0842

2024-08-14 05:16:39.931878: step 4735/75760 (epoch 5/80), loss = 1.978684 (559.716 sec/epoch), lr: 0.004000
Evaluating on dev set...
.......................................................................................................................................................................................................................
source: 	 mrr: 0.047168	 ndcg_5: 0.0345	 ndcg_10: 0.0489	 hit@1:0.014025	 hit@5:0.0547	 hit@10: 0.0996
target: 	 mrr: 0.014256	 ndcg_5: 0.0057	 ndcg_10: 0.0093	 hit@1:0.002171	 hit@5:0.0095	 hit@10: 0.0207
epoch 5: train_loss = 1.978684, source_mrr = 0.047168, source_hit@10 = 0.0996, source_ndcg@10 = 0.0489, target_mrr = 0.014256, target_hit@10 = 0.0207, target_ndcg@10 = 0.0093

2024-08-14 05:26:01.299601: step 5682/75760 (epoch 6/80), loss = 1.961676 (557.093 sec/epoch), lr: 0.004000
Evaluating on dev set...
.......................................................................................................................................................................................................................
source: 	 mrr: 0.039259	 ndcg_5: 0.0280	 ndcg_10: 0.0388	 hit@1:0.010753	 hit@5:0.0460	 hit@10: 0.0799
target: 	 mrr: 0.016704	 ndcg_5: 0.0090	 ndcg_10: 0.0129	 hit@1:0.002961	 hit@5:0.0152	 hit@10: 0.0276
epoch 6: train_loss = 1.961676, source_mrr = 0.039259, source_hit@10 = 0.0799, source_ndcg@10 = 0.0388, target_mrr = 0.016704, target_hit@10 = 0.0276, target_ndcg@10 = 0.0129

2024-08-14 05:35:26.349298: step 6629/75760 (epoch 7/80), loss = 1.955488 (560.632 sec/epoch), lr: 0.004000
Evaluating on dev set...
.......................................................................................................................................................................................................................
source: 	 mrr: 0.022154	 ndcg_5: 0.0158	 ndcg_10: 0.0207	 hit@1:0.005766	 hit@5:0.0263	 hit@10: 0.0419
target: 	 mrr: 0.032688	 ndcg_5: 0.0219	 ndcg_10: 0.0300	 hit@1:0.009540	 hit@5:0.0344	 hit@10: 0.0597
epoch 7: train_loss = 1.955488, source_mrr = 0.022154, source_hit@10 = 0.0419, source_ndcg@10 = 0.0207, target_mrr = 0.032688, target_hit@10 = 0.0597, target_ndcg@10 = 0.0300

2024-08-14 05:44:48.523998: step 7576/75760 (epoch 8/80), loss = 1.948776 (558.093 sec/epoch), lr: 0.004000
Evaluating on dev set...
.......................................................................................................................................................................................................................
source: 	 mrr: 0.037753	 ndcg_5: 0.0240	 ndcg_10: 0.0392	 hit@1:0.006078	 hit@5:0.0433	 hit@10: 0.0909
target: 	 mrr: 0.075294	 ndcg_5: 0.0655	 ndcg_10: 0.0841	 hit@1:0.028818	 hit@5:0.1016	 hit@10: 0.1594
target best!
......................................................................................................................................................target: 	 mrr: 0.078035	 ndcg_5: 0.0685	 ndcg_10: 0.0866	 hit@1:0.031622	 hit@5:0.1054	 hit@10: 0.1615
epoch 8: train_loss = 1.948776, source_mrr = 0.037753, source_hit@10 = 0.0909, source_ndcg@10 = 0.0392, target_mrr = 0.078035, target_hit@10 = 0.1615, target_ndcg@10 = 0.0866

2024-08-14 05:54:12.447237: step 8523/75760 (epoch 9/80), loss = 1.944442 (556.213 sec/epoch), lr: 0.004000
Evaluating on dev set...
.......................................................................................................................................................................................................................
source: 	 mrr: 0.024198	 ndcg_5: 0.0135	 ndcg_10: 0.0205	 hit@1:0.006389	 hit@5:0.0210	 hit@10: 0.0427
target: 	 mrr: 0.047268	 ndcg_5: 0.0356	 ndcg_10: 0.0485	 hit@1:0.016712	 hit@5:0.0546	 hit@10: 0.0952
epoch 9: train_loss = 1.944442, source_mrr = 0.024198, source_hit@10 = 0.0427, source_ndcg@10 = 0.0205, target_mrr = 0.047268, target_hit@10 = 0.0952, target_ndcg@10 = 0.0485

2024-08-14 06:03:33.503506: step 9470/75760 (epoch 10/80), loss = 1.941452 (556.875 sec/epoch), lr: 0.004000
Evaluating on dev set...
.......................................................................................................................................................................................................................
source: 	 mrr: 0.058707	 ndcg_5: 0.0480	 ndcg_10: 0.0653	 hit@1:0.019635	 hit@5:0.0767	 hit@10: 0.1303
target: 	 mrr: 0.058319	 ndcg_5: 0.0460	 ndcg_10: 0.0648	 hit@1:0.019278	 hit@5:0.0732	 hit@10: 0.1317
epoch 10: train_loss = 1.941452, source_mrr = 0.058707, source_hit@10 = 0.1303, source_ndcg@10 = 0.0653, target_mrr = 0.058319, target_hit@10 = 0.1317, target_ndcg@10 = 0.0648

2024-08-14 06:12:57.477188: step 10417/75760 (epoch 11/80), loss = 1.929217 (559.728 sec/epoch), lr: 0.004000
Evaluating on dev set...
.......................................................................................................................................................................................................................
source: 	 mrr: 0.061830	 ndcg_5: 0.0519	 ndcg_10: 0.0696	 hit@1:0.021194	 hit@5:0.0832	 hit@10: 0.1384
target: 	 mrr: 0.034234	 ndcg_5: 0.0224	 ndcg_10: 0.0325	 hit@1:0.008685	 hit@5:0.0366	 hit@10: 0.0682
epoch 11: train_loss = 1.929217, source_mrr = 0.061830, source_hit@10 = 0.1384, source_ndcg@10 = 0.0696, target_mrr = 0.034234, target_hit@10 = 0.0682, target_ndcg@10 = 0.0325

2024-08-14 06:22:18.089221: step 11364/75760 (epoch 12/80), loss = 1.919969 (556.516 sec/epoch), lr: 0.003800
Evaluating on dev set...
.......................................................................................................................................................................................................................
source: 	 mrr: 0.041372	 ndcg_5: 0.0309	 ndcg_10: 0.0427	 hit@1:0.012155	 hit@5:0.0502	 hit@10: 0.0874
target: 	 mrr: 0.061240	 ndcg_5: 0.0484	 ndcg_10: 0.0666	 hit@1:0.019870	 hit@5:0.0770	 hit@10: 0.1342
epoch 12: train_loss = 1.919969, source_mrr = 0.041372, source_hit@10 = 0.0874, source_ndcg@10 = 0.0427, target_mrr = 0.061240, target_hit@10 = 0.1342, target_ndcg@10 = 0.0666

2024-08-14 06:31:36.193843: step 12311/75760 (epoch 13/80), loss = 1.915610 (554.126 sec/epoch), lr: 0.003800
Evaluating on dev set...
.......................................................................................................................................................................................................................
source: 	 mrr: 0.049808	 ndcg_5: 0.0387	 ndcg_10: 0.0545	 hit@1:0.011532	 hit@5:0.0659	 hit@10: 0.1155
target: 	 mrr: 0.031655	 ndcg_5: 0.0201	 ndcg_10: 0.0301	 hit@1:0.006316	 hit@5:0.0349	 hit@10: 0.0661
epoch 13: train_loss = 1.915610, source_mrr = 0.049808, source_hit@10 = 0.1155, source_ndcg@10 = 0.0545, target_mrr = 0.031655, target_hit@10 = 0.0661, target_ndcg@10 = 0.0301

2024-08-14 06:40:57.491354: step 13258/75760 (epoch 14/80), loss = 1.907664 (556.708 sec/epoch), lr: 0.003610
Evaluating on dev set...
.......................................................................................................................................................................................................................
source: 	 mrr: 0.030333	 ndcg_5: 0.0237	 ndcg_10: 0.0324	 hit@1:0.010441	 hit@5:0.0371	 hit@10: 0.0639
target: 	 mrr: 0.041885	 ndcg_5: 0.0298	 ndcg_10: 0.0421	 hit@1:0.012172	 hit@5:0.0477	 hit@10: 0.0861
epoch 14: train_loss = 1.907664, source_mrr = 0.030333, source_hit@10 = 0.0639, source_ndcg@10 = 0.0324, target_mrr = 0.041885, target_hit@10 = 0.0861, target_ndcg@10 = 0.0421

2024-08-14 06:50:11.791951: step 14205/75760 (epoch 15/80), loss = 1.903133 (550.141 sec/epoch), lr: 0.003429
Evaluating on dev set...
.......................................................................................................................................................................................................................
source: 	 mrr: 0.064645	 ndcg_5: 0.0532	 ndcg_10: 0.0728	 hit@1:0.023531	 hit@5:0.0829	 hit@10: 0.1440
target: 	 mrr: 0.067438	 ndcg_5: 0.0562	 ndcg_10: 0.0741	 hit@1:0.023225	 hit@5:0.0891	 hit@10: 0.1451
source best!
...............................................................
source: 	 mrr: 0.068798	 ndcg_5: 0.0580	 ndcg_10: 0.0775	 hit@1:0.025467	 hit@5:0.0905	 hit@10: 0.1512
epoch 15: train_loss = 1.903133, source_mrr = 0.068798, source_hit@10 = 0.1512, source_ndcg@10 = 0.0775, target_mrr = 0.067438, target_hit@10 = 0.1451, target_ndcg@10 = 0.0741

2024-08-14 06:59:29.169734: step 15152/75760 (epoch 16/80), loss = 1.898577 (552.260 sec/epoch), lr: 0.003429
Evaluating on dev set...
.......................................................................................................................................................................................................................
source: 	 mrr: 0.038284	 ndcg_5: 0.0271	 ndcg_10: 0.0382	 hit@1:0.010597	 hit@5:0.0439	 hit@10: 0.0790
target: 	 mrr: 0.066090	 ndcg_5: 0.0552	 ndcg_10: 0.0741	 hit@1:0.022107	 hit@5:0.0886	 hit@10: 0.1474
epoch 16: train_loss = 1.898577, source_mrr = 0.038284, source_hit@10 = 0.0790, source_ndcg@10 = 0.0382, target_mrr = 0.066090, target_hit@10 = 0.1474, target_ndcg@10 = 0.0741

2024-08-14 07:08:51.932665: step 16099/75760 (epoch 17/80), loss = 1.891135 (558.103 sec/epoch), lr: 0.003258
Evaluating on dev set...
.......................................................................................................................................................................................................................
source: 	 mrr: 0.036968	 ndcg_5: 0.0248	 ndcg_10: 0.0364	 hit@1:0.009662	 hit@5:0.0408	 hit@10: 0.0768
target: 	 mrr: 0.060294	 ndcg_5: 0.0492	 ndcg_10: 0.0685	 hit@1:0.019738	 hit@5:0.0800	 hit@10: 0.1404
epoch 17: train_loss = 1.891135, source_mrr = 0.036968, source_hit@10 = 0.0768, source_ndcg@10 = 0.0364, target_mrr = 0.060294, target_hit@10 = 0.1404, target_ndcg@10 = 0.0685

2024-08-14 07:18:15.714105: step 17046/75760 (epoch 18/80), loss = 1.886694 (559.694 sec/epoch), lr: 0.003095
Evaluating on dev set...
.......................................................................................................................................................................................................................
source: 	 mrr: 0.034343	 ndcg_5: 0.0244	 ndcg_10: 0.0377	 hit@1:0.006078	 hit@5:0.0441	 hit@10: 0.0859
target: 	 mrr: 0.053395	 ndcg_5: 0.0421	 ndcg_10: 0.0581	 hit@1:0.017633	 hit@5:0.0670	 hit@10: 0.1168
epoch 18: train_loss = 1.886694, source_mrr = 0.034343, source_hit@10 = 0.0859, source_ndcg@10 = 0.0377, target_mrr = 0.053395, target_hit@10 = 0.1168, target_ndcg@10 = 0.0581

