nohup: ignoring input
using gpu:1 to train the model
using gpu:1 to train the model
cuda:1
Namespace(A_split=False, JK='sum', a_fold=100, aggregate=False, alpha=0.5, batch_size=1024, beta_inter=0.2, conv_layers=4, cuda=True, decay_epoch=10, device=device(type='cuda', index=1), device_id='1', domains='cd_movie', dropout=0.4, epoch=80, feature_dim=126, gamma_intra=0.8, hidden_dim=126, inter_tau=0.2, intra_tau=0.4, lambda_critic=0.1, leakey=0.05, load=False, log='logs.txt', log_epoch=1, lr=0.004, lr_decay=0.95, min_epoch=60, mode='train', model_file=None, model_name='cm', momentum=0.98, num_latent_factors=3, num_negative=100, optim='adam', patience=20, proj_layers=1, projection=1, rectify_epoch=40, residual=1, save=False, save_dir='./saved_models', seed=32, similarity_tau=0.1, step=5, test_sample_number=999, user_batch_size=256, weight_decay=0.0002)
number_user 50841
number_item 43858
/home/hourun/invariantCDR_v2/invariantCDR/utils/GraphMaker.py:46: RuntimeWarning: divide by zero encountered in power
  r_inv = np.power(rowsum, -1).flatten()
real graph loaded!
number_user 87875
number_item 38643
real graph loaded!
graph loaded!
Loading data from cd_movie with batch size 1024...
unseen test: 0
test length: 19837
unseen test: 0
test length: 19670
unseen test: 0
test length: 28589
unseen test: 0
test length: 28876
source_user_num 50841
target_user_num 87875
source_item_num 43858
target_item_num 38643
shared users id: 15081
test users 1893, 1885
unseen test: 0
dev length: 1000
unseen test: 0
dev length: 1000
source train data : 674233, target train data: 1127424, source test data : 19670, target test data : 28876, source dev data : 1000, target dev data : 1000
2024-08-14 15:40:40.687625: step 1760/140800 (epoch 1/80), loss = 2.004888 (617.180 sec/epoch), lr: 0.004000
Evaluating on dev set...
...................................................................................................................................................................................................................................................................................................................................................................................................................................................................................................
source: 	 mrr: 0.029598	 ndcg_5: 0.0224	 ndcg_10: 0.0312	 hit@1:0.007158	 hit@5:0.0380	 hit@10: 0.0653
target: 	 mrr: 0.045546	 ndcg_5: 0.0350	 ndcg_10: 0.0481	 hit@1:0.013537	 hit@5:0.0568	 hit@10: 0.0978
source best!
....................................................................................................................................................................................................
source: 	 mrr: 0.031519	 ndcg_5: 0.0242	 ndcg_10: 0.0329	 hit@1:0.010066	 hit@5:0.0387	 hit@10: 0.0659
target best!
................................................................................................................................................................................................................................................................................................target: 	 mrr: 0.045037	 ndcg_5: 0.0343	 ndcg_10: 0.0472	 hit@1:0.013333	 hit@5:0.0561	 hit@10: 0.0963
epoch 1: train_loss = 2.004888, source_mrr = 0.031519, source_hit@10 = 0.0659, source_ndcg@10 = 0.0329, target_mrr = 0.045037, target_hit@10 = 0.0963, target_ndcg@10 = 0.0472

2024-08-14 15:51:10.829193: step 3520/140800 (epoch 2/80), loss = 1.870159 (620.113 sec/epoch), lr: 0.004000
Evaluating on dev set...
...................................................................................................................................................................................................................................................................................................................................................................................................................................................................................................
source: 	 mrr: 0.047647	 ndcg_5: 0.0384	 ndcg_10: 0.0506	 hit@1:0.016232	 hit@5:0.0605	 hit@10: 0.0987
target: 	 mrr: 0.028587	 ndcg_5: 0.0183	 ndcg_10: 0.0253	 hit@1:0.008115	 hit@5:0.0286	 hit@10: 0.0508
source best!
....................................................................................................................................................................................................
source: 	 mrr: 0.049555	 ndcg_5: 0.0403	 ndcg_10: 0.0533	 hit@1:0.017946	 hit@5:0.0627	 hit@10: 0.1030
epoch 2: train_loss = 1.870159, source_mrr = 0.049555, source_hit@10 = 0.1030, source_ndcg@10 = 0.0533, target_mrr = 0.028587, target_hit@10 = 0.0508, target_ndcg@10 = 0.0253

2024-08-14 16:01:37.832975: step 5280/140800 (epoch 3/80), loss = 1.781013 (619.894 sec/epoch), lr: 0.004000
Evaluating on dev set...
...................................................................................................................................................................................................................................................................................................................................................................................................................................................................................................
source: 	 mrr: 0.041299	 ndcg_5: 0.0325	 ndcg_10: 0.0430	 hit@1:0.014418	 hit@5:0.0508	 hit@10: 0.0835
target: 	 mrr: 0.054204	 ndcg_5: 0.0423	 ndcg_10: 0.0586	 hit@1:0.018189	 hit@5:0.0671	 hit@10: 0.1178
target best!
................................................................................................................................................................................................................................................................................................target: 	 mrr: 0.053909	 ndcg_5: 0.0429	 ndcg_10: 0.0579	 hit@1:0.017108	 hit@5:0.0693	 hit@10: 0.1158
epoch 3: train_loss = 1.781013, source_mrr = 0.041299, source_hit@10 = 0.0835, source_ndcg@10 = 0.0430, target_mrr = 0.053909, target_hit@10 = 0.1158, target_ndcg@10 = 0.0579

2024-08-14 16:12:06.594882: step 7040/140800 (epoch 4/80), loss = 1.739511 (620.779 sec/epoch), lr: 0.004000
Evaluating on dev set...
...................................................................................................................................................................................................................................................................................................................................................................................................................................................................................................
source: 	 mrr: 0.042402	 ndcg_5: 0.0329	 ndcg_10: 0.0443	 hit@1:0.013611	 hit@5:0.0524	 hit@10: 0.0878
target: 	 mrr: 0.030047	 ndcg_5: 0.0201	 ndcg_10: 0.0273	 hit@1:0.008535	 hit@5:0.0317	 hit@10: 0.0543
epoch 4: train_loss = 1.739511, source_mrr = 0.042402, source_hit@10 = 0.0878, source_ndcg@10 = 0.0443, target_mrr = 0.030047, target_hit@10 = 0.0543, target_ndcg@10 = 0.0273

2024-08-14 16:22:32.211783: step 8800/140800 (epoch 5/80), loss = 1.726364 (620.537 sec/epoch), lr: 0.004000
Evaluating on dev set...
...................................................................................................................................................................................................................................................................................................................................................................................................................................................................................................
source: 	 mrr: 0.051257	 ndcg_5: 0.0420	 ndcg_10: 0.0544	 hit@1:0.019660	 hit@5:0.0643	 hit@10: 0.1028
target: 	 mrr: 0.033932	 ndcg_5: 0.0221	 ndcg_10: 0.0319	 hit@1:0.008255	 hit@5:0.0365	 hit@10: 0.0674
source best!
....................................................................................................................................................................................................
source: 	 mrr: 0.052269	 ndcg_5: 0.0437	 ndcg_10: 0.0555	 hit@1:0.020285	 hit@5:0.0669	 hit@10: 0.1034
epoch 5: train_loss = 1.726364, source_mrr = 0.052269, source_hit@10 = 0.1034, source_ndcg@10 = 0.0555, target_mrr = 0.033932, target_hit@10 = 0.0674, target_ndcg@10 = 0.0319

2024-08-14 16:32:59.469442: step 10560/140800 (epoch 6/80), loss = 1.719078 (620.154 sec/epoch), lr: 0.004000
Evaluating on dev set...
...................................................................................................................................................................................................................................................................................................................................................................................................................................................................................................
source: 	 mrr: 0.041212	 ndcg_5: 0.0335	 ndcg_10: 0.0438	 hit@1:0.015527	 hit@5:0.0517	 hit@10: 0.0839
target: 	 mrr: 0.035314	 ndcg_5: 0.0246	 ndcg_10: 0.0346	 hit@1:0.009864	 hit@5:0.0399	 hit@10: 0.0713
epoch 6: train_loss = 1.719078, source_mrr = 0.041212, source_hit@10 = 0.0839, source_ndcg@10 = 0.0438, target_mrr = 0.035314, target_hit@10 = 0.0713, target_ndcg@10 = 0.0346

2024-08-14 16:43:29.014055: step 12320/140800 (epoch 7/80), loss = 1.712307 (624.468 sec/epoch), lr: 0.004000
Evaluating on dev set...
...................................................................................................................................................................................................................................................................................................................................................................................................................................................................................................
source: 	 mrr: 0.046460	 ndcg_5: 0.0377	 ndcg_10: 0.0487	 hit@1:0.017593	 hit@5:0.0577	 hit@10: 0.0921
target: 	 mrr: 0.029920	 ndcg_5: 0.0206	 ndcg_10: 0.0286	 hit@1:0.007660	 hit@5:0.0338	 hit@10: 0.0588
epoch 7: train_loss = 1.712307, source_mrr = 0.046460, source_hit@10 = 0.0921, source_ndcg@10 = 0.0487, target_mrr = 0.029920, target_hit@10 = 0.0588, target_ndcg@10 = 0.0286

2024-08-14 16:53:55.338801: step 14080/140800 (epoch 8/80), loss = 1.707419 (621.216 sec/epoch), lr: 0.004000
Evaluating on dev set...
...................................................................................................................................................................................................................................................................................................................................................................................................................................................................................................
source: 	 mrr: 0.053755	 ndcg_5: 0.0446	 ndcg_10: 0.0584	 hit@1:0.018753	 hit@5:0.0704	 hit@10: 0.1132
target: 	 mrr: 0.054951	 ndcg_5: 0.0438	 ndcg_10: 0.0587	 hit@1:0.018294	 hit@5:0.0699	 hit@10: 0.1164
source best!
....................................................................................................................................................................................................
source: 	 mrr: 0.054745	 ndcg_5: 0.0461	 ndcg_10: 0.0595	 hit@1:0.019624	 hit@5:0.0725	 hit@10: 0.1140
target best!
................................................................................................................................................................................................................................................................................................target: 	 mrr: 0.054249	 ndcg_5: 0.0428	 ndcg_10: 0.0582	 hit@1:0.016900	 hit@5:0.0686	 hit@10: 0.1167
epoch 8: train_loss = 1.707419, source_mrr = 0.054745, source_hit@10 = 0.1140, source_ndcg@10 = 0.0595, target_mrr = 0.054249, target_hit@10 = 0.1167, target_ndcg@10 = 0.0582

2024-08-14 17:04:26.171498: step 15840/140800 (epoch 9/80), loss = 1.700397 (620.797 sec/epoch), lr: 0.004000
Evaluating on dev set...
...................................................................................................................................................................................................................................................................................................................................................................................................................................................................................................
source: 	 mrr: 0.025688	 ndcg_5: 0.0190	 ndcg_10: 0.0257	 hit@1:0.006654	 hit@5:0.0316	 hit@10: 0.0527
target: 	 mrr: 0.049447	 ndcg_5: 0.0370	 ndcg_10: 0.0519	 hit@1:0.014726	 hit@5:0.0600	 hit@10: 0.1064
epoch 9: train_loss = 1.700397, source_mrr = 0.025688, source_hit@10 = 0.0527, source_ndcg@10 = 0.0257, target_mrr = 0.049447, target_hit@10 = 0.1064, target_ndcg@10 = 0.0519

2024-08-14 17:14:52.154598: step 17600/140800 (epoch 10/80), loss = 1.695198 (620.858 sec/epoch), lr: 0.004000
Evaluating on dev set...
...................................................................................................................................................................................................................................................................................................................................................................................................................................................................................................
source: 	 mrr: 0.056340	 ndcg_5: 0.0467	 ndcg_10: 0.0603	 hit@1:0.021173	 hit@5:0.0719	 hit@10: 0.1144
target: 	 mrr: 0.041948	 ndcg_5: 0.0295	 ndcg_10: 0.0421	 hit@1:0.011578	 hit@5:0.0479	 hit@10: 0.0871
source best!
....................................................................................................................................................................................................
source: 	 mrr: 0.057927	 ndcg_5: 0.0482	 ndcg_10: 0.0629	 hit@1:0.022064	 hit@5:0.0744	 hit@10: 0.1201
epoch 10: train_loss = 1.695198, source_mrr = 0.057927, source_hit@10 = 0.1201, source_ndcg@10 = 0.0629, target_mrr = 0.041948, target_hit@10 = 0.0871, target_ndcg@10 = 0.0421

2024-08-14 17:25:19.229897: step 19360/140800 (epoch 11/80), loss = 1.692728 (619.935 sec/epoch), lr: 0.004000
Evaluating on dev set...
...................................................................................................................................................................................................................................................................................................................................................................................................................................................................................................
source: 	 mrr: 0.029062	 ndcg_5: 0.0221	 ndcg_10: 0.0292	 hit@1:0.009679	 hit@5:0.0348	 hit@10: 0.0570
target: 	 mrr: 0.037389	 ndcg_5: 0.0270	 ndcg_10: 0.0377	 hit@1:0.010529	 hit@5:0.0437	 hit@10: 0.0773
epoch 11: train_loss = 1.692728, source_mrr = 0.029062, source_hit@10 = 0.0570, source_ndcg@10 = 0.0292, target_mrr = 0.037389, target_hit@10 = 0.0773, target_ndcg@10 = 0.0377

2024-08-14 17:35:44.808303: step 21120/140800 (epoch 12/80), loss = 1.685167 (620.477 sec/epoch), lr: 0.003800
Evaluating on dev set...
...................................................................................................................................................................................................................................................................................................................................................................................................................................................................................................
source: 	 mrr: 0.053228	 ndcg_5: 0.0438	 ndcg_10: 0.0565	 hit@1:0.020064	 hit@5:0.0672	 hit@10: 0.1068
target: 	 mrr: 0.048495	 ndcg_5: 0.0371	 ndcg_10: 0.0509	 hit@1:0.015460	 hit@5:0.0588	 hit@10: 0.1021
epoch 12: train_loss = 1.685167, source_mrr = 0.053228, source_hit@10 = 0.1068, source_ndcg@10 = 0.0565, target_mrr = 0.048495, target_hit@10 = 0.1021, target_ndcg@10 = 0.0509

2024-08-14 17:46:10.393423: step 22880/140800 (epoch 13/80), loss = 1.680165 (620.494 sec/epoch), lr: 0.003800
Evaluating on dev set...
...................................................................................................................................................................................................................................................................................................................................................................................................................................................................................................
source: 	 mrr: 0.023185	 ndcg_5: 0.0158	 ndcg_10: 0.0215	 hit@1:0.006805	 hit@5:0.0249	 hit@10: 0.0429
target: 	 mrr: 0.057086	 ndcg_5: 0.0456	 ndcg_10: 0.0616	 hit@1:0.018469	 hit@5:0.0725	 hit@10: 0.1224
target best!
................................................................................................................................................................................................................................................................................................target: 	 mrr: 0.056811	 ndcg_5: 0.0457	 ndcg_10: 0.0613	 hit@1:0.017973	 hit@5:0.0734	 hit@10: 0.1222
epoch 13: train_loss = 1.680165, source_mrr = 0.023185, source_hit@10 = 0.0429, source_ndcg@10 = 0.0215, target_mrr = 0.056811, target_hit@10 = 0.1222, target_ndcg@10 = 0.0613

2024-08-14 17:56:39.329476: step 24640/140800 (epoch 14/80), loss = 1.662618 (620.837 sec/epoch), lr: 0.003610
Evaluating on dev set...
...................................................................................................................................................................................................................................................................................................................................................................................................................................................................................................
source: 	 mrr: 0.053603	 ndcg_5: 0.0445	 ndcg_10: 0.0578	 hit@1:0.017593	 hit@5:0.0710	 hit@10: 0.1125
target: 	 mrr: 0.046857	 ndcg_5: 0.0369	 ndcg_10: 0.0495	 hit@1:0.014446	 hit@5:0.0594	 hit@10: 0.0984
epoch 14: train_loss = 1.662618, source_mrr = 0.053603, source_hit@10 = 0.1125, source_ndcg@10 = 0.0578, target_mrr = 0.046857, target_hit@10 = 0.0984, target_ndcg@10 = 0.0495

2024-08-14 18:07:05.238416: step 26400/140800 (epoch 15/80), loss = 1.653117 (620.762 sec/epoch), lr: 0.003610
Evaluating on dev set...
...................................................................................................................................................................................................................................................................................................................................................................................................................................................................................................
source: 	 mrr: 0.053845	 ndcg_5: 0.0443	 ndcg_10: 0.0583	 hit@1:0.017745	 hit@5:0.0707	 hit@10: 0.1144
target: 	 mrr: 0.056482	 ndcg_5: 0.0448	 ndcg_10: 0.0615	 hit@1:0.017664	 hit@5:0.0719	 hit@10: 0.1239
epoch 15: train_loss = 1.653117, source_mrr = 0.053845, source_hit@10 = 0.1144, source_ndcg@10 = 0.0583, target_mrr = 0.056482, target_hit@10 = 0.1239, target_ndcg@10 = 0.0615

2024-08-14 18:17:30.953609: step 28160/140800 (epoch 16/80), loss = 1.649823 (620.620 sec/epoch), lr: 0.003610
Evaluating on dev set...
...................................................................................................................................................................................................................................................................................................................................................................................................................................................................................................
source: 	 mrr: 0.035304	 ndcg_5: 0.0260	 ndcg_10: 0.0359	 hit@1:0.010334	 hit@5:0.0417	 hit@10: 0.0724
target: 	 mrr: 0.059380	 ndcg_5: 0.0485	 ndcg_10: 0.0644	 hit@1:0.019833	 hit@5:0.0772	 hit@10: 0.1270
target best!
................................................................................................................................................................................................................................................................................................target: 	 mrr: 0.060647	 ndcg_5: 0.0495	 ndcg_10: 0.0662	 hit@1:0.020882	 hit@5:0.0784	 hit@10: 0.1303
epoch 16: train_loss = 1.649823, source_mrr = 0.035304, source_hit@10 = 0.0724, source_ndcg@10 = 0.0359, target_mrr = 0.060647, target_hit@10 = 0.1303, target_ndcg@10 = 0.0662

2024-08-14 18:27:59.346202: step 29920/140800 (epoch 17/80), loss = 1.642291 (620.241 sec/epoch), lr: 0.003429
Evaluating on dev set...
...................................................................................................................................................................................................................................................................................................................................................................................................................................................................................................
source: 	 mrr: 0.059974	 ndcg_5: 0.0500	 ndcg_10: 0.0650	 hit@1:0.021979	 hit@5:0.0778	 hit@10: 0.1247
target: 	 mrr: 0.055924	 ndcg_5: 0.0452	 ndcg_10: 0.0610	 hit@1:0.018049	 hit@5:0.0730	 hit@10: 0.1220
source best!
....................................................................................................................................................................................................
source: 	 mrr: 0.059475	 ndcg_5: 0.0502	 ndcg_10: 0.0647	 hit@1:0.021098	 hit@5:0.0800	 hit@10: 0.1251
epoch 17: train_loss = 1.642291, source_mrr = 0.059475, source_hit@10 = 0.1251, source_ndcg@10 = 0.0647, target_mrr = 0.055924, target_hit@10 = 0.1220, target_ndcg@10 = 0.0610

2024-08-14 18:38:27.428717: step 31680/140800 (epoch 18/80), loss = 1.637795 (620.991 sec/epoch), lr: 0.003429
Evaluating on dev set...
...................................................................................................................................................................................................................................................................................................................................................................................................................................................................................................
source: 	 mrr: 0.045930	 ndcg_5: 0.0365	 ndcg_10: 0.0485	 hit@1:0.016081	 hit@5:0.0572	 hit@10: 0.0947
target: 	 mrr: 0.049681	 ndcg_5: 0.0385	 ndcg_10: 0.0519	 hit@1:0.015985	 hit@5:0.0614	 hit@10: 0.1034
epoch 18: train_loss = 1.637795, source_mrr = 0.045930, source_hit@10 = 0.0947, source_ndcg@10 = 0.0485, target_mrr = 0.049681, target_hit@10 = 0.1034, target_ndcg@10 = 0.0519

2024-08-14 18:48:52.984131: step 33440/140800 (epoch 19/80), loss = 1.632101 (620.435 sec/epoch), lr: 0.003258
Evaluating on dev set...
...................................................................................................................................................................................................................................................................................................................................................................................................................................................................................................
source: 	 mrr: 0.047276	 ndcg_5: 0.0378	 ndcg_10: 0.0504	 hit@1:0.016081	 hit@5:0.0600	 hit@10: 0.0994
target: 	 mrr: 0.060470	 ndcg_5: 0.0500	 ndcg_10: 0.0666	 hit@1:0.020567	 hit@5:0.0798	 hit@10: 0.1317
target best!
................................................................................................................................................................................................................................................................................................target: 	 mrr: 0.061981	 ndcg_5: 0.0510	 ndcg_10: 0.0680	 hit@1:0.021714	 hit@5:0.0799	 hit@10: 0.1329
epoch 19: train_loss = 1.632101, source_mrr = 0.047276, source_hit@10 = 0.0994, source_ndcg@10 = 0.0504, target_mrr = 0.061981, target_hit@10 = 0.1329, target_ndcg@10 = 0.0680

2024-08-14 18:59:21.696486: step 35200/140800 (epoch 20/80), loss = 1.628925 (620.714 sec/epoch), lr: 0.003258
Evaluating on dev set...
...................................................................................................................................................................................................................................................................................................................................................................................................................................................................................................
source: 	 mrr: 0.049642	 ndcg_5: 0.0401	 ndcg_10: 0.0525	 hit@1:0.018501	 hit@5:0.0618	 hit@10: 0.1006
target: 	 mrr: 0.058393	 ndcg_5: 0.0474	 ndcg_10: 0.0634	 hit@1:0.020008	 hit@5:0.0751	 hit@10: 0.1254
epoch 20: train_loss = 1.628925, source_mrr = 0.049642, source_hit@10 = 0.1006, source_ndcg@10 = 0.0525, target_mrr = 0.058393, target_hit@10 = 0.1254, target_ndcg@10 = 0.0634

2024-08-14 19:09:46.455960: step 36960/140800 (epoch 21/80), loss = 1.627170 (619.661 sec/epoch), lr: 0.003258
Evaluating on dev set...
...................................................................................................................................................................................................................................................................................................................................................................................................................................................................................................
source: 	 mrr: 0.053844	 ndcg_5: 0.0441	 ndcg_10: 0.0578	 hit@1:0.019963	 hit@5:0.0677	 hit@10: 0.1108
target: 	 mrr: 0.060522	 ndcg_5: 0.0496	 ndcg_10: 0.0668	 hit@1:0.019728	 hit@5:0.0794	 hit@10: 0.1331
target best!
................................................................................................................................................................................................................................................................................................target: 	 mrr: 0.061096	 ndcg_5: 0.0503	 ndcg_10: 0.0666	 hit@1:0.020744	 hit@5:0.0796	 hit@10: 0.1305
epoch 21: train_loss = 1.627170, source_mrr = 0.053844, source_hit@10 = 0.1108, source_ndcg@10 = 0.0578, target_mrr = 0.061096, target_hit@10 = 0.1305, target_ndcg@10 = 0.0666

2024-08-14 19:20:16.145569: step 38720/140800 (epoch 22/80), loss = 1.625405 (621.587 sec/epoch), lr: 0.003258
Evaluating on dev set...
...................................................................................................................................................................................................................................................................................................................................................................................................................................................................................................
source: 	 mrr: 0.057021	 ndcg_5: 0.0466	 ndcg_10: 0.0619	 hit@1:0.019811	 hit@5:0.0732	 hit@10: 0.1208
target: 	 mrr: 0.066800	 ndcg_5: 0.0551	 ndcg_10: 0.0729	 hit@1:0.024555	 hit@5:0.0857	 hit@10: 0.1412
target best!
................................................................................................................................................................................................................................................................................................target: 	 mrr: 0.066087	 ndcg_5: 0.0550	 ndcg_10: 0.0731	 hit@1:0.023618	 hit@5:0.0870	 hit@10: 0.1433
epoch 22: train_loss = 1.625405, source_mrr = 0.057021, source_hit@10 = 0.1208, source_ndcg@10 = 0.0619, target_mrr = 0.066087, target_hit@10 = 0.1433, target_ndcg@10 = 0.0731

2024-08-14 19:30:45.708873: step 40480/140800 (epoch 23/80), loss = 1.624624 (621.530 sec/epoch), lr: 0.003258
Evaluating on dev set...
...................................................................................................................................................................................................................................................................................................................................................................................................................................................................................................
source: 	 mrr: 0.057065	 ndcg_5: 0.0467	 ndcg_10: 0.0616	 hit@1:0.019811	 hit@5:0.0727	 hit@10: 0.1189
target: 	 mrr: 0.033808	 ndcg_5: 0.0247	 ndcg_10: 0.0338	 hit@1:0.009864	 hit@5:0.0398	 hit@10: 0.0680
epoch 23: train_loss = 1.624624, source_mrr = 0.057065, source_hit@10 = 0.1189, source_ndcg@10 = 0.0616, target_mrr = 0.033808, target_hit@10 = 0.0680, target_ndcg@10 = 0.0338

2024-08-14 19:41:11.868977: step 42240/140800 (epoch 24/80), loss = 1.620577 (621.100 sec/epoch), lr: 0.003095
Evaluating on dev set...
...................................................................................................................................................................................................................................................................................................................................................................................................................................................................................................
source: 	 mrr: 0.057962	 ndcg_5: 0.0482	 ndcg_10: 0.0624	 hit@1:0.022130	 hit@5:0.0744	 hit@10: 0.1188
target: 	 mrr: 0.052984	 ndcg_5: 0.0424	 ndcg_10: 0.0570	 hit@1:0.017209	 hit@5:0.0680	 hit@10: 0.1133
epoch 24: train_loss = 1.620577, source_mrr = 0.057962, source_hit@10 = 0.1188, source_ndcg@10 = 0.0624, target_mrr = 0.052984, target_hit@10 = 0.1133, target_ndcg@10 = 0.0570

2024-08-14 19:51:38.415423: step 44000/140800 (epoch 25/80), loss = 1.619016 (621.417 sec/epoch), lr: 0.003095
Evaluating on dev set...
...................................................................................................................................................................................................................................................................................................................................................................................................................................................................................................
source: 	 mrr: 0.055629	 ndcg_5: 0.0458	 ndcg_10: 0.0610	 hit@1:0.019358	 hit@5:0.0728	 hit@10: 0.1201
target: 	 mrr: 0.054990	 ndcg_5: 0.0450	 ndcg_10: 0.0598	 hit@1:0.018574	 hit@5:0.0714	 hit@10: 0.1175
epoch 25: train_loss = 1.619016, source_mrr = 0.055629, source_hit@10 = 0.1201, source_ndcg@10 = 0.0610, target_mrr = 0.054990, target_hit@10 = 0.1175, target_ndcg@10 = 0.0598

2024-08-14 20:02:05.132356: step 45760/140800 (epoch 26/80), loss = 1.613510 (621.547 sec/epoch), lr: 0.002940
Evaluating on dev set...
...................................................................................................................................................................................................................................................................................................................................................................................................................................................................................................
source: 	 mrr: 0.062635	 ndcg_5: 0.0527	 ndcg_10: 0.0683	 hit@1:0.022433	 hit@5:0.0822	 hit@10: 0.1311
target: 	 mrr: 0.055714	 ndcg_5: 0.0459	 ndcg_10: 0.0606	 hit@1:0.018818	 hit@5:0.0734	 hit@10: 0.1188
source best!
....................................................................................................................................................................................................
source: 	 mrr: 0.065143	 ndcg_5: 0.0554	 ndcg_10: 0.0712	 hit@1:0.024708	 hit@5:0.0861	 hit@10: 0.1351
epoch 26: train_loss = 1.613510, source_mrr = 0.065143, source_hit@10 = 0.1351, source_ndcg@10 = 0.0712, target_mrr = 0.055714, target_hit@10 = 0.1188, target_ndcg@10 = 0.0606

2024-08-14 20:12:33.299460: step 47520/140800 (epoch 27/80), loss = 1.613932 (620.943 sec/epoch), lr: 0.002940
Evaluating on dev set...
...................................................................................................................................................................................................................................................................................................................................................................................................................................................................................................
source: 	 mrr: 0.057620	 ndcg_5: 0.0477	 ndcg_10: 0.0627	 hit@1:0.019862	 hit@5:0.0757	 hit@10: 0.1223
target: 	 mrr: 0.052275	 ndcg_5: 0.0416	 ndcg_10: 0.0557	 hit@1:0.018189	 hit@5:0.0653	 hit@10: 0.1092
epoch 27: train_loss = 1.613932, source_mrr = 0.057620, source_hit@10 = 0.1223, source_ndcg@10 = 0.0627, target_mrr = 0.052275, target_hit@10 = 0.1092, target_ndcg@10 = 0.0557

2024-08-14 20:22:59.175610: step 49280/140800 (epoch 28/80), loss = 1.610386 (620.745 sec/epoch), lr: 0.002793
Evaluating on dev set...
...................................................................................................................................................................................................................................................................................................................................................................................................................................................................................................
source: 	 mrr: 0.056634	 ndcg_5: 0.0468	 ndcg_10: 0.0608	 hit@1:0.021021	 hit@5:0.0722	 hit@10: 0.1159
target: 	 mrr: 0.050263	 ndcg_5: 0.0408	 ndcg_10: 0.0538	 hit@1:0.017000	 hit@5:0.0647	 hit@10: 0.1055
epoch 28: train_loss = 1.610386, source_mrr = 0.056634, source_hit@10 = 0.1159, source_ndcg@10 = 0.0608, target_mrr = 0.050263, target_hit@10 = 0.1055, target_ndcg@10 = 0.0538

2024-08-14 20:33:21.949629: step 51040/140800 (epoch 29/80), loss = 1.604840 (617.659 sec/epoch), lr: 0.002654
Evaluating on dev set...
...................................................................................................................................................................................................................................................................................................................................................................................................................................................................................................
source: 	 mrr: 0.031810	 ndcg_5: 0.0248	 ndcg_10: 0.0324	 hit@1:0.010435	 hit@5:0.0396	 hit@10: 0.0632
target: 	 mrr: 0.047399	 ndcg_5: 0.0363	 ndcg_10: 0.0497	 hit@1:0.015391	 hit@5:0.0577	 hit@10: 0.0995
epoch 29: train_loss = 1.604840, source_mrr = 0.031810, source_hit@10 = 0.0632, source_ndcg@10 = 0.0324, target_mrr = 0.047399, target_hit@10 = 0.0995, target_ndcg@10 = 0.0497

