nohup: ignoring input
using gpu:3 to train the model
using gpu:3 to train the model
cuda:3
Namespace(A_split=False, JK='sum', a_fold=100, aggregate=False, alpha=0.5, batch_size=2048, beta_inter=0.2, conv_layers=4, cuda=True, decay_epoch=10, device=device(type='cuda', index=3), device_id='3', domains='cd_movie', dropout=0.4, epoch=80, feature_dim=126, gamma_intra=0.8, hidden_dim=126, inter_tau=0.2, intra_tau=0.4, lambda_critic=0.1, leakey=0.05, load=False, log='logs.txt', log_epoch=1, lr=0.004, lr_decay=0.95, min_epoch=60, mode='train', model_file=None, model_name='cm', momentum=0.98, num_latent_factors=3, num_negative=100, optim='adam', patience=20, proj_layers=1, projection=1, rectify_epoch=40, residual=1, save=False, save_dir='./saved_models', seed=32, similarity_tau=0.1, step=5, test_sample_number=999, user_batch_size=256, weight_decay=0.0002)
number_user 50841
number_item 43858
/home/disk2/lhr/invariantCDR/invariantCDR/utils/GraphMaker.py:46: RuntimeWarning: divide by zero encountered in power
  r_inv = np.power(rowsum, -1).flatten()
real graph loaded!
number_user 87875
number_item 38643
real graph loaded!
graph loaded!
Loading data from cd_movie with batch size 2048...
unseen test: 0
test length: 19837
unseen test: 0
test length: 19670
unseen test: 0
test length: 28589
unseen test: 0
test length: 28876
source_user_num 50841
target_user_num 87875
source_item_num 43858
target_item_num 38643
shared users id: 15081
test users 1893, 1885
unseen test: 0
dev length: 1000
unseen test: 0
dev length: 1000
source train data : 674233, target train data: 1127424, source test data : 19670, target test data : 28876, source dev data : 1000, target dev data : 1000
2024-08-14 04:48:38.305506: step 880/70400 (epoch 1/80), loss = 1.985651 (725.544 sec/epoch), lr: 0.004000
Evaluating on dev set...
...................................................................................................................................................................................................................................................................................................................................................................................................................................................................................................
source: 	 mrr: 0.042609	 ndcg_5: 0.0332	 ndcg_10: 0.0462	 hit@1:0.013359	 hit@5:0.0534	 hit@10: 0.0940
target: 	 mrr: 0.038071	 ndcg_5: 0.0264	 ndcg_10: 0.0383	 hit@1:0.009689	 hit@5:0.0438	 hit@10: 0.0810
source best!
....................................................................................................................................................................................................
source: 	 mrr: 0.044213	 ndcg_5: 0.0353	 ndcg_10: 0.0479	 hit@1:0.014438	 hit@5:0.0563	 hit@10: 0.0956
target best!
................................................................................................................................................................................................................................................................................................target: 	 mrr: 0.038173	 ndcg_5: 0.0267	 ndcg_10: 0.0380	 hit@1:0.009974	 hit@5:0.0439	 hit@10: 0.0794
epoch 1: train_loss = 1.985651, source_mrr = 0.044213, source_hit@10 = 0.0956, source_ndcg@10 = 0.0479, target_mrr = 0.038173, target_hit@10 = 0.0794, target_ndcg@10 = 0.0380

2024-08-14 05:01:07.808941: step 1760/70400 (epoch 2/80), loss = 1.796233 (729.593 sec/epoch), lr: 0.004000
Evaluating on dev set...
...................................................................................................................................................................................................................................................................................................................................................................................................................................................................................................
source: 	 mrr: 0.048640	 ndcg_5: 0.0386	 ndcg_10: 0.0525	 hit@1:0.015174	 hit@5:0.0623	 hit@10: 0.1053
target: 	 mrr: 0.040560	 ndcg_5: 0.0297	 ndcg_10: 0.0418	 hit@1:0.010598	 hit@5:0.0492	 hit@10: 0.0870
source best!
....................................................................................................................................................................................................
source: 	 mrr: 0.048427	 ndcg_5: 0.0384	 ndcg_10: 0.0522	 hit@1:0.015455	 hit@5:0.0622	 hit@10: 0.1052
target best!
................................................................................................................................................................................................................................................................................................target: 	 mrr: 0.040705	 ndcg_5: 0.0293	 ndcg_10: 0.0418	 hit@1:0.011324	 hit@5:0.0478	 hit@10: 0.0869
epoch 2: train_loss = 1.796233, source_mrr = 0.048427, source_hit@10 = 0.1052, source_ndcg@10 = 0.0522, target_mrr = 0.040705, target_hit@10 = 0.0869, target_ndcg@10 = 0.0418

2024-08-14 05:13:33.515968: step 2640/70400 (epoch 3/80), loss = 1.770662 (726.876 sec/epoch), lr: 0.004000
Evaluating on dev set...
...................................................................................................................................................................................................................................................................................................................................................................................................................................................................................................
source: 	 mrr: 0.035702	 ndcg_5: 0.0260	 ndcg_10: 0.0357	 hit@1:0.009578	 hit@5:0.0424	 hit@10: 0.0726
target: 	 mrr: 0.049651	 ndcg_5: 0.0380	 ndcg_10: 0.0530	 hit@1:0.014656	 hit@5:0.0620	 hit@10: 0.1087
target best!
................................................................................................................................................................................................................................................................................................target: 	 mrr: 0.049606	 ndcg_5: 0.0388	 ndcg_10: 0.0532	 hit@1:0.013645	 hit@5:0.0648	 hit@10: 0.1097
epoch 3: train_loss = 1.770662, source_mrr = 0.035702, source_hit@10 = 0.0726, source_ndcg@10 = 0.0357, target_mrr = 0.049606, target_hit@10 = 0.1097, target_ndcg@10 = 0.0532

2024-08-14 05:25:53.590906: step 3520/70400 (epoch 4/80), loss = 1.757109 (724.982 sec/epoch), lr: 0.004000
Evaluating on dev set...
...................................................................................................................................................................................................................................................................................................................................................................................................................................................................................................
source: 	 mrr: 0.048000	 ndcg_5: 0.0383	 ndcg_10: 0.0518	 hit@1:0.015274	 hit@5:0.0614	 hit@10: 0.1037
target: 	 mrr: 0.051497	 ndcg_5: 0.0407	 ndcg_10: 0.0554	 hit@1:0.015426	 hit@5:0.0662	 hit@10: 0.1120
target best!
................................................................................................................................................................................................................................................................................................target: 	 mrr: 0.050478	 ndcg_5: 0.0391	 ndcg_10: 0.0545	 hit@1:0.014926	 hit@5:0.0640	 hit@10: 0.1119
epoch 4: train_loss = 1.757109, source_mrr = 0.048000, source_hit@10 = 0.1037, source_ndcg@10 = 0.0518, target_mrr = 0.050478, target_hit@10 = 0.1119, target_ndcg@10 = 0.0545

2024-08-14 05:38:18.127250: step 4400/70400 (epoch 5/80), loss = 1.745685 (727.866 sec/epoch), lr: 0.004000
Evaluating on dev set...
...................................................................................................................................................................................................................................................................................................................................................................................................................................................................................................
source: 	 mrr: 0.037180	 ndcg_5: 0.0284	 ndcg_10: 0.0393	 hit@1:0.010284	 hit@5:0.0467	 hit@10: 0.0807
target: 	 mrr: 0.048211	 ndcg_5: 0.0378	 ndcg_10: 0.0510	 hit@1:0.015670	 hit@5:0.0602	 hit@10: 0.1014
epoch 5: train_loss = 1.745685, source_mrr = 0.037180, source_hit@10 = 0.0807, source_ndcg@10 = 0.0393, target_mrr = 0.048211, target_hit@10 = 0.1014, target_ndcg@10 = 0.0510

2024-08-14 05:50:31.467613: step 5280/70400 (epoch 6/80), loss = 1.729108 (724.099 sec/epoch), lr: 0.004000
Evaluating on dev set...
...................................................................................................................................................................................................................................................................................................................................................................................................................................................................................................
source: 	 mrr: 0.049279	 ndcg_5: 0.0390	 ndcg_10: 0.0517	 hit@1:0.017493	 hit@5:0.0605	 hit@10: 0.1001
target: 	 mrr: 0.038933	 ndcg_5: 0.0274	 ndcg_10: 0.0394	 hit@1:0.010039	 hit@5:0.0452	 hit@10: 0.0829
source best!
....................................................................................................................................................................................................
source: 	 mrr: 0.048164	 ndcg_5: 0.0378	 ndcg_10: 0.0512	 hit@1:0.016065	 hit@5:0.0598	 hit@10: 0.1015
epoch 6: train_loss = 1.729108, source_mrr = 0.048164, source_hit@10 = 0.1015, source_ndcg@10 = 0.0512, target_mrr = 0.038933, target_hit@10 = 0.0829, target_ndcg@10 = 0.0394

2024-08-14 06:02:49.358656: step 6160/70400 (epoch 7/80), loss = 1.707916 (725.015 sec/epoch), lr: 0.004000
Evaluating on dev set...
...................................................................................................................................................................................................................................................................................................................................................................................................................................................................................................
source: 	 mrr: 0.030186	 ndcg_5: 0.0209	 ndcg_10: 0.0292	 hit@1:0.007612	 hit@5:0.0344	 hit@10: 0.0603
target: 	 mrr: 0.034841	 ndcg_5: 0.0223	 ndcg_10: 0.0338	 hit@1:0.006821	 hit@5:0.0384	 hit@10: 0.0744
epoch 7: train_loss = 1.707916, source_mrr = 0.030186, source_hit@10 = 0.0603, source_ndcg@10 = 0.0292, target_mrr = 0.034841, target_hit@10 = 0.0744, target_ndcg@10 = 0.0338

2024-08-14 06:14:59.427544: step 7040/70400 (epoch 8/80), loss = 1.698632 (720.705 sec/epoch), lr: 0.004000
Evaluating on dev set...
...................................................................................................................................................................................................................................................................................................................................................................................................................................................................................................
source: 	 mrr: 0.045736	 ndcg_5: 0.0363	 ndcg_10: 0.0489	 hit@1:0.014518	 hit@5:0.0578	 hit@10: 0.0969
target: 	 mrr: 0.061090	 ndcg_5: 0.0494	 ndcg_10: 0.0673	 hit@1:0.019518	 hit@5:0.0796	 hit@10: 0.1351
target best!
................................................................................................................................................................................................................................................................................................target: 	 mrr: 0.062044	 ndcg_5: 0.0509	 ndcg_10: 0.0681	 hit@1:0.020675	 hit@5:0.0821	 hit@10: 0.1358
epoch 8: train_loss = 1.698632, source_mrr = 0.045736, source_hit@10 = 0.0969, source_ndcg@10 = 0.0489, target_mrr = 0.062044, target_hit@10 = 0.1358, target_ndcg@10 = 0.0681

2024-08-14 06:27:13.188656: step 7920/70400 (epoch 9/80), loss = 1.693533 (718.478 sec/epoch), lr: 0.004000
Evaluating on dev set...
...................................................................................................................................................................................................................................................................................................................................................................................................................................................................................................
source: 	 mrr: 0.049722	 ndcg_5: 0.0403	 ndcg_10: 0.0540	 hit@1:0.015174	 hit@5:0.0657	 hit@10: 0.1082
target: 	 mrr: 0.043095	 ndcg_5: 0.0306	 ndcg_10: 0.0439	 hit@1:0.010459	 hit@5:0.0511	 hit@10: 0.0927
source best!
....................................................................................................................................................................................................
source: 	 mrr: 0.052010	 ndcg_5: 0.0420	 ndcg_10: 0.0559	 hit@1:0.018099	 hit@5:0.0660	 hit@10: 0.1097
epoch 9: train_loss = 1.693533, source_mrr = 0.052010, source_hit@10 = 0.1097, source_ndcg@10 = 0.0559, target_mrr = 0.043095, target_hit@10 = 0.0927, target_ndcg@10 = 0.0439

2024-08-14 06:39:29.879469: step 8800/70400 (epoch 10/80), loss = 1.689759 (723.656 sec/epoch), lr: 0.004000
Evaluating on dev set...
...................................................................................................................................................................................................................................................................................................................................................................................................................................................................................................
source: 	 mrr: 0.015656	 ndcg_5: 0.0100	 ndcg_10: 0.0143	 hit@1:0.003025	 hit@5:0.0171	 hit@10: 0.0303
target: 	 mrr: 0.050287	 ndcg_5: 0.0377	 ndcg_10: 0.0531	 hit@1:0.014341	 hit@5:0.0619	 hit@10: 0.1099
epoch 10: train_loss = 1.689759, source_mrr = 0.015656, source_hit@10 = 0.0303, source_ndcg@10 = 0.0143, target_mrr = 0.050287, target_hit@10 = 0.1099, target_ndcg@10 = 0.0531

2024-08-14 06:51:40.968417: step 9680/70400 (epoch 11/80), loss = 1.687133 (721.024 sec/epoch), lr: 0.004000
Evaluating on dev set...
...................................................................................................................................................................................................................................................................................................................................................................................................................................................................................................
source: 	 mrr: 0.044860	 ndcg_5: 0.0349	 ndcg_10: 0.0471	 hit@1:0.013813	 hit@5:0.0561	 hit@10: 0.0940
target: 	 mrr: 0.049046	 ndcg_5: 0.0379	 ndcg_10: 0.0532	 hit@1:0.014586	 hit@5:0.0619	 hit@10: 0.1096
epoch 11: train_loss = 1.687133, source_mrr = 0.044860, source_hit@10 = 0.0940, source_ndcg@10 = 0.0471, target_mrr = 0.049046, target_hit@10 = 0.1096, target_ndcg@10 = 0.0532

2024-08-14 07:03:51.763474: step 10560/70400 (epoch 12/80), loss = 1.685468 (721.815 sec/epoch), lr: 0.004000
Evaluating on dev set...
...................................................................................................................................................................................................................................................................................................................................................................................................................................................................................................
source: 	 mrr: 0.048049	 ndcg_5: 0.0381	 ndcg_10: 0.0509	 hit@1:0.015980	 hit@5:0.0601	 hit@10: 0.1002
target: 	 mrr: 0.035651	 ndcg_5: 0.0248	 ndcg_10: 0.0358	 hit@1:0.008710	 hit@5:0.0415	 hit@10: 0.0757
epoch 12: train_loss = 1.685468, source_mrr = 0.048049, source_hit@10 = 0.1002, source_ndcg@10 = 0.0509, target_mrr = 0.035651, target_hit@10 = 0.0757, target_ndcg@10 = 0.0358

2024-08-14 07:16:04.866734: step 11440/70400 (epoch 13/80), loss = 1.679952 (723.661 sec/epoch), lr: 0.003800
Evaluating on dev set...
...................................................................................................................................................................................................................................................................................................................................................................................................................................................................................................
source: 	 mrr: 0.046786	 ndcg_5: 0.0379	 ndcg_10: 0.0502	 hit@1:0.015577	 hit@5:0.0604	 hit@10: 0.0986
target: 	 mrr: 0.054354	 ndcg_5: 0.0426	 ndcg_10: 0.0583	 hit@1:0.016090	 hit@5:0.0694	 hit@10: 0.1184
epoch 13: train_loss = 1.679952, source_mrr = 0.046786, source_hit@10 = 0.0986, source_ndcg@10 = 0.0502, target_mrr = 0.054354, target_hit@10 = 0.1184, target_ndcg@10 = 0.0583

2024-08-14 07:28:17.687650: step 12320/70400 (epoch 14/80), loss = 1.676862 (722.374 sec/epoch), lr: 0.003800
Evaluating on dev set...
...................................................................................................................................................................................................................................................................................................................................................................................................................................................................................................
source: 	 mrr: 0.039879	 ndcg_5: 0.0291	 ndcg_10: 0.0416	 hit@1:0.010536	 hit@5:0.0481	 hit@10: 0.0874
target: 	 mrr: 0.058143	 ndcg_5: 0.0461	 ndcg_10: 0.0631	 hit@1:0.018609	 hit@5:0.0746	 hit@10: 0.1275
epoch 14: train_loss = 1.676862, source_mrr = 0.039879, source_hit@10 = 0.0874, source_ndcg@10 = 0.0416, target_mrr = 0.058143, target_hit@10 = 0.1275, target_ndcg@10 = 0.0631

2024-08-14 07:40:33.983820: step 13200/70400 (epoch 15/80), loss = 1.670830 (726.788 sec/epoch), lr: 0.003610
Evaluating on dev set...
...................................................................................................................................................................................................................................................................................................................................................................................................................................................................................................
source: 	 mrr: 0.041969	 ndcg_5: 0.0314	 ndcg_10: 0.0436	 hit@1:0.012502	 hit@5:0.0503	 hit@10: 0.0884
target: 	 mrr: 0.055136	 ndcg_5: 0.0429	 ndcg_10: 0.0592	 hit@1:0.017000	 hit@5:0.0691	 hit@10: 0.1198
epoch 15: train_loss = 1.670830, source_mrr = 0.041969, source_hit@10 = 0.0884, source_ndcg@10 = 0.0436, target_mrr = 0.055136, target_hit@10 = 0.1198, target_ndcg@10 = 0.0592

2024-08-14 07:52:52.339724: step 14080/70400 (epoch 16/80), loss = 1.665322 (727.998 sec/epoch), lr: 0.003429
Evaluating on dev set...
...................................................................................................................................................................................................................................................................................................................................................................................................................................................................................................
source: 	 mrr: 0.028436	 ndcg_5: 0.0193	 ndcg_10: 0.0278	 hit@1:0.006402	 hit@5:0.0326	 hit@10: 0.0591
target: 	 mrr: 0.052566	 ndcg_5: 0.0412	 ndcg_10: 0.0570	 hit@1:0.015740	 hit@5:0.0667	 hit@10: 0.1162
epoch 16: train_loss = 1.665322, source_mrr = 0.028436, source_hit@10 = 0.0591, source_ndcg@10 = 0.0278, target_mrr = 0.052566, target_hit@10 = 0.1162, target_ndcg@10 = 0.0570

2024-08-14 08:05:06.838421: step 14960/70400 (epoch 17/80), loss = 1.655769 (724.949 sec/epoch), lr: 0.003258
Evaluating on dev set...
...................................................................................................................................................................................................................................................................................................................................................................................................................................................................................................
source: 	 mrr: 0.063543	 ndcg_5: 0.0533	 ndcg_10: 0.0690	 hit@1:0.023996	 hit@5:0.0826	 hit@10: 0.1315
target: 	 mrr: 0.058887	 ndcg_5: 0.0478	 ndcg_10: 0.0643	 hit@1:0.019028	 hit@5:0.0772	 hit@10: 0.1287
source best!
....................................................................................................................................................................................................
source: 	 mrr: 0.064541	 ndcg_5: 0.0542	 ndcg_10: 0.0698	 hit@1:0.024301	 hit@5:0.0837	 hit@10: 0.1322
epoch 17: train_loss = 1.655769, source_mrr = 0.064541, source_hit@10 = 0.1322, source_ndcg@10 = 0.0698, target_mrr = 0.058887, target_hit@10 = 0.1287, target_ndcg@10 = 0.0643

2024-08-14 08:17:24.597419: step 15840/70400 (epoch 18/80), loss = 1.652762 (724.211 sec/epoch), lr: 0.003258
Evaluating on dev set...
...................................................................................................................................................................................................................................................................................................................................................................................................................................................................................................
source: 	 mrr: 0.056196	 ndcg_5: 0.0462	 ndcg_10: 0.0610	 hit@1:0.019257	 hit@5:0.0734	 hit@10: 0.1194
target: 	 mrr: 0.049656	 ndcg_5: 0.0383	 ndcg_10: 0.0532	 hit@1:0.013642	 hit@5:0.0633	 hit@10: 0.1099
epoch 18: train_loss = 1.652762, source_mrr = 0.056196, source_hit@10 = 0.1194, source_ndcg@10 = 0.0610, target_mrr = 0.049656, target_hit@10 = 0.1099, target_ndcg@10 = 0.0532

2024-08-14 08:29:40.556582: step 16720/70400 (epoch 19/80), loss = 1.648587 (726.514 sec/epoch), lr: 0.003095
Evaluating on dev set...
...................................................................................................................................................................................................................................................................................................................................................................................................................................................................................................
source: 	 mrr: 0.057039	 ndcg_5: 0.0465	 ndcg_10: 0.0616	 hit@1:0.020316	 hit@5:0.0722	 hit@10: 0.1192
target: 	 mrr: 0.059550	 ndcg_5: 0.0478	 ndcg_10: 0.0653	 hit@1:0.019098	 hit@5:0.0771	 hit@10: 0.1319
epoch 19: train_loss = 1.648587, source_mrr = 0.057039, source_hit@10 = 0.1192, source_ndcg@10 = 0.0616, target_mrr = 0.059550, target_hit@10 = 0.1319, target_ndcg@10 = 0.0653

2024-08-14 08:41:54.987533: step 17600/70400 (epoch 20/80), loss = 1.647841 (724.913 sec/epoch), lr: 0.003095
Evaluating on dev set...
...................................................................................................................................................................................................................................................................................................................................................................................................................................................................................................
source: 	 mrr: 0.049823	 ndcg_5: 0.0393	 ndcg_10: 0.0526	 hit@1:0.016686	 hit@5:0.0623	 hit@10: 0.1039
target: 	 mrr: 0.053937	 ndcg_5: 0.0415	 ndcg_10: 0.0583	 hit@1:0.014831	 hit@5:0.0686	 hit@10: 0.1211
epoch 20: train_loss = 1.647841, source_mrr = 0.049823, source_hit@10 = 0.1039, source_ndcg@10 = 0.0526, target_mrr = 0.053937, target_hit@10 = 0.1211, target_ndcg@10 = 0.0583

2024-08-14 08:54:08.078369: step 18480/70400 (epoch 21/80), loss = 1.645009 (723.626 sec/epoch), lr: 0.002940
Evaluating on dev set...
...................................................................................................................................................................................................................................................................................................................................................................................................................................................................................................
source: 	 mrr: 0.050654	 ndcg_5: 0.0406	 ndcg_10: 0.0540	 hit@1:0.017039	 hit@5:0.0644	 hit@10: 0.1061
target: 	 mrr: 0.060517	 ndcg_5: 0.0489	 ndcg_10: 0.0666	 hit@1:0.018434	 hit@5:0.0798	 hit@10: 0.1349
epoch 21: train_loss = 1.645009, source_mrr = 0.050654, source_hit@10 = 0.1061, source_ndcg@10 = 0.0540, target_mrr = 0.060517, target_hit@10 = 0.1349, target_ndcg@10 = 0.0666

2024-08-14 09:06:21.639673: step 19360/70400 (epoch 22/80), loss = 1.643140 (724.186 sec/epoch), lr: 0.002940
Evaluating on dev set...
...................................................................................................................................................................................................................................................................................................................................................................................................................................................................................................
source: 	 mrr: 0.057972	 ndcg_5: 0.0479	 ndcg_10: 0.0627	 hit@1:0.020517	 hit@5:0.0753	 hit@10: 0.1214
target: 	 mrr: 0.060467	 ndcg_5: 0.0483	 ndcg_10: 0.0662	 hit@1:0.019203	 hit@5:0.0779	 hit@10: 0.1338
epoch 22: train_loss = 1.643140, source_mrr = 0.057972, source_hit@10 = 0.1214, source_ndcg@10 = 0.0627, target_mrr = 0.060467, target_hit@10 = 0.1338, target_ndcg@10 = 0.0662

2024-08-14 09:18:33.135930: step 20240/70400 (epoch 23/80), loss = 1.641053 (721.743 sec/epoch), lr: 0.002940
Evaluating on dev set...
...................................................................................................................................................................................................................................................................................................................................................................................................................................................................................................
source: 	 mrr: 0.044596	 ndcg_5: 0.0344	 ndcg_10: 0.0468	 hit@1:0.013964	 hit@5:0.0552	 hit@10: 0.0939
target: 	 mrr: 0.065167	 ndcg_5: 0.0536	 ndcg_10: 0.0724	 hit@1:0.021687	 hit@5:0.0857	 hit@10: 0.1442
target best!
................................................................................................................................................................................................................................................................................................target: 	 mrr: 0.065761	 ndcg_5: 0.0544	 ndcg_10: 0.0729	 hit@1:0.022372	 hit@5:0.0869	 hit@10: 0.1444
epoch 23: train_loss = 1.641053, source_mrr = 0.044596, source_hit@10 = 0.0939, source_ndcg@10 = 0.0468, target_mrr = 0.065761, target_hit@10 = 0.1444, target_ndcg@10 = 0.0729

2024-08-14 09:30:48.475027: step 21120/70400 (epoch 24/80), loss = 1.638290 (720.796 sec/epoch), lr: 0.002793
Evaluating on dev set...
...................................................................................................................................................................................................................................................................................................................................................................................................................................................................................................
source: 	 mrr: 0.046905	 ndcg_5: 0.0362	 ndcg_10: 0.0495	 hit@1:0.014266	 hit@5:0.0581	 hit@10: 0.0993
target: 	 mrr: 0.052791	 ndcg_5: 0.0395	 ndcg_10: 0.0562	 hit@1:0.014901	 hit@5:0.0650	 hit@10: 0.1171
epoch 24: train_loss = 1.638290, source_mrr = 0.046905, source_hit@10 = 0.0993, source_ndcg@10 = 0.0495, target_mrr = 0.052791, target_hit@10 = 0.1171, target_ndcg@10 = 0.0562

2024-08-14 09:42:56.613977: step 22000/70400 (epoch 25/80), loss = 1.633768 (719.203 sec/epoch), lr: 0.002654
Evaluating on dev set...
...................................................................................................................................................................................................................................................................................................................................................................................................................................................................................................
source: 	 mrr: 0.037372	 ndcg_5: 0.0273	 ndcg_10: 0.0376	 hit@1:0.011746	 hit@5:0.0428	 hit@10: 0.0750
target: 	 mrr: 0.054548	 ndcg_5: 0.0417	 ndcg_10: 0.0593	 hit@1:0.015530	 hit@5:0.0686	 hit@10: 0.1235
epoch 25: train_loss = 1.633768, source_mrr = 0.037372, source_hit@10 = 0.0750, source_ndcg@10 = 0.0376, target_mrr = 0.054548, target_hit@10 = 0.1235, target_ndcg@10 = 0.0593

2024-08-14 09:55:03.480025: step 22880/70400 (epoch 26/80), loss = 1.628754 (717.287 sec/epoch), lr: 0.002521
Evaluating on dev set...
...................................................................................................................................................................................................................................................................................................................................................................................................................................................................................................
source: 	 mrr: 0.044576	 ndcg_5: 0.0340	 ndcg_10: 0.0468	 hit@1:0.013460	 hit@5:0.0554	 hit@10: 0.0952
target: 	 mrr: 0.059734	 ndcg_5: 0.0481	 ndcg_10: 0.0650	 hit@1:0.019098	 hit@5:0.0777	 hit@10: 0.1308
epoch 26: train_loss = 1.628754, source_mrr = 0.044576, source_hit@10 = 0.0952, source_ndcg@10 = 0.0468, target_mrr = 0.059734, target_hit@10 = 0.1308, target_ndcg@10 = 0.0650

2024-08-14 10:07:13.533269: step 23760/70400 (epoch 27/80), loss = 1.628815 (721.146 sec/epoch), lr: 0.002521
Evaluating on dev set...
...................................................................................................................................................................................................................................................................................................................................................................................................................................................................................................
source: 	 mrr: 0.041849	 ndcg_5: 0.0316	 ndcg_10: 0.0445	 hit@1:0.011847	 hit@5:0.0521	 hit@10: 0.0927
target: 	 mrr: 0.037012	 ndcg_5: 0.0271	 ndcg_10: 0.0387	 hit@1:0.010179	 hit@5:0.0449	 hit@10: 0.0812
epoch 27: train_loss = 1.628815, source_mrr = 0.041849, source_hit@10 = 0.0927, source_ndcg@10 = 0.0445, target_mrr = 0.037012, target_hit@10 = 0.0812, target_ndcg@10 = 0.0387

2024-08-14 10:19:22.533778: step 24640/70400 (epoch 28/80), loss = 1.625329 (719.895 sec/epoch), lr: 0.002395
Evaluating on dev set...
...................................................................................................................................................................................................................................................................................................................................................................................................................................................................................................
source: 	 mrr: 0.033886	 ndcg_5: 0.0232	 ndcg_10: 0.0338	 hit@1:0.008217	 hit@5:0.0387	 hit@10: 0.0715
target: 	 mrr: 0.056764	 ndcg_5: 0.0441	 ndcg_10: 0.0605	 hit@1:0.017104	 hit@5:0.0715	 hit@10: 0.1226
epoch 28: train_loss = 1.625329, source_mrr = 0.033886, source_hit@10 = 0.0715, source_ndcg@10 = 0.0338, target_mrr = 0.056764, target_hit@10 = 0.1226, target_ndcg@10 = 0.0605

2024-08-14 10:31:29.998712: step 25520/70400 (epoch 29/80), loss = 1.622958 (718.103 sec/epoch), lr: 0.002395
Evaluating on dev set...
...................................................................................................................................................................................................................................................................................................................................................................................................................................................................................................
source: 	 mrr: 0.052858	 ndcg_5: 0.0424	 ndcg_10: 0.0574	 hit@1:0.017190	 hit@5:0.0684	 hit@10: 0.1147
target: 	 mrr: 0.065515	 ndcg_5: 0.0526	 ndcg_10: 0.0714	 hit@1:0.022526	 hit@5:0.0827	 hit@10: 0.1412
target best!
................................................................................................................................................................................................................................................................................................target: 	 mrr: 0.062567	 ndcg_5: 0.0494	 ndcg_10: 0.0687	 hit@1:0.019359	 hit@5:0.0800	 hit@10: 0.1398
epoch 29: train_loss = 1.622958, source_mrr = 0.052858, source_hit@10 = 0.1147, source_ndcg@10 = 0.0574, target_mrr = 0.062567, target_hit@10 = 0.1398, target_ndcg@10 = 0.0687

2024-08-14 10:43:46.228551: step 26400/70400 (epoch 30/80), loss = 1.621398 (721.971 sec/epoch), lr: 0.002395
Evaluating on dev set...
...................................................................................................................................................................................................................................................................................................................................................................................................................................................................................................
source: 	 mrr: 0.044996	 ndcg_5: 0.0353	 ndcg_10: 0.0474	 hit@1:0.013964	 hit@5:0.0567	 hit@10: 0.0945
target: 	 mrr: 0.061234	 ndcg_5: 0.0486	 ndcg_10: 0.0661	 hit@1:0.020672	 hit@5:0.0767	 hit@10: 0.1314
epoch 30: train_loss = 1.621398, source_mrr = 0.044996, source_hit@10 = 0.0945, source_ndcg@10 = 0.0474, target_mrr = 0.061234, target_hit@10 = 0.1314, target_ndcg@10 = 0.0661

2024-08-14 10:55:50.150937: step 27280/70400 (epoch 31/80), loss = 1.616644 (714.973 sec/epoch), lr: 0.002275
Evaluating on dev set...
...................................................................................................................................................................................................................................................................................................................................................................................................................................................................................................
source: 	 mrr: 0.024457	 ndcg_5: 0.0170	 ndcg_10: 0.0234	 hit@1:0.007209	 hit@5:0.0270	 hit@10: 0.0469
target: 	 mrr: 0.057411	 ndcg_5: 0.0446	 ndcg_10: 0.0617	 hit@1:0.017279	 hit@5:0.0723	 hit@10: 0.1257
epoch 31: train_loss = 1.616644, source_mrr = 0.024457, source_hit@10 = 0.0469, source_ndcg@10 = 0.0234, target_mrr = 0.057411, target_hit@10 = 0.1257, target_ndcg@10 = 0.0617

2024-08-14 11:07:58.831490: step 28160/70400 (epoch 32/80), loss = 1.613673 (719.439 sec/epoch), lr: 0.002161
Evaluating on dev set...
...................................................................................................................................................................................................................................................................................................................................................................................................................................................................................................
source: 	 mrr: 0.066142	 ndcg_5: 0.0556	 ndcg_10: 0.0730	 hit@1:0.024903	 hit@5:0.0871	 hit@10: 0.1415
target: 	 mrr: 0.059229	 ndcg_5: 0.0459	 ndcg_10: 0.0637	 hit@1:0.018469	 hit@5:0.0739	 hit@10: 0.1294
source best!
....................................................................................................................................................................................................
source: 	 mrr: 0.065910	 ndcg_5: 0.0553	 ndcg_10: 0.0725	 hit@1:0.023894	 hit@5:0.0867	 hit@10: 0.1400
epoch 32: train_loss = 1.613673, source_mrr = 0.065910, source_hit@10 = 0.1400, source_ndcg@10 = 0.0725, target_mrr = 0.059229, target_hit@10 = 0.1294, target_ndcg@10 = 0.0637

2024-08-14 11:20:11.000881: step 29040/70400 (epoch 33/80), loss = 1.612004 (719.003 sec/epoch), lr: 0.002161
Evaluating on dev set...
...................................................................................................................................................................................................................................................................................................................................................................................................................................................................................................
source: 	 mrr: 0.062014	 ndcg_5: 0.0512	 ndcg_10: 0.0673	 hit@1:0.022433	 hit@5:0.0799	 hit@10: 0.1303
target: 	 mrr: 0.063377	 ndcg_5: 0.0510	 ndcg_10: 0.0694	 hit@1:0.020602	 hit@5:0.0817	 hit@10: 0.1390
epoch 33: train_loss = 1.612004, source_mrr = 0.062014, source_hit@10 = 0.1303, source_ndcg@10 = 0.0673, target_mrr = 0.063377, target_hit@10 = 0.1390, target_ndcg@10 = 0.0694

2024-08-14 11:32:17.403496: step 29920/70400 (epoch 34/80), loss = 1.612130 (717.574 sec/epoch), lr: 0.002161
Evaluating on dev set...
...................................................................................................................................................................................................................................................................................................................................................................................................................................................................................................
source: 	 mrr: 0.058989	 ndcg_5: 0.0486	 ndcg_10: 0.0644	 hit@1:0.021425	 hit@5:0.0764	 hit@10: 0.1259
target: 	 mrr: 0.059344	 ndcg_5: 0.0468	 ndcg_10: 0.0654	 hit@1:0.017559	 hit@5:0.0776	 hit@10: 0.1359
epoch 34: train_loss = 1.612130, source_mrr = 0.058989, source_hit@10 = 0.1259, source_ndcg@10 = 0.0644, target_mrr = 0.059344, target_hit@10 = 0.1359, target_ndcg@10 = 0.0654

2024-08-14 11:44:27.185722: step 30800/70400 (epoch 35/80), loss = 1.609168 (720.544 sec/epoch), lr: 0.002053
Evaluating on dev set...
...................................................................................................................................................................................................................................................................................................................................................................................................................................................................................................
source: 	 mrr: 0.068218	 ndcg_5: 0.0572	 ndcg_10: 0.0750	 hit@1:0.025911	 hit@5:0.0887	 hit@10: 0.1442
target: 	 mrr: 0.057570	 ndcg_5: 0.0457	 ndcg_10: 0.0628	 hit@1:0.017944	 hit@5:0.0740	 hit@10: 0.1274
source best!
....................................................................................................................................................................................................
source: 	 mrr: 0.069093	 ndcg_5: 0.0581	 ndcg_10: 0.0752	 hit@1:0.027351	 hit@5:0.0892	 hit@10: 0.1422
epoch 35: train_loss = 1.609168, source_mrr = 0.069093, source_hit@10 = 0.1422, source_ndcg@10 = 0.0752, target_mrr = 0.057570, target_hit@10 = 0.1274, target_ndcg@10 = 0.0628

2024-08-14 11:56:43.511477: step 31680/70400 (epoch 36/80), loss = 1.608749 (720.288 sec/epoch), lr: 0.002053
Evaluating on dev set...
...................................................................................................................................................................................................................................................................................................................................................................................................................................................................................................
source: 	 mrr: 0.029539	 ndcg_5: 0.0204	 ndcg_10: 0.0286	 hit@1:0.008217	 hit@5:0.0328	 hit@10: 0.0583
target: 	 mrr: 0.062486	 ndcg_5: 0.0495	 ndcg_10: 0.0684	 hit@1:0.020113	 hit@5:0.0791	 hit@10: 0.1380
epoch 36: train_loss = 1.608749, source_mrr = 0.029539, source_hit@10 = 0.0583, source_ndcg@10 = 0.0286, target_mrr = 0.062486, target_hit@10 = 0.1380, target_ndcg@10 = 0.0684

2024-08-14 12:08:54.311697: step 32560/70400 (epoch 37/80), loss = 1.605784 (721.523 sec/epoch), lr: 0.001951
Evaluating on dev set...
...................................................................................................................................................................................................................................................................................................................................................................................................................................................................................................
source: 	 mrr: 0.033039	 ndcg_5: 0.0235	 ndcg_10: 0.0328	 hit@1:0.009074	 hit@5:0.0382	 hit@10: 0.0671
target: 	 mrr: 0.069284	 ndcg_5: 0.0574	 ndcg_10: 0.0765	 hit@1:0.025219	 hit@5:0.0903	 hit@10: 0.1499
target best!
................................................................................................................................................................................................................................................................................................target: 	 mrr: 0.068280	 ndcg_5: 0.0565	 ndcg_10: 0.0757	 hit@1:0.023099	 hit@5:0.0899	 hit@10: 0.1497
epoch 37: train_loss = 1.605784, source_mrr = 0.033039, source_hit@10 = 0.0671, source_ndcg@10 = 0.0328, target_mrr = 0.068280, target_hit@10 = 0.1497, target_ndcg@10 = 0.0757

2024-08-14 12:21:07.031177: step 33440/70400 (epoch 38/80), loss = 1.604133 (718.193 sec/epoch), lr: 0.001951
Evaluating on dev set...
...................................................................................................................................................................................................................................................................................................................................................................................................................................................................................................
source: 	 mrr: 0.055591	 ndcg_5: 0.0452	 ndcg_10: 0.0603	 hit@1:0.018249	 hit@5:0.0725	 hit@10: 0.1196
target: 	 mrr: 0.064885	 ndcg_5: 0.0529	 ndcg_10: 0.0712	 hit@1:0.021897	 hit@5:0.0847	 hit@10: 0.1415
epoch 38: train_loss = 1.604133, source_mrr = 0.055591, source_hit@10 = 0.1196, source_ndcg@10 = 0.0603, target_mrr = 0.064885, target_hit@10 = 0.1415, target_ndcg@10 = 0.0712

2024-08-14 12:33:22.833410: step 34320/70400 (epoch 39/80), loss = 1.604951 (726.552 sec/epoch), lr: 0.001951
Evaluating on dev set...
...................................................................................................................................................................................................................................................................................................................................................................................................................................................................................................
source: 	 mrr: 0.065912	 ndcg_5: 0.0549	 ndcg_10: 0.0722	 hit@1:0.023643	 hit@5:0.0863	 hit@10: 0.1403
target: 	 mrr: 0.067698	 ndcg_5: 0.0555	 ndcg_10: 0.0749	 hit@1:0.023820	 hit@5:0.0877	 hit@10: 0.1481
epoch 39: train_loss = 1.604951, source_mrr = 0.065912, source_hit@10 = 0.1403, source_ndcg@10 = 0.0722, target_mrr = 0.067698, target_hit@10 = 0.1481, target_ndcg@10 = 0.0749

2024-08-14 12:45:38.507262: step 35200/70400 (epoch 40/80), loss = 1.603990 (726.137 sec/epoch), lr: 0.001951
Evaluating on dev set...
...................................................................................................................................................................................................................................................................................................................................................................................................................................................................................................
source: 	 mrr: 0.071276	 ndcg_5: 0.0611	 ndcg_10: 0.0790	 hit@1:0.027726	 hit@5:0.0946	 hit@10: 0.1504
target: 	 mrr: 0.054802	 ndcg_5: 0.0431	 ndcg_10: 0.0593	 hit@1:0.016405	 hit@5:0.0707	 hit@10: 0.1211
source best!
....................................................................................................................................................................................................
source: 	 mrr: 0.072544	 ndcg_5: 0.0630	 ndcg_10: 0.0803	 hit@1:0.028114	 hit@5:0.0978	 hit@10: 0.1518
epoch 40: train_loss = 1.603990, source_mrr = 0.072544, source_hit@10 = 0.1518, source_ndcg@10 = 0.0803, target_mrr = 0.054802, target_hit@10 = 0.1211, target_ndcg@10 = 0.0593
shift to transfer learning mode

2024-08-14 12:58:03.170202: step 36080/70400 (epoch 41/80), loss = 1.615670 (731.205 sec/epoch), lr: 0.001853
Evaluating on dev set...
...................................................................................................................................................................................................................................................................................................................................................................................................................................................................................................
source: 	 mrr: 0.060118	 ndcg_5: 0.0498	 ndcg_10: 0.0655	 hit@1:0.021626	 hit@5:0.0782	 hit@10: 0.1270
target: 	 mrr: 0.050252	 ndcg_5: 0.0386	 ndcg_10: 0.0538	 hit@1:0.014936	 hit@5:0.0626	 hit@10: 0.1100
epoch 41: train_loss = 1.615670, source_mrr = 0.060118, source_hit@10 = 0.1270, source_ndcg@10 = 0.0655, target_mrr = 0.050252, target_hit@10 = 0.1100, target_ndcg@10 = 0.0538

2024-08-14 13:11:22.369308: step 36960/70400 (epoch 42/80), loss = 1.613125 (783.675 sec/epoch), lr: 0.001761
Evaluating on dev set...
...................................................................................................................................................................................................................................................................................................................................................................................................................................................................................................
source: 	 mrr: 0.033077	 ndcg_5: 0.0235	 ndcg_10: 0.0325	 hit@1:0.009477	 hit@5:0.0382	 hit@10: 0.0662
target: 	 mrr: 0.048025	 ndcg_5: 0.0333	 ndcg_10: 0.0499	 hit@1:0.011928	 hit@5:0.0555	 hit@10: 0.1073
epoch 42: train_loss = 1.613125, source_mrr = 0.033077, source_hit@10 = 0.0662, source_ndcg@10 = 0.0325, target_mrr = 0.048025, target_hit@10 = 0.1073, target_ndcg@10 = 0.0499

2024-08-14 13:23:43.974153: step 37840/70400 (epoch 43/80), loss = 1.610792 (732.074 sec/epoch), lr: 0.001672
Evaluating on dev set...
...................................................................................................................................................................................................................................................................................................................................................................................................................................................................................................
source: 	 mrr: 0.040331	 ndcg_5: 0.0305	 ndcg_10: 0.0420	 hit@1:0.012401	 hit@5:0.0485	 hit@10: 0.0840
target: 	 mrr: 0.046255	 ndcg_5: 0.0338	 ndcg_10: 0.0484	 hit@1:0.012942	 hit@5:0.0552	 hit@10: 0.1009
epoch 43: train_loss = 1.610792, source_mrr = 0.040331, source_hit@10 = 0.0840, source_ndcg@10 = 0.0420, target_mrr = 0.046255, target_hit@10 = 0.1009, target_ndcg@10 = 0.0484

2024-08-14 13:38:54.824140: step 38720/70400 (epoch 44/80), loss = 1.611204 (900.946 sec/epoch), lr: 0.001672
Evaluating on dev set...
...................................................................................................................................................................................................................................................................................................................................................................................................................................................................................................
source: 	 mrr: 0.039637	 ndcg_5: 0.0306	 ndcg_10: 0.0412	 hit@1:0.011796	 hit@5:0.0495	 hit@10: 0.0828
target: 	 mrr: 0.043743	 ndcg_5: 0.0327	 ndcg_10: 0.0458	 hit@1:0.011613	 hit@5:0.0546	 hit@10: 0.0957
epoch 44: train_loss = 1.611204, source_mrr = 0.039637, source_hit@10 = 0.0828, source_ndcg@10 = 0.0412, target_mrr = 0.043743, target_hit@10 = 0.0957, target_ndcg@10 = 0.0458

2024-08-14 13:55:48.073287: step 39600/70400 (epoch 45/80), loss = 1.606260 (994.164 sec/epoch), lr: 0.001589
Evaluating on dev set...
...................................................................................................................................................................................................................................................................................................................................................................................................................................................................................................
source: 	 mrr: 0.054439	 ndcg_5: 0.0439	 ndcg_10: 0.0582	 hit@1:0.018249	 hit@5:0.0699	 hit@10: 0.1145
target: 	 mrr: 0.063338	 ndcg_5: 0.0510	 ndcg_10: 0.0696	 hit@1:0.020602	 hit@5:0.0819	 hit@10: 0.1397
epoch 45: train_loss = 1.606260, source_mrr = 0.054439, source_hit@10 = 0.1145, source_ndcg@10 = 0.0582, target_mrr = 0.063338, target_hit@10 = 0.1397, target_ndcg@10 = 0.0696

2024-08-14 14:11:46.038751: step 40480/70400 (epoch 46/80), loss = 1.606563 (936.968 sec/epoch), lr: 0.001589
Evaluating on dev set...
...................................................................................................................................................................................................................................................................................................................................................................................................................................................................................................
source: 	 mrr: 0.053599	 ndcg_5: 0.0431	 ndcg_10: 0.0580	 hit@1:0.018047	 hit@5:0.0685	 hit@10: 0.1149
target: 	 mrr: 0.052377	 ndcg_5: 0.0395	 ndcg_10: 0.0558	 hit@1:0.014656	 hit@5:0.0650	 hit@10: 0.1160
epoch 46: train_loss = 1.606563, source_mrr = 0.053599, source_hit@10 = 0.1149, source_ndcg@10 = 0.0580, target_mrr = 0.052377, target_hit@10 = 0.1160, target_ndcg@10 = 0.0558

2024-08-14 14:27:18.786804: step 41360/70400 (epoch 47/80), loss = 1.603748 (913.076 sec/epoch), lr: 0.001509
Evaluating on dev set...
...................................................................................................................................................................................................................................................................................................................................................................................................................................................................................................
source: 	 mrr: 0.038154	 ndcg_5: 0.0285	 ndcg_10: 0.0379	 hit@1:0.012401	 hit@5:0.0449	 hit@10: 0.0744
target: 	 mrr: 0.059182	 ndcg_5: 0.0461	 ndcg_10: 0.0640	 hit@1:0.017139	 hit@5:0.0757	 hit@10: 0.1316
epoch 47: train_loss = 1.603748, source_mrr = 0.038154, source_hit@10 = 0.0744, source_ndcg@10 = 0.0379, target_mrr = 0.059182, target_hit@10 = 0.1316, target_ndcg@10 = 0.0640

2024-08-14 14:43:07.030128: step 42240/70400 (epoch 48/80), loss = 1.600883 (925.139 sec/epoch), lr: 0.001434
Evaluating on dev set...
...................................................................................................................................................................................................................................................................................................................................................................................................................................................................................................
source: 	 mrr: 0.063635	 ndcg_5: 0.0529	 ndcg_10: 0.0692	 hit@1:0.024147	 hit@5:0.0814	 hit@10: 0.1322
target: 	 mrr: 0.058728	 ndcg_5: 0.0454	 ndcg_10: 0.0632	 hit@1:0.017734	 hit@5:0.0737	 hit@10: 0.1296
epoch 48: train_loss = 1.600883, source_mrr = 0.063635, source_hit@10 = 0.1322, source_ndcg@10 = 0.0692, target_mrr = 0.058728, target_hit@10 = 0.1296, target_ndcg@10 = 0.0632

2024-08-14 14:55:33.209815: step 43120/70400 (epoch 49/80), loss = 1.600560 (736.052 sec/epoch), lr: 0.001434
Evaluating on dev set...
...................................................................................................................................................................................................................................................................................................................................................................................................................................................................................................
source: 	 mrr: 0.044661	 ndcg_5: 0.0347	 ndcg_10: 0.0466	 hit@1:0.013611	 hit@5:0.0558	 hit@10: 0.0931
target: 	 mrr: 0.047862	 ndcg_5: 0.0335	 ndcg_10: 0.0491	 hit@1:0.011893	 hit@5:0.0561	 hit@10: 0.1047
epoch 49: train_loss = 1.600560, source_mrr = 0.044661, source_hit@10 = 0.0931, source_ndcg@10 = 0.0466, target_mrr = 0.047862, target_hit@10 = 0.1047, target_ndcg@10 = 0.0491

2024-08-14 15:07:55.072397: step 44000/70400 (epoch 50/80), loss = 1.597800 (731.831 sec/epoch), lr: 0.001362
Evaluating on dev set...
...................................................................................................................................................................................................................................................................................................................................................................................................................................................................................................
source: 	 mrr: 0.039020	 ndcg_5: 0.0280	 ndcg_10: 0.0395	 hit@1:0.011242	 hit@5:0.0456	 hit@10: 0.0813
target: 	 mrr: 0.048920	 ndcg_5: 0.0356	 ndcg_10: 0.0518	 hit@1:0.013642	 hit@5:0.0584	 hit@10: 0.1091
epoch 50: train_loss = 1.597800, source_mrr = 0.039020, source_hit@10 = 0.0813, source_ndcg@10 = 0.0395, target_mrr = 0.048920, target_hit@10 = 0.1091, target_ndcg@10 = 0.0518

2024-08-14 15:20:19.801229: step 44880/70400 (epoch 51/80), loss = 1.595471 (734.642 sec/epoch), lr: 0.001294
Evaluating on dev set...
...................................................................................................................................................................................................................................................................................................................................................................................................................................................................................................
source: 	 mrr: 0.048897	 ndcg_5: 0.0386	 ndcg_10: 0.0517	 hit@1:0.015879	 hit@5:0.0617	 hit@10: 0.1029
target: 	 mrr: 0.059292	 ndcg_5: 0.0465	 ndcg_10: 0.0644	 hit@1:0.017139	 hit@5:0.0764	 hit@10: 0.1321
epoch 51: train_loss = 1.595471, source_mrr = 0.048897, source_hit@10 = 0.1029, source_ndcg@10 = 0.0517, target_mrr = 0.059292, target_hit@10 = 0.1321, target_ndcg@10 = 0.0644

2024-08-14 15:32:46.617470: step 45760/70400 (epoch 52/80), loss = 1.595262 (736.150 sec/epoch), lr: 0.001294
Evaluating on dev set...
...................................................................................................................................................................................................................................................................................................................................................................................................................................................................................................
source: 	 mrr: 0.071988	 ndcg_5: 0.0610	 ndcg_10: 0.0789	 hit@1:0.028583	 hit@5:0.0935	 hit@10: 0.1496
target: 	 mrr: 0.045951	 ndcg_5: 0.0334	 ndcg_10: 0.0477	 hit@1:0.012837	 hit@5:0.0548	 hit@10: 0.0993
source best!
....................................................................................................................................................................................................
source: 	 mrr: 0.073239	 ndcg_5: 0.0628	 ndcg_10: 0.0799	 hit@1:0.028927	 hit@5:0.0963	 hit@10: 0.1497
epoch 52: train_loss = 1.595262, source_mrr = 0.073239, source_hit@10 = 0.1497, source_ndcg@10 = 0.0799, target_mrr = 0.045951, target_hit@10 = 0.0993, target_ndcg@10 = 0.0477

2024-08-14 15:45:16.719693: step 46640/70400 (epoch 53/80), loss = 1.594002 (736.415 sec/epoch), lr: 0.001294
Evaluating on dev set...
...................................................................................................................................................................................................................................................................................................................................................................................................................................................................................................
source: 	 mrr: 0.047555	 ndcg_5: 0.0377	 ndcg_10: 0.0502	 hit@1:0.015829	 hit@5:0.0598	 hit@10: 0.0992
target: 	 mrr: 0.058338	 ndcg_5: 0.0454	 ndcg_10: 0.0624	 hit@1:0.017384	 hit@5:0.0738	 hit@10: 0.1270
epoch 53: train_loss = 1.594002, source_mrr = 0.047555, source_hit@10 = 0.0992, source_ndcg@10 = 0.0502, target_mrr = 0.058338, target_hit@10 = 0.1270, target_ndcg@10 = 0.0624

2024-08-14 15:57:41.051088: step 47520/70400 (epoch 54/80), loss = 1.592136 (734.399 sec/epoch), lr: 0.001229
Evaluating on dev set...
...................................................................................................................................................................................................................................................................................................................................................................................................................................................................................................
source: 	 mrr: 0.063551	 ndcg_5: 0.0533	 ndcg_10: 0.0697	 hit@1:0.023088	 hit@5:0.0832	 hit@10: 0.1341
target: 	 mrr: 0.057148	 ndcg_5: 0.0447	 ndcg_10: 0.0620	 hit@1:0.016195	 hit@5:0.0739	 hit@10: 0.1278
epoch 54: train_loss = 1.592136, source_mrr = 0.063551, source_hit@10 = 0.1341, source_ndcg@10 = 0.0697, target_mrr = 0.057148, target_hit@10 = 0.1278, target_ndcg@10 = 0.0620

2024-08-14 16:10:02.397650: step 48400/70400 (epoch 55/80), loss = 1.591658 (732.139 sec/epoch), lr: 0.001229
Evaluating on dev set...
...................................................................................................................................................................................................................................................................................................................................................................................................................................................................................................
source: 	 mrr: 0.044997	 ndcg_5: 0.0344	 ndcg_10: 0.0466	 hit@1:0.015123	 hit@5:0.0538	 hit@10: 0.0918
target: 	 mrr: 0.041889	 ndcg_5: 0.0285	 ndcg_10: 0.0418	 hit@1:0.009759	 hit@5:0.0481	 hit@10: 0.0896
epoch 55: train_loss = 1.591658, source_mrr = 0.044997, source_hit@10 = 0.0918, source_ndcg@10 = 0.0466, target_mrr = 0.041889, target_hit@10 = 0.0896, target_ndcg@10 = 0.0418

2024-08-14 16:22:26.938065: step 49280/70400 (epoch 56/80), loss = 1.588909 (734.823 sec/epoch), lr: 0.001168
Evaluating on dev set...
...................................................................................................................................................................................................................................................................................................................................................................................................................................................................................................
source: 	 mrr: 0.055718	 ndcg_5: 0.0457	 ndcg_10: 0.0591	 hit@1:0.019711	 hit@5:0.0715	 hit@10: 0.1130
target: 	 mrr: 0.053013	 ndcg_5: 0.0393	 ndcg_10: 0.0565	 hit@1:0.014166	 hit@5:0.0650	 hit@10: 0.1185
epoch 56: train_loss = 1.588909, source_mrr = 0.055718, source_hit@10 = 0.1130, source_ndcg@10 = 0.0591, target_mrr = 0.053013, target_hit@10 = 0.1185, target_ndcg@10 = 0.0565

2024-08-14 16:34:47.394801: step 50160/70400 (epoch 57/80), loss = 1.589223 (730.921 sec/epoch), lr: 0.001168
Evaluating on dev set...
...................................................................................................................................................................................................................................................................................................................................................................................................................................................................................................
source: 	 mrr: 0.056676	 ndcg_5: 0.0466	 ndcg_10: 0.0623	 hit@1:0.019055	 hit@5:0.0744	 hit@10: 0.1233
target: 	 mrr: 0.063822	 ndcg_5: 0.0506	 ndcg_10: 0.0697	 hit@1:0.020253	 hit@5:0.0814	 hit@10: 0.1409
epoch 57: train_loss = 1.589223, source_mrr = 0.056676, source_hit@10 = 0.1233, source_ndcg@10 = 0.0623, target_mrr = 0.063822, target_hit@10 = 0.1409, target_ndcg@10 = 0.0697

2024-08-14 16:47:13.811621: step 51040/70400 (epoch 58/80), loss = 1.588725 (736.451 sec/epoch), lr: 0.001168
Evaluating on dev set...
...................................................................................................................................................................................................................................................................................................................................................................................................................................................................................................
source: 	 mrr: 0.067034	 ndcg_5: 0.0562	 ndcg_10: 0.0728	 hit@1:0.025810	 hit@5:0.0866	 hit@10: 0.1383
target: 	 mrr: 0.040556	 ndcg_5: 0.0270	 ndcg_10: 0.0404	 hit@1:0.010179	 hit@5:0.0445	 hit@10: 0.0865
epoch 58: train_loss = 1.588725, source_mrr = 0.067034, source_hit@10 = 0.1383, source_ndcg@10 = 0.0728, target_mrr = 0.040556, target_hit@10 = 0.0865, target_ndcg@10 = 0.0404

2024-08-14 16:59:34.258948: step 51920/70400 (epoch 59/80), loss = 1.586390 (730.505 sec/epoch), lr: 0.001110
Evaluating on dev set...
...................................................................................................................................................................................................................................................................................................................................................................................................................................................................................................
source: 	 mrr: 0.066581	 ndcg_5: 0.0549	 ndcg_10: 0.0724	 hit@1:0.025508	 hit@5:0.0845	 hit@10: 0.1389
target: 	 mrr: 0.055578	 ndcg_5: 0.0426	 ndcg_10: 0.0592	 hit@1:0.015775	 hit@5:0.0700	 hit@10: 0.1217
epoch 59: train_loss = 1.586390, source_mrr = 0.066581, source_hit@10 = 0.1389, source_ndcg@10 = 0.0724, target_mrr = 0.055578, target_hit@10 = 0.1217, target_ndcg@10 = 0.0592

2024-08-14 17:12:00.514596: step 52800/70400 (epoch 60/80), loss = 1.586394 (736.256 sec/epoch), lr: 0.001110
Evaluating on dev set...
...................................................................................................................................................................................................................................................................................................................................................................................................................................................................................................
source: 	 mrr: 0.064761	 ndcg_5: 0.0540	 ndcg_10: 0.0709	 hit@1:0.022987	 hit@5:0.0847	 hit@10: 0.1375
target: 	 mrr: 0.059347	 ndcg_5: 0.0455	 ndcg_10: 0.0641	 hit@1:0.017314	 hit@5:0.0743	 hit@10: 0.1322
epoch 60: train_loss = 1.586394, source_mrr = 0.064761, source_hit@10 = 0.1375, source_ndcg@10 = 0.0709, target_mrr = 0.059347, target_hit@10 = 0.1322, target_ndcg@10 = 0.0641

2024-08-14 17:24:23.854265: step 53680/70400 (epoch 61/80), loss = 1.585842 (730.845 sec/epoch), lr: 0.001110
Evaluating on dev set...
...................................................................................................................................................................................................................................................................................................................................................................................................................................................................................................
source: 	 mrr: 0.050980	 ndcg_5: 0.0400	 ndcg_10: 0.0541	 hit@1:0.015930	 hit@5:0.0643	 hit@10: 0.1083
target: 	 mrr: 0.056616	 ndcg_5: 0.0422	 ndcg_10: 0.0614	 hit@1:0.016545	 hit@5:0.0691	 hit@10: 0.1291
epoch 61: train_loss = 1.585842, source_mrr = 0.050980, source_hit@10 = 0.1083, source_ndcg@10 = 0.0541, target_mrr = 0.056616, target_hit@10 = 0.1291, target_ndcg@10 = 0.0614

2024-08-14 17:36:43.688786: step 54560/70400 (epoch 62/80), loss = 1.584438 (730.411 sec/epoch), lr: 0.001054
Evaluating on dev set...
...................................................................................................................................................................................................................................................................................................................................................................................................................................................................................................
source: 	 mrr: 0.069988	 ndcg_5: 0.0595	 ndcg_10: 0.0769	 hit@1:0.026314	 hit@5:0.0923	 hit@10: 0.1460
target: 	 mrr: 0.047239	 ndcg_5: 0.0337	 ndcg_10: 0.0491	 hit@1:0.011963	 hit@5:0.0561	 hit@10: 0.1044
epoch 62: train_loss = 1.584438, source_mrr = 0.069988, source_hit@10 = 0.1460, source_ndcg@10 = 0.0769, target_mrr = 0.047239, target_hit@10 = 0.1044, target_ndcg@10 = 0.0491

