nohup: ignoring input
using gpu:1 to train the model
using gpu:1 to train the model
cuda:1
Namespace(A_split=False, JK='sum', a_fold=100, aggregate=False, alpha=0.5, batch_size=1024, beta_inter=0.2, conv_layers=4, cuda=True, decay_epoch=10, device=device(type='cuda', index=1), device_id='1', domains='game_video', dropout=0.4, epoch=80, feature_dim=126, gamma_intra=0.8, hidden_dim=126, inter_tau=0.2, intra_tau=0.4, lambda_critic=0.1, leakey=0.05, load=False, log='logs.txt', log_epoch=1, lr=0.004, lr_decay=0.95, min_epoch=60, mode='train', model_file=None, model_name='gv', momentum=0.98, num_latent_factors=3, num_negative=100, optim='adam', patience=20, proj_layers=1, projection=1, rectify_epoch=40, residual=1, save=False, save_dir='./saved_models', seed=32, similarity_tau=0.1, step=5, test_sample_number=999, user_batch_size=256, weight_decay=0.0002)
number_user 25025
number_item 12319
/home/disk2/lhr/invariantCDR/invariantCDR/utils/GraphMaker.py:46: RuntimeWarning: divide by zero encountered in power
  r_inv = np.power(rowsum, -1).flatten()
real graph loaded!
number_user 19457
number_item 8751
real graph loaded!
graph loaded!
Loading data from game_video with batch size 1024...
unseen test: 0
test length: 1381
unseen test: 0
test length: 1304
unseen test: 0
test length: 1435
unseen test: 0
test length: 1458
source_user_num 25025
target_user_num 19457
source_item_num 12319
target_item_num 8751
shared users id: 1737
test users 226, 217
unseen test: 0
dev length: 1000
unseen test: 0
dev length: 1000
source train data : 155036, target train data: 156091, source test data : 1304, target test data : 1458, source dev data : 1000, target dev data : 1000
Directory ./saved_models/gv do not exist; creating...
2024-08-14 04:23:03.484477: step 304/24320 (epoch 1/80), loss = 2.196876 (74.429 sec/epoch), lr: 0.004000
Evaluating on dev set...
...........................
source: 	 mrr: 0.026129	 ndcg_5: 0.0171	 ndcg_10: 0.0242	 hit@1:0.007965	 hit@5:0.0268	 hit@10: 0.0492
target: 	 mrr: 0.031323	 ndcg_5: 0.0239	 ndcg_10: 0.0311	 hit@1:0.010453	 hit@5:0.0376	 hit@10: 0.0606
source best!
.............
source: 	 mrr: 0.023665	 ndcg_5: 0.0153	 ndcg_10: 0.0221	 hit@1:0.004601	 hit@5:0.0261	 hit@10: 0.0475
target best!
..............target: 	 mrr: 0.029496	 ndcg_5: 0.0218	 ndcg_10: 0.0296	 hit@1:0.007545	 hit@5:0.0364	 hit@10: 0.0610
epoch 1: train_loss = 2.196876, source_mrr = 0.023665, source_hit@10 = 0.0475, source_ndcg@10 = 0.0221, target_mrr = 0.029496, target_hit@10 = 0.0610, target_ndcg@10 = 0.0296

2024-08-14 04:24:20.074732: step 608/24320 (epoch 2/80), loss = 1.854656 (75.573 sec/epoch), lr: 0.004000
Evaluating on dev set...
...........................
source: 	 mrr: 0.030824	 ndcg_5: 0.0204	 ndcg_10: 0.0297	 hit@1:0.007965	 hit@5:0.0311	 hit@10: 0.0601
target: 	 mrr: 0.023047	 ndcg_5: 0.0145	 ndcg_10: 0.0234	 hit@1:0.004181	 hit@5:0.0237	 hit@10: 0.0516
source best!
.............
source: 	 mrr: 0.032912	 ndcg_5: 0.0243	 ndcg_10: 0.0328	 hit@1:0.006902	 hit@5:0.0422	 hit@10: 0.0683
epoch 2: train_loss = 1.854656, source_mrr = 0.032912, source_hit@10 = 0.0683, source_ndcg@10 = 0.0328, target_mrr = 0.023047, target_hit@10 = 0.0516, target_ndcg@10 = 0.0234

2024-08-14 04:25:38.981957: step 912/24320 (epoch 3/80), loss = 1.797594 (78.133 sec/epoch), lr: 0.004000
Evaluating on dev set...
...........................
source: 	 mrr: 0.024923	 ndcg_5: 0.0153	 ndcg_10: 0.0226	 hit@1:0.005793	 hit@5:0.0253	 hit@10: 0.0485
target: 	 mrr: 0.032327	 ndcg_5: 0.0258	 ndcg_10: 0.0326	 hit@1:0.006969	 hit@5:0.0446	 hit@10: 0.0662
target best!
..............target: 	 mrr: 0.032929	 ndcg_5: 0.0216	 ndcg_10: 0.0313	 hit@1:0.010288	 hit@5:0.0329	 hit@10: 0.0624
epoch 3: train_loss = 1.797594, source_mrr = 0.024923, source_hit@10 = 0.0485, source_ndcg@10 = 0.0226, target_mrr = 0.032929, target_hit@10 = 0.0624, target_ndcg@10 = 0.0313

2024-08-14 04:26:56.528619: step 1216/24320 (epoch 4/80), loss = 1.779477 (76.699 sec/epoch), lr: 0.004000
Evaluating on dev set...
...........................
source: 	 mrr: 0.035090	 ndcg_5: 0.0234	 ndcg_10: 0.0320	 hit@1:0.011586	 hit@5:0.0348	 hit@10: 0.0615
target: 	 mrr: 0.027240	 ndcg_5: 0.0174	 ndcg_10: 0.0251	 hit@1:0.007666	 hit@5:0.0272	 hit@10: 0.0509
source best!
.............
source: 	 mrr: 0.036265	 ndcg_5: 0.0264	 ndcg_10: 0.0354	 hit@1:0.011503	 hit@5:0.0422	 hit@10: 0.0706
epoch 4: train_loss = 1.779477, source_mrr = 0.036265, source_hit@10 = 0.0706, source_ndcg@10 = 0.0354, target_mrr = 0.027240, target_hit@10 = 0.0509, target_ndcg@10 = 0.0251

2024-08-14 04:28:15.750496: step 1520/24320 (epoch 5/80), loss = 1.769565 (78.411 sec/epoch), lr: 0.004000
Evaluating on dev set...
...........................
source: 	 mrr: 0.032278	 ndcg_5: 0.0201	 ndcg_10: 0.0302	 hit@1:0.008689	 hit@5:0.0311	 hit@10: 0.0630
target: 	 mrr: 0.041859	 ndcg_5: 0.0351	 ndcg_10: 0.0446	 hit@1:0.014634	 hit@5:0.0564	 hit@10: 0.0857
target best!
..............target: 	 mrr: 0.039568	 ndcg_5: 0.0299	 ndcg_10: 0.0411	 hit@1:0.010974	 hit@5:0.0480	 hit@10: 0.0830
epoch 5: train_loss = 1.769565, source_mrr = 0.032278, source_hit@10 = 0.0630, source_ndcg@10 = 0.0302, target_mrr = 0.039568, target_hit@10 = 0.0830, target_ndcg@10 = 0.0411

2024-08-14 04:29:32.893769: step 1824/24320 (epoch 6/80), loss = 1.760449 (76.303 sec/epoch), lr: 0.004000
Evaluating on dev set...
...........................
source: 	 mrr: 0.032376	 ndcg_5: 0.0224	 ndcg_10: 0.0324	 hit@1:0.008689	 hit@5:0.0377	 hit@10: 0.0688
target: 	 mrr: 0.033175	 ndcg_5: 0.0257	 ndcg_10: 0.0333	 hit@1:0.011150	 hit@5:0.0404	 hit@10: 0.0641
epoch 6: train_loss = 1.760449, source_mrr = 0.032376, source_hit@10 = 0.0688, source_ndcg@10 = 0.0324, target_mrr = 0.033175, target_hit@10 = 0.0641, target_ndcg@10 = 0.0333

2024-08-14 04:30:52.637332: step 2128/24320 (epoch 7/80), loss = 1.757054 (79.002 sec/epoch), lr: 0.004000
Evaluating on dev set...
...........................
source: 	 mrr: 0.033006	 ndcg_5: 0.0258	 ndcg_10: 0.0331	 hit@1:0.008689	 hit@5:0.0427	 hit@10: 0.0652
target: 	 mrr: 0.023467	 ndcg_5: 0.0155	 ndcg_10: 0.0219	 hit@1:0.004878	 hit@5:0.0265	 hit@10: 0.0460
epoch 7: train_loss = 1.757054, source_mrr = 0.033006, source_hit@10 = 0.0652, source_ndcg@10 = 0.0331, target_mrr = 0.023467, target_hit@10 = 0.0460, target_ndcg@10 = 0.0219

2024-08-14 04:32:10.012925: step 2432/24320 (epoch 8/80), loss = 1.755089 (76.793 sec/epoch), lr: 0.004000
Evaluating on dev set...
...........................
source: 	 mrr: 0.035129	 ndcg_5: 0.0237	 ndcg_10: 0.0339	 hit@1:0.010862	 hit@5:0.0362	 hit@10: 0.0681
target: 	 mrr: 0.033283	 ndcg_5: 0.0247	 ndcg_10: 0.0338	 hit@1:0.009756	 hit@5:0.0404	 hit@10: 0.0683
source best!
.............
source: 	 mrr: 0.033138	 ndcg_5: 0.0212	 ndcg_10: 0.0300	 hit@1:0.011503	 hit@5:0.0314	 hit@10: 0.0590
epoch 8: train_loss = 1.755089, source_mrr = 0.033138, source_hit@10 = 0.0590, source_ndcg@10 = 0.0300, target_mrr = 0.033283, target_hit@10 = 0.0683, target_ndcg@10 = 0.0338

2024-08-14 04:33:26.777259: step 2736/24320 (epoch 9/80), loss = 1.746222 (75.936 sec/epoch), lr: 0.004000
Evaluating on dev set...
...........................
source: 	 mrr: 0.026476	 ndcg_5: 0.0182	 ndcg_10: 0.0247	 hit@1:0.006517	 hit@5:0.0290	 hit@10: 0.0492
target: 	 mrr: 0.029118	 ndcg_5: 0.0206	 ndcg_10: 0.0281	 hit@1:0.006969	 hit@5:0.0341	 hit@10: 0.0578
epoch 9: train_loss = 1.746222, source_mrr = 0.026476, source_hit@10 = 0.0492, source_ndcg@10 = 0.0247, target_mrr = 0.029118, target_hit@10 = 0.0578, target_ndcg@10 = 0.0281

2024-08-14 04:34:45.591703: step 3040/24320 (epoch 10/80), loss = 1.733116 (78.231 sec/epoch), lr: 0.004000
Evaluating on dev set...
...........................
source: 	 mrr: 0.026811	 ndcg_5: 0.0191	 ndcg_10: 0.0250	 hit@1:0.005069	 hit@5:0.0326	 hit@10: 0.0507
target: 	 mrr: 0.030948	 ndcg_5: 0.0205	 ndcg_10: 0.0295	 hit@1:0.009756	 hit@5:0.0314	 hit@10: 0.0599
epoch 10: train_loss = 1.733116, source_mrr = 0.026811, source_hit@10 = 0.0507, source_ndcg@10 = 0.0250, target_mrr = 0.030948, target_hit@10 = 0.0599, target_ndcg@10 = 0.0295

2024-08-14 04:36:02.843489: step 3344/24320 (epoch 11/80), loss = 1.729376 (76.553 sec/epoch), lr: 0.004000
Evaluating on dev set...
...........................
source: 	 mrr: 0.035975	 ndcg_5: 0.0261	 ndcg_10: 0.0357	 hit@1:0.009413	 hit@5:0.0434	 hit@10: 0.0739
target: 	 mrr: 0.029824	 ndcg_5: 0.0202	 ndcg_10: 0.0280	 hit@1:0.007666	 hit@5:0.0314	 hit@10: 0.0551
source best!
.............
source: 	 mrr: 0.036608	 ndcg_5: 0.0269	 ndcg_10: 0.0354	 hit@1:0.012270	 hit@5:0.0437	 hit@10: 0.0706
epoch 11: train_loss = 1.729376, source_mrr = 0.036608, source_hit@10 = 0.0706, source_ndcg@10 = 0.0354, target_mrr = 0.029824, target_hit@10 = 0.0551, target_ndcg@10 = 0.0280

2024-08-14 04:37:20.669743: step 3648/24320 (epoch 12/80), loss = 1.723780 (76.805 sec/epoch), lr: 0.004000
Evaluating on dev set...
...........................
source: 	 mrr: 0.036447	 ndcg_5: 0.0270	 ndcg_10: 0.0366	 hit@1:0.013034	 hit@5:0.0420	 hit@10: 0.0724
target: 	 mrr: 0.038501	 ndcg_5: 0.0283	 ndcg_10: 0.0428	 hit@1:0.012544	 hit@5:0.0453	 hit@10: 0.0899
source best!
.............
source: 	 mrr: 0.029693	 ndcg_5: 0.0203	 ndcg_10: 0.0276	 hit@1:0.008436	 hit@5:0.0330	 hit@10: 0.0560
epoch 12: train_loss = 1.723780, source_mrr = 0.029693, source_hit@10 = 0.0560, source_ndcg@10 = 0.0276, target_mrr = 0.038501, target_hit@10 = 0.0899, target_ndcg@10 = 0.0428

2024-08-14 04:38:41.413384: step 3952/24320 (epoch 13/80), loss = 1.723442 (79.938 sec/epoch), lr: 0.004000
Evaluating on dev set...
...........................
source: 	 mrr: 0.034841	 ndcg_5: 0.0251	 ndcg_10: 0.0344	 hit@1:0.009413	 hit@5:0.0413	 hit@10: 0.0702
target: 	 mrr: 0.031126	 ndcg_5: 0.0226	 ndcg_10: 0.0296	 hit@1:0.011150	 hit@5:0.0355	 hit@10: 0.0571
epoch 13: train_loss = 1.723442, source_mrr = 0.034841, source_hit@10 = 0.0702, source_ndcg@10 = 0.0344, target_mrr = 0.031126, target_hit@10 = 0.0571, target_ndcg@10 = 0.0296

2024-08-14 04:40:02.335129: step 4256/24320 (epoch 14/80), loss = 1.716220 (80.276 sec/epoch), lr: 0.003800
Evaluating on dev set...
...........................
source: 	 mrr: 0.040408	 ndcg_5: 0.0286	 ndcg_10: 0.0378	 hit@1:0.013758	 hit@5:0.0434	 hit@10: 0.0724
target: 	 mrr: 0.042712	 ndcg_5: 0.0328	 ndcg_10: 0.0433	 hit@1:0.014634	 hit@5:0.0495	 hit@10: 0.0822
source best!
.............
source: 	 mrr: 0.033986	 ndcg_5: 0.0234	 ndcg_10: 0.0339	 hit@1:0.008436	 hit@5:0.0399	 hit@10: 0.0729
target best!
..............target: 	 mrr: 0.043395	 ndcg_5: 0.0326	 ndcg_10: 0.0461	 hit@1:0.015775	 hit@5:0.0501	 hit@10: 0.0926
epoch 14: train_loss = 1.716220, source_mrr = 0.033986, source_hit@10 = 0.0729, source_ndcg@10 = 0.0339, target_mrr = 0.043395, target_hit@10 = 0.0926, target_ndcg@10 = 0.0461

2024-08-14 04:41:23.491679: step 4560/24320 (epoch 15/80), loss = 1.714499 (79.935 sec/epoch), lr: 0.003800
Evaluating on dev set...
...........................
source: 	 mrr: 0.026126	 ndcg_5: 0.0155	 ndcg_10: 0.0254	 hit@1:0.003621	 hit@5:0.0282	 hit@10: 0.0587
target: 	 mrr: 0.033518	 ndcg_5: 0.0269	 ndcg_10: 0.0335	 hit@1:0.011847	 hit@5:0.0432	 hit@10: 0.0641
epoch 15: train_loss = 1.714499, source_mrr = 0.026126, source_hit@10 = 0.0587, source_ndcg@10 = 0.0254, target_mrr = 0.033518, target_hit@10 = 0.0641, target_ndcg@10 = 0.0335

2024-08-14 04:42:43.251370: step 4864/24320 (epoch 16/80), loss = 1.709672 (79.186 sec/epoch), lr: 0.003610
Evaluating on dev set...
...........................
source: 	 mrr: 0.027932	 ndcg_5: 0.0161	 ndcg_10: 0.0235	 hit@1:0.005793	 hit@5:0.0261	 hit@10: 0.0492
target: 	 mrr: 0.033552	 ndcg_5: 0.0247	 ndcg_10: 0.0330	 hit@1:0.013240	 hit@5:0.0362	 hit@10: 0.0620
epoch 16: train_loss = 1.709672, source_mrr = 0.027932, source_hit@10 = 0.0492, source_ndcg@10 = 0.0235, target_mrr = 0.033552, target_hit@10 = 0.0620, target_ndcg@10 = 0.0330

2024-08-14 04:44:04.749650: step 5168/24320 (epoch 17/80), loss = 1.705976 (80.857 sec/epoch), lr: 0.003610
Evaluating on dev set...
...........................
source: 	 mrr: 0.036348	 ndcg_5: 0.0288	 ndcg_10: 0.0352	 hit@1:0.011586	 hit@5:0.0463	 hit@10: 0.0666
target: 	 mrr: 0.031132	 ndcg_5: 0.0206	 ndcg_10: 0.0313	 hit@1:0.007666	 hit@5:0.0321	 hit@10: 0.0655
epoch 17: train_loss = 1.705976, source_mrr = 0.036348, source_hit@10 = 0.0666, source_ndcg@10 = 0.0352, target_mrr = 0.031132, target_hit@10 = 0.0655, target_ndcg@10 = 0.0313

2024-08-14 04:45:24.330143: step 5472/24320 (epoch 18/80), loss = 1.705264 (78.962 sec/epoch), lr: 0.003610
Evaluating on dev set...
...........................
source: 	 mrr: 0.031900	 ndcg_5: 0.0231	 ndcg_10: 0.0307	 hit@1:0.007965	 hit@5:0.0384	 hit@10: 0.0623
target: 	 mrr: 0.031592	 ndcg_5: 0.0221	 ndcg_10: 0.0309	 hit@1:0.007666	 hit@5:0.0355	 hit@10: 0.0634
epoch 18: train_loss = 1.705264, source_mrr = 0.031900, source_hit@10 = 0.0623, source_ndcg@10 = 0.0307, target_mrr = 0.031592, target_hit@10 = 0.0634, target_ndcg@10 = 0.0309

2024-08-14 04:46:45.405232: step 5776/24320 (epoch 19/80), loss = 1.698046 (80.449 sec/epoch), lr: 0.003429
Evaluating on dev set...
...........................
source: 	 mrr: 0.028945	 ndcg_5: 0.0181	 ndcg_10: 0.0266	 hit@1:0.005069	 hit@5:0.0326	 hit@10: 0.0594
target: 	 mrr: 0.044647	 ndcg_5: 0.0364	 ndcg_10: 0.0460	 hit@1:0.017422	 hit@5:0.0544	 hit@10: 0.0843
target best!
..............target: 	 mrr: 0.042349	 ndcg_5: 0.0326	 ndcg_10: 0.0430	 hit@1:0.016461	 hit@5:0.0501	 hit@10: 0.0823
epoch 19: train_loss = 1.698046, source_mrr = 0.028945, source_hit@10 = 0.0594, source_ndcg@10 = 0.0266, target_mrr = 0.042349, target_hit@10 = 0.0823, target_ndcg@10 = 0.0430

2024-08-14 04:48:03.846094: step 6080/24320 (epoch 20/80), loss = 1.697409 (77.514 sec/epoch), lr: 0.003429
Evaluating on dev set...
...........................
source: 	 mrr: 0.018004	 ndcg_5: 0.0097	 ndcg_10: 0.0146	 hit@1:0.005069	 hit@5:0.0145	 hit@10: 0.0297
target: 	 mrr: 0.031696	 ndcg_5: 0.0228	 ndcg_10: 0.0319	 hit@1:0.009756	 hit@5:0.0348	 hit@10: 0.0634
epoch 20: train_loss = 1.697409, source_mrr = 0.018004, source_hit@10 = 0.0297, source_ndcg@10 = 0.0146, target_mrr = 0.031696, target_hit@10 = 0.0634, target_ndcg@10 = 0.0319

2024-08-14 04:49:21.893383: step 6384/24320 (epoch 21/80), loss = 1.691608 (77.458 sec/epoch), lr: 0.003258
Evaluating on dev set...
...........................
source: 	 mrr: 0.028615	 ndcg_5: 0.0185	 ndcg_10: 0.0248	 hit@1:0.005793	 hit@5:0.0304	 hit@10: 0.0500
target: 	 mrr: 0.040922	 ndcg_5: 0.0329	 ndcg_10: 0.0440	 hit@1:0.013240	 hit@5:0.0544	 hit@10: 0.0899
epoch 21: train_loss = 1.691608, source_mrr = 0.028615, source_hit@10 = 0.0500, source_ndcg@10 = 0.0248, target_mrr = 0.040922, target_hit@10 = 0.0899, target_ndcg@10 = 0.0440

2024-08-14 04:50:44.804847: step 6688/24320 (epoch 22/80), loss = 1.689075 (82.307 sec/epoch), lr: 0.003258
Evaluating on dev set...
...........................
source: 	 mrr: 0.034953	 ndcg_5: 0.0245	 ndcg_10: 0.0346	 hit@1:0.009413	 hit@5:0.0391	 hit@10: 0.0710
target: 	 mrr: 0.031669	 ndcg_5: 0.0238	 ndcg_10: 0.0293	 hit@1:0.010453	 hit@5:0.0383	 hit@10: 0.0557
epoch 22: train_loss = 1.689075, source_mrr = 0.034953, source_hit@10 = 0.0710, source_ndcg@10 = 0.0346, target_mrr = 0.031669, target_hit@10 = 0.0557, target_ndcg@10 = 0.0293

2024-08-14 04:52:03.919988: step 6992/24320 (epoch 23/80), loss = 1.685888 (78.355 sec/epoch), lr: 0.003095
Evaluating on dev set...
...........................
source: 	 mrr: 0.034108	 ndcg_5: 0.0224	 ndcg_10: 0.0335	 hit@1:0.008689	 hit@5:0.0369	 hit@10: 0.0710
target: 	 mrr: 0.038044	 ndcg_5: 0.0270	 ndcg_10: 0.0396	 hit@1:0.009756	 hit@5:0.0439	 hit@10: 0.0829
epoch 23: train_loss = 1.685888, source_mrr = 0.034108, source_hit@10 = 0.0710, source_ndcg@10 = 0.0335, target_mrr = 0.038044, target_hit@10 = 0.0829, target_ndcg@10 = 0.0396

2024-08-14 04:53:20.748568: step 7296/24320 (epoch 24/80), loss = 1.682658 (76.218 sec/epoch), lr: 0.003095
Evaluating on dev set...
...........................
source: 	 mrr: 0.023284	 ndcg_5: 0.0139	 ndcg_10: 0.0215	 hit@1:0.005069	 hit@5:0.0232	 hit@10: 0.0471
target: 	 mrr: 0.040961	 ndcg_5: 0.0323	 ndcg_10: 0.0433	 hit@1:0.012544	 hit@5:0.0523	 hit@10: 0.0864
epoch 24: train_loss = 1.682658, source_mrr = 0.023284, source_hit@10 = 0.0471, source_ndcg@10 = 0.0215, target_mrr = 0.040961, target_hit@10 = 0.0864, target_ndcg@10 = 0.0433

2024-08-14 04:54:41.010560: step 7600/24320 (epoch 25/80), loss = 1.678308 (79.654 sec/epoch), lr: 0.002940
Evaluating on dev set...
...........................
source: 	 mrr: 0.033417	 ndcg_5: 0.0231	 ndcg_10: 0.0314	 hit@1:0.007965	 hit@5:0.0369	 hit@10: 0.0630
target: 	 mrr: 0.045871	 ndcg_5: 0.0379	 ndcg_10: 0.0489	 hit@1:0.016725	 hit@5:0.0592	 hit@10: 0.0934
target best!
..............target: 	 mrr: 0.044761	 ndcg_5: 0.0364	 ndcg_10: 0.0507	 hit@1:0.012346	 hit@5:0.0604	 hit@10: 0.1049
epoch 25: train_loss = 1.678308, source_mrr = 0.033417, source_hit@10 = 0.0630, source_ndcg@10 = 0.0314, target_mrr = 0.044761, target_hit@10 = 0.1049, target_ndcg@10 = 0.0507

2024-08-14 04:55:59.204124: step 7904/24320 (epoch 26/80), loss = 1.677138 (77.110 sec/epoch), lr: 0.002940
Evaluating on dev set...
...........................
source: 	 mrr: 0.035448	 ndcg_5: 0.0247	 ndcg_10: 0.0346	 hit@1:0.010138	 hit@5:0.0398	 hit@10: 0.0702
target: 	 mrr: 0.046116	 ndcg_5: 0.0388	 ndcg_10: 0.0498	 hit@1:0.016028	 hit@5:0.0620	 hit@10: 0.0962
target best!
..............target: 	 mrr: 0.045652	 ndcg_5: 0.0380	 ndcg_10: 0.0479	 hit@1:0.014403	 hit@5:0.0624	 hit@10: 0.0940
epoch 26: train_loss = 1.677138, source_mrr = 0.035448, source_hit@10 = 0.0702, source_ndcg@10 = 0.0346, target_mrr = 0.045652, target_hit@10 = 0.0940, target_ndcg@10 = 0.0479

2024-08-14 04:57:17.552258: step 8208/24320 (epoch 27/80), loss = 1.678748 (77.502 sec/epoch), lr: 0.002940
Evaluating on dev set...
...........................
source: 	 mrr: 0.033778	 ndcg_5: 0.0221	 ndcg_10: 0.0360	 hit@1:0.005793	 hit@5:0.0398	 hit@10: 0.0833
target: 	 mrr: 0.039716	 ndcg_5: 0.0299	 ndcg_10: 0.0407	 hit@1:0.011150	 hit@5:0.0481	 hit@10: 0.0822
epoch 27: train_loss = 1.678748, source_mrr = 0.033778, source_hit@10 = 0.0833, source_ndcg@10 = 0.0360, target_mrr = 0.039716, target_hit@10 = 0.0822, target_ndcg@10 = 0.0407

2024-08-14 04:58:43.953952: step 8512/24320 (epoch 28/80), loss = 1.671078 (85.749 sec/epoch), lr: 0.002793
Evaluating on dev set...
...........................
source: 	 mrr: 0.036982	 ndcg_5: 0.0264	 ndcg_10: 0.0350	 hit@1:0.012310	 hit@5:0.0413	 hit@10: 0.0681
target: 	 mrr: 0.044313	 ndcg_5: 0.0368	 ndcg_10: 0.0483	 hit@1:0.011847	 hit@5:0.0613	 hit@10: 0.0969
epoch 28: train_loss = 1.671078, source_mrr = 0.036982, source_hit@10 = 0.0681, source_ndcg@10 = 0.0350, target_mrr = 0.044313, target_hit@10 = 0.0969, target_ndcg@10 = 0.0483

2024-08-14 05:00:09.870851: step 8816/24320 (epoch 29/80), loss = 1.673743 (85.271 sec/epoch), lr: 0.002793
Evaluating on dev set...
...........................
source: 	 mrr: 0.039950	 ndcg_5: 0.0272	 ndcg_10: 0.0379	 hit@1:0.013034	 hit@5:0.0413	 hit@10: 0.0746
target: 	 mrr: 0.044960	 ndcg_5: 0.0373	 ndcg_10: 0.0497	 hit@1:0.015331	 hit@5:0.0613	 hit@10: 0.1010
epoch 29: train_loss = 1.673743, source_mrr = 0.039950, source_hit@10 = 0.0746, source_ndcg@10 = 0.0379, target_mrr = 0.044960, target_hit@10 = 0.1010, target_ndcg@10 = 0.0497

2024-08-14 05:01:33.086379: step 9120/24320 (epoch 30/80), loss = 1.673298 (82.588 sec/epoch), lr: 0.002793
Evaluating on dev set...
...........................
source: 	 mrr: 0.030787	 ndcg_5: 0.0194	 ndcg_10: 0.0296	 hit@1:0.007241	 hit@5:0.0326	 hit@10: 0.0644
target: 	 mrr: 0.047087	 ndcg_5: 0.0383	 ndcg_10: 0.0499	 hit@1:0.016028	 hit@5:0.0599	 hit@10: 0.0962
target best!
..............target: 	 mrr: 0.049920	 ndcg_5: 0.0420	 ndcg_10: 0.0539	 hit@1:0.015775	 hit@5:0.0686	 hit@10: 0.1056
epoch 30: train_loss = 1.673298, source_mrr = 0.030787, source_hit@10 = 0.0644, source_ndcg@10 = 0.0296, target_mrr = 0.049920, target_hit@10 = 0.1056, target_ndcg@10 = 0.0539

2024-08-14 05:02:53.371902: step 9424/24320 (epoch 31/80), loss = 1.669015 (79.425 sec/epoch), lr: 0.002654
Evaluating on dev set...
...........................
source: 	 mrr: 0.038593	 ndcg_5: 0.0279	 ndcg_10: 0.0379	 hit@1:0.011586	 hit@5:0.0442	 hit@10: 0.0760
target: 	 mrr: 0.047616	 ndcg_5: 0.0396	 ndcg_10: 0.0508	 hit@1:0.013240	 hit@5:0.0662	 hit@10: 0.1003
target best!
..............target: 	 mrr: 0.047954	 ndcg_5: 0.0390	 ndcg_10: 0.0539	 hit@1:0.012346	 hit@5:0.0658	 hit@10: 0.1125
epoch 31: train_loss = 1.669015, source_mrr = 0.038593, source_hit@10 = 0.0760, source_ndcg@10 = 0.0379, target_mrr = 0.047954, target_hit@10 = 0.1125, target_ndcg@10 = 0.0539

2024-08-14 05:04:15.964370: step 9728/24320 (epoch 32/80), loss = 1.667929 (81.627 sec/epoch), lr: 0.002654
Evaluating on dev set...
...........................
source: 	 mrr: 0.043831	 ndcg_5: 0.0323	 ndcg_10: 0.0417	 hit@1:0.015206	 hit@5:0.0485	 hit@10: 0.0782
target: 	 mrr: 0.035441	 ndcg_5: 0.0277	 ndcg_10: 0.0362	 hit@1:0.007666	 hit@5:0.0481	 hit@10: 0.0739
source best!
.............
source: 	 mrr: 0.040933	 ndcg_5: 0.0288	 ndcg_10: 0.0389	 hit@1:0.014571	 hit@5:0.0437	 hit@10: 0.0752
epoch 32: train_loss = 1.667929, source_mrr = 0.040933, source_hit@10 = 0.0752, source_ndcg@10 = 0.0389, target_mrr = 0.035441, target_hit@10 = 0.0739, target_ndcg@10 = 0.0362

2024-08-14 05:05:32.722430: step 10032/24320 (epoch 33/80), loss = 1.663929 (75.841 sec/epoch), lr: 0.002521
Evaluating on dev set...
...........................
source: 	 mrr: 0.039020	 ndcg_5: 0.0268	 ndcg_10: 0.0398	 hit@1:0.010862	 hit@5:0.0442	 hit@10: 0.0847
target: 	 mrr: 0.040498	 ndcg_5: 0.0312	 ndcg_10: 0.0441	 hit@1:0.008362	 hit@5:0.0530	 hit@10: 0.0934
epoch 33: train_loss = 1.663929, source_mrr = 0.039020, source_hit@10 = 0.0847, source_ndcg@10 = 0.0398, target_mrr = 0.040498, target_hit@10 = 0.0934, target_ndcg@10 = 0.0441

2024-08-14 05:06:49.925210: step 10336/24320 (epoch 34/80), loss = 1.660729 (76.612 sec/epoch), lr: 0.002521
Evaluating on dev set...
...........................
source: 	 mrr: 0.040144	 ndcg_5: 0.0304	 ndcg_10: 0.0390	 hit@1:0.010138	 hit@5:0.0507	 hit@10: 0.0782
target: 	 mrr: 0.038456	 ndcg_5: 0.0298	 ndcg_10: 0.0403	 hit@1:0.009756	 hit@5:0.0509	 hit@10: 0.0836
epoch 34: train_loss = 1.660729, source_mrr = 0.040144, source_hit@10 = 0.0782, source_ndcg@10 = 0.0390, target_mrr = 0.038456, target_hit@10 = 0.0836, target_ndcg@10 = 0.0403

2024-08-14 05:08:07.498482: step 10640/24320 (epoch 35/80), loss = 1.656049 (76.990 sec/epoch), lr: 0.002395
Evaluating on dev set...
...........................
source: 	 mrr: 0.035268	 ndcg_5: 0.0240	 ndcg_10: 0.0344	 hit@1:0.007241	 hit@5:0.0413	 hit@10: 0.0739
target: 	 mrr: 0.045264	 ndcg_5: 0.0359	 ndcg_10: 0.0483	 hit@1:0.016028	 hit@5:0.0564	 hit@10: 0.0948
epoch 35: train_loss = 1.656049, source_mrr = 0.035268, source_hit@10 = 0.0739, source_ndcg@10 = 0.0344, target_mrr = 0.045264, target_hit@10 = 0.0948, target_ndcg@10 = 0.0483

2024-08-14 05:09:24.921048: step 10944/24320 (epoch 36/80), loss = 1.656677 (76.843 sec/epoch), lr: 0.002395
Evaluating on dev set...
...........................
source: 	 mrr: 0.038676	 ndcg_5: 0.0275	 ndcg_10: 0.0383	 hit@1:0.012310	 hit@5:0.0420	 hit@10: 0.0760
target: 	 mrr: 0.038540	 ndcg_5: 0.0273	 ndcg_10: 0.0415	 hit@1:0.013937	 hit@5:0.0418	 hit@10: 0.0864
epoch 36: train_loss = 1.656677, source_mrr = 0.038676, source_hit@10 = 0.0760, source_ndcg@10 = 0.0383, target_mrr = 0.038540, target_hit@10 = 0.0864, target_ndcg@10 = 0.0415

2024-08-14 05:10:41.611897: step 11248/24320 (epoch 37/80), loss = 1.652148 (76.085 sec/epoch), lr: 0.002275
Evaluating on dev set...
...........................
source: 	 mrr: 0.035087	 ndcg_5: 0.0223	 ndcg_10: 0.0341	 hit@1:0.007241	 hit@5:0.0369	 hit@10: 0.0731
target: 	 mrr: 0.042757	 ndcg_5: 0.0330	 ndcg_10: 0.0474	 hit@1:0.013240	 hit@5:0.0530	 hit@10: 0.0976
epoch 37: train_loss = 1.652148, source_mrr = 0.035087, source_hit@10 = 0.0731, source_ndcg@10 = 0.0341, target_mrr = 0.042757, target_hit@10 = 0.0976, target_ndcg@10 = 0.0474

2024-08-14 05:11:57.696565: step 11552/24320 (epoch 38/80), loss = 1.649257 (75.495 sec/epoch), lr: 0.002275
Evaluating on dev set...
...........................
source: 	 mrr: 0.040550	 ndcg_5: 0.0288	 ndcg_10: 0.0408	 hit@1:0.013034	 hit@5:0.0456	 hit@10: 0.0833
target: 	 mrr: 0.049753	 ndcg_5: 0.0399	 ndcg_10: 0.0527	 hit@1:0.016725	 hit@5:0.0613	 hit@10: 0.1010
target best!
..............target: 	 mrr: 0.047725	 ndcg_5: 0.0369	 ndcg_10: 0.0539	 hit@1:0.010974	 hit@5:0.0617	 hit@10: 0.1145
epoch 38: train_loss = 1.649257, source_mrr = 0.040550, source_hit@10 = 0.0833, source_ndcg@10 = 0.0408, target_mrr = 0.047725, target_hit@10 = 0.1145, target_ndcg@10 = 0.0539

2024-08-14 05:13:15.233745: step 11856/24320 (epoch 39/80), loss = 1.646882 (76.711 sec/epoch), lr: 0.002275
Evaluating on dev set...
...........................
source: 	 mrr: 0.035969	 ndcg_5: 0.0260	 ndcg_10: 0.0358	 hit@1:0.007965	 hit@5:0.0449	 hit@10: 0.0753
target: 	 mrr: 0.047565	 ndcg_5: 0.0390	 ndcg_10: 0.0506	 hit@1:0.015331	 hit@5:0.0627	 hit@10: 0.0983
epoch 39: train_loss = 1.646882, source_mrr = 0.035969, source_hit@10 = 0.0753, source_ndcg@10 = 0.0358, target_mrr = 0.047565, target_hit@10 = 0.0983, target_ndcg@10 = 0.0506

2024-08-14 05:14:32.499665: step 12160/24320 (epoch 40/80), loss = 1.646836 (76.683 sec/epoch), lr: 0.002161
Evaluating on dev set...
...........................
source: 	 mrr: 0.040734	 ndcg_5: 0.0275	 ndcg_10: 0.0409	 hit@1:0.013034	 hit@5:0.0442	 hit@10: 0.0862
target: 	 mrr: 0.047589	 ndcg_5: 0.0376	 ndcg_10: 0.0488	 hit@1:0.018118	 hit@5:0.0571	 hit@10: 0.0920
epoch 40: train_loss = 1.646836, source_mrr = 0.040734, source_hit@10 = 0.0862, source_ndcg@10 = 0.0409, target_mrr = 0.047589, target_hit@10 = 0.0920, target_ndcg@10 = 0.0488
shift to transfer learning mode

2024-08-14 05:15:52.537301: step 12464/24320 (epoch 41/80), loss = 1.654177 (79.467 sec/epoch), lr: 0.002161
Evaluating on dev set...
...........................
source: 	 mrr: 0.038376	 ndcg_5: 0.0256	 ndcg_10: 0.0361	 hit@1:0.015206	 hit@5:0.0362	 hit@10: 0.0688
target: 	 mrr: 0.050290	 ndcg_5: 0.0398	 ndcg_10: 0.0537	 hit@1:0.018118	 hit@5:0.0620	 hit@10: 0.1045
target best!
..............target: 	 mrr: 0.052851	 ndcg_5: 0.0438	 ndcg_10: 0.0584	 hit@1:0.019204	 hit@5:0.0693	 hit@10: 0.1145
epoch 41: train_loss = 1.654177, source_mrr = 0.038376, source_hit@10 = 0.0688, source_ndcg@10 = 0.0361, target_mrr = 0.052851, target_hit@10 = 0.1145, target_ndcg@10 = 0.0584

2024-08-14 05:17:12.035465: step 12768/24320 (epoch 42/80), loss = 1.656838 (78.659 sec/epoch), lr: 0.002161
Evaluating on dev set...
...........................
source: 	 mrr: 0.033348	 ndcg_5: 0.0218	 ndcg_10: 0.0323	 hit@1:0.007965	 hit@5:0.0362	 hit@10: 0.0695
target: 	 mrr: 0.033884	 ndcg_5: 0.0256	 ndcg_10: 0.0368	 hit@1:0.007666	 hit@5:0.0453	 hit@10: 0.0801
epoch 42: train_loss = 1.656838, source_mrr = 0.033348, source_hit@10 = 0.0695, source_ndcg@10 = 0.0323, target_mrr = 0.033884, target_hit@10 = 0.0801, target_ndcg@10 = 0.0368

2024-08-14 05:18:29.179216: step 13072/24320 (epoch 43/80), loss = 1.649894 (76.559 sec/epoch), lr: 0.002053
Evaluating on dev set...
...........................
source: 	 mrr: 0.033534	 ndcg_5: 0.0228	 ndcg_10: 0.0309	 hit@1:0.008689	 hit@5:0.0391	 hit@10: 0.0644
target: 	 mrr: 0.044900	 ndcg_5: 0.0342	 ndcg_10: 0.0502	 hit@1:0.013240	 hit@5:0.0571	 hit@10: 0.1066
epoch 43: train_loss = 1.649894, source_mrr = 0.033534, source_hit@10 = 0.0644, source_ndcg@10 = 0.0309, target_mrr = 0.044900, target_hit@10 = 0.1066, target_ndcg@10 = 0.0502

2024-08-14 05:19:48.270263: step 13376/24320 (epoch 44/80), loss = 1.648667 (78.490 sec/epoch), lr: 0.002053
Evaluating on dev set...
...........................
source: 	 mrr: 0.040403	 ndcg_5: 0.0287	 ndcg_10: 0.0395	 hit@1:0.010138	 hit@5:0.0456	 hit@10: 0.0789
target: 	 mrr: 0.040689	 ndcg_5: 0.0338	 ndcg_10: 0.0443	 hit@1:0.010453	 hit@5:0.0578	 hit@10: 0.0906
epoch 44: train_loss = 1.648667, source_mrr = 0.040403, source_hit@10 = 0.0789, source_ndcg@10 = 0.0395, target_mrr = 0.040689, target_hit@10 = 0.0906, target_ndcg@10 = 0.0443

2024-08-14 05:21:06.176505: step 13680/24320 (epoch 45/80), loss = 1.646345 (77.326 sec/epoch), lr: 0.002053
Evaluating on dev set...
...........................
source: 	 mrr: 0.039073	 ndcg_5: 0.0270	 ndcg_10: 0.0399	 hit@1:0.011586	 hit@5:0.0449	 hit@10: 0.0854
target: 	 mrr: 0.052923	 ndcg_5: 0.0454	 ndcg_10: 0.0572	 hit@1:0.020906	 hit@5:0.0704	 hit@10: 0.1066
target best!
..............target: 	 mrr: 0.053289	 ndcg_5: 0.0462	 ndcg_10: 0.0602	 hit@1:0.019890	 hit@5:0.0754	 hit@10: 0.1187
epoch 45: train_loss = 1.646345, source_mrr = 0.039073, source_hit@10 = 0.0854, source_ndcg@10 = 0.0399, target_mrr = 0.053289, target_hit@10 = 0.1187, target_ndcg@10 = 0.0602

2024-08-14 05:22:27.704738: step 13984/24320 (epoch 46/80), loss = 1.645546 (80.714 sec/epoch), lr: 0.002053
Evaluating on dev set...
...........................
source: 	 mrr: 0.035896	 ndcg_5: 0.0254	 ndcg_10: 0.0328	 hit@1:0.011586	 hit@5:0.0398	 hit@10: 0.0630
target: 	 mrr: 0.054199	 ndcg_5: 0.0440	 ndcg_10: 0.0576	 hit@1:0.020906	 hit@5:0.0655	 hit@10: 0.1080
target best!
..............target: 	 mrr: 0.057916	 ndcg_5: 0.0486	 ndcg_10: 0.0630	 hit@1:0.023320	 hit@5:0.0741	 hit@10: 0.1187
epoch 46: train_loss = 1.645546, source_mrr = 0.035896, source_hit@10 = 0.0630, source_ndcg@10 = 0.0328, target_mrr = 0.057916, target_hit@10 = 0.1187, target_ndcg@10 = 0.0630

2024-08-14 05:23:45.283826: step 14288/24320 (epoch 47/80), loss = 1.643368 (76.744 sec/epoch), lr: 0.001951
Evaluating on dev set...
...........................
source: 	 mrr: 0.039236	 ndcg_5: 0.0283	 ndcg_10: 0.0379	 hit@1:0.013034	 hit@5:0.0449	 hit@10: 0.0753
target: 	 mrr: 0.046086	 ndcg_5: 0.0379	 ndcg_10: 0.0507	 hit@1:0.012544	 hit@5:0.0641	 hit@10: 0.1031
epoch 47: train_loss = 1.643368, source_mrr = 0.039236, source_hit@10 = 0.0753, source_ndcg@10 = 0.0379, target_mrr = 0.046086, target_hit@10 = 0.1031, target_ndcg@10 = 0.0507

2024-08-14 05:25:05.020692: step 14592/24320 (epoch 48/80), loss = 1.640183 (79.137 sec/epoch), lr: 0.001853
Evaluating on dev set...
...........................
source: 	 mrr: 0.041292	 ndcg_5: 0.0301	 ndcg_10: 0.0419	 hit@1:0.010862	 hit@5:0.0492	 hit@10: 0.0854
target: 	 mrr: 0.055759	 ndcg_5: 0.0464	 ndcg_10: 0.0604	 hit@1:0.022997	 hit@5:0.0690	 hit@10: 0.1122
target best!
..............target: 	 mrr: 0.053293	 ndcg_5: 0.0438	 ndcg_10: 0.0577	 hit@1:0.019204	 hit@5:0.0679	 hit@10: 0.1111
epoch 48: train_loss = 1.640183, source_mrr = 0.041292, source_hit@10 = 0.0854, source_ndcg@10 = 0.0419, target_mrr = 0.053293, target_hit@10 = 0.1111, target_ndcg@10 = 0.0577

2024-08-14 05:26:25.271852: step 14896/24320 (epoch 49/80), loss = 1.638280 (79.419 sec/epoch), lr: 0.001853
Evaluating on dev set...
...........................
source: 	 mrr: 0.041130	 ndcg_5: 0.0301	 ndcg_10: 0.0409	 hit@1:0.013034	 hit@5:0.0471	 hit@10: 0.0811
target: 	 mrr: 0.044758	 ndcg_5: 0.0374	 ndcg_10: 0.0494	 hit@1:0.011847	 hit@5:0.0641	 hit@10: 0.1017
epoch 49: train_loss = 1.638280, source_mrr = 0.041130, source_hit@10 = 0.0811, source_ndcg@10 = 0.0409, target_mrr = 0.044758, target_hit@10 = 0.1017, target_ndcg@10 = 0.0494

2024-08-14 05:27:42.821231: step 15200/24320 (epoch 50/80), loss = 1.634416 (76.932 sec/epoch), lr: 0.001761
Evaluating on dev set...
...........................
source: 	 mrr: 0.043728	 ndcg_5: 0.0324	 ndcg_10: 0.0444	 hit@1:0.015206	 hit@5:0.0500	 hit@10: 0.0883
target: 	 mrr: 0.044537	 ndcg_5: 0.0374	 ndcg_10: 0.0483	 hit@1:0.011150	 hit@5:0.0648	 hit@10: 0.0983
epoch 50: train_loss = 1.634416, source_mrr = 0.043728, source_hit@10 = 0.0883, source_ndcg@10 = 0.0444, target_mrr = 0.044537, target_hit@10 = 0.0983, target_ndcg@10 = 0.0483

2024-08-14 05:29:00.016185: step 15504/24320 (epoch 51/80), loss = 1.631995 (76.611 sec/epoch), lr: 0.001761
Evaluating on dev set...
...........................
source: 	 mrr: 0.044639	 ndcg_5: 0.0336	 ndcg_10: 0.0454	 hit@1:0.015206	 hit@5:0.0514	 hit@10: 0.0891
target: 	 mrr: 0.044630	 ndcg_5: 0.0368	 ndcg_10: 0.0512	 hit@1:0.006969	 hit@5:0.0648	 hit@10: 0.1101
source best!
.............
source: 	 mrr: 0.041140	 ndcg_5: 0.0293	 ndcg_10: 0.0410	 hit@1:0.013037	 hit@5:0.0460	 hit@10: 0.0828
epoch 51: train_loss = 1.631995, source_mrr = 0.041140, source_hit@10 = 0.0828, source_ndcg@10 = 0.0410, target_mrr = 0.044630, target_hit@10 = 0.1101, target_ndcg@10 = 0.0512

2024-08-14 05:30:20.573923: step 15808/24320 (epoch 52/80), loss = 1.634084 (79.667 sec/epoch), lr: 0.001761
Evaluating on dev set...
...........................
source: 	 mrr: 0.040467	 ndcg_5: 0.0296	 ndcg_10: 0.0405	 hit@1:0.011586	 hit@5:0.0492	 hit@10: 0.0833
target: 	 mrr: 0.042637	 ndcg_5: 0.0335	 ndcg_10: 0.0440	 hit@1:0.014634	 hit@5:0.0530	 hit@10: 0.0857
epoch 52: train_loss = 1.634084, source_mrr = 0.040467, source_hit@10 = 0.0833, source_ndcg@10 = 0.0405, target_mrr = 0.042637, target_hit@10 = 0.0857, target_ndcg@10 = 0.0440

2024-08-14 05:31:40.626915: step 16112/24320 (epoch 53/80), loss = 1.629502 (79.304 sec/epoch), lr: 0.001672
Evaluating on dev set...
...........................
source: 	 mrr: 0.037989	 ndcg_5: 0.0272	 ndcg_10: 0.0386	 hit@1:0.009413	 hit@5:0.0456	 hit@10: 0.0818
target: 	 mrr: 0.050849	 ndcg_5: 0.0422	 ndcg_10: 0.0549	 hit@1:0.018815	 hit@5:0.0655	 hit@10: 0.1052
epoch 53: train_loss = 1.629502, source_mrr = 0.037989, source_hit@10 = 0.0818, source_ndcg@10 = 0.0386, target_mrr = 0.050849, target_hit@10 = 0.1052, target_ndcg@10 = 0.0549

2024-08-14 05:32:59.646966: step 16416/24320 (epoch 54/80), loss = 1.627279 (78.374 sec/epoch), lr: 0.001672
Evaluating on dev set...
...........................
source: 	 mrr: 0.040966	 ndcg_5: 0.0293	 ndcg_10: 0.0411	 hit@1:0.010862	 hit@5:0.0478	 hit@10: 0.0840
target: 	 mrr: 0.052527	 ndcg_5: 0.0438	 ndcg_10: 0.0558	 hit@1:0.019512	 hit@5:0.0676	 hit@10: 0.1052
epoch 54: train_loss = 1.627279, source_mrr = 0.040966, source_hit@10 = 0.0840, source_ndcg@10 = 0.0411, target_mrr = 0.052527, target_hit@10 = 0.1052, target_ndcg@10 = 0.0558

2024-08-14 05:34:18.258897: step 16720/24320 (epoch 55/80), loss = 1.627846 (77.875 sec/epoch), lr: 0.001672
Evaluating on dev set...
...........................
source: 	 mrr: 0.039245	 ndcg_5: 0.0281	 ndcg_10: 0.0379	 hit@1:0.012310	 hit@5:0.0449	 hit@10: 0.0753
target: 	 mrr: 0.046615	 ndcg_5: 0.0382	 ndcg_10: 0.0507	 hit@1:0.013937	 hit@5:0.0613	 hit@10: 0.1010
epoch 55: train_loss = 1.627846, source_mrr = 0.039245, source_hit@10 = 0.0753, source_ndcg@10 = 0.0379, target_mrr = 0.046615, target_hit@10 = 0.1010, target_ndcg@10 = 0.0507

2024-08-14 05:35:37.269495: step 17024/24320 (epoch 56/80), loss = 1.624211 (78.428 sec/epoch), lr: 0.001589
Evaluating on dev set...
...........................
source: 	 mrr: 0.030887	 ndcg_5: 0.0218	 ndcg_10: 0.0302	 hit@1:0.003621	 hit@5:0.0398	 hit@10: 0.0666
target: 	 mrr: 0.049049	 ndcg_5: 0.0399	 ndcg_10: 0.0511	 hit@1:0.018118	 hit@5:0.0606	 hit@10: 0.0955
epoch 56: train_loss = 1.624211, source_mrr = 0.030887, source_hit@10 = 0.0666, source_ndcg@10 = 0.0302, target_mrr = 0.049049, target_hit@10 = 0.0955, target_ndcg@10 = 0.0511

2024-08-14 05:36:58.126494: step 17328/24320 (epoch 57/80), loss = 1.620237 (80.254 sec/epoch), lr: 0.001509
Evaluating on dev set...
...........................
source: 	 mrr: 0.038466	 ndcg_5: 0.0260	 ndcg_10: 0.0395	 hit@1:0.008689	 hit@5:0.0427	 hit@10: 0.0854
target: 	 mrr: 0.043535	 ndcg_5: 0.0355	 ndcg_10: 0.0465	 hit@1:0.011847	 hit@5:0.0578	 hit@10: 0.0920
epoch 57: train_loss = 1.620237, source_mrr = 0.038466, source_hit@10 = 0.0854, source_ndcg@10 = 0.0395, target_mrr = 0.043535, target_hit@10 = 0.0920, target_ndcg@10 = 0.0465

2024-08-14 05:38:16.501979: step 17632/24320 (epoch 58/80), loss = 1.620090 (77.755 sec/epoch), lr: 0.001509
Evaluating on dev set...
...........................
source: 	 mrr: 0.038247	 ndcg_5: 0.0280	 ndcg_10: 0.0374	 hit@1:0.009413	 hit@5:0.0471	 hit@10: 0.0760
target: 	 mrr: 0.041775	 ndcg_5: 0.0318	 ndcg_10: 0.0440	 hit@1:0.012544	 hit@5:0.0516	 hit@10: 0.0899
epoch 58: train_loss = 1.620090, source_mrr = 0.038247, source_hit@10 = 0.0760, source_ndcg@10 = 0.0374, target_mrr = 0.041775, target_hit@10 = 0.0899, target_ndcg@10 = 0.0440

2024-08-14 05:39:34.922771: step 17936/24320 (epoch 59/80), loss = 1.616223 (77.828 sec/epoch), lr: 0.001434
Evaluating on dev set...
...........................
source: 	 mrr: 0.041313	 ndcg_5: 0.0317	 ndcg_10: 0.0416	 hit@1:0.010862	 hit@5:0.0521	 hit@10: 0.0833
target: 	 mrr: 0.041782	 ndcg_5: 0.0311	 ndcg_10: 0.0448	 hit@1:0.013240	 hit@5:0.0495	 hit@10: 0.0927
epoch 59: train_loss = 1.616223, source_mrr = 0.041313, source_hit@10 = 0.0833, source_ndcg@10 = 0.0416, target_mrr = 0.041782, target_hit@10 = 0.0927, target_ndcg@10 = 0.0448

2024-08-14 05:40:52.688106: step 18240/24320 (epoch 60/80), loss = 1.615765 (77.180 sec/epoch), lr: 0.001434
Evaluating on dev set...
...........................
source: 	 mrr: 0.044378	 ndcg_5: 0.0318	 ndcg_10: 0.0442	 hit@1:0.018103	 hit@5:0.0456	 hit@10: 0.0847
target: 	 mrr: 0.042141	 ndcg_5: 0.0323	 ndcg_10: 0.0463	 hit@1:0.011847	 hit@5:0.0537	 hit@10: 0.0976
epoch 60: train_loss = 1.615765, source_mrr = 0.044378, source_hit@10 = 0.0847, source_ndcg@10 = 0.0442, target_mrr = 0.042141, target_hit@10 = 0.0976, target_ndcg@10 = 0.0463

2024-08-14 05:42:13.246602: step 18544/24320 (epoch 61/80), loss = 1.611394 (79.947 sec/epoch), lr: 0.001434
Evaluating on dev set...
...........................
source: 	 mrr: 0.040015	 ndcg_5: 0.0305	 ndcg_10: 0.0419	 hit@1:0.008689	 hit@5:0.0521	 hit@10: 0.0876
target: 	 mrr: 0.040820	 ndcg_5: 0.0316	 ndcg_10: 0.0409	 hit@1:0.015331	 hit@5:0.0481	 hit@10: 0.0774
epoch 61: train_loss = 1.611394, source_mrr = 0.040015, source_hit@10 = 0.0876, source_ndcg@10 = 0.0419, target_mrr = 0.040820, target_hit@10 = 0.0774, target_ndcg@10 = 0.0409

2024-08-14 05:43:32.231957: step 18848/24320 (epoch 62/80), loss = 1.610276 (78.399 sec/epoch), lr: 0.001362
Evaluating on dev set...
...........................
source: 	 mrr: 0.039502	 ndcg_5: 0.0281	 ndcg_10: 0.0397	 hit@1:0.013034	 hit@5:0.0449	 hit@10: 0.0804
target: 	 mrr: 0.044086	 ndcg_5: 0.0344	 ndcg_10: 0.0449	 hit@1:0.016725	 hit@5:0.0523	 hit@10: 0.0850
epoch 62: train_loss = 1.610276, source_mrr = 0.039502, source_hit@10 = 0.0804, source_ndcg@10 = 0.0397, target_mrr = 0.044086, target_hit@10 = 0.0850, target_ndcg@10 = 0.0449

2024-08-14 05:44:50.110885: step 19152/24320 (epoch 63/80), loss = 1.607809 (77.297 sec/epoch), lr: 0.001362
Evaluating on dev set...
...........................
source: 	 mrr: 0.042520	 ndcg_5: 0.0306	 ndcg_10: 0.0432	 hit@1:0.015206	 hit@5:0.0478	 hit@10: 0.0869
target: 	 mrr: 0.045647	 ndcg_5: 0.0343	 ndcg_10: 0.0500	 hit@1:0.013937	 hit@5:0.0551	 hit@10: 0.1045
epoch 63: train_loss = 1.607809, source_mrr = 0.042520, source_hit@10 = 0.0869, source_ndcg@10 = 0.0432, target_mrr = 0.045647, target_hit@10 = 0.1045, target_ndcg@10 = 0.0500

2024-08-14 05:46:08.948453: step 19456/24320 (epoch 64/80), loss = 1.609217 (78.227 sec/epoch), lr: 0.001362
Evaluating on dev set...
...........................
source: 	 mrr: 0.041316	 ndcg_5: 0.0279	 ndcg_10: 0.0433	 hit@1:0.010862	 hit@5:0.0442	 hit@10: 0.0920
target: 	 mrr: 0.056327	 ndcg_5: 0.0482	 ndcg_10: 0.0614	 hit@1:0.021603	 hit@5:0.0739	 hit@10: 0.1150
target best!
..............target: 	 mrr: 0.055231	 ndcg_5: 0.0442	 ndcg_10: 0.0600	 hit@1:0.020576	 hit@5:0.0665	 hit@10: 0.1152
epoch 64: train_loss = 1.609217, source_mrr = 0.041316, source_hit@10 = 0.0920, source_ndcg@10 = 0.0433, target_mrr = 0.055231, target_hit@10 = 0.1152, target_ndcg@10 = 0.0600

2024-08-14 05:47:26.861956: step 19760/24320 (epoch 65/80), loss = 1.607044 (77.076 sec/epoch), lr: 0.001362
Evaluating on dev set...
...........................
source: 	 mrr: 0.035127	 ndcg_5: 0.0241	 ndcg_10: 0.0330	 hit@1:0.009413	 hit@5:0.0398	 hit@10: 0.0681
target: 	 mrr: 0.052884	 ndcg_5: 0.0419	 ndcg_10: 0.0582	 hit@1:0.018815	 hit@5:0.0634	 hit@10: 0.1143
epoch 65: train_loss = 1.607044, source_mrr = 0.035127, source_hit@10 = 0.0681, source_ndcg@10 = 0.0330, target_mrr = 0.052884, target_hit@10 = 0.1143, target_ndcg@10 = 0.0582

2024-08-14 05:48:45.923839: step 20064/24320 (epoch 66/80), loss = 1.602422 (78.457 sec/epoch), lr: 0.001294
Evaluating on dev set...
...........................
source: 	 mrr: 0.033620	 ndcg_5: 0.0251	 ndcg_10: 0.0322	 hit@1:0.008689	 hit@5:0.0413	 hit@10: 0.0630
target: 	 mrr: 0.048587	 ndcg_5: 0.0388	 ndcg_10: 0.0507	 hit@1:0.016725	 hit@5:0.0613	 hit@10: 0.0990
epoch 66: train_loss = 1.602422, source_mrr = 0.033620, source_hit@10 = 0.0630, source_ndcg@10 = 0.0322, target_mrr = 0.048587, target_hit@10 = 0.0990, target_ndcg@10 = 0.0507

2024-08-14 05:50:04.734600: step 20368/24320 (epoch 67/80), loss = 1.599179 (78.225 sec/epoch), lr: 0.001229
Evaluating on dev set...
...........................
source: 	 mrr: 0.039087	 ndcg_5: 0.0292	 ndcg_10: 0.0409	 hit@1:0.010138	 hit@5:0.0478	 hit@10: 0.0840
target: 	 mrr: 0.046476	 ndcg_5: 0.0373	 ndcg_10: 0.0514	 hit@1:0.013937	 hit@5:0.0613	 hit@10: 0.1052
epoch 67: train_loss = 1.599179, source_mrr = 0.039087, source_hit@10 = 0.0840, source_ndcg@10 = 0.0409, target_mrr = 0.046476, target_hit@10 = 0.1052, target_ndcg@10 = 0.0514

2024-08-14 05:51:25.825663: step 20672/24320 (epoch 68/80), loss = 1.597092 (80.472 sec/epoch), lr: 0.001229
Evaluating on dev set...
...........................
source: 	 mrr: 0.041410	 ndcg_5: 0.0294	 ndcg_10: 0.0423	 hit@1:0.013034	 hit@5:0.0463	 hit@10: 0.0869
target: 	 mrr: 0.050542	 ndcg_5: 0.0424	 ndcg_10: 0.0533	 hit@1:0.019512	 hit@5:0.0648	 hit@10: 0.0983
epoch 68: train_loss = 1.597092, source_mrr = 0.041410, source_hit@10 = 0.0869, source_ndcg@10 = 0.0423, target_mrr = 0.050542, target_hit@10 = 0.0983, target_ndcg@10 = 0.0533

2024-08-14 05:52:44.021462: step 20976/24320 (epoch 69/80), loss = 1.596151 (77.620 sec/epoch), lr: 0.001229
Evaluating on dev set...
...........................
source: 	 mrr: 0.036986	 ndcg_5: 0.0261	 ndcg_10: 0.0372	 hit@1:0.009413	 hit@5:0.0434	 hit@10: 0.0782
target: 	 mrr: 0.054451	 ndcg_5: 0.0463	 ndcg_10: 0.0584	 hit@1:0.022300	 hit@5:0.0697	 hit@10: 0.1073
epoch 69: train_loss = 1.596151, source_mrr = 0.036986, source_hit@10 = 0.0782, source_ndcg@10 = 0.0372, target_mrr = 0.054451, target_hit@10 = 0.1073, target_ndcg@10 = 0.0584

2024-08-14 05:54:03.650560: step 21280/24320 (epoch 70/80), loss = 1.593279 (79.046 sec/epoch), lr: 0.001168
Evaluating on dev set...
...........................
source: 	 mrr: 0.039704	 ndcg_5: 0.0285	 ndcg_10: 0.0397	 hit@1:0.011586	 hit@5:0.0463	 hit@10: 0.0811
target: 	 mrr: 0.052535	 ndcg_5: 0.0422	 ndcg_10: 0.0580	 hit@1:0.018118	 hit@5:0.0655	 hit@10: 0.1143
epoch 70: train_loss = 1.593279, source_mrr = 0.039704, source_hit@10 = 0.0811, source_ndcg@10 = 0.0397, target_mrr = 0.052535, target_hit@10 = 0.1143, target_ndcg@10 = 0.0580

2024-08-14 05:55:24.013164: step 21584/24320 (epoch 71/80), loss = 1.590661 (79.750 sec/epoch), lr: 0.001168
Evaluating on dev set...
...........................
source: 	 mrr: 0.036558	 ndcg_5: 0.0269	 ndcg_10: 0.0362	 hit@1:0.010862	 hit@5:0.0434	 hit@10: 0.0724
target: 	 mrr: 0.046258	 ndcg_5: 0.0384	 ndcg_10: 0.0523	 hit@1:0.011150	 hit@5:0.0655	 hit@10: 0.1080
epoch 71: train_loss = 1.590661, source_mrr = 0.036558, source_hit@10 = 0.0724, source_ndcg@10 = 0.0362, target_mrr = 0.046258, target_hit@10 = 0.1080, target_ndcg@10 = 0.0523

2024-08-14 05:56:45.240670: step 21888/24320 (epoch 72/80), loss = 1.588893 (80.475 sec/epoch), lr: 0.001110
Evaluating on dev set...
...........................
source: 	 mrr: 0.038434	 ndcg_5: 0.0276	 ndcg_10: 0.0398	 hit@1:0.009413	 hit@5:0.0463	 hit@10: 0.0840
target: 	 mrr: 0.046535	 ndcg_5: 0.0364	 ndcg_10: 0.0487	 hit@1:0.017422	 hit@5:0.0564	 hit@10: 0.0955
epoch 72: train_loss = 1.588893, source_mrr = 0.038434, source_hit@10 = 0.0840, source_ndcg@10 = 0.0398, target_mrr = 0.046535, target_hit@10 = 0.0955, target_ndcg@10 = 0.0487

2024-08-14 05:58:05.878570: step 22192/24320 (epoch 73/80), loss = 1.586226 (79.885 sec/epoch), lr: 0.001110
Evaluating on dev set...
...........................
source: 	 mrr: 0.035279	 ndcg_5: 0.0218	 ndcg_10: 0.0328	 hit@1:0.010862	 hit@5:0.0340	 hit@10: 0.0681
target: 	 mrr: 0.045284	 ndcg_5: 0.0352	 ndcg_10: 0.0470	 hit@1:0.015331	 hit@5:0.0564	 hit@10: 0.0927
epoch 73: train_loss = 1.586226, source_mrr = 0.035279, source_hit@10 = 0.0681, source_ndcg@10 = 0.0328, target_mrr = 0.045284, target_hit@10 = 0.0927, target_ndcg@10 = 0.0470

2024-08-14 05:59:27.930236: step 22496/24320 (epoch 74/80), loss = 1.582677 (81.310 sec/epoch), lr: 0.001054
Evaluating on dev set...
...........................
source: 	 mrr: 0.036427	 ndcg_5: 0.0239	 ndcg_10: 0.0355	 hit@1:0.011586	 hit@5:0.0362	 hit@10: 0.0724
target: 	 mrr: 0.045497	 ndcg_5: 0.0349	 ndcg_10: 0.0474	 hit@1:0.015331	 hit@5:0.0544	 hit@10: 0.0934
epoch 74: train_loss = 1.582677, source_mrr = 0.036427, source_hit@10 = 0.0724, source_ndcg@10 = 0.0355, target_mrr = 0.045497, target_hit@10 = 0.0934, target_ndcg@10 = 0.0474

2024-08-14 06:00:46.715756: step 22800/24320 (epoch 75/80), loss = 1.577258 (78.193 sec/epoch), lr: 0.001054
Evaluating on dev set...
...........................
source: 	 mrr: 0.041915	 ndcg_5: 0.0308	 ndcg_10: 0.0410	 hit@1:0.013034	 hit@5:0.0485	 hit@10: 0.0804
target: 	 mrr: 0.047478	 ndcg_5: 0.0352	 ndcg_10: 0.0511	 hit@1:0.014634	 hit@5:0.0537	 hit@10: 0.1031
epoch 75: train_loss = 1.577258, source_mrr = 0.041915, source_hit@10 = 0.0804, source_ndcg@10 = 0.0410, target_mrr = 0.047478, target_hit@10 = 0.1031, target_ndcg@10 = 0.0511

2024-08-14 06:02:04.300563: step 23104/24320 (epoch 76/80), loss = 1.577509 (76.996 sec/epoch), lr: 0.001054
Evaluating on dev set...
...........................
source: 	 mrr: 0.040705	 ndcg_5: 0.0316	 ndcg_10: 0.0412	 hit@1:0.011586	 hit@5:0.0529	 hit@10: 0.0825
target: 	 mrr: 0.043377	 ndcg_5: 0.0331	 ndcg_10: 0.0458	 hit@1:0.012544	 hit@5:0.0537	 hit@10: 0.0934
epoch 76: train_loss = 1.577509, source_mrr = 0.040705, source_hit@10 = 0.0825, source_ndcg@10 = 0.0412, target_mrr = 0.043377, target_hit@10 = 0.0934, target_ndcg@10 = 0.0458

2024-08-14 06:03:24.997275: step 23408/24320 (epoch 77/80), loss = 1.572096 (80.106 sec/epoch), lr: 0.001001
Evaluating on dev set...
...........................
source: 	 mrr: 0.040284	 ndcg_5: 0.0306	 ndcg_10: 0.0409	 hit@1:0.011586	 hit@5:0.0507	 hit@10: 0.0825
target: 	 mrr: 0.038199	 ndcg_5: 0.0297	 ndcg_10: 0.0395	 hit@1:0.010453	 hit@5:0.0495	 hit@10: 0.0801
epoch 77: train_loss = 1.572096, source_mrr = 0.040284, source_hit@10 = 0.0825, source_ndcg@10 = 0.0409, target_mrr = 0.038199, target_hit@10 = 0.0801, target_ndcg@10 = 0.0395

2024-08-14 06:04:44.466341: step 23712/24320 (epoch 78/80), loss = 1.565543 (78.891 sec/epoch), lr: 0.000951
Evaluating on dev set...
...........................
source: 	 mrr: 0.038395	 ndcg_5: 0.0277	 ndcg_10: 0.0383	 hit@1:0.010138	 hit@5:0.0463	 hit@10: 0.0797
target: 	 mrr: 0.052648	 ndcg_5: 0.0458	 ndcg_10: 0.0588	 hit@1:0.017422	 hit@5:0.0732	 hit@10: 0.1143
epoch 78: train_loss = 1.565543, source_mrr = 0.038395, source_hit@10 = 0.0797, source_ndcg@10 = 0.0383, target_mrr = 0.052648, target_hit@10 = 0.1143, target_ndcg@10 = 0.0588

2024-08-14 06:06:04.461095: step 24016/24320 (epoch 79/80), loss = 1.564079 (79.385 sec/epoch), lr: 0.000951
Evaluating on dev set...
...........................
source: 	 mrr: 0.043369	 ndcg_5: 0.0333	 ndcg_10: 0.0444	 hit@1:0.013034	 hit@5:0.0529	 hit@10: 0.0876
target: 	 mrr: 0.053252	 ndcg_5: 0.0446	 ndcg_10: 0.0573	 hit@1:0.018815	 hit@5:0.0711	 hit@10: 0.1115
epoch 79: train_loss = 1.564079, source_mrr = 0.043369, source_hit@10 = 0.0876, source_ndcg@10 = 0.0444, target_mrr = 0.053252, target_hit@10 = 0.1115, target_ndcg@10 = 0.0573

2024-08-14 06:07:23.201171: step 24320/24320 (epoch 80/80), loss = 1.562991 (78.143 sec/epoch), lr: 0.000951
Evaluating on dev set...
...........................
source: 	 mrr: 0.037878	 ndcg_5: 0.0268	 ndcg_10: 0.0368	 hit@1:0.011586	 hit@5:0.0434	 hit@10: 0.0746
target: 	 mrr: 0.044282	 ndcg_5: 0.0355	 ndcg_10: 0.0458	 hit@1:0.014634	 hit@5:0.0551	 hit@10: 0.0878
epoch 80: train_loss = 1.562991, source_mrr = 0.037878, source_hit@10 = 0.0746, source_ndcg@10 = 0.0368, target_mrr = 0.044282, target_hit@10 = 0.0878, target_ndcg@10 = 0.0458

source best:  source_mrr = 0.041316, source_hit@10 = 0.0920, source_ndcg@10 = 0.0433
target best:  target_mrr = 0.056327, target_hit@10 = 0.1150, target_ndcg@10 = 0.0614
