nohup: ignoring input
using gpu:0 to train the model
using gpu:0 to train the model
cuda:0
Namespace(A_split=False, JK='sum', a_fold=100, aggregate=False, alpha=0.5, batch_size=1024, beta_inter=0.2, conv_layers=4, cuda=True, decay_epoch=10, device=device(type='cuda', index=0), device_id='0', domains='cell_electronic', dropout=0.4, epoch=80, feature_dim=126, gamma_intra=0.8, hidden_dim=126, inter_tau=0.2, intra_tau=0.4, lambda_critic=0.1, leakey=0.05, load=False, log='logs.txt', log_epoch=1, lr=0.004, lr_decay=0.95, min_epoch=50, mode='train', model_file=None, model_name='ce', momentum=0.98, num_latent_factors=3, num_negative=100, optim='adam', patience=20, proj_layers=1, projection=1, rectify_epoch=30, residual=1, save=False, save_dir='./saved_models', seed=32, similarity_tau=0.1, test_sample_number=999, user_batch_size=256, weight_decay=0.0002)
number_user 27519
number_item 9481
/home/hourun/invariantCDR_v2/invariantCDR/utils/GraphMaker.py:46: RuntimeWarning: divide by zero encountered in power
  r_inv = np.power(rowsum, -1).flatten()
real graph loaded!
number_user 107984
number_item 40460
real graph loaded!
graph loaded!
Loading data from cell_electronic with batch size 1024...
unseen test: 0
test length: 6417
unseen test: 0
test length: 6322
unseen test: 0
test length: 15199
unseen test: 0
test length: 15053
source_user_num 27519
target_user_num 107984
source_item_num 9481
target_item_num 40460
shared users id: 16337
test users 2049, 2042
unseen test: 0
dev length: 1000
unseen test: 0
dev length: 1000
source train data : 148271, target train data: 821301, source test data : 6322, target test data : 15053, source dev data : 1000, target dev data : 1000
Directory ./saved_models/ce do not exist; creating...
2024-08-12 00:33:04.715007: step 947/75760 (epoch 1/80), loss = 2.128935 (242.526 sec/epoch), lr: 0.004000
Evaluating on dev set...
.......................................................................................................................................................................................................................
source: 	 mrr: 0.052723	 ndcg_5: 0.0439	 ndcg_10: 0.0582	 hit@1:0.017298	 hit@5:0.0714	 hit@10: 0.1163
target: 	 mrr: 0.065836	 ndcg_5: 0.0586	 ndcg_10: 0.0768	 hit@1:0.021251	 hit@5:0.0967	 hit@10: 0.1527
source best!
...............................................................
source: 	 mrr: 0.055884	 ndcg_5: 0.0451	 ndcg_10: 0.0609	 hit@1:0.020247	 hit@5:0.0712	 hit@10: 0.1204
target best!
......................................................................................................................................................target: 	 mrr: 0.070445	 ndcg_5: 0.0636	 ndcg_10: 0.0816	 hit@1:0.025111	 hit@5:0.1026	 hit@10: 0.1585
epoch 1: train_loss = 2.128935, source_mrr = 0.055884, source_hit@10 = 0.1204, source_ndcg@10 = 0.0609, target_mrr = 0.070445, target_hit@10 = 0.1585, target_ndcg@10 = 0.0816

2024-08-12 00:37:12.148837: step 1894/75760 (epoch 2/80), loss = 1.999890 (243.487 sec/epoch), lr: 0.004000
Evaluating on dev set...
.......................................................................................................................................................................................................................
source: 	 mrr: 0.060221	 ndcg_5: 0.0492	 ndcg_10: 0.0691	 hit@1:0.018389	 hit@5:0.0796	 hit@10: 0.1413
target: 	 mrr: 0.061462	 ndcg_5: 0.0524	 ndcg_10: 0.0696	 hit@1:0.019343	 hit@5:0.0861	 hit@10: 0.1396
source best!
...............................................................
source: 	 mrr: 0.068022	 ndcg_5: 0.0591	 ndcg_10: 0.0762	 hit@1:0.024992	 hit@5:0.0932	 hit@10: 0.1462
epoch 2: train_loss = 1.999890, source_mrr = 0.068022, source_hit@10 = 0.1462, source_ndcg@10 = 0.0762, target_mrr = 0.061462, target_hit@10 = 0.1396, target_ndcg@10 = 0.0696

2024-08-12 00:41:18.276056: step 2841/75760 (epoch 3/80), loss = 1.935605 (243.446 sec/epoch), lr: 0.004000
Evaluating on dev set...
.......................................................................................................................................................................................................................
source: 	 mrr: 0.064653	 ndcg_5: 0.0545	 ndcg_10: 0.0731	 hit@1:0.024310	 hit@5:0.0849	 hit@10: 0.1429
target: 	 mrr: 0.050489	 ndcg_5: 0.0383	 ndcg_10: 0.0542	 hit@1:0.013817	 hit@5:0.0641	 hit@10: 0.1138
source best!
...............................................................
source: 	 mrr: 0.068439	 ndcg_5: 0.0589	 ndcg_10: 0.0775	 hit@1:0.024992	 hit@5:0.0924	 hit@10: 0.1500
epoch 3: train_loss = 1.935605, source_mrr = 0.068439, source_hit@10 = 0.1500, source_ndcg@10 = 0.0775, target_mrr = 0.050489, target_hit@10 = 0.1138, target_ndcg@10 = 0.0542

2024-08-12 00:45:24.081909: step 3788/75760 (epoch 4/80), loss = 1.902952 (243.237 sec/epoch), lr: 0.004000
Evaluating on dev set...
.......................................................................................................................................................................................................................
source: 	 mrr: 0.069073	 ndcg_5: 0.0625	 ndcg_10: 0.0787	 hit@1:0.025245	 hit@5:0.0996	 hit@10: 0.1501
target: 	 mrr: 0.066964	 ndcg_5: 0.0558	 ndcg_10: 0.0772	 hit@1:0.019672	 hit@5:0.0920	 hit@10: 0.1586
source best!
...............................................................
source: 	 mrr: 0.071215	 ndcg_5: 0.0635	 ndcg_10: 0.0808	 hit@1:0.028788	 hit@5:0.0997	 hit@10: 0.1534
target best!
......................................................................................................................................................target: 	 mrr: 0.068200	 ndcg_5: 0.0570	 ndcg_10: 0.0785	 hit@1:0.021524	 hit@5:0.0931	 hit@10: 0.1600
epoch 4: train_loss = 1.902952, source_mrr = 0.071215, source_hit@10 = 0.1534, source_ndcg@10 = 0.0808, target_mrr = 0.068200, target_hit@10 = 0.1600, target_ndcg@10 = 0.0785

2024-08-12 00:49:32.153522: step 4735/75760 (epoch 5/80), loss = 1.888330 (244.170 sec/epoch), lr: 0.004000
Evaluating on dev set...
.......................................................................................................................................................................................................................
source: 	 mrr: 0.028481	 ndcg_5: 0.0230	 ndcg_10: 0.0294	 hit@1:0.007948	 hit@5:0.0374	 hit@10: 0.0575
target: 	 mrr: 0.066943	 ndcg_5: 0.0552	 ndcg_10: 0.0762	 hit@1:0.022041	 hit@5:0.0889	 hit@10: 0.1540
epoch 5: train_loss = 1.888330, source_mrr = 0.028481, source_hit@10 = 0.0575, source_ndcg@10 = 0.0294, target_mrr = 0.066943, target_hit@10 = 0.1540, target_ndcg@10 = 0.0762

2024-08-12 00:53:38.284524: step 5682/75760 (epoch 6/80), loss = 1.877494 (244.096 sec/epoch), lr: 0.004000
Evaluating on dev set...
.......................................................................................................................................................................................................................
source: 	 mrr: 0.059458	 ndcg_5: 0.0505	 ndcg_10: 0.0668	 hit@1:0.021194	 hit@5:0.0795	 hit@10: 0.1301
target: 	 mrr: 0.066886	 ndcg_5: 0.0567	 ndcg_10: 0.0770	 hit@1:0.020264	 hit@5:0.0940	 hit@10: 0.1568
epoch 6: train_loss = 1.877494, source_mrr = 0.059458, source_hit@10 = 0.1301, source_ndcg@10 = 0.0668, target_mrr = 0.066886, target_hit@10 = 0.1568, target_ndcg@10 = 0.0770

2024-08-12 00:57:44.192119: step 6629/75760 (epoch 7/80), loss = 1.871618 (243.900 sec/epoch), lr: 0.004000
Evaluating on dev set...
.......................................................................................................................................................................................................................
source: 	 mrr: 0.064390	 ndcg_5: 0.0547	 ndcg_10: 0.0697	 hit@1:0.024778	 hit@5:0.0835	 hit@10: 0.1301
target: 	 mrr: 0.060443	 ndcg_5: 0.0491	 ndcg_10: 0.0665	 hit@1:0.019212	 hit@5:0.0797	 hit@10: 0.1342
epoch 7: train_loss = 1.871618, source_mrr = 0.064390, source_hit@10 = 0.1301, source_ndcg@10 = 0.0697, target_mrr = 0.060443, target_hit@10 = 0.1342, target_ndcg@10 = 0.0665

2024-08-12 01:01:50.054259: step 7576/75760 (epoch 8/80), loss = 1.862097 (243.853 sec/epoch), lr: 0.004000
Evaluating on dev set...
.......................................................................................................................................................................................................................
source: 	 mrr: 0.044102	 ndcg_5: 0.0389	 ndcg_10: 0.0505	 hit@1:0.013402	 hit@5:0.0655	 hit@10: 0.1011
target: 	 mrr: 0.046170	 ndcg_5: 0.0362	 ndcg_10: 0.0498	 hit@1:0.016054	 hit@5:0.0573	 hit@10: 0.0999
epoch 8: train_loss = 1.862097, source_mrr = 0.044102, source_hit@10 = 0.1011, source_ndcg@10 = 0.0505, target_mrr = 0.046170, target_hit@10 = 0.0999, target_ndcg@10 = 0.0498

2024-08-12 01:05:55.721677: step 8523/75760 (epoch 9/80), loss = 1.857464 (243.608 sec/epoch), lr: 0.004000
Evaluating on dev set...
.......................................................................................................................................................................................................................
source: 	 mrr: 0.045384	 ndcg_5: 0.0362	 ndcg_10: 0.0483	 hit@1:0.016830	 hit@5:0.0555	 hit@10: 0.0937
target: 	 mrr: 0.059716	 ndcg_5: 0.0479	 ndcg_10: 0.0676	 hit@1:0.016777	 hit@5:0.0797	 hit@10: 0.1409
epoch 9: train_loss = 1.857464, source_mrr = 0.045384, source_hit@10 = 0.0937, source_ndcg@10 = 0.0483, target_mrr = 0.059716, target_hit@10 = 0.1409, target_ndcg@10 = 0.0676

2024-08-12 01:10:01.699926: step 9470/75760 (epoch 10/80), loss = 1.854676 (243.936 sec/epoch), lr: 0.004000
Evaluating on dev set...
.......................................................................................................................................................................................................................
source: 	 mrr: 0.070516	 ndcg_5: 0.0608	 ndcg_10: 0.0787	 hit@1:0.028674	 hit@5:0.0932	 hit@10: 0.1487
target: 	 mrr: 0.036952	 ndcg_5: 0.0300	 ndcg_10: 0.0381	 hit@1:0.014277	 hit@5:0.0455	 hit@10: 0.0707
source best!
...............................................................
source: 	 mrr: 0.071558	 ndcg_5: 0.0620	 ndcg_10: 0.0795	 hit@1:0.028947	 hit@5:0.0959	 hit@10: 0.1506
epoch 10: train_loss = 1.854676, source_mrr = 0.071558, source_hit@10 = 0.1506, source_ndcg@10 = 0.0795, target_mrr = 0.036952, target_hit@10 = 0.0707, target_ndcg@10 = 0.0381

2024-08-12 01:14:08.368994: step 10417/75760 (epoch 11/80), loss = 1.853684 (244.117 sec/epoch), lr: 0.004000
Evaluating on dev set...
.......................................................................................................................................................................................................................
source: 	 mrr: 0.052598	 ndcg_5: 0.0438	 ndcg_10: 0.0594	 hit@1:0.017298	 hit@5:0.0706	 hit@10: 0.1191
target: 	 mrr: 0.072346	 ndcg_5: 0.0646	 ndcg_10: 0.0813	 hit@1:0.028094	 hit@5:0.1010	 hit@10: 0.1528
target best!
......................................................................................................................................................target: 	 mrr: 0.074100	 ndcg_5: 0.0653	 ndcg_10: 0.0828	 hit@1:0.029762	 hit@5:0.0991	 hit@10: 0.1535
epoch 11: train_loss = 1.853684, source_mrr = 0.052598, source_hit@10 = 0.1191, source_ndcg@10 = 0.0594, target_mrr = 0.074100, target_hit@10 = 0.1535, target_ndcg@10 = 0.0828

2024-08-12 01:18:15.344120: step 11364/75760 (epoch 12/80), loss = 1.848837 (243.655 sec/epoch), lr: 0.004000
Evaluating on dev set...
.......................................................................................................................................................................................................................
source: 	 mrr: 0.072052	 ndcg_5: 0.0649	 ndcg_10: 0.0803	 hit@1:0.029297	 hit@5:0.1011	 hit@10: 0.1493
target: 	 mrr: 0.079238	 ndcg_5: 0.0736	 ndcg_10: 0.0913	 hit@1:0.028949	 hit@5:0.1174	 hit@10: 0.1721
source best!
...............................................................
source: 	 mrr: 0.075295	 ndcg_5: 0.0662	 ndcg_10: 0.0836	 hit@1:0.030054	 hit@5:0.1004	 hit@10: 0.1549
target best!
......................................................................................................................................................target: 	 mrr: 0.080715	 ndcg_5: 0.0747	 ndcg_10: 0.0938	 hit@1:0.029695	 hit@5:0.1194	 hit@10: 0.1786
epoch 12: train_loss = 1.848837, source_mrr = 0.075295, source_hit@10 = 0.1549, source_ndcg@10 = 0.0836, target_mrr = 0.080715, target_hit@10 = 0.1786, target_ndcg@10 = 0.0938

2024-08-12 01:22:25.002065: step 12311/75760 (epoch 13/80), loss = 1.849214 (245.771 sec/epoch), lr: 0.004000
Evaluating on dev set...
.......................................................................................................................................................................................................................
source: 	 mrr: 0.059084	 ndcg_5: 0.0497	 ndcg_10: 0.0659	 hit@1:0.021661	 hit@5:0.0790	 hit@10: 0.1295
target: 	 mrr: 0.068107	 ndcg_5: 0.0597	 ndcg_10: 0.0760	 hit@1:0.024804	 hit@5:0.0946	 hit@10: 0.1455
epoch 13: train_loss = 1.849214, source_mrr = 0.059084, source_hit@10 = 0.1295, source_ndcg@10 = 0.0659, target_mrr = 0.068107, target_hit@10 = 0.1455, target_ndcg@10 = 0.0760

2024-08-12 01:26:30.701073: step 13258/75760 (epoch 14/80), loss = 1.842148 (243.676 sec/epoch), lr: 0.003800
Evaluating on dev set...
.......................................................................................................................................................................................................................
source: 	 mrr: 0.064667	 ndcg_5: 0.0548	 ndcg_10: 0.0711	 hit@1:0.025090	 hit@5:0.0838	 hit@10: 0.1343
target: 	 mrr: 0.071095	 ndcg_5: 0.0613	 ndcg_10: 0.0811	 hit@1:0.024738	 hit@5:0.0977	 hit@10: 0.1589
epoch 14: train_loss = 1.842148, source_mrr = 0.064667, source_hit@10 = 0.1343, source_ndcg@10 = 0.0711, target_mrr = 0.071095, target_hit@10 = 0.1589, target_ndcg@10 = 0.0811

2024-08-12 01:30:36.744157: step 14205/75760 (epoch 15/80), loss = 1.847027 (243.993 sec/epoch), lr: 0.003800
Evaluating on dev set...
.......................................................................................................................................................................................................................
source: 	 mrr: 0.060117	 ndcg_5: 0.0506	 ndcg_10: 0.0666	 hit@1:0.021350	 hit@5:0.0789	 hit@10: 0.1287
target: 	 mrr: 0.079183	 ndcg_5: 0.0703	 ndcg_10: 0.0888	 hit@1:0.031055	 hit@5:0.1086	 hit@10: 0.1661
epoch 15: train_loss = 1.847027, source_mrr = 0.060117, source_hit@10 = 0.1287, source_ndcg@10 = 0.0666, target_mrr = 0.079183, target_hit@10 = 0.1661, target_ndcg@10 = 0.0888

2024-08-12 01:34:43.173649: step 15152/75760 (epoch 16/80), loss = 1.837888 (244.421 sec/epoch), lr: 0.003800
Evaluating on dev set...
.......................................................................................................................................................................................................................
source: 	 mrr: 0.060969	 ndcg_5: 0.0512	 ndcg_10: 0.0691	 hit@1:0.022129	 hit@5:0.0806	 hit@10: 0.1364
target: 	 mrr: 0.080287	 ndcg_5: 0.0716	 ndcg_10: 0.0894	 hit@1:0.035002	 hit@5:0.1065	 hit@10: 0.1620
target best!
......................................................................................................................................................target: 	 mrr: 0.080919	 ndcg_5: 0.0725	 ndcg_10: 0.0899	 hit@1:0.036272	 hit@5:0.1080	 hit@10: 0.1622
epoch 16: train_loss = 1.837888, source_mrr = 0.060969, source_hit@10 = 0.1364, source_ndcg@10 = 0.0691, target_mrr = 0.080919, target_hit@10 = 0.1622, target_ndcg@10 = 0.0899

2024-08-12 01:38:50.711399: step 16099/75760 (epoch 17/80), loss = 1.833639 (244.163 sec/epoch), lr: 0.003800
Evaluating on dev set...
.......................................................................................................................................................................................................................
source: 	 mrr: 0.065304	 ndcg_5: 0.0580	 ndcg_10: 0.0742	 hit@1:0.024155	 hit@5:0.0915	 hit@10: 0.1418
target: 	 mrr: 0.061143	 ndcg_5: 0.0500	 ndcg_10: 0.0683	 hit@1:0.019014	 hit@5:0.0820	 hit@10: 0.1387
epoch 17: train_loss = 1.833639, source_mrr = 0.065304, source_hit@10 = 0.1418, source_ndcg@10 = 0.0742, target_mrr = 0.061143, target_hit@10 = 0.1387, target_ndcg@10 = 0.0683

2024-08-12 01:42:57.497123: step 17046/75760 (epoch 18/80), loss = 1.829983 (244.734 sec/epoch), lr: 0.003610
Evaluating on dev set...
.......................................................................................................................................................................................................................
source: 	 mrr: 0.051940	 ndcg_5: 0.0425	 ndcg_10: 0.0576	 hit@1:0.016051	 hit@5:0.0695	 hit@10: 0.1163
target: 	 mrr: 0.068499	 ndcg_5: 0.0584	 ndcg_10: 0.0764	 hit@1:0.025594	 hit@5:0.0915	 hit@10: 0.1475
epoch 18: train_loss = 1.829983, source_mrr = 0.051940, source_hit@10 = 0.1163, source_ndcg@10 = 0.0576, target_mrr = 0.068499, target_hit@10 = 0.1475, target_ndcg@10 = 0.0764

2024-08-12 01:47:03.847769: step 17993/75760 (epoch 19/80), loss = 1.823960 (244.339 sec/epoch), lr: 0.003429
Evaluating on dev set...
.......................................................................................................................................................................................................................
source: 	 mrr: 0.037519	 ndcg_5: 0.0272	 ndcg_10: 0.0413	 hit@1:0.009350	 hit@5:0.0461	 hit@10: 0.0902
target: 	 mrr: 0.064948	 ndcg_5: 0.0527	 ndcg_10: 0.0718	 hit@1:0.022633	 hit@5:0.0828	 hit@10: 0.1425
epoch 19: train_loss = 1.823960, source_mrr = 0.037519, source_hit@10 = 0.0902, source_ndcg@10 = 0.0413, target_mrr = 0.064948, target_hit@10 = 0.1425, target_ndcg@10 = 0.0718

2024-08-12 01:51:09.648338: step 18940/75760 (epoch 20/80), loss = 1.819522 (243.789 sec/epoch), lr: 0.003258
Evaluating on dev set...
.......................................................................................................................................................................................................................
source: 	 mrr: 0.072726	 ndcg_5: 0.0635	 ndcg_10: 0.0797	 hit@1:0.031323	 hit@5:0.0941	 hit@10: 0.1446
target: 	 mrr: 0.074950	 ndcg_5: 0.0659	 ndcg_10: 0.0841	 hit@1:0.029739	 hit@5:0.1015	 hit@10: 0.1581
source best!
...............................................................
source: 	 mrr: 0.073868	 ndcg_5: 0.0656	 ndcg_10: 0.0822	 hit@1:0.028788	 hit@5:0.1008	 hit@10: 0.1526
epoch 20: train_loss = 1.819522, source_mrr = 0.073868, source_hit@10 = 0.1526, source_ndcg@10 = 0.0822, target_mrr = 0.074950, target_hit@10 = 0.1581, target_ndcg@10 = 0.0841

2024-08-12 01:55:16.457253: step 19887/75760 (epoch 21/80), loss = 1.816649 (244.234 sec/epoch), lr: 0.003258
Evaluating on dev set...
.......................................................................................................................................................................................................................
source: 	 mrr: 0.068747	 ndcg_5: 0.0599	 ndcg_10: 0.0772	 hit@1:0.023999	 hit@5:0.0947	 hit@10: 0.1487
target: 	 mrr: 0.073326	 ndcg_5: 0.0626	 ndcg_10: 0.0818	 hit@1:0.027699	 hit@5:0.0975	 hit@10: 0.1573
epoch 21: train_loss = 1.816649, source_mrr = 0.068747, source_hit@10 = 0.1487, source_ndcg@10 = 0.0772, target_mrr = 0.073326, target_hit@10 = 0.1573, target_ndcg@10 = 0.0818

2024-08-12 01:59:22.893352: step 20834/75760 (epoch 22/80), loss = 1.813843 (244.390 sec/epoch), lr: 0.003095
Evaluating on dev set...
.......................................................................................................................................................................................................................
source: 	 mrr: 0.063369	 ndcg_5: 0.0537	 ndcg_10: 0.0717	 hit@1:0.020415	 hit@5:0.0865	 hit@10: 0.1427
target: 	 mrr: 0.070613	 ndcg_5: 0.0615	 ndcg_10: 0.0783	 hit@1:0.026844	 hit@5:0.0957	 hit@10: 0.1481
epoch 22: train_loss = 1.813843, source_mrr = 0.063369, source_hit@10 = 0.1427, source_ndcg@10 = 0.0717, target_mrr = 0.070613, target_hit@10 = 0.1481, target_ndcg@10 = 0.0783

2024-08-12 02:03:29.319166: step 21781/75760 (epoch 23/80), loss = 1.813571 (244.394 sec/epoch), lr: 0.002940
Evaluating on dev set...
.......................................................................................................................................................................................................................
source: 	 mrr: 0.065391	 ndcg_5: 0.0561	 ndcg_10: 0.0729	 hit@1:0.025713	 hit@5:0.0870	 hit@10: 0.1396
target: 	 mrr: 0.070423	 ndcg_5: 0.0606	 ndcg_10: 0.0785	 hit@1:0.028226	 hit@5:0.0930	 hit@10: 0.1482
epoch 23: train_loss = 1.813571, source_mrr = 0.065391, source_hit@10 = 0.1396, source_ndcg@10 = 0.0729, target_mrr = 0.070423, target_hit@10 = 0.1482, target_ndcg@10 = 0.0785

2024-08-12 02:07:35.187120: step 22728/75760 (epoch 24/80), loss = 1.806774 (243.837 sec/epoch), lr: 0.002940
Evaluating on dev set...
.......................................................................................................................................................................................................................
source: 	 mrr: 0.066451	 ndcg_5: 0.0578	 ndcg_10: 0.0743	 hit@1:0.024622	 hit@5:0.0899	 hit@10: 0.1413
target: 	 mrr: 0.080080	 ndcg_5: 0.0720	 ndcg_10: 0.0906	 hit@1:0.033752	 hit@5:0.1095	 hit@10: 0.1672
epoch 24: train_loss = 1.806774, source_mrr = 0.066451, source_hit@10 = 0.1413, source_ndcg@10 = 0.0743, target_mrr = 0.080080, target_hit@10 = 0.1672, target_ndcg@10 = 0.0906

2024-08-12 02:11:41.034800: step 23675/75760 (epoch 25/80), loss = 1.804864 (243.811 sec/epoch), lr: 0.002940
Evaluating on dev set...
.......................................................................................................................................................................................................................
source: 	 mrr: 0.058281	 ndcg_5: 0.0501	 ndcg_10: 0.0659	 hit@1:0.019947	 hit@5:0.0799	 hit@10: 0.1290
target: 	 mrr: 0.059127	 ndcg_5: 0.0475	 ndcg_10: 0.0659	 hit@1:0.019146	 hit@5:0.0764	 hit@10: 0.1334
epoch 25: train_loss = 1.804864, source_mrr = 0.058281, source_hit@10 = 0.1290, source_ndcg@10 = 0.0659, target_mrr = 0.059127, target_hit@10 = 0.1334, target_ndcg@10 = 0.0659

2024-08-12 02:15:47.069136: step 24622/75760 (epoch 26/80), loss = 1.800750 (243.970 sec/epoch), lr: 0.002793
Evaluating on dev set...
.......................................................................................................................................................................................................................
source: 	 mrr: 0.070280	 ndcg_5: 0.0628	 ndcg_10: 0.0791	 hit@1:0.027115	 hit@5:0.0983	 hit@10: 0.1490
target: 	 mrr: 0.052525	 ndcg_5: 0.0423	 ndcg_10: 0.0571	 hit@1:0.015988	 hit@5:0.0689	 hit@10: 0.1150
epoch 26: train_loss = 1.800750, source_mrr = 0.070280, source_hit@10 = 0.1490, source_ndcg@10 = 0.0791, target_mrr = 0.052525, target_hit@10 = 0.1150, target_ndcg@10 = 0.0571

2024-08-12 02:19:53.249186: step 25569/75760 (epoch 27/80), loss = 1.794874 (244.171 sec/epoch), lr: 0.002793
Evaluating on dev set...
.......................................................................................................................................................................................................................
source: 	 mrr: 0.050657	 ndcg_5: 0.0414	 ndcg_10: 0.0549	 hit@1:0.017298	 hit@5:0.0651	 hit@10: 0.1072
target: 	 mrr: 0.080577	 ndcg_5: 0.0719	 ndcg_10: 0.0891	 hit@1:0.036647	 hit@5:0.1068	 hit@10: 0.1605
target best!
......................................................................................................................................................target: 	 mrr: 0.083297	 ndcg_5: 0.0758	 ndcg_10: 0.0915	 hit@1:0.037069	 hit@5:0.1135	 hit@10: 0.1624
epoch 27: train_loss = 1.794874, source_mrr = 0.050657, source_hit@10 = 0.1072, source_ndcg@10 = 0.0549, target_mrr = 0.083297, target_hit@10 = 0.1624, target_ndcg@10 = 0.0915

2024-08-12 02:24:00.615223: step 26516/75760 (epoch 28/80), loss = 1.794475 (244.015 sec/epoch), lr: 0.002793
Evaluating on dev set...
.......................................................................................................................................................................................................................
source: 	 mrr: 0.068024	 ndcg_5: 0.0589	 ndcg_10: 0.0764	 hit@1:0.024155	 hit@5:0.0929	 hit@10: 0.1474
target: 	 mrr: 0.080869	 ndcg_5: 0.0714	 ndcg_10: 0.0902	 hit@1:0.033818	 hit@5:0.1084	 hit@10: 0.1666
target best!
......................................................................................................................................................target: 	 mrr: 0.082874	 ndcg_5: 0.0733	 ndcg_10: 0.0919	 hit@1:0.035076	 hit@5:0.1105	 hit@10: 0.1683
epoch 28: train_loss = 1.794475, source_mrr = 0.068024, source_hit@10 = 0.1474, source_ndcg@10 = 0.0764, target_mrr = 0.082874, target_hit@10 = 0.1683, target_ndcg@10 = 0.0919

2024-08-12 02:28:08.033073: step 27463/75760 (epoch 29/80), loss = 1.791475 (244.055 sec/epoch), lr: 0.002793
Evaluating on dev set...
.......................................................................................................................................................................................................................
source: 	 mrr: 0.028965	 ndcg_5: 0.0219	 ndcg_10: 0.0285	 hit@1:0.011844	 hit@5:0.0310	 hit@10: 0.0519
target: 	 mrr: 0.075387	 ndcg_5: 0.0651	 ndcg_10: 0.0842	 hit@1:0.029870	 hit@5:0.1008	 hit@10: 0.1605
epoch 29: train_loss = 1.791475, source_mrr = 0.028965, source_hit@10 = 0.0519, source_ndcg@10 = 0.0285, target_mrr = 0.075387, target_hit@10 = 0.1605, target_ndcg@10 = 0.0842

2024-08-12 02:32:14.594180: step 28410/75760 (epoch 30/80), loss = 1.784971 (244.550 sec/epoch), lr: 0.002654
Evaluating on dev set...
.......................................................................................................................................................................................................................
source: 	 mrr: 0.073574	 ndcg_5: 0.0653	 ndcg_10: 0.0835	 hit@1:0.028362	 hit@5:0.1021	 hit@10: 0.1585
target: 	 mrr: 0.068833	 ndcg_5: 0.0604	 ndcg_10: 0.0792	 hit@1:0.022896	 hit@5:0.0981	 hit@10: 0.1567
source best!
...............................................................
source: 	 mrr: 0.076496	 ndcg_5: 0.0676	 ndcg_10: 0.0871	 hit@1:0.030370	 hit@5:0.1044	 hit@10: 0.1655
epoch 30: train_loss = 1.784971, source_mrr = 0.076496, source_hit@10 = 0.1655, source_ndcg@10 = 0.0871, target_mrr = 0.068833, target_hit@10 = 0.1567, target_ndcg@10 = 0.0792
shift to transfer learning mode

2024-08-12 02:36:22.665703: step 29357/75760 (epoch 31/80), loss = 1.795484 (245.524 sec/epoch), lr: 0.002654
Evaluating on dev set...
.......................................................................................................................................................................................................................
source: 	 mrr: 0.071425	 ndcg_5: 0.0638	 ndcg_10: 0.0821	 hit@1:0.025245	 hit@5:0.1027	 hit@10: 0.1596
target: 	 mrr: 0.078841	 ndcg_5: 0.0702	 ndcg_10: 0.0891	 hit@1:0.031844	 hit@5:0.1087	 hit@10: 0.1675
epoch 31: train_loss = 1.795484, source_mrr = 0.071425, source_hit@10 = 0.1596, source_ndcg@10 = 0.0821, target_mrr = 0.078841, target_hit@10 = 0.1675, target_ndcg@10 = 0.0891

2024-08-12 02:40:31.181077: step 30304/75760 (epoch 32/80), loss = 1.787201 (246.460 sec/epoch), lr: 0.002654
Evaluating on dev set...
.......................................................................................................................................................................................................................
source: 	 mrr: 0.059769	 ndcg_5: 0.0508	 ndcg_10: 0.0677	 hit@1:0.021505	 hit@5:0.0817	 hit@10: 0.1340
target: 	 mrr: 0.077369	 ndcg_5: 0.0677	 ndcg_10: 0.0865	 hit@1:0.030002	 hit@5:0.1051	 hit@10: 0.1637
epoch 32: train_loss = 1.787201, source_mrr = 0.059769, source_hit@10 = 0.1340, source_ndcg@10 = 0.0677, target_mrr = 0.077369, target_hit@10 = 0.1637, target_ndcg@10 = 0.0865

2024-08-12 02:44:39.821677: step 31251/75760 (epoch 33/80), loss = 1.775683 (246.616 sec/epoch), lr: 0.002521
Evaluating on dev set...
.......................................................................................................................................................................................................................
source: 	 mrr: 0.072220	 ndcg_5: 0.0639	 ndcg_10: 0.0810	 hit@1:0.030076	 hit@5:0.0983	 hit@10: 0.1513
target: 	 mrr: 0.079690	 ndcg_5: 0.0709	 ndcg_10: 0.0889	 hit@1:0.032831	 hit@5:0.1080	 hit@10: 0.1641
epoch 33: train_loss = 1.775683, source_mrr = 0.072220, source_hit@10 = 0.1513, source_ndcg@10 = 0.0810, target_mrr = 0.079690, target_hit@10 = 0.1641, target_ndcg@10 = 0.0889

2024-08-12 02:48:48.262335: step 32198/75760 (epoch 34/80), loss = 1.769922 (246.426 sec/epoch), lr: 0.002521
Evaluating on dev set...
.......................................................................................................................................................................................................................
source: 	 mrr: 0.059384	 ndcg_5: 0.0493	 ndcg_10: 0.0659	 hit@1:0.021194	 hit@5:0.0771	 hit@10: 0.1292
target: 	 mrr: 0.082379	 ndcg_5: 0.0732	 ndcg_10: 0.0909	 hit@1:0.036384	 hit@5:0.1095	 hit@10: 0.1646
target best!
......................................................................................................................................................target: 	 mrr: 0.086864	 ndcg_5: 0.0781	 ndcg_10: 0.0964	 hit@1:0.039328	 hit@5:0.1162	 hit@10: 0.1733
epoch 34: train_loss = 1.769922, source_mrr = 0.059384, source_hit@10 = 0.1292, source_ndcg@10 = 0.0659, target_mrr = 0.086864, target_hit@10 = 0.1733, target_ndcg@10 = 0.0964

2024-08-12 02:52:57.461592: step 33145/75760 (epoch 35/80), loss = 1.758517 (245.808 sec/epoch), lr: 0.002395
Evaluating on dev set...
.......................................................................................................................................................................................................................
source: 	 mrr: 0.075455	 ndcg_5: 0.0654	 ndcg_10: 0.0853	 hit@1:0.030076	 hit@5:0.1010	 hit@10: 0.1630
target: 	 mrr: 0.080770	 ndcg_5: 0.0710	 ndcg_10: 0.0896	 hit@1:0.033818	 hit@5:0.1068	 hit@10: 0.1646
source best!
...............................................................
source: 	 mrr: 0.081483	 ndcg_5: 0.0730	 ndcg_10: 0.0926	 hit@1:0.033376	 hit@5:0.1121	 hit@10: 0.1730
epoch 35: train_loss = 1.758517, source_mrr = 0.081483, source_hit@10 = 0.1730, source_ndcg@10 = 0.0926, target_mrr = 0.080770, target_hit@10 = 0.1646, target_ndcg@10 = 0.0896

2024-08-12 02:57:06.552659: step 34092/75760 (epoch 36/80), loss = 1.758408 (246.502 sec/epoch), lr: 0.002395
Evaluating on dev set...
.......................................................................................................................................................................................................................
source: 	 mrr: 0.073146	 ndcg_5: 0.0653	 ndcg_10: 0.0843	 hit@1:0.025869	 hit@5:0.1047	 hit@10: 0.1636
target: 	 mrr: 0.073196	 ndcg_5: 0.0643	 ndcg_10: 0.0833	 hit@1:0.029476	 hit@5:0.0997	 hit@10: 0.1585
epoch 36: train_loss = 1.758408, source_mrr = 0.073146, source_hit@10 = 0.1636, source_ndcg@10 = 0.0843, target_mrr = 0.073196, target_hit@10 = 0.1585, target_ndcg@10 = 0.0833

2024-08-12 03:01:14.782946: step 35039/75760 (epoch 37/80), loss = 1.748063 (246.217 sec/epoch), lr: 0.002275
Evaluating on dev set...
.......................................................................................................................................................................................................................
source: 	 mrr: 0.065879	 ndcg_5: 0.0562	 ndcg_10: 0.0745	 hit@1:0.024466	 hit@5:0.0882	 hit@10: 0.1456
target: 	 mrr: 0.077531	 ndcg_5: 0.0682	 ndcg_10: 0.0874	 hit@1:0.030660	 hit@5:0.1051	 hit@10: 0.1651
epoch 37: train_loss = 1.748063, source_mrr = 0.065879, source_hit@10 = 0.1456, source_ndcg@10 = 0.0745, target_mrr = 0.077531, target_hit@10 = 0.1651, target_ndcg@10 = 0.0874

2024-08-12 03:05:23.526776: step 35986/75760 (epoch 38/80), loss = 1.744015 (246.692 sec/epoch), lr: 0.002161
Evaluating on dev set...
.......................................................................................................................................................................................................................
source: 	 mrr: 0.073181	 ndcg_5: 0.0648	 ndcg_10: 0.0811	 hit@1:0.029453	 hit@5:0.0997	 hit@10: 0.1505
target: 	 mrr: 0.080067	 ndcg_5: 0.0706	 ndcg_10: 0.0897	 hit@1:0.033423	 hit@5:0.1075	 hit@10: 0.1668
epoch 38: train_loss = 1.744015, source_mrr = 0.073181, source_hit@10 = 0.1505, source_ndcg@10 = 0.0811, target_mrr = 0.080067, target_hit@10 = 0.1668, target_ndcg@10 = 0.0897

2024-08-12 03:09:31.684327: step 36933/75760 (epoch 39/80), loss = 1.737440 (246.135 sec/epoch), lr: 0.002161
Evaluating on dev set...
.......................................................................................................................................................................................................................
source: 	 mrr: 0.074742	 ndcg_5: 0.0667	 ndcg_10: 0.0846	 hit@1:0.029297	 hit@5:0.1043	 hit@10: 0.1599
target: 	 mrr: 0.083467	 ndcg_5: 0.0743	 ndcg_10: 0.0927	 hit@1:0.035463	 hit@5:0.1122	 hit@10: 0.1696
target best!
......................................................................................................................................................target: 	 mrr: 0.089354	 ndcg_5: 0.0803	 ndcg_10: 0.0993	 hit@1:0.040258	 hit@5:0.1190	 hit@10: 0.1780
epoch 39: train_loss = 1.737440, source_mrr = 0.074742, source_hit@10 = 0.1599, source_ndcg@10 = 0.0846, target_mrr = 0.089354, target_hit@10 = 0.1780, target_ndcg@10 = 0.0993

2024-08-12 03:13:41.991634: step 37880/75760 (epoch 40/80), loss = 1.736227 (246.929 sec/epoch), lr: 0.002161
Evaluating on dev set...
.......................................................................................................................................................................................................................
source: 	 mrr: 0.071827	 ndcg_5: 0.0629	 ndcg_10: 0.0808	 hit@1:0.028050	 hit@5:0.0990	 hit@10: 0.1543
target: 	 mrr: 0.073799	 ndcg_5: 0.0653	 ndcg_10: 0.0847	 hit@1:0.025067	 hit@5:0.1056	 hit@10: 0.1658
epoch 40: train_loss = 1.736227, source_mrr = 0.071827, source_hit@10 = 0.1543, source_ndcg@10 = 0.0808, target_mrr = 0.073799, target_hit@10 = 0.1658, target_ndcg@10 = 0.0847

2024-08-12 03:17:50.455383: step 38827/75760 (epoch 41/80), loss = 1.732747 (246.418 sec/epoch), lr: 0.002053
Evaluating on dev set...
.......................................................................................................................................................................................................................
source: 	 mrr: 0.077154	 ndcg_5: 0.0690	 ndcg_10: 0.0883	 hit@1:0.029921	 hit@5:0.1069	 hit@10: 0.1672
target: 	 mrr: 0.071818	 ndcg_5: 0.0626	 ndcg_10: 0.0805	 hit@1:0.027107	 hit@5:0.0980	 hit@10: 0.1536
source best!
...............................................................
source: 	 mrr: 0.080737	 ndcg_5: 0.0720	 ndcg_10: 0.0916	 hit@1:0.033217	 hit@5:0.1102	 hit@10: 0.1715
epoch 41: train_loss = 1.732747, source_mrr = 0.080737, source_hit@10 = 0.1715, source_ndcg@10 = 0.0916, target_mrr = 0.071818, target_hit@10 = 0.1536, target_ndcg@10 = 0.0805

2024-08-12 03:21:59.633914: step 39774/75760 (epoch 42/80), loss = 1.731676 (246.625 sec/epoch), lr: 0.002053
Evaluating on dev set...
.......................................................................................................................................................................................................................
source: 	 mrr: 0.078444	 ndcg_5: 0.0697	 ndcg_10: 0.0890	 hit@1:0.031167	 hit@5:0.1075	 hit@10: 0.1678
target: 	 mrr: 0.082063	 ndcg_5: 0.0723	 ndcg_10: 0.0905	 hit@1:0.034739	 hit@5:0.1088	 hit@10: 0.1651
source best!
...............................................................
source: 	 mrr: 0.084082	 ndcg_5: 0.0753	 ndcg_10: 0.0948	 hit@1:0.036855	 hit@5:0.1136	 hit@10: 0.1745
epoch 42: train_loss = 1.731676, source_mrr = 0.084082, source_hit@10 = 0.1745, source_ndcg@10 = 0.0948, target_mrr = 0.082063, target_hit@10 = 0.1651, target_ndcg@10 = 0.0905

2024-08-12 03:26:08.116481: step 40721/75760 (epoch 43/80), loss = 1.726698 (245.914 sec/epoch), lr: 0.002053
Evaluating on dev set...
.......................................................................................................................................................................................................................
source: 	 mrr: 0.069738	 ndcg_5: 0.0608	 ndcg_10: 0.0802	 hit@1:0.023843	 hit@5:0.0974	 hit@10: 0.1574
target: 	 mrr: 0.086334	 ndcg_5: 0.0777	 ndcg_10: 0.0963	 hit@1:0.038095	 hit@5:0.1163	 hit@10: 0.1739
target best!
......................................................................................................................................................target: 	 mrr: 0.087719	 ndcg_5: 0.0791	 ndcg_10: 0.0979	 hit@1:0.038398	 hit@5:0.1185	 hit@10: 0.1769
epoch 43: train_loss = 1.726698, source_mrr = 0.069738, source_hit@10 = 0.1574, source_ndcg@10 = 0.0802, target_mrr = 0.087719, target_hit@10 = 0.1769, target_ndcg@10 = 0.0979

2024-08-12 03:30:17.909315: step 41668/75760 (epoch 44/80), loss = 1.725673 (246.397 sec/epoch), lr: 0.001951
Evaluating on dev set...
.......................................................................................................................................................................................................................
source: 	 mrr: 0.073783	 ndcg_5: 0.0649	 ndcg_10: 0.0825	 hit@1:0.030076	 hit@5:0.0988	 hit@10: 0.1532
target: 	 mrr: 0.071377	 ndcg_5: 0.0623	 ndcg_10: 0.0804	 hit@1:0.026910	 hit@5:0.0982	 hit@10: 0.1542
epoch 44: train_loss = 1.725673, source_mrr = 0.073783, source_hit@10 = 0.1532, source_ndcg@10 = 0.0825, target_mrr = 0.071377, target_hit@10 = 0.1542, target_ndcg@10 = 0.0804

2024-08-12 03:34:26.311878: step 42615/75760 (epoch 45/80), loss = 1.719826 (246.400 sec/epoch), lr: 0.001853
Evaluating on dev set...
.......................................................................................................................................................................................................................
source: 	 mrr: 0.081238	 ndcg_5: 0.0731	 ndcg_10: 0.0911	 hit@1:0.033037	 hit@5:0.1114	 hit@10: 0.1674
target: 	 mrr: 0.076074	 ndcg_5: 0.0667	 ndcg_10: 0.0838	 hit@1:0.031713	 hit@5:0.1007	 hit@10: 0.1540
source best!
...............................................................
source: 	 mrr: 0.083777	 ndcg_5: 0.0739	 ndcg_10: 0.0928	 hit@1:0.036855	 hit@5:0.1093	 hit@10: 0.1681
epoch 45: train_loss = 1.719826, source_mrr = 0.083777, source_hit@10 = 0.1681, source_ndcg@10 = 0.0928, target_mrr = 0.076074, target_hit@10 = 0.1540, target_ndcg@10 = 0.0838

2024-08-12 03:38:35.026793: step 43562/75760 (epoch 46/80), loss = 1.717359 (246.128 sec/epoch), lr: 0.001853
Evaluating on dev set...
.......................................................................................................................................................................................................................
source: 	 mrr: 0.078500	 ndcg_5: 0.0704	 ndcg_10: 0.0875	 hit@1:0.033816	 hit@5:0.1067	 hit@10: 0.1599
target: 	 mrr: 0.076033	 ndcg_5: 0.0673	 ndcg_10: 0.0856	 hit@1:0.029081	 hit@5:0.1048	 hit@10: 0.1621
epoch 46: train_loss = 1.717359, source_mrr = 0.078500, source_hit@10 = 0.1599, source_ndcg@10 = 0.0875, target_mrr = 0.076033, target_hit@10 = 0.1621, target_ndcg@10 = 0.0856

2024-08-12 03:42:42.853425: step 44509/75760 (epoch 47/80), loss = 1.712730 (245.669 sec/epoch), lr: 0.001761
Evaluating on dev set...
.......................................................................................................................................................................................................................
source: 	 mrr: 0.080921	 ndcg_5: 0.0723	 ndcg_10: 0.0906	 hit@1:0.033972	 hit@5:0.1103	 hit@10: 0.1672
target: 	 mrr: 0.078890	 ndcg_5: 0.0693	 ndcg_10: 0.0861	 hit@1:0.037173	 hit@5:0.1003	 hit@10: 0.1527
epoch 47: train_loss = 1.712730, source_mrr = 0.080921, source_hit@10 = 0.1672, source_ndcg@10 = 0.0906, target_mrr = 0.078890, target_hit@10 = 0.1527, target_ndcg@10 = 0.0861

2024-08-12 03:46:50.777019: step 45456/75760 (epoch 48/80), loss = 1.709629 (245.873 sec/epoch), lr: 0.001761
Evaluating on dev set...
.......................................................................................................................................................................................................................
source: 	 mrr: 0.083966	 ndcg_5: 0.0761	 ndcg_10: 0.0950	 hit@1:0.036310	 hit@5:0.1155	 hit@10: 0.1741
target: 	 mrr: 0.082676	 ndcg_5: 0.0739	 ndcg_10: 0.0918	 hit@1:0.037173	 hit@5:0.1103	 hit@10: 0.1661
source best!
...............................................................
source: 	 mrr: 0.084280	 ndcg_5: 0.0759	 ndcg_10: 0.0967	 hit@1:0.034957	 hit@5:0.1164	 hit@10: 0.1808
epoch 48: train_loss = 1.709629, source_mrr = 0.084280, source_hit@10 = 0.1808, source_ndcg@10 = 0.0967, target_mrr = 0.082676, target_hit@10 = 0.1661, target_ndcg@10 = 0.0918

2024-08-12 03:50:59.629615: step 46403/75760 (epoch 49/80), loss = 1.704877 (246.311 sec/epoch), lr: 0.001761
Evaluating on dev set...
.......................................................................................................................................................................................................................
source: 	 mrr: 0.078113	 ndcg_5: 0.0689	 ndcg_10: 0.0875	 hit@1:0.032570	 hit@5:0.1047	 hit@10: 0.1624
target: 	 mrr: 0.084606	 ndcg_5: 0.0753	 ndcg_10: 0.0942	 hit@1:0.036581	 hit@5:0.1138	 hit@10: 0.1726
epoch 49: train_loss = 1.704877, source_mrr = 0.078113, source_hit@10 = 0.1624, source_ndcg@10 = 0.0875, target_mrr = 0.084606, target_hit@10 = 0.1726, target_ndcg@10 = 0.0942

2024-08-12 03:55:07.750181: step 47350/75760 (epoch 50/80), loss = 1.702335 (246.058 sec/epoch), lr: 0.001672
Evaluating on dev set...
.......................................................................................................................................................................................................................
source: 	 mrr: 0.079891	 ndcg_5: 0.0710	 ndcg_10: 0.0897	 hit@1:0.033972	 hit@5:0.1077	 hit@10: 0.1658
target: 	 mrr: 0.084145	 ndcg_5: 0.0753	 ndcg_10: 0.0941	 hit@1:0.036055	 hit@5:0.1129	 hit@10: 0.1716
epoch 50: train_loss = 1.702335, source_mrr = 0.079891, source_hit@10 = 0.1658, source_ndcg@10 = 0.0897, target_mrr = 0.084145, target_hit@10 = 0.1716, target_ndcg@10 = 0.0941

2024-08-12 03:59:15.238432: step 48297/75760 (epoch 51/80), loss = 1.700885 (245.466 sec/epoch), lr: 0.001672
Evaluating on dev set...
.......................................................................................................................................................................................................................
source: 	 mrr: 0.080878	 ndcg_5: 0.0727	 ndcg_10: 0.0901	 hit@1:0.033972	 hit@5:0.1103	 hit@10: 0.1644
target: 	 mrr: 0.089860	 ndcg_5: 0.0799	 ndcg_10: 0.1002	 hit@1:0.040726	 hit@5:0.1172	 hit@10: 0.1807
target best!
......................................................................................................................................................target: 	 mrr: 0.092201	 ndcg_5: 0.0835	 ndcg_10: 0.1024	 hit@1:0.042384	 hit@5:0.1235	 hit@10: 0.1824
epoch 51: train_loss = 1.700885, source_mrr = 0.080878, source_hit@10 = 0.1644, source_ndcg@10 = 0.0901, target_mrr = 0.092201, target_hit@10 = 0.1824, target_ndcg@10 = 0.1024

2024-08-12 04:03:24.678128: step 49244/75760 (epoch 52/80), loss = 1.698551 (246.080 sec/epoch), lr: 0.001672
Evaluating on dev set...
.......................................................................................................................................................................................................................
source: 	 mrr: 0.078415	 ndcg_5: 0.0702	 ndcg_10: 0.0896	 hit@1:0.031946	 hit@5:0.1091	 hit@10: 0.1695
target: 	 mrr: 0.082567	 ndcg_5: 0.0734	 ndcg_10: 0.0908	 hit@1:0.038226	 hit@5:0.1081	 hit@10: 0.1624
epoch 52: train_loss = 1.698551, source_mrr = 0.078415, source_hit@10 = 0.1695, source_ndcg@10 = 0.0896, target_mrr = 0.082567, target_hit@10 = 0.1624, target_ndcg@10 = 0.0908

2024-08-12 04:07:34.567048: step 50191/75760 (epoch 53/80), loss = 1.695719 (247.875 sec/epoch), lr: 0.001589
Evaluating on dev set...
.......................................................................................................................................................................................................................
source: 	 mrr: 0.080154	 ndcg_5: 0.0715	 ndcg_10: 0.0910	 hit@1:0.034907	 hit@5:0.1077	 hit@10: 0.1681
target: 	 mrr: 0.087079	 ndcg_5: 0.0788	 ndcg_10: 0.0957	 hit@1:0.040990	 hit@5:0.1146	 hit@10: 0.1668
epoch 53: train_loss = 1.695719, source_mrr = 0.080154, source_hit@10 = 0.1681, source_ndcg@10 = 0.0910, target_mrr = 0.087079, target_hit@10 = 0.1668, target_ndcg@10 = 0.0957

2024-08-12 04:11:42.688716: step 51138/75760 (epoch 54/80), loss = 1.697292 (246.105 sec/epoch), lr: 0.001589
Evaluating on dev set...
.......................................................................................................................................................................................................................
source: 	 mrr: 0.080503	 ndcg_5: 0.0720	 ndcg_10: 0.0909	 hit@1:0.032102	 hit@5:0.1099	 hit@10: 0.1683
target: 	 mrr: 0.060599	 ndcg_5: 0.0522	 ndcg_10: 0.0715	 hit@1:0.014343	 hit@5:0.0916	 hit@10: 0.1517
epoch 54: train_loss = 1.697292, source_mrr = 0.080503, source_hit@10 = 0.1683, source_ndcg@10 = 0.0909, target_mrr = 0.060599, target_hit@10 = 0.1517, target_ndcg@10 = 0.0715

2024-08-12 04:15:51.190318: step 52085/75760 (epoch 55/80), loss = 1.686752 (246.479 sec/epoch), lr: 0.001509
Evaluating on dev set...
.......................................................................................................................................................................................................................
source: 	 mrr: 0.071459	 ndcg_5: 0.0634	 ndcg_10: 0.0799	 hit@1:0.029297	 hit@5:0.0960	 hit@10: 0.1473
target: 	 mrr: 0.081657	 ndcg_5: 0.0717	 ndcg_10: 0.0922	 hit@1:0.034213	 hit@5:0.1099	 hit@10: 0.1739
epoch 55: train_loss = 1.686752, source_mrr = 0.071459, source_hit@10 = 0.1473, source_ndcg@10 = 0.0799, target_mrr = 0.081657, target_hit@10 = 0.1739, target_ndcg@10 = 0.0922

2024-08-12 04:19:59.456940: step 53032/75760 (epoch 56/80), loss = 1.685866 (246.247 sec/epoch), lr: 0.001509
Evaluating on dev set...
.......................................................................................................................................................................................................................
source: 	 mrr: 0.081774	 ndcg_5: 0.0748	 ndcg_10: 0.0930	 hit@1:0.034751	 hit@5:0.1155	 hit@10: 0.1722
target: 	 mrr: 0.085797	 ndcg_5: 0.0752	 ndcg_10: 0.0948	 hit@1:0.040068	 hit@5:0.1102	 hit@10: 0.1712
epoch 56: train_loss = 1.685866, source_mrr = 0.081774, source_hit@10 = 0.1722, source_ndcg@10 = 0.0930, target_mrr = 0.085797, target_hit@10 = 0.1712, target_ndcg@10 = 0.0948

2024-08-12 04:24:08.408238: step 53979/75760 (epoch 57/80), loss = 1.684387 (246.938 sec/epoch), lr: 0.001509
Evaluating on dev set...
.......................................................................................................................................................................................................................
source: 	 mrr: 0.071569	 ndcg_5: 0.0617	 ndcg_10: 0.0795	 hit@1:0.029765	 hit@5:0.0932	 hit@10: 0.1485
target: 	 mrr: 0.092072	 ndcg_5: 0.0822	 ndcg_10: 0.1012	 hit@1:0.044937	 hit@5:0.1178	 hit@10: 0.1767
target best!
......................................................................................................................................................target: 	 mrr: 0.094108	 ndcg_5: 0.0856	 ndcg_10: 0.1034	 hit@1:0.045373	 hit@5:0.1240	 hit@10: 0.1798
epoch 57: train_loss = 1.684387, source_mrr = 0.071569, source_hit@10 = 0.1485, source_ndcg@10 = 0.0795, target_mrr = 0.094108, target_hit@10 = 0.1798, target_ndcg@10 = 0.1034

2024-08-12 04:28:18.708663: step 54926/75760 (epoch 58/80), loss = 1.678500 (246.955 sec/epoch), lr: 0.001434
Evaluating on dev set...
.......................................................................................................................................................................................................................
source: 	 mrr: 0.079136	 ndcg_5: 0.0722	 ndcg_10: 0.0894	 hit@1:0.031791	 hit@5:0.1114	 hit@10: 0.1647
target: 	 mrr: 0.083544	 ndcg_5: 0.0738	 ndcg_10: 0.0909	 hit@1:0.039016	 hit@5:0.1077	 hit@10: 0.1611
epoch 58: train_loss = 1.678500, source_mrr = 0.079136, source_hit@10 = 0.1647, source_ndcg@10 = 0.0894, target_mrr = 0.083544, target_hit@10 = 0.1611, target_ndcg@10 = 0.0909

2024-08-12 04:32:26.951003: step 55873/75760 (epoch 59/80), loss = 1.673056 (246.232 sec/epoch), lr: 0.001362
Evaluating on dev set...
.......................................................................................................................................................................................................................
source: 	 mrr: 0.080873	 ndcg_5: 0.0728	 ndcg_10: 0.0897	 hit@1:0.035686	 hit@5:0.1097	 hit@10: 0.1624
target: 	 mrr: 0.091891	 ndcg_5: 0.0818	 ndcg_10: 0.1007	 hit@1:0.044542	 hit@5:0.1176	 hit@10: 0.1765
epoch 59: train_loss = 1.673056, source_mrr = 0.080873, source_hit@10 = 0.1624, source_ndcg@10 = 0.0897, target_mrr = 0.091891, target_hit@10 = 0.1765, target_ndcg@10 = 0.1007

2024-08-12 04:36:34.581032: step 56820/75760 (epoch 60/80), loss = 1.672518 (245.603 sec/epoch), lr: 0.001362
Evaluating on dev set...
.......................................................................................................................................................................................................................
source: 	 mrr: 0.076166	 ndcg_5: 0.0678	 ndcg_10: 0.0848	 hit@1:0.033193	 hit@5:0.1005	 hit@10: 0.1533
target: 	 mrr: 0.086146	 ndcg_5: 0.0767	 ndcg_10: 0.0957	 hit@1:0.038160	 hit@5:0.1142	 hit@10: 0.1732
epoch 60: train_loss = 1.672518, source_mrr = 0.076166, source_hit@10 = 0.1533, source_ndcg@10 = 0.0848, target_mrr = 0.086146, target_hit@10 = 0.1732, target_ndcg@10 = 0.0957

2024-08-12 04:40:43.014522: step 57767/75760 (epoch 61/80), loss = 1.665212 (246.412 sec/epoch), lr: 0.001294
Evaluating on dev set...
.......................................................................................................................................................................................................................
source: 	 mrr: 0.081788	 ndcg_5: 0.0738	 ndcg_10: 0.0912	 hit@1:0.036154	 hit@5:0.1108	 hit@10: 0.1650
target: 	 mrr: 0.082842	 ndcg_5: 0.0737	 ndcg_10: 0.0914	 hit@1:0.036910	 hit@5:0.1089	 hit@10: 0.1640
epoch 61: train_loss = 1.665212, source_mrr = 0.081788, source_hit@10 = 0.1650, source_ndcg@10 = 0.0912, target_mrr = 0.082842, target_hit@10 = 0.1640, target_ndcg@10 = 0.0914

2024-08-12 04:44:51.208208: step 58714/75760 (epoch 62/80), loss = 1.665270 (246.114 sec/epoch), lr: 0.001294
Evaluating on dev set...
.......................................................................................................................................................................................................................
source: 	 mrr: 0.076636	 ndcg_5: 0.0692	 ndcg_10: 0.0860	 hit@1:0.030544	 hit@5:0.1060	 hit@10: 0.1582
target: 	 mrr: 0.090489	 ndcg_5: 0.0824	 ndcg_10: 0.1006	 hit@1:0.040595	 hit@5:0.1239	 hit@10: 0.1804
epoch 62: train_loss = 1.665270, source_mrr = 0.076636, source_hit@10 = 0.1582, source_ndcg@10 = 0.0860, target_mrr = 0.090489, target_hit@10 = 0.1804, target_ndcg@10 = 0.1006

2024-08-12 04:48:59.612404: step 59661/75760 (epoch 63/80), loss = 1.657888 (246.385 sec/epoch), lr: 0.001294
Evaluating on dev set...
.......................................................................................................................................................................................................................
source: 	 mrr: 0.071261	 ndcg_5: 0.0642	 ndcg_10: 0.0805	 hit@1:0.031011	 hit@5:0.0968	 hit@10: 0.1474
target: 	 mrr: 0.088873	 ndcg_5: 0.0802	 ndcg_10: 0.0993	 hit@1:0.039871	 hit@5:0.1197	 hit@10: 0.1790
epoch 63: train_loss = 1.657888, source_mrr = 0.071261, source_hit@10 = 0.1474, source_ndcg@10 = 0.0805, target_mrr = 0.088873, target_hit@10 = 0.1790, target_ndcg@10 = 0.0993

2024-08-12 04:53:07.782497: step 60608/75760 (epoch 64/80), loss = 1.651294 (246.112 sec/epoch), lr: 0.001229
Evaluating on dev set...
.......................................................................................................................................................................................................................
source: 	 mrr: 0.061845	 ndcg_5: 0.0537	 ndcg_10: 0.0689	 hit@1:0.023843	 hit@5:0.0834	 hit@10: 0.1304
target: 	 mrr: 0.089729	 ndcg_5: 0.0807	 ndcg_10: 0.0979	 hit@1:0.042305	 hit@5:0.1178	 hit@10: 0.1713
epoch 64: train_loss = 1.651294, source_mrr = 0.061845, source_hit@10 = 0.1304, source_ndcg@10 = 0.0689, target_mrr = 0.089729, target_hit@10 = 0.1713, target_ndcg@10 = 0.0979

2024-08-12 04:57:15.319189: step 61555/75760 (epoch 65/80), loss = 1.643811 (245.486 sec/epoch), lr: 0.001168
Evaluating on dev set...
.......................................................................................................................................................................................................................
source: 	 mrr: 0.082221	 ndcg_5: 0.0759	 ndcg_10: 0.0940	 hit@1:0.033505	 hit@5:0.1177	 hit@10: 0.1736
target: 	 mrr: 0.089606	 ndcg_5: 0.0804	 ndcg_10: 0.0983	 hit@1:0.041384	 hit@5:0.1182	 hit@10: 0.1741
epoch 65: train_loss = 1.643811, source_mrr = 0.082221, source_hit@10 = 0.1736, source_ndcg@10 = 0.0940, target_mrr = 0.089606, target_hit@10 = 0.1741, target_ndcg@10 = 0.0983

2024-08-12 05:01:22.899737: step 62502/75760 (epoch 66/80), loss = 1.638492 (245.542 sec/epoch), lr: 0.001168
Evaluating on dev set...
.......................................................................................................................................................................................................................
source: 	 mrr: 0.085034	 ndcg_5: 0.0771	 ndcg_10: 0.0969	 hit@1:0.035686	 hit@5:0.1172	 hit@10: 0.1786
target: 	 mrr: 0.081088	 ndcg_5: 0.0715	 ndcg_10: 0.0911	 hit@1:0.031252	 hit@5:0.1109	 hit@10: 0.1718
source best!
...............................................................
source: 	 mrr: 0.087915	 ndcg_5: 0.0813	 ndcg_10: 0.1011	 hit@1:0.037014	 hit@5:0.1258	 hit@10: 0.1874
epoch 66: train_loss = 1.638492, source_mrr = 0.087915, source_hit@10 = 0.1874, source_ndcg@10 = 0.1011, target_mrr = 0.081088, target_hit@10 = 0.1718, target_ndcg@10 = 0.0911

2024-08-12 05:05:31.268205: step 63449/75760 (epoch 67/80), loss = 1.632418 (245.810 sec/epoch), lr: 0.001110
Evaluating on dev set...
.......................................................................................................................................................................................................................
source: 	 mrr: 0.079609	 ndcg_5: 0.0721	 ndcg_10: 0.0902	 hit@1:0.031479	 hit@5:0.1108	 hit@10: 0.1667
target: 	 mrr: 0.078739	 ndcg_5: 0.0696	 ndcg_10: 0.0885	 hit@1:0.031318	 hit@5:0.1074	 hit@10: 0.1662
epoch 67: train_loss = 1.632418, source_mrr = 0.079609, source_hit@10 = 0.1667, source_ndcg@10 = 0.0902, target_mrr = 0.078739, target_hit@10 = 0.1662, target_ndcg@10 = 0.0885

2024-08-12 05:09:39.357080: step 64396/75760 (epoch 68/80), loss = 1.625272 (246.077 sec/epoch), lr: 0.001054
Evaluating on dev set...
.......................................................................................................................................................................................................................
source: 	 mrr: 0.085839	 ndcg_5: 0.0783	 ndcg_10: 0.0975	 hit@1:0.038492	 hit@5:0.1184	 hit@10: 0.1780
target: 	 mrr: 0.064166	 ndcg_5: 0.0545	 ndcg_10: 0.0734	 hit@1:0.019541	 hit@5:0.0914	 hit@10: 0.1502
source best!
...............................................................
source: 	 mrr: 0.089098	 ndcg_5: 0.0818	 ndcg_10: 0.1020	 hit@1:0.039228	 hit@5:0.1240	 hit@10: 0.1868
epoch 68: train_loss = 1.625272, source_mrr = 0.089098, source_hit@10 = 0.1868, source_ndcg@10 = 0.1020, target_mrr = 0.064166, target_hit@10 = 0.1502, target_ndcg@10 = 0.0734

2024-08-12 05:13:48.128507: step 65343/75760 (epoch 69/80), loss = 1.614286 (246.212 sec/epoch), lr: 0.001001
Evaluating on dev set...
.......................................................................................................................................................................................................................
source: 	 mrr: 0.082151	 ndcg_5: 0.0757	 ndcg_10: 0.0940	 hit@1:0.034596	 hit@5:0.1166	 hit@10: 0.1736
target: 	 mrr: 0.090605	 ndcg_5: 0.0803	 ndcg_10: 0.1000	 hit@1:0.043424	 hit@5:0.1157	 hit@10: 0.1766
epoch 69: train_loss = 1.614286, source_mrr = 0.082151, source_hit@10 = 0.1736, source_ndcg@10 = 0.0940, target_mrr = 0.090605, target_hit@10 = 0.1766, target_ndcg@10 = 0.1000

2024-08-12 05:17:56.572769: step 66290/75760 (epoch 70/80), loss = 1.609785 (246.439 sec/epoch), lr: 0.001001
Evaluating on dev set...
.......................................................................................................................................................................................................................
source: 	 mrr: 0.080027	 ndcg_5: 0.0727	 ndcg_10: 0.0915	 hit@1:0.032414	 hit@5:0.1122	 hit@10: 0.1706
target: 	 mrr: 0.093113	 ndcg_5: 0.0833	 ndcg_10: 0.1030	 hit@1:0.043490	 hit@5:0.1213	 hit@10: 0.1829
target best!
......................................................................................................................................................target: 	 mrr: 0.092370	 ndcg_5: 0.0832	 ndcg_10: 0.1026	 hit@1:0.042782	 hit@5:0.1235	 hit@10: 0.1838
epoch 70: train_loss = 1.609785, source_mrr = 0.080027, source_hit@10 = 0.1706, source_ndcg@10 = 0.0915, target_mrr = 0.092370, target_hit@10 = 0.1838, target_ndcg@10 = 0.1026

2024-08-12 05:22:05.878675: step 67237/75760 (epoch 71/80), loss = 1.608289 (245.938 sec/epoch), lr: 0.001001
Evaluating on dev set...
.......................................................................................................................................................................................................................
source: 	 mrr: 0.086731	 ndcg_5: 0.0784	 ndcg_10: 0.0977	 hit@1:0.041141	 hit@5:0.1158	 hit@10: 0.1758
target: 	 mrr: 0.088079	 ndcg_5: 0.0800	 ndcg_10: 0.0984	 hit@1:0.039016	 hit@5:0.1198	 hit@10: 0.1772
source best!
...............................................................
source: 	 mrr: 0.088813	 ndcg_5: 0.0811	 ndcg_10: 0.1005	 hit@1:0.038121	 hit@5:0.1213	 hit@10: 0.1816
epoch 71: train_loss = 1.608289, source_mrr = 0.088813, source_hit@10 = 0.1816, source_ndcg@10 = 0.1005, target_mrr = 0.088079, target_hit@10 = 0.1772, target_ndcg@10 = 0.0984

2024-08-12 05:26:14.083419: step 68184/75760 (epoch 72/80), loss = 1.607140 (245.649 sec/epoch), lr: 0.001001
Evaluating on dev set...
.......................................................................................................................................................................................................................
source: 	 mrr: 0.080827	 ndcg_5: 0.0739	 ndcg_10: 0.0916	 hit@1:0.033816	 hit@5:0.1147	 hit@10: 0.1699
target: 	 mrr: 0.089739	 ndcg_5: 0.0806	 ndcg_10: 0.0995	 hit@1:0.041911	 hit@5:0.1184	 hit@10: 0.1769
epoch 72: train_loss = 1.607140, source_mrr = 0.080827, source_hit@10 = 0.1699, source_ndcg@10 = 0.0916, target_mrr = 0.089739, target_hit@10 = 0.1769, target_ndcg@10 = 0.0995

2024-08-12 05:30:21.563584: step 69131/75760 (epoch 73/80), loss = 1.598554 (245.476 sec/epoch), lr: 0.000951
Evaluating on dev set...
.......................................................................................................................................................................................................................
source: 	 mrr: 0.082912	 ndcg_5: 0.0755	 ndcg_10: 0.0931	 hit@1:0.036154	 hit@5:0.1138	 hit@10: 0.1683
target: 	 mrr: 0.088809	 ndcg_5: 0.0807	 ndcg_10: 0.0989	 hit@1:0.040003	 hit@5:0.1197	 hit@10: 0.1765
epoch 73: train_loss = 1.598554, source_mrr = 0.082912, source_hit@10 = 0.1683, source_ndcg@10 = 0.0931, target_mrr = 0.088809, target_hit@10 = 0.1765, target_ndcg@10 = 0.0989

2024-08-12 05:34:29.868217: step 70078/75760 (epoch 74/80), loss = 1.596399 (246.279 sec/epoch), lr: 0.000951
Evaluating on dev set...
.......................................................................................................................................................................................................................
source: 	 mrr: 0.084627	 ndcg_5: 0.0760	 ndcg_10: 0.0950	 hit@1:0.039271	 hit@5:0.1128	 hit@10: 0.1716
target: 	 mrr: 0.087506	 ndcg_5: 0.0785	 ndcg_10: 0.0965	 hit@1:0.038424	 hit@5:0.1163	 hit@10: 0.1724
epoch 74: train_loss = 1.596399, source_mrr = 0.084627, source_hit@10 = 0.1716, source_ndcg@10 = 0.0950, target_mrr = 0.087506, target_hit@10 = 0.1724, target_ndcg@10 = 0.0965

2024-08-12 05:38:37.666359: step 71025/75760 (epoch 75/80), loss = 1.594458 (245.775 sec/epoch), lr: 0.000951
Evaluating on dev set...
.......................................................................................................................................................................................................................
source: 	 mrr: 0.078921	 ndcg_5: 0.0716	 ndcg_10: 0.0899	 hit@1:0.032726	 hit@5:0.1105	 hit@10: 0.1675
target: 	 mrr: 0.092118	 ndcg_5: 0.0833	 ndcg_10: 0.1010	 hit@1:0.045200	 hit@5:0.1203	 hit@10: 0.1753
epoch 75: train_loss = 1.594458, source_mrr = 0.078921, source_hit@10 = 0.1675, source_ndcg@10 = 0.0899, target_mrr = 0.092118, target_hit@10 = 0.1753, target_ndcg@10 = 0.1010

2024-08-12 05:42:46.044037: step 71972/75760 (epoch 76/80), loss = 1.585965 (246.284 sec/epoch), lr: 0.000904
Evaluating on dev set...
.......................................................................................................................................................................................................................
source: 	 mrr: 0.086469	 ndcg_5: 0.0799	 ndcg_10: 0.0966	 hit@1:0.039271	 hit@5:0.1186	 hit@10: 0.1706
target: 	 mrr: 0.091646	 ndcg_5: 0.0824	 ndcg_10: 0.1018	 hit@1:0.042963	 hit@5:0.1217	 hit@10: 0.1822
epoch 76: train_loss = 1.585965, source_mrr = 0.086469, source_hit@10 = 0.1706, source_ndcg@10 = 0.0966, target_mrr = 0.091646, target_hit@10 = 0.1822, target_ndcg@10 = 0.1018

2024-08-12 05:46:54.342257: step 72919/75760 (epoch 77/80), loss = 1.583908 (246.262 sec/epoch), lr: 0.000904
Evaluating on dev set...
.......................................................................................................................................................................................................................
source: 	 mrr: 0.081807	 ndcg_5: 0.0744	 ndcg_10: 0.0926	 hit@1:0.034596	 hit@5:0.1138	 hit@10: 0.1703
target: 	 mrr: 0.091689	 ndcg_5: 0.0826	 ndcg_10: 0.1025	 hit@1:0.042437	 hit@5:0.1221	 hit@10: 0.1842
epoch 77: train_loss = 1.583908, source_mrr = 0.081807, source_hit@10 = 0.1703, source_ndcg@10 = 0.0926, target_mrr = 0.091689, target_hit@10 = 0.1842, target_ndcg@10 = 0.1025

2024-08-12 05:51:02.860628: step 73866/75760 (epoch 78/80), loss = 1.577830 (246.506 sec/epoch), lr: 0.000859
Evaluating on dev set...
.......................................................................................................................................................................................................................
source: 	 mrr: 0.080484	 ndcg_5: 0.0714	 ndcg_10: 0.0910	 hit@1:0.035686	 hit@5:0.1075	 hit@10: 0.1686
target: 	 mrr: 0.092732	 ndcg_5: 0.0835	 ndcg_10: 0.1034	 hit@1:0.042700	 hit@5:0.1238	 hit@10: 0.1854
epoch 78: train_loss = 1.577830, source_mrr = 0.080484, source_hit@10 = 0.1686, source_ndcg@10 = 0.0910, target_mrr = 0.092732, target_hit@10 = 0.1854, target_ndcg@10 = 0.1034

2024-08-12 05:55:10.779477: step 74813/75760 (epoch 79/80), loss = 1.570050 (245.886 sec/epoch), lr: 0.000816
Evaluating on dev set...
.......................................................................................................................................................................................................................
source: 	 mrr: 0.083133	 ndcg_5: 0.0769	 ndcg_10: 0.0934	 hit@1:0.036621	 hit@5:0.1170	 hit@10: 0.1683
target: 	 mrr: 0.097169	 ndcg_5: 0.0885	 ndcg_10: 0.1086	 hit@1:0.046121	 hit@5:0.1292	 hit@10: 0.1918
target best!
......................................................................................................................................................target: 	 mrr: 0.100380	 ndcg_5: 0.0925	 ndcg_10: 0.1118	 hit@1:0.049226	 hit@5:0.1344	 hit@10: 0.1945
epoch 79: train_loss = 1.570050, source_mrr = 0.083133, source_hit@10 = 0.1683, source_ndcg@10 = 0.0934, target_mrr = 0.100380, target_hit@10 = 0.1945, target_ndcg@10 = 0.1118

2024-08-12 05:59:20.018187: step 75760/75760 (epoch 80/80), loss = 1.564326 (245.790 sec/epoch), lr: 0.000816
Evaluating on dev set...
.......................................................................................................................................................................................................................
source: 	 mrr: 0.075892	 ndcg_5: 0.0689	 ndcg_10: 0.0864	 hit@1:0.029453	 hit@5:0.1060	 hit@10: 0.1605
target: 	 mrr: 0.095007	 ndcg_5: 0.0868	 ndcg_10: 0.1063	 hit@1:0.045003	 hit@5:0.1280	 hit@10: 0.1888
epoch 80: train_loss = 1.564326, source_mrr = 0.075892, source_hit@10 = 0.1605, source_ndcg@10 = 0.0864, target_mrr = 0.095007, target_hit@10 = 0.1888, target_ndcg@10 = 0.1063

source best:  source_mrr = 0.085034, source_hit@10 = 0.1786, source_ndcg@10 = 0.0969
target best:  target_mrr = 0.097169, target_hit@10 = 0.1918, target_ndcg@10 = 0.1086
