nohup: ignoring input
using gpu:1 to train the model
using gpu:1 to train the model
cuda:1
Namespace(A_split=False, JK='sum', a_fold=100, aggregate=False, alpha=0.5, batch_size=1024, beta_inter=0.2, conv_layers=4, cuda=True, decay_epoch=10, device=device(type='cuda', index=1), device_id='1', domains='cell_electronic', dropout=0.4, epoch=80, feature_dim=126, gamma_intra=0.8, hidden_dim=126, inter_tau=0.2, intra_tau=0.4, lambda_critic=0.1, leakey=0.05, load=False, log='logs.txt', log_epoch=1, lr=0.004, lr_decay=0.95, min_epoch=50, mode='train', model_file=None, model_name='ce', momentum=0.98, num_latent_factors=3, num_negative=100, optim='adam', patience=20, proj_layers=1, projection=1, rectify_epoch=30, residual=1, save=False, save_dir='./saved_models', seed=2040, similarity_tau=0.1, test_sample_number=999, user_batch_size=256, weight_decay=0.0002)
number_user 27519
number_item 9481
/home/hourun/invariantCDR_v2/invariantCDR/utils/GraphMaker.py:46: RuntimeWarning: divide by zero encountered in power
  r_inv = np.power(rowsum, -1).flatten()
real graph loaded!
number_user 107984
number_item 40460
real graph loaded!
graph loaded!
Loading data from cell_electronic with batch size 1024...
unseen test: 0
test length: 6417
unseen test: 0
test length: 6322
unseen test: 0
test length: 15199
unseen test: 0
test length: 15053
source_user_num 27519
target_user_num 107984
source_item_num 9481
target_item_num 40460
shared users id: 16337
test users 2049, 2042
unseen test: 0
dev length: 1000
unseen test: 0
dev length: 1000
source train data : 148271, target train data: 821301, source test data : 6322, target test data : 15053, source dev data : 1000, target dev data : 1000
2024-08-12 00:34:04.010364: step 947/75760 (epoch 1/80), loss = 2.117144 (251.221 sec/epoch), lr: 0.004000
Evaluating on dev set...
.......................................................................................................................................................................................................................
source: 	 mrr: 0.069133	 ndcg_5: 0.0604	 ndcg_10: 0.0784	 hit@1:0.026804	 hit@5:0.0938	 hit@10: 0.1499
target: 	 mrr: 0.076925	 ndcg_5: 0.0684	 ndcg_10: 0.0871	 hit@1:0.031581	 hit@5:0.1046	 hit@10: 0.1632
source best!
...............................................................
source: 	 mrr: 0.073765	 ndcg_5: 0.0659	 ndcg_10: 0.0831	 hit@1:0.030212	 hit@5:0.1014	 hit@10: 0.1550
target best!
......................................................................................................................................................target: 	 mrr: 0.078449	 ndcg_5: 0.0703	 ndcg_10: 0.0886	 hit@1:0.032352	 hit@5:0.1078	 hit@10: 0.1644
epoch 1: train_loss = 2.117144, source_mrr = 0.073765, source_hit@10 = 0.1550, source_ndcg@10 = 0.0831, target_mrr = 0.078449, target_hit@10 = 0.1644, target_ndcg@10 = 0.0886

2024-08-12 00:38:20.318691: step 1894/75760 (epoch 2/80), loss = 1.975468 (251.846 sec/epoch), lr: 0.004000
Evaluating on dev set...
.......................................................................................................................................................................................................................
source: 	 mrr: 0.068807	 ndcg_5: 0.0605	 ndcg_10: 0.0773	 hit@1:0.026960	 hit@5:0.0949	 hit@10: 0.1470
target: 	 mrr: 0.054313	 ndcg_5: 0.0433	 ndcg_10: 0.0620	 hit@1:0.014343	 hit@5:0.0726	 hit@10: 0.1310
epoch 2: train_loss = 1.975468, source_mrr = 0.068807, source_hit@10 = 0.1470, source_ndcg@10 = 0.0773, target_mrr = 0.054313, target_hit@10 = 0.1310, target_ndcg@10 = 0.0620

2024-08-12 00:42:34.741746: step 2841/75760 (epoch 3/80), loss = 1.947158 (252.141 sec/epoch), lr: 0.004000
Evaluating on dev set...
.......................................................................................................................................................................................................................
source: 	 mrr: 0.044431	 ndcg_5: 0.0351	 ndcg_10: 0.0479	 hit@1:0.012934	 hit@5:0.0573	 hit@10: 0.0974
target: 	 mrr: 0.064216	 ndcg_5: 0.0562	 ndcg_10: 0.0721	 hit@1:0.023225	 hit@5:0.0881	 hit@10: 0.1375
epoch 3: train_loss = 1.947158, source_mrr = 0.044431, source_hit@10 = 0.0974, source_ndcg@10 = 0.0479, target_mrr = 0.064216, target_hit@10 = 0.1375, target_ndcg@10 = 0.0721

2024-08-12 00:46:49.344404: step 3788/75760 (epoch 4/80), loss = 1.935988 (252.284 sec/epoch), lr: 0.004000
Evaluating on dev set...
.......................................................................................................................................................................................................................
source: 	 mrr: 0.049395	 ndcg_5: 0.0429	 ndcg_10: 0.0562	 hit@1:0.015428	 hit@5:0.0714	 hit@10: 0.1125
target: 	 mrr: 0.078742	 ndcg_5: 0.0695	 ndcg_10: 0.0872	 hit@1:0.034673	 hit@5:0.1032	 hit@10: 0.1582
target best!
......................................................................................................................................................target: 	 mrr: 0.079363	 ndcg_5: 0.0705	 ndcg_10: 0.0880	 hit@1:0.035142	 hit@5:0.1054	 hit@10: 0.1600
epoch 4: train_loss = 1.935988, source_mrr = 0.049395, source_hit@10 = 0.1125, source_ndcg@10 = 0.0562, target_mrr = 0.079363, target_hit@10 = 0.1600, target_ndcg@10 = 0.0880

2024-08-12 00:51:06.425687: step 4735/75760 (epoch 5/80), loss = 1.922754 (253.157 sec/epoch), lr: 0.004000
Evaluating on dev set...
.......................................................................................................................................................................................................................
source: 	 mrr: 0.063853	 ndcg_5: 0.0546	 ndcg_10: 0.0718	 hit@1:0.022129	 hit@5:0.0870	 hit@10: 0.1406
target: 	 mrr: 0.055159	 ndcg_5: 0.0454	 ndcg_10: 0.0636	 hit@1:0.015396	 hit@5:0.0770	 hit@10: 0.1334
epoch 5: train_loss = 1.922754, source_mrr = 0.063853, source_hit@10 = 0.1406, source_ndcg@10 = 0.0718, target_mrr = 0.055159, target_hit@10 = 0.1334, target_ndcg@10 = 0.0636

2024-08-12 00:55:21.730753: step 5682/75760 (epoch 6/80), loss = 1.904610 (252.956 sec/epoch), lr: 0.004000
Evaluating on dev set...
.......................................................................................................................................................................................................................
source: 	 mrr: 0.054235	 ndcg_5: 0.0451	 ndcg_10: 0.0595	 hit@1:0.019480	 hit@5:0.0714	 hit@10: 0.1164
target: 	 mrr: 0.073439	 ndcg_5: 0.0651	 ndcg_10: 0.0825	 hit@1:0.031318	 hit@5:0.0990	 hit@10: 0.1533
epoch 6: train_loss = 1.904610, source_mrr = 0.054235, source_hit@10 = 0.1164, source_ndcg@10 = 0.0595, target_mrr = 0.073439, target_hit@10 = 0.1533, target_ndcg@10 = 0.0825

2024-08-12 00:59:36.180280: step 6629/75760 (epoch 7/80), loss = 1.889537 (252.059 sec/epoch), lr: 0.004000
Evaluating on dev set...
.......................................................................................................................................................................................................................
source: 	 mrr: 0.055892	 ndcg_5: 0.0465	 ndcg_10: 0.0620	 hit@1:0.018544	 hit@5:0.0745	 hit@10: 0.1226
target: 	 mrr: 0.083684	 ndcg_5: 0.0740	 ndcg_10: 0.0938	 hit@1:0.036581	 hit@5:0.1105	 hit@10: 0.1718
target best!
......................................................................................................................................................target: 	 mrr: 0.084919	 ndcg_5: 0.0768	 ndcg_10: 0.0956	 hit@1:0.036670	 hit@5:0.1159	 hit@10: 0.1746
epoch 7: train_loss = 1.889537, source_mrr = 0.055892, source_hit@10 = 0.1226, source_ndcg@10 = 0.0620, target_mrr = 0.084919, target_hit@10 = 0.1746, target_ndcg@10 = 0.0956

2024-08-12 01:03:52.843548: step 7576/75760 (epoch 8/80), loss = 1.870502 (252.618 sec/epoch), lr: 0.004000
Evaluating on dev set...
.......................................................................................................................................................................................................................
source: 	 mrr: 0.059632	 ndcg_5: 0.0511	 ndcg_10: 0.0661	 hit@1:0.021661	 hit@5:0.0820	 hit@10: 0.1286
target: 	 mrr: 0.081271	 ndcg_5: 0.0722	 ndcg_10: 0.0921	 hit@1:0.032765	 hit@5:0.1113	 hit@10: 0.1731
epoch 8: train_loss = 1.870502, source_mrr = 0.059632, source_hit@10 = 0.1286, source_ndcg@10 = 0.0661, target_mrr = 0.081271, target_hit@10 = 0.1731, target_ndcg@10 = 0.0921

2024-08-12 01:08:07.727130: step 8523/75760 (epoch 9/80), loss = 1.860969 (252.521 sec/epoch), lr: 0.004000
Evaluating on dev set...
.......................................................................................................................................................................................................................
source: 	 mrr: 0.066827	 ndcg_5: 0.0595	 ndcg_10: 0.0758	 hit@1:0.023375	 hit@5:0.0946	 hit@10: 0.1456
target: 	 mrr: 0.081119	 ndcg_5: 0.0732	 ndcg_10: 0.0910	 hit@1:0.033028	 hit@5:0.1126	 hit@10: 0.1679
epoch 9: train_loss = 1.860969, source_mrr = 0.066827, source_hit@10 = 0.1456, source_ndcg@10 = 0.0758, target_mrr = 0.081119, target_hit@10 = 0.1679, target_ndcg@10 = 0.0910

2024-08-12 01:12:23.308296: step 9470/75760 (epoch 10/80), loss = 1.848296 (253.283 sec/epoch), lr: 0.004000
Evaluating on dev set...
.......................................................................................................................................................................................................................
source: 	 mrr: 0.048044	 ndcg_5: 0.0413	 ndcg_10: 0.0522	 hit@1:0.021038	 hit@5:0.0612	 hit@10: 0.0951
target: 	 mrr: 0.077983	 ndcg_5: 0.0691	 ndcg_10: 0.0871	 hit@1:0.032239	 hit@5:0.1056	 hit@10: 0.1612
epoch 10: train_loss = 1.848296, source_mrr = 0.048044, source_hit@10 = 0.0951, source_ndcg@10 = 0.0522, target_mrr = 0.077983, target_hit@10 = 0.1612, target_ndcg@10 = 0.0871

2024-08-12 01:16:38.784432: step 10417/75760 (epoch 11/80), loss = 1.839060 (253.174 sec/epoch), lr: 0.004000
Evaluating on dev set...
.......................................................................................................................................................................................................................
source: 	 mrr: 0.071430	 ndcg_5: 0.0616	 ndcg_10: 0.0793	 hit@1:0.027739	 hit@5:0.0941	 hit@10: 0.1493
target: 	 mrr: 0.062688	 ndcg_5: 0.0532	 ndcg_10: 0.0685	 hit@1:0.025594	 hit@5:0.0804	 hit@10: 0.1281
source best!
...............................................................
source: 	 mrr: 0.073670	 ndcg_5: 0.0634	 ndcg_10: 0.0826	 hit@1:0.028630	 hit@5:0.0970	 hit@10: 0.1564
epoch 11: train_loss = 1.839060, source_mrr = 0.073670, source_hit@10 = 0.1564, source_ndcg@10 = 0.0826, target_mrr = 0.062688, target_hit@10 = 0.1281, target_ndcg@10 = 0.0685

2024-08-12 01:20:54.475040: step 11364/75760 (epoch 12/80), loss = 1.838993 (252.769 sec/epoch), lr: 0.004000
Evaluating on dev set...
.......................................................................................................................................................................................................................
source: 	 mrr: 0.069318	 ndcg_5: 0.0612	 ndcg_10: 0.0787	 hit@1:0.027739	 hit@5:0.0938	 hit@10: 0.1480
target: 	 mrr: 0.079394	 ndcg_5: 0.0705	 ndcg_10: 0.0874	 hit@1:0.034081	 hit@5:0.1060	 hit@10: 0.1582
epoch 12: train_loss = 1.838993, source_mrr = 0.069318, source_hit@10 = 0.1480, source_ndcg@10 = 0.0787, target_mrr = 0.079394, target_hit@10 = 0.1582, target_ndcg@10 = 0.0874

2024-08-12 01:25:11.028512: step 12311/75760 (epoch 13/80), loss = 1.839789 (254.212 sec/epoch), lr: 0.004000
Evaluating on dev set...
.......................................................................................................................................................................................................................
source: 	 mrr: 0.035210	 ndcg_5: 0.0270	 ndcg_10: 0.0360	 hit@1:0.011064	 hit@5:0.0435	 hit@10: 0.0717
target: 	 mrr: 0.064108	 ndcg_5: 0.0553	 ndcg_10: 0.0728	 hit@1:0.020528	 hit@5:0.0908	 hit@10: 0.1452
epoch 13: train_loss = 1.839789, source_mrr = 0.035210, source_hit@10 = 0.0717, source_ndcg@10 = 0.0360, target_mrr = 0.064108, target_hit@10 = 0.1452, target_ndcg@10 = 0.0728

2024-08-12 01:29:25.991491: step 13258/75760 (epoch 14/80), loss = 1.830298 (252.679 sec/epoch), lr: 0.003800
Evaluating on dev set...
.......................................................................................................................................................................................................................
source: 	 mrr: 0.022796	 ndcg_5: 0.0154	 ndcg_10: 0.0217	 hit@1:0.007013	 hit@5:0.0240	 hit@10: 0.0438
target: 	 mrr: 0.085722	 ndcg_5: 0.0761	 ndcg_10: 0.0932	 hit@1:0.041582	 hit@5:0.1088	 hit@10: 0.1622
target best!
......................................................................................................................................................target: 	 mrr: 0.087955	 ndcg_5: 0.0792	 ndcg_10: 0.0967	 hit@1:0.043446	 hit@5:0.1141	 hit@10: 0.1683
epoch 14: train_loss = 1.830298, source_mrr = 0.022796, source_hit@10 = 0.0438, source_ndcg@10 = 0.0217, target_mrr = 0.087955, target_hit@10 = 0.1683, target_ndcg@10 = 0.0967

2024-08-12 01:33:42.774842: step 14205/75760 (epoch 15/80), loss = 1.824428 (252.980 sec/epoch), lr: 0.003800
Evaluating on dev set...
.......................................................................................................................................................................................................................
source: 	 mrr: 0.022506	 ndcg_5: 0.0165	 ndcg_10: 0.0201	 hit@1:0.008415	 hit@5:0.0238	 hit@10: 0.0354
target: 	 mrr: 0.083596	 ndcg_5: 0.0763	 ndcg_10: 0.0937	 hit@1:0.037371	 hit@5:0.1138	 hit@10: 0.1679
epoch 15: train_loss = 1.824428, source_mrr = 0.022506, source_hit@10 = 0.0354, source_ndcg@10 = 0.0201, target_mrr = 0.083596, target_hit@10 = 0.1679, target_ndcg@10 = 0.0937

2024-08-12 01:37:58.447547: step 15152/75760 (epoch 16/80), loss = 1.818787 (253.302 sec/epoch), lr: 0.003610
Evaluating on dev set...
.......................................................................................................................................................................................................................
source: 	 mrr: 0.058691	 ndcg_5: 0.0503	 ndcg_10: 0.0628	 hit@1:0.026025	 hit@5:0.0746	 hit@10: 0.1133
target: 	 mrr: 0.080804	 ndcg_5: 0.0713	 ndcg_10: 0.0910	 hit@1:0.036055	 hit@5:0.1068	 hit@10: 0.1680
epoch 16: train_loss = 1.818787, source_mrr = 0.058691, source_hit@10 = 0.1133, source_ndcg@10 = 0.0628, target_mrr = 0.080804, target_hit@10 = 0.1680, target_ndcg@10 = 0.0910

2024-08-12 01:42:13.589065: step 16099/75760 (epoch 17/80), loss = 1.813232 (252.788 sec/epoch), lr: 0.003610
Evaluating on dev set...
.......................................................................................................................................................................................................................
source: 	 mrr: 0.055075	 ndcg_5: 0.0454	 ndcg_10: 0.0596	 hit@1:0.022129	 hit@5:0.0690	 hit@10: 0.1136
target: 	 mrr: 0.081704	 ndcg_5: 0.0729	 ndcg_10: 0.0904	 hit@1:0.036121	 hit@5:0.1087	 hit@10: 0.1632
epoch 17: train_loss = 1.813232, source_mrr = 0.055075, source_hit@10 = 0.1136, source_ndcg@10 = 0.0596, target_mrr = 0.081704, target_hit@10 = 0.1632, target_ndcg@10 = 0.0904

2024-08-12 01:46:28.498041: step 17046/75760 (epoch 18/80), loss = 1.796731 (252.551 sec/epoch), lr: 0.003429
Evaluating on dev set...
.......................................................................................................................................................................................................................
source: 	 mrr: 0.067541	 ndcg_5: 0.0576	 ndcg_10: 0.0742	 hit@1:0.027895	 hit@5:0.0874	 hit@10: 0.1393
target: 	 mrr: 0.059139	 ndcg_5: 0.0519	 ndcg_10: 0.0672	 hit@1:0.017501	 hit@5:0.0865	 hit@10: 0.1339
epoch 18: train_loss = 1.796731, source_mrr = 0.067541, source_hit@10 = 0.1393, source_ndcg@10 = 0.0742, target_mrr = 0.059139, target_hit@10 = 0.1339, target_ndcg@10 = 0.0672

2024-08-12 01:50:43.486440: step 17993/75760 (epoch 19/80), loss = 1.788216 (252.693 sec/epoch), lr: 0.003258
Evaluating on dev set...
.......................................................................................................................................................................................................................
source: 	 mrr: 0.071150	 ndcg_5: 0.0615	 ndcg_10: 0.0797	 hit@1:0.028674	 hit@5:0.0933	 hit@10: 0.1498
target: 	 mrr: 0.079298	 ndcg_5: 0.0705	 ndcg_10: 0.0881	 hit@1:0.033423	 hit@5:0.1066	 hit@10: 0.1615
epoch 19: train_loss = 1.788216, source_mrr = 0.071150, source_hit@10 = 0.1498, source_ndcg@10 = 0.0797, target_mrr = 0.079298, target_hit@10 = 0.1615, target_ndcg@10 = 0.0881

2024-08-12 01:54:58.223090: step 18940/75760 (epoch 20/80), loss = 1.781085 (252.448 sec/epoch), lr: 0.003258
Evaluating on dev set...
.......................................................................................................................................................................................................................
source: 	 mrr: 0.023928	 ndcg_5: 0.0166	 ndcg_10: 0.0220	 hit@1:0.009194	 hit@5:0.0243	 hit@10: 0.0411
target: 	 mrr: 0.061646	 ndcg_5: 0.0528	 ndcg_10: 0.0670	 hit@1:0.023752	 hit@5:0.0811	 hit@10: 0.1251
epoch 20: train_loss = 1.781085, source_mrr = 0.023928, source_hit@10 = 0.0411, source_ndcg@10 = 0.0220, target_mrr = 0.061646, target_hit@10 = 0.1251, target_ndcg@10 = 0.0670

2024-08-12 01:59:13.427749: step 19887/75760 (epoch 21/80), loss = 1.773100 (252.901 sec/epoch), lr: 0.003095
Evaluating on dev set...
.......................................................................................................................................................................................................................
source: 	 mrr: 0.048972	 ndcg_5: 0.0406	 ndcg_10: 0.0517	 hit@1:0.018077	 hit@5:0.0631	 hit@10: 0.0977
target: 	 mrr: 0.077923	 ndcg_5: 0.0676	 ndcg_10: 0.0854	 hit@1:0.036910	 hit@5:0.0980	 hit@10: 0.1535
epoch 21: train_loss = 1.773100, source_mrr = 0.048972, source_hit@10 = 0.0977, source_ndcg@10 = 0.0517, target_mrr = 0.077923, target_hit@10 = 0.1535, target_ndcg@10 = 0.0854

2024-08-12 02:03:28.124713: step 20834/75760 (epoch 22/80), loss = 1.770504 (252.388 sec/epoch), lr: 0.003095
Evaluating on dev set...
.......................................................................................................................................................................................................................
source: 	 mrr: 0.032516	 ndcg_5: 0.0252	 ndcg_10: 0.0318	 hit@1:0.012934	 hit@5:0.0371	 hit@10: 0.0578
target: 	 mrr: 0.088970	 ndcg_5: 0.0824	 ndcg_10: 0.1011	 hit@1:0.040200	 hit@5:0.1249	 hit@10: 0.1828
target best!
......................................................................................................................................................target: 	 mrr: 0.091695	 ndcg_5: 0.0844	 ndcg_10: 0.1031	 hit@1:0.042384	 hit@5:0.1254	 hit@10: 0.1832
epoch 22: train_loss = 1.770504, source_mrr = 0.032516, source_hit@10 = 0.0578, source_ndcg@10 = 0.0318, target_mrr = 0.091695, target_hit@10 = 0.1832, target_ndcg@10 = 0.1031

2024-08-12 02:07:44.918660: step 21781/75760 (epoch 23/80), loss = 1.762648 (252.947 sec/epoch), lr: 0.002940
Evaluating on dev set...
.......................................................................................................................................................................................................................
source: 	 mrr: 0.040257	 ndcg_5: 0.0320	 ndcg_10: 0.0418	 hit@1:0.012623	 hit@5:0.0510	 hit@10: 0.0818
target: 	 mrr: 0.067629	 ndcg_5: 0.0600	 ndcg_10: 0.0731	 hit@1:0.031647	 hit@5:0.0876	 hit@10: 0.1285
epoch 23: train_loss = 1.762648, source_mrr = 0.040257, source_hit@10 = 0.0818, source_ndcg@10 = 0.0418, target_mrr = 0.067629, target_hit@10 = 0.1285, target_ndcg@10 = 0.0731

2024-08-12 02:12:00.336934: step 22728/75760 (epoch 24/80), loss = 1.754985 (253.091 sec/epoch), lr: 0.002793
Evaluating on dev set...
.......................................................................................................................................................................................................................
source: 	 mrr: 0.065578	 ndcg_5: 0.0571	 ndcg_10: 0.0729	 hit@1:0.024934	 hit@5:0.0899	 hit@10: 0.1393
target: 	 mrr: 0.093713	 ndcg_5: 0.0852	 ndcg_10: 0.1041	 hit@1:0.045266	 hit@5:0.1236	 hit@10: 0.1822
target best!
......................................................................................................................................................target: 	 mrr: 0.095178	 ndcg_5: 0.0877	 ndcg_10: 0.1061	 hit@1:0.045373	 hit@5:0.1293	 hit@10: 0.1865
epoch 24: train_loss = 1.754985, source_mrr = 0.065578, source_hit@10 = 0.1393, source_ndcg@10 = 0.0729, target_mrr = 0.095178, target_hit@10 = 0.1865, target_ndcg@10 = 0.1061

2024-08-12 02:16:17.306127: step 23675/75760 (epoch 25/80), loss = 1.748455 (253.170 sec/epoch), lr: 0.002793
Evaluating on dev set...
.......................................................................................................................................................................................................................
source: 	 mrr: 0.029642	 ndcg_5: 0.0249	 ndcg_10: 0.0304	 hit@1:0.011064	 hit@5:0.0386	 hit@10: 0.0556
target: 	 mrr: 0.062648	 ndcg_5: 0.0545	 ndcg_10: 0.0695	 hit@1:0.025265	 hit@5:0.0832	 hit@10: 0.1295
epoch 25: train_loss = 1.748455, source_mrr = 0.029642, source_hit@10 = 0.0556, source_ndcg@10 = 0.0304, target_mrr = 0.062648, target_hit@10 = 0.1295, target_ndcg@10 = 0.0695

2024-08-12 02:20:32.547682: step 24622/75760 (epoch 26/80), loss = 1.743392 (252.952 sec/epoch), lr: 0.002654
Evaluating on dev set...
.......................................................................................................................................................................................................................
source: 	 mrr: 0.018328	 ndcg_5: 0.0134	 ndcg_10: 0.0171	 hit@1:0.005610	 hit@5:0.0210	 hit@10: 0.0327
target: 	 mrr: 0.088504	 ndcg_5: 0.0796	 ndcg_10: 0.0991	 hit@1:0.039739	 hit@5:0.1181	 hit@10: 0.1788
epoch 26: train_loss = 1.743392, source_mrr = 0.018328, source_hit@10 = 0.0327, source_ndcg@10 = 0.0171, target_mrr = 0.088504, target_hit@10 = 0.1788, target_ndcg@10 = 0.0991

2024-08-12 02:24:47.814072: step 25569/75760 (epoch 27/80), loss = 1.742209 (252.983 sec/epoch), lr: 0.002654
Evaluating on dev set...
.......................................................................................................................................................................................................................
source: 	 mrr: 0.019389	 ndcg_5: 0.0136	 ndcg_10: 0.0176	 hit@1:0.004987	 hit@5:0.0224	 hit@10: 0.0351
target: 	 mrr: 0.072610	 ndcg_5: 0.0643	 ndcg_10: 0.0811	 hit@1:0.030791	 hit@5:0.0968	 hit@10: 0.1490
epoch 27: train_loss = 1.742209, source_mrr = 0.019389, source_hit@10 = 0.0351, source_ndcg@10 = 0.0176, target_mrr = 0.072610, target_hit@10 = 0.1490, target_ndcg@10 = 0.0811

2024-08-12 02:29:03.291533: step 26516/75760 (epoch 28/80), loss = 1.734800 (253.166 sec/epoch), lr: 0.002521
Evaluating on dev set...
.......................................................................................................................................................................................................................
source: 	 mrr: 0.062748	 ndcg_5: 0.0549	 ndcg_10: 0.0699	 hit@1:0.025090	 hit@5:0.0846	 hit@10: 0.1312
target: 	 mrr: 0.062657	 ndcg_5: 0.0545	 ndcg_10: 0.0707	 hit@1:0.023225	 hit@5:0.0861	 hit@10: 0.1364
epoch 28: train_loss = 1.734800, source_mrr = 0.062748, source_hit@10 = 0.1312, source_ndcg@10 = 0.0699, target_mrr = 0.062657, target_hit@10 = 0.1364, target_ndcg@10 = 0.0707

2024-08-12 02:33:18.468758: step 27463/75760 (epoch 29/80), loss = 1.733977 (252.834 sec/epoch), lr: 0.002521
Evaluating on dev set...
.......................................................................................................................................................................................................................
source: 	 mrr: 0.072745	 ndcg_5: 0.0651	 ndcg_10: 0.0805	 hit@1:0.030076	 hit@5:0.0993	 hit@10: 0.1468
target: 	 mrr: 0.084829	 ndcg_5: 0.0765	 ndcg_10: 0.0955	 hit@1:0.034871	 hit@5:0.1177	 hit@10: 0.1770
source best!
...............................................................
source: 	 mrr: 0.078641	 ndcg_5: 0.0709	 ndcg_10: 0.0872	 hit@1:0.034325	 hit@5:0.1063	 hit@10: 0.1572
epoch 29: train_loss = 1.733977, source_mrr = 0.078641, source_hit@10 = 0.1572, source_ndcg@10 = 0.0872, target_mrr = 0.084829, target_hit@10 = 0.1770, target_ndcg@10 = 0.0955

2024-08-12 02:37:34.742280: step 28410/75760 (epoch 30/80), loss = 1.732562 (253.357 sec/epoch), lr: 0.002521
Evaluating on dev set...
.......................................................................................................................................................................................................................
source: 	 mrr: 0.037854	 ndcg_5: 0.0281	 ndcg_10: 0.0394	 hit@1:0.012311	 hit@5:0.0435	 hit@10: 0.0787
target: 	 mrr: 0.085442	 ndcg_5: 0.0761	 ndcg_10: 0.0955	 hit@1:0.039410	 hit@5:0.1126	 hit@10: 0.1728
epoch 30: train_loss = 1.732562, source_mrr = 0.037854, source_hit@10 = 0.0787, source_ndcg@10 = 0.0394, target_mrr = 0.085442, target_hit@10 = 0.1728, target_ndcg@10 = 0.0955
shift to transfer learning mode

2024-08-12 02:41:52.621709: step 29357/75760 (epoch 31/80), loss = 1.732349 (255.593 sec/epoch), lr: 0.002395
Evaluating on dev set...
.......................................................................................................................................................................................................................
source: 	 mrr: 0.065152	 ndcg_5: 0.0560	 ndcg_10: 0.0744	 hit@1:0.025090	 hit@5:0.0882	 hit@10: 0.1454
target: 	 mrr: 0.080063	 ndcg_5: 0.0707	 ndcg_10: 0.0883	 hit@1:0.035529	 hit@5:0.1051	 hit@10: 0.1598
epoch 31: train_loss = 1.732349, source_mrr = 0.065152, source_hit@10 = 0.1454, source_ndcg@10 = 0.0744, target_mrr = 0.080063, target_hit@10 = 0.1598, target_ndcg@10 = 0.0883

2024-08-12 02:46:11.764484: step 30304/75760 (epoch 32/80), loss = 1.731824 (256.857 sec/epoch), lr: 0.002395
Evaluating on dev set...
.......................................................................................................................................................................................................................
source: 	 mrr: 0.054177	 ndcg_5: 0.0467	 ndcg_10: 0.0603	 hit@1:0.021038	 hit@5:0.0720	 hit@10: 0.1142
target: 	 mrr: 0.074779	 ndcg_5: 0.0645	 ndcg_10: 0.0816	 hit@1:0.033357	 hit@5:0.0943	 hit@10: 0.1476
epoch 32: train_loss = 1.731824, source_mrr = 0.054177, source_hit@10 = 0.1142, source_ndcg@10 = 0.0603, target_mrr = 0.074779, target_hit@10 = 0.1476, target_ndcg@10 = 0.0816

2024-08-12 02:50:30.331213: step 31251/75760 (epoch 33/80), loss = 1.725396 (256.260 sec/epoch), lr: 0.002275
Evaluating on dev set...
.......................................................................................................................................................................................................................
source: 	 mrr: 0.057855	 ndcg_5: 0.0478	 ndcg_10: 0.0628	 hit@1:0.023064	 hit@5:0.0723	 hit@10: 0.1194
target: 	 mrr: 0.080643	 ndcg_5: 0.0734	 ndcg_10: 0.0907	 hit@1:0.036121	 hit@5:0.1094	 hit@10: 0.1626
epoch 33: train_loss = 1.725396, source_mrr = 0.057855, source_hit@10 = 0.1194, source_ndcg@10 = 0.0628, target_mrr = 0.080643, target_hit@10 = 0.1626, target_ndcg@10 = 0.0907

2024-08-12 02:54:48.428629: step 32198/75760 (epoch 34/80), loss = 1.721198 (255.780 sec/epoch), lr: 0.002275
Evaluating on dev set...
.......................................................................................................................................................................................................................
source: 	 mrr: 0.076584	 ndcg_5: 0.0685	 ndcg_10: 0.0860	 hit@1:0.030700	 hit@5:0.1050	 hit@10: 0.1594
target: 	 mrr: 0.084757	 ndcg_5: 0.0773	 ndcg_10: 0.0951	 hit@1:0.037371	 hit@5:0.1165	 hit@10: 0.1720
source best!
...............................................................
source: 	 mrr: 0.079616	 ndcg_5: 0.0716	 ndcg_10: 0.0894	 hit@1:0.033850	 hit@5:0.1090	 hit@10: 0.1639
epoch 34: train_loss = 1.721198, source_mrr = 0.079616, source_hit@10 = 0.1639, source_ndcg@10 = 0.0894, target_mrr = 0.084757, target_hit@10 = 0.1720, target_ndcg@10 = 0.0951

2024-08-12 02:59:07.183996: step 33145/75760 (epoch 35/80), loss = 1.723451 (255.808 sec/epoch), lr: 0.002275
Evaluating on dev set...
.......................................................................................................................................................................................................................
source: 	 mrr: 0.065900	 ndcg_5: 0.0569	 ndcg_10: 0.0725	 hit@1:0.027271	 hit@5:0.0862	 hit@10: 0.1346
target: 	 mrr: 0.079472	 ndcg_5: 0.0717	 ndcg_10: 0.0871	 hit@1:0.036581	 hit@5:0.1057	 hit@10: 0.1538
epoch 35: train_loss = 1.723451, source_mrr = 0.065900, source_hit@10 = 0.1346, source_ndcg@10 = 0.0725, target_mrr = 0.079472, target_hit@10 = 0.1538, target_ndcg@10 = 0.0871

2024-08-12 03:03:25.782020: step 34092/75760 (epoch 36/80), loss = 1.713880 (256.278 sec/epoch), lr: 0.002161
Evaluating on dev set...
.......................................................................................................................................................................................................................
source: 	 mrr: 0.077921	 ndcg_5: 0.0699	 ndcg_10: 0.0878	 hit@1:0.031791	 hit@5:0.1069	 hit@10: 0.1624
target: 	 mrr: 0.075106	 ndcg_5: 0.0673	 ndcg_10: 0.0854	 hit@1:0.031844	 hit@5:0.1014	 hit@10: 0.1578
source best!
...............................................................
source: 	 mrr: 0.078478	 ndcg_5: 0.0698	 ndcg_10: 0.0873	 hit@1:0.031794	 hit@5:0.1068	 hit@10: 0.1612
epoch 36: train_loss = 1.713880, source_mrr = 0.078478, source_hit@10 = 0.1612, source_ndcg@10 = 0.0873, target_mrr = 0.075106, target_hit@10 = 0.1578, target_ndcg@10 = 0.0854

2024-08-12 03:07:45.031431: step 35039/75760 (epoch 37/80), loss = 1.714164 (256.328 sec/epoch), lr: 0.002161
Evaluating on dev set...
.......................................................................................................................................................................................................................
source: 	 mrr: 0.056720	 ndcg_5: 0.0473	 ndcg_10: 0.0612	 hit@1:0.021973	 hit@5:0.0718	 hit@10: 0.1155
target: 	 mrr: 0.077383	 ndcg_5: 0.0691	 ndcg_10: 0.0887	 hit@1:0.030265	 hit@5:0.1081	 hit@10: 0.1690
epoch 37: train_loss = 1.714164, source_mrr = 0.056720, source_hit@10 = 0.1155, source_ndcg@10 = 0.0612, target_mrr = 0.077383, target_hit@10 = 0.1690, target_ndcg@10 = 0.0887

2024-08-12 03:12:04.469633: step 35986/75760 (epoch 38/80), loss = 1.708643 (256.919 sec/epoch), lr: 0.002053
Evaluating on dev set...
.......................................................................................................................................................................................................................
source: 	 mrr: 0.071146	 ndcg_5: 0.0632	 ndcg_10: 0.0797	 hit@1:0.028986	 hit@5:0.0958	 hit@10: 0.1470
target: 	 mrr: 0.089625	 ndcg_5: 0.0801	 ndcg_10: 0.0999	 hit@1:0.042963	 hit@5:0.1169	 hit@10: 0.1784
epoch 38: train_loss = 1.708643, source_mrr = 0.071146, source_hit@10 = 0.1470, source_ndcg@10 = 0.0797, target_mrr = 0.089625, target_hit@10 = 0.1784, target_ndcg@10 = 0.0999

2024-08-12 03:16:22.756351: step 36933/75760 (epoch 39/80), loss = 1.701750 (255.960 sec/epoch), lr: 0.002053
Evaluating on dev set...
.......................................................................................................................................................................................................................
source: 	 mrr: 0.073978	 ndcg_5: 0.0644	 ndcg_10: 0.0825	 hit@1:0.030076	 hit@5:0.0985	 hit@10: 0.1547
target: 	 mrr: 0.090470	 ndcg_5: 0.0824	 ndcg_10: 0.1019	 hit@1:0.040529	 hit@5:0.1232	 hit@10: 0.1836
epoch 39: train_loss = 1.701750, source_mrr = 0.073978, source_hit@10 = 0.1547, source_ndcg@10 = 0.0825, target_mrr = 0.090470, target_hit@10 = 0.1836, target_ndcg@10 = 0.1019

2024-08-12 03:20:40.848728: step 37880/75760 (epoch 40/80), loss = 1.699052 (255.776 sec/epoch), lr: 0.002053
Evaluating on dev set...
.......................................................................................................................................................................................................................
source: 	 mrr: 0.060227	 ndcg_5: 0.0518	 ndcg_10: 0.0685	 hit@1:0.022440	 hit@5:0.0813	 hit@10: 0.1337
target: 	 mrr: 0.074308	 ndcg_5: 0.0673	 ndcg_10: 0.0849	 hit@1:0.029212	 hit@5:0.1055	 hit@10: 0.1603
epoch 40: train_loss = 1.699052, source_mrr = 0.060227, source_hit@10 = 0.1337, source_ndcg@10 = 0.0685, target_mrr = 0.074308, target_hit@10 = 0.1603, target_ndcg@10 = 0.0849

2024-08-12 03:24:58.755898: step 38827/75760 (epoch 41/80), loss = 1.694228 (255.580 sec/epoch), lr: 0.001951
Evaluating on dev set...
.......................................................................................................................................................................................................................
source: 	 mrr: 0.083943	 ndcg_5: 0.0765	 ndcg_10: 0.0955	 hit@1:0.035842	 hit@5:0.1170	 hit@10: 0.1759
target: 	 mrr: 0.075597	 ndcg_5: 0.0671	 ndcg_10: 0.0858	 hit@1:0.030791	 hit@5:0.1032	 hit@10: 0.1613
source best!
...............................................................
source: 	 mrr: 0.086187	 ndcg_5: 0.0780	 ndcg_10: 0.0973	 hit@1:0.036539	 hit@5:0.1185	 hit@10: 0.1783
epoch 41: train_loss = 1.694228, source_mrr = 0.086187, source_hit@10 = 0.1783, source_ndcg@10 = 0.0973, target_mrr = 0.075597, target_hit@10 = 0.1613, target_ndcg@10 = 0.0858

2024-08-12 03:29:17.375525: step 39774/75760 (epoch 42/80), loss = 1.691655 (255.682 sec/epoch), lr: 0.001951
Evaluating on dev set...
.......................................................................................................................................................................................................................
source: 	 mrr: 0.079453	 ndcg_5: 0.0698	 ndcg_10: 0.0882	 hit@1:0.035531	 hit@5:0.1035	 hit@10: 0.1608
target: 	 mrr: 0.088153	 ndcg_5: 0.0786	 ndcg_10: 0.0995	 hit@1:0.040332	 hit@5:0.1159	 hit@10: 0.1811
epoch 42: train_loss = 1.691655, source_mrr = 0.079453, source_hit@10 = 0.1608, source_ndcg@10 = 0.0882, target_mrr = 0.088153, target_hit@10 = 0.1811, target_ndcg@10 = 0.0995

2024-08-12 03:33:36.305664: step 40721/75760 (epoch 43/80), loss = 1.687049 (256.562 sec/epoch), lr: 0.001951
Evaluating on dev set...
.......................................................................................................................................................................................................................
source: 	 mrr: 0.074480	 ndcg_5: 0.0652	 ndcg_10: 0.0818	 hit@1:0.032414	 hit@5:0.0988	 hit@10: 0.1504
target: 	 mrr: 0.086955	 ndcg_5: 0.0773	 ndcg_10: 0.0972	 hit@1:0.038358	 hit@5:0.1153	 hit@10: 0.1775
epoch 43: train_loss = 1.687049, source_mrr = 0.074480, source_hit@10 = 0.1504, source_ndcg@10 = 0.0818, target_mrr = 0.086955, target_hit@10 = 0.1775, target_ndcg@10 = 0.0972

2024-08-12 03:37:54.545779: step 41668/75760 (epoch 44/80), loss = 1.684844 (255.935 sec/epoch), lr: 0.001853
Evaluating on dev set...
.......................................................................................................................................................................................................................
source: 	 mrr: 0.040851	 ndcg_5: 0.0313	 ndcg_10: 0.0437	 hit@1:0.012467	 hit@5:0.0500	 hit@10: 0.0885
target: 	 mrr: 0.091292	 ndcg_5: 0.0831	 ndcg_10: 0.1027	 hit@1:0.041976	 hit@5:0.1234	 hit@10: 0.1843
epoch 44: train_loss = 1.684844, source_mrr = 0.040851, source_hit@10 = 0.0885, source_ndcg@10 = 0.0437, target_mrr = 0.091292, target_hit@10 = 0.1843, target_ndcg@10 = 0.1027

2024-08-12 03:42:12.951982: step 42615/75760 (epoch 45/80), loss = 1.678005 (256.111 sec/epoch), lr: 0.001761
Evaluating on dev set...
.......................................................................................................................................................................................................................
source: 	 mrr: 0.024021	 ndcg_5: 0.0183	 ndcg_10: 0.0229	 hit@1:0.009506	 hit@5:0.0266	 hit@10: 0.0411
target: 	 mrr: 0.088672	 ndcg_5: 0.0794	 ndcg_10: 0.0984	 hit@1:0.040726	 hit@5:0.1168	 hit@10: 0.1757
epoch 45: train_loss = 1.678005, source_mrr = 0.024021, source_hit@10 = 0.0411, source_ndcg@10 = 0.0229, target_mrr = 0.088672, target_hit@10 = 0.1757, target_ndcg@10 = 0.0984

2024-08-12 03:46:31.185871: step 43562/75760 (epoch 46/80), loss = 1.671837 (255.912 sec/epoch), lr: 0.001672
Evaluating on dev set...
.......................................................................................................................................................................................................................
source: 	 mrr: 0.082482	 ndcg_5: 0.0754	 ndcg_10: 0.0925	 hit@1:0.035842	 hit@5:0.1142	 hit@10: 0.1674
target: 	 mrr: 0.081586	 ndcg_5: 0.0726	 ndcg_10: 0.0897	 hit@1:0.037173	 hit@5:0.1074	 hit@10: 0.1607
epoch 46: train_loss = 1.671837, source_mrr = 0.082482, source_hit@10 = 0.1674, source_ndcg@10 = 0.0925, target_mrr = 0.081586, target_hit@10 = 0.1607, target_ndcg@10 = 0.0897

2024-08-12 03:50:49.225237: step 44509/75760 (epoch 47/80), loss = 1.670183 (255.685 sec/epoch), lr: 0.001672
Evaluating on dev set...
.......................................................................................................................................................................................................................
source: 	 mrr: 0.081739	 ndcg_5: 0.0735	 ndcg_10: 0.0926	 hit@1:0.033661	 hit@5:0.1125	 hit@10: 0.1720
target: 	 mrr: 0.090000	 ndcg_5: 0.0812	 ndcg_10: 0.1004	 hit@1:0.040858	 hit@5:0.1203	 hit@10: 0.1799
epoch 47: train_loss = 1.670183, source_mrr = 0.081739, source_hit@10 = 0.1720, source_ndcg@10 = 0.0926, target_mrr = 0.090000, target_hit@10 = 0.1799, target_ndcg@10 = 0.1004

2024-08-12 03:55:06.592831: step 45456/75760 (epoch 48/80), loss = 1.670280 (255.068 sec/epoch), lr: 0.001672
Evaluating on dev set...
.......................................................................................................................................................................................................................
source: 	 mrr: 0.079124	 ndcg_5: 0.0702	 ndcg_10: 0.0878	 hit@1:0.033349	 hit@5:0.1055	 hit@10: 0.1605
target: 	 mrr: 0.085577	 ndcg_5: 0.0778	 ndcg_10: 0.0947	 hit@1:0.039739	 hit@5:0.1139	 hit@10: 0.1664
epoch 48: train_loss = 1.670280, source_mrr = 0.079124, source_hit@10 = 0.1605, source_ndcg@10 = 0.0878, target_mrr = 0.085577, target_hit@10 = 0.1664, target_ndcg@10 = 0.0947

2024-08-12 03:59:25.170194: step 46403/75760 (epoch 49/80), loss = 1.659652 (256.288 sec/epoch), lr: 0.001589
Evaluating on dev set...
.......................................................................................................................................................................................................................
source: 	 mrr: 0.057948	 ndcg_5: 0.0492	 ndcg_10: 0.0630	 hit@1:0.021661	 hit@5:0.0771	 hit@10: 0.1205
target: 	 mrr: 0.091202	 ndcg_5: 0.0833	 ndcg_10: 0.1024	 hit@1:0.042832	 hit@5:0.1227	 hit@10: 0.1822
epoch 49: train_loss = 1.659652, source_mrr = 0.057948, source_hit@10 = 0.1205, source_ndcg@10 = 0.0630, target_mrr = 0.091202, target_hit@10 = 0.1822, target_ndcg@10 = 0.1024

2024-08-12 04:03:43.774490: step 47350/75760 (epoch 50/80), loss = 1.655581 (256.287 sec/epoch), lr: 0.001509
Evaluating on dev set...
.......................................................................................................................................................................................................................
source: 	 mrr: 0.085674	 ndcg_5: 0.0767	 ndcg_10: 0.0973	 hit@1:0.037868	 hit@5:0.1152	 hit@10: 0.1795
target: 	 mrr: 0.087047	 ndcg_5: 0.0779	 ndcg_10: 0.0955	 hit@1:0.040266	 hit@5:0.1148	 hit@10: 0.1695
source best!
...............................................................
source: 	 mrr: 0.088955	 ndcg_5: 0.0807	 ndcg_10: 0.1007	 hit@1:0.039070	 hit@5:0.1210	 hit@10: 0.1829
epoch 50: train_loss = 1.655581, source_mrr = 0.088955, source_hit@10 = 0.1829, source_ndcg@10 = 0.1007, target_mrr = 0.087047, target_hit@10 = 0.1695, target_ndcg@10 = 0.0955

2024-08-12 04:08:03.197864: step 48297/75760 (epoch 51/80), loss = 1.653443 (256.493 sec/epoch), lr: 0.001509
Evaluating on dev set...
.......................................................................................................................................................................................................................
source: 	 mrr: 0.082668	 ndcg_5: 0.0733	 ndcg_10: 0.0924	 hit@1:0.036310	 hit@5:0.1097	 hit@10: 0.1689
target: 	 mrr: 0.096219	 ndcg_5: 0.0884	 ndcg_10: 0.1082	 hit@1:0.044740	 hit@5:0.1305	 hit@10: 0.1921
target best!
......................................................................................................................................................target: 	 mrr: 0.099722	 ndcg_5: 0.0921	 ndcg_10: 0.1129	 hit@1:0.048628	 hit@5:0.1352	 hit@10: 0.2000
epoch 51: train_loss = 1.653443, source_mrr = 0.082668, source_hit@10 = 0.1689, source_ndcg@10 = 0.0924, target_mrr = 0.099722, target_hit@10 = 0.2000, target_ndcg@10 = 0.1129

2024-08-12 04:12:23.275005: step 49244/75760 (epoch 52/80), loss = 1.651854 (256.250 sec/epoch), lr: 0.001509
Evaluating on dev set...
.......................................................................................................................................................................................................................
source: 	 mrr: 0.056009	 ndcg_5: 0.0468	 ndcg_10: 0.0604	 hit@1:0.021661	 hit@5:0.0720	 hit@10: 0.1142
target: 	 mrr: 0.088977	 ndcg_5: 0.0811	 ndcg_10: 0.1007	 hit@1:0.040463	 hit@5:0.1213	 hit@10: 0.1822
epoch 52: train_loss = 1.651854, source_mrr = 0.056009, source_hit@10 = 0.1142, source_ndcg@10 = 0.0604, target_mrr = 0.088977, target_hit@10 = 0.1822, target_ndcg@10 = 0.1007

2024-08-12 04:16:43.430423: step 50191/75760 (epoch 53/80), loss = 1.647024 (257.864 sec/epoch), lr: 0.001434
Evaluating on dev set...
.......................................................................................................................................................................................................................
source: 	 mrr: 0.084663	 ndcg_5: 0.0752	 ndcg_10: 0.0947	 hit@1:0.038024	 hit@5:0.1111	 hit@10: 0.1711
target: 	 mrr: 0.091471	 ndcg_5: 0.0850	 ndcg_10: 0.1030	 hit@1:0.041253	 hit@5:0.1276	 hit@10: 0.1836
epoch 53: train_loss = 1.647024, source_mrr = 0.084663, source_hit@10 = 0.1711, source_ndcg@10 = 0.0947, target_mrr = 0.091471, target_hit@10 = 0.1836, target_ndcg@10 = 0.1030

2024-08-12 04:21:01.888475: step 51138/75760 (epoch 54/80), loss = 1.645401 (256.078 sec/epoch), lr: 0.001434
Evaluating on dev set...
.......................................................................................................................................................................................................................
source: 	 mrr: 0.088530	 ndcg_5: 0.0811	 ndcg_10: 0.0989	 hit@1:0.040673	 hit@5:0.1205	 hit@10: 0.1763
target: 	 mrr: 0.089958	 ndcg_5: 0.0810	 ndcg_10: 0.1008	 hit@1:0.041647	 hit@5:0.1188	 hit@10: 0.1802
source best!
...............................................................
source: 	 mrr: 0.087437	 ndcg_5: 0.0799	 ndcg_10: 0.0997	 hit@1:0.037014	 hit@5:0.1216	 hit@10: 0.1832
epoch 54: train_loss = 1.645401, source_mrr = 0.087437, source_hit@10 = 0.1832, source_ndcg@10 = 0.0997, target_mrr = 0.089958, target_hit@10 = 0.1802, target_ndcg@10 = 0.1008

2024-08-12 04:25:20.586395: step 52085/75760 (epoch 55/80), loss = 1.644347 (255.776 sec/epoch), lr: 0.001434
Evaluating on dev set...
.......................................................................................................................................................................................................................
source: 	 mrr: 0.082833	 ndcg_5: 0.0748	 ndcg_10: 0.0928	 hit@1:0.034751	 hit@5:0.1136	 hit@10: 0.1691
target: 	 mrr: 0.076366	 ndcg_5: 0.0673	 ndcg_10: 0.0837	 hit@1:0.034871	 hit@5:0.0988	 hit@10: 0.1499
epoch 55: train_loss = 1.644347, source_mrr = 0.082833, source_hit@10 = 0.1691, source_ndcg@10 = 0.0928, target_mrr = 0.076366, target_hit@10 = 0.1499, target_ndcg@10 = 0.0837

2024-08-12 04:29:38.589177: step 53032/75760 (epoch 56/80), loss = 1.637710 (255.719 sec/epoch), lr: 0.001362
Evaluating on dev set...
.......................................................................................................................................................................................................................
source: 	 mrr: 0.080812	 ndcg_5: 0.0722	 ndcg_10: 0.0900	 hit@1:0.037245	 hit@5:0.1071	 hit@10: 0.1625
target: 	 mrr: 0.094016	 ndcg_5: 0.0860	 ndcg_10: 0.1060	 hit@1:0.044016	 hit@5:0.1272	 hit@10: 0.1897
epoch 56: train_loss = 1.637710, source_mrr = 0.080812, source_hit@10 = 0.1625, source_ndcg@10 = 0.0900, target_mrr = 0.094016, target_hit@10 = 0.1897, target_ndcg@10 = 0.1060

2024-08-12 04:33:56.943211: step 53979/75760 (epoch 57/80), loss = 1.633775 (256.023 sec/epoch), lr: 0.001362
Evaluating on dev set...
.......................................................................................................................................................................................................................
source: 	 mrr: 0.079574	 ndcg_5: 0.0717	 ndcg_10: 0.0893	 hit@1:0.034440	 hit@5:0.1078	 hit@10: 0.1627
target: 	 mrr: 0.088639	 ndcg_5: 0.0797	 ndcg_10: 0.0995	 hit@1:0.041187	 hit@5:0.1173	 hit@10: 0.1789
epoch 57: train_loss = 1.633775, source_mrr = 0.079574, source_hit@10 = 0.1627, source_ndcg@10 = 0.0893, target_mrr = 0.088639, target_hit@10 = 0.1789, target_ndcg@10 = 0.0995

2024-08-12 04:38:15.541119: step 54926/75760 (epoch 58/80), loss = 1.630213 (256.294 sec/epoch), lr: 0.001294
Evaluating on dev set...
.......................................................................................................................................................................................................................
source: 	 mrr: 0.064563	 ndcg_5: 0.0568	 ndcg_10: 0.0720	 hit@1:0.025401	 hit@5:0.0882	 hit@10: 0.1356
target: 	 mrr: 0.089937	 ndcg_5: 0.0818	 ndcg_10: 0.1001	 hit@1:0.043490	 hit@5:0.1192	 hit@10: 0.1761
epoch 58: train_loss = 1.630213, source_mrr = 0.064563, source_hit@10 = 0.1356, source_ndcg@10 = 0.0720, target_mrr = 0.089937, target_hit@10 = 0.1761, target_ndcg@10 = 0.1001

2024-08-12 04:42:33.676048: step 55873/75760 (epoch 59/80), loss = 1.623631 (255.817 sec/epoch), lr: 0.001229
Evaluating on dev set...
.......................................................................................................................................................................................................................
source: 	 mrr: 0.075026	 ndcg_5: 0.0668	 ndcg_10: 0.0849	 hit@1:0.030232	 hit@5:0.1025	 hit@10: 0.1588
target: 	 mrr: 0.096011	 ndcg_5: 0.0873	 ndcg_10: 0.1080	 hit@1:0.045858	 hit@5:0.1274	 hit@10: 0.1918
epoch 59: train_loss = 1.623631, source_mrr = 0.075026, source_hit@10 = 0.1588, source_ndcg@10 = 0.0849, target_mrr = 0.096011, target_hit@10 = 0.1918, target_ndcg@10 = 0.1080

2024-08-12 04:46:51.486330: step 56820/75760 (epoch 60/80), loss = 1.621002 (255.511 sec/epoch), lr: 0.001229
Evaluating on dev set...
.......................................................................................................................................................................................................................
source: 	 mrr: 0.078413	 ndcg_5: 0.0700	 ndcg_10: 0.0869	 hit@1:0.033349	 hit@5:0.1049	 hit@10: 0.1577
target: 	 mrr: 0.096365	 ndcg_5: 0.0888	 ndcg_10: 0.1077	 hit@1:0.047240	 hit@5:0.1288	 hit@10: 0.1878
target best!
......................................................................................................................................................target: 	 mrr: 0.097372	 ndcg_5: 0.0907	 ndcg_10: 0.1094	 hit@1:0.048097	 hit@5:0.1322	 hit@10: 0.1905
epoch 60: train_loss = 1.621002, source_mrr = 0.078413, source_hit@10 = 0.1577, source_ndcg@10 = 0.0869, target_mrr = 0.097372, target_hit@10 = 0.1905, target_ndcg@10 = 0.1094

2024-08-12 04:51:11.258437: step 57767/75760 (epoch 61/80), loss = 1.617688 (255.930 sec/epoch), lr: 0.001229
Evaluating on dev set...
.......................................................................................................................................................................................................................
source: 	 mrr: 0.086375	 ndcg_5: 0.0798	 ndcg_10: 0.0973	 hit@1:0.037245	 hit@5:0.1219	 hit@10: 0.1761
target: 	 mrr: 0.095847	 ndcg_5: 0.0897	 ndcg_10: 0.1078	 hit@1:0.045595	 hit@5:0.1329	 hit@10: 0.1890
epoch 61: train_loss = 1.617688, source_mrr = 0.086375, source_hit@10 = 0.1761, source_ndcg@10 = 0.0973, target_mrr = 0.095847, target_hit@10 = 0.1890, target_ndcg@10 = 0.1078

2024-08-12 04:55:29.796017: step 58714/75760 (epoch 62/80), loss = 1.613861 (256.182 sec/epoch), lr: 0.001229
Evaluating on dev set...
.......................................................................................................................................................................................................................
source: 	 mrr: 0.072843	 ndcg_5: 0.0634	 ndcg_10: 0.0807	 hit@1:0.031479	 hit@5:0.0944	 hit@10: 0.1480
target: 	 mrr: 0.089184	 ndcg_5: 0.0808	 ndcg_10: 0.0991	 hit@1:0.042437	 hit@5:0.1184	 hit@10: 0.1753
epoch 62: train_loss = 1.613861, source_mrr = 0.072843, source_hit@10 = 0.1480, source_ndcg@10 = 0.0807, target_mrr = 0.089184, target_hit@10 = 0.1753, target_ndcg@10 = 0.0991

2024-08-12 04:59:47.818922: step 59661/75760 (epoch 63/80), loss = 1.607973 (255.659 sec/epoch), lr: 0.001168
Evaluating on dev set...
.......................................................................................................................................................................................................................
source: 	 mrr: 0.076150	 ndcg_5: 0.0667	 ndcg_10: 0.0861	 hit@1:0.031167	 hit@5:0.1013	 hit@10: 0.1614
target: 	 mrr: 0.088643	 ndcg_5: 0.0798	 ndcg_10: 0.0984	 hit@1:0.040463	 hit@5:0.1176	 hit@10: 0.1753
epoch 63: train_loss = 1.607973, source_mrr = 0.076150, source_hit@10 = 0.1614, source_ndcg@10 = 0.0861, target_mrr = 0.088643, target_hit@10 = 0.1753, target_ndcg@10 = 0.0984

2024-08-12 05:04:06.214245: step 60608/75760 (epoch 64/80), loss = 1.606070 (256.091 sec/epoch), lr: 0.001168
Evaluating on dev set...
.......................................................................................................................................................................................................................
source: 	 mrr: 0.060175	 ndcg_5: 0.0524	 ndcg_10: 0.0664	 hit@1:0.023687	 hit@5:0.0807	 hit@10: 0.1244
target: 	 mrr: 0.079489	 ndcg_5: 0.0719	 ndcg_10: 0.0901	 hit@1:0.034410	 hit@5:0.1099	 hit@10: 0.1662
epoch 64: train_loss = 1.606070, source_mrr = 0.060175, source_hit@10 = 0.1244, source_ndcg@10 = 0.0664, target_mrr = 0.079489, target_hit@10 = 0.1662, target_ndcg@10 = 0.0901

2024-08-12 05:08:25.181767: step 61555/75760 (epoch 65/80), loss = 1.597007 (256.640 sec/epoch), lr: 0.001110
Evaluating on dev set...
.......................................................................................................................................................................................................................
source: 	 mrr: 0.091784	 ndcg_5: 0.0849	 ndcg_10: 0.1034	 hit@1:0.042699	 hit@5:0.1267	 hit@10: 0.1848
target: 	 mrr: 0.095205	 ndcg_5: 0.0871	 ndcg_10: 0.1079	 hit@1:0.042569	 hit@5:0.1302	 hit@10: 0.1946
source best!
...............................................................
source: 	 mrr: 0.092481	 ndcg_5: 0.0843	 ndcg_10: 0.1044	 hit@1:0.042550	 hit@5:0.1248	 hit@10: 0.1876
epoch 65: train_loss = 1.597007, source_mrr = 0.092481, source_hit@10 = 0.1876, source_ndcg@10 = 0.1044, target_mrr = 0.095205, target_hit@10 = 0.1946, target_ndcg@10 = 0.1079

2024-08-12 05:12:43.816290: step 62502/75760 (epoch 66/80), loss = 1.595271 (255.716 sec/epoch), lr: 0.001110
Evaluating on dev set...
.......................................................................................................................................................................................................................
source: 	 mrr: 0.082860	 ndcg_5: 0.0746	 ndcg_10: 0.0930	 hit@1:0.035375	 hit@5:0.1110	 hit@10: 0.1683
target: 	 mrr: 0.097093	 ndcg_5: 0.0882	 ndcg_10: 0.1093	 hit@1:0.045661	 hit@5:0.1299	 hit@10: 0.1958
target best!
......................................................................................................................................................target: 	 mrr: 0.097623	 ndcg_5: 0.0896	 ndcg_10: 0.1101	 hit@1:0.044709	 hit@5:0.1332	 hit@10: 0.1967
epoch 66: train_loss = 1.595271, source_mrr = 0.082860, source_hit@10 = 0.1683, source_ndcg@10 = 0.0930, target_mrr = 0.097623, target_hit@10 = 0.1967, target_ndcg@10 = 0.1101

2024-08-12 05:17:02.924571: step 63449/75760 (epoch 67/80), loss = 1.589448 (255.315 sec/epoch), lr: 0.001054
Evaluating on dev set...
.......................................................................................................................................................................................................................
source: 	 mrr: 0.086562	 ndcg_5: 0.0780	 ndcg_10: 0.0973	 hit@1:0.038336	 hit@5:0.1169	 hit@10: 0.1766
target: 	 mrr: 0.094955	 ndcg_5: 0.0881	 ndcg_10: 0.1064	 hit@1:0.046779	 hit@5:0.1283	 hit@10: 0.1847
epoch 67: train_loss = 1.589448, source_mrr = 0.086562, source_hit@10 = 0.1766, source_ndcg@10 = 0.0973, target_mrr = 0.094955, target_hit@10 = 0.1847, target_ndcg@10 = 0.1064

2024-08-12 05:21:21.020205: step 64396/75760 (epoch 68/80), loss = 1.584522 (255.765 sec/epoch), lr: 0.001054
Evaluating on dev set...
.......................................................................................................................................................................................................................
source: 	 mrr: 0.086558	 ndcg_5: 0.0785	 ndcg_10: 0.0971	 hit@1:0.039271	 hit@5:0.1172	 hit@10: 0.1747
target: 	 mrr: 0.092061	 ndcg_5: 0.0842	 ndcg_10: 0.1049	 hit@1:0.038884	 hit@5:0.1280	 hit@10: 0.1922
epoch 68: train_loss = 1.584522, source_mrr = 0.086558, source_hit@10 = 0.1747, source_ndcg@10 = 0.0971, target_mrr = 0.092061, target_hit@10 = 0.1922, target_ndcg@10 = 0.1049

2024-08-12 05:25:39.222126: step 65343/75760 (epoch 69/80), loss = 1.577110 (255.853 sec/epoch), lr: 0.001001
Evaluating on dev set...
.......................................................................................................................................................................................................................
source: 	 mrr: 0.076414	 ndcg_5: 0.0683	 ndcg_10: 0.0858	 hit@1:0.031791	 hit@5:0.1038	 hit@10: 0.1586
target: 	 mrr: 0.094444	 ndcg_5: 0.0874	 ndcg_10: 0.1067	 hit@1:0.042963	 hit@5:0.1301	 hit@10: 0.1899
epoch 69: train_loss = 1.577110, source_mrr = 0.076414, source_hit@10 = 0.1586, source_ndcg@10 = 0.0858, target_mrr = 0.094444, target_hit@10 = 0.1899, target_ndcg@10 = 0.1067

2024-08-12 05:29:57.556746: step 66290/75760 (epoch 70/80), loss = 1.573162 (256.027 sec/epoch), lr: 0.000951
Evaluating on dev set...
.......................................................................................................................................................................................................................
source: 	 mrr: 0.068821	 ndcg_5: 0.0607	 ndcg_10: 0.0772	 hit@1:0.026960	 hit@5:0.0927	 hit@10: 0.1441
target: 	 mrr: 0.098660	 ndcg_5: 0.0909	 ndcg_10: 0.1104	 hit@1:0.049016	 hit@5:0.1313	 hit@10: 0.1919
target best!
......................................................................................................................................................target: 	 mrr: 0.102929	 ndcg_5: 0.0961	 ndcg_10: 0.1146	 hit@1:0.052216	 hit@5:0.1383	 hit@10: 0.1958
epoch 70: train_loss = 1.573162, source_mrr = 0.068821, source_hit@10 = 0.1441, source_ndcg@10 = 0.0772, target_mrr = 0.102929, target_hit@10 = 0.1958, target_ndcg@10 = 0.1146

2024-08-12 05:34:17.006004: step 67237/75760 (epoch 71/80), loss = 1.564624 (255.626 sec/epoch), lr: 0.000904
Evaluating on dev set...
.......................................................................................................................................................................................................................
source: 	 mrr: 0.074013	 ndcg_5: 0.0668	 ndcg_10: 0.0821	 hit@1:0.030700	 hit@5:0.1022	 hit@10: 0.1498
target: 	 mrr: 0.096377	 ndcg_5: 0.0889	 ndcg_10: 0.1086	 hit@1:0.045069	 hit@5:0.1317	 hit@10: 0.1930
epoch 71: train_loss = 1.564624, source_mrr = 0.074013, source_hit@10 = 0.1498, source_ndcg@10 = 0.0821, target_mrr = 0.096377, target_hit@10 = 0.1930, target_ndcg@10 = 0.1086

2024-08-12 05:38:35.227853: step 68184/75760 (epoch 72/80), loss = 1.562528 (255.927 sec/epoch), lr: 0.000904
Evaluating on dev set...
.......................................................................................................................................................................................................................
source: 	 mrr: 0.063626	 ndcg_5: 0.0566	 ndcg_10: 0.0702	 hit@1:0.023999	 hit@5:0.0885	 hit@10: 0.1312
target: 	 mrr: 0.091053	 ndcg_5: 0.0829	 ndcg_10: 0.1024	 hit@1:0.042042	 hit@5:0.1220	 hit@10: 0.1824
epoch 72: train_loss = 1.562528, source_mrr = 0.063626, source_hit@10 = 0.1312, source_ndcg@10 = 0.0702, target_mrr = 0.091053, target_hit@10 = 0.1824, target_ndcg@10 = 0.1024

2024-08-12 05:42:53.937144: step 69131/75760 (epoch 73/80), loss = 1.555045 (256.359 sec/epoch), lr: 0.000859
Evaluating on dev set...
.......................................................................................................................................................................................................................
source: 	 mrr: 0.062080	 ndcg_5: 0.0535	 ndcg_10: 0.0687	 hit@1:0.024310	 hit@5:0.0829	 hit@10: 0.1303
target: 	 mrr: 0.093858	 ndcg_5: 0.0858	 ndcg_10: 0.1072	 hit@1:0.041121	 hit@5:0.1303	 hit@10: 0.1970
epoch 73: train_loss = 1.555045, source_mrr = 0.062080, source_hit@10 = 0.1303, source_ndcg@10 = 0.0687, target_mrr = 0.093858, target_hit@10 = 0.1970, target_ndcg@10 = 0.1072

2024-08-12 05:47:12.566397: step 70078/75760 (epoch 74/80), loss = 1.553180 (256.251 sec/epoch), lr: 0.000859
Evaluating on dev set...
.......................................................................................................................................................................................................................
source: 	 mrr: 0.075878	 ndcg_5: 0.0680	 ndcg_10: 0.0858	 hit@1:0.031323	 hit@5:0.1043	 hit@10: 0.1600
target: 	 mrr: 0.092754	 ndcg_5: 0.0852	 ndcg_10: 0.1043	 hit@1:0.042832	 hit@5:0.1267	 hit@10: 0.1861
epoch 74: train_loss = 1.553180, source_mrr = 0.075878, source_hit@10 = 0.1600, source_ndcg@10 = 0.0858, target_mrr = 0.092754, target_hit@10 = 0.1861, target_ndcg@10 = 0.1043

2024-08-12 05:51:31.656283: step 71025/75760 (epoch 75/80), loss = 1.549645 (256.763 sec/epoch), lr: 0.000859
Evaluating on dev set...
.......................................................................................................................................................................................................................
source: 	 mrr: 0.078844	 ndcg_5: 0.0702	 ndcg_10: 0.0886	 hit@1:0.033816	 hit@5:0.1066	 hit@10: 0.1636
target: 	 mrr: 0.093150	 ndcg_5: 0.0857	 ndcg_10: 0.1049	 hit@1:0.043687	 hit@5:0.1269	 hit@10: 0.1865
epoch 75: train_loss = 1.549645, source_mrr = 0.078844, source_hit@10 = 0.1636, source_ndcg@10 = 0.0886, target_mrr = 0.093150, target_hit@10 = 0.1865, target_ndcg@10 = 0.1049

2024-08-12 05:55:50.488614: step 71972/75760 (epoch 76/80), loss = 1.548453 (256.526 sec/epoch), lr: 0.000859
Evaluating on dev set...
.......................................................................................................................................................................................................................
source: 	 mrr: 0.082325	 ndcg_5: 0.0737	 ndcg_10: 0.0924	 hit@1:0.038492	 hit@5:0.1091	 hit@10: 0.1672
target: 	 mrr: 0.088797	 ndcg_5: 0.0809	 ndcg_10: 0.0980	 hit@1:0.041911	 hit@5:0.1184	 hit@10: 0.1715
epoch 76: train_loss = 1.548453, source_mrr = 0.082325, source_hit@10 = 0.1672, source_ndcg@10 = 0.0924, target_mrr = 0.088797, target_hit@10 = 0.1715, target_ndcg@10 = 0.0980

2024-08-12 06:00:08.203661: step 72919/75760 (epoch 77/80), loss = 1.542737 (255.361 sec/epoch), lr: 0.000816
Evaluating on dev set...
.......................................................................................................................................................................................................................
source: 	 mrr: 0.081237	 ndcg_5: 0.0732	 ndcg_10: 0.0930	 hit@1:0.035375	 hit@5:0.1120	 hit@10: 0.1738
target: 	 mrr: 0.094982	 ndcg_5: 0.0878	 ndcg_10: 0.1076	 hit@1:0.042832	 hit@5:0.1324	 hit@10: 0.1938
epoch 77: train_loss = 1.542737, source_mrr = 0.081237, source_hit@10 = 0.1738, source_ndcg@10 = 0.0930, target_mrr = 0.094982, target_hit@10 = 0.1938, target_ndcg@10 = 0.1076

2024-08-12 06:04:20.918491: step 73866/75760 (epoch 78/80), loss = 1.537648 (250.442 sec/epoch), lr: 0.000816
Evaluating on dev set...
.......................................................................................................................................................................................................................
source: 	 mrr: 0.081088	 ndcg_5: 0.0727	 ndcg_10: 0.0913	 hit@1:0.033972	 hit@5:0.1102	 hit@10: 0.1681
target: 	 mrr: 0.091318	 ndcg_5: 0.0841	 ndcg_10: 0.1036	 hit@1:0.039345	 hit@5:0.1277	 hit@10: 0.1880
epoch 78: train_loss = 1.537648, source_mrr = 0.081088, source_hit@10 = 0.1681, source_ndcg@10 = 0.0913, target_mrr = 0.091318, target_hit@10 = 0.1880, target_ndcg@10 = 0.1036

2024-08-12 06:08:33.462385: step 74813/75760 (epoch 79/80), loss = 1.533743 (250.298 sec/epoch), lr: 0.000775
Evaluating on dev set...
.......................................................................................................................................................................................................................
source: 	 mrr: 0.078793	 ndcg_5: 0.0717	 ndcg_10: 0.0878	 hit@1:0.033505	 hit@5:0.1105	 hit@10: 0.1604
target: 	 mrr: 0.095126	 ndcg_5: 0.0885	 ndcg_10: 0.1073	 hit@1:0.044345	 hit@5:0.1318	 hit@10: 0.1903
epoch 79: train_loss = 1.533743, source_mrr = 0.078793, source_hit@10 = 0.1604, source_ndcg@10 = 0.0878, target_mrr = 0.095126, target_hit@10 = 0.1903, target_ndcg@10 = 0.1073

2024-08-12 06:12:44.732020: step 75760/75760 (epoch 80/80), loss = 1.528587 (249.024 sec/epoch), lr: 0.000775
Evaluating on dev set...
.......................................................................................................................................................................................................................
source: 	 mrr: 0.081767	 ndcg_5: 0.0725	 ndcg_10: 0.0913	 hit@1:0.035686	 hit@5:0.1082	 hit@10: 0.1666
target: 	 mrr: 0.088307	 ndcg_5: 0.0805	 ndcg_10: 0.0979	 hit@1:0.042108	 hit@5:0.1181	 hit@10: 0.1724
epoch 80: train_loss = 1.528587, source_mrr = 0.081767, source_hit@10 = 0.1666, source_ndcg@10 = 0.0913, target_mrr = 0.088307, target_hit@10 = 0.1724, target_ndcg@10 = 0.0979

source best:  source_mrr = 0.091784, source_hit@10 = 0.1848, source_ndcg@10 = 0.1034
target best:  target_mrr = 0.093858, target_hit@10 = 0.1970, target_ndcg@10 = 0.1072
