nohup: ignoring input
/home1/lhr/anaconda3/envs/torch/lib/python3.8/site-packages/torch_geometric/typing.py:54: UserWarning: An issue occurred while importing 'pyg-lib'. Disabling its usage. Stacktrace: /lib/x86_64-linux-gnu/libm.so.6: version `GLIBC_2.29' not found (required by /home1/lhr/anaconda3/envs/torch/lib/python3.8/site-packages/libpyg.so)
  warnings.warn(f"An issue occurred while importing 'pyg-lib'. "
/home1/lhr/anaconda3/envs/torch/lib/python3.8/site-packages/torch_geometric/typing.py:110: UserWarning: An issue occurred while importing 'torch-sparse'. Disabling its usage. Stacktrace: /lib/x86_64-linux-gnu/libm.so.6: version `GLIBC_2.29' not found (required by /home1/lhr/anaconda3/envs/torch/lib/python3.8/site-packages/libpyg.so)
  warnings.warn(f"An issue occurred while importing 'torch-sparse'. "
using gpu:6 to train the model
using gpu:6 to train the model
cuda:6
Namespace(A_split=False, JK='sum', a_fold=100, aggregate=False, alpha=0.5, batch_size=1024, beta_inter=0.2, conv_layers=4, cuda=True, decay_epoch=10, device=device(type='cuda', index=6), device_id='6', domains='cloth_sport', dropout=0.4, epoch=80, feature_dim=126, gamma_intra=0.8, hidden_dim=126, inter_tau=0.2, intra_tau=0.4, lambda_critic=0.1, leakey=0.05, load=False, log='logs.txt', log_epoch=1, lr=0.004, lr_decay=0.95, min_epoch=50, mode='train', model_file=None, model_name='cs', momentum=0.98, num_latent_factors=3, num_negative=100, optim='adam', patience=20, proj_layers=1, projection=1, rectify_epoch=30, residual=1, save=False, save_dir='./saved_models', seed=32, similarity_tau=0.1, step=5, test_sample_number=999, user_batch_size=256, weight_decay=0.0002)
number_user 41829
number_item 17943
/home1/lhr/invariantCDR/invariantCDR/utils/GraphMaker.py:46: RuntimeWarning: divide by zero encountered in power
  r_inv = np.power(rowsum, -1).flatten()
/home1/lhr/invariantCDR/invariantCDR/utils/GraphMaker.py:72: UserWarning: torch.sparse.SparseTensor(indices, values, shape, *, device=) is deprecated.  Please use torch.sparse_coo_tensor(indices, values, shape, dtype=, device=). (Triggered internally at /opt/conda/conda-bld/pytorch_1711403590347/work/torch/csrc/utils/tensor_new.cpp:618.)
  return torch.sparse.FloatTensor(indices, values, shape)
real graph loaded!
number_user 27328
number_item 12655
real graph loaded!
graph loaded!
Loading data from cloth_sport with batch size 1024...
unseen test: 0
test length: 3156
unseen test: 0
test length: 3085
unseen test: 0
test length: 3589
unseen test: 0
test length: 3546
source_user_num 41829
target_user_num 27328
source_item_num 17943
target_item_num 12655
shared users id: 7857
test users 990, 982
unseen test: 0
dev length: 1000
unseen test: 0
dev length: 1000
source train data : 187880, target train data: 163291, source test data : 3085, target test data : 3546, source dev data : 1000, target dev data : 1000
2024-08-12 20:17:32.860870: step 343/27440 (epoch 1/80), loss = 2.205998 (116.411 sec/epoch), lr: 0.004000
Evaluating on dev set...
..................................................................
source: 	 mrr: 0.041794	 ndcg_5: 0.0340	 ndcg_10: 0.0442	 hit@1:0.013625	 hit@5:0.0554	 hit@10: 0.0875
target: 	 mrr: 0.030081	 ndcg_5: 0.0220	 ndcg_10: 0.0319	 hit@1:0.007802	 hit@5:0.0362	 hit@10: 0.0669
source best!
..............................
source: 	 mrr: 0.039108	 ndcg_5: 0.0299	 ndcg_10: 0.0399	 hit@1:0.012642	 hit@5:0.0460	 hit@10: 0.0775
target best!
...................................target: 	 mrr: 0.031671	 ndcg_5: 0.0231	 ndcg_10: 0.0311	 hit@1:0.011280	 hit@5:0.0344	 hit@10: 0.0595
epoch 1: train_loss = 2.205998, source_mrr = 0.039108, source_hit@10 = 0.0775, source_ndcg@10 = 0.0399, target_mrr = 0.031671, target_hit@10 = 0.0595, target_ndcg@10 = 0.0311

2024-08-12 20:19:32.145265: step 686/27440 (epoch 2/80), loss = 1.961104 (116.006 sec/epoch), lr: 0.004000
Evaluating on dev set...
..................................................................
source: 	 mrr: 0.037424	 ndcg_5: 0.0279	 ndcg_10: 0.0396	 hit@1:0.011724	 hit@5:0.0453	 hit@10: 0.0817
target: 	 mrr: 0.032302	 ndcg_5: 0.0248	 ndcg_10: 0.0320	 hit@1:0.011424	 hit@5:0.0390	 hit@10: 0.0613
target best!
...................................target: 	 mrr: 0.028900	 ndcg_5: 0.0209	 ndcg_10: 0.0287	 hit@1:0.009306	 hit@5:0.0333	 hit@10: 0.0578
epoch 2: train_loss = 1.961104, source_mrr = 0.037424, source_hit@10 = 0.0817, source_ndcg@10 = 0.0396, target_mrr = 0.028900, target_hit@10 = 0.0578, target_ndcg@10 = 0.0287

2024-08-12 20:21:29.920458: step 1029/27440 (epoch 3/80), loss = 1.912286 (115.274 sec/epoch), lr: 0.004000
Evaluating on dev set...
..................................................................
source: 	 mrr: 0.031198	 ndcg_5: 0.0223	 ndcg_10: 0.0316	 hit@1:0.008872	 hit@5:0.0368	 hit@10: 0.0656
target: 	 mrr: 0.034817	 ndcg_5: 0.0263	 ndcg_10: 0.0357	 hit@1:0.010588	 hit@5:0.0421	 hit@10: 0.0716
target best!
...................................target: 	 mrr: 0.033633	 ndcg_5: 0.0240	 ndcg_10: 0.0333	 hit@1:0.011280	 hit@5:0.0372	 hit@10: 0.0663
epoch 3: train_loss = 1.912286, source_mrr = 0.031198, source_hit@10 = 0.0656, source_ndcg@10 = 0.0316, target_mrr = 0.033633, target_hit@10 = 0.0663, target_ndcg@10 = 0.0333

2024-08-12 20:23:28.290961: step 1372/27440 (epoch 4/80), loss = 1.882748 (115.879 sec/epoch), lr: 0.004000
Evaluating on dev set...
..................................................................
source: 	 mrr: 0.041491	 ndcg_5: 0.0325	 ndcg_10: 0.0428	 hit@1:0.014259	 hit@5:0.0510	 hit@10: 0.0833
target: 	 mrr: 0.033317	 ndcg_5: 0.0244	 ndcg_10: 0.0347	 hit@1:0.008916	 hit@5:0.0396	 hit@10: 0.0716
epoch 4: train_loss = 1.882748, source_mrr = 0.041491, source_hit@10 = 0.0833, source_ndcg@10 = 0.0428, target_mrr = 0.033317, target_hit@10 = 0.0716, target_ndcg@10 = 0.0347

2024-08-12 20:25:26.543223: step 1715/27440 (epoch 5/80), loss = 1.861945 (116.579 sec/epoch), lr: 0.004000
Evaluating on dev set...
..................................................................
source: 	 mrr: 0.041810	 ndcg_5: 0.0343	 ndcg_10: 0.0445	 hit@1:0.012041	 hit@5:0.0564	 hit@10: 0.0887
target: 	 mrr: 0.035896	 ndcg_5: 0.0272	 ndcg_10: 0.0369	 hit@1:0.010867	 hit@5:0.0443	 hit@10: 0.0750
source best!
..............................
source: 	 mrr: 0.037551	 ndcg_5: 0.0280	 ndcg_10: 0.0392	 hit@1:0.011345	 hit@5:0.0451	 hit@10: 0.0801
target best!
...................................target: 	 mrr: 0.033792	 ndcg_5: 0.0252	 ndcg_10: 0.0355	 hit@1:0.008742	 hit@5:0.0423	 hit@10: 0.0739
epoch 5: train_loss = 1.861945, source_mrr = 0.037551, source_hit@10 = 0.0801, source_ndcg@10 = 0.0392, target_mrr = 0.033792, target_hit@10 = 0.0739, target_ndcg@10 = 0.0355

2024-08-12 20:27:26.104953: step 2058/27440 (epoch 6/80), loss = 1.847569 (116.252 sec/epoch), lr: 0.004000
Evaluating on dev set...
..................................................................
source: 	 mrr: 0.044323	 ndcg_5: 0.0359	 ndcg_10: 0.0477	 hit@1:0.013942	 hit@5:0.0583	 hit@10: 0.0947
target: 	 mrr: 0.034169	 ndcg_5: 0.0250	 ndcg_10: 0.0339	 hit@1:0.012817	 hit@5:0.0376	 hit@10: 0.0655
source best!
..............................
source: 	 mrr: 0.042002	 ndcg_5: 0.0331	 ndcg_10: 0.0439	 hit@1:0.013290	 hit@5:0.0522	 hit@10: 0.0859
epoch 6: train_loss = 1.847569, source_mrr = 0.042002, source_hit@10 = 0.0859, source_ndcg@10 = 0.0439, target_mrr = 0.034169, target_hit@10 = 0.0655, target_ndcg@10 = 0.0339

2024-08-12 20:29:24.960606: step 2401/27440 (epoch 7/80), loss = 1.832888 (116.491 sec/epoch), lr: 0.004000
Evaluating on dev set...
..................................................................
source: 	 mrr: 0.036620	 ndcg_5: 0.0267	 ndcg_10: 0.0372	 hit@1:0.011407	 hit@5:0.0428	 hit@10: 0.0757
target: 	 mrr: 0.036445	 ndcg_5: 0.0282	 ndcg_10: 0.0380	 hit@1:0.011145	 hit@5:0.0460	 hit@10: 0.0769
target best!
...................................target: 	 mrr: 0.033082	 ndcg_5: 0.0230	 ndcg_10: 0.0329	 hit@1:0.008742	 hit@5:0.0372	 hit@10: 0.0682
epoch 7: train_loss = 1.832888, source_mrr = 0.036620, source_hit@10 = 0.0757, source_ndcg@10 = 0.0372, target_mrr = 0.033082, target_hit@10 = 0.0682, target_ndcg@10 = 0.0329

2024-08-12 20:31:22.472174: step 2744/27440 (epoch 8/80), loss = 1.828867 (115.165 sec/epoch), lr: 0.004000
Evaluating on dev set...
..................................................................
source: 	 mrr: 0.049930	 ndcg_5: 0.0403	 ndcg_10: 0.0532	 hit@1:0.019962	 hit@5:0.0602	 hit@10: 0.1004
target: 	 mrr: 0.035959	 ndcg_5: 0.0271	 ndcg_10: 0.0369	 hit@1:0.010588	 hit@5:0.0446	 hit@10: 0.0752
source best!
..............................
source: 	 mrr: 0.048908	 ndcg_5: 0.0402	 ndcg_10: 0.0515	 hit@1:0.019449	 hit@5:0.0606	 hit@10: 0.0953
epoch 8: train_loss = 1.828867, source_mrr = 0.048908, source_hit@10 = 0.0953, source_ndcg@10 = 0.0515, target_mrr = 0.035959, target_hit@10 = 0.0752, target_ndcg@10 = 0.0369

2024-08-12 20:33:20.757075: step 3087/27440 (epoch 9/80), loss = 1.817687 (115.863 sec/epoch), lr: 0.004000
Evaluating on dev set...
..................................................................
source: 	 mrr: 0.046513	 ndcg_5: 0.0367	 ndcg_10: 0.0487	 hit@1:0.019328	 hit@5:0.0558	 hit@10: 0.0935
target: 	 mrr: 0.039844	 ndcg_5: 0.0292	 ndcg_10: 0.0403	 hit@1:0.013096	 hit@5:0.0457	 hit@10: 0.0797
target best!
...................................target: 	 mrr: 0.042151	 ndcg_5: 0.0323	 ndcg_10: 0.0438	 hit@1:0.014664	 hit@5:0.0496	 hit@10: 0.0854
epoch 9: train_loss = 1.817687, source_mrr = 0.046513, source_hit@10 = 0.0935, source_ndcg@10 = 0.0487, target_mrr = 0.042151, target_hit@10 = 0.0854, target_ndcg@10 = 0.0438

2024-08-12 20:35:18.411833: step 3430/27440 (epoch 10/80), loss = 1.804957 (115.163 sec/epoch), lr: 0.004000
Evaluating on dev set...
..................................................................
source: 	 mrr: 0.049818	 ndcg_5: 0.0404	 ndcg_10: 0.0518	 hit@1:0.019328	 hit@5:0.0615	 hit@10: 0.0973
target: 	 mrr: 0.037122	 ndcg_5: 0.0277	 ndcg_10: 0.0394	 hit@1:0.010867	 hit@5:0.0440	 hit@10: 0.0805
epoch 10: train_loss = 1.804957, source_mrr = 0.049818, source_hit@10 = 0.0973, source_ndcg@10 = 0.0518, target_mrr = 0.037122, target_hit@10 = 0.0805, target_ndcg@10 = 0.0394

2024-08-12 20:37:16.496791: step 3773/27440 (epoch 11/80), loss = 1.782163 (116.539 sec/epoch), lr: 0.004000
Evaluating on dev set...
..................................................................
source: 	 mrr: 0.050621	 ndcg_5: 0.0407	 ndcg_10: 0.0532	 hit@1:0.019328	 hit@5:0.0618	 hit@10: 0.1011
target: 	 mrr: 0.028355	 ndcg_5: 0.0219	 ndcg_10: 0.0291	 hit@1:0.009473	 hit@5:0.0351	 hit@10: 0.0577
source best!
..............................
source: 	 mrr: 0.048863	 ndcg_5: 0.0375	 ndcg_10: 0.0498	 hit@1:0.021394	 hit@5:0.0532	 hit@10: 0.0914
epoch 11: train_loss = 1.782163, source_mrr = 0.048863, source_hit@10 = 0.0914, source_ndcg@10 = 0.0498, target_mrr = 0.028355, target_hit@10 = 0.0577, target_ndcg@10 = 0.0291

2024-08-12 20:39:14.470362: step 4116/27440 (epoch 12/80), loss = 1.771518 (115.750 sec/epoch), lr: 0.003800
Evaluating on dev set...
..................................................................
source: 	 mrr: 0.043147	 ndcg_5: 0.0360	 ndcg_10: 0.0456	 hit@1:0.015843	 hit@5:0.0567	 hit@10: 0.0862
target: 	 mrr: 0.038381	 ndcg_5: 0.0303	 ndcg_10: 0.0382	 hit@1:0.012538	 hit@5:0.0479	 hit@10: 0.0730
epoch 12: train_loss = 1.771518, source_mrr = 0.043147, source_hit@10 = 0.0862, source_ndcg@10 = 0.0456, target_mrr = 0.038381, target_hit@10 = 0.0730, target_ndcg@10 = 0.0382

2024-08-12 20:41:11.775084: step 4459/27440 (epoch 13/80), loss = 1.761154 (115.594 sec/epoch), lr: 0.003800
Evaluating on dev set...
..................................................................
source: 	 mrr: 0.041831	 ndcg_5: 0.0320	 ndcg_10: 0.0429	 hit@1:0.015526	 hit@5:0.0491	 hit@10: 0.0830
target: 	 mrr: 0.036874	 ndcg_5: 0.0277	 ndcg_10: 0.0390	 hit@1:0.010588	 hit@5:0.0451	 hit@10: 0.0802
epoch 13: train_loss = 1.761154, source_mrr = 0.041831, source_hit@10 = 0.0830, source_ndcg@10 = 0.0429, target_mrr = 0.036874, target_hit@10 = 0.0802, target_ndcg@10 = 0.0390

2024-08-12 20:43:08.465774: step 4802/27440 (epoch 14/80), loss = 1.752396 (114.987 sec/epoch), lr: 0.003610
Evaluating on dev set...
..................................................................
source: 	 mrr: 0.048267	 ndcg_5: 0.0392	 ndcg_10: 0.0504	 hit@1:0.019328	 hit@5:0.0589	 hit@10: 0.0938
target: 	 mrr: 0.039055	 ndcg_5: 0.0292	 ndcg_10: 0.0423	 hit@1:0.010309	 hit@5:0.0479	 hit@10: 0.0892
epoch 14: train_loss = 1.752396, source_mrr = 0.048267, source_hit@10 = 0.0938, source_ndcg@10 = 0.0504, target_mrr = 0.039055, target_hit@10 = 0.0892, target_ndcg@10 = 0.0423

2024-08-12 20:45:05.584415: step 5145/27440 (epoch 15/80), loss = 1.751060 (115.425 sec/epoch), lr: 0.003610
Evaluating on dev set...
..................................................................
source: 	 mrr: 0.041569	 ndcg_5: 0.0323	 ndcg_10: 0.0429	 hit@1:0.014575	 hit@5:0.0507	 hit@10: 0.0840
target: 	 mrr: 0.040503	 ndcg_5: 0.0306	 ndcg_10: 0.0433	 hit@1:0.011424	 hit@5:0.0502	 hit@10: 0.0897
target best!
...................................target: 	 mrr: 0.041694	 ndcg_5: 0.0330	 ndcg_10: 0.0441	 hit@1:0.012972	 hit@5:0.0539	 hit@10: 0.0886
epoch 15: train_loss = 1.751060, source_mrr = 0.041569, source_hit@10 = 0.0840, source_ndcg@10 = 0.0429, target_mrr = 0.041694, target_hit@10 = 0.0886, target_ndcg@10 = 0.0441

2024-08-12 20:47:03.838334: step 5488/27440 (epoch 16/80), loss = 1.741341 (115.801 sec/epoch), lr: 0.003429
Evaluating on dev set...
..................................................................
source: 	 mrr: 0.037155	 ndcg_5: 0.0289	 ndcg_10: 0.0379	 hit@1:0.015209	 hit@5:0.0431	 hit@10: 0.0710
target: 	 mrr: 0.034166	 ndcg_5: 0.0262	 ndcg_10: 0.0347	 hit@1:0.009752	 hit@5:0.0415	 hit@10: 0.0680
epoch 16: train_loss = 1.741341, source_mrr = 0.037155, source_hit@10 = 0.0710, source_ndcg@10 = 0.0379, target_mrr = 0.034166, target_hit@10 = 0.0680, target_ndcg@10 = 0.0347

2024-08-12 20:49:00.504910: step 5831/27440 (epoch 17/80), loss = 1.730563 (114.963 sec/epoch), lr: 0.003258
Evaluating on dev set...
..................................................................
source: 	 mrr: 0.051477	 ndcg_5: 0.0421	 ndcg_10: 0.0553	 hit@1:0.019645	 hit@5:0.0640	 hit@10: 0.1055
target: 	 mrr: 0.043742	 ndcg_5: 0.0351	 ndcg_10: 0.0488	 hit@1:0.014767	 hit@5:0.0568	 hit@10: 0.0995
source best!
..............................
source: 	 mrr: 0.050029	 ndcg_5: 0.0405	 ndcg_10: 0.0534	 hit@1:0.019773	 hit@5:0.0619	 hit@10: 0.1024
target best!
...................................target: 	 mrr: 0.042497	 ndcg_5: 0.0333	 ndcg_10: 0.0456	 hit@1:0.013818	 hit@5:0.0525	 hit@10: 0.0905
epoch 17: train_loss = 1.730563, source_mrr = 0.050029, source_hit@10 = 0.1024, source_ndcg@10 = 0.0534, target_mrr = 0.042497, target_hit@10 = 0.0905, target_ndcg@10 = 0.0456

2024-08-12 20:50:59.993561: step 6174/27440 (epoch 18/80), loss = 1.727873 (116.427 sec/epoch), lr: 0.003258
Evaluating on dev set...
..................................................................
source: 	 mrr: 0.047021	 ndcg_5: 0.0382	 ndcg_10: 0.0493	 hit@1:0.019011	 hit@5:0.0574	 hit@10: 0.0922
target: 	 mrr: 0.041640	 ndcg_5: 0.0329	 ndcg_10: 0.0440	 hit@1:0.013931	 hit@5:0.0527	 hit@10: 0.0875
epoch 18: train_loss = 1.727873, source_mrr = 0.047021, source_hit@10 = 0.0922, source_ndcg@10 = 0.0493, target_mrr = 0.041640, target_hit@10 = 0.0875, target_ndcg@10 = 0.0440

2024-08-12 20:52:57.671295: step 6517/27440 (epoch 19/80), loss = 1.721817 (115.948 sec/epoch), lr: 0.003095
Evaluating on dev set...
..................................................................
source: 	 mrr: 0.053896	 ndcg_5: 0.0446	 ndcg_10: 0.0577	 hit@1:0.021229	 hit@5:0.0684	 hit@10: 0.1093
target: 	 mrr: 0.045565	 ndcg_5: 0.0371	 ndcg_10: 0.0481	 hit@1:0.016160	 hit@5:0.0577	 hit@10: 0.0922
source best!
..............................
source: 	 mrr: 0.052535	 ndcg_5: 0.0424	 ndcg_10: 0.0546	 hit@1:0.021718	 hit@5:0.0626	 hit@10: 0.1008
target best!
...................................target: 	 mrr: 0.047405	 ndcg_5: 0.0381	 ndcg_10: 0.0494	 hit@1:0.020023	 hit@5:0.0561	 hit@10: 0.0911
epoch 19: train_loss = 1.721817, source_mrr = 0.052535, source_hit@10 = 0.1008, source_ndcg@10 = 0.0546, target_mrr = 0.047405, target_hit@10 = 0.0911, target_ndcg@10 = 0.0494

2024-08-12 20:54:57.391000: step 6860/27440 (epoch 20/80), loss = 1.718567 (116.631 sec/epoch), lr: 0.003095
Evaluating on dev set...
..................................................................
source: 	 mrr: 0.057881	 ndcg_5: 0.0490	 ndcg_10: 0.0624	 hit@1:0.024715	 hit@5:0.0732	 hit@10: 0.1150
target: 	 mrr: 0.045148	 ndcg_5: 0.0350	 ndcg_10: 0.0479	 hit@1:0.014767	 hit@5:0.0543	 hit@10: 0.0947
source best!
..............................
source: 	 mrr: 0.052901	 ndcg_5: 0.0429	 ndcg_10: 0.0559	 hit@1:0.021718	 hit@5:0.0642	 hit@10: 0.1044
epoch 20: train_loss = 1.718567, source_mrr = 0.052901, source_hit@10 = 0.1044, source_ndcg@10 = 0.0559, target_mrr = 0.045148, target_hit@10 = 0.0947, target_ndcg@10 = 0.0479

2024-08-12 20:56:55.177166: step 7203/27440 (epoch 21/80), loss = 1.715421 (115.578 sec/epoch), lr: 0.003095
Evaluating on dev set...
..................................................................
source: 	 mrr: 0.045510	 ndcg_5: 0.0361	 ndcg_10: 0.0474	 hit@1:0.017744	 hit@5:0.0551	 hit@10: 0.0903
target: 	 mrr: 0.039747	 ndcg_5: 0.0284	 ndcg_10: 0.0421	 hit@1:0.011424	 hit@5:0.0457	 hit@10: 0.0883
epoch 21: train_loss = 1.715421, source_mrr = 0.045510, source_hit@10 = 0.0903, source_ndcg@10 = 0.0474, target_mrr = 0.039747, target_hit@10 = 0.0883, target_ndcg@10 = 0.0421

2024-08-12 20:58:53.308159: step 7546/27440 (epoch 22/80), loss = 1.709734 (116.448 sec/epoch), lr: 0.002940
Evaluating on dev set...
..................................................................
source: 	 mrr: 0.051787	 ndcg_5: 0.0425	 ndcg_10: 0.0548	 hit@1:0.019645	 hit@5:0.0656	 hit@10: 0.1042
target: 	 mrr: 0.039357	 ndcg_5: 0.0321	 ndcg_10: 0.0416	 hit@1:0.011702	 hit@5:0.0521	 hit@10: 0.0819
epoch 22: train_loss = 1.709734, source_mrr = 0.051787, source_hit@10 = 0.1042, source_ndcg@10 = 0.0548, target_mrr = 0.039357, target_hit@10 = 0.0819, target_ndcg@10 = 0.0416

2024-08-12 21:00:51.759579: step 7889/27440 (epoch 23/80), loss = 1.705683 (116.849 sec/epoch), lr: 0.002940
Evaluating on dev set...
..................................................................
source: 	 mrr: 0.051364	 ndcg_5: 0.0415	 ndcg_10: 0.0549	 hit@1:0.019962	 hit@5:0.0634	 hit@10: 0.1049
target: 	 mrr: 0.046769	 ndcg_5: 0.0369	 ndcg_10: 0.0497	 hit@1:0.016439	 hit@5:0.0574	 hit@10: 0.0972
target best!
...................................target: 	 mrr: 0.046798	 ndcg_5: 0.0383	 ndcg_10: 0.0507	 hit@1:0.015792	 hit@5:0.0603	 hit@10: 0.0990
epoch 23: train_loss = 1.705683, source_mrr = 0.051364, source_hit@10 = 0.1049, source_ndcg@10 = 0.0549, target_mrr = 0.046798, target_hit@10 = 0.0990, target_ndcg@10 = 0.0507

2024-08-12 21:02:49.812595: step 8232/27440 (epoch 24/80), loss = 1.702525 (115.781 sec/epoch), lr: 0.002940
Evaluating on dev set...
..................................................................
source: 	 mrr: 0.040297	 ndcg_5: 0.0312	 ndcg_10: 0.0407	 hit@1:0.015209	 hit@5:0.0475	 hit@10: 0.0770
target: 	 mrr: 0.045380	 ndcg_5: 0.0370	 ndcg_10: 0.0484	 hit@1:0.014767	 hit@5:0.0593	 hit@10: 0.0947
epoch 24: train_loss = 1.702525, source_mrr = 0.040297, source_hit@10 = 0.0770, source_ndcg@10 = 0.0407, target_mrr = 0.045380, target_hit@10 = 0.0947, target_ndcg@10 = 0.0484

2024-08-12 21:04:47.862389: step 8575/27440 (epoch 25/80), loss = 1.697345 (116.357 sec/epoch), lr: 0.002793
Evaluating on dev set...
..................................................................
source: 	 mrr: 0.046685	 ndcg_5: 0.0373	 ndcg_10: 0.0486	 hit@1:0.019011	 hit@5:0.0558	 hit@10: 0.0916
target: 	 mrr: 0.047146	 ndcg_5: 0.0389	 ndcg_10: 0.0517	 hit@1:0.014767	 hit@5:0.0638	 hit@10: 0.1039
target best!
...................................target: 	 mrr: 0.045909	 ndcg_5: 0.0374	 ndcg_10: 0.0490	 hit@1:0.015510	 hit@5:0.0601	 hit@10: 0.0962
epoch 25: train_loss = 1.697345, source_mrr = 0.046685, source_hit@10 = 0.0916, source_ndcg@10 = 0.0486, target_mrr = 0.045909, target_hit@10 = 0.0962, target_ndcg@10 = 0.0490

2024-08-12 21:06:46.626501: step 8918/27440 (epoch 26/80), loss = 1.694026 (116.213 sec/epoch), lr: 0.002793
Evaluating on dev set...
..................................................................
source: 	 mrr: 0.049216	 ndcg_5: 0.0399	 ndcg_10: 0.0529	 hit@1:0.019645	 hit@5:0.0605	 hit@10: 0.1008
target: 	 mrr: 0.043100	 ndcg_5: 0.0327	 ndcg_10: 0.0458	 hit@1:0.012817	 hit@5:0.0521	 hit@10: 0.0933
epoch 26: train_loss = 1.694026, source_mrr = 0.049216, source_hit@10 = 0.1008, source_ndcg@10 = 0.0529, target_mrr = 0.043100, target_hit@10 = 0.0933, target_ndcg@10 = 0.0458

2024-08-12 21:08:43.504511: step 9261/27440 (epoch 27/80), loss = 1.686957 (115.251 sec/epoch), lr: 0.002654
Evaluating on dev set...
..................................................................
source: 	 mrr: 0.049841	 ndcg_5: 0.0407	 ndcg_10: 0.0526	 hit@1:0.020596	 hit@5:0.0612	 hit@10: 0.0982
target: 	 mrr: 0.044562	 ndcg_5: 0.0364	 ndcg_10: 0.0488	 hit@1:0.013653	 hit@5:0.0596	 hit@10: 0.0981
epoch 27: train_loss = 1.686957, source_mrr = 0.049841, source_hit@10 = 0.0982, source_ndcg@10 = 0.0526, target_mrr = 0.044562, target_hit@10 = 0.0981, target_ndcg@10 = 0.0488

2024-08-12 21:10:41.038674: step 9604/27440 (epoch 28/80), loss = 1.686178 (115.872 sec/epoch), lr: 0.002654
Evaluating on dev set...
..................................................................
source: 	 mrr: 0.042167	 ndcg_5: 0.0325	 ndcg_10: 0.0446	 hit@1:0.015209	 hit@5:0.0501	 hit@10: 0.0881
target: 	 mrr: 0.042638	 ndcg_5: 0.0341	 ndcg_10: 0.0460	 hit@1:0.015325	 hit@5:0.0543	 hit@10: 0.0914
epoch 28: train_loss = 1.686178, source_mrr = 0.042167, source_hit@10 = 0.0881, source_ndcg@10 = 0.0446, target_mrr = 0.042638, target_hit@10 = 0.0914, target_ndcg@10 = 0.0460

2024-08-12 21:12:39.748517: step 9947/27440 (epoch 29/80), loss = 1.682012 (117.035 sec/epoch), lr: 0.002521
Evaluating on dev set...
..................................................................
source: 	 mrr: 0.053782	 ndcg_5: 0.0434	 ndcg_10: 0.0553	 hit@1:0.023764	 hit@5:0.0612	 hit@10: 0.0982
target: 	 mrr: 0.046832	 ndcg_5: 0.0371	 ndcg_10: 0.0516	 hit@1:0.014210	 hit@5:0.0599	 hit@10: 0.1050
epoch 29: train_loss = 1.682012, source_mrr = 0.053782, source_hit@10 = 0.0982, source_ndcg@10 = 0.0553, target_mrr = 0.046832, target_hit@10 = 0.1050, target_ndcg@10 = 0.0516

2024-08-12 21:14:38.170767: step 10290/27440 (epoch 30/80), loss = 1.679131 (116.720 sec/epoch), lr: 0.002521
Evaluating on dev set...
..................................................................
source: 	 mrr: 0.052556	 ndcg_5: 0.0441	 ndcg_10: 0.0576	 hit@1:0.019645	 hit@5:0.0694	 hit@10: 0.1115
target: 	 mrr: 0.043545	 ndcg_5: 0.0350	 ndcg_10: 0.0476	 hit@1:0.011981	 hit@5:0.0577	 hit@10: 0.0972
epoch 30: train_loss = 1.679131, source_mrr = 0.052556, source_hit@10 = 0.1115, source_ndcg@10 = 0.0576, target_mrr = 0.043545, target_hit@10 = 0.0972, target_ndcg@10 = 0.0476
shift to transfer learning mode

2024-08-12 21:16:38.708508: step 10633/27440 (epoch 31/80), loss = 1.679949 (118.847 sec/epoch), lr: 0.002395
Evaluating on dev set...
..................................................................
source: 	 mrr: 0.055760	 ndcg_5: 0.0478	 ndcg_10: 0.0600	 hit@1:0.021229	 hit@5:0.0726	 hit@10: 0.1106
target: 	 mrr: 0.045013	 ndcg_5: 0.0352	 ndcg_10: 0.0484	 hit@1:0.014767	 hit@5:0.0563	 hit@10: 0.0975
epoch 31: train_loss = 1.679949, source_mrr = 0.055760, source_hit@10 = 0.1106, source_ndcg@10 = 0.0600, target_mrr = 0.045013, target_hit@10 = 0.0975, target_ndcg@10 = 0.0484

2024-08-12 21:18:37.142399: step 10976/27440 (epoch 32/80), loss = 1.683254 (116.733 sec/epoch), lr: 0.002395
Evaluating on dev set...
..................................................................
source: 	 mrr: 0.049445	 ndcg_5: 0.0407	 ndcg_10: 0.0526	 hit@1:0.018061	 hit@5:0.0627	 hit@10: 0.1001
target: 	 mrr: 0.047510	 ndcg_5: 0.0391	 ndcg_10: 0.0522	 hit@1:0.017275	 hit@5:0.0613	 hit@10: 0.1017
target best!
...................................target: 	 mrr: 0.047643	 ndcg_5: 0.0395	 ndcg_10: 0.0522	 hit@1:0.017766	 hit@5:0.0618	 hit@10: 0.1012
epoch 32: train_loss = 1.683254, source_mrr = 0.049445, source_hit@10 = 0.1001, source_ndcg@10 = 0.0526, target_mrr = 0.047643, target_hit@10 = 0.1012, target_ndcg@10 = 0.0522

2024-08-12 21:20:37.337757: step 11319/27440 (epoch 33/80), loss = 1.678217 (117.725 sec/epoch), lr: 0.002275
Evaluating on dev set...
..................................................................
source: 	 mrr: 0.053474	 ndcg_5: 0.0456	 ndcg_10: 0.0597	 hit@1:0.018378	 hit@5:0.0732	 hit@10: 0.1176
target: 	 mrr: 0.046207	 ndcg_5: 0.0365	 ndcg_10: 0.0502	 hit@1:0.015046	 hit@5:0.0588	 hit@10: 0.1014
epoch 33: train_loss = 1.678217, source_mrr = 0.053474, source_hit@10 = 0.1176, source_ndcg@10 = 0.0597, target_mrr = 0.046207, target_hit@10 = 0.1014, target_ndcg@10 = 0.0502

2024-08-12 21:22:37.488307: step 11662/27440 (epoch 34/80), loss = 1.673543 (118.541 sec/epoch), lr: 0.002275
Evaluating on dev set...
..................................................................
source: 	 mrr: 0.043589	 ndcg_5: 0.0355	 ndcg_10: 0.0464	 hit@1:0.016477	 hit@5:0.0554	 hit@10: 0.0897
target: 	 mrr: 0.049676	 ndcg_5: 0.0395	 ndcg_10: 0.0537	 hit@1:0.018947	 hit@5:0.0596	 hit@10: 0.1034
target best!
...................................target: 	 mrr: 0.048459	 ndcg_5: 0.0396	 ndcg_10: 0.0531	 hit@1:0.017202	 hit@5:0.0623	 hit@10: 0.1041
epoch 34: train_loss = 1.673543, source_mrr = 0.043589, source_hit@10 = 0.0897, source_ndcg@10 = 0.0464, target_mrr = 0.048459, target_hit@10 = 0.1041, target_ndcg@10 = 0.0531

2024-08-12 21:24:37.683413: step 12005/27440 (epoch 35/80), loss = 1.671403 (117.646 sec/epoch), lr: 0.002161
Evaluating on dev set...
..................................................................
source: 	 mrr: 0.042270	 ndcg_5: 0.0340	 ndcg_10: 0.0430	 hit@1:0.017110	 hit@5:0.0507	 hit@10: 0.0792
target: 	 mrr: 0.046682	 ndcg_5: 0.0381	 ndcg_10: 0.0501	 hit@1:0.017275	 hit@5:0.0591	 hit@10: 0.0964
epoch 35: train_loss = 1.671403, source_mrr = 0.042270, source_hit@10 = 0.0792, source_ndcg@10 = 0.0430, target_mrr = 0.046682, target_hit@10 = 0.0964, target_ndcg@10 = 0.0501

2024-08-12 21:26:39.153256: step 12348/27440 (epoch 36/80), loss = 1.665893 (119.745 sec/epoch), lr: 0.002053
Evaluating on dev set...
..................................................................
source: 	 mrr: 0.056963	 ndcg_5: 0.0487	 ndcg_10: 0.0621	 hit@1:0.023447	 hit@5:0.0741	 hit@10: 0.1157
target: 	 mrr: 0.046404	 ndcg_5: 0.0383	 ndcg_10: 0.0497	 hit@1:0.015882	 hit@5:0.0621	 hit@10: 0.0975
epoch 36: train_loss = 1.665893, source_mrr = 0.056963, source_hit@10 = 0.1157, source_ndcg@10 = 0.0621, target_mrr = 0.046404, target_hit@10 = 0.0975, target_ndcg@10 = 0.0497

2024-08-12 21:28:40.469096: step 12691/27440 (epoch 37/80), loss = 1.660322 (119.669 sec/epoch), lr: 0.002053
Evaluating on dev set...
..................................................................
source: 	 mrr: 0.047156	 ndcg_5: 0.0401	 ndcg_10: 0.0492	 hit@1:0.018061	 hit@5:0.0621	 hit@10: 0.0903
target: 	 mrr: 0.047118	 ndcg_5: 0.0378	 ndcg_10: 0.0512	 hit@1:0.017275	 hit@5:0.0588	 hit@10: 0.1006
epoch 37: train_loss = 1.660322, source_mrr = 0.047156, source_hit@10 = 0.0903, source_ndcg@10 = 0.0492, target_mrr = 0.047118, target_hit@10 = 0.1006, target_ndcg@10 = 0.0512

2024-08-12 21:30:40.150964: step 13034/27440 (epoch 38/80), loss = 1.659754 (117.970 sec/epoch), lr: 0.001951
Evaluating on dev set...
..................................................................
source: 	 mrr: 0.056795	 ndcg_5: 0.0465	 ndcg_10: 0.0628	 hit@1:0.024398	 hit@5:0.0694	 hit@10: 0.1207
target: 	 mrr: 0.048356	 ndcg_5: 0.0397	 ndcg_10: 0.0527	 hit@1:0.018668	 hit@5:0.0610	 hit@10: 0.1017
epoch 38: train_loss = 1.659754, source_mrr = 0.056795, source_hit@10 = 0.1207, source_ndcg@10 = 0.0628, target_mrr = 0.048356, target_hit@10 = 0.1017, target_ndcg@10 = 0.0527

2024-08-12 21:32:39.167466: step 13377/27440 (epoch 39/80), loss = 1.655483 (117.387 sec/epoch), lr: 0.001951
Evaluating on dev set...
..................................................................
source: 	 mrr: 0.047994	 ndcg_5: 0.0398	 ndcg_10: 0.0507	 hit@1:0.019645	 hit@5:0.0608	 hit@10: 0.0947
target: 	 mrr: 0.049736	 ndcg_5: 0.0425	 ndcg_10: 0.0538	 hit@1:0.020897	 hit@5:0.0644	 hit@10: 0.0995
target best!
...................................target: 	 mrr: 0.046918	 ndcg_5: 0.0388	 ndcg_10: 0.0499	 hit@1:0.019741	 hit@5:0.0572	 hit@10: 0.0919
epoch 39: train_loss = 1.655483, source_mrr = 0.047994, source_hit@10 = 0.0947, source_ndcg@10 = 0.0507, target_mrr = 0.046918, target_hit@10 = 0.0919, target_ndcg@10 = 0.0499

2024-08-12 21:34:40.610775: step 13720/27440 (epoch 40/80), loss = 1.651216 (119.074 sec/epoch), lr: 0.001853
Evaluating on dev set...
..................................................................
source: 	 mrr: 0.039751	 ndcg_5: 0.0316	 ndcg_10: 0.0412	 hit@1:0.015209	 hit@5:0.0482	 hit@10: 0.0783
target: 	 mrr: 0.047887	 ndcg_5: 0.0402	 ndcg_10: 0.0518	 hit@1:0.015603	 hit@5:0.0649	 hit@10: 0.1011
epoch 40: train_loss = 1.651216, source_mrr = 0.039751, source_hit@10 = 0.0783, source_ndcg@10 = 0.0412, target_mrr = 0.047887, target_hit@10 = 0.1011, target_ndcg@10 = 0.0518

2024-08-12 21:36:38.918052: step 14063/27440 (epoch 41/80), loss = 1.646008 (116.638 sec/epoch), lr: 0.001761
Evaluating on dev set...
..................................................................
source: 	 mrr: 0.045831	 ndcg_5: 0.0352	 ndcg_10: 0.0488	 hit@1:0.020279	 hit@5:0.0504	 hit@10: 0.0928
target: 	 mrr: 0.048385	 ndcg_5: 0.0400	 ndcg_10: 0.0526	 hit@1:0.017832	 hit@5:0.0635	 hit@10: 0.1025
epoch 41: train_loss = 1.646008, source_mrr = 0.045831, source_hit@10 = 0.0928, source_ndcg@10 = 0.0488, target_mrr = 0.048385, target_hit@10 = 0.1025, target_ndcg@10 = 0.0526

2024-08-12 21:38:35.959186: step 14406/27440 (epoch 42/80), loss = 1.643310 (115.347 sec/epoch), lr: 0.001761
Evaluating on dev set...
..................................................................
source: 	 mrr: 0.058651	 ndcg_5: 0.0504	 ndcg_10: 0.0626	 hit@1:0.023447	 hit@5:0.0767	 hit@10: 0.1147
target: 	 mrr: 0.047836	 ndcg_5: 0.0393	 ndcg_10: 0.0530	 hit@1:0.015603	 hit@5:0.0635	 hit@10: 0.1064
source best!
..............................
source: 	 mrr: 0.054489	 ndcg_5: 0.0444	 ndcg_10: 0.0593	 hit@1:0.023015	 hit@5:0.0661	 hit@10: 0.1122
epoch 42: train_loss = 1.643310, source_mrr = 0.054489, source_hit@10 = 0.1122, source_ndcg@10 = 0.0593, target_mrr = 0.047836, target_hit@10 = 0.1064, target_ndcg@10 = 0.0530

2024-08-12 21:40:36.545553: step 14749/27440 (epoch 43/80), loss = 1.642226 (118.157 sec/epoch), lr: 0.001761
Evaluating on dev set...
..................................................................
source: 	 mrr: 0.057799	 ndcg_5: 0.0494	 ndcg_10: 0.0625	 hit@1:0.022814	 hit@5:0.0757	 hit@10: 0.1163
target: 	 mrr: 0.042766	 ndcg_5: 0.0343	 ndcg_10: 0.0459	 hit@1:0.015882	 hit@5:0.0532	 hit@10: 0.0894
epoch 43: train_loss = 1.642226, source_mrr = 0.057799, source_hit@10 = 0.1163, source_ndcg@10 = 0.0625, target_mrr = 0.042766, target_hit@10 = 0.0894, target_ndcg@10 = 0.0459

2024-08-12 21:42:35.984360: step 15092/27440 (epoch 44/80), loss = 1.634220 (117.706 sec/epoch), lr: 0.001672
Evaluating on dev set...
..................................................................
source: 	 mrr: 0.054870	 ndcg_5: 0.0469	 ndcg_10: 0.0590	 hit@1:0.018378	 hit@5:0.0732	 hit@10: 0.1109
target: 	 mrr: 0.041319	 ndcg_5: 0.0323	 ndcg_10: 0.0440	 hit@1:0.013374	 hit@5:0.0515	 hit@10: 0.0878
epoch 44: train_loss = 1.634220, source_mrr = 0.054870, source_hit@10 = 0.1109, source_ndcg@10 = 0.0590, target_mrr = 0.041319, target_hit@10 = 0.0878, target_ndcg@10 = 0.0440

2024-08-12 21:44:33.687616: step 15435/27440 (epoch 45/80), loss = 1.632862 (116.022 sec/epoch), lr: 0.001589
Evaluating on dev set...
..................................................................
source: 	 mrr: 0.053465	 ndcg_5: 0.0441	 ndcg_10: 0.0581	 hit@1:0.020913	 hit@5:0.0684	 hit@10: 0.1115
target: 	 mrr: 0.043703	 ndcg_5: 0.0342	 ndcg_10: 0.0474	 hit@1:0.015603	 hit@5:0.0532	 hit@10: 0.0942
epoch 45: train_loss = 1.632862, source_mrr = 0.053465, source_hit@10 = 0.1115, source_ndcg@10 = 0.0581, target_mrr = 0.043703, target_hit@10 = 0.0942, target_ndcg@10 = 0.0474

2024-08-12 21:46:32.952055: step 15778/27440 (epoch 46/80), loss = 1.628072 (117.593 sec/epoch), lr: 0.001589
Evaluating on dev set...
..................................................................
source: 	 mrr: 0.048335	 ndcg_5: 0.0415	 ndcg_10: 0.0525	 hit@1:0.018378	 hit@5:0.0640	 hit@10: 0.0982
target: 	 mrr: 0.047116	 ndcg_5: 0.0393	 ndcg_10: 0.0513	 hit@1:0.017275	 hit@5:0.0613	 hit@10: 0.0995
epoch 46: train_loss = 1.628072, source_mrr = 0.048335, source_hit@10 = 0.0982, source_ndcg@10 = 0.0525, target_mrr = 0.047116, target_hit@10 = 0.0995, target_ndcg@10 = 0.0513

2024-08-12 21:48:34.802690: step 16121/27440 (epoch 47/80), loss = 1.623690 (120.157 sec/epoch), lr: 0.001509
Evaluating on dev set...
..................................................................
source: 	 mrr: 0.054615	 ndcg_5: 0.0459	 ndcg_10: 0.0569	 hit@1:0.024398	 hit@5:0.0681	 hit@10: 0.1027
target: 	 mrr: 0.045649	 ndcg_5: 0.0379	 ndcg_10: 0.0509	 hit@1:0.016718	 hit@5:0.0596	 hit@10: 0.0997
epoch 47: train_loss = 1.623690, source_mrr = 0.054615, source_hit@10 = 0.1027, source_ndcg@10 = 0.0569, target_mrr = 0.045649, target_hit@10 = 0.0997, target_ndcg@10 = 0.0509

2024-08-12 21:50:34.436151: step 16464/27440 (epoch 48/80), loss = 1.623927 (117.956 sec/epoch), lr: 0.001509
Evaluating on dev set...
..................................................................
source: 	 mrr: 0.053011	 ndcg_5: 0.0450	 ndcg_10: 0.0565	 hit@1:0.020596	 hit@5:0.0694	 hit@10: 0.1052
target: 	 mrr: 0.046520	 ndcg_5: 0.0370	 ndcg_10: 0.0514	 hit@1:0.014489	 hit@5:0.0588	 hit@10: 0.1039
epoch 48: train_loss = 1.623927, source_mrr = 0.053011, source_hit@10 = 0.1052, source_ndcg@10 = 0.0565, target_mrr = 0.046520, target_hit@10 = 0.1039, target_ndcg@10 = 0.0514

2024-08-12 21:52:33.860760: step 16807/27440 (epoch 49/80), loss = 1.617973 (117.841 sec/epoch), lr: 0.001434
Evaluating on dev set...
..................................................................
source: 	 mrr: 0.056830	 ndcg_5: 0.0480	 ndcg_10: 0.0596	 hit@1:0.023131	 hit@5:0.0719	 hit@10: 0.1080
target: 	 mrr: 0.047815	 ndcg_5: 0.0410	 ndcg_10: 0.0528	 hit@1:0.014767	 hit@5:0.0674	 hit@10: 0.1042
epoch 49: train_loss = 1.617973, source_mrr = 0.056830, source_hit@10 = 0.1080, source_ndcg@10 = 0.0596, target_mrr = 0.047815, target_hit@10 = 0.1042, target_ndcg@10 = 0.0528

2024-08-12 21:54:34.466606: step 17150/27440 (epoch 50/80), loss = 1.614045 (119.091 sec/epoch), lr: 0.001434
Evaluating on dev set...
..................................................................
source: 	 mrr: 0.045241	 ndcg_5: 0.0369	 ndcg_10: 0.0472	 hit@1:0.016793	 hit@5:0.0561	 hit@10: 0.0884
target: 	 mrr: 0.050121	 ndcg_5: 0.0414	 ndcg_10: 0.0550	 hit@1:0.017832	 hit@5:0.0646	 hit@10: 0.1067
target best!
...................................target: 	 mrr: 0.048835	 ndcg_5: 0.0407	 ndcg_10: 0.0529	 hit@1:0.016638	 hit@5:0.0637	 hit@10: 0.1018
epoch 50: train_loss = 1.614045, source_mrr = 0.045241, source_hit@10 = 0.0884, source_ndcg@10 = 0.0472, target_mrr = 0.048835, target_hit@10 = 0.1018, target_ndcg@10 = 0.0529

2024-08-12 21:56:34.050385: step 17493/27440 (epoch 51/80), loss = 1.612098 (117.305 sec/epoch), lr: 0.001362
Evaluating on dev set...
..................................................................
source: 	 mrr: 0.043072	 ndcg_5: 0.0349	 ndcg_10: 0.0463	 hit@1:0.014892	 hit@5:0.0539	 hit@10: 0.0894
target: 	 mrr: 0.051420	 ndcg_5: 0.0442	 ndcg_10: 0.0560	 hit@1:0.020619	 hit@5:0.0694	 hit@10: 0.1056
target best!
...................................target: 	 mrr: 0.052282	 ndcg_5: 0.0457	 ndcg_10: 0.0573	 hit@1:0.020305	 hit@5:0.0705	 hit@10: 0.1069
epoch 51: train_loss = 1.612098, source_mrr = 0.043072, source_hit@10 = 0.0894, source_ndcg@10 = 0.0463, target_mrr = 0.052282, target_hit@10 = 0.1069, target_ndcg@10 = 0.0573

2024-08-12 21:58:37.929492: step 17836/27440 (epoch 52/80), loss = 1.603431 (121.409 sec/epoch), lr: 0.001294
Evaluating on dev set...
..................................................................
source: 	 mrr: 0.037077	 ndcg_5: 0.0305	 ndcg_10: 0.0390	 hit@1:0.012041	 hit@5:0.0494	 hit@10: 0.0754
target: 	 mrr: 0.047474	 ndcg_5: 0.0391	 ndcg_10: 0.0521	 hit@1:0.015046	 hit@5:0.0635	 hit@10: 0.1039
epoch 52: train_loss = 1.603431, source_mrr = 0.037077, source_hit@10 = 0.0754, source_ndcg@10 = 0.0390, target_mrr = 0.047474, target_hit@10 = 0.1039, target_ndcg@10 = 0.0521

2024-08-12 22:00:38.328934: step 18179/27440 (epoch 53/80), loss = 1.597544 (118.709 sec/epoch), lr: 0.001229
Evaluating on dev set...
..................................................................
source: 	 mrr: 0.054394	 ndcg_5: 0.0462	 ndcg_10: 0.0571	 hit@1:0.023131	 hit@5:0.0684	 hit@10: 0.1023
target: 	 mrr: 0.046876	 ndcg_5: 0.0378	 ndcg_10: 0.0496	 hit@1:0.019504	 hit@5:0.0566	 hit@10: 0.0931
epoch 53: train_loss = 1.597544, source_mrr = 0.054394, source_hit@10 = 0.1023, source_ndcg@10 = 0.0571, target_mrr = 0.046876, target_hit@10 = 0.0931, target_ndcg@10 = 0.0496

2024-08-12 22:02:37.712847: step 18522/27440 (epoch 54/80), loss = 1.592772 (117.724 sec/epoch), lr: 0.001229
Evaluating on dev set...
..................................................................
source: 	 mrr: 0.057018	 ndcg_5: 0.0482	 ndcg_10: 0.0642	 hit@1:0.021863	 hit@5:0.0760	 hit@10: 0.1255
target: 	 mrr: 0.049508	 ndcg_5: 0.0413	 ndcg_10: 0.0529	 hit@1:0.018947	 hit@5:0.0644	 hit@10: 0.1006
epoch 54: train_loss = 1.592772, source_mrr = 0.057018, source_hit@10 = 0.1255, source_ndcg@10 = 0.0642, target_mrr = 0.049508, target_hit@10 = 0.1006, target_ndcg@10 = 0.0529

2024-08-12 22:04:32.380541: step 18865/27440 (epoch 55/80), loss = 1.589172 (113.181 sec/epoch), lr: 0.001229
Evaluating on dev set...
..................................................................
source: 	 mrr: 0.054926	 ndcg_5: 0.0464	 ndcg_10: 0.0590	 hit@1:0.021229	 hit@5:0.0719	 hit@10: 0.1112
target: 	 mrr: 0.046576	 ndcg_5: 0.0400	 ndcg_10: 0.0519	 hit@1:0.013096	 hit@5:0.0674	 hit@10: 0.1042
epoch 55: train_loss = 1.589172, source_mrr = 0.054926, source_hit@10 = 0.1112, source_ndcg@10 = 0.0590, target_mrr = 0.046576, target_hit@10 = 0.1042, target_ndcg@10 = 0.0519

2024-08-12 22:06:31.823573: step 19208/27440 (epoch 56/80), loss = 1.583304 (117.969 sec/epoch), lr: 0.001168
Evaluating on dev set...
..................................................................
source: 	 mrr: 0.050451	 ndcg_5: 0.0423	 ndcg_10: 0.0531	 hit@1:0.022180	 hit@5:0.0640	 hit@10: 0.0976
target: 	 mrr: 0.046959	 ndcg_5: 0.0381	 ndcg_10: 0.0502	 hit@1:0.016160	 hit@5:0.0610	 hit@10: 0.0986
epoch 56: train_loss = 1.583304, source_mrr = 0.050451, source_hit@10 = 0.0976, source_ndcg@10 = 0.0531, target_mrr = 0.046959, target_hit@10 = 0.0986, target_ndcg@10 = 0.0502

2024-08-12 22:08:26.606761: step 19551/27440 (epoch 57/80), loss = 1.570215 (113.127 sec/epoch), lr: 0.001110
Evaluating on dev set...
..................................................................
source: 	 mrr: 0.052939	 ndcg_5: 0.0441	 ndcg_10: 0.0569	 hit@1:0.020279	 hit@5:0.0678	 hit@10: 0.1080
target: 	 mrr: 0.049241	 ndcg_5: 0.0416	 ndcg_10: 0.0542	 hit@1:0.016160	 hit@5:0.0663	 hit@10: 0.1056
epoch 57: train_loss = 1.570215, source_mrr = 0.052939, source_hit@10 = 0.1080, source_ndcg@10 = 0.0569, target_mrr = 0.049241, target_hit@10 = 0.1056, target_ndcg@10 = 0.0542

2024-08-12 22:10:20.255211: step 19894/27440 (epoch 58/80), loss = 1.563131 (112.191 sec/epoch), lr: 0.001110
Evaluating on dev set...
..................................................................
source: 	 mrr: 0.053592	 ndcg_5: 0.0443	 ndcg_10: 0.0566	 hit@1:0.023764	 hit@5:0.0650	 hit@10: 0.1036
target: 	 mrr: 0.048508	 ndcg_5: 0.0400	 ndcg_10: 0.0523	 hit@1:0.016718	 hit@5:0.0621	 hit@10: 0.1003
epoch 58: train_loss = 1.563131, source_mrr = 0.053592, source_hit@10 = 0.1036, source_ndcg@10 = 0.0566, target_mrr = 0.048508, target_hit@10 = 0.1003, target_ndcg@10 = 0.0523

2024-08-12 22:12:13.824923: step 20237/27440 (epoch 59/80), loss = 1.557529 (112.093 sec/epoch), lr: 0.001054
Evaluating on dev set...
..................................................................
source: 	 mrr: 0.046477	 ndcg_5: 0.0383	 ndcg_10: 0.0486	 hit@1:0.019011	 hit@5:0.0583	 hit@10: 0.0906
target: 	 mrr: 0.050052	 ndcg_5: 0.0425	 ndcg_10: 0.0536	 hit@1:0.019225	 hit@5:0.0658	 hit@10: 0.1000
epoch 59: train_loss = 1.557529, source_mrr = 0.046477, source_hit@10 = 0.0906, source_ndcg@10 = 0.0486, target_mrr = 0.050052, target_hit@10 = 0.1000, target_ndcg@10 = 0.0536

2024-08-12 22:14:06.463790: step 20580/27440 (epoch 60/80), loss = 1.545795 (111.168 sec/epoch), lr: 0.001001
Evaluating on dev set...
..................................................................
source: 	 mrr: 0.045356	 ndcg_5: 0.0374	 ndcg_10: 0.0473	 hit@1:0.016793	 hit@5:0.0567	 hit@10: 0.0878
target: 	 mrr: 0.048227	 ndcg_5: 0.0396	 ndcg_10: 0.0532	 hit@1:0.017275	 hit@5:0.0621	 hit@10: 0.1042
epoch 60: train_loss = 1.545795, source_mrr = 0.045356, source_hit@10 = 0.0878, source_ndcg@10 = 0.0473, target_mrr = 0.048227, target_hit@10 = 0.1042, target_ndcg@10 = 0.0532

2024-08-12 22:16:01.945642: step 20923/27440 (epoch 61/80), loss = 1.538019 (113.985 sec/epoch), lr: 0.000951
Evaluating on dev set...
..................................................................
source: 	 mrr: 0.049093	 ndcg_5: 0.0405	 ndcg_10: 0.0509	 hit@1:0.021546	 hit@5:0.0599	 hit@10: 0.0919
target: 	 mrr: 0.048298	 ndcg_5: 0.0404	 ndcg_10: 0.0533	 hit@1:0.016160	 hit@5:0.0649	 hit@10: 0.1053
epoch 61: train_loss = 1.538019, source_mrr = 0.049093, source_hit@10 = 0.0919, source_ndcg@10 = 0.0509, target_mrr = 0.048298, target_hit@10 = 0.1053, target_ndcg@10 = 0.0533

2024-08-12 22:17:56.922226: step 21266/27440 (epoch 62/80), loss = 1.532868 (113.517 sec/epoch), lr: 0.000951
Evaluating on dev set...
..................................................................
source: 	 mrr: 0.046043	 ndcg_5: 0.0370	 ndcg_10: 0.0470	 hit@1:0.019645	 hit@5:0.0545	 hit@10: 0.0856
target: 	 mrr: 0.045753	 ndcg_5: 0.0374	 ndcg_10: 0.0498	 hit@1:0.015046	 hit@5:0.0593	 hit@10: 0.0975
epoch 62: train_loss = 1.532868, source_mrr = 0.046043, source_hit@10 = 0.0856, source_ndcg@10 = 0.0470, target_mrr = 0.045753, target_hit@10 = 0.0975, target_ndcg@10 = 0.0498

2024-08-12 22:19:50.371527: step 21609/27440 (epoch 63/80), loss = 1.526183 (111.812 sec/epoch), lr: 0.000904
Evaluating on dev set...
..................................................................
source: 	 mrr: 0.050232	 ndcg_5: 0.0433	 ndcg_10: 0.0546	 hit@1:0.018061	 hit@5:0.0688	 hit@10: 0.1042
target: 	 mrr: 0.047540	 ndcg_5: 0.0393	 ndcg_10: 0.0506	 hit@1:0.017275	 hit@5:0.0630	 hit@10: 0.0981
epoch 63: train_loss = 1.526183, source_mrr = 0.050232, source_hit@10 = 0.1042, source_ndcg@10 = 0.0546, target_mrr = 0.047540, target_hit@10 = 0.0981, target_ndcg@10 = 0.0506

2024-08-12 22:21:46.740761: step 21952/27440 (epoch 64/80), loss = 1.518054 (114.899 sec/epoch), lr: 0.000904
Evaluating on dev set...
..................................................................
source: 	 mrr: 0.037919	 ndcg_5: 0.0299	 ndcg_10: 0.0387	 hit@1:0.015526	 hit@5:0.0437	 hit@10: 0.0713
target: 	 mrr: 0.048742	 ndcg_5: 0.0400	 ndcg_10: 0.0517	 hit@1:0.016996	 hit@5:0.0632	 hit@10: 0.0995
epoch 64: train_loss = 1.518054, source_mrr = 0.037919, source_hit@10 = 0.0713, source_ndcg@10 = 0.0387, target_mrr = 0.048742, target_hit@10 = 0.0995, target_ndcg@10 = 0.0517

2024-08-12 22:23:42.381822: step 22295/27440 (epoch 65/80), loss = 1.513796 (114.045 sec/epoch), lr: 0.000859
Evaluating on dev set...
..................................................................
source: 	 mrr: 0.046099	 ndcg_5: 0.0375	 ndcg_10: 0.0492	 hit@1:0.015843	 hit@5:0.0583	 hit@10: 0.0944
target: 	 mrr: 0.049342	 ndcg_5: 0.0415	 ndcg_10: 0.0531	 hit@1:0.019225	 hit@5:0.0635	 hit@10: 0.0997
epoch 65: train_loss = 1.513796, source_mrr = 0.046099, source_hit@10 = 0.0944, source_ndcg@10 = 0.0492, target_mrr = 0.049342, target_hit@10 = 0.0997, target_ndcg@10 = 0.0531

2024-08-12 22:25:38.233279: step 22638/27440 (epoch 66/80), loss = 1.505776 (114.372 sec/epoch), lr: 0.000859
Evaluating on dev set...
..................................................................
source: 	 mrr: 0.049376	 ndcg_5: 0.0410	 ndcg_10: 0.0512	 hit@1:0.021229	 hit@5:0.0612	 hit@10: 0.0932
target: 	 mrr: 0.049317	 ndcg_5: 0.0415	 ndcg_10: 0.0518	 hit@1:0.018668	 hit@5:0.0649	 hit@10: 0.0970
epoch 66: train_loss = 1.505776, source_mrr = 0.049376, source_hit@10 = 0.0932, source_ndcg@10 = 0.0512, target_mrr = 0.049317, target_hit@10 = 0.0970, target_ndcg@10 = 0.0518

2024-08-12 22:27:31.630571: step 22981/27440 (epoch 67/80), loss = 1.500729 (111.936 sec/epoch), lr: 0.000859
Evaluating on dev set...
..................................................................
source: 	 mrr: 0.039990	 ndcg_5: 0.0340	 ndcg_10: 0.0423	 hit@1:0.014575	 hit@5:0.0539	 hit@10: 0.0798
target: 	 mrr: 0.047784	 ndcg_5: 0.0397	 ndcg_10: 0.0513	 hit@1:0.017275	 hit@5:0.0624	 hit@10: 0.0981
epoch 67: train_loss = 1.500729, source_mrr = 0.039990, source_hit@10 = 0.0798, source_ndcg@10 = 0.0423, target_mrr = 0.047784, target_hit@10 = 0.0981, target_ndcg@10 = 0.0513

2024-08-12 22:29:25.358213: step 23324/27440 (epoch 68/80), loss = 1.496283 (112.260 sec/epoch), lr: 0.000816
Evaluating on dev set...
..................................................................
source: 	 mrr: 0.048051	 ndcg_5: 0.0397	 ndcg_10: 0.0506	 hit@1:0.018378	 hit@5:0.0608	 hit@10: 0.0944
target: 	 mrr: 0.049253	 ndcg_5: 0.0397	 ndcg_10: 0.0516	 hit@1:0.020061	 hit@5:0.0593	 hit@10: 0.0964
epoch 68: train_loss = 1.496283, source_mrr = 0.048051, source_hit@10 = 0.0944, source_ndcg@10 = 0.0506, target_mrr = 0.049253, target_hit@10 = 0.0964, target_ndcg@10 = 0.0516

2024-08-12 22:31:17.890230: step 23667/27440 (epoch 69/80), loss = 1.491749 (111.061 sec/epoch), lr: 0.000816
Evaluating on dev set...
..................................................................
source: 	 mrr: 0.048546	 ndcg_5: 0.0396	 ndcg_10: 0.0502	 hit@1:0.018695	 hit@5:0.0602	 hit@10: 0.0932
target: 	 mrr: 0.050326	 ndcg_5: 0.0424	 ndcg_10: 0.0547	 hit@1:0.017832	 hit@5:0.0680	 hit@10: 0.1059
epoch 69: train_loss = 1.491749, source_mrr = 0.048546, source_hit@10 = 0.0932, source_ndcg@10 = 0.0502, target_mrr = 0.050326, target_hit@10 = 0.1059, target_ndcg@10 = 0.0547

2024-08-12 22:33:12.292000: step 24010/27440 (epoch 70/80), loss = 1.488553 (112.753 sec/epoch), lr: 0.000816
Evaluating on dev set...
..................................................................
source: 	 mrr: 0.054908	 ndcg_5: 0.0458	 ndcg_10: 0.0575	 hit@1:0.024398	 hit@5:0.0675	 hit@10: 0.1039
target: 	 mrr: 0.044218	 ndcg_5: 0.0375	 ndcg_10: 0.0478	 hit@1:0.013096	 hit@5:0.0607	 hit@10: 0.0928
epoch 70: train_loss = 1.488553, source_mrr = 0.054908, source_hit@10 = 0.1039, source_ndcg@10 = 0.0575, target_mrr = 0.044218, target_hit@10 = 0.0928, target_ndcg@10 = 0.0478

2024-08-12 22:35:04.863169: step 24353/27440 (epoch 71/80), loss = 1.488427 (111.094 sec/epoch), lr: 0.000816
Evaluating on dev set...
..................................................................
source: 	 mrr: 0.057148	 ndcg_5: 0.0476	 ndcg_10: 0.0614	 hit@1:0.023131	 hit@5:0.0710	 hit@10: 0.1141
target: 	 mrr: 0.045093	 ndcg_5: 0.0375	 ndcg_10: 0.0489	 hit@1:0.013374	 hit@5:0.0607	 hit@10: 0.0964
epoch 71: train_loss = 1.488427, source_mrr = 0.057148, source_hit@10 = 0.1141, source_ndcg@10 = 0.0614, target_mrr = 0.045093, target_hit@10 = 0.0964, target_ndcg@10 = 0.0489

2024-08-12 22:36:59.976176: step 24696/27440 (epoch 72/80), loss = 1.488497 (113.631 sec/epoch), lr: 0.000816
Evaluating on dev set...
..................................................................
source: 	 mrr: 0.056228	 ndcg_5: 0.0472	 ndcg_10: 0.0586	 hit@1:0.024081	 hit@5:0.0697	 hit@10: 0.1052
target: 	 mrr: 0.049097	 ndcg_5: 0.0411	 ndcg_10: 0.0529	 hit@1:0.016439	 hit@5:0.0652	 hit@10: 0.1017
epoch 72: train_loss = 1.488497, source_mrr = 0.056228, source_hit@10 = 0.1052, source_ndcg@10 = 0.0586, target_mrr = 0.049097, target_hit@10 = 0.1017, target_ndcg@10 = 0.0529
early termination of training
source best:  source_mrr = 0.057018, source_hit@10 = 0.1255, source_ndcg@10 = 0.0642
target best:  target_mrr = 0.050121, target_hit@10 = 0.1067, target_ndcg@10 = 0.0550
