nohup: ignoring input
/home1/lhr/anaconda3/envs/torch/lib/python3.8/site-packages/torch_geometric/typing.py:54: UserWarning: An issue occurred while importing 'pyg-lib'. Disabling its usage. Stacktrace: /lib/x86_64-linux-gnu/libm.so.6: version `GLIBC_2.29' not found (required by /home1/lhr/anaconda3/envs/torch/lib/python3.8/site-packages/libpyg.so)
  warnings.warn(f"An issue occurred while importing 'pyg-lib'. "
/home1/lhr/anaconda3/envs/torch/lib/python3.8/site-packages/torch_geometric/typing.py:110: UserWarning: An issue occurred while importing 'torch-sparse'. Disabling its usage. Stacktrace: /lib/x86_64-linux-gnu/libm.so.6: version `GLIBC_2.29' not found (required by /home1/lhr/anaconda3/envs/torch/lib/python3.8/site-packages/libpyg.so)
  warnings.warn(f"An issue occurred while importing 'torch-sparse'. "
using gpu:3 to train the model
using gpu:3 to train the model
cuda:3
Namespace(A_split=False, JK='sum', a_fold=100, aggregate=False, alpha=0.5, batch_size=1024, beta_inter=0.1, conv_layers=4, cuda=True, decay_epoch=10, device=device(type='cuda', index=3), device_id='3', domains='game_video', dropout=0.4, epoch=80, feature_dim=126, gamma_intra=0.8, hidden_dim=126, inter_tau=0.2, intra_tau=1, lambda_critic=0.1, leakey=0.05, load=False, log='logs.txt', log_epoch=1, lr=0.004, lr_decay=0.95, min_epoch=50, mode='train', model_file=None, model_name='gv', momentum=0.98, num_latent_factors=3, num_negative=100, optim='adam', patience=20, proj_layers=1, projection=1, rectify_epoch=30, residual=1, save=False, save_dir='./saved_models', seed=32, similarity_tau=0.1, test_sample_number=999, user_batch_size=256, weight_decay=0.0002)
number_user 25025
number_item 12319
/home1/lhr/invariantCDR/invariantCDR/utils/GraphMaker.py:46: RuntimeWarning: divide by zero encountered in power
  r_inv = np.power(rowsum, -1).flatten()
/home1/lhr/invariantCDR/invariantCDR/utils/GraphMaker.py:72: UserWarning: torch.sparse.SparseTensor(indices, values, shape, *, device=) is deprecated.  Please use torch.sparse_coo_tensor(indices, values, shape, dtype=, device=). (Triggered internally at /opt/conda/conda-bld/pytorch_1711403590347/work/torch/csrc/utils/tensor_new.cpp:618.)
  return torch.sparse.FloatTensor(indices, values, shape)
real graph loaded!
number_user 19457
number_item 8751
real graph loaded!
graph loaded!
Loading data from game_video with batch size 1024...
unseen test: 0
test length: 1381
unseen test: 0
test length: 1304
unseen test: 0
test length: 1435
unseen test: 0
test length: 1458
source_user_num 25025
target_user_num 19457
source_item_num 12319
target_item_num 8751
shared users id: 1737
test users 226, 217
unseen test: 0
dev length: 1000
unseen test: 0
dev length: 1000
source train data : 155036, target train data: 156091, source test data : 1304, target test data : 1458, source dev data : 1000, target dev data : 1000
2024-08-11 00:13:19.405410: step 304/24320 (epoch 1/80), loss = 2.103577 (93.877 sec/epoch), lr: 0.004000
Evaluating on dev set...
...........................
source: 	 mrr: 0.028629	 ndcg_5: 0.0187	 ndcg_10: 0.0268	 hit@1:0.005793	 hit@5:0.0326	 hit@10: 0.0579
target: 	 mrr: 0.033089	 ndcg_5: 0.0236	 ndcg_10: 0.0324	 hit@1:0.009756	 hit@5:0.0362	 hit@10: 0.0634
source best!
.............
source: 	 mrr: 0.033640	 ndcg_5: 0.0237	 ndcg_10: 0.0319	 hit@1:0.010736	 hit@5:0.0376	 hit@10: 0.0629
target best!
..............target: 	 mrr: 0.027436	 ndcg_5: 0.0169	 ndcg_10: 0.0261	 hit@1:0.005487	 hit@5:0.0274	 hit@10: 0.0562
epoch 1: train_loss = 2.103577, source_hit@10 = 0.0629, source_ndcg@10 = 0.0319, target_hit@10 = 0.0562, target_ndcg@10 = 0.0261

2024-08-11 00:14:52.971345: step 608/24320 (epoch 2/80), loss = 1.837639 (92.049 sec/epoch), lr: 0.004000
Evaluating on dev set...
...........................
source: 	 mrr: 0.036356	 ndcg_5: 0.0251	 ndcg_10: 0.0361	 hit@1:0.011586	 hit@5:0.0391	 hit@10: 0.0739
target: 	 mrr: 0.034876	 ndcg_5: 0.0250	 ndcg_10: 0.0374	 hit@1:0.006969	 hit@5:0.0425	 hit@10: 0.0808
source best!
.............
source: 	 mrr: 0.037256	 ndcg_5: 0.0259	 ndcg_10: 0.0366	 hit@1:0.011503	 hit@5:0.0399	 hit@10: 0.0736
target best!
..............target: 	 mrr: 0.039639	 ndcg_5: 0.0315	 ndcg_10: 0.0436	 hit@1:0.010974	 hit@5:0.0514	 hit@10: 0.0898
epoch 2: train_loss = 1.837639, source_hit@10 = 0.0736, source_ndcg@10 = 0.0366, target_hit@10 = 0.0898, target_ndcg@10 = 0.0436
new best model saved.

2024-08-11 00:16:28.248402: step 912/24320 (epoch 3/80), loss = 1.768374 (93.598 sec/epoch), lr: 0.004000
Evaluating on dev set...
...........................
source: 	 mrr: 0.036082	 ndcg_5: 0.0236	 ndcg_10: 0.0342	 hit@1:0.011586	 hit@5:0.0362	 hit@10: 0.0702
target: 	 mrr: 0.039726	 ndcg_5: 0.0313	 ndcg_10: 0.0406	 hit@1:0.012544	 hit@5:0.0502	 hit@10: 0.0794
target best!
..............target: 	 mrr: 0.040334	 ndcg_5: 0.0302	 ndcg_10: 0.0424	 hit@1:0.014403	 hit@5:0.0480	 hit@10: 0.0857
epoch 3: train_loss = 1.768374, source_hit@10 = 0.0702, source_ndcg@10 = 0.0342, target_hit@10 = 0.0857, target_ndcg@10 = 0.0424
new best model saved.

2024-08-11 00:18:02.912682: step 1216/24320 (epoch 4/80), loss = 1.737133 (93.348 sec/epoch), lr: 0.004000
Evaluating on dev set...
...........................
source: 	 mrr: 0.036395	 ndcg_5: 0.0255	 ndcg_10: 0.0338	 hit@1:0.007965	 hit@5:0.0420	 hit@10: 0.0673
target: 	 mrr: 0.049042	 ndcg_5: 0.0426	 ndcg_10: 0.0505	 hit@1:0.018118	 hit@5:0.0648	 hit@10: 0.0899
source best!
.............
source: 	 mrr: 0.032985	 ndcg_5: 0.0204	 ndcg_10: 0.0317	 hit@1:0.007669	 hit@5:0.0330	 hit@10: 0.0683
target best!
..............target: 	 mrr: 0.045132	 ndcg_5: 0.0375	 ndcg_10: 0.0485	 hit@1:0.014403	 hit@5:0.0610	 hit@10: 0.0953
epoch 4: train_loss = 1.737133, source_hit@10 = 0.0683, source_ndcg@10 = 0.0317, target_hit@10 = 0.0953, target_ndcg@10 = 0.0485
new best model saved.

2024-08-11 00:19:37.878517: step 1520/24320 (epoch 5/80), loss = 1.720404 (93.465 sec/epoch), lr: 0.004000
Evaluating on dev set...
...........................
source: 	 mrr: 0.029297	 ndcg_5: 0.0174	 ndcg_10: 0.0264	 hit@1:0.007241	 hit@5:0.0275	 hit@10: 0.0558
target: 	 mrr: 0.040234	 ndcg_5: 0.0313	 ndcg_10: 0.0431	 hit@1:0.009756	 hit@5:0.0516	 hit@10: 0.0885
epoch 5: train_loss = 1.720404, source_hit@10 = 0.0558, source_ndcg@10 = 0.0264, target_hit@10 = 0.0885, target_ndcg@10 = 0.0431

2024-08-11 00:21:10.031897: step 1824/24320 (epoch 6/80), loss = 1.706812 (91.356 sec/epoch), lr: 0.004000
Evaluating on dev set...
...........................
source: 	 mrr: 0.029558	 ndcg_5: 0.0175	 ndcg_10: 0.0286	 hit@1:0.005793	 hit@5:0.0290	 hit@10: 0.0630
target: 	 mrr: 0.030739	 ndcg_5: 0.0214	 ndcg_10: 0.0297	 hit@1:0.006969	 hit@5:0.0369	 hit@10: 0.0627
epoch 6: train_loss = 1.706812, source_hit@10 = 0.0630, source_ndcg@10 = 0.0286, target_hit@10 = 0.0627, target_ndcg@10 = 0.0297

2024-08-11 00:22:43.394478: step 2128/24320 (epoch 7/80), loss = 1.700723 (92.594 sec/epoch), lr: 0.004000
Evaluating on dev set...
...........................
source: 	 mrr: 0.037025	 ndcg_5: 0.0266	 ndcg_10: 0.0369	 hit@1:0.010138	 hit@5:0.0434	 hit@10: 0.0760
target: 	 mrr: 0.044557	 ndcg_5: 0.0360	 ndcg_10: 0.0494	 hit@1:0.016725	 hit@5:0.0564	 hit@10: 0.0983
source best!
.............
source: 	 mrr: 0.036428	 ndcg_5: 0.0242	 ndcg_10: 0.0380	 hit@1:0.009969	 hit@5:0.0391	 hit@10: 0.0813
epoch 7: train_loss = 1.700723, source_hit@10 = 0.0813, source_ndcg@10 = 0.0380, target_hit@10 = 0.0983, target_ndcg@10 = 0.0494
new best model saved.

2024-08-11 00:24:17.228640: step 2432/24320 (epoch 8/80), loss = 1.694593 (92.427 sec/epoch), lr: 0.004000
Evaluating on dev set...
...........................
source: 	 mrr: 0.029332	 ndcg_5: 0.0184	 ndcg_10: 0.0269	 hit@1:0.006517	 hit@5:0.0304	 hit@10: 0.0565
target: 	 mrr: 0.035298	 ndcg_5: 0.0245	 ndcg_10: 0.0351	 hit@1:0.011847	 hit@5:0.0362	 hit@10: 0.0697
epoch 8: train_loss = 1.694593, source_hit@10 = 0.0565, source_ndcg@10 = 0.0269, target_hit@10 = 0.0697, target_ndcg@10 = 0.0351

2024-08-11 00:25:50.043686: step 2736/24320 (epoch 9/80), loss = 1.686833 (91.960 sec/epoch), lr: 0.004000
Evaluating on dev set...
...........................
source: 	 mrr: 0.028718	 ndcg_5: 0.0149	 ndcg_10: 0.0266	 hit@1:0.005793	 hit@5:0.0239	 hit@10: 0.0594
target: 	 mrr: 0.035999	 ndcg_5: 0.0272	 ndcg_10: 0.0380	 hit@1:0.007666	 hit@5:0.0481	 hit@10: 0.0815
epoch 9: train_loss = 1.686833, source_hit@10 = 0.0594, source_ndcg@10 = 0.0266, target_hit@10 = 0.0815, target_ndcg@10 = 0.0380

2024-08-11 00:27:22.053446: step 3040/24320 (epoch 10/80), loss = 1.678398 (91.148 sec/epoch), lr: 0.004000
Evaluating on dev set...
...........................
source: 	 mrr: 0.024188	 ndcg_5: 0.0192	 ndcg_10: 0.0236	 hit@1:0.005793	 hit@5:0.0333	 hit@10: 0.0471
target: 	 mrr: 0.048302	 ndcg_5: 0.0404	 ndcg_10: 0.0553	 hit@1:0.014634	 hit@5:0.0648	 hit@10: 0.1115
epoch 10: train_loss = 1.678398, source_hit@10 = 0.0471, source_ndcg@10 = 0.0236, target_hit@10 = 0.1115, target_ndcg@10 = 0.0553

2024-08-11 00:28:55.873890: step 3344/24320 (epoch 11/80), loss = 1.677225 (92.941 sec/epoch), lr: 0.004000
Evaluating on dev set...
...........................
source: 	 mrr: 0.033220	 ndcg_5: 0.0222	 ndcg_10: 0.0287	 hit@1:0.011586	 hit@5:0.0326	 hit@10: 0.0521
target: 	 mrr: 0.044652	 ndcg_5: 0.0362	 ndcg_10: 0.0476	 hit@1:0.013240	 hit@5:0.0578	 hit@10: 0.0934
epoch 11: train_loss = 1.677225, source_hit@10 = 0.0521, source_ndcg@10 = 0.0287, target_hit@10 = 0.0934, target_ndcg@10 = 0.0476

2024-08-11 00:30:28.955453: step 3648/24320 (epoch 12/80), loss = 1.671784 (92.084 sec/epoch), lr: 0.004000
Evaluating on dev set...
...........................
source: 	 mrr: 0.032234	 ndcg_5: 0.0238	 ndcg_10: 0.0334	 hit@1:0.005793	 hit@5:0.0420	 hit@10: 0.0724
target: 	 mrr: 0.051557	 ndcg_5: 0.0449	 ndcg_10: 0.0575	 hit@1:0.015331	 hit@5:0.0725	 hit@10: 0.1122
target best!
..............target: 	 mrr: 0.054120	 ndcg_5: 0.0438	 ndcg_10: 0.0575	 hit@1:0.021948	 hit@5:0.0665	 hit@10: 0.1091
epoch 12: train_loss = 1.671784, source_hit@10 = 0.0724, source_ndcg@10 = 0.0334, target_hit@10 = 0.1091, target_ndcg@10 = 0.0575
new best model saved.

2024-08-11 00:32:02.474304: step 3952/24320 (epoch 13/80), loss = 1.670657 (92.399 sec/epoch), lr: 0.004000
Evaluating on dev set...
...........................
source: 	 mrr: 0.034154	 ndcg_5: 0.0233	 ndcg_10: 0.0344	 hit@1:0.009413	 hit@5:0.0369	 hit@10: 0.0724
target: 	 mrr: 0.046309	 ndcg_5: 0.0368	 ndcg_10: 0.0514	 hit@1:0.011847	 hit@5:0.0613	 hit@10: 0.1066
epoch 13: train_loss = 1.670657, source_hit@10 = 0.0724, source_ndcg@10 = 0.0344, target_hit@10 = 0.1066, target_ndcg@10 = 0.0514

2024-08-11 00:33:35.699797: step 4256/24320 (epoch 14/80), loss = 1.664525 (92.403 sec/epoch), lr: 0.003800
Evaluating on dev set...
...........................
source: 	 mrr: 0.033573	 ndcg_5: 0.0248	 ndcg_10: 0.0356	 hit@1:0.005069	 hit@5:0.0449	 hit@10: 0.0782
target: 	 mrr: 0.059359	 ndcg_5: 0.0511	 ndcg_10: 0.0665	 hit@1:0.024390	 hit@5:0.0774	 hit@10: 0.1254
target best!
..............target: 	 mrr: 0.051601	 ndcg_5: 0.0411	 ndcg_10: 0.0584	 hit@1:0.015775	 hit@5:0.0672	 hit@10: 0.1200
epoch 14: train_loss = 1.664525, source_hit@10 = 0.0782, source_ndcg@10 = 0.0356, target_hit@10 = 0.1200, target_ndcg@10 = 0.0584
new best model saved.

2024-08-11 00:35:10.226689: step 4560/24320 (epoch 15/80), loss = 1.661750 (93.183 sec/epoch), lr: 0.003800
Evaluating on dev set...
...........................
source: 	 mrr: 0.039613	 ndcg_5: 0.0308	 ndcg_10: 0.0411	 hit@1:0.010138	 hit@5:0.0529	 hit@10: 0.0847
target: 	 mrr: 0.042604	 ndcg_5: 0.0336	 ndcg_10: 0.0465	 hit@1:0.013937	 hit@5:0.0544	 hit@10: 0.0948
source best!
.............
source: 	 mrr: 0.040948	 ndcg_5: 0.0320	 ndcg_10: 0.0440	 hit@1:0.009969	 hit@5:0.0529	 hit@10: 0.0905
epoch 15: train_loss = 1.661750, source_hit@10 = 0.0905, source_ndcg@10 = 0.0440, target_hit@10 = 0.0948, target_ndcg@10 = 0.0465
new best model saved.

2024-08-11 00:36:43.857744: step 4864/24320 (epoch 16/80), loss = 1.655099 (92.382 sec/epoch), lr: 0.003610
Evaluating on dev set...
...........................
source: 	 mrr: 0.028430	 ndcg_5: 0.0176	 ndcg_10: 0.0254	 hit@1:0.006517	 hit@5:0.0297	 hit@10: 0.0536
target: 	 mrr: 0.043551	 ndcg_5: 0.0348	 ndcg_10: 0.0476	 hit@1:0.010453	 hit@5:0.0585	 hit@10: 0.0983
epoch 16: train_loss = 1.655099, source_hit@10 = 0.0536, source_ndcg@10 = 0.0254, target_hit@10 = 0.0983, target_ndcg@10 = 0.0476

2024-08-11 00:38:17.948641: step 5168/24320 (epoch 17/80), loss = 1.648140 (93.205 sec/epoch), lr: 0.003429
Evaluating on dev set...
...........................
source: 	 mrr: 0.027671	 ndcg_5: 0.0159	 ndcg_10: 0.0255	 hit@1:0.008689	 hit@5:0.0239	 hit@10: 0.0536
target: 	 mrr: 0.045747	 ndcg_5: 0.0378	 ndcg_10: 0.0502	 hit@1:0.013937	 hit@5:0.0613	 hit@10: 0.1003
epoch 17: train_loss = 1.648140, source_hit@10 = 0.0536, source_ndcg@10 = 0.0255, target_hit@10 = 0.1003, target_ndcg@10 = 0.0502

2024-08-11 00:39:51.103408: step 5472/24320 (epoch 18/80), loss = 1.645683 (92.308 sec/epoch), lr: 0.003429
Evaluating on dev set...
...........................
source: 	 mrr: 0.036633	 ndcg_5: 0.0257	 ndcg_10: 0.0359	 hit@1:0.011586	 hit@5:0.0398	 hit@10: 0.0710
target: 	 mrr: 0.048848	 ndcg_5: 0.0366	 ndcg_10: 0.0496	 hit@1:0.020906	 hit@5:0.0509	 hit@10: 0.0913
epoch 18: train_loss = 1.645683, source_hit@10 = 0.0710, source_ndcg@10 = 0.0359, target_hit@10 = 0.0913, target_ndcg@10 = 0.0496

2024-08-11 00:41:25.404584: step 5776/24320 (epoch 19/80), loss = 1.644040 (93.467 sec/epoch), lr: 0.003429
Evaluating on dev set...
...........................
source: 	 mrr: 0.039793	 ndcg_5: 0.0271	 ndcg_10: 0.0385	 hit@1:0.013758	 hit@5:0.0398	 hit@10: 0.0760
target: 	 mrr: 0.053595	 ndcg_5: 0.0453	 ndcg_10: 0.0583	 hit@1:0.021603	 hit@5:0.0683	 hit@10: 0.1087
source best!
.............
source: 	 mrr: 0.038194	 ndcg_5: 0.0280	 ndcg_10: 0.0377	 hit@1:0.013037	 hit@5:0.0437	 hit@10: 0.0744
epoch 19: train_loss = 1.644040, source_hit@10 = 0.0744, source_ndcg@10 = 0.0377, target_hit@10 = 0.1087, target_ndcg@10 = 0.0583
new best model saved.

2024-08-11 00:42:59.036756: step 6080/24320 (epoch 20/80), loss = 1.641651 (92.322 sec/epoch), lr: 0.003429
Evaluating on dev set...
...........................
source: 	 mrr: 0.032673	 ndcg_5: 0.0208	 ndcg_10: 0.0320	 hit@1:0.007241	 hit@5:0.0340	 hit@10: 0.0688
target: 	 mrr: 0.054797	 ndcg_5: 0.0437	 ndcg_10: 0.0603	 hit@1:0.022300	 hit@5:0.0634	 hit@10: 0.1143
epoch 20: train_loss = 1.641651, source_hit@10 = 0.0688, source_ndcg@10 = 0.0320, target_hit@10 = 0.1143, target_ndcg@10 = 0.0603

2024-08-11 00:44:31.875372: step 6384/24320 (epoch 21/80), loss = 1.635092 (92.077 sec/epoch), lr: 0.003258
Evaluating on dev set...
...........................
source: 	 mrr: 0.038632	 ndcg_5: 0.0263	 ndcg_10: 0.0378	 hit@1:0.013034	 hit@5:0.0413	 hit@10: 0.0768
target: 	 mrr: 0.052635	 ndcg_5: 0.0453	 ndcg_10: 0.0582	 hit@1:0.018118	 hit@5:0.0725	 hit@10: 0.1129
epoch 21: train_loss = 1.635092, source_hit@10 = 0.0768, source_ndcg@10 = 0.0378, target_hit@10 = 0.1129, target_ndcg@10 = 0.0582

2024-08-11 00:46:05.943584: step 6688/24320 (epoch 22/80), loss = 1.630598 (93.264 sec/epoch), lr: 0.003258
Evaluating on dev set...
...........................
source: 	 mrr: 0.025997	 ndcg_5: 0.0194	 ndcg_10: 0.0258	 hit@1:0.006517	 hit@5:0.0311	 hit@10: 0.0507
target: 	 mrr: 0.040348	 ndcg_5: 0.0300	 ndcg_10: 0.0421	 hit@1:0.011150	 hit@5:0.0502	 hit@10: 0.0878
epoch 22: train_loss = 1.630598, source_hit@10 = 0.0507, source_ndcg@10 = 0.0258, target_hit@10 = 0.0878, target_ndcg@10 = 0.0421

2024-08-11 00:47:40.261779: step 6992/24320 (epoch 23/80), loss = 1.626119 (93.416 sec/epoch), lr: 0.003095
Evaluating on dev set...
...........................
source: 	 mrr: 0.036697	 ndcg_5: 0.0267	 ndcg_10: 0.0372	 hit@1:0.008689	 hit@5:0.0449	 hit@10: 0.0775
target: 	 mrr: 0.040566	 ndcg_5: 0.0299	 ndcg_10: 0.0428	 hit@1:0.013240	 hit@5:0.0474	 hit@10: 0.0878
epoch 23: train_loss = 1.626119, source_hit@10 = 0.0775, source_ndcg@10 = 0.0372, target_hit@10 = 0.0878, target_ndcg@10 = 0.0428

2024-08-11 00:49:15.606922: step 7296/24320 (epoch 24/80), loss = 1.623253 (94.520 sec/epoch), lr: 0.003095
Evaluating on dev set...
...........................
source: 	 mrr: 0.034666	 ndcg_5: 0.0230	 ndcg_10: 0.0336	 hit@1:0.007965	 hit@5:0.0384	 hit@10: 0.0710
target: 	 mrr: 0.042703	 ndcg_5: 0.0340	 ndcg_10: 0.0451	 hit@1:0.010453	 hit@5:0.0571	 hit@10: 0.0920
epoch 24: train_loss = 1.623253, source_hit@10 = 0.0710, source_ndcg@10 = 0.0336, target_hit@10 = 0.0920, target_ndcg@10 = 0.0451

2024-08-11 00:50:49.296260: step 7600/24320 (epoch 25/80), loss = 1.620688 (92.801 sec/epoch), lr: 0.003095
Evaluating on dev set...
...........................
source: 	 mrr: 0.033080	 ndcg_5: 0.0234	 ndcg_10: 0.0319	 hit@1:0.009413	 hit@5:0.0384	 hit@10: 0.0644
target: 	 mrr: 0.049444	 ndcg_5: 0.0403	 ndcg_10: 0.0529	 hit@1:0.018815	 hit@5:0.0606	 hit@10: 0.0997
epoch 25: train_loss = 1.620688, source_hit@10 = 0.0644, source_ndcg@10 = 0.0319, target_hit@10 = 0.0997, target_ndcg@10 = 0.0529

2024-08-11 00:52:23.510919: step 7904/24320 (epoch 26/80), loss = 1.617191 (93.364 sec/epoch), lr: 0.003095
Evaluating on dev set...
...........................
source: 	 mrr: 0.036693	 ndcg_5: 0.0271	 ndcg_10: 0.0366	 hit@1:0.012310	 hit@5:0.0420	 hit@10: 0.0717
target: 	 mrr: 0.043109	 ndcg_5: 0.0319	 ndcg_10: 0.0478	 hit@1:0.011847	 hit@5:0.0509	 hit@10: 0.1003
epoch 26: train_loss = 1.617191, source_hit@10 = 0.0717, source_ndcg@10 = 0.0366, target_hit@10 = 0.1003, target_ndcg@10 = 0.0478

2024-08-11 00:53:58.646123: step 8208/24320 (epoch 27/80), loss = 1.616428 (94.203 sec/epoch), lr: 0.002940
Evaluating on dev set...
...........................
source: 	 mrr: 0.034654	 ndcg_5: 0.0255	 ndcg_10: 0.0337	 hit@1:0.010862	 hit@5:0.0406	 hit@10: 0.0666
target: 	 mrr: 0.053356	 ndcg_5: 0.0462	 ndcg_10: 0.0586	 hit@1:0.019512	 hit@5:0.0711	 hit@10: 0.1094
epoch 27: train_loss = 1.616428, source_hit@10 = 0.0666, source_ndcg@10 = 0.0337, target_hit@10 = 0.1094, target_ndcg@10 = 0.0586

2024-08-11 00:55:34.267980: step 8512/24320 (epoch 28/80), loss = 1.609244 (94.841 sec/epoch), lr: 0.002940
Evaluating on dev set...
...........................
source: 	 mrr: 0.036809	 ndcg_5: 0.0262	 ndcg_10: 0.0359	 hit@1:0.011586	 hit@5:0.0406	 hit@10: 0.0717
target: 	 mrr: 0.043458	 ndcg_5: 0.0382	 ndcg_10: 0.0489	 hit@1:0.009756	 hit@5:0.0655	 hit@10: 0.0990
epoch 28: train_loss = 1.609244, source_hit@10 = 0.0717, source_ndcg@10 = 0.0359, target_hit@10 = 0.0990, target_ndcg@10 = 0.0489

2024-08-11 00:57:09.613731: step 8816/24320 (epoch 29/80), loss = 1.607241 (94.437 sec/epoch), lr: 0.002793
Evaluating on dev set...
...........................
source: 	 mrr: 0.032160	 ndcg_5: 0.0230	 ndcg_10: 0.0302	 hit@1:0.010862	 hit@5:0.0348	 hit@10: 0.0579
target: 	 mrr: 0.036887	 ndcg_5: 0.0273	 ndcg_10: 0.0357	 hit@1:0.010453	 hit@5:0.0439	 hit@10: 0.0697
epoch 29: train_loss = 1.607241, source_hit@10 = 0.0579, source_ndcg@10 = 0.0302, target_hit@10 = 0.0697, target_ndcg@10 = 0.0357

2024-08-11 00:58:44.013837: step 9120/24320 (epoch 30/80), loss = 1.603954 (93.442 sec/epoch), lr: 0.002654
Evaluating on dev set...
...........................
source: 	 mrr: 0.036587	 ndcg_5: 0.0268	 ndcg_10: 0.0367	 hit@1:0.010138	 hit@5:0.0442	 hit@10: 0.0746
target: 	 mrr: 0.039219	 ndcg_5: 0.0319	 ndcg_10: 0.0396	 hit@1:0.010453	 hit@5:0.0537	 hit@10: 0.0774
epoch 30: train_loss = 1.603954, source_hit@10 = 0.0746, source_ndcg@10 = 0.0367, target_hit@10 = 0.0774, target_ndcg@10 = 0.0396
shift to transfer learning mode

2024-08-11 01:00:39.095451: step 9424/24320 (epoch 31/80), loss = 1.605434 (114.143 sec/epoch), lr: 0.002654
Evaluating on dev set...
...........................
source: 	 mrr: 0.037300	 ndcg_5: 0.0256	 ndcg_10: 0.0380	 hit@1:0.010138	 hit@5:0.0413	 hit@10: 0.0797
target: 	 mrr: 0.050204	 ndcg_5: 0.0392	 ndcg_10: 0.0548	 hit@1:0.014634	 hit@5:0.0634	 hit@10: 0.1115
epoch 31: train_loss = 1.605434, source_hit@10 = 0.0797, source_ndcg@10 = 0.0380, target_hit@10 = 0.1115, target_ndcg@10 = 0.0548

2024-08-11 01:02:30.549637: step 9728/24320 (epoch 32/80), loss = 1.603988 (110.639 sec/epoch), lr: 0.002654
Evaluating on dev set...
...........................
source: 	 mrr: 0.032300	 ndcg_5: 0.0227	 ndcg_10: 0.0316	 hit@1:0.009413	 hit@5:0.0362	 hit@10: 0.0630
target: 	 mrr: 0.047182	 ndcg_5: 0.0390	 ndcg_10: 0.0507	 hit@1:0.016725	 hit@5:0.0627	 hit@10: 0.0997
epoch 32: train_loss = 1.603988, source_hit@10 = 0.0630, source_ndcg@10 = 0.0316, target_hit@10 = 0.0997, target_ndcg@10 = 0.0507

2024-08-11 01:04:18.316219: step 10032/24320 (epoch 33/80), loss = 1.599772 (106.879 sec/epoch), lr: 0.002521
Evaluating on dev set...
...........................
source: 	 mrr: 0.035063	 ndcg_5: 0.0260	 ndcg_10: 0.0350	 hit@1:0.010862	 hit@5:0.0406	 hit@10: 0.0688
target: 	 mrr: 0.058362	 ndcg_5: 0.0485	 ndcg_10: 0.0643	 hit@1:0.023693	 hit@5:0.0739	 hit@10: 0.1233
epoch 33: train_loss = 1.599772, source_hit@10 = 0.0688, source_ndcg@10 = 0.0350, target_hit@10 = 0.1233, target_ndcg@10 = 0.0643

2024-08-11 01:06:08.162615: step 10336/24320 (epoch 34/80), loss = 1.596948 (109.082 sec/epoch), lr: 0.002521
Evaluating on dev set...
...........................
source: 	 mrr: 0.038481	 ndcg_5: 0.0293	 ndcg_10: 0.0368	 hit@1:0.009413	 hit@5:0.0485	 hit@10: 0.0724
target: 	 mrr: 0.048081	 ndcg_5: 0.0415	 ndcg_10: 0.0508	 hit@1:0.016028	 hit@5:0.0655	 hit@10: 0.0948
epoch 34: train_loss = 1.596948, source_hit@10 = 0.0724, source_ndcg@10 = 0.0368, target_hit@10 = 0.0948, target_ndcg@10 = 0.0508

2024-08-11 01:07:58.016466: step 10640/24320 (epoch 35/80), loss = 1.590826 (109.193 sec/epoch), lr: 0.002395
Evaluating on dev set...
...........................
source: 	 mrr: 0.037338	 ndcg_5: 0.0257	 ndcg_10: 0.0363	 hit@1:0.009413	 hit@5:0.0420	 hit@10: 0.0746
target: 	 mrr: 0.045457	 ndcg_5: 0.0376	 ndcg_10: 0.0494	 hit@1:0.015331	 hit@5:0.0599	 hit@10: 0.0969
epoch 35: train_loss = 1.590826, source_hit@10 = 0.0746, source_ndcg@10 = 0.0363, target_hit@10 = 0.0969, target_ndcg@10 = 0.0494

2024-08-11 01:09:46.187093: step 10944/24320 (epoch 36/80), loss = 1.589028 (107.408 sec/epoch), lr: 0.002275
Evaluating on dev set...
...........................
source: 	 mrr: 0.039659	 ndcg_5: 0.0285	 ndcg_10: 0.0379	 hit@1:0.012310	 hit@5:0.0449	 hit@10: 0.0746
target: 	 mrr: 0.041999	 ndcg_5: 0.0308	 ndcg_10: 0.0445	 hit@1:0.012544	 hit@5:0.0495	 hit@10: 0.0920
epoch 36: train_loss = 1.589028, source_hit@10 = 0.0746, source_ndcg@10 = 0.0379, target_hit@10 = 0.0920, target_ndcg@10 = 0.0445

2024-08-11 01:11:34.828035: step 11248/24320 (epoch 37/80), loss = 1.585168 (107.972 sec/epoch), lr: 0.002161
Evaluating on dev set...
...........................
source: 	 mrr: 0.034393	 ndcg_5: 0.0255	 ndcg_10: 0.0330	 hit@1:0.008689	 hit@5:0.0427	 hit@10: 0.0659
target: 	 mrr: 0.054372	 ndcg_5: 0.0453	 ndcg_10: 0.0599	 hit@1:0.020209	 hit@5:0.0704	 hit@10: 0.1164
epoch 37: train_loss = 1.585168, source_hit@10 = 0.0659, source_ndcg@10 = 0.0330, target_hit@10 = 0.1164, target_ndcg@10 = 0.0599

2024-08-11 01:13:21.582332: step 11552/24320 (epoch 38/80), loss = 1.581974 (105.915 sec/epoch), lr: 0.002161
Evaluating on dev set...
...........................
source: 	 mrr: 0.037869	 ndcg_5: 0.0271	 ndcg_10: 0.0381	 hit@1:0.010138	 hit@5:0.0442	 hit@10: 0.0789
target: 	 mrr: 0.054319	 ndcg_5: 0.0469	 ndcg_10: 0.0588	 hit@1:0.022300	 hit@5:0.0711	 hit@10: 0.1087
epoch 38: train_loss = 1.581974, source_hit@10 = 0.0789, source_ndcg@10 = 0.0381, target_hit@10 = 0.1087, target_ndcg@10 = 0.0588

2024-08-11 01:15:06.728073: step 11856/24320 (epoch 39/80), loss = 1.580953 (104.347 sec/epoch), lr: 0.002161
Evaluating on dev set...
...........................
source: 	 mrr: 0.034224	 ndcg_5: 0.0235	 ndcg_10: 0.0327	 hit@1:0.010138	 hit@5:0.0384	 hit@10: 0.0666
target: 	 mrr: 0.038497	 ndcg_5: 0.0281	 ndcg_10: 0.0398	 hit@1:0.011150	 hit@5:0.0446	 hit@10: 0.0815
epoch 39: train_loss = 1.580953, source_hit@10 = 0.0666, source_ndcg@10 = 0.0327, target_hit@10 = 0.0815, target_ndcg@10 = 0.0398

2024-08-11 01:16:57.696152: step 12160/24320 (epoch 40/80), loss = 1.580685 (110.121 sec/epoch), lr: 0.002053
Evaluating on dev set...
...........................
source: 	 mrr: 0.028422	 ndcg_5: 0.0178	 ndcg_10: 0.0279	 hit@1:0.005793	 hit@5:0.0304	 hit@10: 0.0623
target: 	 mrr: 0.055346	 ndcg_5: 0.0472	 ndcg_10: 0.0619	 hit@1:0.018815	 hit@5:0.0746	 hit@10: 0.1199
epoch 40: train_loss = 1.580685, source_hit@10 = 0.0623, source_ndcg@10 = 0.0279, target_hit@10 = 0.1199, target_ndcg@10 = 0.0619

2024-08-11 01:18:51.299674: step 12464/24320 (epoch 41/80), loss = 1.575941 (112.760 sec/epoch), lr: 0.002053
Evaluating on dev set...
...........................
source: 	 mrr: 0.023395	 ndcg_5: 0.0160	 ndcg_10: 0.0230	 hit@1:0.005793	 hit@5:0.0275	 hit@10: 0.0492
target: 	 mrr: 0.052121	 ndcg_5: 0.0417	 ndcg_10: 0.0566	 hit@1:0.020209	 hit@5:0.0641	 hit@10: 0.1108
epoch 41: train_loss = 1.575941, source_hit@10 = 0.0492, source_ndcg@10 = 0.0230, target_hit@10 = 0.1108, target_ndcg@10 = 0.0566

2024-08-11 01:20:42.729893: step 12768/24320 (epoch 42/80), loss = 1.574593 (110.639 sec/epoch), lr: 0.001951
Evaluating on dev set...
...........................
source: 	 mrr: 0.033582	 ndcg_5: 0.0241	 ndcg_10: 0.0350	 hit@1:0.008689	 hit@5:0.0406	 hit@10: 0.0746
target: 	 mrr: 0.045300	 ndcg_5: 0.0354	 ndcg_10: 0.0479	 hit@1:0.012544	 hit@5:0.0585	 hit@10: 0.0976
epoch 42: train_loss = 1.574593, source_hit@10 = 0.0746, source_ndcg@10 = 0.0350, target_hit@10 = 0.0976, target_ndcg@10 = 0.0479

2024-08-11 01:22:35.126880: step 13072/24320 (epoch 43/80), loss = 1.571650 (111.524 sec/epoch), lr: 0.001951
Evaluating on dev set...
...........................
source: 	 mrr: 0.041846	 ndcg_5: 0.0291	 ndcg_10: 0.0422	 hit@1:0.013034	 hit@5:0.0449	 hit@10: 0.0862
target: 	 mrr: 0.051961	 ndcg_5: 0.0431	 ndcg_10: 0.0577	 hit@1:0.016028	 hit@5:0.0718	 hit@10: 0.1164
source best!
.............
source: 	 mrr: 0.041102	 ndcg_5: 0.0321	 ndcg_10: 0.0395	 hit@1:0.013804	 hit@5:0.0521	 hit@10: 0.0752
epoch 43: train_loss = 1.571650, source_hit@10 = 0.0752, source_ndcg@10 = 0.0395, target_hit@10 = 0.1164, target_ndcg@10 = 0.0577
new best model saved.

2024-08-11 01:24:26.763635: step 13376/24320 (epoch 44/80), loss = 1.571077 (110.312 sec/epoch), lr: 0.001951
Evaluating on dev set...
...........................
source: 	 mrr: 0.037024	 ndcg_5: 0.0276	 ndcg_10: 0.0364	 hit@1:0.013034	 hit@5:0.0427	 hit@10: 0.0695
target: 	 mrr: 0.050815	 ndcg_5: 0.0424	 ndcg_10: 0.0574	 hit@1:0.016725	 hit@5:0.0690	 hit@10: 0.1157
epoch 44: train_loss = 1.571077, source_hit@10 = 0.0695, source_ndcg@10 = 0.0364, target_hit@10 = 0.1157, target_ndcg@10 = 0.0574

2024-08-11 01:26:14.095891: step 13680/24320 (epoch 45/80), loss = 1.565856 (106.510 sec/epoch), lr: 0.001853
Evaluating on dev set...
...........................
source: 	 mrr: 0.034956	 ndcg_5: 0.0225	 ndcg_10: 0.0328	 hit@1:0.010138	 hit@5:0.0362	 hit@10: 0.0681
target: 	 mrr: 0.055527	 ndcg_5: 0.0498	 ndcg_10: 0.0597	 hit@1:0.019512	 hit@5:0.0801	 hit@10: 0.1115
epoch 45: train_loss = 1.565856, source_hit@10 = 0.0681, source_ndcg@10 = 0.0328, target_hit@10 = 0.1115, target_ndcg@10 = 0.0597

2024-08-11 01:28:08.858500: step 13984/24320 (epoch 46/80), loss = 1.565737 (113.936 sec/epoch), lr: 0.001853
Evaluating on dev set...
...........................
source: 	 mrr: 0.027468	 ndcg_5: 0.0193	 ndcg_10: 0.0283	 hit@1:0.007965	 hit@5:0.0311	 hit@10: 0.0594
target: 	 mrr: 0.058140	 ndcg_5: 0.0479	 ndcg_10: 0.0646	 hit@1:0.023693	 hit@5:0.0711	 hit@10: 0.1233
epoch 46: train_loss = 1.565737, source_hit@10 = 0.0594, source_ndcg@10 = 0.0283, target_hit@10 = 0.1233, target_ndcg@10 = 0.0646

2024-08-11 01:30:01.463222: step 14288/24320 (epoch 47/80), loss = 1.562800 (111.754 sec/epoch), lr: 0.001761
Evaluating on dev set...
...........................
source: 	 mrr: 0.032830	 ndcg_5: 0.0254	 ndcg_10: 0.0315	 hit@1:0.008689	 hit@5:0.0434	 hit@10: 0.0623
target: 	 mrr: 0.050888	 ndcg_5: 0.0427	 ndcg_10: 0.0552	 hit@1:0.016028	 hit@5:0.0683	 hit@10: 0.1073
epoch 47: train_loss = 1.562800, source_hit@10 = 0.0623, source_ndcg@10 = 0.0315, target_hit@10 = 0.1073, target_ndcg@10 = 0.0552

2024-08-11 01:31:50.555473: step 14592/24320 (epoch 48/80), loss = 1.559525 (108.433 sec/epoch), lr: 0.001672
Evaluating on dev set...
...........................
source: 	 mrr: 0.035753	 ndcg_5: 0.0232	 ndcg_10: 0.0363	 hit@1:0.006517	 hit@5:0.0391	 hit@10: 0.0797
target: 	 mrr: 0.047572	 ndcg_5: 0.0414	 ndcg_10: 0.0526	 hit@1:0.013937	 hit@5:0.0690	 hit@10: 0.1045
epoch 48: train_loss = 1.559525, source_hit@10 = 0.0797, source_ndcg@10 = 0.0363, target_hit@10 = 0.1045, target_ndcg@10 = 0.0526

2024-08-11 01:33:41.457603: step 14896/24320 (epoch 49/80), loss = 1.552995 (110.107 sec/epoch), lr: 0.001589
Evaluating on dev set...
...........................
source: 	 mrr: 0.038899	 ndcg_5: 0.0283	 ndcg_10: 0.0368	 hit@1:0.012310	 hit@5:0.0456	 hit@10: 0.0717
target: 	 mrr: 0.053262	 ndcg_5: 0.0436	 ndcg_10: 0.0589	 hit@1:0.018815	 hit@5:0.0690	 hit@10: 0.1171
epoch 49: train_loss = 1.552995, source_hit@10 = 0.0717, source_ndcg@10 = 0.0368, target_hit@10 = 0.1171, target_ndcg@10 = 0.0589

2024-08-11 01:35:31.901528: step 15200/24320 (epoch 50/80), loss = 1.552448 (109.663 sec/epoch), lr: 0.001589
Evaluating on dev set...
...........................
source: 	 mrr: 0.038548	 ndcg_5: 0.0282	 ndcg_10: 0.0375	 hit@1:0.010138	 hit@5:0.0463	 hit@10: 0.0760
target: 	 mrr: 0.053536	 ndcg_5: 0.0441	 ndcg_10: 0.0584	 hit@1:0.020209	 hit@5:0.0676	 hit@10: 0.1115
epoch 50: train_loss = 1.552448, source_hit@10 = 0.0760, source_ndcg@10 = 0.0375, target_hit@10 = 0.1115, target_ndcg@10 = 0.0584

2024-08-11 01:37:22.884372: step 15504/24320 (epoch 51/80), loss = 1.550099 (110.201 sec/epoch), lr: 0.001509
Evaluating on dev set...
...........................
source: 	 mrr: 0.037986	 ndcg_5: 0.0256	 ndcg_10: 0.0379	 hit@1:0.012310	 hit@5:0.0398	 hit@10: 0.0782
target: 	 mrr: 0.043012	 ndcg_5: 0.0338	 ndcg_10: 0.0482	 hit@1:0.010453	 hit@5:0.0578	 hit@10: 0.1024
epoch 51: train_loss = 1.550099, source_hit@10 = 0.0782, source_ndcg@10 = 0.0379, target_hit@10 = 0.1024, target_ndcg@10 = 0.0482

2024-08-11 01:39:12.943017: step 15808/24320 (epoch 52/80), loss = 1.546789 (109.273 sec/epoch), lr: 0.001434
Evaluating on dev set...
...........................
source: 	 mrr: 0.037783	 ndcg_5: 0.0289	 ndcg_10: 0.0378	 hit@1:0.007241	 hit@5:0.0492	 hit@10: 0.0775
target: 	 mrr: 0.050126	 ndcg_5: 0.0417	 ndcg_10: 0.0568	 hit@1:0.013937	 hit@5:0.0697	 hit@10: 0.1171
epoch 52: train_loss = 1.546789, source_hit@10 = 0.0775, source_ndcg@10 = 0.0378, target_hit@10 = 0.1171, target_ndcg@10 = 0.0568

2024-08-11 01:40:54.884738: step 16112/24320 (epoch 53/80), loss = 1.545216 (101.290 sec/epoch), lr: 0.001434
Evaluating on dev set...
...........................
source: 	 mrr: 0.033898	 ndcg_5: 0.0223	 ndcg_10: 0.0336	 hit@1:0.009413	 hit@5:0.0355	 hit@10: 0.0710
target: 	 mrr: 0.056369	 ndcg_5: 0.0458	 ndcg_10: 0.0602	 hit@1:0.022300	 hit@5:0.0704	 hit@10: 0.1143
epoch 53: train_loss = 1.545216, source_hit@10 = 0.0710, source_ndcg@10 = 0.0336, target_hit@10 = 0.1143, target_ndcg@10 = 0.0602

2024-08-11 01:42:39.984216: step 16416/24320 (epoch 54/80), loss = 1.540425 (104.326 sec/epoch), lr: 0.001434
Evaluating on dev set...
...........................
source: 	 mrr: 0.042220	 ndcg_5: 0.0300	 ndcg_10: 0.0430	 hit@1:0.013758	 hit@5:0.0449	 hit@10: 0.0854
target: 	 mrr: 0.051996	 ndcg_5: 0.0428	 ndcg_10: 0.0545	 hit@1:0.020209	 hit@5:0.0655	 hit@10: 0.1017
source best!
.............
source: 	 mrr: 0.036065	 ndcg_5: 0.0249	 ndcg_10: 0.0350	 hit@1:0.009969	 hit@5:0.0391	 hit@10: 0.0706
epoch 54: train_loss = 1.540425, source_hit@10 = 0.0706, source_ndcg@10 = 0.0350, target_hit@10 = 0.1017, target_ndcg@10 = 0.0545
new best model saved.

2024-08-11 01:44:25.266916: step 16720/24320 (epoch 55/80), loss = 1.541056 (104.050 sec/epoch), lr: 0.001434
Evaluating on dev set...
...........................
source: 	 mrr: 0.037687	 ndcg_5: 0.0273	 ndcg_10: 0.0396	 hit@1:0.006517	 hit@5:0.0463	 hit@10: 0.0847
target: 	 mrr: 0.056650	 ndcg_5: 0.0476	 ndcg_10: 0.0634	 hit@1:0.022997	 hit@5:0.0718	 hit@10: 0.1213
epoch 55: train_loss = 1.541056, source_hit@10 = 0.0847, source_ndcg@10 = 0.0396, target_hit@10 = 0.1213, target_ndcg@10 = 0.0634

2024-08-11 01:46:12.437273: step 17024/24320 (epoch 56/80), loss = 1.540579 (106.293 sec/epoch), lr: 0.001434
Evaluating on dev set...
...........................
source: 	 mrr: 0.028487	 ndcg_5: 0.0192	 ndcg_10: 0.0285	 hit@1:0.007965	 hit@5:0.0311	 hit@10: 0.0601
target: 	 mrr: 0.048169	 ndcg_5: 0.0391	 ndcg_10: 0.0536	 hit@1:0.013937	 hit@5:0.0655	 hit@10: 0.1108
epoch 56: train_loss = 1.540579, source_hit@10 = 0.0601, source_ndcg@10 = 0.0285, target_hit@10 = 0.1108, target_ndcg@10 = 0.0536

2024-08-11 01:48:00.470453: step 17328/24320 (epoch 57/80), loss = 1.534691 (107.222 sec/epoch), lr: 0.001362
Evaluating on dev set...
...........................
source: 	 mrr: 0.044236	 ndcg_5: 0.0313	 ndcg_10: 0.0439	 hit@1:0.015206	 hit@5:0.0485	 hit@10: 0.0876
target: 	 mrr: 0.041315	 ndcg_5: 0.0335	 ndcg_10: 0.0443	 hit@1:0.009756	 hit@5:0.0564	 hit@10: 0.0906
source best!
.............
source: 	 mrr: 0.043186	 ndcg_5: 0.0317	 ndcg_10: 0.0445	 hit@1:0.012270	 hit@5:0.0514	 hit@10: 0.0913
epoch 57: train_loss = 1.534691, source_hit@10 = 0.0913, source_ndcg@10 = 0.0445, target_hit@10 = 0.0906, target_ndcg@10 = 0.0443
new best model saved.

2024-08-11 01:49:47.829580: step 17632/24320 (epoch 58/80), loss = 1.535672 (106.069 sec/epoch), lr: 0.001362
Evaluating on dev set...
...........................
source: 	 mrr: 0.041148	 ndcg_5: 0.0293	 ndcg_10: 0.0410	 hit@1:0.010862	 hit@5:0.0485	 hit@10: 0.0854
target: 	 mrr: 0.050613	 ndcg_5: 0.0431	 ndcg_10: 0.0519	 hit@1:0.020906	 hit@5:0.0662	 hit@10: 0.0934
epoch 58: train_loss = 1.535672, source_hit@10 = 0.0854, source_ndcg@10 = 0.0410, target_hit@10 = 0.0934, target_ndcg@10 = 0.0519

2024-08-11 01:51:35.664616: step 17936/24320 (epoch 59/80), loss = 1.534248 (107.057 sec/epoch), lr: 0.001362
Evaluating on dev set...
...........................
source: 	 mrr: 0.042418	 ndcg_5: 0.0323	 ndcg_10: 0.0441	 hit@1:0.012310	 hit@5:0.0536	 hit@10: 0.0905
target: 	 mrr: 0.059974	 ndcg_5: 0.0544	 ndcg_10: 0.0650	 hit@1:0.025087	 hit@5:0.0829	 hit@10: 0.1164
target best!
..............target: 	 mrr: 0.056182	 ndcg_5: 0.0479	 ndcg_10: 0.0605	 hit@1:0.021948	 hit@5:0.0741	 hit@10: 0.1132
epoch 59: train_loss = 1.534248, source_hit@10 = 0.0905, source_ndcg@10 = 0.0441, target_hit@10 = 0.1132, target_ndcg@10 = 0.0605
new best model saved.

2024-08-11 01:53:25.665351: step 18240/24320 (epoch 60/80), loss = 1.534107 (108.668 sec/epoch), lr: 0.001362
Evaluating on dev set...
...........................
source: 	 mrr: 0.038397	 ndcg_5: 0.0286	 ndcg_10: 0.0362	 hit@1:0.010862	 hit@5:0.0471	 hit@10: 0.0702
target: 	 mrr: 0.061491	 ndcg_5: 0.0528	 ndcg_10: 0.0667	 hit@1:0.025087	 hit@5:0.0794	 hit@10: 0.1226
target best!
..............target: 	 mrr: 0.057722	 ndcg_5: 0.0509	 ndcg_10: 0.0662	 hit@1:0.018519	 hit@5:0.0844	 hit@10: 0.1317
epoch 60: train_loss = 1.534107, source_hit@10 = 0.0702, source_ndcg@10 = 0.0362, target_hit@10 = 0.1317, target_ndcg@10 = 0.0662
new best model saved.

2024-08-11 01:55:15.715056: step 18544/24320 (epoch 61/80), loss = 1.526205 (107.740 sec/epoch), lr: 0.001294
Evaluating on dev set...
...........................
source: 	 mrr: 0.032611	 ndcg_5: 0.0250	 ndcg_10: 0.0320	 hit@1:0.010862	 hit@5:0.0391	 hit@10: 0.0608
target: 	 mrr: 0.056524	 ndcg_5: 0.0481	 ndcg_10: 0.0641	 hit@1:0.020209	 hit@5:0.0780	 hit@10: 0.1282
epoch 61: train_loss = 1.526205, source_hit@10 = 0.0608, source_ndcg@10 = 0.0320, target_hit@10 = 0.1282, target_ndcg@10 = 0.0641

2024-08-11 01:57:01.082810: step 18848/24320 (epoch 62/80), loss = 1.524007 (104.592 sec/epoch), lr: 0.001229
Evaluating on dev set...
...........................
source: 	 mrr: 0.039183	 ndcg_5: 0.0272	 ndcg_10: 0.0405	 hit@1:0.007965	 hit@5:0.0456	 hit@10: 0.0869
target: 	 mrr: 0.054986	 ndcg_5: 0.0473	 ndcg_10: 0.0611	 hit@1:0.018815	 hit@5:0.0739	 hit@10: 0.1171
epoch 62: train_loss = 1.524007, source_hit@10 = 0.0869, source_ndcg@10 = 0.0405, target_hit@10 = 0.1171, target_ndcg@10 = 0.0611

2024-08-11 01:58:50.051623: step 19152/24320 (epoch 63/80), loss = 1.523843 (108.046 sec/epoch), lr: 0.001229
Evaluating on dev set...
...........................
source: 	 mrr: 0.041329	 ndcg_5: 0.0292	 ndcg_10: 0.0410	 hit@1:0.012310	 hit@5:0.0456	 hit@10: 0.0825
target: 	 mrr: 0.057607	 ndcg_5: 0.0506	 ndcg_10: 0.0631	 hit@1:0.020906	 hit@5:0.0801	 hit@10: 0.1192
epoch 63: train_loss = 1.523843, source_hit@10 = 0.0825, source_ndcg@10 = 0.0410, target_hit@10 = 0.1192, target_ndcg@10 = 0.0631

2024-08-11 02:00:37.232131: step 19456/24320 (epoch 64/80), loss = 1.521669 (106.528 sec/epoch), lr: 0.001229
Evaluating on dev set...
...........................
source: 	 mrr: 0.040247	 ndcg_5: 0.0280	 ndcg_10: 0.0395	 hit@1:0.012310	 hit@5:0.0442	 hit@10: 0.0797
target: 	 mrr: 0.053206	 ndcg_5: 0.0437	 ndcg_10: 0.0590	 hit@1:0.019512	 hit@5:0.0683	 hit@10: 0.1164
epoch 64: train_loss = 1.521669, source_hit@10 = 0.0797, source_ndcg@10 = 0.0395, target_hit@10 = 0.1164, target_ndcg@10 = 0.0590

2024-08-11 02:02:26.871487: step 19760/24320 (epoch 65/80), loss = 1.517974 (108.722 sec/epoch), lr: 0.001168
Evaluating on dev set...
...........................
source: 	 mrr: 0.042382	 ndcg_5: 0.0288	 ndcg_10: 0.0416	 hit@1:0.013758	 hit@5:0.0434	 hit@10: 0.0833
target: 	 mrr: 0.052318	 ndcg_5: 0.0433	 ndcg_10: 0.0574	 hit@1:0.016725	 hit@5:0.0683	 hit@10: 0.1115
epoch 65: train_loss = 1.517974, source_hit@10 = 0.0833, source_ndcg@10 = 0.0416, target_hit@10 = 0.1115, target_ndcg@10 = 0.0574

2024-08-11 02:04:11.382092: step 20064/24320 (epoch 66/80), loss = 1.511854 (103.691 sec/epoch), lr: 0.001168
Evaluating on dev set...
...........................
source: 	 mrr: 0.032739	 ndcg_5: 0.0220	 ndcg_10: 0.0312	 hit@1:0.008689	 hit@5:0.0348	 hit@10: 0.0637
target: 	 mrr: 0.053646	 ndcg_5: 0.0460	 ndcg_10: 0.0591	 hit@1:0.018118	 hit@5:0.0746	 hit@10: 0.1157
epoch 66: train_loss = 1.511854, source_hit@10 = 0.0637, source_ndcg@10 = 0.0312, target_hit@10 = 0.1157, target_ndcg@10 = 0.0591

2024-08-11 02:05:56.166775: step 20368/24320 (epoch 67/80), loss = 1.511331 (103.962 sec/epoch), lr: 0.001110
Evaluating on dev set...
...........................
source: 	 mrr: 0.036596	 ndcg_5: 0.0265	 ndcg_10: 0.0367	 hit@1:0.009413	 hit@5:0.0442	 hit@10: 0.0760
target: 	 mrr: 0.055555	 ndcg_5: 0.0474	 ndcg_10: 0.0595	 hit@1:0.020906	 hit@5:0.0732	 hit@10: 0.1108
epoch 67: train_loss = 1.511331, source_hit@10 = 0.0760, source_ndcg@10 = 0.0367, target_hit@10 = 0.1108, target_ndcg@10 = 0.0595

2024-08-11 02:07:39.471998: step 20672/24320 (epoch 68/80), loss = 1.508664 (102.520 sec/epoch), lr: 0.001110
Evaluating on dev set...
...........................
source: 	 mrr: 0.034340	 ndcg_5: 0.0245	 ndcg_10: 0.0328	 hit@1:0.007965	 hit@5:0.0413	 hit@10: 0.0673
target: 	 mrr: 0.054880	 ndcg_5: 0.0457	 ndcg_10: 0.0605	 hit@1:0.022997	 hit@5:0.0704	 hit@10: 0.1164
epoch 68: train_loss = 1.508664, source_hit@10 = 0.0673, source_ndcg@10 = 0.0328, target_hit@10 = 0.1164, target_ndcg@10 = 0.0605

2024-08-11 02:09:23.119954: step 20976/24320 (epoch 69/80), loss = 1.506329 (102.944 sec/epoch), lr: 0.001054
Evaluating on dev set...
...........................
source: 	 mrr: 0.044195	 ndcg_5: 0.0307	 ndcg_10: 0.0425	 hit@1:0.015930	 hit@5:0.0442	 hit@10: 0.0811
target: 	 mrr: 0.056796	 ndcg_5: 0.0498	 ndcg_10: 0.0632	 hit@1:0.020209	 hit@5:0.0808	 hit@10: 0.1226
epoch 69: train_loss = 1.506329, source_hit@10 = 0.0811, source_ndcg@10 = 0.0425, target_hit@10 = 0.1226, target_ndcg@10 = 0.0632

2024-08-11 02:11:05.897056: step 21280/24320 (epoch 70/80), loss = 1.502862 (101.899 sec/epoch), lr: 0.001054
Evaluating on dev set...
...........................
source: 	 mrr: 0.040552	 ndcg_5: 0.0271	 ndcg_10: 0.0416	 hit@1:0.012310	 hit@5:0.0420	 hit@10: 0.0869
target: 	 mrr: 0.053813	 ndcg_5: 0.0462	 ndcg_10: 0.0578	 hit@1:0.020906	 hit@5:0.0725	 hit@10: 0.1087
epoch 70: train_loss = 1.502862, source_hit@10 = 0.0869, source_ndcg@10 = 0.0416, target_hit@10 = 0.1087, target_ndcg@10 = 0.0578

2024-08-11 02:12:51.400980: step 21584/24320 (epoch 71/80), loss = 1.498732 (104.559 sec/epoch), lr: 0.001001
Evaluating on dev set...
...........................
source: 	 mrr: 0.042685	 ndcg_5: 0.0316	 ndcg_10: 0.0407	 hit@1:0.014482	 hit@5:0.0485	 hit@10: 0.0768
target: 	 mrr: 0.052313	 ndcg_5: 0.0430	 ndcg_10: 0.0546	 hit@1:0.021603	 hit@5:0.0634	 hit@10: 0.1003
epoch 71: train_loss = 1.498732, source_hit@10 = 0.0768, source_ndcg@10 = 0.0407, target_hit@10 = 0.1003, target_ndcg@10 = 0.0546

2024-08-11 02:14:34.933541: step 21888/24320 (epoch 72/80), loss = 1.495261 (102.832 sec/epoch), lr: 0.001001
Evaluating on dev set...
...........................
source: 	 mrr: 0.044904	 ndcg_5: 0.0348	 ndcg_10: 0.0471	 hit@1:0.015206	 hit@5:0.0550	 hit@10: 0.0941
target: 	 mrr: 0.054144	 ndcg_5: 0.0454	 ndcg_10: 0.0562	 hit@1:0.022300	 hit@5:0.0676	 hit@10: 0.1010
source best!
.............
source: 	 mrr: 0.039055	 ndcg_5: 0.0293	 ndcg_10: 0.0387	 hit@1:0.012270	 hit@5:0.0460	 hit@10: 0.0759
epoch 72: train_loss = 1.495261, source_hit@10 = 0.0759, source_ndcg@10 = 0.0387, target_hit@10 = 0.1010, target_ndcg@10 = 0.0562
new best model saved.

2024-08-11 02:16:18.579615: step 22192/24320 (epoch 73/80), loss = 1.497909 (102.342 sec/epoch), lr: 0.001001
Evaluating on dev set...
...........................
source: 	 mrr: 0.038403	 ndcg_5: 0.0271	 ndcg_10: 0.0381	 hit@1:0.010862	 hit@5:0.0442	 hit@10: 0.0782
target: 	 mrr: 0.050175	 ndcg_5: 0.0421	 ndcg_10: 0.0523	 hit@1:0.019512	 hit@5:0.0648	 hit@10: 0.0969
epoch 73: train_loss = 1.497909, source_hit@10 = 0.0782, source_ndcg@10 = 0.0381, target_hit@10 = 0.0969, target_ndcg@10 = 0.0523

2024-08-11 02:18:04.827874: step 22496/24320 (epoch 74/80), loss = 1.494192 (105.507 sec/epoch), lr: 0.000951
Evaluating on dev set...
...........................
source: 	 mrr: 0.033739	 ndcg_5: 0.0251	 ndcg_10: 0.0336	 hit@1:0.007965	 hit@5:0.0434	 hit@10: 0.0702
target: 	 mrr: 0.050230	 ndcg_5: 0.0438	 ndcg_10: 0.0545	 hit@1:0.018815	 hit@5:0.0683	 hit@10: 0.1017
epoch 74: train_loss = 1.494192, source_hit@10 = 0.0702, source_ndcg@10 = 0.0336, target_hit@10 = 0.1017, target_ndcg@10 = 0.0545

2024-08-11 02:19:47.172843: step 22800/24320 (epoch 75/80), loss = 1.485641 (101.494 sec/epoch), lr: 0.000904
Evaluating on dev set...
...........................
source: 	 mrr: 0.042235	 ndcg_5: 0.0333	 ndcg_10: 0.0426	 hit@1:0.012310	 hit@5:0.0558	 hit@10: 0.0847
target: 	 mrr: 0.050758	 ndcg_5: 0.0432	 ndcg_10: 0.0539	 hit@1:0.019512	 hit@5:0.0676	 hit@10: 0.1017
epoch 75: train_loss = 1.485641, source_hit@10 = 0.0847, source_ndcg@10 = 0.0426, target_hit@10 = 0.1017, target_ndcg@10 = 0.0539

2024-08-11 02:21:30.037055: step 23104/24320 (epoch 76/80), loss = 1.487566 (102.003 sec/epoch), lr: 0.000904
Evaluating on dev set...
...........................
source: 	 mrr: 0.030153	 ndcg_5: 0.0221	 ndcg_10: 0.0300	 hit@1:0.006517	 hit@5:0.0384	 hit@10: 0.0630
target: 	 mrr: 0.048582	 ndcg_5: 0.0409	 ndcg_10: 0.0512	 hit@1:0.017422	 hit@5:0.0655	 hit@10: 0.0969
epoch 76: train_loss = 1.487566, source_hit@10 = 0.0630, source_ndcg@10 = 0.0300, target_hit@10 = 0.0969, target_ndcg@10 = 0.0512

2024-08-11 02:23:06.368431: step 23408/24320 (epoch 77/80), loss = 1.482706 (95.544 sec/epoch), lr: 0.000859
Evaluating on dev set...
...........................
source: 	 mrr: 0.039606	 ndcg_5: 0.0292	 ndcg_10: 0.0408	 hit@1:0.010862	 hit@5:0.0478	 hit@10: 0.0833
target: 	 mrr: 0.043381	 ndcg_5: 0.0357	 ndcg_10: 0.0489	 hit@1:0.013240	 hit@5:0.0592	 hit@10: 0.1003
epoch 77: train_loss = 1.482706, source_hit@10 = 0.0833, source_ndcg@10 = 0.0408, target_hit@10 = 0.1003, target_ndcg@10 = 0.0489

2024-08-11 02:24:34.442338: step 23712/24320 (epoch 78/80), loss = 1.478462 (87.309 sec/epoch), lr: 0.000859
Evaluating on dev set...
...........................
source: 	 mrr: 0.043096	 ndcg_5: 0.0319	 ndcg_10: 0.0434	 hit@1:0.013034	 hit@5:0.0514	 hit@10: 0.0869
target: 	 mrr: 0.046739	 ndcg_5: 0.0381	 ndcg_10: 0.0490	 hit@1:0.015331	 hit@5:0.0592	 hit@10: 0.0934
epoch 78: train_loss = 1.478462, source_hit@10 = 0.0869, source_ndcg@10 = 0.0434, target_hit@10 = 0.0934, target_ndcg@10 = 0.0490

2024-08-11 02:26:02.166385: step 24016/24320 (epoch 79/80), loss = 1.478074 (86.987 sec/epoch), lr: 0.000859
Evaluating on dev set...
...........................
source: 	 mrr: 0.036058	 ndcg_5: 0.0236	 ndcg_10: 0.0348	 hit@1:0.012310	 hit@5:0.0355	 hit@10: 0.0710
target: 	 mrr: 0.043886	 ndcg_5: 0.0371	 ndcg_10: 0.0484	 hit@1:0.012544	 hit@5:0.0620	 hit@10: 0.0969
epoch 79: train_loss = 1.478074, source_hit@10 = 0.0710, source_ndcg@10 = 0.0348, target_hit@10 = 0.0969, target_ndcg@10 = 0.0484

2024-08-11 02:27:29.668450: step 24320/24320 (epoch 80/80), loss = 1.471222 (86.720 sec/epoch), lr: 0.000816
Evaluating on dev set...
...........................
source: 	 mrr: 0.042809	 ndcg_5: 0.0325	 ndcg_10: 0.0426	 hit@1:0.015930	 hit@5:0.0492	 hit@10: 0.0804
target: 	 mrr: 0.043670	 ndcg_5: 0.0359	 ndcg_10: 0.0467	 hit@1:0.013240	 hit@5:0.0585	 hit@10: 0.0920
epoch 80: train_loss = 1.471222, source_hit@10 = 0.0804, source_ndcg@10 = 0.0426, target_hit@10 = 0.0920, target_ndcg@10 = 0.0467

