nohup: ignoring input
using gpu:2 to train the model
using gpu:2 to train the model
cuda:2
Namespace(A_split=False, JK='sum', a_fold=100, aggregate=False, alpha=0.5, batch_size=1024, beta_inter=0.7, conv_layers=4, cuda=True, decay_epoch=10, device=device(type='cuda', index=2), device_id='2', domains='game_video', dropout=0.4, epoch=80, feature_dim=126, gamma_intra=0.8, hidden_dim=126, inter_tau=0.2, intra_tau=1, lambda_critic=0.1, leakey=0.05, load=False, log='logs.txt', log_epoch=1, lr=0.004, lr_decay=0.95, min_epoch=50, mode='train', model_file=None, model_name='gv', momentum=0.98, num_latent_factors=3, num_negative=100, optim='adam', patience=20, proj_layers=1, projection=1, rectify_epoch=30, residual=1, save=False, save_dir='./saved_models', seed=32, similarity_tau=0.1, test_sample_number=999, user_batch_size=256, weight_decay=0.0002)
number_user 25025
number_item 12319
/home/disk2/lhr/invariantCDR/invariantCDR/utils/GraphMaker.py:46: RuntimeWarning: divide by zero encountered in power
  r_inv = np.power(rowsum, -1).flatten()
real graph loaded!
number_user 19457
number_item 8751
real graph loaded!
graph loaded!
Loading data from game_video with batch size 1024...
unseen test: 0
test length: 1381
unseen test: 0
test length: 1304
unseen test: 0
test length: 1435
unseen test: 0
test length: 1458
source_user_num 25025
target_user_num 19457
source_item_num 12319
target_item_num 8751
shared users id: 1737
test users 226, 217
unseen test: 0
dev length: 1000
unseen test: 0
dev length: 1000
source train data : 155036, target train data: 156091, source test data : 1304, target test data : 1458, source dev data : 1000, target dev data : 1000
2024-08-10 16:10:28.769126: step 304/24320 (epoch 1/80), loss = 2.321900 (77.990 sec/epoch), lr: 0.004000
Evaluating on dev set...
...........................
source: 	 mrr: 0.020819	 ndcg_5: 0.0134	 ndcg_10: 0.0183	 hit@1:0.005793	 hit@5:0.0210	 hit@10: 0.0362
target: 	 mrr: 0.029938	 ndcg_5: 0.0218	 ndcg_10: 0.0315	 hit@1:0.009059	 hit@5:0.0362	 hit@10: 0.0669
source best!
.............
source: 	 mrr: 0.022567	 ndcg_5: 0.0159	 ndcg_10: 0.0206	 hit@1:0.006902	 hit@5:0.0245	 hit@10: 0.0391
target best!
..............target: 	 mrr: 0.034791	 ndcg_5: 0.0263	 ndcg_10: 0.0356	 hit@1:0.012346	 hit@5:0.0398	 hit@10: 0.0693
epoch 1: train_loss = 2.321900, source_hit@10 = 0.0391, source_ndcg@10 = 0.0206, target_hit@10 = 0.0693, target_ndcg@10 = 0.0356

2024-08-10 16:11:49.696982: step 608/24320 (epoch 2/80), loss = 1.934652 (79.898 sec/epoch), lr: 0.004000
Evaluating on dev set...
...........................
source: 	 mrr: 0.027983	 ndcg_5: 0.0194	 ndcg_10: 0.0262	 hit@1:0.009413	 hit@5:0.0304	 hit@10: 0.0521
target: 	 mrr: 0.031816	 ndcg_5: 0.0208	 ndcg_10: 0.0311	 hit@1:0.010453	 hit@5:0.0314	 hit@10: 0.0634
source best!
.............
source: 	 mrr: 0.030001	 ndcg_5: 0.0227	 ndcg_10: 0.0283	 hit@1:0.009969	 hit@5:0.0353	 hit@10: 0.0521
target best!
..............target: 	 mrr: 0.038016	 ndcg_5: 0.0295	 ndcg_10: 0.0405	 hit@1:0.012346	 hit@5:0.0473	 hit@10: 0.0816
epoch 2: train_loss = 1.934652, source_hit@10 = 0.0521, source_ndcg@10 = 0.0283, target_hit@10 = 0.0816, target_ndcg@10 = 0.0405
new best model saved.

2024-08-10 16:13:10.477992: step 912/24320 (epoch 3/80), loss = 1.868534 (79.569 sec/epoch), lr: 0.004000
Evaluating on dev set...
...........................
source: 	 mrr: 0.030268	 ndcg_5: 0.0211	 ndcg_10: 0.0310	 hit@1:0.007241	 hit@5:0.0362	 hit@10: 0.0666
target: 	 mrr: 0.034046	 ndcg_5: 0.0248	 ndcg_10: 0.0332	 hit@1:0.011847	 hit@5:0.0369	 hit@10: 0.0634
source best!
.............
source: 	 mrr: 0.029540	 ndcg_5: 0.0204	 ndcg_10: 0.0284	 hit@1:0.007669	 hit@5:0.0330	 hit@10: 0.0575
target best!
..............target: 	 mrr: 0.033273	 ndcg_5: 0.0236	 ndcg_10: 0.0312	 hit@1:0.010288	 hit@5:0.0364	 hit@10: 0.0597
epoch 3: train_loss = 1.868534, source_hit@10 = 0.0575, source_ndcg@10 = 0.0284, target_hit@10 = 0.0597, target_ndcg@10 = 0.0312
new best model saved.

2024-08-10 16:14:31.160018: step 1216/24320 (epoch 4/80), loss = 1.842219 (79.407 sec/epoch), lr: 0.004000
Evaluating on dev set...
...........................
source: 	 mrr: 0.034850	 ndcg_5: 0.0261	 ndcg_10: 0.0362	 hit@1:0.008689	 hit@5:0.0434	 hit@10: 0.0746
target: 	 mrr: 0.040378	 ndcg_5: 0.0321	 ndcg_10: 0.0444	 hit@1:0.010453	 hit@5:0.0551	 hit@10: 0.0934
source best!
.............
source: 	 mrr: 0.032179	 ndcg_5: 0.0223	 ndcg_10: 0.0316	 hit@1:0.010736	 hit@5:0.0337	 hit@10: 0.0629
target best!
..............target: 	 mrr: 0.045390	 ndcg_5: 0.0358	 ndcg_10: 0.0475	 hit@1:0.017147	 hit@5:0.0542	 hit@10: 0.0905
epoch 4: train_loss = 1.842219, source_hit@10 = 0.0629, source_ndcg@10 = 0.0316, target_hit@10 = 0.0905, target_ndcg@10 = 0.0475
new best model saved.

2024-08-10 16:15:53.237141: step 1520/24320 (epoch 5/80), loss = 1.827539 (80.860 sec/epoch), lr: 0.004000
Evaluating on dev set...
...........................
source: 	 mrr: 0.032325	 ndcg_5: 0.0218	 ndcg_10: 0.0319	 hit@1:0.008689	 hit@5:0.0348	 hit@10: 0.0666
target: 	 mrr: 0.035326	 ndcg_5: 0.0289	 ndcg_10: 0.0354	 hit@1:0.009756	 hit@5:0.0495	 hit@10: 0.0697
epoch 5: train_loss = 1.827539, source_hit@10 = 0.0666, source_ndcg@10 = 0.0319, target_hit@10 = 0.0697, target_ndcg@10 = 0.0354

2024-08-10 16:17:12.459266: step 1824/24320 (epoch 6/80), loss = 1.811257 (78.620 sec/epoch), lr: 0.004000
Evaluating on dev set...
...........................
source: 	 mrr: 0.028457	 ndcg_5: 0.0203	 ndcg_10: 0.0264	 hit@1:0.007241	 hit@5:0.0340	 hit@10: 0.0536
target: 	 mrr: 0.039501	 ndcg_5: 0.0321	 ndcg_10: 0.0431	 hit@1:0.012544	 hit@5:0.0523	 hit@10: 0.0864
epoch 6: train_loss = 1.811257, source_hit@10 = 0.0536, source_ndcg@10 = 0.0264, target_hit@10 = 0.0864, target_ndcg@10 = 0.0431

2024-08-10 16:18:31.446964: step 2128/24320 (epoch 7/80), loss = 1.803766 (78.413 sec/epoch), lr: 0.004000
Evaluating on dev set...
...........................
source: 	 mrr: 0.026901	 ndcg_5: 0.0188	 ndcg_10: 0.0246	 hit@1:0.009413	 hit@5:0.0282	 hit@10: 0.0463
target: 	 mrr: 0.044208	 ndcg_5: 0.0355	 ndcg_10: 0.0437	 hit@1:0.017422	 hit@5:0.0537	 hit@10: 0.0794
target best!
..............target: 	 mrr: 0.040686	 ndcg_5: 0.0290	 ndcg_10: 0.0426	 hit@1:0.012346	 hit@5:0.0453	 hit@10: 0.0878
epoch 7: train_loss = 1.803766, source_hit@10 = 0.0463, source_ndcg@10 = 0.0246, target_hit@10 = 0.0878, target_ndcg@10 = 0.0426
new best model saved.

2024-08-10 16:19:49.969465: step 2432/24320 (epoch 8/80), loss = 1.795749 (77.537 sec/epoch), lr: 0.004000
Evaluating on dev set...
...........................
source: 	 mrr: 0.029367	 ndcg_5: 0.0181	 ndcg_10: 0.0277	 hit@1:0.008689	 hit@5:0.0268	 hit@10: 0.0565
target: 	 mrr: 0.033231	 ndcg_5: 0.0229	 ndcg_10: 0.0332	 hit@1:0.008362	 hit@5:0.0369	 hit@10: 0.0697
epoch 8: train_loss = 1.795749, source_hit@10 = 0.0565, source_ndcg@10 = 0.0277, target_hit@10 = 0.0697, target_ndcg@10 = 0.0332

2024-08-10 16:21:08.417752: step 2736/24320 (epoch 9/80), loss = 1.785779 (77.893 sec/epoch), lr: 0.004000
Evaluating on dev set...
...........................
source: 	 mrr: 0.033228	 ndcg_5: 0.0228	 ndcg_10: 0.0311	 hit@1:0.010862	 hit@5:0.0348	 hit@10: 0.0608
target: 	 mrr: 0.046484	 ndcg_5: 0.0360	 ndcg_10: 0.0525	 hit@1:0.015331	 hit@5:0.0571	 hit@10: 0.1080
target best!
..............target: 	 mrr: 0.054599	 ndcg_5: 0.0454	 ndcg_10: 0.0579	 hit@1:0.022634	 hit@5:0.0679	 hit@10: 0.1063
epoch 9: train_loss = 1.785779, source_hit@10 = 0.0608, source_ndcg@10 = 0.0311, target_hit@10 = 0.1063, target_ndcg@10 = 0.0579
new best model saved.

2024-08-10 16:22:25.438940: step 3040/24320 (epoch 10/80), loss = 1.777959 (76.018 sec/epoch), lr: 0.004000
Evaluating on dev set...
...........................
source: 	 mrr: 0.025891	 ndcg_5: 0.0164	 ndcg_10: 0.0221	 hit@1:0.004345	 hit@5:0.0282	 hit@10: 0.0463
target: 	 mrr: 0.037193	 ndcg_5: 0.0275	 ndcg_10: 0.0369	 hit@1:0.010453	 hit@5:0.0460	 hit@10: 0.0753
epoch 10: train_loss = 1.777959, source_hit@10 = 0.0463, source_ndcg@10 = 0.0221, target_hit@10 = 0.0753, target_ndcg@10 = 0.0369

2024-08-10 16:23:43.721843: step 3344/24320 (epoch 11/80), loss = 1.774072 (77.722 sec/epoch), lr: 0.004000
Evaluating on dev set...
...........................
source: 	 mrr: 0.031140	 ndcg_5: 0.0232	 ndcg_10: 0.0309	 hit@1:0.005793	 hit@5:0.0406	 hit@10: 0.0637
target: 	 mrr: 0.040259	 ndcg_5: 0.0318	 ndcg_10: 0.0416	 hit@1:0.011150	 hit@5:0.0516	 hit@10: 0.0815
epoch 11: train_loss = 1.774072, source_hit@10 = 0.0637, source_ndcg@10 = 0.0309, target_hit@10 = 0.0815, target_ndcg@10 = 0.0416

2024-08-10 16:25:02.178096: step 3648/24320 (epoch 12/80), loss = 1.766006 (77.894 sec/epoch), lr: 0.004000
Evaluating on dev set...
...........................
source: 	 mrr: 0.034242	 ndcg_5: 0.0247	 ndcg_10: 0.0334	 hit@1:0.009413	 hit@5:0.0391	 hit@10: 0.0659
target: 	 mrr: 0.046856	 ndcg_5: 0.0378	 ndcg_10: 0.0509	 hit@1:0.015331	 hit@5:0.0620	 hit@10: 0.1024
target best!
..............target: 	 mrr: 0.049697	 ndcg_5: 0.0390	 ndcg_10: 0.0523	 hit@1:0.019204	 hit@5:0.0590	 hit@10: 0.1008
epoch 12: train_loss = 1.766006, source_hit@10 = 0.0659, source_ndcg@10 = 0.0334, target_hit@10 = 0.1008, target_ndcg@10 = 0.0523
new best model saved.

2024-08-10 16:26:21.303631: step 3952/24320 (epoch 13/80), loss = 1.761072 (78.145 sec/epoch), lr: 0.004000
Evaluating on dev set...
...........................
source: 	 mrr: 0.029916	 ndcg_5: 0.0207	 ndcg_10: 0.0285	 hit@1:0.007241	 hit@5:0.0355	 hit@10: 0.0601
target: 	 mrr: 0.049416	 ndcg_5: 0.0427	 ndcg_10: 0.0541	 hit@1:0.018815	 hit@5:0.0676	 hit@10: 0.1031
target best!
..............target: 	 mrr: 0.048432	 ndcg_5: 0.0408	 ndcg_10: 0.0533	 hit@1:0.016461	 hit@5:0.0658	 hit@10: 0.1043
epoch 13: train_loss = 1.761072, source_hit@10 = 0.0601, source_ndcg@10 = 0.0285, target_hit@10 = 0.1043, target_ndcg@10 = 0.0533
new best model saved.

2024-08-10 16:27:39.623535: step 4256/24320 (epoch 14/80), loss = 1.750607 (77.331 sec/epoch), lr: 0.003800
Evaluating on dev set...
...........................
source: 	 mrr: 0.030208	 ndcg_5: 0.0196	 ndcg_10: 0.0281	 hit@1:0.009413	 hit@5:0.0311	 hit@10: 0.0579
target: 	 mrr: 0.055909	 ndcg_5: 0.0470	 ndcg_10: 0.0595	 hit@1:0.023693	 hit@5:0.0704	 hit@10: 0.1087
target best!
..............target: 	 mrr: 0.055060	 ndcg_5: 0.0459	 ndcg_10: 0.0605	 hit@1:0.018519	 hit@5:0.0713	 hit@10: 0.1166
epoch 14: train_loss = 1.750607, source_hit@10 = 0.0579, source_ndcg@10 = 0.0281, target_hit@10 = 0.1166, target_ndcg@10 = 0.0605
new best model saved.

2024-08-10 16:28:58.444327: step 4560/24320 (epoch 15/80), loss = 1.746385 (77.813 sec/epoch), lr: 0.003800
Evaluating on dev set...
...........................
source: 	 mrr: 0.022376	 ndcg_5: 0.0120	 ndcg_10: 0.0179	 hit@1:0.005069	 hit@5:0.0203	 hit@10: 0.0391
target: 	 mrr: 0.045457	 ndcg_5: 0.0355	 ndcg_10: 0.0504	 hit@1:0.013937	 hit@5:0.0585	 hit@10: 0.1045
epoch 15: train_loss = 1.746385, source_hit@10 = 0.0391, source_ndcg@10 = 0.0179, target_hit@10 = 0.1045, target_ndcg@10 = 0.0504

2024-08-10 16:30:16.139743: step 4864/24320 (epoch 16/80), loss = 1.737826 (77.127 sec/epoch), lr: 0.003610
Evaluating on dev set...
...........................
source: 	 mrr: 0.030539	 ndcg_5: 0.0209	 ndcg_10: 0.0300	 hit@1:0.007965	 hit@5:0.0348	 hit@10: 0.0630
target: 	 mrr: 0.031382	 ndcg_5: 0.0205	 ndcg_10: 0.0280	 hit@1:0.011150	 hit@5:0.0300	 hit@10: 0.0530
epoch 16: train_loss = 1.737826, source_hit@10 = 0.0630, source_ndcg@10 = 0.0300, target_hit@10 = 0.0530, target_ndcg@10 = 0.0280

2024-08-10 16:31:35.553726: step 5168/24320 (epoch 17/80), loss = 1.727649 (78.850 sec/epoch), lr: 0.003429
Evaluating on dev set...
...........................
source: 	 mrr: 0.034264	 ndcg_5: 0.0254	 ndcg_10: 0.0330	 hit@1:0.009413	 hit@5:0.0420	 hit@10: 0.0659
target: 	 mrr: 0.040515	 ndcg_5: 0.0324	 ndcg_10: 0.0423	 hit@1:0.013240	 hit@5:0.0523	 hit@10: 0.0836
epoch 17: train_loss = 1.727649, source_hit@10 = 0.0659, source_ndcg@10 = 0.0330, target_hit@10 = 0.0836, target_ndcg@10 = 0.0423

2024-08-10 16:32:53.986170: step 5472/24320 (epoch 18/80), loss = 1.725001 (77.863 sec/epoch), lr: 0.003429
Evaluating on dev set...
...........................
source: 	 mrr: 0.033752	 ndcg_5: 0.0253	 ndcg_10: 0.0331	 hit@1:0.007965	 hit@5:0.0413	 hit@10: 0.0659
target: 	 mrr: 0.055202	 ndcg_5: 0.0458	 ndcg_10: 0.0589	 hit@1:0.022300	 hit@5:0.0669	 hit@10: 0.1080
epoch 18: train_loss = 1.725001, source_hit@10 = 0.0659, source_ndcg@10 = 0.0331, target_hit@10 = 0.1080, target_ndcg@10 = 0.0589

2024-08-10 16:34:11.540924: step 5776/24320 (epoch 19/80), loss = 1.721871 (76.990 sec/epoch), lr: 0.003429
Evaluating on dev set...
...........................
source: 	 mrr: 0.034428	 ndcg_5: 0.0228	 ndcg_10: 0.0345	 hit@1:0.007965	 hit@5:0.0384	 hit@10: 0.0753
target: 	 mrr: 0.046032	 ndcg_5: 0.0387	 ndcg_10: 0.0474	 hit@1:0.017422	 hit@5:0.0592	 hit@10: 0.0864
epoch 19: train_loss = 1.721871, source_hit@10 = 0.0753, source_ndcg@10 = 0.0345, target_hit@10 = 0.0864, target_ndcg@10 = 0.0474

2024-08-10 16:35:29.791272: step 6080/24320 (epoch 20/80), loss = 1.716419 (77.693 sec/epoch), lr: 0.003258
Evaluating on dev set...
...........................
source: 	 mrr: 0.031431	 ndcg_5: 0.0206	 ndcg_10: 0.0300	 hit@1:0.008689	 hit@5:0.0326	 hit@10: 0.0608
target: 	 mrr: 0.039113	 ndcg_5: 0.0322	 ndcg_10: 0.0397	 hit@1:0.011847	 hit@5:0.0530	 hit@10: 0.0767
epoch 20: train_loss = 1.716419, source_hit@10 = 0.0608, source_ndcg@10 = 0.0300, target_hit@10 = 0.0767, target_ndcg@10 = 0.0397

2024-08-10 16:36:47.624739: step 6384/24320 (epoch 21/80), loss = 1.707898 (77.230 sec/epoch), lr: 0.003095
Evaluating on dev set...
...........................
source: 	 mrr: 0.037126	 ndcg_5: 0.0264	 ndcg_10: 0.0366	 hit@1:0.010862	 hit@5:0.0420	 hit@10: 0.0739
target: 	 mrr: 0.052345	 ndcg_5: 0.0423	 ndcg_10: 0.0553	 hit@1:0.021603	 hit@5:0.0620	 hit@10: 0.1024
source best!
.............
source: 	 mrr: 0.040417	 ndcg_5: 0.0303	 ndcg_10: 0.0396	 hit@1:0.013804	 hit@5:0.0475	 hit@10: 0.0767
epoch 21: train_loss = 1.707898, source_hit@10 = 0.0767, source_ndcg@10 = 0.0396, target_hit@10 = 0.1024, target_ndcg@10 = 0.0553
new best model saved.

2024-08-10 16:38:07.759290: step 6688/24320 (epoch 22/80), loss = 1.705086 (79.184 sec/epoch), lr: 0.003095
Evaluating on dev set...
...........................
source: 	 mrr: 0.029474	 ndcg_5: 0.0214	 ndcg_10: 0.0308	 hit@1:0.007241	 hit@5:0.0355	 hit@10: 0.0644
target: 	 mrr: 0.048909	 ndcg_5: 0.0376	 ndcg_10: 0.0523	 hit@1:0.020906	 hit@5:0.0557	 hit@10: 0.1024
epoch 22: train_loss = 1.705086, source_hit@10 = 0.0644, source_ndcg@10 = 0.0308, target_hit@10 = 0.1024, target_ndcg@10 = 0.0523

2024-08-10 16:39:26.557029: step 6992/24320 (epoch 23/80), loss = 1.700033 (78.224 sec/epoch), lr: 0.002940
Evaluating on dev set...
...........................
source: 	 mrr: 0.035860	 ndcg_5: 0.0285	 ndcg_10: 0.0357	 hit@1:0.009413	 hit@5:0.0485	 hit@10: 0.0710
target: 	 mrr: 0.052471	 ndcg_5: 0.0451	 ndcg_10: 0.0569	 hit@1:0.019512	 hit@5:0.0704	 hit@10: 0.1073
epoch 23: train_loss = 1.700033, source_hit@10 = 0.0710, source_ndcg@10 = 0.0357, target_hit@10 = 0.1073, target_ndcg@10 = 0.0569

2024-08-10 16:40:45.327114: step 7296/24320 (epoch 24/80), loss = 1.698730 (78.197 sec/epoch), lr: 0.002940
Evaluating on dev set...
...........................
source: 	 mrr: 0.034723	 ndcg_5: 0.0257	 ndcg_10: 0.0331	 hit@1:0.010862	 hit@5:0.0427	 hit@10: 0.0659
target: 	 mrr: 0.052470	 ndcg_5: 0.0451	 ndcg_10: 0.0564	 hit@1:0.018118	 hit@5:0.0711	 hit@10: 0.1066
epoch 24: train_loss = 1.698730, source_hit@10 = 0.0659, source_ndcg@10 = 0.0331, target_hit@10 = 0.1066, target_ndcg@10 = 0.0564

2024-08-10 16:42:05.159037: step 7600/24320 (epoch 25/80), loss = 1.689615 (79.275 sec/epoch), lr: 0.002793
Evaluating on dev set...
...........................
source: 	 mrr: 0.037684	 ndcg_5: 0.0269	 ndcg_10: 0.0358	 hit@1:0.013034	 hit@5:0.0406	 hit@10: 0.0688
target: 	 mrr: 0.050328	 ndcg_5: 0.0421	 ndcg_10: 0.0529	 hit@1:0.019512	 hit@5:0.0648	 hit@10: 0.0983
source best!
.............
source: 	 mrr: 0.037769	 ndcg_5: 0.0295	 ndcg_10: 0.0404	 hit@1:0.009202	 hit@5:0.0506	 hit@10: 0.0851
epoch 25: train_loss = 1.689615, source_hit@10 = 0.0851, source_ndcg@10 = 0.0404, target_hit@10 = 0.0983, target_ndcg@10 = 0.0529
new best model saved.

2024-08-10 16:43:23.673031: step 7904/24320 (epoch 26/80), loss = 1.686063 (77.566 sec/epoch), lr: 0.002793
Evaluating on dev set...
...........................
source: 	 mrr: 0.040824	 ndcg_5: 0.0274	 ndcg_10: 0.0397	 hit@1:0.017379	 hit@5:0.0384	 hit@10: 0.0768
target: 	 mrr: 0.038163	 ndcg_5: 0.0285	 ndcg_10: 0.0387	 hit@1:0.012544	 hit@5:0.0439	 hit@10: 0.0753
source best!
.............
source: 	 mrr: 0.033825	 ndcg_5: 0.0242	 ndcg_10: 0.0342	 hit@1:0.007669	 hit@5:0.0422	 hit@10: 0.0736
epoch 26: train_loss = 1.686063, source_hit@10 = 0.0736, source_ndcg@10 = 0.0342, target_hit@10 = 0.0753, target_ndcg@10 = 0.0387
new best model saved.

2024-08-10 16:44:42.548755: step 8208/24320 (epoch 27/80), loss = 1.684704 (77.819 sec/epoch), lr: 0.002654
Evaluating on dev set...
...........................
source: 	 mrr: 0.038047	 ndcg_5: 0.0276	 ndcg_10: 0.0355	 hit@1:0.013034	 hit@5:0.0427	 hit@10: 0.0673
target: 	 mrr: 0.051925	 ndcg_5: 0.0459	 ndcg_10: 0.0575	 hit@1:0.017422	 hit@5:0.0739	 hit@10: 0.1108
epoch 27: train_loss = 1.684704, source_hit@10 = 0.0673, source_ndcg@10 = 0.0355, target_hit@10 = 0.1108, target_ndcg@10 = 0.0575

2024-08-10 16:46:01.318469: step 8512/24320 (epoch 28/80), loss = 1.677269 (78.174 sec/epoch), lr: 0.002654
Evaluating on dev set...
...........................
source: 	 mrr: 0.038391	 ndcg_5: 0.0265	 ndcg_10: 0.0376	 hit@1:0.013034	 hit@5:0.0391	 hit@10: 0.0739
target: 	 mrr: 0.054261	 ndcg_5: 0.0467	 ndcg_10: 0.0591	 hit@1:0.022300	 hit@5:0.0725	 hit@10: 0.1108
epoch 28: train_loss = 1.677269, source_hit@10 = 0.0739, source_ndcg@10 = 0.0376, target_hit@10 = 0.1108, target_ndcg@10 = 0.0591

2024-08-10 16:47:20.016141: step 8816/24320 (epoch 29/80), loss = 1.680023 (78.115 sec/epoch), lr: 0.002654
Evaluating on dev set...
...........................
source: 	 mrr: 0.045707	 ndcg_5: 0.0349	 ndcg_10: 0.0471	 hit@1:0.016655	 hit@5:0.0514	 hit@10: 0.0898
target: 	 mrr: 0.051885	 ndcg_5: 0.0445	 ndcg_10: 0.0579	 hit@1:0.016028	 hit@5:0.0739	 hit@10: 0.1157
source best!
.............
source: 	 mrr: 0.040575	 ndcg_5: 0.0301	 ndcg_10: 0.0397	 hit@1:0.012270	 hit@5:0.0483	 hit@10: 0.0782
epoch 29: train_loss = 1.680023, source_hit@10 = 0.0782, source_ndcg@10 = 0.0397, target_hit@10 = 0.1157, target_ndcg@10 = 0.0579
new best model saved.

2024-08-10 16:48:39.221332: step 9120/24320 (epoch 30/80), loss = 1.678061 (78.227 sec/epoch), lr: 0.002654
Evaluating on dev set...
...........................
source: 	 mrr: 0.032491	 ndcg_5: 0.0215	 ndcg_10: 0.0330	 hit@1:0.005793	 hit@5:0.0384	 hit@10: 0.0746
target: 	 mrr: 0.043991	 ndcg_5: 0.0344	 ndcg_10: 0.0467	 hit@1:0.013937	 hit@5:0.0537	 hit@10: 0.0927
epoch 30: train_loss = 1.678061, source_hit@10 = 0.0746, source_ndcg@10 = 0.0330, target_hit@10 = 0.0927, target_ndcg@10 = 0.0467
shift to transfer learning mode

2024-08-10 16:49:59.192162: step 9424/24320 (epoch 31/80), loss = 1.710512 (79.382 sec/epoch), lr: 0.002521
Evaluating on dev set...
...........................
source: 	 mrr: 0.040644	 ndcg_5: 0.0281	 ndcg_10: 0.0390	 hit@1:0.013758	 hit@5:0.0434	 hit@10: 0.0775
target: 	 mrr: 0.051865	 ndcg_5: 0.0425	 ndcg_10: 0.0564	 hit@1:0.017422	 hit@5:0.0662	 hit@10: 0.1094
epoch 31: train_loss = 1.710512, source_hit@10 = 0.0775, source_ndcg@10 = 0.0390, target_hit@10 = 0.1094, target_ndcg@10 = 0.0564

2024-08-10 16:51:19.575898: step 9728/24320 (epoch 32/80), loss = 1.712089 (79.740 sec/epoch), lr: 0.002521
Evaluating on dev set...
...........................
source: 	 mrr: 0.036602	 ndcg_5: 0.0247	 ndcg_10: 0.0372	 hit@1:0.010862	 hit@5:0.0391	 hit@10: 0.0775
target: 	 mrr: 0.048604	 ndcg_5: 0.0398	 ndcg_10: 0.0548	 hit@1:0.014634	 hit@5:0.0662	 hit@10: 0.1136
epoch 32: train_loss = 1.712089, source_hit@10 = 0.0775, source_ndcg@10 = 0.0372, target_hit@10 = 0.1136, target_ndcg@10 = 0.0548

2024-08-10 16:52:38.080955: step 10032/24320 (epoch 33/80), loss = 1.705087 (77.937 sec/epoch), lr: 0.002395
Evaluating on dev set...
...........................
source: 	 mrr: 0.035645	 ndcg_5: 0.0250	 ndcg_10: 0.0362	 hit@1:0.007241	 hit@5:0.0442	 hit@10: 0.0797
target: 	 mrr: 0.042458	 ndcg_5: 0.0352	 ndcg_10: 0.0443	 hit@1:0.011150	 hit@5:0.0599	 hit@10: 0.0885
epoch 33: train_loss = 1.705087, source_hit@10 = 0.0797, source_ndcg@10 = 0.0362, target_hit@10 = 0.0885, target_ndcg@10 = 0.0443

2024-08-10 16:53:56.588198: step 10336/24320 (epoch 34/80), loss = 1.699238 (77.943 sec/epoch), lr: 0.002275
Evaluating on dev set...
...........................
source: 	 mrr: 0.031358	 ndcg_5: 0.0204	 ndcg_10: 0.0293	 hit@1:0.006517	 hit@5:0.0340	 hit@10: 0.0623
target: 	 mrr: 0.053781	 ndcg_5: 0.0462	 ndcg_10: 0.0583	 hit@1:0.022997	 hit@5:0.0697	 hit@10: 0.1080
epoch 34: train_loss = 1.699238, source_hit@10 = 0.0623, source_ndcg@10 = 0.0293, target_hit@10 = 0.1080, target_ndcg@10 = 0.0583

2024-08-10 16:55:15.610911: step 10640/24320 (epoch 35/80), loss = 1.697891 (78.382 sec/epoch), lr: 0.002275
Evaluating on dev set...
...........................
source: 	 mrr: 0.038685	 ndcg_5: 0.0277	 ndcg_10: 0.0407	 hit@1:0.007965	 hit@5:0.0485	 hit@10: 0.0891
target: 	 mrr: 0.045666	 ndcg_5: 0.0374	 ndcg_10: 0.0492	 hit@1:0.016028	 hit@5:0.0606	 hit@10: 0.0976
epoch 35: train_loss = 1.697891, source_hit@10 = 0.0891, source_ndcg@10 = 0.0407, target_hit@10 = 0.0976, target_ndcg@10 = 0.0492

2024-08-10 16:56:33.219018: step 10944/24320 (epoch 36/80), loss = 1.694403 (77.016 sec/epoch), lr: 0.002161
Evaluating on dev set...
...........................
source: 	 mrr: 0.036730	 ndcg_5: 0.0248	 ndcg_10: 0.0358	 hit@1:0.007965	 hit@5:0.0434	 hit@10: 0.0775
target: 	 mrr: 0.047271	 ndcg_5: 0.0378	 ndcg_10: 0.0536	 hit@1:0.013937	 hit@5:0.0613	 hit@10: 0.1101
epoch 36: train_loss = 1.694403, source_hit@10 = 0.0775, source_ndcg@10 = 0.0358, target_hit@10 = 0.1101, target_ndcg@10 = 0.0536

2024-08-10 16:57:51.789559: step 11248/24320 (epoch 37/80), loss = 1.687733 (77.982 sec/epoch), lr: 0.002053
Evaluating on dev set...
...........................
source: 	 mrr: 0.035972	 ndcg_5: 0.0245	 ndcg_10: 0.0338	 hit@1:0.010138	 hit@5:0.0391	 hit@10: 0.0681
target: 	 mrr: 0.044760	 ndcg_5: 0.0367	 ndcg_10: 0.0511	 hit@1:0.010453	 hit@5:0.0641	 hit@10: 0.1087
epoch 37: train_loss = 1.687733, source_hit@10 = 0.0681, source_ndcg@10 = 0.0338, target_hit@10 = 0.1087, target_ndcg@10 = 0.0511

2024-08-10 16:59:10.550429: step 11552/24320 (epoch 38/80), loss = 1.680642 (78.169 sec/epoch), lr: 0.001951
Evaluating on dev set...
...........................
source: 	 mrr: 0.035538	 ndcg_5: 0.0240	 ndcg_10: 0.0372	 hit@1:0.007965	 hit@5:0.0420	 hit@10: 0.0833
target: 	 mrr: 0.050644	 ndcg_5: 0.0428	 ndcg_10: 0.0565	 hit@1:0.017422	 hit@5:0.0690	 hit@10: 0.1122
epoch 38: train_loss = 1.680642, source_hit@10 = 0.0833, source_ndcg@10 = 0.0372, target_hit@10 = 0.1122, target_ndcg@10 = 0.0565

2024-08-10 17:00:28.599183: step 11856/24320 (epoch 39/80), loss = 1.680167 (77.472 sec/epoch), lr: 0.001951
Evaluating on dev set...
...........................
source: 	 mrr: 0.039797	 ndcg_5: 0.0292	 ndcg_10: 0.0384	 hit@1:0.010138	 hit@5:0.0492	 hit@10: 0.0775
target: 	 mrr: 0.048103	 ndcg_5: 0.0383	 ndcg_10: 0.0521	 hit@1:0.019512	 hit@5:0.0599	 hit@10: 0.1024
epoch 39: train_loss = 1.680167, source_hit@10 = 0.0775, source_ndcg@10 = 0.0384, target_hit@10 = 0.1024, target_ndcg@10 = 0.0521

2024-08-10 17:01:47.323399: step 12160/24320 (epoch 40/80), loss = 1.681690 (78.120 sec/epoch), lr: 0.001951
Evaluating on dev set...
...........................
source: 	 mrr: 0.039939	 ndcg_5: 0.0282	 ndcg_10: 0.0421	 hit@1:0.008689	 hit@5:0.0485	 hit@10: 0.0927
target: 	 mrr: 0.050521	 ndcg_5: 0.0413	 ndcg_10: 0.0544	 hit@1:0.018118	 hit@5:0.0634	 hit@10: 0.1038
epoch 40: train_loss = 1.681690, source_hit@10 = 0.0927, source_ndcg@10 = 0.0421, target_hit@10 = 0.1038, target_ndcg@10 = 0.0544

2024-08-10 17:03:05.680966: step 12464/24320 (epoch 41/80), loss = 1.676779 (77.795 sec/epoch), lr: 0.001951
Evaluating on dev set...
...........................
source: 	 mrr: 0.034258	 ndcg_5: 0.0255	 ndcg_10: 0.0327	 hit@1:0.007965	 hit@5:0.0434	 hit@10: 0.0659
target: 	 mrr: 0.043565	 ndcg_5: 0.0331	 ndcg_10: 0.0457	 hit@1:0.015331	 hit@5:0.0523	 hit@10: 0.0920
epoch 41: train_loss = 1.676779, source_hit@10 = 0.0659, source_ndcg@10 = 0.0327, target_hit@10 = 0.0920, target_ndcg@10 = 0.0457

2024-08-10 17:04:25.113780: step 12768/24320 (epoch 42/80), loss = 1.675334 (78.860 sec/epoch), lr: 0.001853
Evaluating on dev set...
...........................
source: 	 mrr: 0.038398	 ndcg_5: 0.0275	 ndcg_10: 0.0375	 hit@1:0.009413	 hit@5:0.0456	 hit@10: 0.0775
target: 	 mrr: 0.051111	 ndcg_5: 0.0391	 ndcg_10: 0.0577	 hit@1:0.018815	 hit@5:0.0592	 hit@10: 0.1164
epoch 42: train_loss = 1.675334, source_hit@10 = 0.0775, source_ndcg@10 = 0.0375, target_hit@10 = 0.1164, target_ndcg@10 = 0.0577

2024-08-10 17:05:43.446427: step 13072/24320 (epoch 43/80), loss = 1.669904 (77.767 sec/epoch), lr: 0.001853
Evaluating on dev set...
...........................
source: 	 mrr: 0.041229	 ndcg_5: 0.0287	 ndcg_10: 0.0400	 hit@1:0.012310	 hit@5:0.0449	 hit@10: 0.0804
target: 	 mrr: 0.047684	 ndcg_5: 0.0352	 ndcg_10: 0.0512	 hit@1:0.016725	 hit@5:0.0537	 hit@10: 0.1031
epoch 43: train_loss = 1.669904, source_hit@10 = 0.0804, source_ndcg@10 = 0.0400, target_hit@10 = 0.1031, target_ndcg@10 = 0.0512

2024-08-10 17:07:00.692465: step 13376/24320 (epoch 44/80), loss = 1.665836 (76.674 sec/epoch), lr: 0.001761
Evaluating on dev set...
...........................
source: 	 mrr: 0.038940	 ndcg_5: 0.0255	 ndcg_10: 0.0400	 hit@1:0.008689	 hit@5:0.0434	 hit@10: 0.0883
target: 	 mrr: 0.050646	 ndcg_5: 0.0412	 ndcg_10: 0.0558	 hit@1:0.018815	 hit@5:0.0634	 hit@10: 0.1087
epoch 44: train_loss = 1.665836, source_hit@10 = 0.0883, source_ndcg@10 = 0.0400, target_hit@10 = 0.1087, target_ndcg@10 = 0.0558

2024-08-10 17:08:17.555394: step 13680/24320 (epoch 45/80), loss = 1.666962 (76.309 sec/epoch), lr: 0.001761
Evaluating on dev set...
...........................
source: 	 mrr: 0.037972	 ndcg_5: 0.0268	 ndcg_10: 0.0411	 hit@1:0.005793	 hit@5:0.0485	 hit@10: 0.0934
target: 	 mrr: 0.051670	 ndcg_5: 0.0440	 ndcg_10: 0.0549	 hit@1:0.019512	 hit@5:0.0690	 hit@10: 0.1031
epoch 45: train_loss = 1.666962, source_hit@10 = 0.0934, source_ndcg@10 = 0.0411, target_hit@10 = 0.1031, target_ndcg@10 = 0.0549

2024-08-10 17:09:36.887589: step 13984/24320 (epoch 46/80), loss = 1.663980 (78.725 sec/epoch), lr: 0.001761
Evaluating on dev set...
...........................
source: 	 mrr: 0.038710	 ndcg_5: 0.0247	 ndcg_10: 0.0380	 hit@1:0.009413	 hit@5:0.0406	 hit@10: 0.0818
target: 	 mrr: 0.048777	 ndcg_5: 0.0385	 ndcg_10: 0.0514	 hit@1:0.016725	 hit@5:0.0585	 hit@10: 0.0990
epoch 46: train_loss = 1.663980, source_hit@10 = 0.0818, source_ndcg@10 = 0.0380, target_hit@10 = 0.0990, target_ndcg@10 = 0.0514

2024-08-10 17:10:56.805494: step 14288/24320 (epoch 47/80), loss = 1.660571 (79.323 sec/epoch), lr: 0.001672
Evaluating on dev set...
...........................
source: 	 mrr: 0.036429	 ndcg_5: 0.0226	 ndcg_10: 0.0365	 hit@1:0.007241	 hit@5:0.0377	 hit@10: 0.0804
target: 	 mrr: 0.042101	 ndcg_5: 0.0302	 ndcg_10: 0.0471	 hit@1:0.012544	 hit@5:0.0481	 hit@10: 0.1003
epoch 47: train_loss = 1.660571, source_hit@10 = 0.0804, source_ndcg@10 = 0.0365, target_hit@10 = 0.1003, target_ndcg@10 = 0.0471

2024-08-10 17:12:15.870396: step 14592/24320 (epoch 48/80), loss = 1.656385 (78.479 sec/epoch), lr: 0.001589
Evaluating on dev set...
...........................
source: 	 mrr: 0.045979	 ndcg_5: 0.0338	 ndcg_10: 0.0484	 hit@1:0.013758	 hit@5:0.0543	 hit@10: 0.1007
target: 	 mrr: 0.054433	 ndcg_5: 0.0471	 ndcg_10: 0.0611	 hit@1:0.020209	 hit@5:0.0739	 hit@10: 0.1185
source best!
.............
source: 	 mrr: 0.045569	 ndcg_5: 0.0351	 ndcg_10: 0.0502	 hit@1:0.012270	 hit@5:0.0590	 hit@10: 0.1058
epoch 48: train_loss = 1.656385, source_hit@10 = 0.1058, source_ndcg@10 = 0.0502, target_hit@10 = 0.1185, target_ndcg@10 = 0.0611
new best model saved.

2024-08-10 17:13:34.877131: step 14896/24320 (epoch 49/80), loss = 1.654479 (78.012 sec/epoch), lr: 0.001589
Evaluating on dev set...
...........................
source: 	 mrr: 0.043329	 ndcg_5: 0.0332	 ndcg_10: 0.0438	 hit@1:0.015206	 hit@5:0.0529	 hit@10: 0.0854
target: 	 mrr: 0.048700	 ndcg_5: 0.0373	 ndcg_10: 0.0539	 hit@1:0.017422	 hit@5:0.0578	 hit@10: 0.1101
epoch 49: train_loss = 1.654479, source_hit@10 = 0.0854, source_ndcg@10 = 0.0438, target_hit@10 = 0.1101, target_ndcg@10 = 0.0539

2024-08-10 17:14:52.580999: step 15200/24320 (epoch 50/80), loss = 1.650018 (77.114 sec/epoch), lr: 0.001509
Evaluating on dev set...
...........................
source: 	 mrr: 0.038875	 ndcg_5: 0.0275	 ndcg_10: 0.0406	 hit@1:0.010138	 hit@5:0.0478	 hit@10: 0.0883
target: 	 mrr: 0.051258	 ndcg_5: 0.0439	 ndcg_10: 0.0560	 hit@1:0.017422	 hit@5:0.0704	 hit@10: 0.1087
epoch 50: train_loss = 1.650018, source_hit@10 = 0.0883, source_ndcg@10 = 0.0406, target_hit@10 = 0.1087, target_ndcg@10 = 0.0560

2024-08-10 17:16:11.070619: step 15504/24320 (epoch 51/80), loss = 1.645524 (77.885 sec/epoch), lr: 0.001434
Evaluating on dev set...
...........................
source: 	 mrr: 0.039272	 ndcg_5: 0.0303	 ndcg_10: 0.0391	 hit@1:0.009413	 hit@5:0.0514	 hit@10: 0.0789
target: 	 mrr: 0.046531	 ndcg_5: 0.0374	 ndcg_10: 0.0503	 hit@1:0.016725	 hit@5:0.0599	 hit@10: 0.1003
epoch 51: train_loss = 1.645524, source_hit@10 = 0.0789, source_ndcg@10 = 0.0391, target_hit@10 = 0.1003, target_ndcg@10 = 0.0503

2024-08-10 17:17:29.965557: step 15808/24320 (epoch 52/80), loss = 1.641072 (78.309 sec/epoch), lr: 0.001362
Evaluating on dev set...
...........................
source: 	 mrr: 0.045981	 ndcg_5: 0.0355	 ndcg_10: 0.0473	 hit@1:0.013758	 hit@5:0.0579	 hit@10: 0.0949
target: 	 mrr: 0.053875	 ndcg_5: 0.0441	 ndcg_10: 0.0576	 hit@1:0.021603	 hit@5:0.0669	 hit@10: 0.1087
source best!
.............
source: 	 mrr: 0.042847	 ndcg_5: 0.0321	 ndcg_10: 0.0442	 hit@1:0.012270	 hit@5:0.0529	 hit@10: 0.0905
epoch 52: train_loss = 1.641072, source_hit@10 = 0.0905, source_ndcg@10 = 0.0442, target_hit@10 = 0.1087, target_ndcg@10 = 0.0576
new best model saved.

2024-08-10 17:18:48.950375: step 16112/24320 (epoch 53/80), loss = 1.639215 (78.015 sec/epoch), lr: 0.001362
Evaluating on dev set...
...........................
source: 	 mrr: 0.038766	 ndcg_5: 0.0287	 ndcg_10: 0.0383	 hit@1:0.010862	 hit@5:0.0463	 hit@10: 0.0768
target: 	 mrr: 0.042940	 ndcg_5: 0.0343	 ndcg_10: 0.0444	 hit@1:0.016725	 hit@5:0.0530	 hit@10: 0.0843
epoch 53: train_loss = 1.639215, source_hit@10 = 0.0768, source_ndcg@10 = 0.0383, target_hit@10 = 0.0843, target_ndcg@10 = 0.0444

2024-08-10 17:20:09.131829: step 16416/24320 (epoch 54/80), loss = 1.632057 (79.564 sec/epoch), lr: 0.001294
Evaluating on dev set...
...........................
source: 	 mrr: 0.036898	 ndcg_5: 0.0275	 ndcg_10: 0.0383	 hit@1:0.011586	 hit@5:0.0449	 hit@10: 0.0789
target: 	 mrr: 0.043424	 ndcg_5: 0.0317	 ndcg_10: 0.0475	 hit@1:0.014634	 hit@5:0.0474	 hit@10: 0.0969
epoch 54: train_loss = 1.632057, source_hit@10 = 0.0789, source_ndcg@10 = 0.0383, target_hit@10 = 0.0969, target_ndcg@10 = 0.0475

2024-08-10 17:21:26.324756: step 16720/24320 (epoch 55/80), loss = 1.630065 (76.628 sec/epoch), lr: 0.001229
Evaluating on dev set...
...........................
source: 	 mrr: 0.042199	 ndcg_5: 0.0302	 ndcg_10: 0.0431	 hit@1:0.010862	 hit@5:0.0507	 hit@10: 0.0898
target: 	 mrr: 0.034470	 ndcg_5: 0.0264	 ndcg_10: 0.0355	 hit@1:0.007666	 hit@5:0.0460	 hit@10: 0.0746
epoch 55: train_loss = 1.630065, source_hit@10 = 0.0898, source_ndcg@10 = 0.0431, target_hit@10 = 0.0746, target_ndcg@10 = 0.0355

2024-08-10 17:22:44.734888: step 17024/24320 (epoch 56/80), loss = 1.624194 (77.841 sec/epoch), lr: 0.001168
Evaluating on dev set...
...........................
source: 	 mrr: 0.032908	 ndcg_5: 0.0240	 ndcg_10: 0.0346	 hit@1:0.003621	 hit@5:0.0463	 hit@10: 0.0797
target: 	 mrr: 0.050415	 ndcg_5: 0.0432	 ndcg_10: 0.0559	 hit@1:0.019512	 hit@5:0.0662	 hit@10: 0.1059
epoch 56: train_loss = 1.624194, source_hit@10 = 0.0797, source_ndcg@10 = 0.0346, target_hit@10 = 0.1059, target_ndcg@10 = 0.0559

2024-08-10 17:24:02.826087: step 17328/24320 (epoch 57/80), loss = 1.618989 (77.525 sec/epoch), lr: 0.001168
Evaluating on dev set...
...........................
source: 	 mrr: 0.037068	 ndcg_5: 0.0236	 ndcg_10: 0.0375	 hit@1:0.007965	 hit@5:0.0406	 hit@10: 0.0840
target: 	 mrr: 0.053415	 ndcg_5: 0.0442	 ndcg_10: 0.0594	 hit@1:0.020906	 hit@5:0.0669	 hit@10: 0.1143
epoch 57: train_loss = 1.618989, source_hit@10 = 0.0840, source_ndcg@10 = 0.0375, target_hit@10 = 0.1143, target_ndcg@10 = 0.0594

2024-08-10 17:25:21.879071: step 17632/24320 (epoch 58/80), loss = 1.618915 (78.469 sec/epoch), lr: 0.001168
Evaluating on dev set...
...........................
source: 	 mrr: 0.039376	 ndcg_5: 0.0293	 ndcg_10: 0.0417	 hit@1:0.008689	 hit@5:0.0507	 hit@10: 0.0891
target: 	 mrr: 0.054328	 ndcg_5: 0.0459	 ndcg_10: 0.0593	 hit@1:0.021603	 hit@5:0.0690	 hit@10: 0.1101
epoch 58: train_loss = 1.618915, source_hit@10 = 0.0891, source_ndcg@10 = 0.0417, target_hit@10 = 0.1101, target_ndcg@10 = 0.0593

2024-08-10 17:26:41.054494: step 17936/24320 (epoch 59/80), loss = 1.617424 (78.576 sec/epoch), lr: 0.001168
Evaluating on dev set...
...........................
source: 	 mrr: 0.038369	 ndcg_5: 0.0277	 ndcg_10: 0.0408	 hit@1:0.006517	 hit@5:0.0500	 hit@10: 0.0912
target: 	 mrr: 0.055663	 ndcg_5: 0.0472	 ndcg_10: 0.0588	 hit@1:0.026481	 hit@5:0.0683	 hit@10: 0.1045
epoch 59: train_loss = 1.617424, source_hit@10 = 0.0912, source_ndcg@10 = 0.0408, target_hit@10 = 0.1045, target_ndcg@10 = 0.0588

2024-08-10 17:28:00.112028: step 18240/24320 (epoch 60/80), loss = 1.615760 (78.496 sec/epoch), lr: 0.001168
Evaluating on dev set...
...........................
source: 	 mrr: 0.042985	 ndcg_5: 0.0315	 ndcg_10: 0.0432	 hit@1:0.013758	 hit@5:0.0500	 hit@10: 0.0869
target: 	 mrr: 0.052839	 ndcg_5: 0.0448	 ndcg_10: 0.0549	 hit@1:0.020906	 hit@5:0.0690	 hit@10: 0.1003
epoch 60: train_loss = 1.615760, source_hit@10 = 0.0869, source_ndcg@10 = 0.0432, target_hit@10 = 0.1003, target_ndcg@10 = 0.0549

2024-08-10 17:29:18.583985: step 18544/24320 (epoch 61/80), loss = 1.610078 (77.898 sec/epoch), lr: 0.001168
Evaluating on dev set...
...........................
source: 	 mrr: 0.041451	 ndcg_5: 0.0330	 ndcg_10: 0.0443	 hit@1:0.010862	 hit@5:0.0565	 hit@10: 0.0912
target: 	 mrr: 0.047887	 ndcg_5: 0.0396	 ndcg_10: 0.0525	 hit@1:0.017422	 hit@5:0.0620	 hit@10: 0.1024
epoch 61: train_loss = 1.610078, source_hit@10 = 0.0912, source_ndcg@10 = 0.0443, target_hit@10 = 0.1024, target_ndcg@10 = 0.0525

2024-08-10 17:30:36.520308: step 18848/24320 (epoch 62/80), loss = 1.604440 (77.375 sec/epoch), lr: 0.001110
Evaluating on dev set...
...........................
source: 	 mrr: 0.044108	 ndcg_5: 0.0349	 ndcg_10: 0.0467	 hit@1:0.009413	 hit@5:0.0608	 hit@10: 0.0970
target: 	 mrr: 0.043253	 ndcg_5: 0.0370	 ndcg_10: 0.0463	 hit@1:0.014634	 hit@5:0.0613	 hit@10: 0.0906
epoch 62: train_loss = 1.604440, source_hit@10 = 0.0970, source_ndcg@10 = 0.0467, target_hit@10 = 0.0906, target_ndcg@10 = 0.0463

2024-08-10 17:31:54.999659: step 19152/24320 (epoch 63/80), loss = 1.600055 (77.914 sec/epoch), lr: 0.001054
Evaluating on dev set...
...........................
source: 	 mrr: 0.049138	 ndcg_5: 0.0375	 ndcg_10: 0.0515	 hit@1:0.018103	 hit@5:0.0572	 hit@10: 0.1014
target: 	 mrr: 0.047815	 ndcg_5: 0.0402	 ndcg_10: 0.0525	 hit@1:0.016725	 hit@5:0.0648	 hit@10: 0.1024
source best!
.............
source: 	 mrr: 0.047833	 ndcg_5: 0.0356	 ndcg_10: 0.0481	 hit@1:0.018405	 hit@5:0.0521	 hit@10: 0.0913
epoch 63: train_loss = 1.600055, source_hit@10 = 0.0913, source_ndcg@10 = 0.0481, target_hit@10 = 0.1024, target_ndcg@10 = 0.0525
new best model saved.

2024-08-10 17:33:16.950892: step 19456/24320 (epoch 64/80), loss = 1.597221 (81.007 sec/epoch), lr: 0.001054
Evaluating on dev set...
...........................
source: 	 mrr: 0.043222	 ndcg_5: 0.0345	 ndcg_10: 0.0467	 hit@1:0.009413	 hit@5:0.0601	 hit@10: 0.0985
target: 	 mrr: 0.048006	 ndcg_5: 0.0391	 ndcg_10: 0.0518	 hit@1:0.018815	 hit@5:0.0585	 hit@10: 0.0990
epoch 64: train_loss = 1.597221, source_hit@10 = 0.0985, source_ndcg@10 = 0.0467, target_hit@10 = 0.0990, target_ndcg@10 = 0.0518

2024-08-10 17:34:35.116007: step 19760/24320 (epoch 65/80), loss = 1.589834 (77.557 sec/epoch), lr: 0.001001
Evaluating on dev set...
...........................
source: 	 mrr: 0.042302	 ndcg_5: 0.0304	 ndcg_10: 0.0401	 hit@1:0.013758	 hit@5:0.0463	 hit@10: 0.0775
target: 	 mrr: 0.051594	 ndcg_5: 0.0449	 ndcg_10: 0.0571	 hit@1:0.020209	 hit@5:0.0697	 hit@10: 0.1080
epoch 65: train_loss = 1.589834, source_hit@10 = 0.0775, source_ndcg@10 = 0.0401, target_hit@10 = 0.1080, target_ndcg@10 = 0.0571

2024-08-10 17:35:53.851125: step 20064/24320 (epoch 66/80), loss = 1.586642 (78.170 sec/epoch), lr: 0.001001
Evaluating on dev set...
...........................
source: 	 mrr: 0.038999	 ndcg_5: 0.0273	 ndcg_10: 0.0391	 hit@1:0.010862	 hit@5:0.0434	 hit@10: 0.0797
target: 	 mrr: 0.050952	 ndcg_5: 0.0432	 ndcg_10: 0.0543	 hit@1:0.019512	 hit@5:0.0662	 hit@10: 0.1003
epoch 66: train_loss = 1.586642, source_hit@10 = 0.0797, source_ndcg@10 = 0.0391, target_hit@10 = 0.1003, target_ndcg@10 = 0.0543

2024-08-10 17:37:11.912100: step 20368/24320 (epoch 67/80), loss = 1.583729 (77.450 sec/epoch), lr: 0.000951
Evaluating on dev set...
...........................
source: 	 mrr: 0.043042	 ndcg_5: 0.0330	 ndcg_10: 0.0450	 hit@1:0.013758	 hit@5:0.0543	 hit@10: 0.0912
target: 	 mrr: 0.050531	 ndcg_5: 0.0439	 ndcg_10: 0.0543	 hit@1:0.018815	 hit@5:0.0690	 hit@10: 0.1017
epoch 67: train_loss = 1.583729, source_hit@10 = 0.0912, source_ndcg@10 = 0.0450, target_hit@10 = 0.1017, target_ndcg@10 = 0.0543

2024-08-10 17:38:27.555178: step 20672/24320 (epoch 68/80), loss = 1.580626 (75.070 sec/epoch), lr: 0.000951
Evaluating on dev set...
...........................
source: 	 mrr: 0.042734	 ndcg_5: 0.0315	 ndcg_10: 0.0441	 hit@1:0.013758	 hit@5:0.0507	 hit@10: 0.0898
target: 	 mrr: 0.049951	 ndcg_5: 0.0433	 ndcg_10: 0.0549	 hit@1:0.018118	 hit@5:0.0676	 hit@10: 0.1031
epoch 68: train_loss = 1.580626, source_hit@10 = 0.0898, source_ndcg@10 = 0.0441, target_hit@10 = 0.1031, target_ndcg@10 = 0.0549

2024-08-10 17:39:44.438629: step 20976/24320 (epoch 69/80), loss = 1.575144 (76.327 sec/epoch), lr: 0.000904
Evaluating on dev set...
...........................
source: 	 mrr: 0.038370	 ndcg_5: 0.0272	 ndcg_10: 0.0396	 hit@1:0.008689	 hit@5:0.0463	 hit@10: 0.0847
target: 	 mrr: 0.050693	 ndcg_5: 0.0419	 ndcg_10: 0.0531	 hit@1:0.020209	 hit@5:0.0641	 hit@10: 0.0983
epoch 69: train_loss = 1.575144, source_hit@10 = 0.0847, source_ndcg@10 = 0.0396, target_hit@10 = 0.0983, target_ndcg@10 = 0.0531

2024-08-10 17:41:02.299606: step 21280/24320 (epoch 70/80), loss = 1.572407 (77.278 sec/epoch), lr: 0.000859
Evaluating on dev set...
...........................
source: 	 mrr: 0.042656	 ndcg_5: 0.0306	 ndcg_10: 0.0442	 hit@1:0.013758	 hit@5:0.0471	 hit@10: 0.0898
target: 	 mrr: 0.050434	 ndcg_5: 0.0416	 ndcg_10: 0.0570	 hit@1:0.018815	 hit@5:0.0648	 hit@10: 0.1136
epoch 70: train_loss = 1.572407, source_hit@10 = 0.0898, source_ndcg@10 = 0.0442, target_hit@10 = 0.1136, target_ndcg@10 = 0.0570

2024-08-10 17:42:17.927290: step 21584/24320 (epoch 71/80), loss = 1.567701 (75.077 sec/epoch), lr: 0.000859
Evaluating on dev set...
...........................
source: 	 mrr: 0.043486	 ndcg_5: 0.0333	 ndcg_10: 0.0425	 hit@1:0.015206	 hit@5:0.0521	 hit@10: 0.0811
target: 	 mrr: 0.047225	 ndcg_5: 0.0369	 ndcg_10: 0.0505	 hit@1:0.016028	 hit@5:0.0557	 hit@10: 0.0990
epoch 71: train_loss = 1.567701, source_hit@10 = 0.0811, source_ndcg@10 = 0.0425, target_hit@10 = 0.0990, target_ndcg@10 = 0.0505

2024-08-10 17:43:33.869298: step 21888/24320 (epoch 72/80), loss = 1.562360 (75.392 sec/epoch), lr: 0.000816
Evaluating on dev set...
...........................
source: 	 mrr: 0.042507	 ndcg_5: 0.0313	 ndcg_10: 0.0434	 hit@1:0.014482	 hit@5:0.0492	 hit@10: 0.0869
target: 	 mrr: 0.050163	 ndcg_5: 0.0415	 ndcg_10: 0.0523	 hit@1:0.021603	 hit@5:0.0613	 hit@10: 0.0948
epoch 72: train_loss = 1.562360, source_hit@10 = 0.0869, source_ndcg@10 = 0.0434, target_hit@10 = 0.0948, target_ndcg@10 = 0.0523

2024-08-10 17:44:50.366271: step 22192/24320 (epoch 73/80), loss = 1.563603 (75.915 sec/epoch), lr: 0.000816
Evaluating on dev set...
...........................
source: 	 mrr: 0.045363	 ndcg_5: 0.0350	 ndcg_10: 0.0447	 hit@1:0.015206	 hit@5:0.0543	 hit@10: 0.0847
target: 	 mrr: 0.049766	 ndcg_5: 0.0430	 ndcg_10: 0.0526	 hit@1:0.019512	 hit@5:0.0676	 hit@10: 0.0983
epoch 73: train_loss = 1.563603, source_hit@10 = 0.0847, source_ndcg@10 = 0.0447, target_hit@10 = 0.0983, target_ndcg@10 = 0.0526

2024-08-10 17:46:07.347749: step 22496/24320 (epoch 74/80), loss = 1.562725 (76.430 sec/epoch), lr: 0.000816
Evaluating on dev set...
...........................
source: 	 mrr: 0.041163	 ndcg_5: 0.0307	 ndcg_10: 0.0413	 hit@1:0.011586	 hit@5:0.0500	 hit@10: 0.0833
target: 	 mrr: 0.045978	 ndcg_5: 0.0365	 ndcg_10: 0.0472	 hit@1:0.019512	 hit@5:0.0551	 hit@10: 0.0885
epoch 74: train_loss = 1.562725, source_hit@10 = 0.0833, source_ndcg@10 = 0.0413, target_hit@10 = 0.0885, target_ndcg@10 = 0.0472

2024-08-10 17:47:24.798771: step 22800/24320 (epoch 75/80), loss = 1.555410 (76.870 sec/epoch), lr: 0.000775
Evaluating on dev set...
...........................
source: 	 mrr: 0.039218	 ndcg_5: 0.0262	 ndcg_10: 0.0388	 hit@1:0.011586	 hit@5:0.0398	 hit@10: 0.0789
target: 	 mrr: 0.040416	 ndcg_5: 0.0322	 ndcg_10: 0.0437	 hit@1:0.011847	 hit@5:0.0530	 hit@10: 0.0885
epoch 75: train_loss = 1.555410, source_hit@10 = 0.0789, source_ndcg@10 = 0.0388, target_hit@10 = 0.0885, target_ndcg@10 = 0.0437

2024-08-10 17:48:41.880828: step 23104/24320 (epoch 76/80), loss = 1.554479 (76.520 sec/epoch), lr: 0.000736
Evaluating on dev set...
...........................
source: 	 mrr: 0.045645	 ndcg_5: 0.0343	 ndcg_10: 0.0454	 hit@1:0.018827	 hit@5:0.0514	 hit@10: 0.0862
target: 	 mrr: 0.046747	 ndcg_5: 0.0368	 ndcg_10: 0.0504	 hit@1:0.016725	 hit@5:0.0557	 hit@10: 0.0983
epoch 76: train_loss = 1.554479, source_hit@10 = 0.0862, source_ndcg@10 = 0.0454, target_hit@10 = 0.0983, target_ndcg@10 = 0.0504

2024-08-10 17:49:58.897668: step 23408/24320 (epoch 77/80), loss = 1.554277 (76.442 sec/epoch), lr: 0.000736
Evaluating on dev set...
...........................
source: 	 mrr: 0.037613	 ndcg_5: 0.0253	 ndcg_10: 0.0348	 hit@1:0.010862	 hit@5:0.0384	 hit@10: 0.0681
target: 	 mrr: 0.039221	 ndcg_5: 0.0316	 ndcg_10: 0.0406	 hit@1:0.011150	 hit@5:0.0516	 hit@10: 0.0794
epoch 77: train_loss = 1.554277, source_hit@10 = 0.0681, source_ndcg@10 = 0.0348, target_hit@10 = 0.0794, target_ndcg@10 = 0.0406

2024-08-10 17:51:16.230652: step 23712/24320 (epoch 78/80), loss = 1.547685 (76.768 sec/epoch), lr: 0.000699
Evaluating on dev set...
...........................
source: 	 mrr: 0.041012	 ndcg_5: 0.0303	 ndcg_10: 0.0397	 hit@1:0.013758	 hit@5:0.0463	 hit@10: 0.0760
target: 	 mrr: 0.043795	 ndcg_5: 0.0345	 ndcg_10: 0.0482	 hit@1:0.013240	 hit@5:0.0544	 hit@10: 0.0962
epoch 78: train_loss = 1.547685, source_hit@10 = 0.0760, source_ndcg@10 = 0.0397, target_hit@10 = 0.0962, target_ndcg@10 = 0.0482

2024-08-10 17:52:33.690626: step 24016/24320 (epoch 79/80), loss = 1.547197 (76.902 sec/epoch), lr: 0.000699
Evaluating on dev set...
...........................
source: 	 mrr: 0.043568	 ndcg_5: 0.0321	 ndcg_10: 0.0443	 hit@1:0.014482	 hit@5:0.0485	 hit@10: 0.0869
target: 	 mrr: 0.043747	 ndcg_5: 0.0329	 ndcg_10: 0.0481	 hit@1:0.013937	 hit@5:0.0544	 hit@10: 0.1010
epoch 79: train_loss = 1.547197, source_hit@10 = 0.0869, source_ndcg@10 = 0.0443, target_hit@10 = 0.1010, target_ndcg@10 = 0.0481

2024-08-10 17:53:50.946894: step 24320/24320 (epoch 80/80), loss = 1.545262 (76.668 sec/epoch), lr: 0.000699
Evaluating on dev set...
...........................
source: 	 mrr: 0.039817	 ndcg_5: 0.0310	 ndcg_10: 0.0396	 hit@1:0.013034	 hit@5:0.0507	 hit@10: 0.0782
target: 	 mrr: 0.039892	 ndcg_5: 0.0291	 ndcg_10: 0.0438	 hit@1:0.011150	 hit@5:0.0481	 hit@10: 0.0941
epoch 80: train_loss = 1.545262, source_hit@10 = 0.0782, source_ndcg@10 = 0.0396, target_hit@10 = 0.0941, target_ndcg@10 = 0.0438

