nohup: ignoring input
/home1/lhr/anaconda3/envs/torch/lib/python3.8/site-packages/torch_geometric/typing.py:54: UserWarning: An issue occurred while importing 'pyg-lib'. Disabling its usage. Stacktrace: /lib/x86_64-linux-gnu/libm.so.6: version `GLIBC_2.29' not found (required by /home1/lhr/anaconda3/envs/torch/lib/python3.8/site-packages/libpyg.so)
  warnings.warn(f"An issue occurred while importing 'pyg-lib'. "
/home1/lhr/anaconda3/envs/torch/lib/python3.8/site-packages/torch_geometric/typing.py:110: UserWarning: An issue occurred while importing 'torch-sparse'. Disabling its usage. Stacktrace: /lib/x86_64-linux-gnu/libm.so.6: version `GLIBC_2.29' not found (required by /home1/lhr/anaconda3/envs/torch/lib/python3.8/site-packages/libpyg.so)
  warnings.warn(f"An issue occurred while importing 'torch-sparse'. "
using gpu:7 to train the model
using gpu:7 to train the model
cuda:7
Namespace(A_split=False, JK='sum', a_fold=100, aggregate=False, alpha=0.5, batch_size=1024, beta_inter=0.2, conv_layers=4, cuda=True, decay_epoch=10, device=device(type='cuda', index=7), device_id='7', domains='game_video', dropout=0.4, epoch=80, feature_dim=126, gamma_intra=0.8, hidden_dim=126, inter_tau=0.2, intra_tau=0.4, lambda_critic=0.1, leakey=0.05, load=False, log='logs.txt', log_epoch=1, lr=0.004, lr_decay=0.95, min_epoch=50, mode='train', model_file=None, model_name='gv', momentum=0.98, num_latent_factors=3, num_negative=100, optim='adam', patience=20, proj_layers=1, projection=1, rectify_epoch=30, residual=1, save=False, save_dir='./saved_models', seed=32, similarity_tau=0.9, test_sample_number=999, user_batch_size=256, weight_decay=0.0002)
number_user 25025
number_item 12319
/home1/lhr/invariantCDR/invariantCDR/utils/GraphMaker.py:46: RuntimeWarning: divide by zero encountered in power
  r_inv = np.power(rowsum, -1).flatten()
/home1/lhr/invariantCDR/invariantCDR/utils/GraphMaker.py:72: UserWarning: torch.sparse.SparseTensor(indices, values, shape, *, device=) is deprecated.  Please use torch.sparse_coo_tensor(indices, values, shape, dtype=, device=). (Triggered internally at /opt/conda/conda-bld/pytorch_1711403590347/work/torch/csrc/utils/tensor_new.cpp:618.)
  return torch.sparse.FloatTensor(indices, values, shape)
real graph loaded!
number_user 19457
number_item 8751
real graph loaded!
graph loaded!
Loading data from game_video with batch size 1024...
unseen test: 0
test length: 1381
unseen test: 0
test length: 1304
unseen test: 0
test length: 1435
unseen test: 0
test length: 1458
source_user_num 25025
target_user_num 19457
source_item_num 12319
target_item_num 8751
shared users id: 1737
test users 226, 217
unseen test: 0
dev length: 1000
unseen test: 0
dev length: 1000
source train data : 155036, target train data: 156091, source test data : 1304, target test data : 1458, source dev data : 1000, target dev data : 1000
2024-08-11 18:09:26.072650: step 304/24320 (epoch 1/80), loss = 2.149865 (94.945 sec/epoch), lr: 0.004000
Evaluating on dev set...
...........................
source: 	 mrr: 0.029266	 ndcg_5: 0.0188	 ndcg_10: 0.0301	 hit@1:0.007241	 hit@5:0.0311	 hit@10: 0.0666
target: 	 mrr: 0.031395	 ndcg_5: 0.0223	 ndcg_10: 0.0293	 hit@1:0.009059	 hit@5:0.0355	 hit@10: 0.0578
source best!
.............
source: 	 mrr: 0.032042	 ndcg_5: 0.0223	 ndcg_10: 0.0323	 hit@1:0.008436	 hit@5:0.0360	 hit@10: 0.0667
target best!
..............target: 	 mrr: 0.033919	 ndcg_5: 0.0245	 ndcg_10: 0.0331	 hit@1:0.013032	 hit@5:0.0364	 hit@10: 0.0631
epoch 1: train_loss = 2.149865, source_mrr = 0.032042, source_hit@10 = 0.0667, source_ndcg@10 = 0.0323, target_mrr = 0.033919, target_hit@10 = 0.0631, target_ndcg@10 = 0.0331

2024-08-11 18:11:00.329450: step 608/24320 (epoch 2/80), loss = 1.846349 (92.321 sec/epoch), lr: 0.004000
Evaluating on dev set...
...........................
source: 	 mrr: 0.034562	 ndcg_5: 0.0240	 ndcg_10: 0.0314	 hit@1:0.013758	 hit@5:0.0340	 hit@10: 0.0572
target: 	 mrr: 0.034441	 ndcg_5: 0.0262	 ndcg_10: 0.0343	 hit@1:0.009059	 hit@5:0.0432	 hit@10: 0.0690
source best!
.............
source: 	 mrr: 0.034990	 ndcg_5: 0.0268	 ndcg_10: 0.0364	 hit@1:0.006902	 hit@5:0.0475	 hit@10: 0.0775
target best!
..............target: 	 mrr: 0.040590	 ndcg_5: 0.0331	 ndcg_10: 0.0413	 hit@1:0.015775	 hit@5:0.0508	 hit@10: 0.0761
epoch 2: train_loss = 1.846349, source_mrr = 0.034990, source_hit@10 = 0.0775, source_ndcg@10 = 0.0364, target_mrr = 0.040590, target_hit@10 = 0.0761, target_ndcg@10 = 0.0413

2024-08-11 18:12:33.513376: step 912/24320 (epoch 3/80), loss = 1.788085 (91.607 sec/epoch), lr: 0.004000
Evaluating on dev set...
...........................
source: 	 mrr: 0.030902	 ndcg_5: 0.0218	 ndcg_10: 0.0312	 hit@1:0.005069	 hit@5:0.0398	 hit@10: 0.0695
target: 	 mrr: 0.029601	 ndcg_5: 0.0189	 ndcg_10: 0.0301	 hit@1:0.004181	 hit@5:0.0328	 hit@10: 0.0676
epoch 3: train_loss = 1.788085, source_mrr = 0.030902, source_hit@10 = 0.0695, source_ndcg@10 = 0.0312, target_mrr = 0.029601, target_hit@10 = 0.0676, target_ndcg@10 = 0.0301

2024-08-11 18:14:06.757486: step 1216/24320 (epoch 4/80), loss = 1.767142 (92.416 sec/epoch), lr: 0.004000
Evaluating on dev set...
...........................
source: 	 mrr: 0.039481	 ndcg_5: 0.0298	 ndcg_10: 0.0395	 hit@1:0.014482	 hit@5:0.0471	 hit@10: 0.0775
target: 	 mrr: 0.029247	 ndcg_5: 0.0207	 ndcg_10: 0.0274	 hit@1:0.009059	 hit@5:0.0328	 hit@10: 0.0537
source best!
.............
source: 	 mrr: 0.033946	 ndcg_5: 0.0233	 ndcg_10: 0.0346	 hit@1:0.006135	 hit@5:0.0414	 hit@10: 0.0759
epoch 4: train_loss = 1.767142, source_mrr = 0.033946, source_hit@10 = 0.0759, source_ndcg@10 = 0.0346, target_mrr = 0.029247, target_hit@10 = 0.0537, target_ndcg@10 = 0.0274

2024-08-11 18:15:42.208969: step 1520/24320 (epoch 5/80), loss = 1.748511 (94.285 sec/epoch), lr: 0.004000
Evaluating on dev set...
...........................
source: 	 mrr: 0.031557	 ndcg_5: 0.0180	 ndcg_10: 0.0286	 hit@1:0.007965	 hit@5:0.0290	 hit@10: 0.0623
target: 	 mrr: 0.034057	 ndcg_5: 0.0240	 ndcg_10: 0.0343	 hit@1:0.011150	 hit@5:0.0376	 hit@10: 0.0697
epoch 5: train_loss = 1.748511, source_mrr = 0.031557, source_hit@10 = 0.0623, source_ndcg@10 = 0.0286, target_mrr = 0.034057, target_hit@10 = 0.0697, target_ndcg@10 = 0.0343

2024-08-11 18:17:17.277211: step 1824/24320 (epoch 6/80), loss = 1.731942 (94.265 sec/epoch), lr: 0.004000
Evaluating on dev set...
...........................
source: 	 mrr: 0.038647	 ndcg_5: 0.0293	 ndcg_10: 0.0371	 hit@1:0.013758	 hit@5:0.0449	 hit@10: 0.0695
target: 	 mrr: 0.037498	 ndcg_5: 0.0281	 ndcg_10: 0.0386	 hit@1:0.011150	 hit@5:0.0425	 hit@10: 0.0753
target best!
..............target: 	 mrr: 0.041556	 ndcg_5: 0.0329	 ndcg_10: 0.0414	 hit@1:0.016461	 hit@5:0.0508	 hit@10: 0.0775
epoch 6: train_loss = 1.731942, source_mrr = 0.038647, source_hit@10 = 0.0695, source_ndcg@10 = 0.0371, target_mrr = 0.041556, target_hit@10 = 0.0775, target_ndcg@10 = 0.0414

2024-08-11 18:18:51.622229: step 2128/24320 (epoch 7/80), loss = 1.726780 (93.272 sec/epoch), lr: 0.004000
Evaluating on dev set...
...........................
source: 	 mrr: 0.033214	 ndcg_5: 0.0214	 ndcg_10: 0.0311	 hit@1:0.010862	 hit@5:0.0326	 hit@10: 0.0637
target: 	 mrr: 0.040774	 ndcg_5: 0.0349	 ndcg_10: 0.0450	 hit@1:0.011847	 hit@5:0.0585	 hit@10: 0.0906
target best!
..............target: 	 mrr: 0.045264	 ndcg_5: 0.0374	 ndcg_10: 0.0476	 hit@1:0.015775	 hit@5:0.0583	 hit@10: 0.0892
epoch 7: train_loss = 1.726780, source_mrr = 0.033214, source_hit@10 = 0.0637, source_ndcg@10 = 0.0311, target_mrr = 0.045264, target_hit@10 = 0.0892, target_ndcg@10 = 0.0476

2024-08-11 18:20:26.028317: step 2432/24320 (epoch 8/80), loss = 1.720669 (93.073 sec/epoch), lr: 0.004000
Evaluating on dev set...
...........................
source: 	 mrr: 0.038556	 ndcg_5: 0.0266	 ndcg_10: 0.0360	 hit@1:0.014482	 hit@5:0.0398	 hit@10: 0.0695
target: 	 mrr: 0.043700	 ndcg_5: 0.0349	 ndcg_10: 0.0463	 hit@1:0.013937	 hit@5:0.0544	 hit@10: 0.0899
target best!
..............target: 	 mrr: 0.044118	 ndcg_5: 0.0362	 ndcg_10: 0.0462	 hit@1:0.016461	 hit@5:0.0569	 hit@10: 0.0885
epoch 8: train_loss = 1.720669, source_mrr = 0.038556, source_hit@10 = 0.0695, source_ndcg@10 = 0.0360, target_mrr = 0.044118, target_hit@10 = 0.0885, target_ndcg@10 = 0.0462

2024-08-11 18:22:00.320753: step 2736/24320 (epoch 9/80), loss = 1.708863 (93.220 sec/epoch), lr: 0.004000
Evaluating on dev set...
...........................
source: 	 mrr: 0.038195	 ndcg_5: 0.0283	 ndcg_10: 0.0388	 hit@1:0.010138	 hit@5:0.0463	 hit@10: 0.0789
target: 	 mrr: 0.039074	 ndcg_5: 0.0289	 ndcg_10: 0.0398	 hit@1:0.011150	 hit@5:0.0460	 hit@10: 0.0801
epoch 9: train_loss = 1.708863, source_mrr = 0.038195, source_hit@10 = 0.0789, source_ndcg@10 = 0.0388, target_mrr = 0.039074, target_hit@10 = 0.0801, target_ndcg@10 = 0.0398

2024-08-11 18:23:35.566024: step 3040/24320 (epoch 10/80), loss = 1.701592 (94.455 sec/epoch), lr: 0.004000
Evaluating on dev set...
...........................
source: 	 mrr: 0.023074	 ndcg_5: 0.0159	 ndcg_10: 0.0211	 hit@1:0.005793	 hit@5:0.0275	 hit@10: 0.0434
target: 	 mrr: 0.043614	 ndcg_5: 0.0349	 ndcg_10: 0.0456	 hit@1:0.015331	 hit@5:0.0551	 hit@10: 0.0892
epoch 10: train_loss = 1.701592, source_mrr = 0.023074, source_hit@10 = 0.0434, source_ndcg@10 = 0.0211, target_mrr = 0.043614, target_hit@10 = 0.0892, target_ndcg@10 = 0.0456

2024-08-11 18:25:10.124518: step 3344/24320 (epoch 11/80), loss = 1.694180 (93.785 sec/epoch), lr: 0.004000
Evaluating on dev set...
...........................
source: 	 mrr: 0.034982	 ndcg_5: 0.0263	 ndcg_10: 0.0361	 hit@1:0.011586	 hit@5:0.0427	 hit@10: 0.0739
target: 	 mrr: 0.027132	 ndcg_5: 0.0182	 ndcg_10: 0.0258	 hit@1:0.005575	 hit@5:0.0314	 hit@10: 0.0551
epoch 11: train_loss = 1.694180, source_mrr = 0.034982, source_hit@10 = 0.0739, source_ndcg@10 = 0.0361, target_mrr = 0.027132, target_hit@10 = 0.0551, target_ndcg@10 = 0.0258

2024-08-11 18:26:43.480112: step 3648/24320 (epoch 12/80), loss = 1.680099 (92.562 sec/epoch), lr: 0.003800
Evaluating on dev set...
...........................
source: 	 mrr: 0.035283	 ndcg_5: 0.0219	 ndcg_10: 0.0326	 hit@1:0.013758	 hit@5:0.0304	 hit@10: 0.0637
target: 	 mrr: 0.042934	 ndcg_5: 0.0353	 ndcg_10: 0.0430	 hit@1:0.013240	 hit@5:0.0537	 hit@10: 0.0780
epoch 12: train_loss = 1.680099, source_mrr = 0.035283, source_hit@10 = 0.0637, source_ndcg@10 = 0.0326, target_mrr = 0.042934, target_hit@10 = 0.0780, target_ndcg@10 = 0.0430

2024-08-11 18:28:19.112296: step 3952/24320 (epoch 13/80), loss = 1.664532 (94.803 sec/epoch), lr: 0.003800
Evaluating on dev set...
...........................
source: 	 mrr: 0.034680	 ndcg_5: 0.0225	 ndcg_10: 0.0329	 hit@1:0.009413	 hit@5:0.0355	 hit@10: 0.0681
target: 	 mrr: 0.042396	 ndcg_5: 0.0355	 ndcg_10: 0.0465	 hit@1:0.012544	 hit@5:0.0592	 hit@10: 0.0934
epoch 13: train_loss = 1.664532, source_mrr = 0.034680, source_hit@10 = 0.0681, source_ndcg@10 = 0.0329, target_mrr = 0.042396, target_hit@10 = 0.0934, target_ndcg@10 = 0.0465

2024-08-11 18:29:52.327898: step 4256/24320 (epoch 14/80), loss = 1.647979 (92.402 sec/epoch), lr: 0.003610
Evaluating on dev set...
...........................
source: 	 mrr: 0.033359	 ndcg_5: 0.0229	 ndcg_10: 0.0306	 hit@1:0.010862	 hit@5:0.0355	 hit@10: 0.0587
target: 	 mrr: 0.043842	 ndcg_5: 0.0345	 ndcg_10: 0.0460	 hit@1:0.018118	 hit@5:0.0516	 hit@10: 0.0871
target best!
..............target: 	 mrr: 0.047547	 ndcg_5: 0.0383	 ndcg_10: 0.0495	 hit@1:0.018519	 hit@5:0.0562	 hit@10: 0.0919
epoch 14: train_loss = 1.647979, source_mrr = 0.033359, source_hit@10 = 0.0587, source_ndcg@10 = 0.0306, target_mrr = 0.047547, target_hit@10 = 0.0919, target_ndcg@10 = 0.0495

2024-08-11 18:31:26.461199: step 4560/24320 (epoch 15/80), loss = 1.640465 (92.936 sec/epoch), lr: 0.003610
Evaluating on dev set...
...........................
source: 	 mrr: 0.022631	 ndcg_5: 0.0147	 ndcg_10: 0.0217	 hit@1:0.005069	 hit@5:0.0239	 hit@10: 0.0463
target: 	 mrr: 0.034794	 ndcg_5: 0.0237	 ndcg_10: 0.0363	 hit@1:0.009059	 hit@5:0.0397	 hit@10: 0.0787
epoch 15: train_loss = 1.640465, source_mrr = 0.022631, source_hit@10 = 0.0463, source_ndcg@10 = 0.0217, target_mrr = 0.034794, target_hit@10 = 0.0787, target_ndcg@10 = 0.0363

2024-08-11 18:33:01.322102: step 4864/24320 (epoch 16/80), loss = 1.634075 (94.011 sec/epoch), lr: 0.003429
Evaluating on dev set...
...........................
source: 	 mrr: 0.034887	 ndcg_5: 0.0251	 ndcg_10: 0.0334	 hit@1:0.008689	 hit@5:0.0427	 hit@10: 0.0695
target: 	 mrr: 0.036013	 ndcg_5: 0.0274	 ndcg_10: 0.0380	 hit@1:0.012544	 hit@5:0.0439	 hit@10: 0.0767
epoch 16: train_loss = 1.634075, source_mrr = 0.034887, source_hit@10 = 0.0695, source_ndcg@10 = 0.0334, target_mrr = 0.036013, target_hit@10 = 0.0767, target_ndcg@10 = 0.0380

2024-08-11 18:34:36.427849: step 5168/24320 (epoch 17/80), loss = 1.630356 (94.316 sec/epoch), lr: 0.003429
Evaluating on dev set...
...........................
source: 	 mrr: 0.025708	 ndcg_5: 0.0156	 ndcg_10: 0.0238	 hit@1:0.007965	 hit@5:0.0246	 hit@10: 0.0500
target: 	 mrr: 0.036212	 ndcg_5: 0.0274	 ndcg_10: 0.0392	 hit@1:0.009059	 hit@5:0.0460	 hit@10: 0.0822
epoch 17: train_loss = 1.630356, source_mrr = 0.025708, source_hit@10 = 0.0500, source_ndcg@10 = 0.0238, target_mrr = 0.036212, target_hit@10 = 0.0822, target_ndcg@10 = 0.0392

2024-08-11 18:36:09.839080: step 5472/24320 (epoch 18/80), loss = 1.622574 (92.635 sec/epoch), lr: 0.003258
Evaluating on dev set...
...........................
source: 	 mrr: 0.039158	 ndcg_5: 0.0284	 ndcg_10: 0.0376	 hit@1:0.013758	 hit@5:0.0434	 hit@10: 0.0724
target: 	 mrr: 0.051485	 ndcg_5: 0.0414	 ndcg_10: 0.0558	 hit@1:0.021603	 hit@5:0.0613	 hit@10: 0.1052
target best!
..............target: 	 mrr: 0.046317	 ndcg_5: 0.0391	 ndcg_10: 0.0501	 hit@1:0.012346	 hit@5:0.0658	 hit@10: 0.1001
epoch 18: train_loss = 1.622574, source_mrr = 0.039158, source_hit@10 = 0.0724, source_ndcg@10 = 0.0376, target_mrr = 0.046317, target_hit@10 = 0.1001, target_ndcg@10 = 0.0501

2024-08-11 18:37:43.902733: step 5776/24320 (epoch 19/80), loss = 1.619470 (92.922 sec/epoch), lr: 0.003258
Evaluating on dev set...
...........................
source: 	 mrr: 0.026991	 ndcg_5: 0.0200	 ndcg_10: 0.0252	 hit@1:0.007965	 hit@5:0.0311	 hit@10: 0.0478
target: 	 mrr: 0.037332	 ndcg_5: 0.0301	 ndcg_10: 0.0400	 hit@1:0.010453	 hit@5:0.0523	 hit@10: 0.0829
epoch 19: train_loss = 1.619470, source_mrr = 0.026991, source_hit@10 = 0.0478, source_ndcg@10 = 0.0252, target_mrr = 0.037332, target_hit@10 = 0.0829, target_ndcg@10 = 0.0400

2024-08-11 18:39:18.437822: step 6080/24320 (epoch 20/80), loss = 1.614850 (93.676 sec/epoch), lr: 0.003095
Evaluating on dev set...
...........................
source: 	 mrr: 0.031103	 ndcg_5: 0.0175	 ndcg_10: 0.0289	 hit@1:0.008689	 hit@5:0.0268	 hit@10: 0.0623
target: 	 mrr: 0.050284	 ndcg_5: 0.0433	 ndcg_10: 0.0527	 hit@1:0.018815	 hit@5:0.0662	 hit@10: 0.0948
epoch 20: train_loss = 1.614850, source_mrr = 0.031103, source_hit@10 = 0.0623, source_ndcg@10 = 0.0289, target_mrr = 0.050284, target_hit@10 = 0.0948, target_ndcg@10 = 0.0527

2024-08-11 18:40:51.784527: step 6384/24320 (epoch 21/80), loss = 1.610715 (92.592 sec/epoch), lr: 0.003095
Evaluating on dev set...
...........................
source: 	 mrr: 0.035196	 ndcg_5: 0.0245	 ndcg_10: 0.0333	 hit@1:0.012310	 hit@5:0.0369	 hit@10: 0.0637
target: 	 mrr: 0.038664	 ndcg_5: 0.0282	 ndcg_10: 0.0403	 hit@1:0.011150	 hit@5:0.0446	 hit@10: 0.0822
epoch 21: train_loss = 1.610715, source_mrr = 0.035196, source_hit@10 = 0.0637, source_ndcg@10 = 0.0333, target_mrr = 0.038664, target_hit@10 = 0.0822, target_ndcg@10 = 0.0403

2024-08-11 18:42:25.417455: step 6688/24320 (epoch 22/80), loss = 1.606258 (92.842 sec/epoch), lr: 0.002940
Evaluating on dev set...
...........................
source: 	 mrr: 0.032870	 ndcg_5: 0.0243	 ndcg_10: 0.0327	 hit@1:0.009413	 hit@5:0.0406	 hit@10: 0.0673
target: 	 mrr: 0.046562	 ndcg_5: 0.0384	 ndcg_10: 0.0472	 hit@1:0.019512	 hit@5:0.0571	 hit@10: 0.0843
epoch 22: train_loss = 1.606258, source_mrr = 0.032870, source_hit@10 = 0.0673, source_ndcg@10 = 0.0327, target_mrr = 0.046562, target_hit@10 = 0.0843, target_ndcg@10 = 0.0472

2024-08-11 18:43:58.730478: step 6992/24320 (epoch 23/80), loss = 1.604597 (92.502 sec/epoch), lr: 0.002940
Evaluating on dev set...
...........................
source: 	 mrr: 0.031785	 ndcg_5: 0.0204	 ndcg_10: 0.0285	 hit@1:0.009413	 hit@5:0.0319	 hit@10: 0.0565
target: 	 mrr: 0.047263	 ndcg_5: 0.0399	 ndcg_10: 0.0515	 hit@1:0.016725	 hit@5:0.0641	 hit@10: 0.1003
epoch 23: train_loss = 1.604597, source_mrr = 0.031785, source_hit@10 = 0.0565, source_ndcg@10 = 0.0285, target_mrr = 0.047263, target_hit@10 = 0.1003, target_ndcg@10 = 0.0515

2024-08-11 18:45:31.075032: step 7296/24320 (epoch 24/80), loss = 1.599682 (91.566 sec/epoch), lr: 0.002793
Evaluating on dev set...
...........................
source: 	 mrr: 0.034925	 ndcg_5: 0.0244	 ndcg_10: 0.0320	 hit@1:0.011586	 hit@5:0.0369	 hit@10: 0.0608
target: 	 mrr: 0.048475	 ndcg_5: 0.0408	 ndcg_10: 0.0505	 hit@1:0.016028	 hit@5:0.0634	 hit@10: 0.0934
epoch 24: train_loss = 1.599682, source_mrr = 0.034925, source_hit@10 = 0.0608, source_ndcg@10 = 0.0320, target_mrr = 0.048475, target_hit@10 = 0.0934, target_ndcg@10 = 0.0505

2024-08-11 18:47:05.377458: step 7600/24320 (epoch 25/80), loss = 1.598136 (93.519 sec/epoch), lr: 0.002793
Evaluating on dev set...
...........................
source: 	 mrr: 0.036902	 ndcg_5: 0.0266	 ndcg_10: 0.0336	 hit@1:0.013034	 hit@5:0.0406	 hit@10: 0.0623
target: 	 mrr: 0.044781	 ndcg_5: 0.0356	 ndcg_10: 0.0469	 hit@1:0.014634	 hit@5:0.0564	 hit@10: 0.0913
epoch 25: train_loss = 1.598136, source_mrr = 0.036902, source_hit@10 = 0.0623, source_ndcg@10 = 0.0336, target_mrr = 0.044781, target_hit@10 = 0.0913, target_ndcg@10 = 0.0469

2024-08-11 18:48:39.403542: step 7904/24320 (epoch 26/80), loss = 1.592112 (93.239 sec/epoch), lr: 0.002654
Evaluating on dev set...
...........................
source: 	 mrr: 0.037095	 ndcg_5: 0.0259	 ndcg_10: 0.0356	 hit@1:0.011586	 hit@5:0.0398	 hit@10: 0.0702
target: 	 mrr: 0.054274	 ndcg_5: 0.0472	 ndcg_10: 0.0591	 hit@1:0.018815	 hit@5:0.0753	 hit@10: 0.1122
target best!
..............target: 	 mrr: 0.055685	 ndcg_5: 0.0447	 ndcg_10: 0.0616	 hit@1:0.020576	 hit@5:0.0679	 hit@10: 0.1207
epoch 26: train_loss = 1.592112, source_mrr = 0.037095, source_hit@10 = 0.0702, source_ndcg@10 = 0.0356, target_mrr = 0.055685, target_hit@10 = 0.1207, target_ndcg@10 = 0.0616

2024-08-11 18:50:14.071486: step 8208/24320 (epoch 27/80), loss = 1.593777 (93.587 sec/epoch), lr: 0.002654
Evaluating on dev set...
...........................
source: 	 mrr: 0.034234	 ndcg_5: 0.0229	 ndcg_10: 0.0318	 hit@1:0.010862	 hit@5:0.0362	 hit@10: 0.0644
target: 	 mrr: 0.052548	 ndcg_5: 0.0454	 ndcg_10: 0.0582	 hit@1:0.019512	 hit@5:0.0711	 hit@10: 0.1108
epoch 27: train_loss = 1.593777, source_mrr = 0.034234, source_hit@10 = 0.0644, source_ndcg@10 = 0.0318, target_mrr = 0.052548, target_hit@10 = 0.1108, target_ndcg@10 = 0.0582

2024-08-11 18:51:47.923105: step 8512/24320 (epoch 28/80), loss = 1.585724 (92.959 sec/epoch), lr: 0.002521
Evaluating on dev set...
...........................
source: 	 mrr: 0.037901	 ndcg_5: 0.0261	 ndcg_10: 0.0381	 hit@1:0.009413	 hit@5:0.0442	 hit@10: 0.0818
target: 	 mrr: 0.054886	 ndcg_5: 0.0478	 ndcg_10: 0.0608	 hit@1:0.018815	 hit@5:0.0753	 hit@10: 0.1157
target best!
..............target: 	 mrr: 0.055193	 ndcg_5: 0.0450	 ndcg_10: 0.0606	 hit@1:0.019204	 hit@5:0.0706	 hit@10: 0.1193
epoch 28: train_loss = 1.585724, source_mrr = 0.037901, source_hit@10 = 0.0818, source_ndcg@10 = 0.0381, target_mrr = 0.055193, target_hit@10 = 0.1193, target_ndcg@10 = 0.0606

2024-08-11 18:53:21.361683: step 8816/24320 (epoch 29/80), loss = 1.586867 (92.249 sec/epoch), lr: 0.002521
Evaluating on dev set...
...........................
source: 	 mrr: 0.031996	 ndcg_5: 0.0213	 ndcg_10: 0.0293	 hit@1:0.009413	 hit@5:0.0326	 hit@10: 0.0572
target: 	 mrr: 0.048832	 ndcg_5: 0.0394	 ndcg_10: 0.0532	 hit@1:0.013240	 hit@5:0.0655	 hit@10: 0.1087
epoch 29: train_loss = 1.586867, source_mrr = 0.031996, source_hit@10 = 0.0572, source_ndcg@10 = 0.0293, target_mrr = 0.048832, target_hit@10 = 0.1087, target_ndcg@10 = 0.0532

2024-08-11 18:54:54.950438: step 9120/24320 (epoch 30/80), loss = 1.583338 (92.864 sec/epoch), lr: 0.002395
Evaluating on dev set...
...........................
source: 	 mrr: 0.025552	 ndcg_5: 0.0157	 ndcg_10: 0.0243	 hit@1:0.005793	 hit@5:0.0261	 hit@10: 0.0529
target: 	 mrr: 0.040854	 ndcg_5: 0.0310	 ndcg_10: 0.0446	 hit@1:0.011847	 hit@5:0.0509	 hit@10: 0.0934
epoch 30: train_loss = 1.583338, source_mrr = 0.025552, source_hit@10 = 0.0529, source_ndcg@10 = 0.0243, target_mrr = 0.040854, target_hit@10 = 0.0934, target_ndcg@10 = 0.0446
shift to transfer learning mode

2024-08-11 18:56:40.458352: step 9424/24320 (epoch 31/80), loss = 1.616573 (104.651 sec/epoch), lr: 0.002275
Evaluating on dev set...
...........................
source: 	 mrr: 0.032969	 ndcg_5: 0.0232	 ndcg_10: 0.0331	 hit@1:0.010138	 hit@5:0.0377	 hit@10: 0.0688
target: 	 mrr: 0.045409	 ndcg_5: 0.0369	 ndcg_10: 0.0500	 hit@1:0.011150	 hit@5:0.0620	 hit@10: 0.1024
epoch 31: train_loss = 1.616573, source_mrr = 0.032969, source_hit@10 = 0.0688, source_ndcg@10 = 0.0331, target_mrr = 0.045409, target_hit@10 = 0.1024, target_ndcg@10 = 0.0500

2024-08-11 18:58:24.916052: step 9728/24320 (epoch 32/80), loss = 1.616142 (103.680 sec/epoch), lr: 0.002275
Evaluating on dev set...
...........................
source: 	 mrr: 0.037602	 ndcg_5: 0.0274	 ndcg_10: 0.0382	 hit@1:0.007241	 hit@5:0.0463	 hit@10: 0.0797
target: 	 mrr: 0.045053	 ndcg_5: 0.0354	 ndcg_10: 0.0471	 hit@1:0.018118	 hit@5:0.0544	 hit@10: 0.0906
epoch 32: train_loss = 1.616142, source_mrr = 0.037602, source_hit@10 = 0.0797, source_ndcg@10 = 0.0382, target_mrr = 0.045053, target_hit@10 = 0.0906, target_ndcg@10 = 0.0471

2024-08-11 19:00:09.606187: step 10032/24320 (epoch 33/80), loss = 1.615031 (103.898 sec/epoch), lr: 0.002275
Evaluating on dev set...
...........................
source: 	 mrr: 0.044172	 ndcg_5: 0.0322	 ndcg_10: 0.0442	 hit@1:0.016655	 hit@5:0.0478	 hit@10: 0.0854
target: 	 mrr: 0.045128	 ndcg_5: 0.0341	 ndcg_10: 0.0469	 hit@1:0.015331	 hit@5:0.0537	 hit@10: 0.0927
source best!
.............
source: 	 mrr: 0.037106	 ndcg_5: 0.0275	 ndcg_10: 0.0351	 hit@1:0.008436	 hit@5:0.0468	 hit@10: 0.0706
epoch 33: train_loss = 1.615031, source_mrr = 0.037106, source_hit@10 = 0.0706, source_ndcg@10 = 0.0351, target_mrr = 0.045128, target_hit@10 = 0.0927, target_ndcg@10 = 0.0469

2024-08-11 19:01:55.133577: step 10336/24320 (epoch 34/80), loss = 1.611504 (104.472 sec/epoch), lr: 0.002275
Evaluating on dev set...
...........................
source: 	 mrr: 0.039850	 ndcg_5: 0.0274	 ndcg_10: 0.0383	 hit@1:0.013034	 hit@5:0.0420	 hit@10: 0.0753
target: 	 mrr: 0.051155	 ndcg_5: 0.0466	 ndcg_10: 0.0549	 hit@1:0.018815	 hit@5:0.0760	 hit@10: 0.1017
epoch 34: train_loss = 1.611504, source_mrr = 0.039850, source_hit@10 = 0.0753, source_ndcg@10 = 0.0383, target_mrr = 0.051155, target_hit@10 = 0.1017, target_ndcg@10 = 0.0549

2024-08-11 19:03:47.019839: step 10640/24320 (epoch 35/80), loss = 1.608744 (110.965 sec/epoch), lr: 0.002275
Evaluating on dev set...
...........................
source: 	 mrr: 0.035382	 ndcg_5: 0.0250	 ndcg_10: 0.0365	 hit@1:0.007965	 hit@5:0.0442	 hit@10: 0.0804
target: 	 mrr: 0.045404	 ndcg_5: 0.0380	 ndcg_10: 0.0506	 hit@1:0.013937	 hit@5:0.0627	 hit@10: 0.1024
epoch 35: train_loss = 1.608744, source_mrr = 0.035382, source_hit@10 = 0.0804, source_ndcg@10 = 0.0365, target_mrr = 0.045404, target_hit@10 = 0.1024, target_ndcg@10 = 0.0506

2024-08-11 19:05:42.768277: step 10944/24320 (epoch 36/80), loss = 1.605419 (115.037 sec/epoch), lr: 0.002161
Evaluating on dev set...
...........................
source: 	 mrr: 0.038583	 ndcg_5: 0.0298	 ndcg_10: 0.0388	 hit@1:0.010862	 hit@5:0.0492	 hit@10: 0.0775
target: 	 mrr: 0.047428	 ndcg_5: 0.0358	 ndcg_10: 0.0504	 hit@1:0.020209	 hit@5:0.0516	 hit@10: 0.0976
epoch 36: train_loss = 1.605419, source_mrr = 0.038583, source_hit@10 = 0.0775, source_ndcg@10 = 0.0388, target_mrr = 0.047428, target_hit@10 = 0.0976, target_ndcg@10 = 0.0504

2024-08-11 19:07:33.918690: step 11248/24320 (epoch 37/80), loss = 1.604290 (110.429 sec/epoch), lr: 0.002161
Evaluating on dev set...
...........................
source: 	 mrr: 0.038721	 ndcg_5: 0.0298	 ndcg_10: 0.0363	 hit@1:0.013034	 hit@5:0.0471	 hit@10: 0.0673
target: 	 mrr: 0.049990	 ndcg_5: 0.0409	 ndcg_10: 0.0537	 hit@1:0.020209	 hit@5:0.0634	 hit@10: 0.1031
epoch 37: train_loss = 1.604290, source_mrr = 0.038721, source_hit@10 = 0.0673, source_ndcg@10 = 0.0363, target_mrr = 0.049990, target_hit@10 = 0.1031, target_ndcg@10 = 0.0537

2024-08-11 19:09:26.693555: step 11552/24320 (epoch 38/80), loss = 1.601723 (111.932 sec/epoch), lr: 0.002161
Evaluating on dev set...
...........................
source: 	 mrr: 0.036055	 ndcg_5: 0.0250	 ndcg_10: 0.0355	 hit@1:0.007965	 hit@5:0.0420	 hit@10: 0.0753
target: 	 mrr: 0.046900	 ndcg_5: 0.0374	 ndcg_10: 0.0512	 hit@1:0.016725	 hit@5:0.0592	 hit@10: 0.1024
epoch 38: train_loss = 1.601723, source_mrr = 0.036055, source_hit@10 = 0.0753, source_ndcg@10 = 0.0355, target_mrr = 0.046900, target_hit@10 = 0.1024, target_ndcg@10 = 0.0512

2024-08-11 19:11:16.549643: step 11856/24320 (epoch 39/80), loss = 1.597440 (109.062 sec/epoch), lr: 0.002053
Evaluating on dev set...
...........................
source: 	 mrr: 0.038239	 ndcg_5: 0.0267	 ndcg_10: 0.0378	 hit@1:0.010138	 hit@5:0.0434	 hit@10: 0.0775
target: 	 mrr: 0.038491	 ndcg_5: 0.0307	 ndcg_10: 0.0382	 hit@1:0.013240	 hit@5:0.0488	 hit@10: 0.0725
epoch 39: train_loss = 1.597440, source_mrr = 0.038239, source_hit@10 = 0.0775, source_ndcg@10 = 0.0378, target_mrr = 0.038491, target_hit@10 = 0.0725, target_ndcg@10 = 0.0382

2024-08-11 19:13:09.780894: step 12160/24320 (epoch 40/80), loss = 1.596800 (112.409 sec/epoch), lr: 0.001951
Evaluating on dev set...
...........................
source: 	 mrr: 0.039962	 ndcg_5: 0.0295	 ndcg_10: 0.0420	 hit@1:0.011586	 hit@5:0.0485	 hit@10: 0.0876
target: 	 mrr: 0.057819	 ndcg_5: 0.0499	 ndcg_10: 0.0614	 hit@1:0.025087	 hit@5:0.0739	 hit@10: 0.1101
target best!
..............target: 	 mrr: 0.059697	 ndcg_5: 0.0498	 ndcg_10: 0.0656	 hit@1:0.025377	 hit@5:0.0741	 hit@10: 0.1235
epoch 40: train_loss = 1.596800, source_mrr = 0.039962, source_hit@10 = 0.0876, source_ndcg@10 = 0.0420, target_mrr = 0.059697, target_hit@10 = 0.1235, target_ndcg@10 = 0.0656

2024-08-11 19:14:59.981925: step 12464/24320 (epoch 41/80), loss = 1.593903 (108.859 sec/epoch), lr: 0.001951
Evaluating on dev set...
...........................
source: 	 mrr: 0.036192	 ndcg_5: 0.0264	 ndcg_10: 0.0357	 hit@1:0.009413	 hit@5:0.0449	 hit@10: 0.0739
target: 	 mrr: 0.055809	 ndcg_5: 0.0458	 ndcg_10: 0.0615	 hit@1:0.024390	 hit@5:0.0676	 hit@10: 0.1171
epoch 41: train_loss = 1.593903, source_mrr = 0.036192, source_hit@10 = 0.0739, source_ndcg@10 = 0.0357, target_mrr = 0.055809, target_hit@10 = 0.1171, target_ndcg@10 = 0.0615

2024-08-11 19:16:51.721286: step 12768/24320 (epoch 42/80), loss = 1.592248 (110.800 sec/epoch), lr: 0.001853
Evaluating on dev set...
...........................
source: 	 mrr: 0.034787	 ndcg_5: 0.0244	 ndcg_10: 0.0340	 hit@1:0.009413	 hit@5:0.0398	 hit@10: 0.0702
target: 	 mrr: 0.056748	 ndcg_5: 0.0490	 ndcg_10: 0.0626	 hit@1:0.022997	 hit@5:0.0753	 hit@10: 0.1185
epoch 42: train_loss = 1.592248, source_mrr = 0.034787, source_hit@10 = 0.0702, source_ndcg@10 = 0.0340, target_mrr = 0.056748, target_hit@10 = 0.1185, target_ndcg@10 = 0.0626

2024-08-11 19:18:41.600126: step 13072/24320 (epoch 43/80), loss = 1.586645 (109.182 sec/epoch), lr: 0.001761
Evaluating on dev set...
...........................
source: 	 mrr: 0.034867	 ndcg_5: 0.0225	 ndcg_10: 0.0330	 hit@1:0.011586	 hit@5:0.0348	 hit@10: 0.0673
target: 	 mrr: 0.052504	 ndcg_5: 0.0441	 ndcg_10: 0.0567	 hit@1:0.020906	 hit@5:0.0676	 hit@10: 0.1073
epoch 43: train_loss = 1.586645, source_mrr = 0.034867, source_hit@10 = 0.0673, source_ndcg@10 = 0.0330, target_mrr = 0.052504, target_hit@10 = 0.1073, target_ndcg@10 = 0.0567

2024-08-11 19:20:30.260282: step 13376/24320 (epoch 44/80), loss = 1.583380 (107.794 sec/epoch), lr: 0.001672
Evaluating on dev set...
...........................
source: 	 mrr: 0.038203	 ndcg_5: 0.0294	 ndcg_10: 0.0384	 hit@1:0.011586	 hit@5:0.0492	 hit@10: 0.0782
target: 	 mrr: 0.046193	 ndcg_5: 0.0348	 ndcg_10: 0.0494	 hit@1:0.014634	 hit@5:0.0551	 hit@10: 0.1010
epoch 44: train_loss = 1.583380, source_mrr = 0.038203, source_hit@10 = 0.0782, source_ndcg@10 = 0.0384, target_mrr = 0.046193, target_hit@10 = 0.1010, target_ndcg@10 = 0.0494

2024-08-11 19:22:20.518601: step 13680/24320 (epoch 45/80), loss = 1.580085 (109.505 sec/epoch), lr: 0.001589
Evaluating on dev set...
...........................
source: 	 mrr: 0.030808	 ndcg_5: 0.0220	 ndcg_10: 0.0318	 hit@1:0.006517	 hit@5:0.0377	 hit@10: 0.0681
target: 	 mrr: 0.058217	 ndcg_5: 0.0488	 ndcg_10: 0.0634	 hit@1:0.025087	 hit@5:0.0725	 hit@10: 0.1178
target best!
..............target: 	 mrr: 0.059618	 ndcg_5: 0.0507	 ndcg_10: 0.0636	 hit@1:0.022634	 hit@5:0.0768	 hit@10: 0.1166
epoch 45: train_loss = 1.580085, source_mrr = 0.030808, source_hit@10 = 0.0681, source_ndcg@10 = 0.0318, target_mrr = 0.059618, target_hit@10 = 0.1166, target_ndcg@10 = 0.0636

2024-08-11 19:24:13.918518: step 13984/24320 (epoch 46/80), loss = 1.578740 (112.226 sec/epoch), lr: 0.001589
Evaluating on dev set...
...........................
source: 	 mrr: 0.035830	 ndcg_5: 0.0251	 ndcg_10: 0.0338	 hit@1:0.008689	 hit@5:0.0427	 hit@10: 0.0702
target: 	 mrr: 0.057981	 ndcg_5: 0.0511	 ndcg_10: 0.0637	 hit@1:0.020906	 hit@5:0.0808	 hit@10: 0.1206
epoch 46: train_loss = 1.578740, source_mrr = 0.035830, source_hit@10 = 0.0702, source_ndcg@10 = 0.0338, target_mrr = 0.057981, target_hit@10 = 0.1206, target_ndcg@10 = 0.0637

2024-08-11 19:26:04.507854: step 14288/24320 (epoch 47/80), loss = 1.578299 (109.662 sec/epoch), lr: 0.001589
Evaluating on dev set...
...........................
source: 	 mrr: 0.039051	 ndcg_5: 0.0273	 ndcg_10: 0.0396	 hit@1:0.010862	 hit@5:0.0427	 hit@10: 0.0811
target: 	 mrr: 0.056968	 ndcg_5: 0.0499	 ndcg_10: 0.0642	 hit@1:0.020209	 hit@5:0.0801	 hit@10: 0.1247
epoch 47: train_loss = 1.578299, source_mrr = 0.039051, source_hit@10 = 0.0811, source_ndcg@10 = 0.0396, target_mrr = 0.056968, target_hit@10 = 0.1247, target_ndcg@10 = 0.0642

2024-08-11 19:27:57.262046: step 14592/24320 (epoch 48/80), loss = 1.576415 (111.892 sec/epoch), lr: 0.001589
Evaluating on dev set...
...........................
source: 	 mrr: 0.036144	 ndcg_5: 0.0252	 ndcg_10: 0.0365	 hit@1:0.008689	 hit@5:0.0434	 hit@10: 0.0782
target: 	 mrr: 0.053651	 ndcg_5: 0.0455	 ndcg_10: 0.0583	 hit@1:0.020906	 hit@5:0.0711	 hit@10: 0.1108
epoch 48: train_loss = 1.576415, source_mrr = 0.036144, source_hit@10 = 0.0782, source_ndcg@10 = 0.0365, target_mrr = 0.053651, target_hit@10 = 0.1108, target_ndcg@10 = 0.0583

2024-08-11 19:29:47.459548: step 14896/24320 (epoch 49/80), loss = 1.570494 (109.389 sec/epoch), lr: 0.001509
Evaluating on dev set...
...........................
source: 	 mrr: 0.034448	 ndcg_5: 0.0250	 ndcg_10: 0.0351	 hit@1:0.008689	 hit@5:0.0420	 hit@10: 0.0739
target: 	 mrr: 0.043505	 ndcg_5: 0.0371	 ndcg_10: 0.0462	 hit@1:0.013937	 hit@5:0.0606	 hit@10: 0.0892
epoch 49: train_loss = 1.570494, source_mrr = 0.034448, source_hit@10 = 0.0739, source_ndcg@10 = 0.0351, target_mrr = 0.043505, target_hit@10 = 0.0892, target_ndcg@10 = 0.0462

2024-08-11 19:31:37.278881: step 15200/24320 (epoch 50/80), loss = 1.567905 (108.995 sec/epoch), lr: 0.001434
Evaluating on dev set...
...........................
source: 	 mrr: 0.035769	 ndcg_5: 0.0235	 ndcg_10: 0.0351	 hit@1:0.010138	 hit@5:0.0369	 hit@10: 0.0731
target: 	 mrr: 0.052333	 ndcg_5: 0.0422	 ndcg_10: 0.0550	 hit@1:0.021603	 hit@5:0.0620	 hit@10: 0.1024
epoch 50: train_loss = 1.567905, source_mrr = 0.035769, source_hit@10 = 0.0731, source_ndcg@10 = 0.0351, target_mrr = 0.052333, target_hit@10 = 0.1024, target_ndcg@10 = 0.0550

2024-08-11 19:33:27.917724: step 15504/24320 (epoch 51/80), loss = 1.568071 (109.825 sec/epoch), lr: 0.001434
Evaluating on dev set...
...........................
source: 	 mrr: 0.046528	 ndcg_5: 0.0366	 ndcg_10: 0.0468	 hit@1:0.017379	 hit@5:0.0550	 hit@10: 0.0876
target: 	 mrr: 0.042608	 ndcg_5: 0.0329	 ndcg_10: 0.0440	 hit@1:0.013937	 hit@5:0.0523	 hit@10: 0.0871
source best!
.............
source: 	 mrr: 0.046936	 ndcg_5: 0.0371	 ndcg_10: 0.0472	 hit@1:0.019172	 hit@5:0.0552	 hit@10: 0.0867
epoch 51: train_loss = 1.568071, source_mrr = 0.046936, source_hit@10 = 0.0867, source_ndcg@10 = 0.0472, target_mrr = 0.042608, target_hit@10 = 0.0871, target_ndcg@10 = 0.0440

2024-08-11 19:35:19.055948: step 15808/24320 (epoch 52/80), loss = 1.565371 (109.959 sec/epoch), lr: 0.001434
Evaluating on dev set...
...........................
source: 	 mrr: 0.039300	 ndcg_5: 0.0282	 ndcg_10: 0.0414	 hit@1:0.008689	 hit@5:0.0478	 hit@10: 0.0883
target: 	 mrr: 0.050292	 ndcg_5: 0.0419	 ndcg_10: 0.0574	 hit@1:0.015331	 hit@5:0.0683	 hit@10: 0.1171
epoch 52: train_loss = 1.565371, source_mrr = 0.039300, source_hit@10 = 0.0883, source_ndcg@10 = 0.0414, target_mrr = 0.050292, target_hit@10 = 0.1171, target_ndcg@10 = 0.0574

2024-08-11 19:37:10.797743: step 16112/24320 (epoch 53/80), loss = 1.564887 (110.873 sec/epoch), lr: 0.001434
Evaluating on dev set...
...........................
source: 	 mrr: 0.039055	 ndcg_5: 0.0270	 ndcg_10: 0.0398	 hit@1:0.010862	 hit@5:0.0420	 hit@10: 0.0818
target: 	 mrr: 0.053761	 ndcg_5: 0.0445	 ndcg_10: 0.0598	 hit@1:0.021603	 hit@5:0.0669	 hit@10: 0.1143
epoch 53: train_loss = 1.564887, source_mrr = 0.039055, source_hit@10 = 0.0818, source_ndcg@10 = 0.0398, target_mrr = 0.053761, target_hit@10 = 0.1143, target_ndcg@10 = 0.0598

2024-08-11 19:39:03.975443: step 16416/24320 (epoch 54/80), loss = 1.558844 (112.312 sec/epoch), lr: 0.001434
Evaluating on dev set...
...........................
source: 	 mrr: 0.032643	 ndcg_5: 0.0217	 ndcg_10: 0.0334	 hit@1:0.005069	 hit@5:0.0391	 hit@10: 0.0760
target: 	 mrr: 0.050458	 ndcg_5: 0.0411	 ndcg_10: 0.0552	 hit@1:0.016725	 hit@5:0.0655	 hit@10: 0.1094
epoch 54: train_loss = 1.558844, source_mrr = 0.032643, source_hit@10 = 0.0760, source_ndcg@10 = 0.0334, target_mrr = 0.050458, target_hit@10 = 0.1094, target_ndcg@10 = 0.0552

2024-08-11 19:40:56.504829: step 16720/24320 (epoch 55/80), loss = 1.557625 (111.614 sec/epoch), lr: 0.001362
Evaluating on dev set...
...........................
source: 	 mrr: 0.036642	 ndcg_5: 0.0249	 ndcg_10: 0.0372	 hit@1:0.010138	 hit@5:0.0406	 hit@10: 0.0789
target: 	 mrr: 0.052797	 ndcg_5: 0.0458	 ndcg_10: 0.0587	 hit@1:0.017422	 hit@5:0.0753	 hit@10: 0.1157
epoch 55: train_loss = 1.557625, source_mrr = 0.036642, source_hit@10 = 0.0789, source_ndcg@10 = 0.0372, target_mrr = 0.052797, target_hit@10 = 0.1157, target_ndcg@10 = 0.0587

2024-08-11 19:42:52.101658: step 17024/24320 (epoch 56/80), loss = 1.558208 (114.655 sec/epoch), lr: 0.001362
Evaluating on dev set...
...........................
source: 	 mrr: 0.034257	 ndcg_5: 0.0217	 ndcg_10: 0.0336	 hit@1:0.009413	 hit@5:0.0340	 hit@10: 0.0710
target: 	 mrr: 0.048435	 ndcg_5: 0.0394	 ndcg_10: 0.0515	 hit@1:0.017422	 hit@5:0.0613	 hit@10: 0.0990
epoch 56: train_loss = 1.558208, source_mrr = 0.034257, source_hit@10 = 0.0710, source_ndcg@10 = 0.0336, target_mrr = 0.048435, target_hit@10 = 0.0990, target_ndcg@10 = 0.0515

