nohup: ignoring input
using gpu:3 to train the model
using gpu:3 to train the model
cuda:3
Namespace(A_split=False, JK='sum', a_fold=100, aggregate=False, alpha=0.5, batch_size=1024, beta_inter=0.4, conv_layers=4, cuda=True, decay_epoch=10, device=device(type='cuda', index=3), device_id='3', domains='game_video', dropout=0.4, epoch=80, feature_dim=126, gamma_intra=0.8, hidden_dim=126, inter_tau=0.2, intra_tau=1, lambda_critic=0.5, leakey=0.05, load=False, log='logs.txt', log_epoch=1, lr=0.004, lr_decay=0.95, min_epoch=50, mode='train', model_file=None, model_name='gv', momentum=0.98, num_latent_factors=3, num_negative=100, optim='adam', patience=20, proj_layers=1, projection=1, rectify_epoch=30, residual=1, save=False, save_dir='./saved_models', seed=32, similarity_tau=0.1, test_sample_number=999, user_batch_size=256, weight_decay=0.0002)
number_user 25025
number_item 12319
/home/disk2/lhr/invariantCDR/invariantCDR/utils/GraphMaker.py:46: RuntimeWarning: divide by zero encountered in power
  r_inv = np.power(rowsum, -1).flatten()
real graph loaded!
number_user 19457
number_item 8751
real graph loaded!
graph loaded!
Loading data from game_video with batch size 1024...
unseen test: 0
test length: 1381
unseen test: 0
test length: 1304
unseen test: 0
test length: 1435
unseen test: 0
test length: 1458
source_user_num 25025
target_user_num 19457
source_item_num 12319
target_item_num 8751
shared users id: 1737
test users 226, 217
unseen test: 0
dev length: 1000
unseen test: 0
dev length: 1000
source train data : 155036, target train data: 156091, source test data : 1304, target test data : 1458, source dev data : 1000, target dev data : 1000
2024-08-10 14:44:43.568075: step 304/24320 (epoch 1/80), loss = 2.231537 (79.287 sec/epoch), lr: 0.004000
Evaluating on dev set...
...........................
source: 	 mrr: 0.023799	 ndcg_5: 0.0141	 ndcg_10: 0.0183	 hit@1:0.007241	 hit@5:0.0210	 hit@10: 0.0348
target: 	 mrr: 0.032910	 ndcg_5: 0.0265	 ndcg_10: 0.0324	 hit@1:0.011847	 hit@5:0.0411	 hit@10: 0.0599
source best!
.............
source: 	 mrr: 0.024484	 ndcg_5: 0.0151	 ndcg_10: 0.0236	 hit@1:0.003834	 hit@5:0.0284	 hit@10: 0.0552
target best!
..............target: 	 mrr: 0.031264	 ndcg_5: 0.0223	 ndcg_10: 0.0321	 hit@1:0.008916	 hit@5:0.0350	 hit@10: 0.0652
epoch 1: train_loss = 2.231537, source_hit@10 = 0.0552, source_ndcg@10 = 0.0236, target_hit@10 = 0.0652, target_ndcg@10 = 0.0321

2024-08-10 14:46:05.271516: step 608/24320 (epoch 2/80), loss = 1.791551 (80.596 sec/epoch), lr: 0.004000
Evaluating on dev set...
...........................
source: 	 mrr: 0.025286	 ndcg_5: 0.0169	 ndcg_10: 0.0237	 hit@1:0.006517	 hit@5:0.0282	 hit@10: 0.0492
target: 	 mrr: 0.024942	 ndcg_5: 0.0167	 ndcg_10: 0.0235	 hit@1:0.007666	 hit@5:0.0265	 hit@10: 0.0481
source best!
.............
source: 	 mrr: 0.026967	 ndcg_5: 0.0186	 ndcg_10: 0.0270	 hit@1:0.005368	 hit@5:0.0314	 hit@10: 0.0575
epoch 2: train_loss = 1.791551, source_hit@10 = 0.0575, source_ndcg@10 = 0.0270, target_hit@10 = 0.0481, target_ndcg@10 = 0.0235
new best model saved.

2024-08-10 14:47:26.656664: step 912/24320 (epoch 3/80), loss = 1.711245 (80.417 sec/epoch), lr: 0.004000
Evaluating on dev set...
...........................
source: 	 mrr: 0.027086	 ndcg_5: 0.0173	 ndcg_10: 0.0270	 hit@1:0.004345	 hit@5:0.0319	 hit@10: 0.0623
target: 	 mrr: 0.026015	 ndcg_5: 0.0156	 ndcg_10: 0.0250	 hit@1:0.006272	 hit@5:0.0251	 hit@10: 0.0544
source best!
.............
source: 	 mrr: 0.025515	 ndcg_5: 0.0138	 ndcg_10: 0.0242	 hit@1:0.002301	 hit@5:0.0261	 hit@10: 0.0583
epoch 3: train_loss = 1.711245, source_hit@10 = 0.0583, source_ndcg@10 = 0.0242, target_hit@10 = 0.0544, target_ndcg@10 = 0.0250
new best model saved.

2024-08-10 14:48:46.592453: step 1216/24320 (epoch 4/80), loss = 1.655836 (78.931 sec/epoch), lr: 0.004000
Evaluating on dev set...
...........................
source: 	 mrr: 0.036072	 ndcg_5: 0.0249	 ndcg_10: 0.0364	 hit@1:0.012310	 hit@5:0.0377	 hit@10: 0.0739
target: 	 mrr: 0.035710	 ndcg_5: 0.0272	 ndcg_10: 0.0357	 hit@1:0.011847	 hit@5:0.0425	 hit@10: 0.0690
source best!
.............
source: 	 mrr: 0.033847	 ndcg_5: 0.0226	 ndcg_10: 0.0329	 hit@1:0.012270	 hit@5:0.0330	 hit@10: 0.0652
target best!
..............target: 	 mrr: 0.038218	 ndcg_5: 0.0291	 ndcg_10: 0.0381	 hit@1:0.014403	 hit@5:0.0425	 hit@10: 0.0706
epoch 4: train_loss = 1.655836, source_hit@10 = 0.0652, source_ndcg@10 = 0.0329, target_hit@10 = 0.0706, target_ndcg@10 = 0.0381
new best model saved.

2024-08-10 14:50:08.621123: step 1520/24320 (epoch 5/80), loss = 1.615068 (80.810 sec/epoch), lr: 0.004000
Evaluating on dev set...
...........................
source: 	 mrr: 0.029919	 ndcg_5: 0.0204	 ndcg_10: 0.0288	 hit@1:0.007241	 hit@5:0.0355	 hit@10: 0.0623
target: 	 mrr: 0.043614	 ndcg_5: 0.0355	 ndcg_10: 0.0455	 hit@1:0.013937	 hit@5:0.0564	 hit@10: 0.0878
target best!
..............target: 	 mrr: 0.041690	 ndcg_5: 0.0316	 ndcg_10: 0.0441	 hit@1:0.012346	 hit@5:0.0514	 hit@10: 0.0898
epoch 5: train_loss = 1.615068, source_hit@10 = 0.0623, source_ndcg@10 = 0.0288, target_hit@10 = 0.0898, target_ndcg@10 = 0.0441
new best model saved.

2024-08-10 14:51:27.754395: step 1824/24320 (epoch 6/80), loss = 1.583044 (78.083 sec/epoch), lr: 0.004000
Evaluating on dev set...
...........................
source: 	 mrr: 0.017331	 ndcg_5: 0.0079	 ndcg_10: 0.0118	 hit@1:0.001448	 hit@5:0.0145	 hit@10: 0.0268
target: 	 mrr: 0.040488	 ndcg_5: 0.0300	 ndcg_10: 0.0419	 hit@1:0.016028	 hit@5:0.0446	 hit@10: 0.0822
epoch 6: train_loss = 1.583044, source_hit@10 = 0.0268, source_ndcg@10 = 0.0118, target_hit@10 = 0.0822, target_ndcg@10 = 0.0419

2024-08-10 14:52:48.367075: step 2128/24320 (epoch 7/80), loss = 1.567267 (80.021 sec/epoch), lr: 0.004000
Evaluating on dev set...
...........................
source: 	 mrr: 0.018157	 ndcg_5: 0.0087	 ndcg_10: 0.0134	 hit@1:0.002172	 hit@5:0.0152	 hit@10: 0.0304
target: 	 mrr: 0.030041	 ndcg_5: 0.0200	 ndcg_10: 0.0309	 hit@1:0.006969	 hit@5:0.0341	 hit@10: 0.0683
epoch 7: train_loss = 1.567267, source_hit@10 = 0.0304, source_ndcg@10 = 0.0134, target_hit@10 = 0.0683, target_ndcg@10 = 0.0309

2024-08-10 14:54:07.734864: step 2432/24320 (epoch 8/80), loss = 1.555113 (78.739 sec/epoch), lr: 0.004000
Evaluating on dev set...
...........................
source: 	 mrr: 0.024937	 ndcg_5: 0.0158	 ndcg_10: 0.0230	 hit@1:0.005069	 hit@5:0.0261	 hit@10: 0.0492
target: 	 mrr: 0.038843	 ndcg_5: 0.0305	 ndcg_10: 0.0394	 hit@1:0.012544	 hit@5:0.0474	 hit@10: 0.0753
epoch 8: train_loss = 1.555113, source_hit@10 = 0.0492, source_ndcg@10 = 0.0230, target_hit@10 = 0.0753, target_ndcg@10 = 0.0394

2024-08-10 14:55:26.860179: step 2736/24320 (epoch 9/80), loss = 1.544105 (78.488 sec/epoch), lr: 0.004000
Evaluating on dev set...
...........................
source: 	 mrr: 0.027546	 ndcg_5: 0.0161	 ndcg_10: 0.0259	 hit@1:0.005069	 hit@5:0.0282	 hit@10: 0.0587
target: 	 mrr: 0.043109	 ndcg_5: 0.0323	 ndcg_10: 0.0460	 hit@1:0.015331	 hit@5:0.0495	 hit@10: 0.0920
epoch 9: train_loss = 1.544105, source_hit@10 = 0.0587, source_ndcg@10 = 0.0259, target_hit@10 = 0.0920, target_ndcg@10 = 0.0460

2024-08-10 14:56:46.334522: step 3040/24320 (epoch 10/80), loss = 1.535648 (78.860 sec/epoch), lr: 0.004000
Evaluating on dev set...
...........................
source: 	 mrr: 0.032000	 ndcg_5: 0.0205	 ndcg_10: 0.0299	 hit@1:0.008689	 hit@5:0.0333	 hit@10: 0.0623
target: 	 mrr: 0.033858	 ndcg_5: 0.0247	 ndcg_10: 0.0340	 hit@1:0.009756	 hit@5:0.0404	 hit@10: 0.0690
epoch 10: train_loss = 1.535648, source_hit@10 = 0.0623, source_ndcg@10 = 0.0299, target_hit@10 = 0.0690, target_ndcg@10 = 0.0340

2024-08-10 14:58:06.439108: step 3344/24320 (epoch 11/80), loss = 1.526323 (79.510 sec/epoch), lr: 0.004000
Evaluating on dev set...
...........................
source: 	 mrr: 0.032045	 ndcg_5: 0.0188	 ndcg_10: 0.0305	 hit@1:0.007965	 hit@5:0.0304	 hit@10: 0.0666
target: 	 mrr: 0.030711	 ndcg_5: 0.0203	 ndcg_10: 0.0314	 hit@1:0.009059	 hit@5:0.0321	 hit@10: 0.0676
epoch 11: train_loss = 1.526323, source_hit@10 = 0.0666, source_ndcg@10 = 0.0305, target_hit@10 = 0.0676, target_ndcg@10 = 0.0314

2024-08-10 14:59:26.682812: step 3648/24320 (epoch 12/80), loss = 1.515010 (79.657 sec/epoch), lr: 0.003800
Evaluating on dev set...
...........................
source: 	 mrr: 0.026361	 ndcg_5: 0.0180	 ndcg_10: 0.0237	 hit@1:0.008689	 hit@5:0.0282	 hit@10: 0.0463
target: 	 mrr: 0.036107	 ndcg_5: 0.0297	 ndcg_10: 0.0375	 hit@1:0.012544	 hit@5:0.0467	 hit@10: 0.0711
epoch 12: train_loss = 1.515010, source_hit@10 = 0.0463, source_ndcg@10 = 0.0237, target_hit@10 = 0.0711, target_ndcg@10 = 0.0375

2024-08-10 15:00:47.298305: step 3952/24320 (epoch 13/80), loss = 1.509245 (80.032 sec/epoch), lr: 0.003610
Evaluating on dev set...
...........................
source: 	 mrr: 0.039283	 ndcg_5: 0.0289	 ndcg_10: 0.0390	 hit@1:0.012310	 hit@5:0.0449	 hit@10: 0.0768
target: 	 mrr: 0.033798	 ndcg_5: 0.0232	 ndcg_10: 0.0342	 hit@1:0.011150	 hit@5:0.0355	 hit@10: 0.0690
source best!
.............
source: 	 mrr: 0.035431	 ndcg_5: 0.0246	 ndcg_10: 0.0364	 hit@1:0.009969	 hit@5:0.0414	 hit@10: 0.0782
epoch 13: train_loss = 1.509245, source_hit@10 = 0.0782, source_ndcg@10 = 0.0364, target_hit@10 = 0.0690, target_ndcg@10 = 0.0342
new best model saved.

2024-08-10 15:02:06.479265: step 4256/24320 (epoch 14/80), loss = 1.504876 (78.204 sec/epoch), lr: 0.003610
Evaluating on dev set...
...........................
source: 	 mrr: 0.031007	 ndcg_5: 0.0218	 ndcg_10: 0.0292	 hit@1:0.009413	 hit@5:0.0355	 hit@10: 0.0587
target: 	 mrr: 0.046806	 ndcg_5: 0.0379	 ndcg_10: 0.0507	 hit@1:0.016028	 hit@5:0.0592	 hit@10: 0.0990
target best!
..............target: 	 mrr: 0.044307	 ndcg_5: 0.0357	 ndcg_10: 0.0485	 hit@1:0.014403	 hit@5:0.0590	 hit@10: 0.0988
epoch 14: train_loss = 1.504876, source_hit@10 = 0.0587, source_ndcg@10 = 0.0292, target_hit@10 = 0.0988, target_ndcg@10 = 0.0485
new best model saved.

2024-08-10 15:03:26.218591: step 4560/24320 (epoch 15/80), loss = 1.500091 (78.692 sec/epoch), lr: 0.003610
Evaluating on dev set...
...........................
source: 	 mrr: 0.035001	 ndcg_5: 0.0226	 ndcg_10: 0.0311	 hit@1:0.013034	 hit@5:0.0326	 hit@10: 0.0594
target: 	 mrr: 0.022613	 ndcg_5: 0.0115	 ndcg_10: 0.0215	 hit@1:0.002091	 hit@5:0.0202	 hit@10: 0.0516
epoch 15: train_loss = 1.500091, source_hit@10 = 0.0594, source_ndcg@10 = 0.0311, target_hit@10 = 0.0516, target_ndcg@10 = 0.0215

2024-08-10 15:04:45.912018: step 4864/24320 (epoch 16/80), loss = 1.495456 (79.085 sec/epoch), lr: 0.003429
Evaluating on dev set...
...........................
source: 	 mrr: 0.033479	 ndcg_5: 0.0236	 ndcg_10: 0.0338	 hit@1:0.009413	 hit@5:0.0398	 hit@10: 0.0724
target: 	 mrr: 0.028851	 ndcg_5: 0.0195	 ndcg_10: 0.0280	 hit@1:0.009756	 hit@5:0.0300	 hit@10: 0.0564
epoch 16: train_loss = 1.495456, source_hit@10 = 0.0724, source_ndcg@10 = 0.0338, target_hit@10 = 0.0564, target_ndcg@10 = 0.0280

2024-08-10 15:06:05.884257: step 5168/24320 (epoch 17/80), loss = 1.491061 (79.346 sec/epoch), lr: 0.003429
Evaluating on dev set...
...........................
source: 	 mrr: 0.032530	 ndcg_5: 0.0226	 ndcg_10: 0.0312	 hit@1:0.009413	 hit@5:0.0377	 hit@10: 0.0644
target: 	 mrr: 0.038961	 ndcg_5: 0.0291	 ndcg_10: 0.0407	 hit@1:0.013240	 hit@5:0.0446	 hit@10: 0.0808
epoch 17: train_loss = 1.491061, source_hit@10 = 0.0644, source_ndcg@10 = 0.0312, target_hit@10 = 0.0808, target_ndcg@10 = 0.0407

2024-08-10 15:07:26.367749: step 5472/24320 (epoch 18/80), loss = 1.489319 (79.865 sec/epoch), lr: 0.003429
Evaluating on dev set...
...........................
source: 	 mrr: 0.028175	 ndcg_5: 0.0185	 ndcg_10: 0.0265	 hit@1:0.005793	 hit@5:0.0304	 hit@10: 0.0558
target: 	 mrr: 0.043856	 ndcg_5: 0.0337	 ndcg_10: 0.0446	 hit@1:0.016028	 hit@5:0.0502	 hit@10: 0.0836
epoch 18: train_loss = 1.489319, source_hit@10 = 0.0558, source_ndcg@10 = 0.0265, target_hit@10 = 0.0836, target_ndcg@10 = 0.0446

2024-08-10 15:08:47.136025: step 5776/24320 (epoch 19/80), loss = 1.485788 (80.176 sec/epoch), lr: 0.003429
Evaluating on dev set...
...........................
source: 	 mrr: 0.035617	 ndcg_5: 0.0245	 ndcg_10: 0.0332	 hit@1:0.011586	 hit@5:0.0377	 hit@10: 0.0652
target: 	 mrr: 0.029630	 ndcg_5: 0.0209	 ndcg_10: 0.0302	 hit@1:0.007666	 hit@5:0.0341	 hit@10: 0.0634
epoch 19: train_loss = 1.485788, source_hit@10 = 0.0652, source_ndcg@10 = 0.0332, target_hit@10 = 0.0634, target_ndcg@10 = 0.0302

2024-08-10 15:10:07.703717: step 6080/24320 (epoch 20/80), loss = 1.477791 (79.963 sec/epoch), lr: 0.003258
Evaluating on dev set...
...........................
source: 	 mrr: 0.033631	 ndcg_5: 0.0231	 ndcg_10: 0.0316	 hit@1:0.008689	 hit@5:0.0391	 hit@10: 0.0659
target: 	 mrr: 0.046382	 ndcg_5: 0.0379	 ndcg_10: 0.0496	 hit@1:0.018118	 hit@5:0.0571	 hit@10: 0.0934
epoch 20: train_loss = 1.477791, source_hit@10 = 0.0659, source_ndcg@10 = 0.0316, target_hit@10 = 0.0934, target_ndcg@10 = 0.0496

2024-08-10 15:11:27.392504: step 6384/24320 (epoch 21/80), loss = 1.471077 (79.072 sec/epoch), lr: 0.003258
Evaluating on dev set...
...........................
source: 	 mrr: 0.036662	 ndcg_5: 0.0276	 ndcg_10: 0.0374	 hit@1:0.010138	 hit@5:0.0471	 hit@10: 0.0782
target: 	 mrr: 0.030381	 ndcg_5: 0.0211	 ndcg_10: 0.0312	 hit@1:0.010453	 hit@5:0.0314	 hit@10: 0.0620
epoch 21: train_loss = 1.471077, source_hit@10 = 0.0782, source_ndcg@10 = 0.0374, target_hit@10 = 0.0620, target_ndcg@10 = 0.0312

2024-08-10 15:12:46.529468: step 6688/24320 (epoch 22/80), loss = 1.466847 (78.521 sec/epoch), lr: 0.003095
Evaluating on dev set...
...........................
source: 	 mrr: 0.034512	 ndcg_5: 0.0235	 ndcg_10: 0.0336	 hit@1:0.006517	 hit@5:0.0391	 hit@10: 0.0710
target: 	 mrr: 0.045858	 ndcg_5: 0.0406	 ndcg_10: 0.0481	 hit@1:0.016028	 hit@5:0.0662	 hit@10: 0.0892
epoch 22: train_loss = 1.466847, source_hit@10 = 0.0710, source_ndcg@10 = 0.0336, target_hit@10 = 0.0892, target_ndcg@10 = 0.0481

2024-08-10 15:14:06.260574: step 6992/24320 (epoch 23/80), loss = 1.465218 (79.143 sec/epoch), lr: 0.003095
Evaluating on dev set...
...........................
source: 	 mrr: 0.030386	 ndcg_5: 0.0193	 ndcg_10: 0.0291	 hit@1:0.009413	 hit@5:0.0297	 hit@10: 0.0608
target: 	 mrr: 0.046489	 ndcg_5: 0.0392	 ndcg_10: 0.0511	 hit@1:0.015331	 hit@5:0.0634	 hit@10: 0.1003
epoch 23: train_loss = 1.465218, source_hit@10 = 0.0608, source_ndcg@10 = 0.0291, target_hit@10 = 0.1003, target_ndcg@10 = 0.0511

2024-08-10 15:15:27.030058: step 7296/24320 (epoch 24/80), loss = 1.462041 (80.155 sec/epoch), lr: 0.002940
Evaluating on dev set...
...........................
source: 	 mrr: 0.034202	 ndcg_5: 0.0221	 ndcg_10: 0.0334	 hit@1:0.008689	 hit@5:0.0362	 hit@10: 0.0710
target: 	 mrr: 0.047321	 ndcg_5: 0.0373	 ndcg_10: 0.0514	 hit@1:0.017422	 hit@5:0.0564	 hit@10: 0.1003
target best!
..............target: 	 mrr: 0.045752	 ndcg_5: 0.0373	 ndcg_10: 0.0494	 hit@1:0.014403	 hit@5:0.0597	 hit@10: 0.0981
epoch 24: train_loss = 1.462041, source_hit@10 = 0.0710, source_ndcg@10 = 0.0334, target_hit@10 = 0.0981, target_ndcg@10 = 0.0494
new best model saved.

2024-08-10 15:16:46.538194: step 7600/24320 (epoch 25/80), loss = 1.462301 (78.496 sec/epoch), lr: 0.002940
Evaluating on dev set...
...........................
source: 	 mrr: 0.030823	 ndcg_5: 0.0224	 ndcg_10: 0.0288	 hit@1:0.011586	 hit@5:0.0348	 hit@10: 0.0550
target: 	 mrr: 0.047162	 ndcg_5: 0.0386	 ndcg_10: 0.0493	 hit@1:0.018118	 hit@5:0.0585	 hit@10: 0.0920
epoch 25: train_loss = 1.462301, source_hit@10 = 0.0550, source_ndcg@10 = 0.0288, target_hit@10 = 0.0920, target_ndcg@10 = 0.0493

2024-08-10 15:18:06.604004: step 7904/24320 (epoch 26/80), loss = 1.457317 (79.461 sec/epoch), lr: 0.002793
Evaluating on dev set...
...........................
source: 	 mrr: 0.038987	 ndcg_5: 0.0283	 ndcg_10: 0.0378	 hit@1:0.014482	 hit@5:0.0434	 hit@10: 0.0731
target: 	 mrr: 0.043905	 ndcg_5: 0.0343	 ndcg_10: 0.0473	 hit@1:0.018118	 hit@5:0.0516	 hit@10: 0.0920
epoch 26: train_loss = 1.457317, source_hit@10 = 0.0731, source_ndcg@10 = 0.0378, target_hit@10 = 0.0920, target_ndcg@10 = 0.0473

2024-08-10 15:19:26.309358: step 8208/24320 (epoch 27/80), loss = 1.459363 (79.112 sec/epoch), lr: 0.002793
Evaluating on dev set...
...........................
source: 	 mrr: 0.035806	 ndcg_5: 0.0239	 ndcg_10: 0.0335	 hit@1:0.010862	 hit@5:0.0377	 hit@10: 0.0681
target: 	 mrr: 0.031182	 ndcg_5: 0.0226	 ndcg_10: 0.0303	 hit@1:0.011150	 hit@5:0.0341	 hit@10: 0.0585
epoch 27: train_loss = 1.459363, source_hit@10 = 0.0681, source_ndcg@10 = 0.0335, target_hit@10 = 0.0585, target_ndcg@10 = 0.0303

2024-08-10 15:20:45.986253: step 8512/24320 (epoch 28/80), loss = 1.452436 (79.093 sec/epoch), lr: 0.002654
Evaluating on dev set...
...........................
source: 	 mrr: 0.034377	 ndcg_5: 0.0228	 ndcg_10: 0.0334	 hit@1:0.009413	 hit@5:0.0362	 hit@10: 0.0695
target: 	 mrr: 0.038614	 ndcg_5: 0.0306	 ndcg_10: 0.0394	 hit@1:0.014634	 hit@5:0.0467	 hit@10: 0.0746
epoch 28: train_loss = 1.452436, source_hit@10 = 0.0695, source_ndcg@10 = 0.0334, target_hit@10 = 0.0746, target_ndcg@10 = 0.0394

2024-08-10 15:22:06.469616: step 8816/24320 (epoch 29/80), loss = 1.454773 (79.890 sec/epoch), lr: 0.002654
Evaluating on dev set...
...........................
source: 	 mrr: 0.038229	 ndcg_5: 0.0246	 ndcg_10: 0.0356	 hit@1:0.014482	 hit@5:0.0333	 hit@10: 0.0673
target: 	 mrr: 0.049739	 ndcg_5: 0.0398	 ndcg_10: 0.0534	 hit@1:0.020209	 hit@5:0.0585	 hit@10: 0.1003
target best!
..............target: 	 mrr: 0.045183	 ndcg_5: 0.0363	 ndcg_10: 0.0482	 hit@1:0.013717	 hit@5:0.0604	 hit@10: 0.0981
epoch 29: train_loss = 1.454773, source_hit@10 = 0.0673, source_ndcg@10 = 0.0356, target_hit@10 = 0.0981, target_ndcg@10 = 0.0482
new best model saved.

2024-08-10 15:23:26.874491: step 9120/24320 (epoch 30/80), loss = 1.453784 (79.359 sec/epoch), lr: 0.002654
Evaluating on dev set...
...........................
source: 	 mrr: 0.035763	 ndcg_5: 0.0245	 ndcg_10: 0.0344	 hit@1:0.009413	 hit@5:0.0391	 hit@10: 0.0710
target: 	 mrr: 0.046278	 ndcg_5: 0.0404	 ndcg_10: 0.0494	 hit@1:0.016028	 hit@5:0.0662	 hit@10: 0.0941
epoch 30: train_loss = 1.453784, source_hit@10 = 0.0710, source_ndcg@10 = 0.0344, target_hit@10 = 0.0941, target_ndcg@10 = 0.0494
shift to transfer learning mode

2024-08-10 15:24:48.381128: step 9424/24320 (epoch 31/80), loss = 1.589906 (80.928 sec/epoch), lr: 0.002521
Evaluating on dev set...
...........................
source: 	 mrr: 0.038982	 ndcg_5: 0.0269	 ndcg_10: 0.0361	 hit@1:0.013758	 hit@5:0.0398	 hit@10: 0.0695
target: 	 mrr: 0.050213	 ndcg_5: 0.0421	 ndcg_10: 0.0570	 hit@1:0.015331	 hit@5:0.0683	 hit@10: 0.1150
target best!
..............target: 	 mrr: 0.045985	 ndcg_5: 0.0362	 ndcg_10: 0.0509	 hit@1:0.015089	 hit@5:0.0583	 hit@10: 0.1043
epoch 31: train_loss = 1.589906, source_hit@10 = 0.0695, source_ndcg@10 = 0.0361, target_hit@10 = 0.1043, target_ndcg@10 = 0.0509
new best model saved.

2024-08-10 15:26:09.737505: step 9728/24320 (epoch 32/80), loss = 1.594591 (80.275 sec/epoch), lr: 0.002521
Evaluating on dev set...
...........................
source: 	 mrr: 0.035589	 ndcg_5: 0.0248	 ndcg_10: 0.0338	 hit@1:0.007965	 hit@5:0.0413	 hit@10: 0.0695
target: 	 mrr: 0.041725	 ndcg_5: 0.0317	 ndcg_10: 0.0445	 hit@1:0.014634	 hit@5:0.0488	 hit@10: 0.0885
epoch 32: train_loss = 1.594591, source_hit@10 = 0.0695, source_ndcg@10 = 0.0338, target_hit@10 = 0.0885, target_ndcg@10 = 0.0445

2024-08-10 15:27:31.964913: step 10032/24320 (epoch 33/80), loss = 1.585200 (81.608 sec/epoch), lr: 0.002395
Evaluating on dev set...
...........................
source: 	 mrr: 0.038137	 ndcg_5: 0.0271	 ndcg_10: 0.0392	 hit@1:0.007965	 hit@5:0.0471	 hit@10: 0.0854
target: 	 mrr: 0.045981	 ndcg_5: 0.0362	 ndcg_10: 0.0503	 hit@1:0.014634	 hit@5:0.0578	 hit@10: 0.1010
epoch 33: train_loss = 1.585200, source_hit@10 = 0.0854, source_ndcg@10 = 0.0392, target_hit@10 = 0.1010, target_ndcg@10 = 0.0503

2024-08-10 15:28:53.696857: step 10336/24320 (epoch 34/80), loss = 1.583395 (81.156 sec/epoch), lr: 0.002395
Evaluating on dev set...
...........................
source: 	 mrr: 0.032740	 ndcg_5: 0.0221	 ndcg_10: 0.0320	 hit@1:0.007241	 hit@5:0.0369	 hit@10: 0.0673
target: 	 mrr: 0.045407	 ndcg_5: 0.0360	 ndcg_10: 0.0502	 hit@1:0.016725	 hit@5:0.0571	 hit@10: 0.1017
epoch 34: train_loss = 1.583395, source_hit@10 = 0.0673, source_ndcg@10 = 0.0320, target_hit@10 = 0.1017, target_ndcg@10 = 0.0502

2024-08-10 15:30:15.578228: step 10640/24320 (epoch 35/80), loss = 1.577977 (81.295 sec/epoch), lr: 0.002275
Evaluating on dev set...
...........................
source: 	 mrr: 0.035620	 ndcg_5: 0.0253	 ndcg_10: 0.0340	 hit@1:0.010138	 hit@5:0.0398	 hit@10: 0.0673
target: 	 mrr: 0.052465	 ndcg_5: 0.0451	 ndcg_10: 0.0572	 hit@1:0.022300	 hit@5:0.0690	 hit@10: 0.1066
target best!
..............target: 	 mrr: 0.049139	 ndcg_5: 0.0398	 ndcg_10: 0.0527	 hit@1:0.017833	 hit@5:0.0610	 hit@10: 0.1015
epoch 35: train_loss = 1.577977, source_hit@10 = 0.0673, source_ndcg@10 = 0.0340, target_hit@10 = 0.1015, target_ndcg@10 = 0.0527
new best model saved.

2024-08-10 15:31:38.517603: step 10944/24320 (epoch 36/80), loss = 1.577945 (81.871 sec/epoch), lr: 0.002275
Evaluating on dev set...
...........................
source: 	 mrr: 0.035912	 ndcg_5: 0.0254	 ndcg_10: 0.0358	 hit@1:0.011586	 hit@5:0.0406	 hit@10: 0.0731
target: 	 mrr: 0.037978	 ndcg_5: 0.0302	 ndcg_10: 0.0412	 hit@1:0.011150	 hit@5:0.0509	 hit@10: 0.0850
epoch 36: train_loss = 1.577945, source_hit@10 = 0.0731, source_ndcg@10 = 0.0358, target_hit@10 = 0.0850, target_ndcg@10 = 0.0412

2024-08-10 15:32:59.738097: step 11248/24320 (epoch 37/80), loss = 1.575261 (80.578 sec/epoch), lr: 0.002161
Evaluating on dev set...
...........................
source: 	 mrr: 0.033173	 ndcg_5: 0.0234	 ndcg_10: 0.0315	 hit@1:0.008689	 hit@5:0.0398	 hit@10: 0.0644
target: 	 mrr: 0.034554	 ndcg_5: 0.0251	 ndcg_10: 0.0367	 hit@1:0.009059	 hit@5:0.0411	 hit@10: 0.0774
epoch 37: train_loss = 1.575261, source_hit@10 = 0.0644, source_ndcg@10 = 0.0315, target_hit@10 = 0.0774, target_ndcg@10 = 0.0367

2024-08-10 15:34:21.281134: step 11552/24320 (epoch 38/80), loss = 1.566941 (80.954 sec/epoch), lr: 0.002053
Evaluating on dev set...
...........................
source: 	 mrr: 0.037582	 ndcg_5: 0.0262	 ndcg_10: 0.0380	 hit@1:0.011586	 hit@5:0.0427	 hit@10: 0.0804
target: 	 mrr: 0.038876	 ndcg_5: 0.0325	 ndcg_10: 0.0426	 hit@1:0.012544	 hit@5:0.0523	 hit@10: 0.0836
epoch 38: train_loss = 1.566941, source_hit@10 = 0.0804, source_ndcg@10 = 0.0380, target_hit@10 = 0.0836, target_ndcg@10 = 0.0426

2024-08-10 15:35:42.907781: step 11856/24320 (epoch 39/80), loss = 1.565654 (81.012 sec/epoch), lr: 0.002053
Evaluating on dev set...
...........................
source: 	 mrr: 0.029684	 ndcg_5: 0.0181	 ndcg_10: 0.0267	 hit@1:0.005793	 hit@5:0.0297	 hit@10: 0.0565
target: 	 mrr: 0.051335	 ndcg_5: 0.0445	 ndcg_10: 0.0564	 hit@1:0.020209	 hit@5:0.0697	 hit@10: 0.1066
epoch 39: train_loss = 1.565654, source_hit@10 = 0.0565, source_ndcg@10 = 0.0267, target_hit@10 = 0.1066, target_ndcg@10 = 0.0564

2024-08-10 15:37:04.275299: step 12160/24320 (epoch 40/80), loss = 1.564505 (80.763 sec/epoch), lr: 0.002053
Evaluating on dev set...
...........................
source: 	 mrr: 0.035000	 ndcg_5: 0.0252	 ndcg_10: 0.0342	 hit@1:0.008689	 hit@5:0.0420	 hit@10: 0.0702
target: 	 mrr: 0.040509	 ndcg_5: 0.0306	 ndcg_10: 0.0425	 hit@1:0.012544	 hit@5:0.0481	 hit@10: 0.0850
epoch 40: train_loss = 1.564505, source_hit@10 = 0.0702, source_ndcg@10 = 0.0342, target_hit@10 = 0.0850, target_ndcg@10 = 0.0425

2024-08-10 15:38:25.153332: step 12464/24320 (epoch 41/80), loss = 1.559716 (80.300 sec/epoch), lr: 0.001951
Evaluating on dev set...
...........................
source: 	 mrr: 0.039841	 ndcg_5: 0.0300	 ndcg_10: 0.0423	 hit@1:0.008689	 hit@5:0.0514	 hit@10: 0.0905
target: 	 mrr: 0.048528	 ndcg_5: 0.0399	 ndcg_10: 0.0514	 hit@1:0.016725	 hit@5:0.0620	 hit@10: 0.0976
source best!
.............
source: 	 mrr: 0.032792	 ndcg_5: 0.0205	 ndcg_10: 0.0317	 hit@1:0.007669	 hit@5:0.0345	 hit@10: 0.0698
epoch 41: train_loss = 1.559716, source_hit@10 = 0.0698, source_ndcg@10 = 0.0317, target_hit@10 = 0.0976, target_ndcg@10 = 0.0514
new best model saved.

2024-08-10 15:39:47.224866: step 12768/24320 (epoch 42/80), loss = 1.558809 (81.079 sec/epoch), lr: 0.001951
Evaluating on dev set...
...........................
source: 	 mrr: 0.030692	 ndcg_5: 0.0202	 ndcg_10: 0.0299	 hit@1:0.008689	 hit@5:0.0326	 hit@10: 0.0630
target: 	 mrr: 0.041114	 ndcg_5: 0.0331	 ndcg_10: 0.0431	 hit@1:0.016028	 hit@5:0.0523	 hit@10: 0.0836
epoch 42: train_loss = 1.558809, source_hit@10 = 0.0630, source_ndcg@10 = 0.0299, target_hit@10 = 0.0836, target_ndcg@10 = 0.0431

2024-08-10 15:41:07.474934: step 13072/24320 (epoch 43/80), loss = 1.553139 (79.660 sec/epoch), lr: 0.001853
Evaluating on dev set...
...........................
source: 	 mrr: 0.041197	 ndcg_5: 0.0300	 ndcg_10: 0.0410	 hit@1:0.012310	 hit@5:0.0471	 hit@10: 0.0811
target: 	 mrr: 0.052996	 ndcg_5: 0.0472	 ndcg_10: 0.0564	 hit@1:0.020906	 hit@5:0.0739	 hit@10: 0.1024
source best!
.............
source: 	 mrr: 0.038709	 ndcg_5: 0.0266	 ndcg_10: 0.0382	 hit@1:0.010736	 hit@5:0.0414	 hit@10: 0.0782
target best!
..............target: 	 mrr: 0.048340	 ndcg_5: 0.0391	 ndcg_10: 0.0521	 hit@1:0.013717	 hit@5:0.0624	 hit@10: 0.1029
epoch 43: train_loss = 1.553139, source_hit@10 = 0.0782, source_ndcg@10 = 0.0382, target_hit@10 = 0.1029, target_ndcg@10 = 0.0521
new best model saved.

2024-08-10 15:42:30.159412: step 13376/24320 (epoch 44/80), loss = 1.551184 (81.391 sec/epoch), lr: 0.001853
Evaluating on dev set...
...........................
source: 	 mrr: 0.040077	 ndcg_5: 0.0307	 ndcg_10: 0.0399	 hit@1:0.013034	 hit@5:0.0485	 hit@10: 0.0775
target: 	 mrr: 0.048990	 ndcg_5: 0.0421	 ndcg_10: 0.0520	 hit@1:0.016725	 hit@5:0.0669	 hit@10: 0.0976
epoch 44: train_loss = 1.551184, source_hit@10 = 0.0775, source_ndcg@10 = 0.0399, target_hit@10 = 0.0976, target_ndcg@10 = 0.0520

2024-08-10 15:43:52.371293: step 13680/24320 (epoch 45/80), loss = 1.546132 (81.577 sec/epoch), lr: 0.001761
Evaluating on dev set...
...........................
source: 	 mrr: 0.043690	 ndcg_5: 0.0315	 ndcg_10: 0.0465	 hit@1:0.014482	 hit@5:0.0478	 hit@10: 0.0949
target: 	 mrr: 0.044908	 ndcg_5: 0.0372	 ndcg_10: 0.0490	 hit@1:0.013937	 hit@5:0.0599	 hit@10: 0.0962
source best!
.............
source: 	 mrr: 0.036486	 ndcg_5: 0.0259	 ndcg_10: 0.0371	 hit@1:0.009202	 hit@5:0.0429	 hit@10: 0.0775
epoch 45: train_loss = 1.546132, source_hit@10 = 0.0775, source_ndcg@10 = 0.0371, target_hit@10 = 0.0962, target_ndcg@10 = 0.0490
new best model saved.

2024-08-10 15:45:14.035193: step 13984/24320 (epoch 46/80), loss = 1.541941 (80.538 sec/epoch), lr: 0.001672
Evaluating on dev set...
...........................
source: 	 mrr: 0.035670	 ndcg_5: 0.0243	 ndcg_10: 0.0356	 hit@1:0.009413	 hit@5:0.0391	 hit@10: 0.0746
target: 	 mrr: 0.053091	 ndcg_5: 0.0453	 ndcg_10: 0.0591	 hit@1:0.019512	 hit@5:0.0704	 hit@10: 0.1129
target best!
..............target: 	 mrr: 0.049203	 ndcg_5: 0.0414	 ndcg_10: 0.0510	 hit@1:0.016461	 hit@5:0.0652	 hit@10: 0.0947
epoch 46: train_loss = 1.541941, source_hit@10 = 0.0746, source_ndcg@10 = 0.0356, target_hit@10 = 0.0947, target_ndcg@10 = 0.0510
new best model saved.

2024-08-10 15:46:36.212645: step 14288/24320 (epoch 47/80), loss = 1.539932 (81.149 sec/epoch), lr: 0.001672
Evaluating on dev set...
...........................
source: 	 mrr: 0.039217	 ndcg_5: 0.0303	 ndcg_10: 0.0393	 hit@1:0.010138	 hit@5:0.0507	 hit@10: 0.0789
target: 	 mrr: 0.047021	 ndcg_5: 0.0400	 ndcg_10: 0.0523	 hit@1:0.014634	 hit@5:0.0662	 hit@10: 0.1045
epoch 47: train_loss = 1.539932, source_hit@10 = 0.0789, source_ndcg@10 = 0.0393, target_hit@10 = 0.1045, target_ndcg@10 = 0.0523

2024-08-10 15:47:57.626829: step 14592/24320 (epoch 48/80), loss = 1.533791 (80.773 sec/epoch), lr: 0.001589
Evaluating on dev set...
...........................
source: 	 mrr: 0.039984	 ndcg_5: 0.0291	 ndcg_10: 0.0414	 hit@1:0.009413	 hit@5:0.0478	 hit@10: 0.0854
target: 	 mrr: 0.044712	 ndcg_5: 0.0355	 ndcg_10: 0.0473	 hit@1:0.017422	 hit@5:0.0537	 hit@10: 0.0906
epoch 48: train_loss = 1.533791, source_hit@10 = 0.0854, source_ndcg@10 = 0.0414, target_hit@10 = 0.0906, target_ndcg@10 = 0.0473

2024-08-10 15:49:19.085478: step 14896/24320 (epoch 49/80), loss = 1.528146 (80.851 sec/epoch), lr: 0.001509
Evaluating on dev set...
...........................
source: 	 mrr: 0.036857	 ndcg_5: 0.0266	 ndcg_10: 0.0384	 hit@1:0.009413	 hit@5:0.0456	 hit@10: 0.0825
target: 	 mrr: 0.051483	 ndcg_5: 0.0423	 ndcg_10: 0.0538	 hit@1:0.020906	 hit@5:0.0627	 hit@10: 0.0990
epoch 49: train_loss = 1.528146, source_hit@10 = 0.0825, source_ndcg@10 = 0.0384, target_hit@10 = 0.0990, target_ndcg@10 = 0.0538

2024-08-10 15:50:40.443524: step 15200/24320 (epoch 50/80), loss = 1.525180 (80.763 sec/epoch), lr: 0.001509
Evaluating on dev set...
...........................
source: 	 mrr: 0.034783	 ndcg_5: 0.0234	 ndcg_10: 0.0346	 hit@1:0.010862	 hit@5:0.0362	 hit@10: 0.0710
target: 	 mrr: 0.052746	 ndcg_5: 0.0443	 ndcg_10: 0.0592	 hit@1:0.020906	 hit@5:0.0676	 hit@10: 0.1143
epoch 50: train_loss = 1.525180, source_hit@10 = 0.0710, source_ndcg@10 = 0.0346, target_hit@10 = 0.1143, target_ndcg@10 = 0.0592

2024-08-10 15:52:02.518137: step 15504/24320 (epoch 51/80), loss = 1.522031 (81.476 sec/epoch), lr: 0.001434
Evaluating on dev set...
...........................
source: 	 mrr: 0.034437	 ndcg_5: 0.0257	 ndcg_10: 0.0322	 hit@1:0.010862	 hit@5:0.0398	 hit@10: 0.0601
target: 	 mrr: 0.052195	 ndcg_5: 0.0447	 ndcg_10: 0.0586	 hit@1:0.016028	 hit@5:0.0725	 hit@10: 0.1157
epoch 51: train_loss = 1.522031, source_hit@10 = 0.0601, source_ndcg@10 = 0.0322, target_hit@10 = 0.1157, target_ndcg@10 = 0.0586

2024-08-10 15:53:23.044803: step 15808/24320 (epoch 52/80), loss = 1.520881 (79.921 sec/epoch), lr: 0.001362
Evaluating on dev set...
...........................
source: 	 mrr: 0.041912	 ndcg_5: 0.0322	 ndcg_10: 0.0428	 hit@1:0.011586	 hit@5:0.0514	 hit@10: 0.0847
target: 	 mrr: 0.053214	 ndcg_5: 0.0464	 ndcg_10: 0.0586	 hit@1:0.019512	 hit@5:0.0739	 hit@10: 0.1115
target best!
..............target: 	 mrr: 0.053407	 ndcg_5: 0.0476	 ndcg_10: 0.0569	 hit@1:0.019204	 hit@5:0.0775	 hit@10: 0.1070
epoch 52: train_loss = 1.520881, source_hit@10 = 0.0847, source_ndcg@10 = 0.0428, target_hit@10 = 0.1070, target_ndcg@10 = 0.0569
new best model saved.

2024-08-10 15:54:42.676166: step 16112/24320 (epoch 53/80), loss = 1.519017 (78.662 sec/epoch), lr: 0.001362
Evaluating on dev set...
...........................
source: 	 mrr: 0.035600	 ndcg_5: 0.0254	 ndcg_10: 0.0348	 hit@1:0.007965	 hit@5:0.0427	 hit@10: 0.0724
target: 	 mrr: 0.051542	 ndcg_5: 0.0435	 ndcg_10: 0.0572	 hit@1:0.019512	 hit@5:0.0683	 hit@10: 0.1108
epoch 53: train_loss = 1.519017, source_hit@10 = 0.0724, source_ndcg@10 = 0.0348, target_hit@10 = 0.1108, target_ndcg@10 = 0.0572

2024-08-10 15:56:02.138107: step 16416/24320 (epoch 54/80), loss = 1.513833 (78.889 sec/epoch), lr: 0.001294
Evaluating on dev set...
...........................
source: 	 mrr: 0.035185	 ndcg_5: 0.0258	 ndcg_10: 0.0346	 hit@1:0.013034	 hit@5:0.0398	 hit@10: 0.0673
target: 	 mrr: 0.049513	 ndcg_5: 0.0409	 ndcg_10: 0.0568	 hit@1:0.016028	 hit@5:0.0648	 hit@10: 0.1150
epoch 54: train_loss = 1.513833, source_hit@10 = 0.0673, source_ndcg@10 = 0.0346, target_hit@10 = 0.1150, target_ndcg@10 = 0.0568

2024-08-10 15:57:21.545428: step 16720/24320 (epoch 55/80), loss = 1.513038 (78.815 sec/epoch), lr: 0.001229
Evaluating on dev set...
...........................
source: 	 mrr: 0.026499	 ndcg_5: 0.0158	 ndcg_10: 0.0223	 hit@1:0.007965	 hit@5:0.0232	 hit@10: 0.0434
target: 	 mrr: 0.049958	 ndcg_5: 0.0418	 ndcg_10: 0.0564	 hit@1:0.017422	 hit@5:0.0662	 hit@10: 0.1122
epoch 55: train_loss = 1.513038, source_hit@10 = 0.0434, source_ndcg@10 = 0.0223, target_hit@10 = 0.1122, target_ndcg@10 = 0.0564

2024-08-10 15:58:40.569493: step 17024/24320 (epoch 56/80), loss = 1.511118 (78.416 sec/epoch), lr: 0.001168
Evaluating on dev set...
...........................
source: 	 mrr: 0.040234	 ndcg_5: 0.0292	 ndcg_10: 0.0405	 hit@1:0.011586	 hit@5:0.0471	 hit@10: 0.0818
target: 	 mrr: 0.054580	 ndcg_5: 0.0456	 ndcg_10: 0.0595	 hit@1:0.023693	 hit@5:0.0683	 hit@10: 0.1115
target best!
..............target: 	 mrr: 0.050283	 ndcg_5: 0.0413	 ndcg_10: 0.0543	 hit@1:0.017147	 hit@5:0.0665	 hit@10: 0.1070
epoch 56: train_loss = 1.511118, source_hit@10 = 0.0818, source_ndcg@10 = 0.0405, target_hit@10 = 0.1070, target_ndcg@10 = 0.0543
new best model saved.

2024-08-10 16:00:00.749505: step 17328/24320 (epoch 57/80), loss = 1.506639 (79.161 sec/epoch), lr: 0.001168
Evaluating on dev set...
...........................
source: 	 mrr: 0.034360	 ndcg_5: 0.0244	 ndcg_10: 0.0330	 hit@1:0.008689	 hit@5:0.0406	 hit@10: 0.0673
target: 	 mrr: 0.050007	 ndcg_5: 0.0430	 ndcg_10: 0.0543	 hit@1:0.014634	 hit@5:0.0683	 hit@10: 0.1038
epoch 57: train_loss = 1.506639, source_hit@10 = 0.0673, source_ndcg@10 = 0.0330, target_hit@10 = 0.1038, target_ndcg@10 = 0.0543

2024-08-10 16:01:19.168325: step 17632/24320 (epoch 58/80), loss = 1.505175 (77.852 sec/epoch), lr: 0.001110
Evaluating on dev set...
...........................
source: 	 mrr: 0.038341	 ndcg_5: 0.0277	 ndcg_10: 0.0387	 hit@1:0.011586	 hit@5:0.0449	 hit@10: 0.0789
target: 	 mrr: 0.050970	 ndcg_5: 0.0443	 ndcg_10: 0.0560	 hit@1:0.018118	 hit@5:0.0704	 hit@10: 0.1066
epoch 58: train_loss = 1.505175, source_hit@10 = 0.0789, source_ndcg@10 = 0.0387, target_hit@10 = 0.1066, target_ndcg@10 = 0.0560

2024-08-10 16:02:38.648360: step 17936/24320 (epoch 59/80), loss = 1.501436 (78.909 sec/epoch), lr: 0.001110
Evaluating on dev set...
...........................
source: 	 mrr: 0.037475	 ndcg_5: 0.0279	 ndcg_10: 0.0362	 hit@1:0.010138	 hit@5:0.0463	 hit@10: 0.0731
target: 	 mrr: 0.054648	 ndcg_5: 0.0471	 ndcg_10: 0.0558	 hit@1:0.027178	 hit@5:0.0676	 hit@10: 0.0948
target best!
..............target: 	 mrr: 0.042963	 ndcg_5: 0.0330	 ndcg_10: 0.0448	 hit@1:0.012346	 hit@5:0.0521	 hit@10: 0.0892
epoch 59: train_loss = 1.501436, source_hit@10 = 0.0731, source_ndcg@10 = 0.0362, target_hit@10 = 0.0892, target_ndcg@10 = 0.0448
new best model saved.

2024-08-10 16:03:59.357229: step 18240/24320 (epoch 60/80), loss = 1.501619 (79.671 sec/epoch), lr: 0.001110
Evaluating on dev set...
...........................
source: 	 mrr: 0.040022	 ndcg_5: 0.0288	 ndcg_10: 0.0385	 hit@1:0.013034	 hit@5:0.0449	 hit@10: 0.0760
target: 	 mrr: 0.047768	 ndcg_5: 0.0387	 ndcg_10: 0.0512	 hit@1:0.016028	 hit@5:0.0592	 hit@10: 0.0983
epoch 60: train_loss = 1.501619, source_hit@10 = 0.0760, source_ndcg@10 = 0.0385, target_hit@10 = 0.0983, target_ndcg@10 = 0.0512

2024-08-10 16:05:19.644719: step 18544/24320 (epoch 61/80), loss = 1.496228 (79.680 sec/epoch), lr: 0.001054
Evaluating on dev set...
...........................
source: 	 mrr: 0.041902	 ndcg_5: 0.0299	 ndcg_10: 0.0432	 hit@1:0.012310	 hit@5:0.0471	 hit@10: 0.0883
target: 	 mrr: 0.051547	 ndcg_5: 0.0438	 ndcg_10: 0.0548	 hit@1:0.018815	 hit@5:0.0676	 hit@10: 0.1017
epoch 61: train_loss = 1.496228, source_hit@10 = 0.0883, source_ndcg@10 = 0.0432, target_hit@10 = 0.1017, target_ndcg@10 = 0.0548

