nohup: ignoring input
/home1/lhr/anaconda3/envs/torch/lib/python3.8/site-packages/torch_geometric/typing.py:54: UserWarning: An issue occurred while importing 'pyg-lib'. Disabling its usage. Stacktrace: /lib/x86_64-linux-gnu/libm.so.6: version `GLIBC_2.29' not found (required by /home1/lhr/anaconda3/envs/torch/lib/python3.8/site-packages/libpyg.so)
  warnings.warn(f"An issue occurred while importing 'pyg-lib'. "
/home1/lhr/anaconda3/envs/torch/lib/python3.8/site-packages/torch_geometric/typing.py:110: UserWarning: An issue occurred while importing 'torch-sparse'. Disabling its usage. Stacktrace: /lib/x86_64-linux-gnu/libm.so.6: version `GLIBC_2.29' not found (required by /home1/lhr/anaconda3/envs/torch/lib/python3.8/site-packages/libpyg.so)
  warnings.warn(f"An issue occurred while importing 'torch-sparse'. "
using gpu:6 to train the model
using gpu:6 to train the model
cuda:6
Namespace(A_split=False, JK='sum', a_fold=100, aggregate=False, alpha=0.5, batch_size=1024, beta_inter=0.4, conv_layers=4, cuda=True, decay_epoch=10, device=device(type='cuda', index=6), device_id='6', domains='game_video', dropout=0.5, epoch=80, feature_dim=126, gamma_intra=0.9, hidden_dim=126, inter_tau=0.2, intra_tau=1, lambda_critic=0.4, leakey=0.05, load=False, log='logs.txt', log_epoch=1, lr=0.004, lr_decay=0.95, min_epoch=50, mode='train', model_file=None, model_name='gv', momentum=0.98, num_latent_factors=3, num_negative=100, optim='adam', patience=20, proj_layers=1, projection=1, rectify_epoch=30, residual=1, save=False, save_dir='./saved_models', seed=32, similarity_tau=0.1, test_sample_number=999, user_batch_size=256, weight_decay=0.0002)
number_user 25025
number_item 12319
/home1/lhr/invariantCDR/invariantCDR/utils/GraphMaker.py:46: RuntimeWarning: divide by zero encountered in power
  r_inv = np.power(rowsum, -1).flatten()
/home1/lhr/invariantCDR/invariantCDR/utils/GraphMaker.py:72: UserWarning: torch.sparse.SparseTensor(indices, values, shape, *, device=) is deprecated.  Please use torch.sparse_coo_tensor(indices, values, shape, dtype=, device=). (Triggered internally at /opt/conda/conda-bld/pytorch_1711403590347/work/torch/csrc/utils/tensor_new.cpp:618.)
  return torch.sparse.FloatTensor(indices, values, shape)
real graph loaded!
number_user 19457
number_item 8751
real graph loaded!
graph loaded!
Loading data from game_video with batch size 1024...
unseen test: 0
test length: 1381
unseen test: 0
test length: 1304
unseen test: 0
test length: 1435
unseen test: 0
test length: 1458
source_user_num 25025
target_user_num 19457
source_item_num 12319
target_item_num 8751
shared users id: 1737
test users 226, 217
unseen test: 0
dev length: 1000
unseen test: 0
dev length: 1000
source train data : 155036, target train data: 156091, source test data : 1304, target test data : 1458, source dev data : 1000, target dev data : 1000
2024-08-10 20:04:47.921757: step 304/24320 (epoch 1/80), loss = 2.258028 (94.221 sec/epoch), lr: 0.004000
Evaluating on dev set...
...........................
source: 	 mrr: 0.024770	 ndcg_5: 0.0165	 ndcg_10: 0.0239	 hit@1:0.005069	 hit@5:0.0282	 hit@10: 0.0514
target: 	 mrr: 0.034240	 ndcg_5: 0.0256	 ndcg_10: 0.0346	 hit@1:0.010453	 hit@5:0.0404	 hit@10: 0.0690
source best!
.............
source: 	 mrr: 0.024241	 ndcg_5: 0.0159	 ndcg_10: 0.0233	 hit@1:0.004601	 hit@5:0.0276	 hit@10: 0.0506
target best!
..............target: 	 mrr: 0.036065	 ndcg_5: 0.0287	 ndcg_10: 0.0369	 hit@1:0.010288	 hit@5:0.0460	 hit@10: 0.0720
epoch 1: train_loss = 2.258028, source_hit@10 = 0.0506, source_ndcg@10 = 0.0233, target_hit@10 = 0.0720, target_ndcg@10 = 0.0369

2024-08-10 20:06:20.326561: step 608/24320 (epoch 2/80), loss = 1.866964 (90.960 sec/epoch), lr: 0.004000
Evaluating on dev set...
...........................
source: 	 mrr: 0.031864	 ndcg_5: 0.0217	 ndcg_10: 0.0307	 hit@1:0.009413	 hit@5:0.0333	 hit@10: 0.0608
target: 	 mrr: 0.024695	 ndcg_5: 0.0158	 ndcg_10: 0.0242	 hit@1:0.006272	 hit@5:0.0265	 hit@10: 0.0530
source best!
.............
source: 	 mrr: 0.032279	 ndcg_5: 0.0218	 ndcg_10: 0.0308	 hit@1:0.011503	 hit@5:0.0307	 hit@10: 0.0590
epoch 2: train_loss = 1.866964, source_hit@10 = 0.0590, source_ndcg@10 = 0.0308, target_hit@10 = 0.0530, target_ndcg@10 = 0.0242
new best model saved.

2024-08-10 20:07:53.508520: step 912/24320 (epoch 3/80), loss = 1.788401 (92.031 sec/epoch), lr: 0.004000
Evaluating on dev set...
...........................
source: 	 mrr: 0.030948	 ndcg_5: 0.0219	 ndcg_10: 0.0299	 hit@1:0.010138	 hit@5:0.0333	 hit@10: 0.0587
target: 	 mrr: 0.025471	 ndcg_5: 0.0168	 ndcg_10: 0.0243	 hit@1:0.004181	 hit@5:0.0300	 hit@10: 0.0537
epoch 3: train_loss = 1.788401, source_hit@10 = 0.0587, source_ndcg@10 = 0.0299, target_hit@10 = 0.0537, target_ndcg@10 = 0.0243

2024-08-10 20:09:25.652217: step 1216/24320 (epoch 4/80), loss = 1.738671 (91.310 sec/epoch), lr: 0.004000
Evaluating on dev set...
...........................
source: 	 mrr: 0.034238	 ndcg_5: 0.0219	 ndcg_10: 0.0348	 hit@1:0.012310	 hit@5:0.0326	 hit@10: 0.0739
target: 	 mrr: 0.027673	 ndcg_5: 0.0194	 ndcg_10: 0.0256	 hit@1:0.008362	 hit@5:0.0300	 hit@10: 0.0495
source best!
.............
source: 	 mrr: 0.033027	 ndcg_5: 0.0236	 ndcg_10: 0.0323	 hit@1:0.006135	 hit@5:0.0414	 hit@10: 0.0690
epoch 4: train_loss = 1.738671, source_hit@10 = 0.0690, source_ndcg@10 = 0.0323, target_hit@10 = 0.0495, target_ndcg@10 = 0.0256
new best model saved.

2024-08-10 20:10:57.833137: step 1520/24320 (epoch 5/80), loss = 1.693011 (90.973 sec/epoch), lr: 0.004000
Evaluating on dev set...
...........................
source: 	 mrr: 0.038065	 ndcg_5: 0.0282	 ndcg_10: 0.0380	 hit@1:0.010862	 hit@5:0.0463	 hit@10: 0.0775
target: 	 mrr: 0.038319	 ndcg_5: 0.0311	 ndcg_10: 0.0421	 hit@1:0.009756	 hit@5:0.0516	 hit@10: 0.0857
source best!
.............
source: 	 mrr: 0.034381	 ndcg_5: 0.0256	 ndcg_10: 0.0352	 hit@1:0.006135	 hit@5:0.0452	 hit@10: 0.0752
target best!
..............target: 	 mrr: 0.035780	 ndcg_5: 0.0265	 ndcg_10: 0.0380	 hit@1:0.008230	 hit@5:0.0460	 hit@10: 0.0816
epoch 5: train_loss = 1.693011, source_hit@10 = 0.0752, source_ndcg@10 = 0.0352, target_hit@10 = 0.0816, target_ndcg@10 = 0.0380
new best model saved.

2024-08-10 20:12:31.127485: step 1824/24320 (epoch 6/80), loss = 1.670024 (91.560 sec/epoch), lr: 0.004000
Evaluating on dev set...
...........................
source: 	 mrr: 0.035108	 ndcg_5: 0.0274	 ndcg_10: 0.0360	 hit@1:0.008689	 hit@5:0.0456	 hit@10: 0.0724
target: 	 mrr: 0.037352	 ndcg_5: 0.0271	 ndcg_10: 0.0381	 hit@1:0.010453	 hit@5:0.0439	 hit@10: 0.0780
epoch 6: train_loss = 1.670024, source_hit@10 = 0.0724, source_ndcg@10 = 0.0360, target_hit@10 = 0.0780, target_ndcg@10 = 0.0381

2024-08-10 20:14:04.583798: step 2128/24320 (epoch 7/80), loss = 1.647902 (92.724 sec/epoch), lr: 0.004000
Evaluating on dev set...
...........................
source: 	 mrr: 0.028313	 ndcg_5: 0.0173	 ndcg_10: 0.0258	 hit@1:0.007965	 hit@5:0.0275	 hit@10: 0.0536
target: 	 mrr: 0.028291	 ndcg_5: 0.0211	 ndcg_10: 0.0272	 hit@1:0.007666	 hit@5:0.0341	 hit@10: 0.0530
epoch 7: train_loss = 1.647902, source_hit@10 = 0.0536, source_ndcg@10 = 0.0258, target_hit@10 = 0.0530, target_ndcg@10 = 0.0272

2024-08-10 20:15:38.696898: step 2432/24320 (epoch 8/80), loss = 1.634552 (93.298 sec/epoch), lr: 0.004000
Evaluating on dev set...
...........................
source: 	 mrr: 0.023286	 ndcg_5: 0.0149	 ndcg_10: 0.0214	 hit@1:0.006517	 hit@5:0.0239	 hit@10: 0.0442
target: 	 mrr: 0.031873	 ndcg_5: 0.0241	 ndcg_10: 0.0336	 hit@1:0.008362	 hit@5:0.0390	 hit@10: 0.0690
epoch 8: train_loss = 1.634552, source_hit@10 = 0.0442, source_ndcg@10 = 0.0214, target_hit@10 = 0.0690, target_ndcg@10 = 0.0336

2024-08-10 20:17:12.426843: step 2736/24320 (epoch 9/80), loss = 1.626820 (92.965 sec/epoch), lr: 0.004000
Evaluating on dev set...
...........................
source: 	 mrr: 0.033204	 ndcg_5: 0.0222	 ndcg_10: 0.0324	 hit@1:0.008689	 hit@5:0.0362	 hit@10: 0.0681
target: 	 mrr: 0.046344	 ndcg_5: 0.0387	 ndcg_10: 0.0506	 hit@1:0.016725	 hit@5:0.0613	 hit@10: 0.0983
target best!
..............target: 	 mrr: 0.042578	 ndcg_5: 0.0338	 ndcg_10: 0.0475	 hit@1:0.014403	 hit@5:0.0556	 hit@10: 0.0988
epoch 9: train_loss = 1.626820, source_hit@10 = 0.0681, source_ndcg@10 = 0.0324, target_hit@10 = 0.0988, target_ndcg@10 = 0.0475
new best model saved.

2024-08-10 20:18:45.777407: step 3040/24320 (epoch 10/80), loss = 1.620280 (91.987 sec/epoch), lr: 0.004000
Evaluating on dev set...
...........................
source: 	 mrr: 0.033013	 ndcg_5: 0.0232	 ndcg_10: 0.0349	 hit@1:0.006517	 hit@5:0.0406	 hit@10: 0.0775
target: 	 mrr: 0.041144	 ndcg_5: 0.0321	 ndcg_10: 0.0426	 hit@1:0.014634	 hit@5:0.0502	 hit@10: 0.0829
epoch 10: train_loss = 1.620280, source_hit@10 = 0.0775, source_ndcg@10 = 0.0349, target_hit@10 = 0.0829, target_ndcg@10 = 0.0426

2024-08-10 20:20:17.808117: step 3344/24320 (epoch 11/80), loss = 1.615668 (91.215 sec/epoch), lr: 0.004000
Evaluating on dev set...
...........................
source: 	 mrr: 0.031889	 ndcg_5: 0.0236	 ndcg_10: 0.0310	 hit@1:0.010138	 hit@5:0.0362	 hit@10: 0.0594
target: 	 mrr: 0.037612	 ndcg_5: 0.0303	 ndcg_10: 0.0408	 hit@1:0.009756	 hit@5:0.0509	 hit@10: 0.0829
epoch 11: train_loss = 1.615668, source_hit@10 = 0.0594, source_ndcg@10 = 0.0310, target_hit@10 = 0.0829, target_ndcg@10 = 0.0408

2024-08-10 20:21:50.394662: step 3648/24320 (epoch 12/80), loss = 1.605366 (91.881 sec/epoch), lr: 0.003800
Evaluating on dev set...
...........................
source: 	 mrr: 0.037067	 ndcg_5: 0.0273	 ndcg_10: 0.0355	 hit@1:0.013758	 hit@5:0.0427	 hit@10: 0.0681
target: 	 mrr: 0.031056	 ndcg_5: 0.0252	 ndcg_10: 0.0315	 hit@1:0.007666	 hit@5:0.0425	 hit@10: 0.0620
epoch 12: train_loss = 1.605366, source_hit@10 = 0.0681, source_ndcg@10 = 0.0355, target_hit@10 = 0.0620, target_ndcg@10 = 0.0315

2024-08-10 20:23:22.632722: step 3952/24320 (epoch 13/80), loss = 1.601941 (91.427 sec/epoch), lr: 0.003610
Evaluating on dev set...
...........................
source: 	 mrr: 0.023969	 ndcg_5: 0.0160	 ndcg_10: 0.0227	 hit@1:0.005069	 hit@5:0.0268	 hit@10: 0.0478
target: 	 mrr: 0.041946	 ndcg_5: 0.0347	 ndcg_10: 0.0427	 hit@1:0.015331	 hit@5:0.0551	 hit@10: 0.0801
epoch 13: train_loss = 1.601941, source_hit@10 = 0.0478, source_ndcg@10 = 0.0227, target_hit@10 = 0.0801, target_ndcg@10 = 0.0427

2024-08-10 20:24:56.056202: step 4256/24320 (epoch 14/80), loss = 1.596774 (92.680 sec/epoch), lr: 0.003429
Evaluating on dev set...
...........................
source: 	 mrr: 0.024860	 ndcg_5: 0.0130	 ndcg_10: 0.0215	 hit@1:0.003621	 hit@5:0.0217	 hit@10: 0.0485
target: 	 mrr: 0.037724	 ndcg_5: 0.0289	 ndcg_10: 0.0389	 hit@1:0.013937	 hit@5:0.0446	 hit@10: 0.0760
epoch 14: train_loss = 1.596774, source_hit@10 = 0.0485, source_ndcg@10 = 0.0215, target_hit@10 = 0.0760, target_ndcg@10 = 0.0389

2024-08-10 20:26:29.005176: step 4560/24320 (epoch 15/80), loss = 1.590152 (92.185 sec/epoch), lr: 0.003258
Evaluating on dev set...
...........................
source: 	 mrr: 0.032421	 ndcg_5: 0.0220	 ndcg_10: 0.0335	 hit@1:0.007241	 hit@5:0.0362	 hit@10: 0.0724
target: 	 mrr: 0.044029	 ndcg_5: 0.0345	 ndcg_10: 0.0485	 hit@1:0.012544	 hit@5:0.0557	 hit@10: 0.0990
epoch 15: train_loss = 1.590152, source_hit@10 = 0.0724, source_ndcg@10 = 0.0335, target_hit@10 = 0.0990, target_ndcg@10 = 0.0485

2024-08-10 20:27:58.877791: step 4864/24320 (epoch 16/80), loss = 1.587697 (89.074 sec/epoch), lr: 0.003258
Evaluating on dev set...
...........................
source: 	 mrr: 0.032439	 ndcg_5: 0.0214	 ndcg_10: 0.0309	 hit@1:0.010862	 hit@5:0.0326	 hit@10: 0.0623
target: 	 mrr: 0.039577	 ndcg_5: 0.0292	 ndcg_10: 0.0416	 hit@1:0.009756	 hit@5:0.0495	 hit@10: 0.0878
epoch 16: train_loss = 1.587697, source_hit@10 = 0.0623, source_ndcg@10 = 0.0309, target_hit@10 = 0.0878, target_ndcg@10 = 0.0416

2024-08-10 20:29:28.777865: step 5168/24320 (epoch 17/80), loss = 1.583476 (89.134 sec/epoch), lr: 0.003095
Evaluating on dev set...
...........................
source: 	 mrr: 0.025644	 ndcg_5: 0.0148	 ndcg_10: 0.0215	 hit@1:0.006517	 hit@5:0.0232	 hit@10: 0.0434
target: 	 mrr: 0.039850	 ndcg_5: 0.0350	 ndcg_10: 0.0449	 hit@1:0.009059	 hit@5:0.0627	 hit@10: 0.0934
epoch 17: train_loss = 1.583476, source_hit@10 = 0.0434, source_ndcg@10 = 0.0215, target_hit@10 = 0.0934, target_ndcg@10 = 0.0449

2024-08-10 20:30:59.109227: step 5472/24320 (epoch 18/80), loss = 1.576845 (89.538 sec/epoch), lr: 0.002940
Evaluating on dev set...
...........................
source: 	 mrr: 0.035073	 ndcg_5: 0.0254	 ndcg_10: 0.0336	 hit@1:0.010138	 hit@5:0.0406	 hit@10: 0.0659
target: 	 mrr: 0.048748	 ndcg_5: 0.0396	 ndcg_10: 0.0530	 hit@1:0.016725	 hit@5:0.0627	 hit@10: 0.1045
target best!
..............target: 	 mrr: 0.047253	 ndcg_5: 0.0383	 ndcg_10: 0.0530	 hit@1:0.013717	 hit@5:0.0638	 hit@10: 0.1097
epoch 18: train_loss = 1.576845, source_hit@10 = 0.0659, source_ndcg@10 = 0.0336, target_hit@10 = 0.1097, target_ndcg@10 = 0.0530
new best model saved.

2024-08-10 20:32:28.236035: step 5776/24320 (epoch 19/80), loss = 1.570462 (87.906 sec/epoch), lr: 0.002940
Evaluating on dev set...
...........................
source: 	 mrr: 0.028248	 ndcg_5: 0.0176	 ndcg_10: 0.0256	 hit@1:0.006517	 hit@5:0.0290	 hit@10: 0.0543
target: 	 mrr: 0.042344	 ndcg_5: 0.0344	 ndcg_10: 0.0454	 hit@1:0.011847	 hit@5:0.0564	 hit@10: 0.0913
epoch 19: train_loss = 1.570462, source_hit@10 = 0.0543, source_ndcg@10 = 0.0256, target_hit@10 = 0.0913, target_ndcg@10 = 0.0454

2024-08-10 20:33:56.835993: step 6080/24320 (epoch 20/80), loss = 1.558423 (87.871 sec/epoch), lr: 0.002793
Evaluating on dev set...
...........................
source: 	 mrr: 0.029077	 ndcg_5: 0.0216	 ndcg_10: 0.0273	 hit@1:0.007965	 hit@5:0.0362	 hit@10: 0.0536
target: 	 mrr: 0.040044	 ndcg_5: 0.0321	 ndcg_10: 0.0433	 hit@1:0.012544	 hit@5:0.0516	 hit@10: 0.0864
epoch 20: train_loss = 1.558423, source_hit@10 = 0.0536, source_ndcg@10 = 0.0273, target_hit@10 = 0.0864, target_ndcg@10 = 0.0433

2024-08-10 20:35:25.914140: step 6384/24320 (epoch 21/80), loss = 1.548726 (88.293 sec/epoch), lr: 0.002654
Evaluating on dev set...
...........................
source: 	 mrr: 0.033081	 ndcg_5: 0.0219	 ndcg_10: 0.0310	 hit@1:0.010862	 hit@5:0.0333	 hit@10: 0.0615
target: 	 mrr: 0.050925	 ndcg_5: 0.0439	 ndcg_10: 0.0561	 hit@1:0.017422	 hit@5:0.0690	 hit@10: 0.1073
target best!
..............target: 	 mrr: 0.050602	 ndcg_5: 0.0437	 ndcg_10: 0.0553	 hit@1:0.018519	 hit@5:0.0706	 hit@10: 0.1063
epoch 21: train_loss = 1.548726, source_hit@10 = 0.0615, source_ndcg@10 = 0.0310, target_hit@10 = 0.1063, target_ndcg@10 = 0.0553
new best model saved.

2024-08-10 20:36:55.745760: step 6688/24320 (epoch 22/80), loss = 1.538066 (88.625 sec/epoch), lr: 0.002654
Evaluating on dev set...
...........................
source: 	 mrr: 0.030398	 ndcg_5: 0.0213	 ndcg_10: 0.0280	 hit@1:0.006517	 hit@5:0.0355	 hit@10: 0.0558
target: 	 mrr: 0.028018	 ndcg_5: 0.0175	 ndcg_10: 0.0251	 hit@1:0.007666	 hit@5:0.0279	 hit@10: 0.0516
epoch 22: train_loss = 1.538066, source_hit@10 = 0.0558, source_ndcg@10 = 0.0280, target_hit@10 = 0.0516, target_ndcg@10 = 0.0251

2024-08-10 20:38:25.442865: step 6992/24320 (epoch 23/80), loss = 1.524892 (88.966 sec/epoch), lr: 0.002521
Evaluating on dev set...
...........................
source: 	 mrr: 0.030045	 ndcg_5: 0.0207	 ndcg_10: 0.0294	 hit@1:0.007965	 hit@5:0.0326	 hit@10: 0.0594
target: 	 mrr: 0.023935	 ndcg_5: 0.0139	 ndcg_10: 0.0222	 hit@1:0.005575	 hit@5:0.0244	 hit@10: 0.0502
epoch 23: train_loss = 1.524892, source_hit@10 = 0.0594, source_ndcg@10 = 0.0294, target_hit@10 = 0.0502, target_ndcg@10 = 0.0222

2024-08-10 20:39:54.572715: step 7296/24320 (epoch 24/80), loss = 1.519318 (88.358 sec/epoch), lr: 0.002395
Evaluating on dev set...
...........................
source: 	 mrr: 0.016947	 ndcg_5: 0.0134	 ndcg_10: 0.0183	 hit@1:0.004345	 hit@5:0.0239	 hit@10: 0.0391
target: 	 mrr: 0.041567	 ndcg_5: 0.0345	 ndcg_10: 0.0477	 hit@1:0.006969	 hit@5:0.0634	 hit@10: 0.1038
epoch 24: train_loss = 1.519318, source_hit@10 = 0.0391, source_ndcg@10 = 0.0183, target_hit@10 = 0.1038, target_ndcg@10 = 0.0477

2024-08-10 20:41:23.564144: step 7600/24320 (epoch 25/80), loss = 1.517409 (88.274 sec/epoch), lr: 0.002395
Evaluating on dev set...
...........................
source: 	 mrr: 0.029337	 ndcg_5: 0.0229	 ndcg_10: 0.0291	 hit@1:0.009413	 hit@5:0.0362	 hit@10: 0.0558
target: 	 mrr: 0.045649	 ndcg_5: 0.0346	 ndcg_10: 0.0501	 hit@1:0.013937	 hit@5:0.0544	 hit@10: 0.1024
epoch 25: train_loss = 1.517409, source_hit@10 = 0.0558, source_ndcg@10 = 0.0291, target_hit@10 = 0.1024, target_ndcg@10 = 0.0501

2024-08-10 20:42:52.639961: step 7904/24320 (epoch 26/80), loss = 1.513530 (88.359 sec/epoch), lr: 0.002395
Evaluating on dev set...
...........................
source: 	 mrr: 0.022616	 ndcg_5: 0.0130	 ndcg_10: 0.0201	 hit@1:0.006517	 hit@5:0.0188	 hit@10: 0.0406
target: 	 mrr: 0.043599	 ndcg_5: 0.0349	 ndcg_10: 0.0447	 hit@1:0.018815	 hit@5:0.0537	 hit@10: 0.0843
epoch 26: train_loss = 1.513530, source_hit@10 = 0.0406, source_ndcg@10 = 0.0201, target_hit@10 = 0.0843, target_ndcg@10 = 0.0447

2024-08-10 20:44:22.035813: step 8208/24320 (epoch 27/80), loss = 1.511874 (88.664 sec/epoch), lr: 0.002275
Evaluating on dev set...
...........................
source: 	 mrr: 0.021223	 ndcg_5: 0.0113	 ndcg_10: 0.0182	 hit@1:0.004345	 hit@5:0.0181	 hit@10: 0.0398
target: 	 mrr: 0.040508	 ndcg_5: 0.0323	 ndcg_10: 0.0450	 hit@1:0.009059	 hit@5:0.0564	 hit@10: 0.0962
epoch 27: train_loss = 1.511874, source_hit@10 = 0.0398, source_ndcg@10 = 0.0182, target_hit@10 = 0.0962, target_ndcg@10 = 0.0450

2024-08-10 20:45:51.524134: step 8512/24320 (epoch 28/80), loss = 1.504051 (88.776 sec/epoch), lr: 0.002161
Evaluating on dev set...
...........................
source: 	 mrr: 0.024623	 ndcg_5: 0.0163	 ndcg_10: 0.0222	 hit@1:0.007241	 hit@5:0.0275	 hit@10: 0.0463
target: 	 mrr: 0.044633	 ndcg_5: 0.0381	 ndcg_10: 0.0491	 hit@1:0.012544	 hit@5:0.0655	 hit@10: 0.1003
epoch 28: train_loss = 1.504051, source_hit@10 = 0.0463, source_ndcg@10 = 0.0222, target_hit@10 = 0.1003, target_ndcg@10 = 0.0491

2024-08-10 20:47:20.447513: step 8816/24320 (epoch 29/80), loss = 1.506166 (88.199 sec/epoch), lr: 0.002161
Evaluating on dev set...
...........................
source: 	 mrr: 0.032674	 ndcg_5: 0.0229	 ndcg_10: 0.0340	 hit@1:0.005793	 hit@5:0.0406	 hit@10: 0.0753
target: 	 mrr: 0.043735	 ndcg_5: 0.0354	 ndcg_10: 0.0486	 hit@1:0.010453	 hit@5:0.0599	 hit@10: 0.1010
epoch 29: train_loss = 1.506166, source_hit@10 = 0.0753, source_ndcg@10 = 0.0340, target_hit@10 = 0.1010, target_ndcg@10 = 0.0486

2024-08-10 20:48:49.369301: step 9120/24320 (epoch 30/80), loss = 1.504826 (88.176 sec/epoch), lr: 0.002161
Evaluating on dev set...
...........................
source: 	 mrr: 0.036077	 ndcg_5: 0.0250	 ndcg_10: 0.0331	 hit@1:0.011586	 hit@5:0.0384	 hit@10: 0.0637
target: 	 mrr: 0.037961	 ndcg_5: 0.0294	 ndcg_10: 0.0392	 hit@1:0.012544	 hit@5:0.0467	 hit@10: 0.0780
epoch 30: train_loss = 1.504826, source_hit@10 = 0.0637, source_ndcg@10 = 0.0331, target_hit@10 = 0.0780, target_ndcg@10 = 0.0392
shift to transfer learning mode

2024-08-10 20:50:30.628595: step 9424/24320 (epoch 31/80), loss = 1.592781 (100.430 sec/epoch), lr: 0.002053
Evaluating on dev set...
...........................
source: 	 mrr: 0.024822	 ndcg_5: 0.0184	 ndcg_10: 0.0237	 hit@1:0.010138	 hit@5:0.0268	 hit@10: 0.0434
target: 	 mrr: 0.048856	 ndcg_5: 0.0408	 ndcg_10: 0.0529	 hit@1:0.016725	 hit@5:0.0655	 hit@10: 0.1031
epoch 31: train_loss = 1.592781, source_hit@10 = 0.0434, source_ndcg@10 = 0.0237, target_hit@10 = 0.1031, target_ndcg@10 = 0.0529

2024-08-10 20:52:12.144789: step 9728/24320 (epoch 32/80), loss = 1.599513 (100.786 sec/epoch), lr: 0.001951
Evaluating on dev set...
...........................
source: 	 mrr: 0.039276	 ndcg_5: 0.0289	 ndcg_10: 0.0380	 hit@1:0.012310	 hit@5:0.0442	 hit@10: 0.0724
target: 	 mrr: 0.050648	 ndcg_5: 0.0423	 ndcg_10: 0.0545	 hit@1:0.020209	 hit@5:0.0655	 hit@10: 0.1031
source best!
.............
source: 	 mrr: 0.038598	 ndcg_5: 0.0265	 ndcg_10: 0.0394	 hit@1:0.013037	 hit@5:0.0399	 hit@10: 0.0805
epoch 32: train_loss = 1.599513, source_hit@10 = 0.0805, source_ndcg@10 = 0.0394, target_hit@10 = 0.1031, target_ndcg@10 = 0.0545
new best model saved.

2024-08-10 20:53:52.200746: step 10032/24320 (epoch 33/80), loss = 1.597882 (98.918 sec/epoch), lr: 0.001951
Evaluating on dev set...
...........................
source: 	 mrr: 0.037072	 ndcg_5: 0.0256	 ndcg_10: 0.0366	 hit@1:0.010862	 hit@5:0.0406	 hit@10: 0.0753
target: 	 mrr: 0.042447	 ndcg_5: 0.0337	 ndcg_10: 0.0452	 hit@1:0.013937	 hit@5:0.0530	 hit@10: 0.0892
epoch 33: train_loss = 1.597882, source_hit@10 = 0.0753, source_ndcg@10 = 0.0366, target_hit@10 = 0.0892, target_ndcg@10 = 0.0452

2024-08-10 20:55:31.255094: step 10336/24320 (epoch 34/80), loss = 1.593991 (98.285 sec/epoch), lr: 0.001853
Evaluating on dev set...
...........................
source: 	 mrr: 0.023639	 ndcg_5: 0.0145	 ndcg_10: 0.0213	 hit@1:0.005793	 hit@5:0.0239	 hit@10: 0.0456
target: 	 mrr: 0.052530	 ndcg_5: 0.0437	 ndcg_10: 0.0575	 hit@1:0.020209	 hit@5:0.0662	 hit@10: 0.1101
target best!
..............target: 	 mrr: 0.050173	 ndcg_5: 0.0406	 ndcg_10: 0.0545	 hit@1:0.015089	 hit@5:0.0652	 hit@10: 0.1084
epoch 34: train_loss = 1.593991, source_hit@10 = 0.0456, source_ndcg@10 = 0.0213, target_hit@10 = 0.1084, target_ndcg@10 = 0.0545
new best model saved.

2024-08-10 20:57:12.902827: step 10640/24320 (epoch 35/80), loss = 1.586122 (100.361 sec/epoch), lr: 0.001761
Evaluating on dev set...
...........................
source: 	 mrr: 0.033779	 ndcg_5: 0.0255	 ndcg_10: 0.0337	 hit@1:0.010862	 hit@5:0.0406	 hit@10: 0.0659
target: 	 mrr: 0.045044	 ndcg_5: 0.0353	 ndcg_10: 0.0489	 hit@1:0.017422	 hit@5:0.0537	 hit@10: 0.0962
epoch 35: train_loss = 1.586122, source_hit@10 = 0.0659, source_ndcg@10 = 0.0337, target_hit@10 = 0.0962, target_ndcg@10 = 0.0489

2024-08-10 20:58:54.355346: step 10944/24320 (epoch 36/80), loss = 1.585861 (100.722 sec/epoch), lr: 0.001761
Evaluating on dev set...
...........................
source: 	 mrr: 0.024993	 ndcg_5: 0.0172	 ndcg_10: 0.0231	 hit@1:0.009413	 hit@5:0.0261	 hit@10: 0.0442
target: 	 mrr: 0.054730	 ndcg_5: 0.0451	 ndcg_10: 0.0609	 hit@1:0.022300	 hit@5:0.0669	 hit@10: 0.1164
target best!
..............target: 	 mrr: 0.056060	 ndcg_5: 0.0473	 ndcg_10: 0.0622	 hit@1:0.021262	 hit@5:0.0741	 hit@10: 0.1207
epoch 36: train_loss = 1.585861, source_hit@10 = 0.0442, source_ndcg@10 = 0.0231, target_hit@10 = 0.1207, target_ndcg@10 = 0.0622
new best model saved.

2024-08-10 21:00:34.095290: step 11248/24320 (epoch 37/80), loss = 1.580990 (98.497 sec/epoch), lr: 0.001761
Evaluating on dev set...
...........................
source: 	 mrr: 0.028665	 ndcg_5: 0.0188	 ndcg_10: 0.0255	 hit@1:0.005793	 hit@5:0.0333	 hit@10: 0.0543
target: 	 mrr: 0.060506	 ndcg_5: 0.0504	 ndcg_10: 0.0680	 hit@1:0.028571	 hit@5:0.0739	 hit@10: 0.1282
target best!
..............target: 	 mrr: 0.053352	 ndcg_5: 0.0457	 ndcg_10: 0.0600	 hit@1:0.017147	 hit@5:0.0754	 hit@10: 0.1207
epoch 37: train_loss = 1.580990, source_hit@10 = 0.0543, source_ndcg@10 = 0.0255, target_hit@10 = 0.1207, target_ndcg@10 = 0.0600
new best model saved.

2024-08-10 21:02:13.077124: step 11552/24320 (epoch 38/80), loss = 1.577251 (97.767 sec/epoch), lr: 0.001761
Evaluating on dev set...
...........................
source: 	 mrr: 0.026977	 ndcg_5: 0.0201	 ndcg_10: 0.0265	 hit@1:0.007965	 hit@5:0.0326	 hit@10: 0.0529
target: 	 mrr: 0.053695	 ndcg_5: 0.0474	 ndcg_10: 0.0592	 hit@1:0.017422	 hit@5:0.0760	 hit@10: 0.1122
epoch 38: train_loss = 1.577251, source_hit@10 = 0.0529, source_ndcg@10 = 0.0265, target_hit@10 = 0.1122, target_ndcg@10 = 0.0592

2024-08-10 21:03:51.311422: step 11856/24320 (epoch 39/80), loss = 1.574205 (97.578 sec/epoch), lr: 0.001672
Evaluating on dev set...
...........................
source: 	 mrr: 0.036432	 ndcg_5: 0.0251	 ndcg_10: 0.0350	 hit@1:0.012310	 hit@5:0.0384	 hit@10: 0.0695
target: 	 mrr: 0.050039	 ndcg_5: 0.0422	 ndcg_10: 0.0576	 hit@1:0.015331	 hit@5:0.0697	 hit@10: 0.1171
epoch 39: train_loss = 1.574205, source_hit@10 = 0.0695, source_ndcg@10 = 0.0350, target_hit@10 = 0.1171, target_ndcg@10 = 0.0576

2024-08-10 21:05:30.734600: step 12160/24320 (epoch 40/80), loss = 1.575804 (98.647 sec/epoch), lr: 0.001672
Evaluating on dev set...
...........................
source: 	 mrr: 0.031252	 ndcg_5: 0.0208	 ndcg_10: 0.0295	 hit@1:0.004345	 hit@5:0.0362	 hit@10: 0.0637
target: 	 mrr: 0.052844	 ndcg_5: 0.0474	 ndcg_10: 0.0578	 hit@1:0.019512	 hit@5:0.0774	 hit@10: 0.1094
epoch 40: train_loss = 1.575804, source_hit@10 = 0.0637, source_ndcg@10 = 0.0295, target_hit@10 = 0.1094, target_ndcg@10 = 0.0578

2024-08-10 21:07:11.457374: step 12464/24320 (epoch 41/80), loss = 1.569498 (100.050 sec/epoch), lr: 0.001589
Evaluating on dev set...
...........................
source: 	 mrr: 0.034122	 ndcg_5: 0.0240	 ndcg_10: 0.0325	 hit@1:0.013034	 hit@5:0.0355	 hit@10: 0.0615
target: 	 mrr: 0.048614	 ndcg_5: 0.0403	 ndcg_10: 0.0532	 hit@1:0.014634	 hit@5:0.0662	 hit@10: 0.1059
epoch 41: train_loss = 1.569498, source_hit@10 = 0.0615, source_ndcg@10 = 0.0325, target_hit@10 = 0.1059, target_ndcg@10 = 0.0532

2024-08-10 21:08:50.847655: step 12768/24320 (epoch 42/80), loss = 1.565817 (98.657 sec/epoch), lr: 0.001509
Evaluating on dev set...
...........................
source: 	 mrr: 0.029269	 ndcg_5: 0.0214	 ndcg_10: 0.0295	 hit@1:0.007965	 hit@5:0.0348	 hit@10: 0.0601
target: 	 mrr: 0.052777	 ndcg_5: 0.0437	 ndcg_10: 0.0598	 hit@1:0.016725	 hit@5:0.0690	 hit@10: 0.1199
epoch 42: train_loss = 1.565817, source_hit@10 = 0.0601, source_ndcg@10 = 0.0295, target_hit@10 = 0.1199, target_ndcg@10 = 0.0598

2024-08-10 21:10:31.130857: step 13072/24320 (epoch 43/80), loss = 1.560713 (99.555 sec/epoch), lr: 0.001434
Evaluating on dev set...
...........................
source: 	 mrr: 0.035681	 ndcg_5: 0.0234	 ndcg_10: 0.0323	 hit@1:0.011586	 hit@5:0.0355	 hit@10: 0.0623
target: 	 mrr: 0.057258	 ndcg_5: 0.0485	 ndcg_10: 0.0648	 hit@1:0.020209	 hit@5:0.0767	 hit@10: 0.1275
epoch 43: train_loss = 1.560713, source_hit@10 = 0.0623, source_ndcg@10 = 0.0323, target_hit@10 = 0.1275, target_ndcg@10 = 0.0648

2024-08-10 21:12:13.836218: step 13376/24320 (epoch 44/80), loss = 1.560609 (101.964 sec/epoch), lr: 0.001434
Evaluating on dev set...
...........................
source: 	 mrr: 0.036411	 ndcg_5: 0.0266	 ndcg_10: 0.0353	 hit@1:0.009413	 hit@5:0.0449	 hit@10: 0.0717
target: 	 mrr: 0.049554	 ndcg_5: 0.0402	 ndcg_10: 0.0554	 hit@1:0.015331	 hit@5:0.0648	 hit@10: 0.1122
epoch 44: train_loss = 1.560609, source_hit@10 = 0.0717, source_ndcg@10 = 0.0353, target_hit@10 = 0.1122, target_ndcg@10 = 0.0554

2024-08-10 21:13:56.197857: step 13680/24320 (epoch 45/80), loss = 1.558374 (101.613 sec/epoch), lr: 0.001362
Evaluating on dev set...
...........................
source: 	 mrr: 0.037593	 ndcg_5: 0.0277	 ndcg_10: 0.0373	 hit@1:0.010138	 hit@5:0.0471	 hit@10: 0.0768
target: 	 mrr: 0.056688	 ndcg_5: 0.0492	 ndcg_10: 0.0620	 hit@1:0.020906	 hit@5:0.0760	 hit@10: 0.1157
epoch 45: train_loss = 1.558374, source_hit@10 = 0.0768, source_ndcg@10 = 0.0373, target_hit@10 = 0.1157, target_ndcg@10 = 0.0620

2024-08-10 21:15:35.060219: step 13984/24320 (epoch 46/80), loss = 1.557929 (98.183 sec/epoch), lr: 0.001362
Evaluating on dev set...
...........................
source: 	 mrr: 0.028320	 ndcg_5: 0.0168	 ndcg_10: 0.0268	 hit@1:0.004345	 hit@5:0.0290	 hit@10: 0.0601
target: 	 mrr: 0.055303	 ndcg_5: 0.0478	 ndcg_10: 0.0605	 hit@1:0.021603	 hit@5:0.0746	 hit@10: 0.1143
epoch 46: train_loss = 1.557929, source_hit@10 = 0.0601, source_ndcg@10 = 0.0268, target_hit@10 = 0.1143, target_ndcg@10 = 0.0605

2024-08-10 21:17:14.841346: step 14288/24320 (epoch 47/80), loss = 1.555490 (99.059 sec/epoch), lr: 0.001294
Evaluating on dev set...
...........................
source: 	 mrr: 0.038538	 ndcg_5: 0.0280	 ndcg_10: 0.0392	 hit@1:0.009413	 hit@5:0.0463	 hit@10: 0.0818
target: 	 mrr: 0.050627	 ndcg_5: 0.0417	 ndcg_10: 0.0535	 hit@1:0.016725	 hit@5:0.0634	 hit@10: 0.0997
epoch 47: train_loss = 1.555490, source_hit@10 = 0.0818, source_ndcg@10 = 0.0392, target_hit@10 = 0.0997, target_ndcg@10 = 0.0535

2024-08-10 21:18:51.912485: step 14592/24320 (epoch 48/80), loss = 1.555179 (96.298 sec/epoch), lr: 0.001294
Evaluating on dev set...
...........................
source: 	 mrr: 0.037071	 ndcg_5: 0.0265	 ndcg_10: 0.0361	 hit@1:0.007965	 hit@5:0.0449	 hit@10: 0.0746
target: 	 mrr: 0.052567	 ndcg_5: 0.0444	 ndcg_10: 0.0579	 hit@1:0.018815	 hit@5:0.0704	 hit@10: 0.1122
epoch 48: train_loss = 1.555179, source_hit@10 = 0.0746, source_ndcg@10 = 0.0361, target_hit@10 = 0.1122, target_ndcg@10 = 0.0579

2024-08-10 21:20:30.251304: step 14896/24320 (epoch 49/80), loss = 1.553851 (97.551 sec/epoch), lr: 0.001294
Evaluating on dev set...
...........................
source: 	 mrr: 0.037145	 ndcg_5: 0.0255	 ndcg_10: 0.0370	 hit@1:0.011586	 hit@5:0.0406	 hit@10: 0.0768
target: 	 mrr: 0.049236	 ndcg_5: 0.0404	 ndcg_10: 0.0545	 hit@1:0.014634	 hit@5:0.0655	 hit@10: 0.1094
epoch 49: train_loss = 1.553851, source_hit@10 = 0.0768, source_ndcg@10 = 0.0370, target_hit@10 = 0.1094, target_ndcg@10 = 0.0545

2024-08-10 21:22:08.669352: step 15200/24320 (epoch 50/80), loss = 1.553542 (97.689 sec/epoch), lr: 0.001229
Evaluating on dev set...
...........................
source: 	 mrr: 0.031273	 ndcg_5: 0.0190	 ndcg_10: 0.0300	 hit@1:0.007241	 hit@5:0.0319	 hit@10: 0.0659
target: 	 mrr: 0.051188	 ndcg_5: 0.0442	 ndcg_10: 0.0567	 hit@1:0.016725	 hit@5:0.0725	 hit@10: 0.1108
epoch 50: train_loss = 1.553542, source_hit@10 = 0.0659, source_ndcg@10 = 0.0300, target_hit@10 = 0.1108, target_ndcg@10 = 0.0567

2024-08-10 21:23:46.625331: step 15504/24320 (epoch 51/80), loss = 1.548439 (97.165 sec/epoch), lr: 0.001168
Evaluating on dev set...
...........................
source: 	 mrr: 0.035219	 ndcg_5: 0.0228	 ndcg_10: 0.0323	 hit@1:0.011586	 hit@5:0.0348	 hit@10: 0.0652
target: 	 mrr: 0.057058	 ndcg_5: 0.0497	 ndcg_10: 0.0647	 hit@1:0.020906	 hit@5:0.0787	 hit@10: 0.1261
epoch 51: train_loss = 1.548439, source_hit@10 = 0.0652, source_ndcg@10 = 0.0323, target_hit@10 = 0.1261, target_ndcg@10 = 0.0647

2024-08-10 21:25:25.432667: step 15808/24320 (epoch 52/80), loss = 1.549368 (98.041 sec/epoch), lr: 0.001168
Evaluating on dev set...
...........................
source: 	 mrr: 0.038684	 ndcg_5: 0.0276	 ndcg_10: 0.0402	 hit@1:0.010862	 hit@5:0.0456	 hit@10: 0.0847
target: 	 mrr: 0.060070	 ndcg_5: 0.0529	 ndcg_10: 0.0678	 hit@1:0.024390	 hit@5:0.0822	 hit@10: 0.1289
epoch 52: train_loss = 1.549368, source_hit@10 = 0.0847, source_ndcg@10 = 0.0402, target_hit@10 = 0.1289, target_ndcg@10 = 0.0678

2024-08-10 21:27:02.786764: step 16112/24320 (epoch 53/80), loss = 1.549392 (96.606 sec/epoch), lr: 0.001168
Evaluating on dev set...
...........................
source: 	 mrr: 0.038795	 ndcg_5: 0.0280	 ndcg_10: 0.0383	 hit@1:0.010862	 hit@5:0.0463	 hit@10: 0.0789
target: 	 mrr: 0.057986	 ndcg_5: 0.0488	 ndcg_10: 0.0649	 hit@1:0.022997	 hit@5:0.0746	 hit@10: 0.1240
epoch 53: train_loss = 1.549392, source_hit@10 = 0.0789, source_ndcg@10 = 0.0383, target_hit@10 = 0.1240, target_ndcg@10 = 0.0649

2024-08-10 21:28:40.466178: step 16416/24320 (epoch 54/80), loss = 1.544292 (96.905 sec/epoch), lr: 0.001110
Evaluating on dev set...
...........................
source: 	 mrr: 0.032751	 ndcg_5: 0.0211	 ndcg_10: 0.0315	 hit@1:0.008689	 hit@5:0.0348	 hit@10: 0.0673
target: 	 mrr: 0.055482	 ndcg_5: 0.0488	 ndcg_10: 0.0618	 hit@1:0.020906	 hit@5:0.0774	 hit@10: 0.1178
epoch 54: train_loss = 1.544292, source_hit@10 = 0.0673, source_ndcg@10 = 0.0315, target_hit@10 = 0.1178, target_ndcg@10 = 0.0618

2024-08-10 21:30:17.267357: step 16720/24320 (epoch 55/80), loss = 1.541143 (95.961 sec/epoch), lr: 0.001054
Evaluating on dev set...
...........................
source: 	 mrr: 0.031600	 ndcg_5: 0.0201	 ndcg_10: 0.0303	 hit@1:0.004345	 hit@5:0.0362	 hit@10: 0.0673
target: 	 mrr: 0.052895	 ndcg_5: 0.0455	 ndcg_10: 0.0582	 hit@1:0.019512	 hit@5:0.0718	 hit@10: 0.1115
epoch 55: train_loss = 1.541143, source_hit@10 = 0.0673, source_ndcg@10 = 0.0303, target_hit@10 = 0.1115, target_ndcg@10 = 0.0582

2024-08-10 21:31:54.547517: step 17024/24320 (epoch 56/80), loss = 1.536278 (96.438 sec/epoch), lr: 0.001001
Evaluating on dev set...
...........................
source: 	 mrr: 0.036497	 ndcg_5: 0.0250	 ndcg_10: 0.0354	 hit@1:0.010862	 hit@5:0.0398	 hit@10: 0.0724
target: 	 mrr: 0.052316	 ndcg_5: 0.0458	 ndcg_10: 0.0578	 hit@1:0.020209	 hit@5:0.0725	 hit@10: 0.1101
epoch 56: train_loss = 1.536278, source_hit@10 = 0.0724, source_ndcg@10 = 0.0354, target_hit@10 = 0.1101, target_ndcg@10 = 0.0578

2024-08-10 21:33:31.561919: step 17328/24320 (epoch 57/80), loss = 1.532633 (96.201 sec/epoch), lr: 0.001001
Evaluating on dev set...
...........................
source: 	 mrr: 0.034650	 ndcg_5: 0.0215	 ndcg_10: 0.0358	 hit@1:0.007965	 hit@5:0.0369	 hit@10: 0.0811
target: 	 mrr: 0.055401	 ndcg_5: 0.0462	 ndcg_10: 0.0626	 hit@1:0.020209	 hit@5:0.0725	 hit@10: 0.1226
epoch 57: train_loss = 1.532633, source_hit@10 = 0.0811, source_ndcg@10 = 0.0358, target_hit@10 = 0.1226, target_ndcg@10 = 0.0626

2024-08-10 21:35:09.104701: step 17632/24320 (epoch 58/80), loss = 1.534662 (96.592 sec/epoch), lr: 0.001001
Evaluating on dev set...
...........................
source: 	 mrr: 0.035558	 ndcg_5: 0.0236	 ndcg_10: 0.0330	 hit@1:0.007965	 hit@5:0.0391	 hit@10: 0.0688
target: 	 mrr: 0.057412	 ndcg_5: 0.0503	 ndcg_10: 0.0624	 hit@1:0.023693	 hit@5:0.0774	 hit@10: 0.1150
epoch 58: train_loss = 1.534662, source_hit@10 = 0.0688, source_ndcg@10 = 0.0330, target_hit@10 = 0.1150, target_ndcg@10 = 0.0624
early termination of training
