using gpu:4 to train the model
using gpu:4 to train the model
cuda:4
Namespace(A_split=False, JK='sum', a_fold=100, aggregate=False, alpha=0.5, batch_size=2048, beta_inter=0.6, conv_layers=4, cuda=True, decay_epoch=10, device=device(type='cuda', index=4), device_id='4', domains='cloth_sport', dropout=0.4, epoch=80, feature_dim=126, gamma_intra=0.8, hidden_dim=126, inter_tau=0.2, intra_tau=0.4, lambda_critic=0.2, leakey=0.05, load=False, log='logs.txt', log_epoch=1, lr=0.004, lr_decay=0.95, min_epoch=60, mode='train', model_file=None, model_name='cs', momentum=0.98, num_latent_factors=3, num_negative=100, optim='adam', patience=20, proj_layers=1, projection=1, rectify_epoch=40, residual=1, save=False, save_dir='./saved_models', seed=32, similarity_tau=0.2, step=5, test_sample_number=999, user_batch_size=256, weight_decay=0.0002)
number_user 41829
number_item 17943
real graph loaded!
number_user 27328
number_item 12655
real graph loaded!
graph loaded!
Loading data from cloth_sport with batch size 2048...
unseen test: 0
test length: 3156
unseen test: 0
test length: 3085
unseen test: 0
test length: 3589
unseen test: 0
test length: 3546
source_user_num 41829
target_user_num 27328
source_item_num 17943
target_item_num 12655
shared users id: 7857
test users 990, 982
unseen test: 0
dev length: 1000
unseen test: 0
dev length: 1000
source train data : 187880, target train data: 163291, source test data : 3085, target test data : 3546, source dev data : 1000, target dev data : 1000
2024-08-15 07:47:55.752736: step 172/13760 (epoch 1/80), loss = 2.669793 (54.049 sec/epoch), lr: 0.004000
Evaluating on dev set...
..................................................................
source: 	 mrr: 0.035003	 ndcg_5: 0.0246	 ndcg_10: 0.0358	 hit@1:0.011090	 hit@5:0.0387	 hit@10: 0.0741
target: 	 mrr: 0.034840	 ndcg_5: 0.0246	 ndcg_10: 0.0366	 hit@1:0.009752	 hit@5:0.0398	 hit@10: 0.0777
source best!
..............................
source: 	 mrr: 0.034121	 ndcg_5: 0.0246	 ndcg_10: 0.0350	 hit@1:0.009400	 hit@5:0.0405	 hit@10: 0.0733
target best!
...................................target: 	 mrr: 0.037563	 ndcg_5: 0.0291	 ndcg_10: 0.0394	 hit@1:0.011562	 hit@5:0.0471	 hit@10: 0.0792
epoch 1: train_loss = 2.669793, source_mrr = 0.034121, source_hit@10 = 0.0733, source_ndcg@10 = 0.0350, target_mrr = 0.037563, target_hit@10 = 0.0792, target_ndcg@10 = 0.0394

2024-08-15 07:48:55.005144: step 344/13760 (epoch 2/80), loss = 2.252739 (56.812 sec/epoch), lr: 0.004000
Evaluating on dev set...
..................................................................
source: 	 mrr: 0.033088	 ndcg_5: 0.0240	 ndcg_10: 0.0318	 hit@1:0.011090	 hit@5:0.0371	 hit@10: 0.0615
target: 	 mrr: 0.031788	 ndcg_5: 0.0237	 ndcg_10: 0.0308	 hit@1:0.009752	 hit@5:0.0376	 hit@10: 0.0602
epoch 2: train_loss = 2.252739, source_mrr = 0.033088, source_hit@10 = 0.0615, source_ndcg@10 = 0.0318, target_mrr = 0.031788, target_hit@10 = 0.0602, target_ndcg@10 = 0.0308

2024-08-15 07:49:51.579431: step 516/13760 (epoch 3/80), loss = 2.143872 (55.155 sec/epoch), lr: 0.004000
Evaluating on dev set...
..................................................................
source: 	 mrr: 0.038412	 ndcg_5: 0.0286	 ndcg_10: 0.0392	 hit@1:0.011407	 hit@5:0.0453	 hit@10: 0.0786
target: 	 mrr: 0.033797	 ndcg_5: 0.0259	 ndcg_10: 0.0357	 hit@1:0.011145	 hit@5:0.0407	 hit@10: 0.0713
source best!
..............................
source: 	 mrr: 0.036492	 ndcg_5: 0.0284	 ndcg_10: 0.0389	 hit@1:0.009400	 hit@5:0.0476	 hit@10: 0.0807
epoch 3: train_loss = 2.143872, source_mrr = 0.036492, source_hit@10 = 0.0807, source_ndcg@10 = 0.0389, target_mrr = 0.033797, target_hit@10 = 0.0713, target_ndcg@10 = 0.0357

2024-08-15 07:50:47.238929: step 688/13760 (epoch 4/80), loss = 2.090220 (53.846 sec/epoch), lr: 0.004000
Evaluating on dev set...
..................................................................
source: 	 mrr: 0.040931	 ndcg_5: 0.0312	 ndcg_10: 0.0417	 hit@1:0.015209	 hit@5:0.0466	 hit@10: 0.0795
target: 	 mrr: 0.038364	 ndcg_5: 0.0290	 ndcg_10: 0.0386	 hit@1:0.014210	 hit@5:0.0437	 hit@10: 0.0738
source best!
..............................
source: 	 mrr: 0.037184	 ndcg_5: 0.0279	 ndcg_10: 0.0383	 hit@1:0.011669	 hit@5:0.0444	 hit@10: 0.0768
target best!
...................................target: 	 mrr: 0.038433	 ndcg_5: 0.0292	 ndcg_10: 0.0393	 hit@1:0.013254	 hit@5:0.0451	 hit@10: 0.0767
epoch 4: train_loss = 2.090220, source_mrr = 0.037184, source_hit@10 = 0.0768, source_ndcg@10 = 0.0383, target_mrr = 0.038433, target_hit@10 = 0.0767, target_ndcg@10 = 0.0393

2024-08-15 07:51:43.743593: step 860/13760 (epoch 5/80), loss = 2.052021 (54.059 sec/epoch), lr: 0.004000
Evaluating on dev set...
..................................................................
source: 	 mrr: 0.037101	 ndcg_5: 0.0292	 ndcg_10: 0.0409	 hit@1:0.009823	 hit@5:0.0494	 hit@10: 0.0859
target: 	 mrr: 0.035724	 ndcg_5: 0.0257	 ndcg_10: 0.0369	 hit@1:0.014210	 hit@5:0.0382	 hit@10: 0.0736
epoch 5: train_loss = 2.052021, source_mrr = 0.037101, source_hit@10 = 0.0859, source_ndcg@10 = 0.0409, target_mrr = 0.035724, target_hit@10 = 0.0736, target_ndcg@10 = 0.0369

2024-08-15 07:52:41.487334: step 1032/13760 (epoch 6/80), loss = 2.026963 (56.068 sec/epoch), lr: 0.004000
Evaluating on dev set...
..................................................................
source: 	 mrr: 0.043331	 ndcg_5: 0.0325	 ndcg_10: 0.0469	 hit@1:0.015843	 hit@5:0.0504	 hit@10: 0.0954
target: 	 mrr: 0.038407	 ndcg_5: 0.0302	 ndcg_10: 0.0404	 hit@1:0.011424	 hit@5:0.0485	 hit@10: 0.0800
source best!
..............................
source: 	 mrr: 0.040550	 ndcg_5: 0.0310	 ndcg_10: 0.0417	 hit@1:0.014263	 hit@5:0.0476	 hit@10: 0.0810
target best!
...................................target: 	 mrr: 0.039632	 ndcg_5: 0.0307	 ndcg_10: 0.0416	 hit@1:0.014664	 hit@5:0.0479	 hit@10: 0.0818
epoch 6: train_loss = 2.026963, source_mrr = 0.040550, source_hit@10 = 0.0810, source_ndcg@10 = 0.0417, target_mrr = 0.039632, target_hit@10 = 0.0818, target_ndcg@10 = 0.0416

2024-08-15 07:53:37.297466: step 1204/13760 (epoch 7/80), loss = 2.012206 (53.384 sec/epoch), lr: 0.004000
Evaluating on dev set...
..................................................................
source: 	 mrr: 0.044880	 ndcg_5: 0.0358	 ndcg_10: 0.0479	 hit@1:0.016160	 hit@5:0.0570	 hit@10: 0.0944
target: 	 mrr: 0.032739	 ndcg_5: 0.0238	 ndcg_10: 0.0334	 hit@1:0.008638	 hit@5:0.0396	 hit@10: 0.0694
source best!
..............................
source: 	 mrr: 0.039177	 ndcg_5: 0.0296	 ndcg_10: 0.0415	 hit@1:0.010697	 hit@5:0.0486	 hit@10: 0.0856
epoch 7: train_loss = 2.012206, source_mrr = 0.039177, source_hit@10 = 0.0856, source_ndcg@10 = 0.0415, target_mrr = 0.032739, target_hit@10 = 0.0694, target_ndcg@10 = 0.0334

2024-08-15 07:54:32.968392: step 1376/13760 (epoch 8/80), loss = 1.997037 (53.775 sec/epoch), lr: 0.004000
Evaluating on dev set...
..................................................................
source: 	 mrr: 0.037023	 ndcg_5: 0.0294	 ndcg_10: 0.0396	 hit@1:0.011407	 hit@5:0.0475	 hit@10: 0.0795
target: 	 mrr: 0.040175	 ndcg_5: 0.0305	 ndcg_10: 0.0408	 hit@1:0.014767	 hit@5:0.0463	 hit@10: 0.0780
target best!
...................................target: 	 mrr: 0.042631	 ndcg_5: 0.0343	 ndcg_10: 0.0444	 hit@1:0.016638	 hit@5:0.0525	 hit@10: 0.0838
epoch 8: train_loss = 1.997037, source_mrr = 0.037023, source_hit@10 = 0.0795, source_ndcg@10 = 0.0396, target_mrr = 0.042631, target_hit@10 = 0.0838, target_ndcg@10 = 0.0444

2024-08-15 07:55:28.722565: step 1548/13760 (epoch 9/80), loss = 1.989212 (53.837 sec/epoch), lr: 0.004000
Evaluating on dev set...
..................................................................
source: 	 mrr: 0.023076	 ndcg_5: 0.0172	 ndcg_10: 0.0233	 hit@1:0.006020	 hit@5:0.0288	 hit@10: 0.0482
target: 	 mrr: 0.034801	 ndcg_5: 0.0267	 ndcg_10: 0.0355	 hit@1:0.012538	 hit@5:0.0421	 hit@10: 0.0697
epoch 9: train_loss = 1.989212, source_mrr = 0.023076, source_hit@10 = 0.0482, source_ndcg@10 = 0.0233, target_mrr = 0.034801, target_hit@10 = 0.0697, target_ndcg@10 = 0.0355

2024-08-15 07:56:23.864753: step 1720/13760 (epoch 10/80), loss = 1.980667 (53.862 sec/epoch), lr: 0.004000
Evaluating on dev set...
..................................................................
source: 	 mrr: 0.036988	 ndcg_5: 0.0277	 ndcg_10: 0.0408	 hit@1:0.010139	 hit@5:0.0472	 hit@10: 0.0881
target: 	 mrr: 0.033082	 ndcg_5: 0.0242	 ndcg_10: 0.0377	 hit@1:0.007523	 hit@5:0.0429	 hit@10: 0.0844
epoch 10: train_loss = 1.980667, source_mrr = 0.036988, source_hit@10 = 0.0881, source_ndcg@10 = 0.0408, target_mrr = 0.033082, target_hit@10 = 0.0844, target_ndcg@10 = 0.0377

2024-08-15 07:57:19.256073: step 1892/13760 (epoch 11/80), loss = 1.974635 (54.083 sec/epoch), lr: 0.004000
Evaluating on dev set...
..................................................................
source: 	 mrr: 0.043663	 ndcg_5: 0.0349	 ndcg_10: 0.0469	 hit@1:0.013308	 hit@5:0.0567	 hit@10: 0.0941
target: 	 mrr: 0.028960	 ndcg_5: 0.0211	 ndcg_10: 0.0299	 hit@1:0.008359	 hit@5:0.0340	 hit@10: 0.0616
epoch 11: train_loss = 1.974635, source_mrr = 0.043663, source_hit@10 = 0.0941, source_ndcg@10 = 0.0469, target_mrr = 0.028960, target_hit@10 = 0.0616, target_ndcg@10 = 0.0299

2024-08-15 07:58:16.380990: step 2064/13760 (epoch 12/80), loss = 1.964413 (55.708 sec/epoch), lr: 0.004000
Evaluating on dev set...
..................................................................
source: 	 mrr: 0.047408	 ndcg_5: 0.0396	 ndcg_10: 0.0510	 hit@1:0.016477	 hit@5:0.0631	 hit@10: 0.0989
target: 	 mrr: 0.036736	 ndcg_5: 0.0284	 ndcg_10: 0.0379	 hit@1:0.012538	 hit@5:0.0454	 hit@10: 0.0750
source best!
..............................
source: 	 mrr: 0.047545	 ndcg_5: 0.0387	 ndcg_10: 0.0510	 hit@1:0.018152	 hit@5:0.0590	 hit@10: 0.0976
epoch 12: train_loss = 1.964413, source_mrr = 0.047545, source_hit@10 = 0.0976, source_ndcg@10 = 0.0510, target_mrr = 0.036736, target_hit@10 = 0.0750, target_ndcg@10 = 0.0379

2024-08-15 07:59:13.952815: step 2236/13760 (epoch 13/80), loss = 1.954060 (55.587 sec/epoch), lr: 0.004000
Evaluating on dev set...
..................................................................
source: 	 mrr: 0.045726	 ndcg_5: 0.0366	 ndcg_10: 0.0488	 hit@1:0.015526	 hit@5:0.0583	 hit@10: 0.0960
target: 	 mrr: 0.032750	 ndcg_5: 0.0242	 ndcg_10: 0.0330	 hit@1:0.009752	 hit@5:0.0385	 hit@10: 0.0660
epoch 13: train_loss = 1.954060, source_mrr = 0.045726, source_hit@10 = 0.0960, source_ndcg@10 = 0.0488, target_mrr = 0.032750, target_hit@10 = 0.0660, target_ndcg@10 = 0.0330

2024-08-15 08:00:10.373824: step 2408/13760 (epoch 14/80), loss = 1.939755 (55.110 sec/epoch), lr: 0.003800
Evaluating on dev set...
..................................................................
source: 	 mrr: 0.035150	 ndcg_5: 0.0286	 ndcg_10: 0.0383	 hit@1:0.010456	 hit@5:0.0475	 hit@10: 0.0783
target: 	 mrr: 0.040299	 ndcg_5: 0.0307	 ndcg_10: 0.0430	 hit@1:0.013374	 hit@5:0.0476	 hit@10: 0.0861
target best!
...................................target: 	 mrr: 0.040469	 ndcg_5: 0.0316	 ndcg_10: 0.0419	 hit@1:0.015792	 hit@5:0.0491	 hit@10: 0.0809
epoch 14: train_loss = 1.939755, source_mrr = 0.035150, source_hit@10 = 0.0783, source_ndcg@10 = 0.0383, target_mrr = 0.040469, target_hit@10 = 0.0809, target_ndcg@10 = 0.0419

2024-08-15 08:01:07.435363: step 2580/13760 (epoch 15/80), loss = 1.926185 (55.047 sec/epoch), lr: 0.003610
Evaluating on dev set...
..................................................................
source: 	 mrr: 0.043405	 ndcg_5: 0.0350	 ndcg_10: 0.0451	 hit@1:0.018061	 hit@5:0.0529	 hit@10: 0.0846
target: 	 mrr: 0.029905	 ndcg_5: 0.0237	 ndcg_10: 0.0304	 hit@1:0.009752	 hit@5:0.0371	 hit@10: 0.0580
epoch 15: train_loss = 1.926185, source_mrr = 0.043405, source_hit@10 = 0.0846, source_ndcg@10 = 0.0451, target_mrr = 0.029905, target_hit@10 = 0.0580, target_ndcg@10 = 0.0304

2024-08-15 08:02:03.839902: step 2752/13760 (epoch 16/80), loss = 1.915617 (55.108 sec/epoch), lr: 0.003429
Evaluating on dev set...
..................................................................
source: 	 mrr: 0.043892	 ndcg_5: 0.0356	 ndcg_10: 0.0478	 hit@1:0.014259	 hit@5:0.0593	 hit@10: 0.0970
target: 	 mrr: 0.028506	 ndcg_5: 0.0206	 ndcg_10: 0.0294	 hit@1:0.006130	 hit@5:0.0357	 hit@10: 0.0635
epoch 16: train_loss = 1.915617, source_mrr = 0.043892, source_hit@10 = 0.0970, source_ndcg@10 = 0.0478, target_mrr = 0.028506, target_hit@10 = 0.0635, target_ndcg@10 = 0.0294

2024-08-15 08:03:01.229442: step 2924/13760 (epoch 17/80), loss = 1.905289 (56.086 sec/epoch), lr: 0.003258
Evaluating on dev set...
..................................................................
source: 	 mrr: 0.047355	 ndcg_5: 0.0362	 ndcg_10: 0.0492	 hit@1:0.017110	 hit@5:0.0551	 hit@10: 0.0957
target: 	 mrr: 0.040833	 ndcg_5: 0.0315	 ndcg_10: 0.0450	 hit@1:0.012260	 hit@5:0.0515	 hit@10: 0.0936
target best!
...................................target: 	 mrr: 0.043952	 ndcg_5: 0.0352	 ndcg_10: 0.0467	 hit@1:0.015228	 hit@5:0.0556	 hit@10: 0.0911
epoch 17: train_loss = 1.905289, source_mrr = 0.047355, source_hit@10 = 0.0957, source_ndcg@10 = 0.0492, target_mrr = 0.043952, target_hit@10 = 0.0911, target_ndcg@10 = 0.0467

2024-08-15 08:03:58.995724: step 3096/13760 (epoch 18/80), loss = 1.898054 (55.779 sec/epoch), lr: 0.003258
Evaluating on dev set...
..................................................................
source: 	 mrr: 0.048972	 ndcg_5: 0.0407	 ndcg_10: 0.0534	 hit@1:0.015843	 hit@5:0.0662	 hit@10: 0.1055
target: 	 mrr: 0.042482	 ndcg_5: 0.0342	 ndcg_10: 0.0468	 hit@1:0.013096	 hit@5:0.0543	 hit@10: 0.0931
source best!
..............................
source: 	 mrr: 0.047418	 ndcg_5: 0.0379	 ndcg_10: 0.0495	 hit@1:0.017180	 hit@5:0.0583	 hit@10: 0.0947
target best!
...................................target: 	 mrr: 0.040790	 ndcg_5: 0.0316	 ndcg_10: 0.0438	 hit@1:0.014100	 hit@5:0.0499	 hit@10: 0.0886
epoch 18: train_loss = 1.898054, source_mrr = 0.047418, source_hit@10 = 0.0947, source_ndcg@10 = 0.0495, target_mrr = 0.040790, target_hit@10 = 0.0886, target_ndcg@10 = 0.0438

2024-08-15 08:04:57.472204: step 3268/13760 (epoch 19/80), loss = 1.894793 (55.871 sec/epoch), lr: 0.003258
Evaluating on dev set...
..................................................................
source: 	 mrr: 0.048066	 ndcg_5: 0.0385	 ndcg_10: 0.0511	 hit@1:0.018695	 hit@5:0.0586	 hit@10: 0.0979
target: 	 mrr: 0.037540	 ndcg_5: 0.0303	 ndcg_10: 0.0396	 hit@1:0.010867	 hit@5:0.0490	 hit@10: 0.0777
epoch 19: train_loss = 1.894793, source_mrr = 0.048066, source_hit@10 = 0.0979, source_ndcg@10 = 0.0511, target_mrr = 0.037540, target_hit@10 = 0.0777, target_ndcg@10 = 0.0396

2024-08-15 08:05:54.919930: step 3440/13760 (epoch 20/80), loss = 1.885966 (56.122 sec/epoch), lr: 0.003095
Evaluating on dev set...
..................................................................
source: 	 mrr: 0.045846	 ndcg_5: 0.0371	 ndcg_10: 0.0497	 hit@1:0.014575	 hit@5:0.0599	 hit@10: 0.0992
target: 	 mrr: 0.041937	 ndcg_5: 0.0328	 ndcg_10: 0.0457	 hit@1:0.013374	 hit@5:0.0529	 hit@10: 0.0928
epoch 20: train_loss = 1.885966, source_mrr = 0.045846, source_hit@10 = 0.0992, source_ndcg@10 = 0.0497, target_mrr = 0.041937, target_hit@10 = 0.0928, target_ndcg@10 = 0.0457

2024-08-15 08:06:51.879811: step 3612/13760 (epoch 21/80), loss = 1.882776 (55.626 sec/epoch), lr: 0.003095
Evaluating on dev set...
..................................................................
source: 	 mrr: 0.044881	 ndcg_5: 0.0371	 ndcg_10: 0.0491	 hit@1:0.013625	 hit@5:0.0605	 hit@10: 0.0976
target: 	 mrr: 0.037804	 ndcg_5: 0.0302	 ndcg_10: 0.0396	 hit@1:0.011702	 hit@5:0.0482	 hit@10: 0.0775
epoch 21: train_loss = 1.882776, source_mrr = 0.044881, source_hit@10 = 0.0976, source_ndcg@10 = 0.0491, target_mrr = 0.037804, target_hit@10 = 0.0775, target_ndcg@10 = 0.0396

2024-08-15 08:07:47.566372: step 3784/13760 (epoch 22/80), loss = 1.871241 (54.327 sec/epoch), lr: 0.002940
Evaluating on dev set...
..................................................................
source: 	 mrr: 0.041989	 ndcg_5: 0.0333	 ndcg_10: 0.0453	 hit@1:0.013625	 hit@5:0.0523	 hit@10: 0.0894
target: 	 mrr: 0.040124	 ndcg_5: 0.0302	 ndcg_10: 0.0419	 hit@1:0.012817	 hit@5:0.0479	 hit@10: 0.0839
epoch 22: train_loss = 1.871241, source_mrr = 0.041989, source_hit@10 = 0.0894, source_ndcg@10 = 0.0453, target_mrr = 0.040124, target_hit@10 = 0.0839, target_ndcg@10 = 0.0419

2024-08-15 08:08:43.563671: step 3956/13760 (epoch 23/80), loss = 1.860500 (54.687 sec/epoch), lr: 0.002793
Evaluating on dev set...
..................................................................
source: 	 mrr: 0.044485	 ndcg_5: 0.0357	 ndcg_10: 0.0472	 hit@1:0.014575	 hit@5:0.0574	 hit@10: 0.0932
target: 	 mrr: 0.040827	 ndcg_5: 0.0310	 ndcg_10: 0.0440	 hit@1:0.013653	 hit@5:0.0482	 hit@10: 0.0880
epoch 23: train_loss = 1.860500, source_mrr = 0.044485, source_hit@10 = 0.0932, source_ndcg@10 = 0.0472, target_mrr = 0.040827, target_hit@10 = 0.0880, target_ndcg@10 = 0.0440

2024-08-15 08:09:38.870906: step 4128/13760 (epoch 24/80), loss = 1.857010 (54.055 sec/epoch), lr: 0.002793
Evaluating on dev set...
..................................................................
source: 	 mrr: 0.045191	 ndcg_5: 0.0364	 ndcg_10: 0.0486	 hit@1:0.014892	 hit@5:0.0583	 hit@10: 0.0963
target: 	 mrr: 0.042322	 ndcg_5: 0.0328	 ndcg_10: 0.0452	 hit@1:0.014489	 hit@5:0.0521	 hit@10: 0.0906
epoch 24: train_loss = 1.857010, source_mrr = 0.045191, source_hit@10 = 0.0963, source_ndcg@10 = 0.0486, target_mrr = 0.042322, target_hit@10 = 0.0906, target_ndcg@10 = 0.0452

2024-08-15 08:10:34.416326: step 4300/13760 (epoch 25/80), loss = 1.852965 (54.211 sec/epoch), lr: 0.002793
Evaluating on dev set...
..................................................................
source: 	 mrr: 0.048404	 ndcg_5: 0.0396	 ndcg_10: 0.0510	 hit@1:0.016477	 hit@5:0.0621	 hit@10: 0.0976
target: 	 mrr: 0.044238	 ndcg_5: 0.0368	 ndcg_10: 0.0479	 hit@1:0.015325	 hit@5:0.0585	 hit@10: 0.0933
target best!
...................................target: 	 mrr: 0.042251	 ndcg_5: 0.0351	 ndcg_10: 0.0454	 hit@1:0.013536	 hit@5:0.0570	 hit@10: 0.0886
epoch 25: train_loss = 1.852965, source_mrr = 0.048404, source_hit@10 = 0.0976, source_ndcg@10 = 0.0510, target_mrr = 0.042251, target_hit@10 = 0.0886, target_ndcg@10 = 0.0454

2024-08-15 08:11:30.022228: step 4472/13760 (epoch 26/80), loss = 1.852484 (53.649 sec/epoch), lr: 0.002793
Evaluating on dev set...
..................................................................
source: 	 mrr: 0.058174	 ndcg_5: 0.0510	 ndcg_10: 0.0622	 hit@1:0.027567	 hit@5:0.0735	 hit@10: 0.1084
target: 	 mrr: 0.043103	 ndcg_5: 0.0348	 ndcg_10: 0.0469	 hit@1:0.014767	 hit@5:0.0546	 hit@10: 0.0925
source best!
..............................
source: 	 mrr: 0.051983	 ndcg_5: 0.0448	 ndcg_10: 0.0553	 hit@1:0.021394	 hit@5:0.0681	 hit@10: 0.1008
epoch 26: train_loss = 1.852484, source_mrr = 0.051983, source_hit@10 = 0.1008, source_ndcg@10 = 0.0553, target_mrr = 0.043103, target_hit@10 = 0.0925, target_ndcg@10 = 0.0469

2024-08-15 08:12:25.906522: step 4644/13760 (epoch 27/80), loss = 1.845440 (54.003 sec/epoch), lr: 0.002793
Evaluating on dev set...
..................................................................
source: 	 mrr: 0.047083	 ndcg_5: 0.0394	 ndcg_10: 0.0499	 hit@1:0.018695	 hit@5:0.0596	 hit@10: 0.0922
target: 	 mrr: 0.046445	 ndcg_5: 0.0375	 ndcg_10: 0.0494	 hit@1:0.019225	 hit@5:0.0563	 hit@10: 0.0936
target best!
...................................target: 	 mrr: 0.043084	 ndcg_5: 0.0352	 ndcg_10: 0.0467	 hit@1:0.013254	 hit@5:0.0575	 hit@10: 0.0931
epoch 27: train_loss = 1.845440, source_mrr = 0.047083, source_hit@10 = 0.0922, source_ndcg@10 = 0.0499, target_mrr = 0.043084, target_hit@10 = 0.0931, target_ndcg@10 = 0.0467

2024-08-15 08:13:22.430208: step 4816/13760 (epoch 28/80), loss = 1.839140 (54.606 sec/epoch), lr: 0.002654
Evaluating on dev set...
..................................................................
source: 	 mrr: 0.051395	 ndcg_5: 0.0436	 ndcg_10: 0.0557	 hit@1:0.019645	 hit@5:0.0684	 hit@10: 0.1058
target: 	 mrr: 0.036441	 ndcg_5: 0.0288	 ndcg_10: 0.0385	 hit@1:0.011981	 hit@5:0.0460	 hit@10: 0.0763
epoch 28: train_loss = 1.839140, source_mrr = 0.051395, source_hit@10 = 0.1058, source_ndcg@10 = 0.0557, target_mrr = 0.036441, target_hit@10 = 0.0763, target_ndcg@10 = 0.0385

2024-08-15 08:14:17.122452: step 4988/13760 (epoch 29/80), loss = 1.832292 (53.055 sec/epoch), lr: 0.002521
Evaluating on dev set...
..................................................................
source: 	 mrr: 0.050490	 ndcg_5: 0.0414	 ndcg_10: 0.0530	 hit@1:0.020279	 hit@5:0.0631	 hit@10: 0.0995
target: 	 mrr: 0.042652	 ndcg_5: 0.0351	 ndcg_10: 0.0455	 hit@1:0.017554	 hit@5:0.0532	 hit@10: 0.0855
epoch 29: train_loss = 1.832292, source_mrr = 0.050490, source_hit@10 = 0.0995, source_ndcg@10 = 0.0530, target_mrr = 0.042652, target_hit@10 = 0.0855, target_ndcg@10 = 0.0455

2024-08-15 08:15:13.610119: step 5160/13760 (epoch 30/80), loss = 1.832393 (55.238 sec/epoch), lr: 0.002521
Evaluating on dev set...
..................................................................
source: 	 mrr: 0.047482	 ndcg_5: 0.0408	 ndcg_10: 0.0506	 hit@1:0.018061	 hit@5:0.0637	 hit@10: 0.0941
target: 	 mrr: 0.043592	 ndcg_5: 0.0359	 ndcg_10: 0.0470	 hit@1:0.014767	 hit@5:0.0560	 hit@10: 0.0906
epoch 30: train_loss = 1.832393, source_mrr = 0.047482, source_hit@10 = 0.0941, source_ndcg@10 = 0.0506, target_mrr = 0.043592, target_hit@10 = 0.0906, target_ndcg@10 = 0.0470

2024-08-15 08:16:10.732409: step 5332/13760 (epoch 31/80), loss = 1.824293 (55.800 sec/epoch), lr: 0.002395
Evaluating on dev set...
..................................................................
source: 	 mrr: 0.041391	 ndcg_5: 0.0337	 ndcg_10: 0.0436	 hit@1:0.014259	 hit@5:0.0526	 hit@10: 0.0837
target: 	 mrr: 0.046169	 ndcg_5: 0.0389	 ndcg_10: 0.0494	 hit@1:0.016718	 hit@5:0.0613	 hit@10: 0.0942
epoch 31: train_loss = 1.824293, source_mrr = 0.041391, source_hit@10 = 0.0837, source_ndcg@10 = 0.0436, target_mrr = 0.046169, target_hit@10 = 0.0942, target_ndcg@10 = 0.0494

2024-08-15 08:17:05.359579: step 5504/13760 (epoch 32/80), loss = 1.814935 (53.324 sec/epoch), lr: 0.002275
Evaluating on dev set...
..................................................................
source: 	 mrr: 0.053878	 ndcg_5: 0.0446	 ndcg_10: 0.0569	 hit@1:0.022814	 hit@5:0.0659	 hit@10: 0.1042
target: 	 mrr: 0.045212	 ndcg_5: 0.0369	 ndcg_10: 0.0489	 hit@1:0.016160	 hit@5:0.0588	 hit@10: 0.0958
epoch 32: train_loss = 1.814935, source_mrr = 0.053878, source_hit@10 = 0.1042, source_ndcg@10 = 0.0569, target_mrr = 0.045212, target_hit@10 = 0.0958, target_ndcg@10 = 0.0489

2024-08-15 08:17:59.845042: step 5676/13760 (epoch 33/80), loss = 1.810219 (53.178 sec/epoch), lr: 0.002275
Evaluating on dev set...
..................................................................
source: 	 mrr: 0.050371	 ndcg_5: 0.0423	 ndcg_10: 0.0536	 hit@1:0.021229	 hit@5:0.0646	 hit@10: 0.0998
target: 	 mrr: 0.036035	 ndcg_5: 0.0279	 ndcg_10: 0.0392	 hit@1:0.009752	 hit@5:0.0454	 hit@10: 0.0805
epoch 33: train_loss = 1.810219, source_mrr = 0.050371, source_hit@10 = 0.0998, source_ndcg@10 = 0.0536, target_mrr = 0.036035, target_hit@10 = 0.0805, target_ndcg@10 = 0.0392

2024-08-15 08:18:55.954951: step 5848/13760 (epoch 34/80), loss = 1.806387 (54.831 sec/epoch), lr: 0.002161
Evaluating on dev set...
..................................................................
source: 	 mrr: 0.048602	 ndcg_5: 0.0404	 ndcg_10: 0.0515	 hit@1:0.016793	 hit@5:0.0631	 hit@10: 0.0973
target: 	 mrr: 0.038533	 ndcg_5: 0.0302	 ndcg_10: 0.0399	 hit@1:0.014210	 hit@5:0.0465	 hit@10: 0.0772
epoch 34: train_loss = 1.806387, source_mrr = 0.048602, source_hit@10 = 0.0973, source_ndcg@10 = 0.0515, target_mrr = 0.038533, target_hit@10 = 0.0772, target_ndcg@10 = 0.0399

2024-08-15 08:19:50.207471: step 6020/13760 (epoch 35/80), loss = 1.798092 (52.972 sec/epoch), lr: 0.002161
Evaluating on dev set...
..................................................................
source: 	 mrr: 0.050339	 ndcg_5: 0.0430	 ndcg_10: 0.0551	 hit@1:0.018061	 hit@5:0.0681	 hit@10: 0.1058
target: 	 mrr: 0.045849	 ndcg_5: 0.0384	 ndcg_10: 0.0487	 hit@1:0.018390	 hit@5:0.0591	 hit@10: 0.0914
epoch 35: train_loss = 1.798092, source_mrr = 0.050339, source_hit@10 = 0.1058, source_ndcg@10 = 0.0551, target_mrr = 0.045849, target_hit@10 = 0.0914, target_ndcg@10 = 0.0487

2024-08-15 08:20:46.651974: step 6192/13760 (epoch 36/80), loss = 1.796867 (55.152 sec/epoch), lr: 0.002161
Evaluating on dev set...
..................................................................
source: 	 mrr: 0.054141	 ndcg_5: 0.0476	 ndcg_10: 0.0585	 hit@1:0.022497	 hit@5:0.0722	 hit@10: 0.1068
target: 	 mrr: 0.042861	 ndcg_5: 0.0336	 ndcg_10: 0.0466	 hit@1:0.013374	 hit@5:0.0535	 hit@10: 0.0942
epoch 36: train_loss = 1.796867, source_mrr = 0.054141, source_hit@10 = 0.1068, source_ndcg@10 = 0.0585, target_mrr = 0.042861, target_hit@10 = 0.0942, target_ndcg@10 = 0.0466

2024-08-15 08:21:42.564082: step 6364/13760 (epoch 37/80), loss = 1.792386 (54.590 sec/epoch), lr: 0.002161
Evaluating on dev set...
..................................................................
source: 	 mrr: 0.053473	 ndcg_5: 0.0446	 ndcg_10: 0.0574	 hit@1:0.022180	 hit@5:0.0678	 hit@10: 0.1071
target: 	 mrr: 0.030134	 ndcg_5: 0.0240	 ndcg_10: 0.0301	 hit@1:0.010309	 hit@5:0.0373	 hit@10: 0.0563
epoch 37: train_loss = 1.792386, source_mrr = 0.053473, source_hit@10 = 0.1071, source_ndcg@10 = 0.0574, target_mrr = 0.030134, target_hit@10 = 0.0563, target_ndcg@10 = 0.0301

2024-08-15 08:22:37.946304: step 6536/13760 (epoch 38/80), loss = 1.784927 (54.066 sec/epoch), lr: 0.002053
Evaluating on dev set...
..................................................................
source: 	 mrr: 0.048910	 ndcg_5: 0.0401	 ndcg_10: 0.0515	 hit@1:0.017110	 hit@5:0.0624	 hit@10: 0.0979
target: 	 mrr: 0.038592	 ndcg_5: 0.0309	 ndcg_10: 0.0407	 hit@1:0.012538	 hit@5:0.0485	 hit@10: 0.0789
epoch 38: train_loss = 1.784927, source_mrr = 0.048910, source_hit@10 = 0.0979, source_ndcg@10 = 0.0515, target_mrr = 0.038592, target_hit@10 = 0.0789, target_ndcg@10 = 0.0407

2024-08-15 08:23:33.389873: step 6708/13760 (epoch 39/80), loss = 1.782615 (54.178 sec/epoch), lr: 0.002053
Evaluating on dev set...
..................................................................
source: 	 mrr: 0.040752	 ndcg_5: 0.0329	 ndcg_10: 0.0439	 hit@1:0.012674	 hit@5:0.0542	 hit@10: 0.0884
target: 	 mrr: 0.041960	 ndcg_5: 0.0335	 ndcg_10: 0.0455	 hit@1:0.013096	 hit@5:0.0543	 hit@10: 0.0914
epoch 39: train_loss = 1.782615, source_mrr = 0.040752, source_hit@10 = 0.0884, source_ndcg@10 = 0.0439, target_mrr = 0.041960, target_hit@10 = 0.0914, target_ndcg@10 = 0.0455

2024-08-15 08:24:30.606935: step 6880/13760 (epoch 40/80), loss = 1.775289 (55.885 sec/epoch), lr: 0.001951
Evaluating on dev set...
..................................................................
source: 	 mrr: 0.049697	 ndcg_5: 0.0407	 ndcg_10: 0.0540	 hit@1:0.018061	 hit@5:0.0634	 hit@10: 0.1052
target: 	 mrr: 0.044366	 ndcg_5: 0.0359	 ndcg_10: 0.0486	 hit@1:0.014210	 hit@5:0.0582	 hit@10: 0.0975
epoch 40: train_loss = 1.775289, source_mrr = 0.049697, source_hit@10 = 0.1052, source_ndcg@10 = 0.0540, target_mrr = 0.044366, target_hit@10 = 0.0975, target_ndcg@10 = 0.0486
shift to transfer learning mode

2024-08-15 08:25:27.349599: step 7052/13760 (epoch 41/80), loss = 1.911768 (55.423 sec/epoch), lr: 0.001951
Evaluating on dev set...
..................................................................
source: 	 mrr: 0.042407	 ndcg_5: 0.0340	 ndcg_10: 0.0456	 hit@1:0.013308	 hit@5:0.0548	 hit@10: 0.0909
target: 	 mrr: 0.041406	 ndcg_5: 0.0326	 ndcg_10: 0.0447	 hit@1:0.011981	 hit@5:0.0527	 hit@10: 0.0906
epoch 41: train_loss = 1.911768, source_mrr = 0.042407, source_hit@10 = 0.0909, source_ndcg@10 = 0.0456, target_mrr = 0.041406, target_hit@10 = 0.0906, target_ndcg@10 = 0.0447

2024-08-15 08:26:23.962023: step 7224/13760 (epoch 42/80), loss = 1.911110 (55.301 sec/epoch), lr: 0.001853
Evaluating on dev set...
..................................................................
source: 	 mrr: 0.051384	 ndcg_5: 0.0431	 ndcg_10: 0.0546	 hit@1:0.022814	 hit@5:0.0634	 hit@10: 0.0992
target: 	 mrr: 0.043219	 ndcg_5: 0.0337	 ndcg_10: 0.0463	 hit@1:0.014210	 hit@5:0.0529	 hit@10: 0.0925
epoch 42: train_loss = 1.911110, source_mrr = 0.051384, source_hit@10 = 0.0992, source_ndcg@10 = 0.0546, target_mrr = 0.043219, target_hit@10 = 0.0925, target_ndcg@10 = 0.0463

2024-08-15 08:27:21.514894: step 7396/13760 (epoch 43/80), loss = 1.912191 (56.178 sec/epoch), lr: 0.001853
Evaluating on dev set...
..................................................................
source: 	 mrr: 0.047914	 ndcg_5: 0.0386	 ndcg_10: 0.0507	 hit@1:0.018695	 hit@5:0.0586	 hit@10: 0.0963
target: 	 mrr: 0.040240	 ndcg_5: 0.0299	 ndcg_10: 0.0434	 hit@1:0.010867	 hit@5:0.0488	 hit@10: 0.0911
epoch 43: train_loss = 1.912191, source_mrr = 0.047914, source_hit@10 = 0.0963, source_ndcg@10 = 0.0507, target_mrr = 0.040240, target_hit@10 = 0.0911, target_ndcg@10 = 0.0434

2024-08-15 08:28:19.000848: step 7568/13760 (epoch 44/80), loss = 1.907793 (56.112 sec/epoch), lr: 0.001761
Evaluating on dev set...
..................................................................
source: 	 mrr: 0.047890	 ndcg_5: 0.0399	 ndcg_10: 0.0524	 hit@1:0.017110	 hit@5:0.0624	 hit@10: 0.1014
target: 	 mrr: 0.043628	 ndcg_5: 0.0332	 ndcg_10: 0.0461	 hit@1:0.016439	 hit@5:0.0496	 hit@10: 0.0894
epoch 44: train_loss = 1.907793, source_mrr = 0.047890, source_hit@10 = 0.1014, source_ndcg@10 = 0.0524, target_mrr = 0.043628, target_hit@10 = 0.0894, target_ndcg@10 = 0.0461

2024-08-15 08:29:18.074935: step 7740/13760 (epoch 45/80), loss = 1.904135 (57.784 sec/epoch), lr: 0.001761
Evaluating on dev set...
..................................................................
source: 	 mrr: 0.047637	 ndcg_5: 0.0390	 ndcg_10: 0.0526	 hit@1:0.015843	 hit@5:0.0627	 hit@10: 0.1052
target: 	 mrr: 0.035770	 ndcg_5: 0.0283	 ndcg_10: 0.0372	 hit@1:0.010867	 hit@5:0.0465	 hit@10: 0.0744
epoch 45: train_loss = 1.904135, source_mrr = 0.047637, source_hit@10 = 0.1052, source_ndcg@10 = 0.0526, target_mrr = 0.035770, target_hit@10 = 0.0744, target_ndcg@10 = 0.0372

2024-08-15 08:30:16.016701: step 7912/13760 (epoch 46/80), loss = 1.901741 (56.265 sec/epoch), lr: 0.001672
Evaluating on dev set...
..................................................................
source: 	 mrr: 0.049901	 ndcg_5: 0.0411	 ndcg_10: 0.0548	 hit@1:0.015843	 hit@5:0.0650	 hit@10: 0.1077
target: 	 mrr: 0.046051	 ndcg_5: 0.0387	 ndcg_10: 0.0512	 hit@1:0.015603	 hit@5:0.0632	 hit@10: 0.1011
epoch 46: train_loss = 1.901741, source_mrr = 0.049901, source_hit@10 = 0.1077, source_ndcg@10 = 0.0548, target_mrr = 0.046051, target_hit@10 = 0.1011, target_ndcg@10 = 0.0512

2024-08-15 08:31:13.767565: step 8084/13760 (epoch 47/80), loss = 1.897666 (56.411 sec/epoch), lr: 0.001672
Evaluating on dev set...
..................................................................
source: 	 mrr: 0.052922	 ndcg_5: 0.0439	 ndcg_10: 0.0560	 hit@1:0.021863	 hit@5:0.0650	 hit@10: 0.1030
target: 	 mrr: 0.039199	 ndcg_5: 0.0309	 ndcg_10: 0.0422	 hit@1:0.012260	 hit@5:0.0496	 hit@10: 0.0847
epoch 47: train_loss = 1.897666, source_mrr = 0.052922, source_hit@10 = 0.1030, source_ndcg@10 = 0.0560, target_mrr = 0.039199, target_hit@10 = 0.0847, target_ndcg@10 = 0.0422

2024-08-15 08:32:11.394776: step 8256/13760 (epoch 48/80), loss = 1.891790 (56.204 sec/epoch), lr: 0.001589
Evaluating on dev set...
..................................................................
source: 	 mrr: 0.052602	 ndcg_5: 0.0441	 ndcg_10: 0.0579	 hit@1:0.020279	 hit@5:0.0688	 hit@10: 0.1119
target: 	 mrr: 0.035600	 ndcg_5: 0.0284	 ndcg_10: 0.0367	 hit@1:0.011424	 hit@5:0.0454	 hit@10: 0.0713
epoch 48: train_loss = 1.891790, source_mrr = 0.052602, source_hit@10 = 0.1119, source_ndcg@10 = 0.0579, target_mrr = 0.035600, target_hit@10 = 0.0713, target_ndcg@10 = 0.0367

2024-08-15 08:33:08.554161: step 8428/13760 (epoch 49/80), loss = 1.885017 (55.752 sec/epoch), lr: 0.001509
Evaluating on dev set...
..................................................................
source: 	 mrr: 0.045796	 ndcg_5: 0.0371	 ndcg_10: 0.0492	 hit@1:0.016160	 hit@5:0.0580	 hit@10: 0.0960
target: 	 mrr: 0.045838	 ndcg_5: 0.0402	 ndcg_10: 0.0498	 hit@1:0.016996	 hit@5:0.0635	 hit@10: 0.0936
epoch 49: train_loss = 1.885017, source_mrr = 0.045796, source_hit@10 = 0.0960, source_ndcg@10 = 0.0492, target_mrr = 0.045838, target_hit@10 = 0.0936, target_ndcg@10 = 0.0498

2024-08-15 08:34:06.835810: step 8600/13760 (epoch 50/80), loss = 1.881031 (56.960 sec/epoch), lr: 0.001509
Evaluating on dev set...
..................................................................
source: 	 mrr: 0.047550	 ndcg_5: 0.0396	 ndcg_10: 0.0508	 hit@1:0.015843	 hit@5:0.0634	 hit@10: 0.0979
target: 	 mrr: 0.044049	 ndcg_5: 0.0366	 ndcg_10: 0.0476	 hit@1:0.016160	 hit@5:0.0571	 hit@10: 0.0911
epoch 50: train_loss = 1.881031, source_mrr = 0.047550, source_hit@10 = 0.0979, source_ndcg@10 = 0.0508, target_mrr = 0.044049, target_hit@10 = 0.0911, target_ndcg@10 = 0.0476

2024-08-15 08:35:04.866483: step 8772/13760 (epoch 51/80), loss = 1.878477 (56.664 sec/epoch), lr: 0.001434
Evaluating on dev set...
..................................................................
source: 	 mrr: 0.048553	 ndcg_5: 0.0403	 ndcg_10: 0.0522	 hit@1:0.017744	 hit@5:0.0627	 hit@10: 0.0998
target: 	 mrr: 0.046251	 ndcg_5: 0.0364	 ndcg_10: 0.0496	 hit@1:0.018668	 hit@5:0.0549	 hit@10: 0.0956
epoch 51: train_loss = 1.878477, source_mrr = 0.048553, source_hit@10 = 0.0998, source_ndcg@10 = 0.0522, target_mrr = 0.046251, target_hit@10 = 0.0956, target_ndcg@10 = 0.0496

2024-08-15 08:36:01.301151: step 8944/13760 (epoch 52/80), loss = 1.874639 (54.939 sec/epoch), lr: 0.001434
Evaluating on dev set...
..................................................................
source: 	 mrr: 0.043331	 ndcg_5: 0.0360	 ndcg_10: 0.0463	 hit@1:0.014892	 hit@5:0.0577	 hit@10: 0.0900
target: 	 mrr: 0.047079	 ndcg_5: 0.0376	 ndcg_10: 0.0504	 hit@1:0.017832	 hit@5:0.0577	 hit@10: 0.0975
target best!
...................................target: 	 mrr: 0.044863	 ndcg_5: 0.0359	 ndcg_10: 0.0489	 hit@1:0.016074	 hit@5:0.0567	 hit@10: 0.0973
epoch 52: train_loss = 1.874639, source_mrr = 0.043331, source_hit@10 = 0.0900, source_ndcg@10 = 0.0463, target_mrr = 0.044863, target_hit@10 = 0.0973, target_ndcg@10 = 0.0489

2024-08-15 08:36:57.612106: step 9116/13760 (epoch 53/80), loss = 1.865955 (54.410 sec/epoch), lr: 0.001362
Evaluating on dev set...
..................................................................
source: 	 mrr: 0.050031	 ndcg_5: 0.0403	 ndcg_10: 0.0537	 hit@1:0.018695	 hit@5:0.0612	 hit@10: 0.1023
target: 	 mrr: 0.043344	 ndcg_5: 0.0332	 ndcg_10: 0.0463	 hit@1:0.013374	 hit@5:0.0521	 hit@10: 0.0928
epoch 53: train_loss = 1.865955, source_mrr = 0.050031, source_hit@10 = 0.1023, source_ndcg@10 = 0.0537, target_mrr = 0.043344, target_hit@10 = 0.0928, target_ndcg@10 = 0.0463

2024-08-15 08:37:55.787694: step 9288/13760 (epoch 54/80), loss = 1.865572 (56.539 sec/epoch), lr: 0.001362
Evaluating on dev set...
..................................................................
source: 	 mrr: 0.044237	 ndcg_5: 0.0358	 ndcg_10: 0.0480	 hit@1:0.013942	 hit@5:0.0586	 hit@10: 0.0963
target: 	 mrr: 0.046288	 ndcg_5: 0.0387	 ndcg_10: 0.0508	 hit@1:0.016718	 hit@5:0.0607	 hit@10: 0.0984
epoch 54: train_loss = 1.865572, source_mrr = 0.044237, source_hit@10 = 0.0963, source_ndcg@10 = 0.0480, target_mrr = 0.046288, target_hit@10 = 0.0984, target_ndcg@10 = 0.0508

2024-08-15 08:38:51.332444: step 9460/13760 (epoch 55/80), loss = 1.855719 (54.153 sec/epoch), lr: 0.001294
Evaluating on dev set...
..................................................................
source: 	 mrr: 0.044303	 ndcg_5: 0.0360	 ndcg_10: 0.0478	 hit@1:0.016477	 hit@5:0.0561	 hit@10: 0.0928
target: 	 mrr: 0.045583	 ndcg_5: 0.0371	 ndcg_10: 0.0498	 hit@1:0.017554	 hit@5:0.0574	 hit@10: 0.0970
epoch 55: train_loss = 1.855719, source_mrr = 0.044303, source_hit@10 = 0.0928, source_ndcg@10 = 0.0478, target_mrr = 0.045583, target_hit@10 = 0.0970, target_ndcg@10 = 0.0498

2024-08-15 08:39:48.946349: step 9632/13760 (epoch 56/80), loss = 1.849799 (55.931 sec/epoch), lr: 0.001229
Evaluating on dev set...
..................................................................
source: 	 mrr: 0.045309	 ndcg_5: 0.0379	 ndcg_10: 0.0476	 hit@1:0.014892	 hit@5:0.0612	 hit@10: 0.0913
target: 	 mrr: 0.047265	 ndcg_5: 0.0395	 ndcg_10: 0.0506	 hit@1:0.018668	 hit@5:0.0593	 hit@10: 0.0939
target best!
...................................target: 	 mrr: 0.045765	 ndcg_5: 0.0380	 ndcg_10: 0.0491	 hit@1:0.016920	 hit@5:0.0581	 hit@10: 0.0925
epoch 56: train_loss = 1.849799, source_mrr = 0.045309, source_hit@10 = 0.0913, source_ndcg@10 = 0.0476, target_mrr = 0.045765, target_hit@10 = 0.0925, target_ndcg@10 = 0.0491

2024-08-15 08:40:44.366583: step 9804/13760 (epoch 57/80), loss = 1.842973 (53.520 sec/epoch), lr: 0.001229
Evaluating on dev set...
..................................................................
source: 	 mrr: 0.042340	 ndcg_5: 0.0351	 ndcg_10: 0.0436	 hit@1:0.015209	 hit@5:0.0545	 hit@10: 0.0808
target: 	 mrr: 0.046891	 ndcg_5: 0.0384	 ndcg_10: 0.0506	 hit@1:0.016996	 hit@5:0.0596	 hit@10: 0.0972
epoch 57: train_loss = 1.842973, source_mrr = 0.042340, source_hit@10 = 0.0808, source_ndcg@10 = 0.0436, target_mrr = 0.046891, target_hit@10 = 0.0972, target_ndcg@10 = 0.0506

2024-08-15 08:41:41.397649: step 9976/13760 (epoch 58/80), loss = 1.838913 (55.692 sec/epoch), lr: 0.001168
Evaluating on dev set...
..................................................................
source: 	 mrr: 0.040698	 ndcg_5: 0.0324	 ndcg_10: 0.0422	 hit@1:0.013308	 hit@5:0.0513	 hit@10: 0.0824
target: 	 mrr: 0.041168	 ndcg_5: 0.0339	 ndcg_10: 0.0431	 hit@1:0.016160	 hit@5:0.0527	 hit@10: 0.0814
epoch 58: train_loss = 1.838913, source_mrr = 0.040698, source_hit@10 = 0.0824, source_ndcg@10 = 0.0422, target_mrr = 0.041168, target_hit@10 = 0.0814, target_ndcg@10 = 0.0431

2024-08-15 08:42:39.398203: step 10148/13760 (epoch 59/80), loss = 1.830318 (56.315 sec/epoch), lr: 0.001110
Evaluating on dev set...
..................................................................
source: 	 mrr: 0.051682	 ndcg_5: 0.0435	 ndcg_10: 0.0545	 hit@1:0.021863	 hit@5:0.0653	 hit@10: 0.0998
target: 	 mrr: 0.045846	 ndcg_5: 0.0366	 ndcg_10: 0.0511	 hit@1:0.015882	 hit@5:0.0585	 hit@10: 0.1037
epoch 59: train_loss = 1.830318, source_mrr = 0.051682, source_hit@10 = 0.0998, source_ndcg@10 = 0.0545, target_mrr = 0.045846, target_hit@10 = 0.1037, target_ndcg@10 = 0.0511

2024-08-15 08:43:37.080314: step 10320/13760 (epoch 60/80), loss = 1.823611 (56.280 sec/epoch), lr: 0.001110
Evaluating on dev set...
..................................................................
source: 	 mrr: 0.046602	 ndcg_5: 0.0380	 ndcg_10: 0.0505	 hit@1:0.016160	 hit@5:0.0593	 hit@10: 0.0982
target: 	 mrr: 0.034316	 ndcg_5: 0.0261	 ndcg_10: 0.0351	 hit@1:0.011424	 hit@5:0.0410	 hit@10: 0.0691
epoch 60: train_loss = 1.823611, source_mrr = 0.046602, source_hit@10 = 0.0982, source_ndcg@10 = 0.0505, target_mrr = 0.034316, target_hit@10 = 0.0691, target_ndcg@10 = 0.0351

2024-08-15 08:44:35.602185: step 10492/13760 (epoch 61/80), loss = 1.816206 (57.216 sec/epoch), lr: 0.001054
Evaluating on dev set...
..................................................................
source: 	 mrr: 0.048525	 ndcg_5: 0.0400	 ndcg_10: 0.0509	 hit@1:0.019328	 hit@5:0.0608	 hit@10: 0.0941
target: 	 mrr: 0.041740	 ndcg_5: 0.0329	 ndcg_10: 0.0442	 hit@1:0.013931	 hit@5:0.0518	 hit@10: 0.0869
epoch 61: train_loss = 1.816206, source_mrr = 0.048525, source_hit@10 = 0.0941, source_ndcg@10 = 0.0509, target_mrr = 0.041740, target_hit@10 = 0.0869, target_ndcg@10 = 0.0442

2024-08-15 08:45:30.910432: step 10664/13760 (epoch 62/80), loss = 1.813616 (53.980 sec/epoch), lr: 0.001054
Evaluating on dev set...
..................................................................
source: 	 mrr: 0.045456	 ndcg_5: 0.0356	 ndcg_10: 0.0479	 hit@1:0.017744	 hit@5:0.0545	 hit@10: 0.0928
target: 	 mrr: 0.041418	 ndcg_5: 0.0332	 ndcg_10: 0.0450	 hit@1:0.013931	 hit@5:0.0532	 hit@10: 0.0906
epoch 62: train_loss = 1.813616, source_mrr = 0.045456, source_hit@10 = 0.0928, source_ndcg@10 = 0.0479, target_mrr = 0.041418, target_hit@10 = 0.0906, target_ndcg@10 = 0.0450

2024-08-15 08:46:27.241582: step 10836/13760 (epoch 63/80), loss = 1.807152 (55.027 sec/epoch), lr: 0.001001
Evaluating on dev set...
..................................................................
source: 	 mrr: 0.030724	 ndcg_5: 0.0217	 ndcg_10: 0.0287	 hit@1:0.009189	 hit@5:0.0345	 hit@10: 0.0564
target: 	 mrr: 0.042227	 ndcg_5: 0.0335	 ndcg_10: 0.0456	 hit@1:0.014210	 hit@5:0.0518	 hit@10: 0.0894
epoch 63: train_loss = 1.807152, source_mrr = 0.030724, source_hit@10 = 0.0564, source_ndcg@10 = 0.0287, target_mrr = 0.042227, target_hit@10 = 0.0894, target_ndcg@10 = 0.0456

2024-08-15 08:47:23.559241: step 11008/13760 (epoch 64/80), loss = 1.797391 (55.013 sec/epoch), lr: 0.000951
Evaluating on dev set...
..................................................................
source: 	 mrr: 0.045788	 ndcg_5: 0.0367	 ndcg_10: 0.0487	 hit@1:0.016160	 hit@5:0.0574	 hit@10: 0.0944
target: 	 mrr: 0.042088	 ndcg_5: 0.0346	 ndcg_10: 0.0454	 hit@1:0.013931	 hit@5:0.0554	 hit@10: 0.0892
epoch 64: train_loss = 1.797391, source_mrr = 0.045788, source_hit@10 = 0.0944, source_ndcg@10 = 0.0487, target_mrr = 0.042088, target_hit@10 = 0.0892, target_ndcg@10 = 0.0454

2024-08-15 08:48:19.951674: step 11180/13760 (epoch 65/80), loss = 1.791402 (55.102 sec/epoch), lr: 0.000951
Evaluating on dev set...
..................................................................
source: 	 mrr: 0.046071	 ndcg_5: 0.0380	 ndcg_10: 0.0497	 hit@1:0.015843	 hit@5:0.0605	 hit@10: 0.0966
target: 	 mrr: 0.043990	 ndcg_5: 0.0347	 ndcg_10: 0.0469	 hit@1:0.017275	 hit@5:0.0515	 hit@10: 0.0892
epoch 65: train_loss = 1.791402, source_mrr = 0.046071, source_hit@10 = 0.0966, source_ndcg@10 = 0.0497, target_mrr = 0.043990, target_hit@10 = 0.0892, target_ndcg@10 = 0.0469

2024-08-15 08:49:15.948524: step 11352/13760 (epoch 66/80), loss = 1.793872 (54.668 sec/epoch), lr: 0.000951
Evaluating on dev set...
..................................................................
source: 	 mrr: 0.046134	 ndcg_5: 0.0384	 ndcg_10: 0.0490	 hit@1:0.017110	 hit@5:0.0602	 hit@10: 0.0928
target: 	 mrr: 0.044335	 ndcg_5: 0.0369	 ndcg_10: 0.0466	 hit@1:0.019225	 hit@5:0.0552	 hit@10: 0.0855
epoch 66: train_loss = 1.793872, source_mrr = 0.046134, source_hit@10 = 0.0928, source_ndcg@10 = 0.0490, target_mrr = 0.044335, target_hit@10 = 0.0855, target_ndcg@10 = 0.0466

2024-08-15 08:50:12.825893: step 11524/13760 (epoch 67/80), loss = 1.788216 (55.602 sec/epoch), lr: 0.000951
Evaluating on dev set...
..................................................................
source: 	 mrr: 0.045202	 ndcg_5: 0.0363	 ndcg_10: 0.0470	 hit@1:0.016477	 hit@5:0.0554	 hit@10: 0.0887
target: 	 mrr: 0.044664	 ndcg_5: 0.0373	 ndcg_10: 0.0483	 hit@1:0.015325	 hit@5:0.0585	 hit@10: 0.0931
epoch 67: train_loss = 1.788216, source_mrr = 0.045202, source_hit@10 = 0.0887, source_ndcg@10 = 0.0470, target_mrr = 0.044664, target_hit@10 = 0.0931, target_ndcg@10 = 0.0483

2024-08-15 08:51:10.251217: step 11696/13760 (epoch 68/80), loss = 1.784661 (56.120 sec/epoch), lr: 0.000904
Evaluating on dev set...
..................................................................
source: 	 mrr: 0.034719	 ndcg_5: 0.0260	 ndcg_10: 0.0358	 hit@1:0.012357	 hit@5:0.0399	 hit@10: 0.0703
target: 	 mrr: 0.042171	 ndcg_5: 0.0335	 ndcg_10: 0.0442	 hit@1:0.016160	 hit@5:0.0510	 hit@10: 0.0847
epoch 68: train_loss = 1.784661, source_mrr = 0.034719, source_hit@10 = 0.0703, source_ndcg@10 = 0.0358, target_mrr = 0.042171, target_hit@10 = 0.0847, target_ndcg@10 = 0.0442

2024-08-15 08:52:08.755077: step 11868/13760 (epoch 69/80), loss = 1.778091 (57.133 sec/epoch), lr: 0.000859
Evaluating on dev set...
..................................................................
source: 	 mrr: 0.040771	 ndcg_5: 0.0323	 ndcg_10: 0.0412	 hit@1:0.014575	 hit@5:0.0497	 hit@10: 0.0779
target: 	 mrr: 0.045500	 ndcg_5: 0.0387	 ndcg_10: 0.0487	 hit@1:0.018111	 hit@5:0.0593	 hit@10: 0.0903
epoch 69: train_loss = 1.778091, source_mrr = 0.040771, source_hit@10 = 0.0779, source_ndcg@10 = 0.0412, target_mrr = 0.045500, target_hit@10 = 0.0903, target_ndcg@10 = 0.0487

2024-08-15 08:53:07.125627: step 12040/13760 (epoch 70/80), loss = 1.774925 (56.970 sec/epoch), lr: 0.000859
Evaluating on dev set...
..................................................................
source: 	 mrr: 0.037743	 ndcg_5: 0.0285	 ndcg_10: 0.0387	 hit@1:0.013308	 hit@5:0.0434	 hit@10: 0.0748
target: 	 mrr: 0.038037	 ndcg_5: 0.0298	 ndcg_10: 0.0400	 hit@1:0.010588	 hit@5:0.0485	 hit@10: 0.0805
epoch 70: train_loss = 1.774925, source_mrr = 0.037743, source_hit@10 = 0.0748, source_ndcg@10 = 0.0387, target_mrr = 0.038037, target_hit@10 = 0.0805, target_ndcg@10 = 0.0400

2024-08-15 08:54:04.488358: step 12212/13760 (epoch 71/80), loss = 1.776134 (56.009 sec/epoch), lr: 0.000816
Evaluating on dev set...
..................................................................
source: 	 mrr: 0.038498	 ndcg_5: 0.0286	 ndcg_10: 0.0390	 hit@1:0.012991	 hit@5:0.0434	 hit@10: 0.0757
target: 	 mrr: 0.045343	 ndcg_5: 0.0368	 ndcg_10: 0.0478	 hit@1:0.018111	 hit@5:0.0546	 hit@10: 0.0886
epoch 71: train_loss = 1.776134, source_mrr = 0.038498, source_hit@10 = 0.0757, source_ndcg@10 = 0.0390, target_mrr = 0.045343, target_hit@10 = 0.0886, target_ndcg@10 = 0.0478

2024-08-15 08:55:02.336167: step 12384/13760 (epoch 72/80), loss = 1.768650 (56.484 sec/epoch), lr: 0.000816
Evaluating on dev set...
..................................................................
source: 	 mrr: 0.042697	 ndcg_5: 0.0351	 ndcg_10: 0.0429	 hit@1:0.017427	 hit@5:0.0520	 hit@10: 0.0764
target: 	 mrr: 0.039534	 ndcg_5: 0.0306	 ndcg_10: 0.0428	 hit@1:0.012260	 hit@5:0.0488	 hit@10: 0.0867
epoch 72: train_loss = 1.768650, source_mrr = 0.042697, source_hit@10 = 0.0764, source_ndcg@10 = 0.0429, target_mrr = 0.039534, target_hit@10 = 0.0867, target_ndcg@10 = 0.0428

2024-08-15 08:56:01.758354: step 12556/13760 (epoch 73/80), loss = 1.765175 (58.112 sec/epoch), lr: 0.000775
Evaluating on dev set...
..................................................................
source: 	 mrr: 0.048786	 ndcg_5: 0.0409	 ndcg_10: 0.0520	 hit@1:0.018061	 hit@5:0.0621	 hit@10: 0.0963
target: 	 mrr: 0.040238	 ndcg_5: 0.0320	 ndcg_10: 0.0439	 hit@1:0.012260	 hit@5:0.0515	 hit@10: 0.0886
epoch 73: train_loss = 1.765175, source_mrr = 0.048786, source_hit@10 = 0.0963, source_ndcg@10 = 0.0520, target_mrr = 0.040238, target_hit@10 = 0.0886, target_ndcg@10 = 0.0439

2024-08-15 08:57:01.141446: step 12728/13760 (epoch 74/80), loss = 1.766647 (58.055 sec/epoch), lr: 0.000775
Evaluating on dev set...
..................................................................
source: 	 mrr: 0.045779	 ndcg_5: 0.0358	 ndcg_10: 0.0479	 hit@1:0.018061	 hit@5:0.0529	 hit@10: 0.0903
target: 	 mrr: 0.041811	 ndcg_5: 0.0336	 ndcg_10: 0.0444	 hit@1:0.014210	 hit@5:0.0518	 hit@10: 0.0853
epoch 74: train_loss = 1.766647, source_mrr = 0.045779, source_hit@10 = 0.0903, source_ndcg@10 = 0.0479, target_mrr = 0.041811, target_hit@10 = 0.0853, target_ndcg@10 = 0.0444

2024-08-15 08:58:00.638000: step 12900/13760 (epoch 75/80), loss = 1.763723 (57.784 sec/epoch), lr: 0.000736
Evaluating on dev set...
..................................................................
source: 	 mrr: 0.044631	 ndcg_5: 0.0356	 ndcg_10: 0.0451	 hit@1:0.015526	 hit@5:0.0539	 hit@10: 0.0833
target: 	 mrr: 0.043305	 ndcg_5: 0.0347	 ndcg_10: 0.0477	 hit@1:0.013931	 hit@5:0.0549	 hit@10: 0.0956
epoch 75: train_loss = 1.763723, source_mrr = 0.044631, source_hit@10 = 0.0833, source_ndcg@10 = 0.0451, target_mrr = 0.043305, target_hit@10 = 0.0956, target_ndcg@10 = 0.0477

2024-08-15 08:58:59.847878: step 13072/13760 (epoch 76/80), loss = 1.760178 (57.856 sec/epoch), lr: 0.000736
Evaluating on dev set...
..................................................................
source: 	 mrr: 0.046218	 ndcg_5: 0.0378	 ndcg_10: 0.0505	 hit@1:0.016160	 hit@5:0.0602	 hit@10: 0.0992
target: 	 mrr: 0.042748	 ndcg_5: 0.0339	 ndcg_10: 0.0464	 hit@1:0.013653	 hit@5:0.0527	 hit@10: 0.0917
epoch 76: train_loss = 1.760178, source_mrr = 0.046218, source_hit@10 = 0.0992, source_ndcg@10 = 0.0505, target_mrr = 0.042748, target_hit@10 = 0.0917, target_ndcg@10 = 0.0464

2024-08-15 09:00:00.138703: step 13244/13760 (epoch 77/80), loss = 1.761600 (58.902 sec/epoch), lr: 0.000736
Evaluating on dev set...
..................................................................
source: 	 mrr: 0.043453	 ndcg_5: 0.0355	 ndcg_10: 0.0450	 hit@1:0.016793	 hit@5:0.0548	 hit@10: 0.0846
target: 	 mrr: 0.044423	 ndcg_5: 0.0363	 ndcg_10: 0.0469	 hit@1:0.016718	 hit@5:0.0557	 hit@10: 0.0889
epoch 77: train_loss = 1.761600, source_mrr = 0.043453, source_hit@10 = 0.0846, source_ndcg@10 = 0.0450, target_mrr = 0.044423, target_hit@10 = 0.0889, target_ndcg@10 = 0.0469
early termination of training
source best:  source_mrr = 0.052602, source_hit@10 = 0.1119, source_ndcg@10 = 0.0579
target best:  target_mrr = 0.045846, target_hit@10 = 0.1037, target_ndcg@10 = 0.0511
