using gpu:1 to train the model
using gpu:1 to train the model
cuda:1
Namespace(A_split=False, JK='sum', a_fold=100, aggregate=False, alpha=0.5, batch_size=2048, beta_inter=0.5, conv_layers=4, cuda=True, decay_epoch=10, device=device(type='cuda', index=1), device_id='1', domains='cloth_sport', dropout=0.4, epoch=80, feature_dim=126, gamma_intra=0.8, hidden_dim=126, inter_tau=0.2, intra_tau=0.4, lambda_critic=0.5, leakey=0.05, load=False, log='logs.txt', log_epoch=1, lr=0.004, lr_decay=0.95, min_epoch=60, mode='train', model_file=None, model_name='cs', momentum=0.98, num_latent_factors=3, num_negative=100, optim='adam', patience=20, proj_layers=1, projection=1, rectify_epoch=40, residual=1, save=False, save_dir='./saved_models', seed=32, similarity_tau=0.2, step=5, test_sample_number=999, user_batch_size=256, weight_decay=0.0002)
number_user 41829
number_item 17943
real graph loaded!
number_user 27328
number_item 12655
real graph loaded!
graph loaded!
Loading data from cloth_sport with batch size 2048...
unseen test: 0
test length: 3156
unseen test: 0
test length: 3085
unseen test: 0
test length: 3589
unseen test: 0
test length: 3546
source_user_num 41829
target_user_num 27328
source_item_num 17943
target_item_num 12655
shared users id: 7857
test users 990, 982
unseen test: 0
dev length: 1000
unseen test: 0
dev length: 1000
source train data : 187880, target train data: 163291, source test data : 3085, target test data : 3546, source dev data : 1000, target dev data : 1000
2024-08-15 19:39:51.733806: step 172/13760 (epoch 1/80), loss = 2.842400 (25.545 sec/epoch), lr: 0.004000
Evaluating on dev set...
..................................................................
source: 	 mrr: 0.041573	 ndcg_5: 0.0342	 ndcg_10: 0.0454	 hit@1:0.013308	 hit@5:0.0564	 hit@10: 0.0916
target: 	 mrr: 0.031602	 ndcg_5: 0.0234	 ndcg_10: 0.0321	 hit@1:0.009195	 hit@5:0.0373	 hit@10: 0.0641
source best!
..............................
source: 	 mrr: 0.038413	 ndcg_5: 0.0307	 ndcg_10: 0.0400	 hit@1:0.011669	 hit@5:0.0506	 hit@10: 0.0794
target best!
...................................target: 	 mrr: 0.033084	 ndcg_5: 0.0253	 ndcg_10: 0.0335	 hit@1:0.010434	 hit@5:0.0398	 hit@10: 0.0651
epoch 1: train_loss = 2.842400, source_mrr = 0.038413, source_hit@10 = 0.0794, source_ndcg@10 = 0.0400, target_mrr = 0.033084, target_hit@10 = 0.0651, target_ndcg@10 = 0.0335

2024-08-15 19:40:18.851877: step 344/13760 (epoch 2/80), loss = 2.329662 (25.668 sec/epoch), lr: 0.004000
Evaluating on dev set...
..................................................................
source: 	 mrr: 0.041372	 ndcg_5: 0.0331	 ndcg_10: 0.0446	 hit@1:0.011407	 hit@5:0.0542	 hit@10: 0.0900
target: 	 mrr: 0.030608	 ndcg_5: 0.0226	 ndcg_10: 0.0310	 hit@1:0.007244	 hit@5:0.0382	 hit@10: 0.0644
epoch 2: train_loss = 2.329662, source_mrr = 0.041372, source_hit@10 = 0.0900, source_ndcg@10 = 0.0446, target_mrr = 0.030608, target_hit@10 = 0.0644, target_ndcg@10 = 0.0310

2024-08-15 19:40:45.220133: step 516/13760 (epoch 3/80), loss = 2.113558 (25.615 sec/epoch), lr: 0.004000
Evaluating on dev set...
..................................................................
source: 	 mrr: 0.034723	 ndcg_5: 0.0267	 ndcg_10: 0.0374	 hit@1:0.009189	 hit@5:0.0444	 hit@10: 0.0776
target: 	 mrr: 0.037583	 ndcg_5: 0.0291	 ndcg_10: 0.0382	 hit@1:0.013096	 hit@5:0.0449	 hit@10: 0.0733
target best!
...................................target: 	 mrr: 0.036954	 ndcg_5: 0.0279	 ndcg_10: 0.0371	 hit@1:0.012690	 hit@5:0.0434	 hit@10: 0.0722
epoch 3: train_loss = 2.113558, source_mrr = 0.034723, source_hit@10 = 0.0776, source_ndcg@10 = 0.0374, target_mrr = 0.036954, target_hit@10 = 0.0722, target_ndcg@10 = 0.0371

2024-08-15 19:41:11.952425: step 688/13760 (epoch 4/80), loss = 2.033535 (25.650 sec/epoch), lr: 0.004000
Evaluating on dev set...
..................................................................
source: 	 mrr: 0.038522	 ndcg_5: 0.0298	 ndcg_10: 0.0399	 hit@1:0.013942	 hit@5:0.0456	 hit@10: 0.0770
target: 	 mrr: 0.021998	 ndcg_5: 0.0152	 ndcg_10: 0.0219	 hit@1:0.006130	 hit@5:0.0251	 hit@10: 0.0463
epoch 4: train_loss = 2.033535, source_mrr = 0.038522, source_hit@10 = 0.0770, source_ndcg@10 = 0.0399, target_mrr = 0.021998, target_hit@10 = 0.0463, target_ndcg@10 = 0.0219

2024-08-15 19:41:38.648763: step 860/13760 (epoch 5/80), loss = 1.987758 (25.949 sec/epoch), lr: 0.004000
Evaluating on dev set...
..................................................................
source: 	 mrr: 0.039446	 ndcg_5: 0.0299	 ndcg_10: 0.0414	 hit@1:0.012991	 hit@5:0.0475	 hit@10: 0.0837
target: 	 mrr: 0.035282	 ndcg_5: 0.0272	 ndcg_10: 0.0367	 hit@1:0.010588	 hit@5:0.0446	 hit@10: 0.0738
epoch 5: train_loss = 1.987758, source_mrr = 0.039446, source_hit@10 = 0.0837, source_ndcg@10 = 0.0414, target_mrr = 0.035282, target_hit@10 = 0.0738, target_ndcg@10 = 0.0367

2024-08-15 19:42:05.377683: step 1032/13760 (epoch 6/80), loss = 1.959345 (25.989 sec/epoch), lr: 0.004000
Evaluating on dev set...
..................................................................
source: 	 mrr: 0.042525	 ndcg_5: 0.0344	 ndcg_10: 0.0453	 hit@1:0.012674	 hit@5:0.0564	 hit@10: 0.0906
target: 	 mrr: 0.032973	 ndcg_5: 0.0244	 ndcg_10: 0.0339	 hit@1:0.009195	 hit@5:0.0404	 hit@10: 0.0702
source best!
..............................
source: 	 mrr: 0.039522	 ndcg_5: 0.0311	 ndcg_10: 0.0416	 hit@1:0.012318	 hit@5:0.0506	 hit@10: 0.0836
epoch 6: train_loss = 1.959345, source_mrr = 0.039522, source_hit@10 = 0.0836, source_ndcg@10 = 0.0416, target_mrr = 0.032973, target_hit@10 = 0.0702, target_ndcg@10 = 0.0339

2024-08-15 19:42:32.171273: step 1204/13760 (epoch 7/80), loss = 1.934969 (25.741 sec/epoch), lr: 0.004000
Evaluating on dev set...
..................................................................
source: 	 mrr: 0.044120	 ndcg_5: 0.0358	 ndcg_10: 0.0471	 hit@1:0.018061	 hit@5:0.0542	 hit@10: 0.0897
target: 	 mrr: 0.037867	 ndcg_5: 0.0282	 ndcg_10: 0.0409	 hit@1:0.011145	 hit@5:0.0454	 hit@10: 0.0847
source best!
..............................
source: 	 mrr: 0.039099	 ndcg_5: 0.0320	 ndcg_10: 0.0412	 hit@1:0.013614	 hit@5:0.0509	 hit@10: 0.0794
target best!
...................................target: 	 mrr: 0.036712	 ndcg_5: 0.0287	 ndcg_10: 0.0385	 hit@1:0.010998	 hit@5:0.0471	 hit@10: 0.0776
epoch 7: train_loss = 1.934969, source_mrr = 0.039099, source_hit@10 = 0.0794, source_ndcg@10 = 0.0412, target_mrr = 0.036712, target_hit@10 = 0.0776, target_ndcg@10 = 0.0385

2024-08-15 19:42:59.311528: step 1376/13760 (epoch 8/80), loss = 1.915139 (25.745 sec/epoch), lr: 0.004000
Evaluating on dev set...
..................................................................
source: 	 mrr: 0.038490	 ndcg_5: 0.0283	 ndcg_10: 0.0417	 hit@1:0.011090	 hit@5:0.0459	 hit@10: 0.0871
target: 	 mrr: 0.030157	 ndcg_5: 0.0228	 ndcg_10: 0.0303	 hit@1:0.010867	 hit@5:0.0348	 hit@10: 0.0582
epoch 8: train_loss = 1.915139, source_mrr = 0.038490, source_hit@10 = 0.0871, source_ndcg@10 = 0.0417, target_mrr = 0.030157, target_hit@10 = 0.0582, target_ndcg@10 = 0.0303

2024-08-15 19:43:25.640536: step 1548/13760 (epoch 9/80), loss = 1.895643 (25.590 sec/epoch), lr: 0.004000
Evaluating on dev set...
..................................................................
source: 	 mrr: 0.045197	 ndcg_5: 0.0370	 ndcg_10: 0.0481	 hit@1:0.016793	 hit@5:0.0580	 hit@10: 0.0919
target: 	 mrr: 0.037924	 ndcg_5: 0.0285	 ndcg_10: 0.0394	 hit@1:0.012260	 hit@5:0.0451	 hit@10: 0.0789
source best!
..............................
source: 	 mrr: 0.042066	 ndcg_5: 0.0323	 ndcg_10: 0.0432	 hit@1:0.014911	 hit@5:0.0486	 hit@10: 0.0827
target best!
...................................target: 	 mrr: 0.037836	 ndcg_5: 0.0298	 ndcg_10: 0.0390	 hit@1:0.012126	 hit@5:0.0479	 hit@10: 0.0770
epoch 9: train_loss = 1.895643, source_mrr = 0.042066, source_hit@10 = 0.0827, source_ndcg@10 = 0.0432, target_mrr = 0.037836, target_hit@10 = 0.0770, target_ndcg@10 = 0.0390

2024-08-15 19:43:52.812609: step 1720/13760 (epoch 10/80), loss = 1.878313 (25.744 sec/epoch), lr: 0.004000
Evaluating on dev set...
..................................................................
source: 	 mrr: 0.040608	 ndcg_5: 0.0319	 ndcg_10: 0.0438	 hit@1:0.013308	 hit@5:0.0510	 hit@10: 0.0881
target: 	 mrr: 0.036985	 ndcg_5: 0.0275	 ndcg_10: 0.0386	 hit@1:0.010588	 hit@5:0.0437	 hit@10: 0.0783
epoch 10: train_loss = 1.878313, source_mrr = 0.040608, source_hit@10 = 0.0881, source_ndcg@10 = 0.0438, target_mrr = 0.036985, target_hit@10 = 0.0783, target_ndcg@10 = 0.0386

2024-08-15 19:44:19.118472: step 1892/13760 (epoch 11/80), loss = 1.861338 (25.574 sec/epoch), lr: 0.004000
Evaluating on dev set...
..................................................................
source: 	 mrr: 0.030128	 ndcg_5: 0.0226	 ndcg_10: 0.0313	 hit@1:0.009506	 hit@5:0.0364	 hit@10: 0.0634
target: 	 mrr: 0.035154	 ndcg_5: 0.0253	 ndcg_10: 0.0367	 hit@1:0.010031	 hit@5:0.0407	 hit@10: 0.0763
epoch 11: train_loss = 1.861338, source_mrr = 0.030128, source_hit@10 = 0.0634, source_ndcg@10 = 0.0313, target_mrr = 0.035154, target_hit@10 = 0.0763, target_ndcg@10 = 0.0367

2024-08-15 19:44:45.904342: step 2064/13760 (epoch 12/80), loss = 1.837591 (26.006 sec/epoch), lr: 0.003800
Evaluating on dev set...
..................................................................
source: 	 mrr: 0.039988	 ndcg_5: 0.0322	 ndcg_10: 0.0413	 hit@1:0.013625	 hit@5:0.0497	 hit@10: 0.0783
target: 	 mrr: 0.037400	 ndcg_5: 0.0279	 ndcg_10: 0.0394	 hit@1:0.012260	 hit@5:0.0440	 hit@10: 0.0802
epoch 12: train_loss = 1.837591, source_mrr = 0.039988, source_hit@10 = 0.0783, source_ndcg@10 = 0.0413, target_mrr = 0.037400, target_hit@10 = 0.0802, target_ndcg@10 = 0.0394

2024-08-15 19:45:12.428552: step 2236/13760 (epoch 13/80), loss = 1.824795 (25.773 sec/epoch), lr: 0.003800
Evaluating on dev set...
..................................................................
source: 	 mrr: 0.041055	 ndcg_5: 0.0312	 ndcg_10: 0.0455	 hit@1:0.012674	 hit@5:0.0501	 hit@10: 0.0941
target: 	 mrr: 0.036748	 ndcg_5: 0.0270	 ndcg_10: 0.0378	 hit@1:0.010588	 hit@5:0.0432	 hit@10: 0.0772
epoch 13: train_loss = 1.824795, source_mrr = 0.041055, source_hit@10 = 0.0941, source_ndcg@10 = 0.0455, target_mrr = 0.036748, target_hit@10 = 0.0772, target_ndcg@10 = 0.0378

2024-08-15 19:45:38.695096: step 2408/13760 (epoch 14/80), loss = 1.819255 (25.457 sec/epoch), lr: 0.003800
Evaluating on dev set...
..................................................................
source: 	 mrr: 0.044437	 ndcg_5: 0.0356	 ndcg_10: 0.0486	 hit@1:0.014259	 hit@5:0.0580	 hit@10: 0.0982
target: 	 mrr: 0.030731	 ndcg_5: 0.0234	 ndcg_10: 0.0321	 hit@1:0.008916	 hit@5:0.0382	 hit@10: 0.0652
epoch 14: train_loss = 1.819255, source_mrr = 0.044437, source_hit@10 = 0.0982, source_ndcg@10 = 0.0486, target_mrr = 0.030731, target_hit@10 = 0.0652, target_ndcg@10 = 0.0321

2024-08-15 19:46:04.883878: step 2580/13760 (epoch 15/80), loss = 1.806689 (25.458 sec/epoch), lr: 0.003610
Evaluating on dev set...
..................................................................
source: 	 mrr: 0.045544	 ndcg_5: 0.0366	 ndcg_10: 0.0493	 hit@1:0.015843	 hit@5:0.0580	 hit@10: 0.0973
target: 	 mrr: 0.040382	 ndcg_5: 0.0310	 ndcg_10: 0.0434	 hit@1:0.012817	 hit@5:0.0490	 hit@10: 0.0875
source best!
..............................
source: 	 mrr: 0.041609	 ndcg_5: 0.0315	 ndcg_10: 0.0439	 hit@1:0.013614	 hit@5:0.0496	 hit@10: 0.0885
target best!
...................................target: 	 mrr: 0.040933	 ndcg_5: 0.0328	 ndcg_10: 0.0430	 hit@1:0.015228	 hit@5:0.0516	 hit@10: 0.0835
epoch 15: train_loss = 1.806689, source_mrr = 0.041609, source_hit@10 = 0.0885, source_ndcg@10 = 0.0439, target_mrr = 0.040933, target_hit@10 = 0.0835, target_ndcg@10 = 0.0430

2024-08-15 19:46:32.097406: step 2752/13760 (epoch 16/80), loss = 1.798946 (25.798 sec/epoch), lr: 0.003610
Evaluating on dev set...
..................................................................
source: 	 mrr: 0.032699	 ndcg_5: 0.0235	 ndcg_10: 0.0337	 hit@1:0.011090	 hit@5:0.0364	 hit@10: 0.0681
target: 	 mrr: 0.039864	 ndcg_5: 0.0315	 ndcg_10: 0.0416	 hit@1:0.013653	 hit@5:0.0493	 hit@10: 0.0814
epoch 16: train_loss = 1.798946, source_mrr = 0.032699, source_hit@10 = 0.0681, source_ndcg@10 = 0.0337, target_mrr = 0.039864, target_hit@10 = 0.0814, target_ndcg@10 = 0.0416

2024-08-15 19:46:58.260383: step 2924/13760 (epoch 17/80), loss = 1.784716 (25.430 sec/epoch), lr: 0.003429
Evaluating on dev set...
..................................................................
source: 	 mrr: 0.041948	 ndcg_5: 0.0315	 ndcg_10: 0.0451	 hit@1:0.014259	 hit@5:0.0491	 hit@10: 0.0913
target: 	 mrr: 0.036000	 ndcg_5: 0.0282	 ndcg_10: 0.0384	 hit@1:0.009752	 hit@5:0.0474	 hit@10: 0.0797
epoch 17: train_loss = 1.784716, source_mrr = 0.041948, source_hit@10 = 0.0913, source_ndcg@10 = 0.0451, target_mrr = 0.036000, target_hit@10 = 0.0797, target_ndcg@10 = 0.0384

2024-08-15 19:47:24.349710: step 3096/13760 (epoch 18/80), loss = 1.778190 (25.356 sec/epoch), lr: 0.003429
Evaluating on dev set...
..................................................................
source: 	 mrr: 0.039781	 ndcg_5: 0.0311	 ndcg_10: 0.0435	 hit@1:0.012041	 hit@5:0.0507	 hit@10: 0.0894
target: 	 mrr: 0.033493	 ndcg_5: 0.0249	 ndcg_10: 0.0333	 hit@1:0.011981	 hit@5:0.0373	 hit@10: 0.0632
epoch 18: train_loss = 1.778190, source_mrr = 0.039781, source_hit@10 = 0.0894, source_ndcg@10 = 0.0435, target_mrr = 0.033493, target_hit@10 = 0.0632, target_ndcg@10 = 0.0333

2024-08-15 19:47:50.787272: step 3268/13760 (epoch 19/80), loss = 1.763698 (25.686 sec/epoch), lr: 0.003258
Evaluating on dev set...
..................................................................
source: 	 mrr: 0.018830	 ndcg_5: 0.0135	 ndcg_10: 0.0175	 hit@1:0.006020	 hit@5:0.0209	 hit@10: 0.0336
target: 	 mrr: 0.038720	 ndcg_5: 0.0317	 ndcg_10: 0.0419	 hit@1:0.011424	 hit@5:0.0521	 hit@10: 0.0839
epoch 19: train_loss = 1.763698, source_mrr = 0.018830, source_hit@10 = 0.0336, source_ndcg@10 = 0.0175, target_mrr = 0.038720, target_hit@10 = 0.0839, target_ndcg@10 = 0.0419

2024-08-15 19:48:17.235934: step 3440/13760 (epoch 20/80), loss = 1.752271 (25.694 sec/epoch), lr: 0.003095
Evaluating on dev set...
..................................................................
source: 	 mrr: 0.038325	 ndcg_5: 0.0296	 ndcg_10: 0.0404	 hit@1:0.011407	 hit@5:0.0478	 hit@10: 0.0814
target: 	 mrr: 0.032449	 ndcg_5: 0.0235	 ndcg_10: 0.0332	 hit@1:0.009195	 hit@5:0.0379	 hit@10: 0.0680
epoch 20: train_loss = 1.752271, source_mrr = 0.038325, source_hit@10 = 0.0814, source_ndcg@10 = 0.0404, target_mrr = 0.032449, target_hit@10 = 0.0680, target_ndcg@10 = 0.0332

2024-08-15 19:48:44.214135: step 3612/13760 (epoch 21/80), loss = 1.749162 (26.211 sec/epoch), lr: 0.003095
Evaluating on dev set...
..................................................................
source: 	 mrr: 0.044298	 ndcg_5: 0.0359	 ndcg_10: 0.0471	 hit@1:0.016160	 hit@5:0.0564	 hit@10: 0.0913
target: 	 mrr: 0.036993	 ndcg_5: 0.0281	 ndcg_10: 0.0373	 hit@1:0.013096	 hit@5:0.0435	 hit@10: 0.0724
epoch 21: train_loss = 1.749162, source_mrr = 0.044298, source_hit@10 = 0.0913, source_ndcg@10 = 0.0471, target_mrr = 0.036993, target_hit@10 = 0.0724, target_ndcg@10 = 0.0373

2024-08-15 19:49:10.891721: step 3784/13760 (epoch 22/80), loss = 1.740198 (25.938 sec/epoch), lr: 0.003095
Evaluating on dev set...
..................................................................
source: 	 mrr: 0.040874	 ndcg_5: 0.0309	 ndcg_10: 0.0436	 hit@1:0.012041	 hit@5:0.0491	 hit@10: 0.0887
target: 	 mrr: 0.034251	 ndcg_5: 0.0260	 ndcg_10: 0.0361	 hit@1:0.009195	 hit@5:0.0440	 hit@10: 0.0755
epoch 22: train_loss = 1.740198, source_mrr = 0.040874, source_hit@10 = 0.0887, source_ndcg@10 = 0.0436, target_mrr = 0.034251, target_hit@10 = 0.0755, target_ndcg@10 = 0.0361

2024-08-15 19:49:37.231577: step 3956/13760 (epoch 23/80), loss = 1.727864 (25.600 sec/epoch), lr: 0.002940
Evaluating on dev set...
..................................................................
source: 	 mrr: 0.044107	 ndcg_5: 0.0349	 ndcg_10: 0.0473	 hit@1:0.014575	 hit@5:0.0548	 hit@10: 0.0938
target: 	 mrr: 0.036383	 ndcg_5: 0.0277	 ndcg_10: 0.0379	 hit@1:0.011424	 hit@5:0.0443	 hit@10: 0.0758
epoch 23: train_loss = 1.727864, source_mrr = 0.044107, source_hit@10 = 0.0938, source_ndcg@10 = 0.0473, target_mrr = 0.036383, target_hit@10 = 0.0758, target_ndcg@10 = 0.0379

2024-08-15 19:50:03.947445: step 4128/13760 (epoch 24/80), loss = 1.725394 (25.982 sec/epoch), lr: 0.002940
Evaluating on dev set...
..................................................................
source: 	 mrr: 0.037729	 ndcg_5: 0.0288	 ndcg_10: 0.0391	 hit@1:0.012991	 hit@5:0.0444	 hit@10: 0.0764
target: 	 mrr: 0.038717	 ndcg_5: 0.0312	 ndcg_10: 0.0396	 hit@1:0.014767	 hit@5:0.0479	 hit@10: 0.0744
epoch 24: train_loss = 1.725394, source_mrr = 0.037729, source_hit@10 = 0.0764, source_ndcg@10 = 0.0391, target_mrr = 0.038717, target_hit@10 = 0.0744, target_ndcg@10 = 0.0396

2024-08-15 19:50:30.428052: step 4300/13760 (epoch 25/80), loss = 1.712602 (25.744 sec/epoch), lr: 0.002793
Evaluating on dev set...
..................................................................
source: 	 mrr: 0.043541	 ndcg_5: 0.0324	 ndcg_10: 0.0474	 hit@1:0.014259	 hit@5:0.0507	 hit@10: 0.0976
target: 	 mrr: 0.036754	 ndcg_5: 0.0285	 ndcg_10: 0.0378	 hit@1:0.011424	 hit@5:0.0454	 hit@10: 0.0744
epoch 25: train_loss = 1.712602, source_mrr = 0.043541, source_hit@10 = 0.0976, source_ndcg@10 = 0.0474, target_mrr = 0.036754, target_hit@10 = 0.0744, target_ndcg@10 = 0.0378

2024-08-15 19:50:57.035998: step 4472/13760 (epoch 26/80), loss = 1.713345 (25.875 sec/epoch), lr: 0.002793
Evaluating on dev set...
..................................................................
source: 	 mrr: 0.051058	 ndcg_5: 0.0423	 ndcg_10: 0.0552	 hit@1:0.021546	 hit@5:0.0637	 hit@10: 0.1036
target: 	 mrr: 0.035478	 ndcg_5: 0.0274	 ndcg_10: 0.0381	 hit@1:0.010309	 hit@5:0.0443	 hit@10: 0.0780
source best!
..............................
source: 	 mrr: 0.047019	 ndcg_5: 0.0382	 ndcg_10: 0.0482	 hit@1:0.020746	 hit@5:0.0564	 hit@10: 0.0875
epoch 26: train_loss = 1.713345, source_mrr = 0.047019, source_hit@10 = 0.0875, source_ndcg@10 = 0.0482, target_mrr = 0.035478, target_hit@10 = 0.0780, target_ndcg@10 = 0.0381

2024-08-15 19:51:23.841649: step 4644/13760 (epoch 27/80), loss = 1.707016 (25.764 sec/epoch), lr: 0.002793
Evaluating on dev set...
..................................................................
source: 	 mrr: 0.041948	 ndcg_5: 0.0327	 ndcg_10: 0.0432	 hit@1:0.015843	 hit@5:0.0497	 hit@10: 0.0824
target: 	 mrr: 0.036676	 ndcg_5: 0.0288	 ndcg_10: 0.0383	 hit@1:0.011981	 hit@5:0.0457	 hit@10: 0.0758
epoch 27: train_loss = 1.707016, source_mrr = 0.041948, source_hit@10 = 0.0824, source_ndcg@10 = 0.0432, target_mrr = 0.036676, target_hit@10 = 0.0758, target_ndcg@10 = 0.0383

2024-08-15 19:51:50.368839: step 4816/13760 (epoch 28/80), loss = 1.699150 (25.782 sec/epoch), lr: 0.002654
Evaluating on dev set...
..................................................................
source: 	 mrr: 0.040817	 ndcg_5: 0.0317	 ndcg_10: 0.0408	 hit@1:0.014259	 hit@5:0.0491	 hit@10: 0.0776
target: 	 mrr: 0.036066	 ndcg_5: 0.0288	 ndcg_10: 0.0387	 hit@1:0.010588	 hit@5:0.0465	 hit@10: 0.0777
epoch 28: train_loss = 1.699150, source_mrr = 0.040817, source_hit@10 = 0.0776, source_ndcg@10 = 0.0408, target_mrr = 0.036066, target_hit@10 = 0.0777, target_ndcg@10 = 0.0387

2024-08-15 19:52:17.253193: step 4988/13760 (epoch 29/80), loss = 1.693400 (26.151 sec/epoch), lr: 0.002521
Evaluating on dev set...
..................................................................
source: 	 mrr: 0.046937	 ndcg_5: 0.0382	 ndcg_10: 0.0502	 hit@1:0.017427	 hit@5:0.0577	 hit@10: 0.0954
target: 	 mrr: 0.037870	 ndcg_5: 0.0300	 ndcg_10: 0.0396	 hit@1:0.011424	 hit@5:0.0479	 hit@10: 0.0777
epoch 29: train_loss = 1.693400, source_mrr = 0.046937, source_hit@10 = 0.0954, source_ndcg@10 = 0.0502, target_mrr = 0.037870, target_hit@10 = 0.0777, target_ndcg@10 = 0.0396

2024-08-15 19:52:43.792300: step 5160/13760 (epoch 30/80), loss = 1.694002 (25.804 sec/epoch), lr: 0.002521
Evaluating on dev set...
..................................................................
source: 	 mrr: 0.037199	 ndcg_5: 0.0292	 ndcg_10: 0.0392	 hit@1:0.012674	 hit@5:0.0472	 hit@10: 0.0786
target: 	 mrr: 0.033562	 ndcg_5: 0.0249	 ndcg_10: 0.0355	 hit@1:0.010309	 hit@5:0.0387	 hit@10: 0.0719
epoch 30: train_loss = 1.694002, source_mrr = 0.037199, source_hit@10 = 0.0786, source_ndcg@10 = 0.0392, target_mrr = 0.033562, target_hit@10 = 0.0719, target_ndcg@10 = 0.0355

2024-08-15 19:53:10.324900: step 5332/13760 (epoch 31/80), loss = 1.685467 (25.787 sec/epoch), lr: 0.002395
Evaluating on dev set...
..................................................................
source: 	 mrr: 0.045846	 ndcg_5: 0.0377	 ndcg_10: 0.0496	 hit@1:0.016477	 hit@5:0.0593	 hit@10: 0.0963
target: 	 mrr: 0.033838	 ndcg_5: 0.0261	 ndcg_10: 0.0355	 hit@1:0.011424	 hit@5:0.0412	 hit@10: 0.0705
epoch 31: train_loss = 1.685467, source_mrr = 0.045846, source_hit@10 = 0.0963, source_ndcg@10 = 0.0496, target_mrr = 0.033838, target_hit@10 = 0.0705, target_ndcg@10 = 0.0355

2024-08-15 19:53:36.440978: step 5504/13760 (epoch 32/80), loss = 1.685380 (25.378 sec/epoch), lr: 0.002395
Evaluating on dev set...
..................................................................
source: 	 mrr: 0.046953	 ndcg_5: 0.0376	 ndcg_10: 0.0504	 hit@1:0.016477	 hit@5:0.0589	 hit@10: 0.0989
target: 	 mrr: 0.036072	 ndcg_5: 0.0275	 ndcg_10: 0.0387	 hit@1:0.011424	 hit@5:0.0440	 hit@10: 0.0786
epoch 32: train_loss = 1.685380, source_mrr = 0.046953, source_hit@10 = 0.0989, source_ndcg@10 = 0.0504, target_mrr = 0.036072, target_hit@10 = 0.0786, target_ndcg@10 = 0.0387

2024-08-15 19:54:02.874971: step 5676/13760 (epoch 33/80), loss = 1.680667 (25.655 sec/epoch), lr: 0.002395
Evaluating on dev set...
..................................................................
source: 	 mrr: 0.049147	 ndcg_5: 0.0397	 ndcg_10: 0.0522	 hit@1:0.019962	 hit@5:0.0589	 hit@10: 0.0979
target: 	 mrr: 0.037976	 ndcg_5: 0.0295	 ndcg_10: 0.0416	 hit@1:0.010867	 hit@5:0.0476	 hit@10: 0.0850
epoch 33: train_loss = 1.680667, source_mrr = 0.049147, source_hit@10 = 0.0979, source_ndcg@10 = 0.0522, target_mrr = 0.037976, target_hit@10 = 0.0850, target_ndcg@10 = 0.0416

2024-08-15 19:54:29.310359: step 5848/13760 (epoch 34/80), loss = 1.682521 (25.702 sec/epoch), lr: 0.002395
Evaluating on dev set...
..................................................................
source: 	 mrr: 0.043740	 ndcg_5: 0.0345	 ndcg_10: 0.0474	 hit@1:0.016477	 hit@5:0.0526	 hit@10: 0.0922
target: 	 mrr: 0.035976	 ndcg_5: 0.0291	 ndcg_10: 0.0395	 hit@1:0.010588	 hit@5:0.0485	 hit@10: 0.0805
epoch 34: train_loss = 1.682521, source_mrr = 0.043740, source_hit@10 = 0.0922, source_ndcg@10 = 0.0474, target_mrr = 0.035976, target_hit@10 = 0.0805, target_ndcg@10 = 0.0395

2024-08-15 19:54:55.516903: step 6020/13760 (epoch 35/80), loss = 1.671062 (25.470 sec/epoch), lr: 0.002275
Evaluating on dev set...
..................................................................
source: 	 mrr: 0.046178	 ndcg_5: 0.0385	 ndcg_10: 0.0511	 hit@1:0.014575	 hit@5:0.0627	 hit@10: 0.1023
target: 	 mrr: 0.030485	 ndcg_5: 0.0222	 ndcg_10: 0.0315	 hit@1:0.007802	 hit@5:0.0373	 hit@10: 0.0663
epoch 35: train_loss = 1.671062, source_mrr = 0.046178, source_hit@10 = 0.1023, source_ndcg@10 = 0.0511, target_mrr = 0.030485, target_hit@10 = 0.0663, target_ndcg@10 = 0.0315

2024-08-15 19:55:21.854393: step 6192/13760 (epoch 36/80), loss = 1.665673 (25.576 sec/epoch), lr: 0.002161
Evaluating on dev set...
..................................................................
source: 	 mrr: 0.040082	 ndcg_5: 0.0335	 ndcg_10: 0.0440	 hit@1:0.014259	 hit@5:0.0535	 hit@10: 0.0865
target: 	 mrr: 0.039977	 ndcg_5: 0.0311	 ndcg_10: 0.0434	 hit@1:0.013653	 hit@5:0.0490	 hit@10: 0.0872
epoch 36: train_loss = 1.665673, source_mrr = 0.040082, source_hit@10 = 0.0865, source_ndcg@10 = 0.0440, target_mrr = 0.039977, target_hit@10 = 0.0872, target_ndcg@10 = 0.0434

2024-08-15 19:55:48.317453: step 6364/13760 (epoch 37/80), loss = 1.663822 (25.714 sec/epoch), lr: 0.002161
Evaluating on dev set...
..................................................................
source: 	 mrr: 0.044624	 ndcg_5: 0.0346	 ndcg_10: 0.0459	 hit@1:0.018695	 hit@5:0.0510	 hit@10: 0.0862
target: 	 mrr: 0.036251	 ndcg_5: 0.0285	 ndcg_10: 0.0395	 hit@1:0.010867	 hit@5:0.0471	 hit@10: 0.0814
epoch 37: train_loss = 1.663822, source_mrr = 0.044624, source_hit@10 = 0.0862, source_ndcg@10 = 0.0459, target_mrr = 0.036251, target_hit@10 = 0.0814, target_ndcg@10 = 0.0395

2024-08-15 19:56:14.655476: step 6536/13760 (epoch 38/80), loss = 1.663423 (25.607 sec/epoch), lr: 0.002161
Evaluating on dev set...
..................................................................
source: 	 mrr: 0.036633	 ndcg_5: 0.0285	 ndcg_10: 0.0375	 hit@1:0.012041	 hit@5:0.0447	 hit@10: 0.0732
target: 	 mrr: 0.035006	 ndcg_5: 0.0274	 ndcg_10: 0.0376	 hit@1:0.009473	 hit@5:0.0460	 hit@10: 0.0777
epoch 38: train_loss = 1.663423, source_mrr = 0.036633, source_hit@10 = 0.0732, source_ndcg@10 = 0.0375, target_mrr = 0.035006, target_hit@10 = 0.0777, target_ndcg@10 = 0.0376

2024-08-15 19:56:41.247151: step 6708/13760 (epoch 39/80), loss = 1.652386 (25.825 sec/epoch), lr: 0.002053
Evaluating on dev set...
..................................................................
source: 	 mrr: 0.040374	 ndcg_5: 0.0306	 ndcg_10: 0.0421	 hit@1:0.015526	 hit@5:0.0459	 hit@10: 0.0814
target: 	 mrr: 0.034147	 ndcg_5: 0.0264	 ndcg_10: 0.0361	 hit@1:0.010309	 hit@5:0.0432	 hit@10: 0.0733
epoch 39: train_loss = 1.652386, source_mrr = 0.040374, source_hit@10 = 0.0814, source_ndcg@10 = 0.0421, target_mrr = 0.034147, target_hit@10 = 0.0733, target_ndcg@10 = 0.0361

2024-08-15 19:57:07.682465: step 6880/13760 (epoch 40/80), loss = 1.650177 (25.687 sec/epoch), lr: 0.002053
Evaluating on dev set...
..................................................................
source: 	 mrr: 0.035442	 ndcg_5: 0.0277	 ndcg_10: 0.0379	 hit@1:0.008555	 hit@5:0.0466	 hit@10: 0.0786
target: 	 mrr: 0.035947	 ndcg_5: 0.0288	 ndcg_10: 0.0388	 hit@1:0.010031	 hit@5:0.0476	 hit@10: 0.0789
epoch 40: train_loss = 1.650177, source_mrr = 0.035442, source_hit@10 = 0.0786, source_ndcg@10 = 0.0379, target_mrr = 0.035947, target_hit@10 = 0.0789, target_ndcg@10 = 0.0388
shift to transfer learning mode

2024-08-15 19:57:34.812200: step 7052/13760 (epoch 41/80), loss = 1.915853 (26.371 sec/epoch), lr: 0.001951
Evaluating on dev set...
..................................................................
source: 	 mrr: 0.039384	 ndcg_5: 0.0313	 ndcg_10: 0.0409	 hit@1:0.013942	 hit@5:0.0485	 hit@10: 0.0786
target: 	 mrr: 0.033713	 ndcg_5: 0.0261	 ndcg_10: 0.0358	 hit@1:0.008080	 hit@5:0.0451	 hit@10: 0.0752
epoch 41: train_loss = 1.915853, source_mrr = 0.039384, source_hit@10 = 0.0786, source_ndcg@10 = 0.0409, target_mrr = 0.033713, target_hit@10 = 0.0752, target_ndcg@10 = 0.0358

2024-08-15 19:58:01.971389: step 7224/13760 (epoch 42/80), loss = 1.928874 (26.408 sec/epoch), lr: 0.001951
Evaluating on dev set...
..................................................................
source: 	 mrr: 0.050598	 ndcg_5: 0.0434	 ndcg_10: 0.0541	 hit@1:0.021863	 hit@5:0.0650	 hit@10: 0.0985
target: 	 mrr: 0.033199	 ndcg_5: 0.0242	 ndcg_10: 0.0342	 hit@1:0.008359	 hit@5:0.0404	 hit@10: 0.0711
epoch 42: train_loss = 1.928874, source_mrr = 0.050598, source_hit@10 = 0.0985, source_ndcg@10 = 0.0541, target_mrr = 0.033199, target_hit@10 = 0.0711, target_ndcg@10 = 0.0342

2024-08-15 19:58:29.172240: step 7396/13760 (epoch 43/80), loss = 1.937117 (26.466 sec/epoch), lr: 0.001951
Evaluating on dev set...
..................................................................
source: 	 mrr: 0.051168	 ndcg_5: 0.0424	 ndcg_10: 0.0560	 hit@1:0.019011	 hit@5:0.0656	 hit@10: 0.1080
target: 	 mrr: 0.034455	 ndcg_5: 0.0265	 ndcg_10: 0.0365	 hit@1:0.009195	 hit@5:0.0435	 hit@10: 0.0750
source best!
..............................
source: 	 mrr: 0.047157	 ndcg_5: 0.0383	 ndcg_10: 0.0515	 hit@1:0.017180	 hit@5:0.0600	 hit@10: 0.1002
epoch 43: train_loss = 1.937117, source_mrr = 0.047157, source_hit@10 = 0.1002, source_ndcg@10 = 0.0515, target_mrr = 0.034455, target_hit@10 = 0.0750, target_ndcg@10 = 0.0365

2024-08-15 19:58:56.791542: step 7568/13760 (epoch 44/80), loss = 1.938935 (26.524 sec/epoch), lr: 0.001951
Evaluating on dev set...
..................................................................
source: 	 mrr: 0.048088	 ndcg_5: 0.0401	 ndcg_10: 0.0533	 hit@1:0.016160	 hit@5:0.0634	 hit@10: 0.1049
target: 	 mrr: 0.037300	 ndcg_5: 0.0285	 ndcg_10: 0.0386	 hit@1:0.010867	 hit@5:0.0457	 hit@10: 0.0772
epoch 44: train_loss = 1.938935, source_mrr = 0.048088, source_hit@10 = 0.1049, source_ndcg@10 = 0.0533, target_mrr = 0.037300, target_hit@10 = 0.0772, target_ndcg@10 = 0.0386

2024-08-15 19:59:23.824733: step 7740/13760 (epoch 45/80), loss = 1.935281 (26.292 sec/epoch), lr: 0.001853
Evaluating on dev set...
..................................................................
source: 	 mrr: 0.047733	 ndcg_5: 0.0387	 ndcg_10: 0.0509	 hit@1:0.016793	 hit@5:0.0599	 hit@10: 0.0976
target: 	 mrr: 0.037189	 ndcg_5: 0.0302	 ndcg_10: 0.0394	 hit@1:0.011424	 hit@5:0.0496	 hit@10: 0.0783
epoch 45: train_loss = 1.935281, source_mrr = 0.047733, source_hit@10 = 0.0976, source_ndcg@10 = 0.0509, target_mrr = 0.037189, target_hit@10 = 0.0783, target_ndcg@10 = 0.0394

2024-08-15 19:59:50.909938: step 7912/13760 (epoch 46/80), loss = 1.930769 (26.336 sec/epoch), lr: 0.001761
Evaluating on dev set...
..................................................................
source: 	 mrr: 0.044482	 ndcg_5: 0.0360	 ndcg_10: 0.0480	 hit@1:0.016160	 hit@5:0.0567	 hit@10: 0.0944
target: 	 mrr: 0.032005	 ndcg_5: 0.0256	 ndcg_10: 0.0326	 hit@1:0.010588	 hit@5:0.0410	 hit@10: 0.0630
epoch 46: train_loss = 1.930769, source_mrr = 0.044482, source_hit@10 = 0.0944, source_ndcg@10 = 0.0480, target_mrr = 0.032005, target_hit@10 = 0.0630, target_ndcg@10 = 0.0326

2024-08-15 20:00:18.235773: step 8084/13760 (epoch 47/80), loss = 1.926308 (26.593 sec/epoch), lr: 0.001672
Evaluating on dev set...
..................................................................
source: 	 mrr: 0.042872	 ndcg_5: 0.0347	 ndcg_10: 0.0459	 hit@1:0.016477	 hit@5:0.0529	 hit@10: 0.0875
target: 	 mrr: 0.025615	 ndcg_5: 0.0184	 ndcg_10: 0.0247	 hit@1:0.010867	 hit@5:0.0259	 hit@10: 0.0454
epoch 47: train_loss = 1.926308, source_mrr = 0.042872, source_hit@10 = 0.0875, source_ndcg@10 = 0.0459, target_mrr = 0.025615, target_hit@10 = 0.0454, target_ndcg@10 = 0.0247

2024-08-15 20:00:45.520550: step 8256/13760 (epoch 48/80), loss = 1.922965 (26.547 sec/epoch), lr: 0.001589
Evaluating on dev set...
..................................................................
source: 	 mrr: 0.043977	 ndcg_5: 0.0377	 ndcg_10: 0.0478	 hit@1:0.014892	 hit@5:0.0605	 hit@10: 0.0922
target: 	 mrr: 0.036107	 ndcg_5: 0.0276	 ndcg_10: 0.0374	 hit@1:0.011981	 hit@5:0.0426	 hit@10: 0.0730
epoch 48: train_loss = 1.922965, source_mrr = 0.043977, source_hit@10 = 0.0922, source_ndcg@10 = 0.0478, target_mrr = 0.036107, target_hit@10 = 0.0730, target_ndcg@10 = 0.0374

2024-08-15 20:01:12.865391: step 8428/13760 (epoch 49/80), loss = 1.920999 (26.594 sec/epoch), lr: 0.001589
Evaluating on dev set...
..................................................................
source: 	 mrr: 0.044917	 ndcg_5: 0.0365	 ndcg_10: 0.0462	 hit@1:0.017744	 hit@5:0.0554	 hit@10: 0.0859
target: 	 mrr: 0.038739	 ndcg_5: 0.0305	 ndcg_10: 0.0400	 hit@1:0.014489	 hit@5:0.0471	 hit@10: 0.0769
epoch 49: train_loss = 1.920999, source_mrr = 0.044917, source_hit@10 = 0.0859, source_ndcg@10 = 0.0462, target_mrr = 0.038739, target_hit@10 = 0.0769, target_ndcg@10 = 0.0400

2024-08-15 20:01:39.692989: step 8600/13760 (epoch 50/80), loss = 1.917513 (26.086 sec/epoch), lr: 0.001589
Evaluating on dev set...
..................................................................
source: 	 mrr: 0.044072	 ndcg_5: 0.0354	 ndcg_10: 0.0472	 hit@1:0.015526	 hit@5:0.0564	 hit@10: 0.0928
target: 	 mrr: 0.035746	 ndcg_5: 0.0286	 ndcg_10: 0.0368	 hit@1:0.013374	 hit@5:0.0443	 hit@10: 0.0699
epoch 50: train_loss = 1.917513, source_mrr = 0.044072, source_hit@10 = 0.0928, source_ndcg@10 = 0.0472, target_mrr = 0.035746, target_hit@10 = 0.0699, target_ndcg@10 = 0.0368

2024-08-15 20:02:07.152635: step 8772/13760 (epoch 51/80), loss = 1.908750 (26.692 sec/epoch), lr: 0.001509
Evaluating on dev set...
..................................................................
source: 	 mrr: 0.041467	 ndcg_5: 0.0332	 ndcg_10: 0.0433	 hit@1:0.014259	 hit@5:0.0523	 hit@10: 0.0837
target: 	 mrr: 0.034930	 ndcg_5: 0.0264	 ndcg_10: 0.0368	 hit@1:0.010031	 hit@5:0.0426	 hit@10: 0.0744
epoch 51: train_loss = 1.908750, source_mrr = 0.041467, source_hit@10 = 0.0837, source_ndcg@10 = 0.0433, target_mrr = 0.034930, target_hit@10 = 0.0744, target_ndcg@10 = 0.0368

2024-08-15 20:02:34.131988: step 8944/13760 (epoch 52/80), loss = 1.902941 (26.242 sec/epoch), lr: 0.001434
Evaluating on dev set...
..................................................................
source: 	 mrr: 0.046024	 ndcg_5: 0.0381	 ndcg_10: 0.0489	 hit@1:0.016477	 hit@5:0.0589	 hit@10: 0.0925
target: 	 mrr: 0.038330	 ndcg_5: 0.0295	 ndcg_10: 0.0409	 hit@1:0.013931	 hit@5:0.0460	 hit@10: 0.0814
epoch 52: train_loss = 1.902941, source_mrr = 0.046024, source_hit@10 = 0.0925, source_ndcg@10 = 0.0489, target_mrr = 0.038330, target_hit@10 = 0.0814, target_ndcg@10 = 0.0409

2024-08-15 20:03:01.071505: step 9116/13760 (epoch 53/80), loss = 1.899910 (26.183 sec/epoch), lr: 0.001434
Evaluating on dev set...
..................................................................
source: 	 mrr: 0.044512	 ndcg_5: 0.0359	 ndcg_10: 0.0471	 hit@1:0.016793	 hit@5:0.0545	 hit@10: 0.0894
target: 	 mrr: 0.035911	 ndcg_5: 0.0284	 ndcg_10: 0.0385	 hit@1:0.010309	 hit@5:0.0465	 hit@10: 0.0783
epoch 53: train_loss = 1.899910, source_mrr = 0.044512, source_hit@10 = 0.0894, source_ndcg@10 = 0.0471, target_mrr = 0.035911, target_hit@10 = 0.0783, target_ndcg@10 = 0.0385

2024-08-15 20:03:28.183118: step 9288/13760 (epoch 54/80), loss = 1.893994 (26.360 sec/epoch), lr: 0.001362
Evaluating on dev set...
..................................................................
source: 	 mrr: 0.045354	 ndcg_5: 0.0371	 ndcg_10: 0.0476	 hit@1:0.015526	 hit@5:0.0583	 hit@10: 0.0909
target: 	 mrr: 0.037890	 ndcg_5: 0.0300	 ndcg_10: 0.0408	 hit@1:0.013096	 hit@5:0.0474	 hit@10: 0.0814
epoch 54: train_loss = 1.893994, source_mrr = 0.045354, source_hit@10 = 0.0909, source_ndcg@10 = 0.0476, target_mrr = 0.037890, target_hit@10 = 0.0814, target_ndcg@10 = 0.0408

2024-08-15 20:03:55.150337: step 9460/13760 (epoch 55/80), loss = 1.891357 (26.222 sec/epoch), lr: 0.001362
Evaluating on dev set...
..................................................................
source: 	 mrr: 0.039236	 ndcg_5: 0.0297	 ndcg_10: 0.0414	 hit@1:0.012674	 hit@5:0.0472	 hit@10: 0.0840
target: 	 mrr: 0.036786	 ndcg_5: 0.0286	 ndcg_10: 0.0377	 hit@1:0.012817	 hit@5:0.0443	 hit@10: 0.0727
epoch 55: train_loss = 1.891357, source_mrr = 0.039236, source_hit@10 = 0.0840, source_ndcg@10 = 0.0414, target_mrr = 0.036786, target_hit@10 = 0.0727, target_ndcg@10 = 0.0377

2024-08-15 20:04:22.210380: step 9632/13760 (epoch 56/80), loss = 1.887902 (26.287 sec/epoch), lr: 0.001294
Evaluating on dev set...
..................................................................
source: 	 mrr: 0.038504	 ndcg_5: 0.0302	 ndcg_10: 0.0408	 hit@1:0.012991	 hit@5:0.0482	 hit@10: 0.0811
target: 	 mrr: 0.040644	 ndcg_5: 0.0320	 ndcg_10: 0.0448	 hit@1:0.013931	 hit@5:0.0507	 hit@10: 0.0908
target best!
...................................target: 	 mrr: 0.039333	 ndcg_5: 0.0317	 ndcg_10: 0.0406	 hit@1:0.013254	 hit@5:0.0496	 hit@10: 0.0776
epoch 56: train_loss = 1.887902, source_mrr = 0.038504, source_hit@10 = 0.0811, source_ndcg@10 = 0.0408, target_mrr = 0.039333, target_hit@10 = 0.0776, target_ndcg@10 = 0.0406

2024-08-15 20:04:49.448170: step 9804/13760 (epoch 57/80), loss = 1.884536 (26.127 sec/epoch), lr: 0.001294
Evaluating on dev set...
..................................................................
source: 	 mrr: 0.047907	 ndcg_5: 0.0394	 ndcg_10: 0.0511	 hit@1:0.018695	 hit@5:0.0596	 hit@10: 0.0957
target: 	 mrr: 0.035437	 ndcg_5: 0.0266	 ndcg_10: 0.0365	 hit@1:0.010031	 hit@5:0.0440	 hit@10: 0.0747
epoch 57: train_loss = 1.884536, source_mrr = 0.047907, source_hit@10 = 0.0957, source_ndcg@10 = 0.0511, target_mrr = 0.035437, target_hit@10 = 0.0747, target_ndcg@10 = 0.0365

2024-08-15 20:05:16.273761: step 9976/13760 (epoch 58/80), loss = 1.884211 (26.085 sec/epoch), lr: 0.001294
Evaluating on dev set...
..................................................................
source: 	 mrr: 0.038534	 ndcg_5: 0.0298	 ndcg_10: 0.0398	 hit@1:0.012357	 hit@5:0.0472	 hit@10: 0.0786
target: 	 mrr: 0.035718	 ndcg_5: 0.0277	 ndcg_10: 0.0370	 hit@1:0.013096	 hit@5:0.0426	 hit@10: 0.0722
epoch 58: train_loss = 1.884211, source_mrr = 0.038534, source_hit@10 = 0.0786, source_ndcg@10 = 0.0398, target_mrr = 0.035718, target_hit@10 = 0.0722, target_ndcg@10 = 0.0370

2024-08-15 20:05:43.812199: step 10148/13760 (epoch 59/80), loss = 1.878038 (26.807 sec/epoch), lr: 0.001229
Evaluating on dev set...
..................................................................
source: 	 mrr: 0.045287	 ndcg_5: 0.0376	 ndcg_10: 0.0477	 hit@1:0.015209	 hit@5:0.0586	 hit@10: 0.0897
target: 	 mrr: 0.036629	 ndcg_5: 0.0291	 ndcg_10: 0.0390	 hit@1:0.013096	 hit@5:0.0451	 hit@10: 0.0763
epoch 59: train_loss = 1.878038, source_mrr = 0.045287, source_hit@10 = 0.0897, source_ndcg@10 = 0.0477, target_mrr = 0.036629, target_hit@10 = 0.0763, target_ndcg@10 = 0.0390

2024-08-15 20:06:10.869532: step 10320/13760 (epoch 60/80), loss = 1.876124 (26.270 sec/epoch), lr: 0.001229
Evaluating on dev set...
..................................................................
source: 	 mrr: 0.047370	 ndcg_5: 0.0401	 ndcg_10: 0.0506	 hit@1:0.016793	 hit@5:0.0631	 hit@10: 0.0960
target: 	 mrr: 0.034451	 ndcg_5: 0.0252	 ndcg_10: 0.0359	 hit@1:0.010867	 hit@5:0.0404	 hit@10: 0.0738
epoch 60: train_loss = 1.876124, source_mrr = 0.047370, source_hit@10 = 0.0960, source_ndcg@10 = 0.0506, target_mrr = 0.034451, target_hit@10 = 0.0738, target_ndcg@10 = 0.0359

2024-08-15 20:06:37.916695: step 10492/13760 (epoch 61/80), loss = 1.872860 (26.287 sec/epoch), lr: 0.001168
Evaluating on dev set...
..................................................................
source: 	 mrr: 0.040805	 ndcg_5: 0.0325	 ndcg_10: 0.0434	 hit@1:0.013942	 hit@5:0.0513	 hit@10: 0.0856
target: 	 mrr: 0.036157	 ndcg_5: 0.0274	 ndcg_10: 0.0369	 hit@1:0.012260	 hit@5:0.0426	 hit@10: 0.0724
epoch 61: train_loss = 1.872860, source_mrr = 0.040805, source_hit@10 = 0.0856, source_ndcg@10 = 0.0434, target_mrr = 0.036157, target_hit@10 = 0.0724, target_ndcg@10 = 0.0369

2024-08-15 20:07:04.872048: step 10664/13760 (epoch 62/80), loss = 1.868415 (26.223 sec/epoch), lr: 0.001110
Evaluating on dev set...
..................................................................
source: 	 mrr: 0.043875	 ndcg_5: 0.0363	 ndcg_10: 0.0469	 hit@1:0.015526	 hit@5:0.0564	 hit@10: 0.0894
target: 	 mrr: 0.033751	 ndcg_5: 0.0274	 ndcg_10: 0.0346	 hit@1:0.011424	 hit@5:0.0429	 hit@10: 0.0655
epoch 62: train_loss = 1.868415, source_mrr = 0.043875, source_hit@10 = 0.0894, source_ndcg@10 = 0.0469, target_mrr = 0.033751, target_hit@10 = 0.0655, target_ndcg@10 = 0.0346

2024-08-15 20:07:32.086589: step 10836/13760 (epoch 63/80), loss = 1.866108 (26.464 sec/epoch), lr: 0.001110
Evaluating on dev set...
..................................................................
source: 	 mrr: 0.046790	 ndcg_5: 0.0385	 ndcg_10: 0.0500	 hit@1:0.016477	 hit@5:0.0612	 hit@10: 0.0970
target: 	 mrr: 0.036390	 ndcg_5: 0.0290	 ndcg_10: 0.0403	 hit@1:0.011424	 hit@5:0.0474	 hit@10: 0.0830
epoch 63: train_loss = 1.866108, source_mrr = 0.046790, source_hit@10 = 0.0970, source_ndcg@10 = 0.0500, target_mrr = 0.036390, target_hit@10 = 0.0830, target_ndcg@10 = 0.0403

2024-08-15 20:07:58.711562: step 11008/13760 (epoch 64/80), loss = 1.866389 (25.883 sec/epoch), lr: 0.001110
Evaluating on dev set...
..................................................................
source: 	 mrr: 0.046175	 ndcg_5: 0.0385	 ndcg_10: 0.0484	 hit@1:0.018695	 hit@5:0.0589	 hit@10: 0.0900
target: 	 mrr: 0.034034	 ndcg_5: 0.0264	 ndcg_10: 0.0358	 hit@1:0.010867	 hit@5:0.0424	 hit@10: 0.0716
epoch 64: train_loss = 1.866389, source_mrr = 0.046175, source_hit@10 = 0.0900, source_ndcg@10 = 0.0484, target_mrr = 0.034034, target_hit@10 = 0.0716, target_ndcg@10 = 0.0358

2024-08-15 20:08:25.556720: step 11180/13760 (epoch 65/80), loss = 1.864089 (26.061 sec/epoch), lr: 0.001054
Evaluating on dev set...
..................................................................
source: 	 mrr: 0.046732	 ndcg_5: 0.0393	 ndcg_10: 0.0514	 hit@1:0.017110	 hit@5:0.0631	 hit@10: 0.1001
target: 	 mrr: 0.036372	 ndcg_5: 0.0296	 ndcg_10: 0.0394	 hit@1:0.010867	 hit@5:0.0490	 hit@10: 0.0794
epoch 65: train_loss = 1.864089, source_mrr = 0.046732, source_hit@10 = 0.1001, source_ndcg@10 = 0.0514, target_mrr = 0.036372, target_hit@10 = 0.0794, target_ndcg@10 = 0.0394

2024-08-15 20:08:52.386360: step 11352/13760 (epoch 66/80), loss = 1.858547 (26.080 sec/epoch), lr: 0.001054
Evaluating on dev set...
..................................................................
source: 	 mrr: 0.051840	 ndcg_5: 0.0441	 ndcg_10: 0.0554	 hit@1:0.020913	 hit@5:0.0665	 hit@10: 0.1020
target: 	 mrr: 0.035737	 ndcg_5: 0.0290	 ndcg_10: 0.0389	 hit@1:0.010867	 hit@5:0.0479	 hit@10: 0.0786
source best!
..............................
source: 	 mrr: 0.048010	 ndcg_5: 0.0398	 ndcg_10: 0.0502	 hit@1:0.019449	 hit@5:0.0603	 hit@10: 0.0924
epoch 66: train_loss = 1.858547, source_mrr = 0.048010, source_hit@10 = 0.0924, source_ndcg@10 = 0.0502, target_mrr = 0.035737, target_hit@10 = 0.0786, target_ndcg@10 = 0.0389

2024-08-15 20:09:19.727106: step 11524/13760 (epoch 67/80), loss = 1.856697 (26.290 sec/epoch), lr: 0.001054
Evaluating on dev set...
..................................................................
source: 	 mrr: 0.047784	 ndcg_5: 0.0391	 ndcg_10: 0.0514	 hit@1:0.018378	 hit@5:0.0602	 hit@10: 0.0982
target: 	 mrr: 0.036059	 ndcg_5: 0.0279	 ndcg_10: 0.0383	 hit@1:0.011981	 hit@5:0.0437	 hit@10: 0.0761
epoch 67: train_loss = 1.856697, source_mrr = 0.047784, source_hit@10 = 0.0982, source_ndcg@10 = 0.0514, target_mrr = 0.036059, target_hit@10 = 0.0761, target_ndcg@10 = 0.0383

2024-08-15 20:09:46.759641: step 11696/13760 (epoch 68/80), loss = 1.854339 (26.297 sec/epoch), lr: 0.001001
Evaluating on dev set...
..................................................................
source: 	 mrr: 0.044531	 ndcg_5: 0.0361	 ndcg_10: 0.0474	 hit@1:0.015209	 hit@5:0.0570	 hit@10: 0.0922
target: 	 mrr: 0.036320	 ndcg_5: 0.0279	 ndcg_10: 0.0390	 hit@1:0.011424	 hit@5:0.0443	 hit@10: 0.0789
epoch 68: train_loss = 1.854339, source_mrr = 0.044531, source_hit@10 = 0.0922, source_ndcg@10 = 0.0474, target_mrr = 0.036320, target_hit@10 = 0.0789, target_ndcg@10 = 0.0390

2024-08-15 20:10:13.878552: step 11868/13760 (epoch 69/80), loss = 1.851519 (26.383 sec/epoch), lr: 0.000951
Evaluating on dev set...
..................................................................
source: 	 mrr: 0.047325	 ndcg_5: 0.0382	 ndcg_10: 0.0513	 hit@1:0.017744	 hit@5:0.0593	 hit@10: 0.0995
target: 	 mrr: 0.034557	 ndcg_5: 0.0273	 ndcg_10: 0.0368	 hit@1:0.012538	 hit@5:0.0421	 hit@10: 0.0719
epoch 69: train_loss = 1.851519, source_mrr = 0.047325, source_hit@10 = 0.0995, source_ndcg@10 = 0.0513, target_mrr = 0.034557, target_hit@10 = 0.0719, target_ndcg@10 = 0.0368

2024-08-15 20:10:41.182228: step 12040/13760 (epoch 70/80), loss = 1.855063 (26.571 sec/epoch), lr: 0.000951
Evaluating on dev set...
..................................................................
source: 	 mrr: 0.045446	 ndcg_5: 0.0373	 ndcg_10: 0.0493	 hit@1:0.015843	 hit@5:0.0593	 hit@10: 0.0963
target: 	 mrr: 0.033656	 ndcg_5: 0.0260	 ndcg_10: 0.0339	 hit@1:0.010867	 hit@5:0.0404	 hit@10: 0.0652
epoch 70: train_loss = 1.855063, source_mrr = 0.045446, source_hit@10 = 0.0963, source_ndcg@10 = 0.0493, target_mrr = 0.033656, target_hit@10 = 0.0652, target_ndcg@10 = 0.0339

2024-08-15 20:11:08.322566: step 12212/13760 (epoch 71/80), loss = 1.851963 (26.400 sec/epoch), lr: 0.000904
Evaluating on dev set...
..................................................................
source: 	 mrr: 0.048741	 ndcg_5: 0.0419	 ndcg_10: 0.0525	 hit@1:0.019011	 hit@5:0.0646	 hit@10: 0.0976
target: 	 mrr: 0.035299	 ndcg_5: 0.0286	 ndcg_10: 0.0366	 hit@1:0.013096	 hit@5:0.0440	 hit@10: 0.0685
epoch 71: train_loss = 1.851963, source_mrr = 0.048741, source_hit@10 = 0.0976, source_ndcg@10 = 0.0525, target_mrr = 0.035299, target_hit@10 = 0.0685, target_ndcg@10 = 0.0366

2024-08-15 20:11:35.559578: step 12384/13760 (epoch 72/80), loss = 1.849335 (26.493 sec/epoch), lr: 0.000904
Evaluating on dev set...
..................................................................
source: 	 mrr: 0.048807	 ndcg_5: 0.0408	 ndcg_10: 0.0527	 hit@1:0.018061	 hit@5:0.0640	 hit@10: 0.1004
target: 	 mrr: 0.031000	 ndcg_5: 0.0231	 ndcg_10: 0.0312	 hit@1:0.010031	 hit@5:0.0365	 hit@10: 0.0619
epoch 72: train_loss = 1.849335, source_mrr = 0.048807, source_hit@10 = 0.1004, source_ndcg@10 = 0.0527, target_mrr = 0.031000, target_hit@10 = 0.0619, target_ndcg@10 = 0.0312

2024-08-15 20:12:02.497770: step 12556/13760 (epoch 73/80), loss = 1.849484 (26.207 sec/epoch), lr: 0.000859
Evaluating on dev set...
..................................................................
source: 	 mrr: 0.045126	 ndcg_5: 0.0357	 ndcg_10: 0.0482	 hit@1:0.014892	 hit@5:0.0558	 hit@10: 0.0947
target: 	 mrr: 0.036118	 ndcg_5: 0.0280	 ndcg_10: 0.0374	 hit@1:0.013096	 hit@5:0.0437	 hit@10: 0.0727
epoch 73: train_loss = 1.849484, source_mrr = 0.045126, source_hit@10 = 0.0947, source_ndcg@10 = 0.0482, target_mrr = 0.036118, target_hit@10 = 0.0727, target_ndcg@10 = 0.0374

2024-08-15 20:12:29.552651: step 12728/13760 (epoch 74/80), loss = 1.846069 (26.292 sec/epoch), lr: 0.000859
Evaluating on dev set...
..................................................................
source: 	 mrr: 0.036984	 ndcg_5: 0.0276	 ndcg_10: 0.0378	 hit@1:0.013308	 hit@5:0.0415	 hit@10: 0.0735
target: 	 mrr: 0.033328	 ndcg_5: 0.0256	 ndcg_10: 0.0347	 hit@1:0.010588	 hit@5:0.0407	 hit@10: 0.0691
epoch 74: train_loss = 1.846069, source_mrr = 0.036984, source_hit@10 = 0.0735, source_ndcg@10 = 0.0378, target_mrr = 0.033328, target_hit@10 = 0.0691, target_ndcg@10 = 0.0347

2024-08-15 20:12:56.635981: step 12900/13760 (epoch 75/80), loss = 1.843614 (26.341 sec/epoch), lr: 0.000816
Evaluating on dev set...
..................................................................
source: 	 mrr: 0.047804	 ndcg_5: 0.0407	 ndcg_10: 0.0530	 hit@1:0.015843	 hit@5:0.0659	 hit@10: 0.1042
target: 	 mrr: 0.031390	 ndcg_5: 0.0235	 ndcg_10: 0.0318	 hit@1:0.010309	 hit@5:0.0365	 hit@10: 0.0624
epoch 75: train_loss = 1.843614, source_mrr = 0.047804, source_hit@10 = 0.1042, source_ndcg@10 = 0.0530, target_mrr = 0.031390, target_hit@10 = 0.0624, target_ndcg@10 = 0.0318

2024-08-15 20:13:23.840304: step 13072/13760 (epoch 76/80), loss = 1.842356 (26.451 sec/epoch), lr: 0.000816
Evaluating on dev set...
..................................................................
source: 	 mrr: 0.044096	 ndcg_5: 0.0366	 ndcg_10: 0.0476	 hit@1:0.014259	 hit@5:0.0593	 hit@10: 0.0935
target: 	 mrr: 0.035171	 ndcg_5: 0.0275	 ndcg_10: 0.0368	 hit@1:0.012260	 hit@5:0.0426	 hit@10: 0.0713
epoch 76: train_loss = 1.842356, source_mrr = 0.044096, source_hit@10 = 0.0935, source_ndcg@10 = 0.0476, target_mrr = 0.035171, target_hit@10 = 0.0713, target_ndcg@10 = 0.0368

2024-08-15 20:13:51.253511: step 13244/13760 (epoch 77/80), loss = 1.840966 (26.676 sec/epoch), lr: 0.000816
Evaluating on dev set...
..................................................................
source: 	 mrr: 0.044136	 ndcg_5: 0.0366	 ndcg_10: 0.0462	 hit@1:0.016793	 hit@5:0.0558	 hit@10: 0.0856
target: 	 mrr: 0.034196	 ndcg_5: 0.0270	 ndcg_10: 0.0361	 hit@1:0.008916	 hit@5:0.0457	 hit@10: 0.0741
epoch 77: train_loss = 1.840966, source_mrr = 0.044136, source_hit@10 = 0.0856, source_ndcg@10 = 0.0462, target_mrr = 0.034196, target_hit@10 = 0.0741, target_ndcg@10 = 0.0361

2024-08-15 20:14:18.215720: step 13416/13760 (epoch 78/80), loss = 1.838676 (26.220 sec/epoch), lr: 0.000775
Evaluating on dev set...
..................................................................
source: 	 mrr: 0.043606	 ndcg_5: 0.0355	 ndcg_10: 0.0454	 hit@1:0.015843	 hit@5:0.0542	 hit@10: 0.0849
target: 	 mrr: 0.035846	 ndcg_5: 0.0277	 ndcg_10: 0.0383	 hit@1:0.010309	 hit@5:0.0449	 hit@10: 0.0783
epoch 78: train_loss = 1.838676, source_mrr = 0.043606, source_hit@10 = 0.0849, source_ndcg@10 = 0.0454, target_mrr = 0.035846, target_hit@10 = 0.0783, target_ndcg@10 = 0.0383

2024-08-15 20:14:45.255797: step 13588/13760 (epoch 79/80), loss = 1.837397 (26.252 sec/epoch), lr: 0.000775
Evaluating on dev set...
..................................................................
source: 	 mrr: 0.047159	 ndcg_5: 0.0376	 ndcg_10: 0.0494	 hit@1:0.018378	 hit@5:0.0554	 hit@10: 0.0922
target: 	 mrr: 0.036288	 ndcg_5: 0.0285	 ndcg_10: 0.0395	 hit@1:0.012260	 hit@5:0.0451	 hit@10: 0.0789
epoch 79: train_loss = 1.837397, source_mrr = 0.047159, source_hit@10 = 0.0922, source_ndcg@10 = 0.0494, target_mrr = 0.036288, target_hit@10 = 0.0789, target_ndcg@10 = 0.0395

2024-08-15 20:15:12.400224: step 13760/13760 (epoch 80/80), loss = 1.835014 (26.397 sec/epoch), lr: 0.000775
Evaluating on dev set...
..................................................................
source: 	 mrr: 0.040086	 ndcg_5: 0.0326	 ndcg_10: 0.0424	 hit@1:0.013625	 hit@5:0.0529	 hit@10: 0.0833
target: 	 mrr: 0.032482	 ndcg_5: 0.0266	 ndcg_10: 0.0331	 hit@1:0.011981	 hit@5:0.0418	 hit@10: 0.0619
epoch 80: train_loss = 1.835014, source_mrr = 0.040086, source_hit@10 = 0.0833, source_ndcg@10 = 0.0424, target_mrr = 0.032482, target_hit@10 = 0.0619, target_ndcg@10 = 0.0331

source best:  source_mrr = 0.051168, source_hit@10 = 0.1080, source_ndcg@10 = 0.0560
target best:  target_mrr = 0.040644, target_hit@10 = 0.0908, target_ndcg@10 = 0.0448
