using gpu:4 to train the model
using gpu:4 to train the model
cuda:4
Namespace(A_split=False, JK='sum', a_fold=100, aggregate=False, alpha=0.5, batch_size=2048, beta_inter=0.0, conv_layers=4, cuda=True, decay_epoch=10, device=device(type='cuda', index=4), device_id='4', domains='cloth_sport', dropout=0.4, epoch=80, feature_dim=126, gamma_intra=0.8, hidden_dim=126, inter_tau=0.2, intra_tau=0.4, lambda_critic=0.2, leakey=0.05, load=False, log='logs.txt', log_epoch=1, lr=0.004, lr_decay=0.95, min_epoch=60, mode='train', model_file=None, model_name='cs', momentum=0.98, num_latent_factors=3, num_negative=100, optim='adam', patience=20, proj_layers=1, projection=1, rectify_epoch=40, residual=1, save=False, save_dir='./saved_models', seed=32, similarity_tau=0.2, step=5, test_sample_number=999, user_batch_size=256, weight_decay=0.0002)
number_user 41829
number_item 17943
real graph loaded!
number_user 27328
number_item 12655
real graph loaded!
graph loaded!
Loading data from cloth_sport with batch size 2048...
unseen test: 0
test length: 3156
unseen test: 0
test length: 3085
unseen test: 0
test length: 3589
unseen test: 0
test length: 3546
source_user_num 41829
target_user_num 27328
source_item_num 17943
target_item_num 12655
shared users id: 7857
test users 990, 982
unseen test: 0
dev length: 1000
unseen test: 0
dev length: 1000
source train data : 187880, target train data: 163291, source test data : 3085, target test data : 3546, source dev data : 1000, target dev data : 1000
2024-08-15 00:19:50.165848: step 172/13760 (epoch 1/80), loss = 2.158497 (55.967 sec/epoch), lr: 0.004000
Evaluating on dev set...
..................................................................
source: 	 mrr: 0.040464	 ndcg_5: 0.0315	 ndcg_10: 0.0425	 hit@1:0.013308	 hit@5:0.0501	 hit@10: 0.0843
target: 	 mrr: 0.035357	 ndcg_5: 0.0264	 ndcg_10: 0.0356	 hit@1:0.010588	 hit@5:0.0418	 hit@10: 0.0702
source best!
..............................
source: 	 mrr: 0.037805	 ndcg_5: 0.0277	 ndcg_10: 0.0391	 hit@1:0.011021	 hit@5:0.0434	 hit@10: 0.0791
target best!
...................................target: 	 mrr: 0.035192	 ndcg_5: 0.0266	 ndcg_10: 0.0365	 hit@1:0.010152	 hit@5:0.0443	 hit@10: 0.0750
epoch 1: train_loss = 2.158497, source_mrr = 0.037805, source_hit@10 = 0.0791, source_ndcg@10 = 0.0391, target_mrr = 0.035192, target_hit@10 = 0.0750, target_ndcg@10 = 0.0365

2024-08-15 00:20:48.781243: step 344/13760 (epoch 2/80), loss = 1.847198 (56.067 sec/epoch), lr: 0.004000
Evaluating on dev set...
..................................................................
source: 	 mrr: 0.040012	 ndcg_5: 0.0315	 ndcg_10: 0.0428	 hit@1:0.012357	 hit@5:0.0520	 hit@10: 0.0871
target: 	 mrr: 0.028540	 ndcg_5: 0.0216	 ndcg_10: 0.0295	 hit@1:0.008080	 hit@5:0.0357	 hit@10: 0.0605
epoch 2: train_loss = 1.847198, source_mrr = 0.040012, source_hit@10 = 0.0871, source_ndcg@10 = 0.0428, target_mrr = 0.028540, target_hit@10 = 0.0605, target_ndcg@10 = 0.0295

2024-08-15 00:21:47.082208: step 516/13760 (epoch 3/80), loss = 1.778586 (56.920 sec/epoch), lr: 0.004000
Evaluating on dev set...
..................................................................
source: 	 mrr: 0.041869	 ndcg_5: 0.0323	 ndcg_10: 0.0439	 hit@1:0.013308	 hit@5:0.0513	 hit@10: 0.0875
target: 	 mrr: 0.033620	 ndcg_5: 0.0252	 ndcg_10: 0.0342	 hit@1:0.011424	 hit@5:0.0393	 hit@10: 0.0671
source best!
..............................
source: 	 mrr: 0.039990	 ndcg_5: 0.0308	 ndcg_10: 0.0419	 hit@1:0.013290	 hit@5:0.0486	 hit@10: 0.0830
epoch 3: train_loss = 1.778586, source_mrr = 0.039990, source_hit@10 = 0.0830, source_ndcg@10 = 0.0419, target_mrr = 0.033620, target_hit@10 = 0.0671, target_ndcg@10 = 0.0342

2024-08-15 00:22:45.997727: step 688/13760 (epoch 4/80), loss = 1.750469 (56.916 sec/epoch), lr: 0.004000
Evaluating on dev set...
..................................................................
source: 	 mrr: 0.043687	 ndcg_5: 0.0329	 ndcg_10: 0.0472	 hit@1:0.014575	 hit@5:0.0510	 hit@10: 0.0954
target: 	 mrr: 0.041135	 ndcg_5: 0.0318	 ndcg_10: 0.0427	 hit@1:0.013931	 hit@5:0.0502	 hit@10: 0.0839
source best!
..............................
source: 	 mrr: 0.039899	 ndcg_5: 0.0308	 ndcg_10: 0.0423	 hit@1:0.011994	 hit@5:0.0502	 hit@10: 0.0862
target best!
...................................target: 	 mrr: 0.040425	 ndcg_5: 0.0309	 ndcg_10: 0.0418	 hit@1:0.013818	 hit@5:0.0482	 hit@10: 0.0823
epoch 4: train_loss = 1.750469, source_mrr = 0.039899, source_hit@10 = 0.0862, source_ndcg@10 = 0.0423, target_mrr = 0.040425, target_hit@10 = 0.0823, target_ndcg@10 = 0.0418

2024-08-15 00:23:46.231152: step 860/13760 (epoch 5/80), loss = 1.727716 (57.408 sec/epoch), lr: 0.004000
Evaluating on dev set...
..................................................................
source: 	 mrr: 0.046231	 ndcg_5: 0.0362	 ndcg_10: 0.0489	 hit@1:0.017744	 hit@5:0.0548	 hit@10: 0.0944
target: 	 mrr: 0.041710	 ndcg_5: 0.0332	 ndcg_10: 0.0435	 hit@1:0.015882	 hit@5:0.0504	 hit@10: 0.0828
source best!
..............................
source: 	 mrr: 0.042459	 ndcg_5: 0.0332	 ndcg_10: 0.0444	 hit@1:0.014587	 hit@5:0.0525	 hit@10: 0.0878
target best!
...................................target: 	 mrr: 0.043456	 ndcg_5: 0.0344	 ndcg_10: 0.0461	 hit@1:0.016074	 hit@5:0.0530	 hit@10: 0.0897
epoch 5: train_loss = 1.727716, source_mrr = 0.042459, source_hit@10 = 0.0878, source_ndcg@10 = 0.0444, target_mrr = 0.043456, target_hit@10 = 0.0897, target_ndcg@10 = 0.0461

2024-08-15 00:24:45.009019: step 1032/13760 (epoch 6/80), loss = 1.716036 (56.056 sec/epoch), lr: 0.004000
Evaluating on dev set...
..................................................................
source: 	 mrr: 0.047290	 ndcg_5: 0.0382	 ndcg_10: 0.0504	 hit@1:0.017744	 hit@5:0.0586	 hit@10: 0.0970
target: 	 mrr: 0.036268	 ndcg_5: 0.0276	 ndcg_10: 0.0372	 hit@1:0.011424	 hit@5:0.0437	 hit@10: 0.0738
source best!
..............................
source: 	 mrr: 0.042278	 ndcg_5: 0.0339	 ndcg_10: 0.0441	 hit@1:0.013614	 hit@5:0.0541	 hit@10: 0.0862
epoch 6: train_loss = 1.716036, source_mrr = 0.042278, source_hit@10 = 0.0862, source_ndcg@10 = 0.0441, target_mrr = 0.036268, target_hit@10 = 0.0738, target_ndcg@10 = 0.0372

2024-08-15 00:25:43.660057: step 1204/13760 (epoch 7/80), loss = 1.706452 (56.677 sec/epoch), lr: 0.004000
Evaluating on dev set...
..................................................................
source: 	 mrr: 0.045031	 ndcg_5: 0.0364	 ndcg_10: 0.0477	 hit@1:0.014892	 hit@5:0.0577	 hit@10: 0.0932
target: 	 mrr: 0.031194	 ndcg_5: 0.0223	 ndcg_10: 0.0312	 hit@1:0.008359	 hit@5:0.0362	 hit@10: 0.0638
epoch 7: train_loss = 1.706452, source_mrr = 0.045031, source_hit@10 = 0.0932, source_ndcg@10 = 0.0477, target_mrr = 0.031194, target_hit@10 = 0.0638, target_ndcg@10 = 0.0312

2024-08-15 00:26:40.918841: step 1376/13760 (epoch 8/80), loss = 1.698077 (55.877 sec/epoch), lr: 0.004000
Evaluating on dev set...
..................................................................
source: 	 mrr: 0.038743	 ndcg_5: 0.0290	 ndcg_10: 0.0378	 hit@1:0.015209	 hit@5:0.0428	 hit@10: 0.0700
target: 	 mrr: 0.035618	 ndcg_5: 0.0269	 ndcg_10: 0.0366	 hit@1:0.011981	 hit@5:0.0426	 hit@10: 0.0733
epoch 8: train_loss = 1.698077, source_mrr = 0.038743, source_hit@10 = 0.0700, source_ndcg@10 = 0.0378, target_mrr = 0.035618, target_hit@10 = 0.0733, target_ndcg@10 = 0.0366

2024-08-15 00:27:38.714007: step 1548/13760 (epoch 9/80), loss = 1.692089 (56.450 sec/epoch), lr: 0.004000
Evaluating on dev set...
..................................................................
source: 	 mrr: 0.039894	 ndcg_5: 0.0316	 ndcg_10: 0.0408	 hit@1:0.014892	 hit@5:0.0472	 hit@10: 0.0760
target: 	 mrr: 0.036156	 ndcg_5: 0.0277	 ndcg_10: 0.0377	 hit@1:0.010588	 hit@5:0.0454	 hit@10: 0.0769
epoch 9: train_loss = 1.692089, source_mrr = 0.039894, source_hit@10 = 0.0760, source_ndcg@10 = 0.0408, target_mrr = 0.036156, target_hit@10 = 0.0769, target_ndcg@10 = 0.0377

2024-08-15 00:28:37.537865: step 1720/13760 (epoch 10/80), loss = 1.685895 (57.305 sec/epoch), lr: 0.004000
Evaluating on dev set...
..................................................................
source: 	 mrr: 0.029487	 ndcg_5: 0.0214	 ndcg_10: 0.0308	 hit@1:0.006654	 hit@5:0.0364	 hit@10: 0.0656
target: 	 mrr: 0.035313	 ndcg_5: 0.0259	 ndcg_10: 0.0341	 hit@1:0.013374	 hit@5:0.0385	 hit@10: 0.0638
epoch 10: train_loss = 1.685895, source_mrr = 0.029487, source_hit@10 = 0.0656, source_ndcg@10 = 0.0308, target_mrr = 0.035313, target_hit@10 = 0.0638, target_ndcg@10 = 0.0341

2024-08-15 00:29:36.399716: step 1892/13760 (epoch 11/80), loss = 1.684793 (57.412 sec/epoch), lr: 0.004000
Evaluating on dev set...
..................................................................
source: 	 mrr: 0.031273	 ndcg_5: 0.0240	 ndcg_10: 0.0313	 hit@1:0.009506	 hit@5:0.0374	 hit@10: 0.0605
target: 	 mrr: 0.037970	 ndcg_5: 0.0296	 ndcg_10: 0.0400	 hit@1:0.011702	 hit@5:0.0476	 hit@10: 0.0802
epoch 11: train_loss = 1.684793, source_mrr = 0.031273, source_hit@10 = 0.0605, source_ndcg@10 = 0.0313, target_mrr = 0.037970, target_hit@10 = 0.0802, target_ndcg@10 = 0.0400

2024-08-15 00:30:34.300938: step 2064/13760 (epoch 12/80), loss = 1.679504 (56.135 sec/epoch), lr: 0.004000
Evaluating on dev set...
..................................................................
source: 	 mrr: 0.046315	 ndcg_5: 0.0381	 ndcg_10: 0.0498	 hit@1:0.016477	 hit@5:0.0602	 hit@10: 0.0963
target: 	 mrr: 0.041934	 ndcg_5: 0.0330	 ndcg_10: 0.0452	 hit@1:0.015325	 hit@5:0.0507	 hit@10: 0.0889
target best!
...................................target: 	 mrr: 0.040494	 ndcg_5: 0.0313	 ndcg_10: 0.0424	 hit@1:0.014382	 hit@5:0.0474	 hit@10: 0.0823
epoch 12: train_loss = 1.679504, source_mrr = 0.046315, source_hit@10 = 0.0963, source_ndcg@10 = 0.0498, target_mrr = 0.040494, target_hit@10 = 0.0823, target_ndcg@10 = 0.0424

2024-08-15 00:31:31.415253: step 2236/13760 (epoch 13/80), loss = 1.676524 (54.941 sec/epoch), lr: 0.004000
Evaluating on dev set...
..................................................................
source: 	 mrr: 0.041403	 ndcg_5: 0.0324	 ndcg_10: 0.0435	 hit@1:0.013625	 hit@5:0.0510	 hit@10: 0.0856
target: 	 mrr: 0.036406	 ndcg_5: 0.0281	 ndcg_10: 0.0369	 hit@1:0.011702	 hit@5:0.0446	 hit@10: 0.0719
epoch 13: train_loss = 1.676524, source_mrr = 0.041403, source_hit@10 = 0.0856, source_ndcg@10 = 0.0435, target_mrr = 0.036406, target_hit@10 = 0.0719, target_ndcg@10 = 0.0369

2024-08-15 00:32:28.637283: step 2408/13760 (epoch 14/80), loss = 1.668314 (55.872 sec/epoch), lr: 0.003800
Evaluating on dev set...
..................................................................
source: 	 mrr: 0.047532	 ndcg_5: 0.0386	 ndcg_10: 0.0513	 hit@1:0.017110	 hit@5:0.0612	 hit@10: 0.1008
target: 	 mrr: 0.035348	 ndcg_5: 0.0264	 ndcg_10: 0.0378	 hit@1:0.008638	 hit@5:0.0437	 hit@10: 0.0794
source best!
..............................
source: 	 mrr: 0.046424	 ndcg_5: 0.0359	 ndcg_10: 0.0491	 hit@1:0.018476	 hit@5:0.0538	 hit@10: 0.0953
epoch 14: train_loss = 1.668314, source_mrr = 0.046424, source_hit@10 = 0.0953, source_ndcg@10 = 0.0491, target_mrr = 0.035348, target_hit@10 = 0.0794, target_ndcg@10 = 0.0378

2024-08-15 00:33:25.612455: step 2580/13760 (epoch 15/80), loss = 1.663652 (55.041 sec/epoch), lr: 0.003800
Evaluating on dev set...
..................................................................
source: 	 mrr: 0.045967	 ndcg_5: 0.0367	 ndcg_10: 0.0479	 hit@1:0.018061	 hit@5:0.0548	 hit@10: 0.0900
target: 	 mrr: 0.031560	 ndcg_5: 0.0240	 ndcg_10: 0.0318	 hit@1:0.008080	 hit@5:0.0387	 hit@10: 0.0632
epoch 15: train_loss = 1.663652, source_mrr = 0.045967, source_hit@10 = 0.0900, source_ndcg@10 = 0.0479, target_mrr = 0.031560, target_hit@10 = 0.0632, target_ndcg@10 = 0.0318

2024-08-15 00:34:22.158037: step 2752/13760 (epoch 16/80), loss = 1.663542 (55.138 sec/epoch), lr: 0.003610
Evaluating on dev set...
..................................................................
source: 	 mrr: 0.040964	 ndcg_5: 0.0328	 ndcg_10: 0.0428	 hit@1:0.015526	 hit@5:0.0504	 hit@10: 0.0811
target: 	 mrr: 0.039792	 ndcg_5: 0.0306	 ndcg_10: 0.0417	 hit@1:0.013374	 hit@5:0.0479	 hit@10: 0.0825
epoch 16: train_loss = 1.663542, source_mrr = 0.040964, source_hit@10 = 0.0811, source_ndcg@10 = 0.0428, target_mrr = 0.039792, target_hit@10 = 0.0825, target_ndcg@10 = 0.0417

2024-08-15 00:35:17.839490: step 2924/13760 (epoch 17/80), loss = 1.659633 (54.332 sec/epoch), lr: 0.003610
Evaluating on dev set...
..................................................................
source: 	 mrr: 0.050256	 ndcg_5: 0.0424	 ndcg_10: 0.0537	 hit@1:0.020279	 hit@5:0.0640	 hit@10: 0.0985
target: 	 mrr: 0.033439	 ndcg_5: 0.0244	 ndcg_10: 0.0336	 hit@1:0.009752	 hit@5:0.0390	 hit@10: 0.0677
source best!
..............................
source: 	 mrr: 0.043885	 ndcg_5: 0.0348	 ndcg_10: 0.0473	 hit@1:0.014911	 hit@5:0.0548	 hit@10: 0.0937
epoch 17: train_loss = 1.659633, source_mrr = 0.043885, source_hit@10 = 0.0937, source_ndcg@10 = 0.0473, target_mrr = 0.033439, target_hit@10 = 0.0677, target_ndcg@10 = 0.0336

2024-08-15 00:36:14.316882: step 3096/13760 (epoch 18/80), loss = 1.656781 (54.588 sec/epoch), lr: 0.003610
Evaluating on dev set...
..................................................................
source: 	 mrr: 0.038673	 ndcg_5: 0.0313	 ndcg_10: 0.0395	 hit@1:0.012674	 hit@5:0.0491	 hit@10: 0.0748
target: 	 mrr: 0.036668	 ndcg_5: 0.0288	 ndcg_10: 0.0372	 hit@1:0.011424	 hit@5:0.0465	 hit@10: 0.0727
epoch 18: train_loss = 1.656781, source_mrr = 0.038673, source_hit@10 = 0.0748, source_ndcg@10 = 0.0395, target_mrr = 0.036668, target_hit@10 = 0.0727, target_ndcg@10 = 0.0372

2024-08-15 00:37:11.056924: step 3268/13760 (epoch 19/80), loss = 1.648482 (55.080 sec/epoch), lr: 0.003429
Evaluating on dev set...
..................................................................
source: 	 mrr: 0.040758	 ndcg_5: 0.0328	 ndcg_10: 0.0424	 hit@1:0.014259	 hit@5:0.0510	 hit@10: 0.0808
target: 	 mrr: 0.040270	 ndcg_5: 0.0315	 ndcg_10: 0.0414	 hit@1:0.014210	 hit@5:0.0485	 hit@10: 0.0794
epoch 19: train_loss = 1.648482, source_mrr = 0.040758, source_hit@10 = 0.0808, source_ndcg@10 = 0.0424, target_mrr = 0.040270, target_hit@10 = 0.0794, target_ndcg@10 = 0.0414

2024-08-15 00:38:09.039767: step 3440/13760 (epoch 20/80), loss = 1.648218 (56.571 sec/epoch), lr: 0.003429
Evaluating on dev set...
..................................................................
source: 	 mrr: 0.044249	 ndcg_5: 0.0351	 ndcg_10: 0.0455	 hit@1:0.015843	 hit@5:0.0548	 hit@10: 0.0871
target: 	 mrr: 0.041400	 ndcg_5: 0.0313	 ndcg_10: 0.0424	 hit@1:0.015325	 hit@5:0.0474	 hit@10: 0.0819
epoch 20: train_loss = 1.648218, source_mrr = 0.044249, source_hit@10 = 0.0871, source_ndcg@10 = 0.0455, target_mrr = 0.041400, target_hit@10 = 0.0819, target_ndcg@10 = 0.0424

2024-08-15 00:39:05.074514: step 3612/13760 (epoch 21/80), loss = 1.644426 (54.640 sec/epoch), lr: 0.003429
Evaluating on dev set...
..................................................................
source: 	 mrr: 0.044334	 ndcg_5: 0.0363	 ndcg_10: 0.0470	 hit@1:0.016793	 hit@5:0.0561	 hit@10: 0.0890
target: 	 mrr: 0.041992	 ndcg_5: 0.0334	 ndcg_10: 0.0442	 hit@1:0.013653	 hit@5:0.0543	 hit@10: 0.0875
target best!
...................................target: 	 mrr: 0.042680	 ndcg_5: 0.0340	 ndcg_10: 0.0456	 hit@1:0.014382	 hit@5:0.0539	 hit@10: 0.0902
epoch 21: train_loss = 1.644426, source_mrr = 0.044334, source_hit@10 = 0.0890, source_ndcg@10 = 0.0470, target_mrr = 0.042680, target_hit@10 = 0.0902, target_ndcg@10 = 0.0456

2024-08-15 00:40:02.791426: step 3784/13760 (epoch 22/80), loss = 1.641674 (55.589 sec/epoch), lr: 0.003429
Evaluating on dev set...
..................................................................
source: 	 mrr: 0.039268	 ndcg_5: 0.0308	 ndcg_10: 0.0402	 hit@1:0.013308	 hit@5:0.0491	 hit@10: 0.0786
target: 	 mrr: 0.039489	 ndcg_5: 0.0317	 ndcg_10: 0.0415	 hit@1:0.011981	 hit@5:0.0518	 hit@10: 0.0828
epoch 22: train_loss = 1.641674, source_mrr = 0.039268, source_hit@10 = 0.0786, source_ndcg@10 = 0.0402, target_mrr = 0.039489, target_hit@10 = 0.0828, target_ndcg@10 = 0.0415

2024-08-15 00:41:00.839757: step 3956/13760 (epoch 23/80), loss = 1.635213 (56.597 sec/epoch), lr: 0.003258
Evaluating on dev set...
..................................................................
source: 	 mrr: 0.050534	 ndcg_5: 0.0408	 ndcg_10: 0.0533	 hit@1:0.020913	 hit@5:0.0605	 hit@10: 0.0989
target: 	 mrr: 0.034305	 ndcg_5: 0.0247	 ndcg_10: 0.0341	 hit@1:0.012260	 hit@5:0.0373	 hit@10: 0.0666
source best!
..............................
source: 	 mrr: 0.051103	 ndcg_5: 0.0438	 ndcg_10: 0.0551	 hit@1:0.019449	 hit@5:0.0674	 hit@10: 0.1028
epoch 23: train_loss = 1.635213, source_mrr = 0.051103, source_hit@10 = 0.1028, source_ndcg@10 = 0.0551, target_mrr = 0.034305, target_hit@10 = 0.0666, target_ndcg@10 = 0.0341

2024-08-15 00:41:59.905898: step 4128/13760 (epoch 24/80), loss = 1.633564 (57.156 sec/epoch), lr: 0.003258
Evaluating on dev set...
..................................................................
source: 	 mrr: 0.038395	 ndcg_5: 0.0303	 ndcg_10: 0.0404	 hit@1:0.013625	 hit@5:0.0469	 hit@10: 0.0783
target: 	 mrr: 0.042536	 ndcg_5: 0.0327	 ndcg_10: 0.0440	 hit@1:0.015603	 hit@5:0.0499	 hit@10: 0.0853
target best!
...................................target: 	 mrr: 0.042508	 ndcg_5: 0.0340	 ndcg_10: 0.0461	 hit@1:0.014382	 hit@5:0.0536	 hit@10: 0.0911
epoch 24: train_loss = 1.633564, source_mrr = 0.038395, source_hit@10 = 0.0783, source_ndcg@10 = 0.0404, target_mrr = 0.042508, target_hit@10 = 0.0911, target_ndcg@10 = 0.0461

2024-08-15 00:42:57.922036: step 4300/13760 (epoch 25/80), loss = 1.628557 (55.971 sec/epoch), lr: 0.003095
Evaluating on dev set...
..................................................................
source: 	 mrr: 0.049159	 ndcg_5: 0.0406	 ndcg_10: 0.0530	 hit@1:0.019962	 hit@5:0.0621	 hit@10: 0.1011
target: 	 mrr: 0.041405	 ndcg_5: 0.0322	 ndcg_10: 0.0424	 hit@1:0.014489	 hit@5:0.0496	 hit@10: 0.0814
epoch 25: train_loss = 1.628557, source_mrr = 0.049159, source_hit@10 = 0.1011, source_ndcg@10 = 0.0530, target_mrr = 0.041405, target_hit@10 = 0.0814, target_ndcg@10 = 0.0424

2024-08-15 00:43:56.051594: step 4472/13760 (epoch 26/80), loss = 1.624494 (56.740 sec/epoch), lr: 0.003095
Evaluating on dev set...
..................................................................
source: 	 mrr: 0.044209	 ndcg_5: 0.0360	 ndcg_10: 0.0471	 hit@1:0.015526	 hit@5:0.0570	 hit@10: 0.0916
target: 	 mrr: 0.034347	 ndcg_5: 0.0271	 ndcg_10: 0.0364	 hit@1:0.011424	 hit@5:0.0426	 hit@10: 0.0716
epoch 26: train_loss = 1.624494, source_mrr = 0.044209, source_hit@10 = 0.0916, source_ndcg@10 = 0.0471, target_mrr = 0.034347, target_hit@10 = 0.0716, target_ndcg@10 = 0.0364

2024-08-15 00:44:53.963208: step 4644/13760 (epoch 27/80), loss = 1.618052 (56.497 sec/epoch), lr: 0.002940
Evaluating on dev set...
..................................................................
source: 	 mrr: 0.044248	 ndcg_5: 0.0342	 ndcg_10: 0.0471	 hit@1:0.015843	 hit@5:0.0532	 hit@10: 0.0928
target: 	 mrr: 0.037095	 ndcg_5: 0.0285	 ndcg_10: 0.0388	 hit@1:0.011702	 hit@5:0.0454	 hit@10: 0.0777
epoch 27: train_loss = 1.618052, source_mrr = 0.044248, source_hit@10 = 0.0928, source_ndcg@10 = 0.0471, target_mrr = 0.037095, target_hit@10 = 0.0777, target_ndcg@10 = 0.0388

2024-08-15 00:45:53.898054: step 4816/13760 (epoch 28/80), loss = 1.619088 (58.204 sec/epoch), lr: 0.002940
Evaluating on dev set...
..................................................................
source: 	 mrr: 0.052037	 ndcg_5: 0.0429	 ndcg_10: 0.0557	 hit@1:0.019645	 hit@5:0.0659	 hit@10: 0.1058
target: 	 mrr: 0.037547	 ndcg_5: 0.0290	 ndcg_10: 0.0401	 hit@1:0.010031	 hit@5:0.0485	 hit@10: 0.0828
source best!
..............................
source: 	 mrr: 0.049100	 ndcg_5: 0.0396	 ndcg_10: 0.0506	 hit@1:0.018801	 hit@5:0.0603	 hit@10: 0.0943
epoch 28: train_loss = 1.619088, source_mrr = 0.049100, source_hit@10 = 0.0943, source_ndcg@10 = 0.0506, target_mrr = 0.037547, target_hit@10 = 0.0828, target_ndcg@10 = 0.0401

2024-08-15 00:46:54.185648: step 4988/13760 (epoch 29/80), loss = 1.615279 (57.719 sec/epoch), lr: 0.002940
Evaluating on dev set...
..................................................................
source: 	 mrr: 0.042057	 ndcg_5: 0.0329	 ndcg_10: 0.0436	 hit@1:0.013308	 hit@5:0.0523	 hit@10: 0.0856
target: 	 mrr: 0.040698	 ndcg_5: 0.0307	 ndcg_10: 0.0419	 hit@1:0.013931	 hit@5:0.0460	 hit@10: 0.0811
epoch 29: train_loss = 1.615279, source_mrr = 0.042057, source_hit@10 = 0.0856, source_ndcg@10 = 0.0436, target_mrr = 0.040698, target_hit@10 = 0.0811, target_ndcg@10 = 0.0419

2024-08-15 00:47:53.150946: step 5160/13760 (epoch 30/80), loss = 1.609949 (57.546 sec/epoch), lr: 0.002793
Evaluating on dev set...
..................................................................
source: 	 mrr: 0.049349	 ndcg_5: 0.0396	 ndcg_10: 0.0533	 hit@1:0.020913	 hit@5:0.0596	 hit@10: 0.1023
target: 	 mrr: 0.041487	 ndcg_5: 0.0329	 ndcg_10: 0.0434	 hit@1:0.013931	 hit@5:0.0524	 hit@10: 0.0850
epoch 30: train_loss = 1.609949, source_mrr = 0.049349, source_hit@10 = 0.1023, source_ndcg@10 = 0.0533, target_mrr = 0.041487, target_hit@10 = 0.0850, target_ndcg@10 = 0.0434

2024-08-15 00:48:51.050709: step 5332/13760 (epoch 31/80), loss = 1.605397 (56.464 sec/epoch), lr: 0.002793
Evaluating on dev set...
..................................................................
source: 	 mrr: 0.047699	 ndcg_5: 0.0392	 ndcg_10: 0.0509	 hit@1:0.018378	 hit@5:0.0602	 hit@10: 0.0973
target: 	 mrr: 0.034685	 ndcg_5: 0.0253	 ndcg_10: 0.0354	 hit@1:0.010309	 hit@5:0.0401	 hit@10: 0.0716
epoch 31: train_loss = 1.605397, source_mrr = 0.047699, source_hit@10 = 0.0973, source_ndcg@10 = 0.0509, target_mrr = 0.034685, target_hit@10 = 0.0716, target_ndcg@10 = 0.0354

2024-08-15 00:49:49.678616: step 5504/13760 (epoch 32/80), loss = 1.603261 (56.934 sec/epoch), lr: 0.002654
Evaluating on dev set...
..................................................................
source: 	 mrr: 0.041025	 ndcg_5: 0.0319	 ndcg_10: 0.0420	 hit@1:0.014892	 hit@5:0.0488	 hit@10: 0.0798
target: 	 mrr: 0.038000	 ndcg_5: 0.0307	 ndcg_10: 0.0385	 hit@1:0.015603	 hit@5:0.0465	 hit@10: 0.0713
epoch 32: train_loss = 1.603261, source_mrr = 0.041025, source_hit@10 = 0.0798, source_ndcg@10 = 0.0420, target_mrr = 0.038000, target_hit@10 = 0.0713, target_ndcg@10 = 0.0385

2024-08-15 00:50:47.263222: step 5676/13760 (epoch 33/80), loss = 1.599320 (56.141 sec/epoch), lr: 0.002521
Evaluating on dev set...
..................................................................
source: 	 mrr: 0.050587	 ndcg_5: 0.0406	 ndcg_10: 0.0545	 hit@1:0.018695	 hit@5:0.0627	 hit@10: 0.1061
target: 	 mrr: 0.035162	 ndcg_5: 0.0280	 ndcg_10: 0.0369	 hit@1:0.011145	 hit@5:0.0460	 hit@10: 0.0736
epoch 33: train_loss = 1.599320, source_mrr = 0.050587, source_hit@10 = 0.1061, source_ndcg@10 = 0.0545, target_mrr = 0.035162, target_hit@10 = 0.0736, target_ndcg@10 = 0.0369

2024-08-15 00:51:45.889086: step 5848/13760 (epoch 34/80), loss = 1.593474 (57.254 sec/epoch), lr: 0.002521
Evaluating on dev set...
..................................................................
source: 	 mrr: 0.038581	 ndcg_5: 0.0285	 ndcg_10: 0.0397	 hit@1:0.015526	 hit@5:0.0421	 hit@10: 0.0767
target: 	 mrr: 0.038439	 ndcg_5: 0.0296	 ndcg_10: 0.0401	 hit@1:0.013374	 hit@5:0.0468	 hit@10: 0.0797
epoch 34: train_loss = 1.593474, source_mrr = 0.038581, source_hit@10 = 0.0767, source_ndcg@10 = 0.0397, target_mrr = 0.038439, target_hit@10 = 0.0797, target_ndcg@10 = 0.0401

2024-08-15 00:52:43.627069: step 6020/13760 (epoch 35/80), loss = 1.592109 (56.365 sec/epoch), lr: 0.002395
Evaluating on dev set...
..................................................................
source: 	 mrr: 0.045112	 ndcg_5: 0.0368	 ndcg_10: 0.0460	 hit@1:0.016477	 hit@5:0.0567	 hit@10: 0.0859
target: 	 mrr: 0.040687	 ndcg_5: 0.0323	 ndcg_10: 0.0423	 hit@1:0.013096	 hit@5:0.0518	 hit@10: 0.0830
epoch 35: train_loss = 1.592109, source_mrr = 0.045112, source_hit@10 = 0.0859, source_ndcg@10 = 0.0460, target_mrr = 0.040687, target_hit@10 = 0.0830, target_ndcg@10 = 0.0423

2024-08-15 00:53:41.697464: step 6192/13760 (epoch 36/80), loss = 1.590122 (56.692 sec/epoch), lr: 0.002395
Evaluating on dev set...
..................................................................
source: 	 mrr: 0.053809	 ndcg_5: 0.0445	 ndcg_10: 0.0580	 hit@1:0.022814	 hit@5:0.0669	 hit@10: 0.1087
target: 	 mrr: 0.040652	 ndcg_5: 0.0324	 ndcg_10: 0.0425	 hit@1:0.014489	 hit@5:0.0504	 hit@10: 0.0816
source best!
..............................
source: 	 mrr: 0.053693	 ndcg_5: 0.0445	 ndcg_10: 0.0572	 hit@1:0.023015	 hit@5:0.0655	 hit@10: 0.1047
epoch 36: train_loss = 1.590122, source_mrr = 0.053693, source_hit@10 = 0.1047, source_ndcg@10 = 0.0572, target_mrr = 0.040652, target_hit@10 = 0.0816, target_ndcg@10 = 0.0425

2024-08-15 00:54:39.551520: step 6364/13760 (epoch 37/80), loss = 1.587902 (55.824 sec/epoch), lr: 0.002395
Evaluating on dev set...
..................................................................
source: 	 mrr: 0.051519	 ndcg_5: 0.0440	 ndcg_10: 0.0563	 hit@1:0.017744	 hit@5:0.0700	 hit@10: 0.1080
target: 	 mrr: 0.040984	 ndcg_5: 0.0310	 ndcg_10: 0.0435	 hit@1:0.014210	 hit@5:0.0488	 hit@10: 0.0878
epoch 37: train_loss = 1.587902, source_mrr = 0.051519, source_hit@10 = 0.1080, source_ndcg@10 = 0.0563, target_mrr = 0.040984, target_hit@10 = 0.0878, target_ndcg@10 = 0.0435

2024-08-15 00:55:37.598661: step 6536/13760 (epoch 38/80), loss = 1.583508 (56.694 sec/epoch), lr: 0.002275
Evaluating on dev set...
..................................................................
source: 	 mrr: 0.047623	 ndcg_5: 0.0401	 ndcg_10: 0.0505	 hit@1:0.019011	 hit@5:0.0602	 hit@10: 0.0925
target: 	 mrr: 0.042032	 ndcg_5: 0.0337	 ndcg_10: 0.0452	 hit@1:0.014489	 hit@5:0.0538	 hit@10: 0.0897
epoch 38: train_loss = 1.583508, source_mrr = 0.047623, source_hit@10 = 0.0925, source_ndcg@10 = 0.0505, target_mrr = 0.042032, target_hit@10 = 0.0897, target_ndcg@10 = 0.0452

2024-08-15 00:56:35.598182: step 6708/13760 (epoch 39/80), loss = 1.576634 (56.571 sec/epoch), lr: 0.002161
Evaluating on dev set...
..................................................................
source: 	 mrr: 0.048220	 ndcg_5: 0.0390	 ndcg_10: 0.0522	 hit@1:0.017427	 hit@5:0.0608	 hit@10: 0.1020
target: 	 mrr: 0.039308	 ndcg_5: 0.0311	 ndcg_10: 0.0416	 hit@1:0.011981	 hit@5:0.0504	 hit@10: 0.0833
epoch 39: train_loss = 1.576634, source_mrr = 0.048220, source_hit@10 = 0.1020, source_ndcg@10 = 0.0522, target_mrr = 0.039308, target_hit@10 = 0.0833, target_ndcg@10 = 0.0416

2024-08-15 00:57:33.795444: step 6880/13760 (epoch 40/80), loss = 1.569510 (56.822 sec/epoch), lr: 0.002053
Evaluating on dev set...
..................................................................
source: 	 mrr: 0.051622	 ndcg_5: 0.0438	 ndcg_10: 0.0544	 hit@1:0.022497	 hit@5:0.0643	 hit@10: 0.0973
target: 	 mrr: 0.038565	 ndcg_5: 0.0304	 ndcg_10: 0.0399	 hit@1:0.013931	 hit@5:0.0485	 hit@10: 0.0780
epoch 40: train_loss = 1.569510, source_mrr = 0.051622, source_hit@10 = 0.0973, source_ndcg@10 = 0.0544, target_mrr = 0.038565, target_hit@10 = 0.0780, target_ndcg@10 = 0.0399
shift to transfer learning mode

2024-08-15 00:58:31.816685: step 7052/13760 (epoch 41/80), loss = 1.583745 (56.662 sec/epoch), lr: 0.002053
Evaluating on dev set...
..................................................................
source: 	 mrr: 0.035833	 ndcg_5: 0.0293	 ndcg_10: 0.0372	 hit@1:0.013308	 hit@5:0.0453	 hit@10: 0.0697
target: 	 mrr: 0.041233	 ndcg_5: 0.0311	 ndcg_10: 0.0438	 hit@1:0.014489	 hit@5:0.0474	 hit@10: 0.0867
epoch 41: train_loss = 1.583745, source_mrr = 0.035833, source_hit@10 = 0.0697, source_ndcg@10 = 0.0372, target_mrr = 0.041233, target_hit@10 = 0.0867, target_ndcg@10 = 0.0438

2024-08-15 00:59:29.584070: step 7224/13760 (epoch 42/80), loss = 1.580958 (56.366 sec/epoch), lr: 0.001951
Evaluating on dev set...
..................................................................
source: 	 mrr: 0.047025	 ndcg_5: 0.0383	 ndcg_10: 0.0500	 hit@1:0.017427	 hit@5:0.0593	 hit@10: 0.0957
target: 	 mrr: 0.043173	 ndcg_5: 0.0340	 ndcg_10: 0.0467	 hit@1:0.014489	 hit@5:0.0535	 hit@10: 0.0931
target best!
...................................target: 	 mrr: 0.042994	 ndcg_5: 0.0351	 ndcg_10: 0.0464	 hit@1:0.012972	 hit@5:0.0570	 hit@10: 0.0922
epoch 42: train_loss = 1.580958, source_mrr = 0.047025, source_hit@10 = 0.0957, source_ndcg@10 = 0.0500, target_mrr = 0.042994, target_hit@10 = 0.0922, target_ndcg@10 = 0.0464

2024-08-15 01:00:26.660142: step 7396/13760 (epoch 43/80), loss = 1.575594 (55.089 sec/epoch), lr: 0.001951
Evaluating on dev set...
..................................................................
source: 	 mrr: 0.050014	 ndcg_5: 0.0417	 ndcg_10: 0.0545	 hit@1:0.018378	 hit@5:0.0653	 hit@10: 0.1052
target: 	 mrr: 0.034510	 ndcg_5: 0.0280	 ndcg_10: 0.0362	 hit@1:0.010588	 hit@5:0.0465	 hit@10: 0.0724
epoch 43: train_loss = 1.575594, source_mrr = 0.050014, source_hit@10 = 0.1052, source_ndcg@10 = 0.0545, target_mrr = 0.034510, target_hit@10 = 0.0724, target_ndcg@10 = 0.0362

2024-08-15 01:01:23.969556: step 7568/13760 (epoch 44/80), loss = 1.569705 (55.989 sec/epoch), lr: 0.001853
Evaluating on dev set...
..................................................................
source: 	 mrr: 0.052217	 ndcg_5: 0.0435	 ndcg_10: 0.0562	 hit@1:0.021229	 hit@5:0.0656	 hit@10: 0.1052
target: 	 mrr: 0.038593	 ndcg_5: 0.0312	 ndcg_10: 0.0405	 hit@1:0.013931	 hit@5:0.0488	 hit@10: 0.0777
epoch 44: train_loss = 1.569705, source_mrr = 0.052217, source_hit@10 = 0.1052, source_ndcg@10 = 0.0562, target_mrr = 0.038593, target_hit@10 = 0.0777, target_ndcg@10 = 0.0405

2024-08-15 01:02:20.465959: step 7740/13760 (epoch 45/80), loss = 1.568347 (55.204 sec/epoch), lr: 0.001853
Evaluating on dev set...
..................................................................
source: 	 mrr: 0.051165	 ndcg_5: 0.0429	 ndcg_10: 0.0553	 hit@1:0.019011	 hit@5:0.0669	 hit@10: 0.1055
target: 	 mrr: 0.032256	 ndcg_5: 0.0250	 ndcg_10: 0.0323	 hit@1:0.010309	 hit@5:0.0398	 hit@10: 0.0627
epoch 45: train_loss = 1.568347, source_mrr = 0.051165, source_hit@10 = 0.1055, source_ndcg@10 = 0.0553, target_mrr = 0.032256, target_hit@10 = 0.0627, target_ndcg@10 = 0.0323

2024-08-15 01:03:15.183277: step 7912/13760 (epoch 46/80), loss = 1.564411 (53.394 sec/epoch), lr: 0.001761
Evaluating on dev set...
..................................................................
source: 	 mrr: 0.051374	 ndcg_5: 0.0427	 ndcg_10: 0.0552	 hit@1:0.020279	 hit@5:0.0646	 hit@10: 0.1036
target: 	 mrr: 0.042652	 ndcg_5: 0.0352	 ndcg_10: 0.0444	 hit@1:0.016160	 hit@5:0.0554	 hit@10: 0.0841
epoch 46: train_loss = 1.564411, source_mrr = 0.051374, source_hit@10 = 0.1036, source_ndcg@10 = 0.0552, target_mrr = 0.042652, target_hit@10 = 0.0841, target_ndcg@10 = 0.0444

2024-08-15 01:04:11.135186: step 8084/13760 (epoch 47/80), loss = 1.556528 (54.613 sec/epoch), lr: 0.001761
Evaluating on dev set...
..................................................................
source: 	 mrr: 0.054832	 ndcg_5: 0.0469	 ndcg_10: 0.0596	 hit@1:0.021229	 hit@5:0.0716	 hit@10: 0.1112
target: 	 mrr: 0.036254	 ndcg_5: 0.0280	 ndcg_10: 0.0376	 hit@1:0.012260	 hit@5:0.0446	 hit@10: 0.0741
source best!
..............................
source: 	 mrr: 0.057747	 ndcg_5: 0.0507	 ndcg_10: 0.0614	 hit@1:0.024635	 hit@5:0.0771	 hit@10: 0.1105
epoch 47: train_loss = 1.556528, source_mrr = 0.057747, source_hit@10 = 0.1105, source_ndcg@10 = 0.0614, target_mrr = 0.036254, target_hit@10 = 0.0741, target_ndcg@10 = 0.0376

2024-08-15 01:05:10.291159: step 8256/13760 (epoch 48/80), loss = 1.550953 (57.122 sec/epoch), lr: 0.001672
Evaluating on dev set...
..................................................................
source: 	 mrr: 0.054045	 ndcg_5: 0.0454	 ndcg_10: 0.0583	 hit@1:0.021863	 hit@5:0.0691	 hit@10: 0.1096
target: 	 mrr: 0.041917	 ndcg_5: 0.0341	 ndcg_10: 0.0441	 hit@1:0.013931	 hit@5:0.0546	 hit@10: 0.0861
epoch 48: train_loss = 1.550953, source_mrr = 0.054045, source_hit@10 = 0.1096, source_ndcg@10 = 0.0583, target_mrr = 0.041917, target_hit@10 = 0.0861, target_ndcg@10 = 0.0441

2024-08-15 01:06:08.534128: step 8428/13760 (epoch 49/80), loss = 1.546005 (56.912 sec/epoch), lr: 0.001672
Evaluating on dev set...
..................................................................
source: 	 mrr: 0.048647	 ndcg_5: 0.0398	 ndcg_10: 0.0517	 hit@1:0.019645	 hit@5:0.0605	 hit@10: 0.0976
target: 	 mrr: 0.040648	 ndcg_5: 0.0317	 ndcg_10: 0.0426	 hit@1:0.013931	 hit@5:0.0490	 hit@10: 0.0830
epoch 49: train_loss = 1.546005, source_mrr = 0.048647, source_hit@10 = 0.0976, source_ndcg@10 = 0.0517, target_mrr = 0.040648, target_hit@10 = 0.0830, target_ndcg@10 = 0.0426

2024-08-15 01:07:07.263809: step 8600/13760 (epoch 50/80), loss = 1.543761 (57.391 sec/epoch), lr: 0.001589
Evaluating on dev set...
..................................................................
source: 	 mrr: 0.047228	 ndcg_5: 0.0387	 ndcg_10: 0.0499	 hit@1:0.019645	 hit@5:0.0589	 hit@10: 0.0941
target: 	 mrr: 0.037987	 ndcg_5: 0.0300	 ndcg_10: 0.0406	 hit@1:0.011145	 hit@5:0.0490	 hit@10: 0.0819
epoch 50: train_loss = 1.543761, source_mrr = 0.047228, source_hit@10 = 0.0941, source_ndcg@10 = 0.0499, target_mrr = 0.037987, target_hit@10 = 0.0819, target_ndcg@10 = 0.0406

2024-08-15 01:08:06.385577: step 8772/13760 (epoch 51/80), loss = 1.534580 (57.682 sec/epoch), lr: 0.001509
Evaluating on dev set...
..................................................................
source: 	 mrr: 0.050938	 ndcg_5: 0.0427	 ndcg_10: 0.0563	 hit@1:0.017744	 hit@5:0.0684	 hit@10: 0.1109
target: 	 mrr: 0.042561	 ndcg_5: 0.0341	 ndcg_10: 0.0476	 hit@1:0.012817	 hit@5:0.0563	 hit@10: 0.0984
epoch 51: train_loss = 1.534580, source_mrr = 0.050938, source_hit@10 = 0.1109, source_ndcg@10 = 0.0563, target_mrr = 0.042561, target_hit@10 = 0.0984, target_ndcg@10 = 0.0476

2024-08-15 01:09:04.961805: step 8944/13760 (epoch 52/80), loss = 1.531482 (57.220 sec/epoch), lr: 0.001509
Evaluating on dev set...
..................................................................
source: 	 mrr: 0.035978	 ndcg_5: 0.0277	 ndcg_10: 0.0378	 hit@1:0.012991	 hit@5:0.0421	 hit@10: 0.0735
target: 	 mrr: 0.041207	 ndcg_5: 0.0323	 ndcg_10: 0.0439	 hit@1:0.013096	 hit@5:0.0518	 hit@10: 0.0880
epoch 52: train_loss = 1.531482, source_mrr = 0.035978, source_hit@10 = 0.0735, source_ndcg@10 = 0.0378, target_mrr = 0.041207, target_hit@10 = 0.0880, target_ndcg@10 = 0.0439

2024-08-15 01:10:03.392782: step 9116/13760 (epoch 53/80), loss = 1.523915 (57.077 sec/epoch), lr: 0.001434
Evaluating on dev set...
..................................................................
source: 	 mrr: 0.053349	 ndcg_5: 0.0438	 ndcg_10: 0.0586	 hit@1:0.019011	 hit@5:0.0672	 hit@10: 0.1131
target: 	 mrr: 0.037512	 ndcg_5: 0.0284	 ndcg_10: 0.0389	 hit@1:0.013653	 hit@5:0.0437	 hit@10: 0.0766
epoch 53: train_loss = 1.523915, source_mrr = 0.053349, source_hit@10 = 0.1131, source_ndcg@10 = 0.0586, target_mrr = 0.037512, target_hit@10 = 0.0766, target_ndcg@10 = 0.0389

2024-08-15 01:11:01.934429: step 9288/13760 (epoch 54/80), loss = 1.522114 (57.111 sec/epoch), lr: 0.001434
Evaluating on dev set...
..................................................................
source: 	 mrr: 0.048322	 ndcg_5: 0.0396	 ndcg_10: 0.0524	 hit@1:0.017427	 hit@5:0.0621	 hit@10: 0.1020
target: 	 mrr: 0.043795	 ndcg_5: 0.0340	 ndcg_10: 0.0453	 hit@1:0.018390	 hit@5:0.0507	 hit@10: 0.0861
target best!
...................................target: 	 mrr: 0.044788	 ndcg_5: 0.0365	 ndcg_10: 0.0473	 hit@1:0.017202	 hit@5:0.0550	 hit@10: 0.0886
epoch 54: train_loss = 1.522114, source_mrr = 0.048322, source_hit@10 = 0.1020, source_ndcg@10 = 0.0524, target_mrr = 0.044788, target_hit@10 = 0.0886, target_ndcg@10 = 0.0473

2024-08-15 01:12:02.075005: step 9460/13760 (epoch 55/80), loss = 1.521495 (57.395 sec/epoch), lr: 0.001434
Evaluating on dev set...
..................................................................
source: 	 mrr: 0.049611	 ndcg_5: 0.0407	 ndcg_10: 0.0533	 hit@1:0.017744	 hit@5:0.0627	 hit@10: 0.1017
target: 	 mrr: 0.037759	 ndcg_5: 0.0295	 ndcg_10: 0.0389	 hit@1:0.013931	 hit@5:0.0449	 hit@10: 0.0738
epoch 55: train_loss = 1.521495, source_mrr = 0.049611, source_hit@10 = 0.1017, source_ndcg@10 = 0.0533, target_mrr = 0.037759, target_hit@10 = 0.0738, target_ndcg@10 = 0.0389

2024-08-15 01:13:01.508955: step 9632/13760 (epoch 56/80), loss = 1.514471 (57.910 sec/epoch), lr: 0.001362
Evaluating on dev set...
..................................................................
source: 	 mrr: 0.046503	 ndcg_5: 0.0380	 ndcg_10: 0.0487	 hit@1:0.018695	 hit@5:0.0580	 hit@10: 0.0916
target: 	 mrr: 0.039670	 ndcg_5: 0.0334	 ndcg_10: 0.0425	 hit@1:0.012817	 hit@5:0.0543	 hit@10: 0.0828
epoch 56: train_loss = 1.514471, source_mrr = 0.046503, source_hit@10 = 0.0916, source_ndcg@10 = 0.0487, target_mrr = 0.039670, target_hit@10 = 0.0828, target_ndcg@10 = 0.0425

2024-08-15 01:14:00.259710: step 9804/13760 (epoch 57/80), loss = 1.508258 (57.294 sec/epoch), lr: 0.001294
Evaluating on dev set...
..................................................................
source: 	 mrr: 0.049289	 ndcg_5: 0.0413	 ndcg_10: 0.0536	 hit@1:0.017744	 hit@5:0.0650	 hit@10: 0.1033
target: 	 mrr: 0.037778	 ndcg_5: 0.0292	 ndcg_10: 0.0402	 hit@1:0.012538	 hit@5:0.0465	 hit@10: 0.0805
epoch 57: train_loss = 1.508258, source_mrr = 0.049289, source_hit@10 = 0.1033, source_ndcg@10 = 0.0536, target_mrr = 0.037778, target_hit@10 = 0.0805, target_ndcg@10 = 0.0402

2024-08-15 01:14:59.786000: step 9976/13760 (epoch 58/80), loss = 1.507345 (58.042 sec/epoch), lr: 0.001294
Evaluating on dev set...
..................................................................
source: 	 mrr: 0.051838	 ndcg_5: 0.0416	 ndcg_10: 0.0547	 hit@1:0.021546	 hit@5:0.0612	 hit@10: 0.1023
target: 	 mrr: 0.039278	 ndcg_5: 0.0302	 ndcg_10: 0.0401	 hit@1:0.015046	 hit@5:0.0451	 hit@10: 0.0758
epoch 58: train_loss = 1.507345, source_mrr = 0.051838, source_hit@10 = 0.1023, source_ndcg@10 = 0.0547, target_mrr = 0.039278, target_hit@10 = 0.0758, target_ndcg@10 = 0.0401

2024-08-15 01:15:59.255497: step 10148/13760 (epoch 59/80), loss = 1.504476 (57.996 sec/epoch), lr: 0.001294
Evaluating on dev set...
..................................................................
source: 	 mrr: 0.050694	 ndcg_5: 0.0406	 ndcg_10: 0.0547	 hit@1:0.019962	 hit@5:0.0615	 hit@10: 0.1049
target: 	 mrr: 0.045278	 ndcg_5: 0.0375	 ndcg_10: 0.0474	 hit@1:0.016160	 hit@5:0.0588	 hit@10: 0.0900
target best!
...................................target: 	 mrr: 0.050302	 ndcg_5: 0.0429	 ndcg_10: 0.0537	 hit@1:0.021151	 hit@5:0.0649	 hit@10: 0.0987
epoch 59: train_loss = 1.504476, source_mrr = 0.050694, source_hit@10 = 0.1049, source_ndcg@10 = 0.0547, target_mrr = 0.050302, target_hit@10 = 0.0987, target_ndcg@10 = 0.0537

2024-08-15 01:16:58.658250: step 10320/13760 (epoch 60/80), loss = 1.496823 (57.184 sec/epoch), lr: 0.001294
Evaluating on dev set...
..................................................................
source: 	 mrr: 0.045654	 ndcg_5: 0.0361	 ndcg_10: 0.0493	 hit@1:0.014575	 hit@5:0.0586	 hit@10: 0.0995
target: 	 mrr: 0.038634	 ndcg_5: 0.0297	 ndcg_10: 0.0397	 hit@1:0.012817	 hit@5:0.0468	 hit@10: 0.0780
epoch 60: train_loss = 1.496823, source_mrr = 0.045654, source_hit@10 = 0.0995, source_ndcg@10 = 0.0493, target_mrr = 0.038634, target_hit@10 = 0.0780, target_ndcg@10 = 0.0397

2024-08-15 01:17:57.320828: step 10492/13760 (epoch 61/80), loss = 1.493720 (57.203 sec/epoch), lr: 0.001229
Evaluating on dev set...
..................................................................
source: 	 mrr: 0.042122	 ndcg_5: 0.0325	 ndcg_10: 0.0440	 hit@1:0.013308	 hit@5:0.0523	 hit@10: 0.0881
target: 	 mrr: 0.035229	 ndcg_5: 0.0270	 ndcg_10: 0.0370	 hit@1:0.010867	 hit@5:0.0432	 hit@10: 0.0744
epoch 61: train_loss = 1.493720, source_mrr = 0.042122, source_hit@10 = 0.0881, source_ndcg@10 = 0.0440, target_mrr = 0.035229, target_hit@10 = 0.0744, target_ndcg@10 = 0.0370

2024-08-15 01:18:56.113083: step 10664/13760 (epoch 62/80), loss = 1.489481 (57.365 sec/epoch), lr: 0.001168
Evaluating on dev set...
..................................................................
source: 	 mrr: 0.054316	 ndcg_5: 0.0450	 ndcg_10: 0.0592	 hit@1:0.022180	 hit@5:0.0688	 hit@10: 0.1131
target: 	 mrr: 0.041409	 ndcg_5: 0.0322	 ndcg_10: 0.0430	 hit@1:0.014767	 hit@5:0.0496	 hit@10: 0.0828
epoch 62: train_loss = 1.489481, source_mrr = 0.054316, source_hit@10 = 0.1131, source_ndcg@10 = 0.0592, target_mrr = 0.041409, target_hit@10 = 0.0828, target_ndcg@10 = 0.0430

2024-08-15 01:19:55.306959: step 10836/13760 (epoch 63/80), loss = 1.483248 (57.819 sec/epoch), lr: 0.001168
Evaluating on dev set...
..................................................................
source: 	 mrr: 0.053210	 ndcg_5: 0.0445	 ndcg_10: 0.0561	 hit@1:0.020596	 hit@5:0.0684	 hit@10: 0.1049
target: 	 mrr: 0.040820	 ndcg_5: 0.0331	 ndcg_10: 0.0437	 hit@1:0.013374	 hit@5:0.0535	 hit@10: 0.0867
epoch 63: train_loss = 1.483248, source_mrr = 0.053210, source_hit@10 = 0.1049, source_ndcg@10 = 0.0561, target_mrr = 0.040820, target_hit@10 = 0.0867, target_ndcg@10 = 0.0437

2024-08-15 01:20:54.201086: step 11008/13760 (epoch 64/80), loss = 1.482142 (57.394 sec/epoch), lr: 0.001110
Evaluating on dev set...
..................................................................
source: 	 mrr: 0.042963	 ndcg_5: 0.0332	 ndcg_10: 0.0452	 hit@1:0.016160	 hit@5:0.0507	 hit@10: 0.0875
target: 	 mrr: 0.038838	 ndcg_5: 0.0313	 ndcg_10: 0.0402	 hit@1:0.013653	 hit@5:0.0490	 hit@10: 0.0769
epoch 64: train_loss = 1.482142, source_mrr = 0.042963, source_hit@10 = 0.0875, source_ndcg@10 = 0.0452, target_mrr = 0.038838, target_hit@10 = 0.0769, target_ndcg@10 = 0.0402

2024-08-15 01:21:52.505471: step 11180/13760 (epoch 65/80), loss = 1.475634 (56.876 sec/epoch), lr: 0.001054
Evaluating on dev set...
..................................................................
source: 	 mrr: 0.057536	 ndcg_5: 0.0471	 ndcg_10: 0.0602	 hit@1:0.027567	 hit@5:0.0659	 hit@10: 0.1068
target: 	 mrr: 0.043138	 ndcg_5: 0.0337	 ndcg_10: 0.0475	 hit@1:0.015046	 hit@5:0.0529	 hit@10: 0.0964
source best!
..............................
source: 	 mrr: 0.055232	 ndcg_5: 0.0460	 ndcg_10: 0.0579	 hit@1:0.023663	 hit@5:0.0674	 hit@10: 0.1041
epoch 65: train_loss = 1.475634, source_mrr = 0.055232, source_hit@10 = 0.1041, source_ndcg@10 = 0.0579, target_mrr = 0.043138, target_hit@10 = 0.0964, target_ndcg@10 = 0.0475

2024-08-15 01:22:51.396605: step 11352/13760 (epoch 66/80), loss = 1.467046 (56.867 sec/epoch), lr: 0.001054
Evaluating on dev set...
..................................................................
source: 	 mrr: 0.042074	 ndcg_5: 0.0344	 ndcg_10: 0.0437	 hit@1:0.016477	 hit@5:0.0548	 hit@10: 0.0840
target: 	 mrr: 0.040454	 ndcg_5: 0.0314	 ndcg_10: 0.0416	 hit@1:0.013931	 hit@5:0.0485	 hit@10: 0.0802
epoch 66: train_loss = 1.467046, source_mrr = 0.042074, source_hit@10 = 0.0840, source_ndcg@10 = 0.0437, target_mrr = 0.040454, target_hit@10 = 0.0802, target_ndcg@10 = 0.0416

2024-08-15 01:23:49.920119: step 11524/13760 (epoch 67/80), loss = 1.466450 (57.143 sec/epoch), lr: 0.001001
Evaluating on dev set...
..................................................................
source: 	 mrr: 0.053205	 ndcg_5: 0.0448	 ndcg_10: 0.0584	 hit@1:0.019328	 hit@5:0.0707	 hit@10: 0.1131
target: 	 mrr: 0.039083	 ndcg_5: 0.0301	 ndcg_10: 0.0398	 hit@1:0.013653	 hit@5:0.0465	 hit@10: 0.0769
epoch 67: train_loss = 1.466450, source_mrr = 0.053205, source_hit@10 = 0.1131, source_ndcg@10 = 0.0584, target_mrr = 0.039083, target_hit@10 = 0.0769, target_ndcg@10 = 0.0398

2024-08-15 01:24:48.772395: step 11696/13760 (epoch 68/80), loss = 1.460212 (57.362 sec/epoch), lr: 0.001001
Evaluating on dev set...
..................................................................
source: 	 mrr: 0.045921	 ndcg_5: 0.0363	 ndcg_10: 0.0471	 hit@1:0.019328	 hit@5:0.0535	 hit@10: 0.0875
target: 	 mrr: 0.034437	 ndcg_5: 0.0262	 ndcg_10: 0.0356	 hit@1:0.009752	 hit@5:0.0421	 hit@10: 0.0716
epoch 68: train_loss = 1.460212, source_mrr = 0.045921, source_hit@10 = 0.0875, source_ndcg@10 = 0.0471, target_mrr = 0.034437, target_hit@10 = 0.0716, target_ndcg@10 = 0.0356

2024-08-15 01:25:46.552095: step 11868/13760 (epoch 69/80), loss = 1.461216 (55.961 sec/epoch), lr: 0.000951
Evaluating on dev set...
..................................................................
source: 	 mrr: 0.048892	 ndcg_5: 0.0409	 ndcg_10: 0.0510	 hit@1:0.020596	 hit@5:0.0621	 hit@10: 0.0932
target: 	 mrr: 0.037452	 ndcg_5: 0.0289	 ndcg_10: 0.0400	 hit@1:0.010867	 hit@5:0.0471	 hit@10: 0.0816
epoch 69: train_loss = 1.461216, source_mrr = 0.048892, source_hit@10 = 0.0932, source_ndcg@10 = 0.0510, target_mrr = 0.037452, target_hit@10 = 0.0816, target_ndcg@10 = 0.0400

2024-08-15 01:26:43.634895: step 12040/13760 (epoch 70/80), loss = 1.450487 (55.638 sec/epoch), lr: 0.000951
Evaluating on dev set...
..................................................................
source: 	 mrr: 0.045959	 ndcg_5: 0.0365	 ndcg_10: 0.0483	 hit@1:0.017744	 hit@5:0.0554	 hit@10: 0.0919
target: 	 mrr: 0.039521	 ndcg_5: 0.0305	 ndcg_10: 0.0405	 hit@1:0.013931	 hit@5:0.0479	 hit@10: 0.0791
epoch 70: train_loss = 1.450487, source_mrr = 0.045959, source_hit@10 = 0.0919, source_ndcg@10 = 0.0483, target_mrr = 0.039521, target_hit@10 = 0.0791, target_ndcg@10 = 0.0405

2024-08-15 01:27:40.418464: step 12212/13760 (epoch 71/80), loss = 1.447597 (55.423 sec/epoch), lr: 0.000904
Evaluating on dev set...
..................................................................
source: 	 mrr: 0.054243	 ndcg_5: 0.0445	 ndcg_10: 0.0588	 hit@1:0.020913	 hit@5:0.0672	 hit@10: 0.1106
target: 	 mrr: 0.040511	 ndcg_5: 0.0322	 ndcg_10: 0.0426	 hit@1:0.013653	 hit@5:0.0510	 hit@10: 0.0830
epoch 71: train_loss = 1.447597, source_mrr = 0.054243, source_hit@10 = 0.1106, source_ndcg@10 = 0.0588, target_mrr = 0.040511, target_hit@10 = 0.0830, target_ndcg@10 = 0.0426

2024-08-15 01:28:36.701586: step 12384/13760 (epoch 72/80), loss = 1.448380 (54.917 sec/epoch), lr: 0.000904
Evaluating on dev set...
..................................................................
source: 	 mrr: 0.053705	 ndcg_5: 0.0458	 ndcg_10: 0.0579	 hit@1:0.022814	 hit@5:0.0700	 hit@10: 0.1080
target: 	 mrr: 0.041246	 ndcg_5: 0.0334	 ndcg_10: 0.0438	 hit@1:0.013374	 hit@5:0.0532	 hit@10: 0.0861
epoch 72: train_loss = 1.448380, source_mrr = 0.053705, source_hit@10 = 0.1080, source_ndcg@10 = 0.0579, target_mrr = 0.041246, target_hit@10 = 0.0861, target_ndcg@10 = 0.0438

2024-08-15 01:29:32.545229: step 12556/13760 (epoch 73/80), loss = 1.440819 (54.475 sec/epoch), lr: 0.000904
Evaluating on dev set...
..................................................................
source: 	 mrr: 0.053098	 ndcg_5: 0.0458	 ndcg_10: 0.0571	 hit@1:0.023131	 hit@5:0.0703	 hit@10: 0.1058
target: 	 mrr: 0.043184	 ndcg_5: 0.0341	 ndcg_10: 0.0441	 hit@1:0.016718	 hit@5:0.0515	 hit@10: 0.0822
epoch 73: train_loss = 1.440819, source_mrr = 0.053098, source_hit@10 = 0.1058, source_ndcg@10 = 0.0571, target_mrr = 0.043184, target_hit@10 = 0.0822, target_ndcg@10 = 0.0441

2024-08-15 01:30:28.498199: step 12728/13760 (epoch 74/80), loss = 1.441798 (54.635 sec/epoch), lr: 0.000904
Evaluating on dev set...
..................................................................
source: 	 mrr: 0.043115	 ndcg_5: 0.0339	 ndcg_10: 0.0451	 hit@1:0.015843	 hit@5:0.0526	 hit@10: 0.0875
target: 	 mrr: 0.038739	 ndcg_5: 0.0298	 ndcg_10: 0.0396	 hit@1:0.014489	 hit@5:0.0457	 hit@10: 0.0766
epoch 74: train_loss = 1.441798, source_mrr = 0.043115, source_hit@10 = 0.0875, source_ndcg@10 = 0.0451, target_mrr = 0.038739, target_hit@10 = 0.0766, target_ndcg@10 = 0.0396

2024-08-15 01:31:24.295388: step 12900/13760 (epoch 75/80), loss = 1.437626 (54.104 sec/epoch), lr: 0.000859
Evaluating on dev set...
..................................................................
source: 	 mrr: 0.044062	 ndcg_5: 0.0337	 ndcg_10: 0.0456	 hit@1:0.016160	 hit@5:0.0504	 hit@10: 0.0875
target: 	 mrr: 0.042332	 ndcg_5: 0.0342	 ndcg_10: 0.0443	 hit@1:0.016718	 hit@5:0.0518	 hit@10: 0.0833
epoch 75: train_loss = 1.437626, source_mrr = 0.044062, source_hit@10 = 0.0875, source_ndcg@10 = 0.0456, target_mrr = 0.042332, target_hit@10 = 0.0833, target_ndcg@10 = 0.0443

2024-08-15 01:32:20.594641: step 13072/13760 (epoch 76/80), loss = 1.432495 (54.920 sec/epoch), lr: 0.000859
Evaluating on dev set...
..................................................................
source: 	 mrr: 0.040967	 ndcg_5: 0.0318	 ndcg_10: 0.0428	 hit@1:0.012357	 hit@5:0.0507	 hit@10: 0.0852
target: 	 mrr: 0.042288	 ndcg_5: 0.0337	 ndcg_10: 0.0453	 hit@1:0.014767	 hit@5:0.0535	 hit@10: 0.0897
epoch 76: train_loss = 1.432495, source_mrr = 0.040967, source_hit@10 = 0.0852, source_ndcg@10 = 0.0428, target_mrr = 0.042288, target_hit@10 = 0.0897, target_ndcg@10 = 0.0453

2024-08-15 01:33:18.050779: step 13244/13760 (epoch 77/80), loss = 1.428153 (56.070 sec/epoch), lr: 0.000816
Evaluating on dev set...
..................................................................
source: 	 mrr: 0.042496	 ndcg_5: 0.0316	 ndcg_10: 0.0433	 hit@1:0.015843	 hit@5:0.0475	 hit@10: 0.0843
target: 	 mrr: 0.035963	 ndcg_5: 0.0272	 ndcg_10: 0.0366	 hit@1:0.012817	 hit@5:0.0415	 hit@10: 0.0708
epoch 77: train_loss = 1.428153, source_mrr = 0.042496, source_hit@10 = 0.0843, source_ndcg@10 = 0.0433, target_mrr = 0.035963, target_hit@10 = 0.0708, target_ndcg@10 = 0.0366

2024-08-15 01:34:15.676952: step 13416/13760 (epoch 78/80), loss = 1.424678 (56.102 sec/epoch), lr: 0.000775
Evaluating on dev set...
..................................................................
source: 	 mrr: 0.042637	 ndcg_5: 0.0328	 ndcg_10: 0.0438	 hit@1:0.015843	 hit@5:0.0494	 hit@10: 0.0837
target: 	 mrr: 0.038188	 ndcg_5: 0.0302	 ndcg_10: 0.0400	 hit@1:0.011981	 hit@5:0.0479	 hit@10: 0.0786
epoch 78: train_loss = 1.424678, source_mrr = 0.042637, source_hit@10 = 0.0837, source_ndcg@10 = 0.0438, target_mrr = 0.038188, target_hit@10 = 0.0786, target_ndcg@10 = 0.0400

2024-08-15 01:35:14.655586: step 13588/13760 (epoch 79/80), loss = 1.422599 (57.618 sec/epoch), lr: 0.000775
Evaluating on dev set...
..................................................................
source: 	 mrr: 0.045693	 ndcg_5: 0.0366	 ndcg_10: 0.0448	 hit@1:0.018695	 hit@5:0.0545	 hit@10: 0.0805
target: 	 mrr: 0.035916	 ndcg_5: 0.0287	 ndcg_10: 0.0387	 hit@1:0.009752	 hit@5:0.0476	 hit@10: 0.0791
epoch 79: train_loss = 1.422599, source_mrr = 0.045693, source_hit@10 = 0.0805, source_ndcg@10 = 0.0448, target_mrr = 0.035916, target_hit@10 = 0.0791, target_ndcg@10 = 0.0387

2024-08-15 01:36:13.020773: step 13760/13760 (epoch 80/80), loss = 1.419820 (56.997 sec/epoch), lr: 0.000775
Evaluating on dev set...
..................................................................
source: 	 mrr: 0.047587	 ndcg_5: 0.0385	 ndcg_10: 0.0503	 hit@1:0.018378	 hit@5:0.0593	 hit@10: 0.0960
target: 	 mrr: 0.035150	 ndcg_5: 0.0277	 ndcg_10: 0.0368	 hit@1:0.010309	 hit@5:0.0457	 hit@10: 0.0741
epoch 80: train_loss = 1.419820, source_mrr = 0.047587, source_hit@10 = 0.0960, source_ndcg@10 = 0.0503, target_mrr = 0.035150, target_hit@10 = 0.0741, target_ndcg@10 = 0.0368

source best:  source_mrr = 0.053349, source_hit@10 = 0.1131, source_ndcg@10 = 0.0586
target best:  target_mrr = 0.042561, target_hit@10 = 0.0984, target_ndcg@10 = 0.0476
