using gpu:0 to train the model
using gpu:0 to train the model
cuda:0
Namespace(A_split=False, JK='sum', a_fold=100, aggregate=False, alpha=0.5, batch_size=2048, beta_inter=0.8, conv_layers=4, cuda=True, decay_epoch=10, device=device(type='cuda', index=0), device_id='0', domains='cloth_sport', dropout=0.4, epoch=80, feature_dim=126, gamma_intra=0.8, hidden_dim=126, inter_tau=0.2, intra_tau=0.4, lambda_critic=0.4, leakey=0.05, load=False, log='logs.txt', log_epoch=1, lr=0.004, lr_decay=0.95, min_epoch=60, mode='train', model_file=None, model_name='cs', momentum=0.98, num_latent_factors=3, num_negative=100, optim='adam', patience=20, proj_layers=1, projection=1, rectify_epoch=40, residual=1, save=False, save_dir='./saved_models', seed=32, similarity_tau=0.2, step=5, test_sample_number=999, user_batch_size=256, weight_decay=0.0002)
number_user 41829
number_item 17943
real graph loaded!
number_user 27328
number_item 12655
real graph loaded!
graph loaded!
Loading data from cloth_sport with batch size 2048...
unseen test: 0
test length: 3156
unseen test: 0
test length: 3085
unseen test: 0
test length: 3589
unseen test: 0
test length: 3546
source_user_num 41829
target_user_num 27328
source_item_num 17943
target_item_num 12655
shared users id: 7857
test users 990, 982
unseen test: 0
dev length: 1000
unseen test: 0
dev length: 1000
source train data : 187880, target train data: 163291, source test data : 3085, target test data : 3546, source dev data : 1000, target dev data : 1000
2024-08-15 20:58:07.973283: step 172/13760 (epoch 1/80), loss = 3.248392 (24.431 sec/epoch), lr: 0.004000
Evaluating on dev set...
..................................................................
source: 	 mrr: 0.040220	 ndcg_5: 0.0327	 ndcg_10: 0.0432	 hit@1:0.012041	 hit@5:0.0539	 hit@10: 0.0865
target: 	 mrr: 0.032081	 ndcg_5: 0.0240	 ndcg_10: 0.0331	 hit@1:0.007802	 hit@5:0.0407	 hit@10: 0.0691
source best!
..............................
source: 	 mrr: 0.036057	 ndcg_5: 0.0263	 ndcg_10: 0.0374	 hit@1:0.010373	 hit@5:0.0421	 hit@10: 0.0768
target best!
...................................target: 	 mrr: 0.031346	 ndcg_5: 0.0216	 ndcg_10: 0.0310	 hit@1:0.008178	 hit@5:0.0355	 hit@10: 0.0646
epoch 1: train_loss = 3.248392, source_mrr = 0.036057, source_hit@10 = 0.0768, source_ndcg@10 = 0.0374, target_mrr = 0.031346, target_hit@10 = 0.0646, target_ndcg@10 = 0.0310

2024-08-15 20:58:33.708620: step 344/13760 (epoch 2/80), loss = 2.628456 (24.437 sec/epoch), lr: 0.004000
Evaluating on dev set...
..................................................................
source: 	 mrr: 0.039855	 ndcg_5: 0.0310	 ndcg_10: 0.0425	 hit@1:0.011090	 hit@5:0.0510	 hit@10: 0.0868
target: 	 mrr: 0.039253	 ndcg_5: 0.0301	 ndcg_10: 0.0415	 hit@1:0.014489	 hit@5:0.0451	 hit@10: 0.0805
target best!
...................................target: 	 mrr: 0.036365	 ndcg_5: 0.0269	 ndcg_10: 0.0391	 hit@1:0.012126	 hit@5:0.0420	 hit@10: 0.0795
epoch 2: train_loss = 2.628456, source_mrr = 0.039855, source_hit@10 = 0.0868, source_ndcg@10 = 0.0425, target_mrr = 0.036365, target_hit@10 = 0.0795, target_ndcg@10 = 0.0391

2024-08-15 20:58:59.254127: step 516/13760 (epoch 3/80), loss = 2.367091 (24.565 sec/epoch), lr: 0.004000
Evaluating on dev set...
..................................................................
source: 	 mrr: 0.040877	 ndcg_5: 0.0335	 ndcg_10: 0.0428	 hit@1:0.013625	 hit@5:0.0542	 hit@10: 0.0830
target: 	 mrr: 0.032087	 ndcg_5: 0.0248	 ndcg_10: 0.0312	 hit@1:0.011424	 hit@5:0.0382	 hit@10: 0.0582
source best!
..............................
source: 	 mrr: 0.035513	 ndcg_5: 0.0273	 ndcg_10: 0.0379	 hit@1:0.009400	 hit@5:0.0457	 hit@10: 0.0791
epoch 3: train_loss = 2.367091, source_mrr = 0.035513, source_hit@10 = 0.0791, source_ndcg@10 = 0.0379, target_mrr = 0.032087, target_hit@10 = 0.0582, target_ndcg@10 = 0.0312

2024-08-15 20:59:24.541085: step 688/13760 (epoch 4/80), loss = 2.276136 (24.379 sec/epoch), lr: 0.004000
Evaluating on dev set...
..................................................................
source: 	 mrr: 0.044771	 ndcg_5: 0.0354	 ndcg_10: 0.0483	 hit@1:0.016477	 hit@5:0.0548	 hit@10: 0.0954
target: 	 mrr: 0.032976	 ndcg_5: 0.0255	 ndcg_10: 0.0341	 hit@1:0.009752	 hit@5:0.0429	 hit@10: 0.0699
source best!
..............................
source: 	 mrr: 0.042153	 ndcg_5: 0.0335	 ndcg_10: 0.0437	 hit@1:0.014587	 hit@5:0.0532	 hit@10: 0.0846
epoch 4: train_loss = 2.276136, source_mrr = 0.042153, source_hit@10 = 0.0846, source_ndcg@10 = 0.0437, target_mrr = 0.032976, target_hit@10 = 0.0699, target_ndcg@10 = 0.0341

2024-08-15 20:59:49.991764: step 860/13760 (epoch 5/80), loss = 2.227430 (24.545 sec/epoch), lr: 0.004000
Evaluating on dev set...
..................................................................
source: 	 mrr: 0.035899	 ndcg_5: 0.0276	 ndcg_10: 0.0360	 hit@1:0.010456	 hit@5:0.0453	 hit@10: 0.0713
target: 	 mrr: 0.034630	 ndcg_5: 0.0260	 ndcg_10: 0.0362	 hit@1:0.010031	 hit@5:0.0426	 hit@10: 0.0747
epoch 5: train_loss = 2.227430, source_mrr = 0.035899, source_hit@10 = 0.0713, source_ndcg@10 = 0.0360, target_mrr = 0.034630, target_hit@10 = 0.0747, target_ndcg@10 = 0.0362

2024-08-15 21:00:14.904820: step 1032/13760 (epoch 6/80), loss = 2.191044 (24.265 sec/epoch), lr: 0.004000
Evaluating on dev set...
..................................................................
source: 	 mrr: 0.048110	 ndcg_5: 0.0390	 ndcg_10: 0.0522	 hit@1:0.017744	 hit@5:0.0602	 hit@10: 0.1017
target: 	 mrr: 0.037051	 ndcg_5: 0.0279	 ndcg_10: 0.0366	 hit@1:0.012817	 hit@5:0.0421	 hit@10: 0.0694
source best!
..............................
source: 	 mrr: 0.043809	 ndcg_5: 0.0360	 ndcg_10: 0.0467	 hit@1:0.015559	 hit@5:0.0571	 hit@10: 0.0904
epoch 6: train_loss = 2.191044, source_mrr = 0.043809, source_hit@10 = 0.0904, source_ndcg@10 = 0.0467, target_mrr = 0.037051, target_hit@10 = 0.0694, target_ndcg@10 = 0.0366

2024-08-15 21:00:40.307379: step 1204/13760 (epoch 7/80), loss = 2.166770 (24.494 sec/epoch), lr: 0.004000
Evaluating on dev set...
..................................................................
source: 	 mrr: 0.035442	 ndcg_5: 0.0275	 ndcg_10: 0.0372	 hit@1:0.011724	 hit@5:0.0431	 hit@10: 0.0732
target: 	 mrr: 0.028053	 ndcg_5: 0.0202	 ndcg_10: 0.0283	 hit@1:0.008916	 hit@5:0.0323	 hit@10: 0.0580
epoch 7: train_loss = 2.166770, source_mrr = 0.035442, source_hit@10 = 0.0732, source_ndcg@10 = 0.0372, target_mrr = 0.028053, target_hit@10 = 0.0580, target_ndcg@10 = 0.0283

2024-08-15 21:01:05.587222: step 1376/13760 (epoch 8/80), loss = 2.144312 (24.631 sec/epoch), lr: 0.004000
Evaluating on dev set...
..................................................................
source: 	 mrr: 0.040373	 ndcg_5: 0.0311	 ndcg_10: 0.0428	 hit@1:0.013308	 hit@5:0.0491	 hit@10: 0.0859
target: 	 mrr: 0.031964	 ndcg_5: 0.0242	 ndcg_10: 0.0338	 hit@1:0.006687	 hit@5:0.0415	 hit@10: 0.0716
epoch 8: train_loss = 2.144312, source_mrr = 0.040373, source_hit@10 = 0.0859, source_ndcg@10 = 0.0428, target_mrr = 0.031964, target_hit@10 = 0.0716, target_ndcg@10 = 0.0338

2024-08-15 21:01:30.715863: step 1548/13760 (epoch 9/80), loss = 2.130171 (24.470 sec/epoch), lr: 0.004000
Evaluating on dev set...
..................................................................
source: 	 mrr: 0.039911	 ndcg_5: 0.0313	 ndcg_10: 0.0420	 hit@1:0.012991	 hit@5:0.0501	 hit@10: 0.0840
target: 	 mrr: 0.041458	 ndcg_5: 0.0329	 ndcg_10: 0.0438	 hit@1:0.015046	 hit@5:0.0518	 hit@10: 0.0858
target best!
...................................target: 	 mrr: 0.042893	 ndcg_5: 0.0339	 ndcg_10: 0.0449	 hit@1:0.017484	 hit@5:0.0510	 hit@10: 0.0852
epoch 9: train_loss = 2.130171, source_mrr = 0.039911, source_hit@10 = 0.0840, source_ndcg@10 = 0.0420, target_mrr = 0.042893, target_hit@10 = 0.0852, target_ndcg@10 = 0.0449

2024-08-15 21:01:55.927721: step 1720/13760 (epoch 10/80), loss = 2.110586 (24.272 sec/epoch), lr: 0.004000
Evaluating on dev set...
..................................................................
source: 	 mrr: 0.043526	 ndcg_5: 0.0342	 ndcg_10: 0.0466	 hit@1:0.015843	 hit@5:0.0535	 hit@10: 0.0916
target: 	 mrr: 0.037115	 ndcg_5: 0.0282	 ndcg_10: 0.0388	 hit@1:0.010031	 hit@5:0.0465	 hit@10: 0.0794
epoch 10: train_loss = 2.110586, source_mrr = 0.043526, source_hit@10 = 0.0916, source_ndcg@10 = 0.0466, target_mrr = 0.037115, target_hit@10 = 0.0794, target_ndcg@10 = 0.0388

2024-08-15 21:02:20.989165: step 1892/13760 (epoch 11/80), loss = 2.091603 (24.409 sec/epoch), lr: 0.004000
Evaluating on dev set...
..................................................................
source: 	 mrr: 0.044281	 ndcg_5: 0.0357	 ndcg_10: 0.0470	 hit@1:0.014892	 hit@5:0.0558	 hit@10: 0.0909
target: 	 mrr: 0.041728	 ndcg_5: 0.0326	 ndcg_10: 0.0441	 hit@1:0.015603	 hit@5:0.0507	 hit@10: 0.0869
target best!
...................................target: 	 mrr: 0.040697	 ndcg_5: 0.0334	 ndcg_10: 0.0429	 hit@1:0.013254	 hit@5:0.0539	 hit@10: 0.0838
epoch 11: train_loss = 2.091603, source_mrr = 0.044281, source_hit@10 = 0.0909, source_ndcg@10 = 0.0470, target_mrr = 0.040697, target_hit@10 = 0.0838, target_ndcg@10 = 0.0429

2024-08-15 21:02:46.205477: step 2064/13760 (epoch 12/80), loss = 2.070912 (24.213 sec/epoch), lr: 0.004000
Evaluating on dev set...
..................................................................
source: 	 mrr: 0.040606	 ndcg_5: 0.0303	 ndcg_10: 0.0435	 hit@1:0.013625	 hit@5:0.0469	 hit@10: 0.0881
target: 	 mrr: 0.038503	 ndcg_5: 0.0290	 ndcg_10: 0.0407	 hit@1:0.013374	 hit@5:0.0446	 hit@10: 0.0816
epoch 12: train_loss = 2.070912, source_mrr = 0.040606, source_hit@10 = 0.0881, source_ndcg@10 = 0.0435, target_mrr = 0.038503, target_hit@10 = 0.0816, target_ndcg@10 = 0.0407

2024-08-15 21:03:11.248552: step 2236/13760 (epoch 13/80), loss = 2.044132 (24.404 sec/epoch), lr: 0.003800
Evaluating on dev set...
..................................................................
source: 	 mrr: 0.040435	 ndcg_5: 0.0320	 ndcg_10: 0.0405	 hit@1:0.015526	 hit@5:0.0482	 hit@10: 0.0748
target: 	 mrr: 0.038645	 ndcg_5: 0.0291	 ndcg_10: 0.0416	 hit@1:0.012538	 hit@5:0.0460	 hit@10: 0.0847
epoch 13: train_loss = 2.044132, source_mrr = 0.040435, source_hit@10 = 0.0748, source_ndcg@10 = 0.0405, target_mrr = 0.038645, target_hit@10 = 0.0847, target_ndcg@10 = 0.0416

2024-08-15 21:03:36.310683: step 2408/13760 (epoch 14/80), loss = 2.022577 (24.420 sec/epoch), lr: 0.003610
Evaluating on dev set...
..................................................................
source: 	 mrr: 0.039923	 ndcg_5: 0.0325	 ndcg_10: 0.0415	 hit@1:0.015209	 hit@5:0.0516	 hit@10: 0.0792
target: 	 mrr: 0.035431	 ndcg_5: 0.0260	 ndcg_10: 0.0356	 hit@1:0.011145	 hit@5:0.0407	 hit@10: 0.0702
epoch 14: train_loss = 2.022577, source_mrr = 0.039923, source_hit@10 = 0.0792, source_ndcg@10 = 0.0415, target_mrr = 0.035431, target_hit@10 = 0.0702, target_ndcg@10 = 0.0356

2024-08-15 21:04:01.180500: step 2580/13760 (epoch 15/80), loss = 2.002850 (24.228 sec/epoch), lr: 0.003429
Evaluating on dev set...
..................................................................
source: 	 mrr: 0.038139	 ndcg_5: 0.0303	 ndcg_10: 0.0409	 hit@1:0.012041	 hit@5:0.0488	 hit@10: 0.0821
target: 	 mrr: 0.040492	 ndcg_5: 0.0338	 ndcg_10: 0.0441	 hit@1:0.012817	 hit@5:0.0552	 hit@10: 0.0872
epoch 15: train_loss = 2.002850, source_mrr = 0.038139, source_hit@10 = 0.0821, source_ndcg@10 = 0.0409, target_mrr = 0.040492, target_hit@10 = 0.0872, target_ndcg@10 = 0.0441

2024-08-15 21:04:26.234243: step 2752/13760 (epoch 16/80), loss = 1.992154 (24.416 sec/epoch), lr: 0.003429
Evaluating on dev set...
..................................................................
source: 	 mrr: 0.040005	 ndcg_5: 0.0308	 ndcg_10: 0.0426	 hit@1:0.013625	 hit@5:0.0488	 hit@10: 0.0859
target: 	 mrr: 0.039541	 ndcg_5: 0.0318	 ndcg_10: 0.0420	 hit@1:0.014489	 hit@5:0.0507	 hit@10: 0.0828
epoch 16: train_loss = 1.992154, source_mrr = 0.040005, source_hit@10 = 0.0859, source_ndcg@10 = 0.0426, target_mrr = 0.039541, target_hit@10 = 0.0828, target_ndcg@10 = 0.0420

2024-08-15 21:04:50.754585: step 2924/13760 (epoch 17/80), loss = 1.982653 (23.882 sec/epoch), lr: 0.003429
Evaluating on dev set...
..................................................................
source: 	 mrr: 0.035781	 ndcg_5: 0.0279	 ndcg_10: 0.0370	 hit@1:0.011724	 hit@5:0.0444	 hit@10: 0.0729
target: 	 mrr: 0.033293	 ndcg_5: 0.0250	 ndcg_10: 0.0356	 hit@1:0.007802	 hit@5:0.0435	 hit@10: 0.0763
epoch 17: train_loss = 1.982653, source_mrr = 0.035781, source_hit@10 = 0.0729, source_ndcg@10 = 0.0370, target_mrr = 0.033293, target_hit@10 = 0.0763, target_ndcg@10 = 0.0356

2024-08-15 21:05:15.423552: step 3096/13760 (epoch 18/80), loss = 1.962474 (24.023 sec/epoch), lr: 0.003258
Evaluating on dev set...
..................................................................
source: 	 mrr: 0.043914	 ndcg_5: 0.0353	 ndcg_10: 0.0466	 hit@1:0.014892	 hit@5:0.0570	 hit@10: 0.0919
target: 	 mrr: 0.040313	 ndcg_5: 0.0347	 ndcg_10: 0.0426	 hit@1:0.015882	 hit@5:0.0535	 hit@10: 0.0783
epoch 18: train_loss = 1.962474, source_mrr = 0.043914, source_hit@10 = 0.0919, source_ndcg@10 = 0.0466, target_mrr = 0.040313, target_hit@10 = 0.0783, target_ndcg@10 = 0.0426

2024-08-15 21:05:40.778252: step 3268/13760 (epoch 19/80), loss = 1.955910 (24.648 sec/epoch), lr: 0.003258
Evaluating on dev set...
..................................................................
source: 	 mrr: 0.044615	 ndcg_5: 0.0365	 ndcg_10: 0.0485	 hit@1:0.015843	 hit@5:0.0570	 hit@10: 0.0941
target: 	 mrr: 0.036793	 ndcg_5: 0.0294	 ndcg_10: 0.0392	 hit@1:0.011424	 hit@5:0.0482	 hit@10: 0.0783
epoch 19: train_loss = 1.955910, source_mrr = 0.044615, source_hit@10 = 0.0941, source_ndcg@10 = 0.0485, target_mrr = 0.036793, target_hit@10 = 0.0783, target_ndcg@10 = 0.0392

2024-08-15 21:06:05.701873: step 3440/13760 (epoch 20/80), loss = 1.942017 (24.275 sec/epoch), lr: 0.003095
Evaluating on dev set...
..................................................................
source: 	 mrr: 0.038019	 ndcg_5: 0.0299	 ndcg_10: 0.0399	 hit@1:0.013625	 hit@5:0.0472	 hit@10: 0.0789
target: 	 mrr: 0.034213	 ndcg_5: 0.0265	 ndcg_10: 0.0364	 hit@1:0.007523	 hit@5:0.0454	 hit@10: 0.0763
epoch 20: train_loss = 1.942017, source_mrr = 0.038019, source_hit@10 = 0.0789, source_ndcg@10 = 0.0399, target_mrr = 0.034213, target_hit@10 = 0.0763, target_ndcg@10 = 0.0364

2024-08-15 21:06:30.589523: step 3612/13760 (epoch 21/80), loss = 1.931479 (24.231 sec/epoch), lr: 0.002940
Evaluating on dev set...
..................................................................
source: 	 mrr: 0.040118	 ndcg_5: 0.0333	 ndcg_10: 0.0425	 hit@1:0.013625	 hit@5:0.0532	 hit@10: 0.0817
target: 	 mrr: 0.037507	 ndcg_5: 0.0291	 ndcg_10: 0.0383	 hit@1:0.013931	 hit@5:0.0451	 hit@10: 0.0741
epoch 21: train_loss = 1.931479, source_mrr = 0.040118, source_hit@10 = 0.0817, source_ndcg@10 = 0.0425, target_mrr = 0.037507, target_hit@10 = 0.0741, target_ndcg@10 = 0.0383

2024-08-15 21:06:55.337005: step 3784/13760 (epoch 22/80), loss = 1.923834 (24.107 sec/epoch), lr: 0.002940
Evaluating on dev set...
..................................................................
source: 	 mrr: 0.044725	 ndcg_5: 0.0360	 ndcg_10: 0.0463	 hit@1:0.017427	 hit@5:0.0554	 hit@10: 0.0878
target: 	 mrr: 0.040205	 ndcg_5: 0.0320	 ndcg_10: 0.0422	 hit@1:0.015325	 hit@5:0.0485	 hit@10: 0.0805
epoch 22: train_loss = 1.923834, source_mrr = 0.044725, source_hit@10 = 0.0878, source_ndcg@10 = 0.0463, target_mrr = 0.040205, target_hit@10 = 0.0805, target_ndcg@10 = 0.0422

2024-08-15 21:07:20.260201: step 3956/13760 (epoch 23/80), loss = 1.918169 (24.278 sec/epoch), lr: 0.002940
Evaluating on dev set...
..................................................................
source: 	 mrr: 0.041507	 ndcg_5: 0.0318	 ndcg_10: 0.0441	 hit@1:0.013942	 hit@5:0.0504	 hit@10: 0.0887
target: 	 mrr: 0.038251	 ndcg_5: 0.0298	 ndcg_10: 0.0428	 hit@1:0.011424	 hit@5:0.0485	 hit@10: 0.0889
epoch 23: train_loss = 1.918169, source_mrr = 0.041507, source_hit@10 = 0.0887, source_ndcg@10 = 0.0441, target_mrr = 0.038251, target_hit@10 = 0.0889, target_ndcg@10 = 0.0428

2024-08-15 21:07:45.176461: step 4128/13760 (epoch 24/80), loss = 1.905817 (24.277 sec/epoch), lr: 0.002793
Evaluating on dev set...
..................................................................
source: 	 mrr: 0.047691	 ndcg_5: 0.0399	 ndcg_10: 0.0505	 hit@1:0.019328	 hit@5:0.0608	 hit@10: 0.0938
target: 	 mrr: 0.037914	 ndcg_5: 0.0304	 ndcg_10: 0.0416	 hit@1:0.010588	 hit@5:0.0504	 hit@10: 0.0858
epoch 24: train_loss = 1.905817, source_mrr = 0.047691, source_hit@10 = 0.0938, source_ndcg@10 = 0.0505, target_mrr = 0.037914, target_hit@10 = 0.0858, target_ndcg@10 = 0.0416

2024-08-15 21:08:10.328670: step 4300/13760 (epoch 25/80), loss = 1.900956 (24.506 sec/epoch), lr: 0.002793
Evaluating on dev set...
..................................................................
source: 	 mrr: 0.041905	 ndcg_5: 0.0352	 ndcg_10: 0.0452	 hit@1:0.014892	 hit@5:0.0564	 hit@10: 0.0875
target: 	 mrr: 0.041293	 ndcg_5: 0.0337	 ndcg_10: 0.0441	 hit@1:0.016439	 hit@5:0.0504	 hit@10: 0.0830
epoch 25: train_loss = 1.900956, source_mrr = 0.041905, source_hit@10 = 0.0875, source_ndcg@10 = 0.0452, target_mrr = 0.041293, target_hit@10 = 0.0830, target_ndcg@10 = 0.0441

2024-08-15 21:08:35.482337: step 4472/13760 (epoch 26/80), loss = 1.891155 (24.489 sec/epoch), lr: 0.002654
Evaluating on dev set...
..................................................................
source: 	 mrr: 0.052079	 ndcg_5: 0.0441	 ndcg_10: 0.0570	 hit@1:0.021863	 hit@5:0.0659	 hit@10: 0.1061
target: 	 mrr: 0.041019	 ndcg_5: 0.0335	 ndcg_10: 0.0435	 hit@1:0.014489	 hit@5:0.0532	 hit@10: 0.0844
source best!
..............................
source: 	 mrr: 0.045855	 ndcg_5: 0.0388	 ndcg_10: 0.0492	 hit@1:0.016856	 hit@5:0.0609	 hit@10: 0.0930
epoch 26: train_loss = 1.891155, source_mrr = 0.045855, source_hit@10 = 0.0930, source_ndcg@10 = 0.0492, target_mrr = 0.041019, target_hit@10 = 0.0844, target_ndcg@10 = 0.0435

2024-08-15 21:09:00.731401: step 4644/13760 (epoch 27/80), loss = 1.880669 (24.342 sec/epoch), lr: 0.002654
Evaluating on dev set...
..................................................................
source: 	 mrr: 0.044689	 ndcg_5: 0.0349	 ndcg_10: 0.0481	 hit@1:0.015843	 hit@5:0.0545	 hit@10: 0.0957
target: 	 mrr: 0.038627	 ndcg_5: 0.0313	 ndcg_10: 0.0406	 hit@1:0.012260	 hit@5:0.0510	 hit@10: 0.0800
epoch 27: train_loss = 1.880669, source_mrr = 0.044689, source_hit@10 = 0.0957, source_ndcg@10 = 0.0481, target_mrr = 0.038627, target_hit@10 = 0.0800, target_ndcg@10 = 0.0406

2024-08-15 21:09:25.680177: step 4816/13760 (epoch 28/80), loss = 1.869205 (24.291 sec/epoch), lr: 0.002521
Evaluating on dev set...
..................................................................
source: 	 mrr: 0.036636	 ndcg_5: 0.0279	 ndcg_10: 0.0390	 hit@1:0.009189	 hit@5:0.0453	 hit@10: 0.0798
target: 	 mrr: 0.038814	 ndcg_5: 0.0299	 ndcg_10: 0.0413	 hit@1:0.012260	 hit@5:0.0479	 hit@10: 0.0830
epoch 28: train_loss = 1.869205, source_mrr = 0.036636, source_hit@10 = 0.0798, source_ndcg@10 = 0.0390, target_mrr = 0.038814, target_hit@10 = 0.0830, target_ndcg@10 = 0.0413

2024-08-15 21:09:50.632341: step 4988/13760 (epoch 29/80), loss = 1.857704 (24.314 sec/epoch), lr: 0.002395
Evaluating on dev set...
..................................................................
source: 	 mrr: 0.049456	 ndcg_5: 0.0401	 ndcg_10: 0.0521	 hit@1:0.019328	 hit@5:0.0602	 hit@10: 0.0973
target: 	 mrr: 0.038097	 ndcg_5: 0.0298	 ndcg_10: 0.0400	 hit@1:0.011981	 hit@5:0.0479	 hit@10: 0.0800
epoch 29: train_loss = 1.857704, source_mrr = 0.049456, source_hit@10 = 0.0973, source_ndcg@10 = 0.0521, target_mrr = 0.038097, target_hit@10 = 0.0800, target_ndcg@10 = 0.0400

2024-08-15 21:10:15.638524: step 5160/13760 (epoch 30/80), loss = 1.857440 (24.342 sec/epoch), lr: 0.002395
Evaluating on dev set...
..................................................................
source: 	 mrr: 0.039538	 ndcg_5: 0.0307	 ndcg_10: 0.0401	 hit@1:0.015209	 hit@5:0.0456	 hit@10: 0.0754
target: 	 mrr: 0.038112	 ndcg_5: 0.0299	 ndcg_10: 0.0406	 hit@1:0.013096	 hit@5:0.0474	 hit@10: 0.0811
epoch 30: train_loss = 1.857440, source_mrr = 0.039538, source_hit@10 = 0.0754, source_ndcg@10 = 0.0401, target_mrr = 0.038112, target_hit@10 = 0.0811, target_ndcg@10 = 0.0406

2024-08-15 21:10:40.819810: step 5332/13760 (epoch 31/80), loss = 1.845921 (24.544 sec/epoch), lr: 0.002275
Evaluating on dev set...
..................................................................
source: 	 mrr: 0.042624	 ndcg_5: 0.0343	 ndcg_10: 0.0459	 hit@1:0.014259	 hit@5:0.0535	 hit@10: 0.0890
target: 	 mrr: 0.034898	 ndcg_5: 0.0276	 ndcg_10: 0.0362	 hit@1:0.010309	 hit@5:0.0451	 hit@10: 0.0716
epoch 31: train_loss = 1.845921, source_mrr = 0.042624, source_hit@10 = 0.0890, source_ndcg@10 = 0.0459, target_mrr = 0.034898, target_hit@10 = 0.0716, target_ndcg@10 = 0.0362

2024-08-15 21:11:06.139757: step 5504/13760 (epoch 32/80), loss = 1.832657 (24.609 sec/epoch), lr: 0.002161
Evaluating on dev set...
..................................................................
source: 	 mrr: 0.047107	 ndcg_5: 0.0388	 ndcg_10: 0.0511	 hit@1:0.018378	 hit@5:0.0593	 hit@10: 0.0973
target: 	 mrr: 0.038450	 ndcg_5: 0.0296	 ndcg_10: 0.0409	 hit@1:0.011981	 hit@5:0.0471	 hit@10: 0.0822
epoch 32: train_loss = 1.832657, source_mrr = 0.047107, source_hit@10 = 0.0973, source_ndcg@10 = 0.0511, target_mrr = 0.038450, target_hit@10 = 0.0822, target_ndcg@10 = 0.0409

2024-08-15 21:11:31.162567: step 5676/13760 (epoch 33/80), loss = 1.825385 (24.368 sec/epoch), lr: 0.002161
Evaluating on dev set...
..................................................................
source: 	 mrr: 0.037946	 ndcg_5: 0.0298	 ndcg_10: 0.0385	 hit@1:0.012357	 hit@5:0.0469	 hit@10: 0.0741
target: 	 mrr: 0.036951	 ndcg_5: 0.0296	 ndcg_10: 0.0384	 hit@1:0.012538	 hit@5:0.0471	 hit@10: 0.0744
epoch 33: train_loss = 1.825385, source_mrr = 0.037946, source_hit@10 = 0.0741, source_ndcg@10 = 0.0385, target_mrr = 0.036951, target_hit@10 = 0.0744, target_ndcg@10 = 0.0384

2024-08-15 21:11:56.685761: step 5848/13760 (epoch 34/80), loss = 1.820772 (24.886 sec/epoch), lr: 0.002053
Evaluating on dev set...
..................................................................
source: 	 mrr: 0.039168	 ndcg_5: 0.0299	 ndcg_10: 0.0391	 hit@1:0.013942	 hit@5:0.0450	 hit@10: 0.0735
target: 	 mrr: 0.038662	 ndcg_5: 0.0311	 ndcg_10: 0.0404	 hit@1:0.015046	 hit@5:0.0474	 hit@10: 0.0761
epoch 34: train_loss = 1.820772, source_mrr = 0.039168, source_hit@10 = 0.0735, source_ndcg@10 = 0.0391, target_mrr = 0.038662, target_hit@10 = 0.0761, target_ndcg@10 = 0.0404

2024-08-15 21:12:21.554225: step 6020/13760 (epoch 35/80), loss = 1.811043 (24.231 sec/epoch), lr: 0.002053
Evaluating on dev set...
..................................................................
source: 	 mrr: 0.037390	 ndcg_5: 0.0282	 ndcg_10: 0.0396	 hit@1:0.012041	 hit@5:0.0444	 hit@10: 0.0802
target: 	 mrr: 0.040638	 ndcg_5: 0.0340	 ndcg_10: 0.0423	 hit@1:0.015882	 hit@5:0.0527	 hit@10: 0.0783
epoch 35: train_loss = 1.811043, source_mrr = 0.037390, source_hit@10 = 0.0802, source_ndcg@10 = 0.0396, target_mrr = 0.040638, target_hit@10 = 0.0783, target_ndcg@10 = 0.0423

2024-08-15 21:12:46.768309: step 6192/13760 (epoch 36/80), loss = 1.810267 (24.573 sec/epoch), lr: 0.002053
Evaluating on dev set...
..................................................................
source: 	 mrr: 0.048304	 ndcg_5: 0.0391	 ndcg_10: 0.0512	 hit@1:0.019962	 hit@5:0.0593	 hit@10: 0.0973
target: 	 mrr: 0.042480	 ndcg_5: 0.0333	 ndcg_10: 0.0445	 hit@1:0.015046	 hit@5:0.0502	 hit@10: 0.0855
target best!
...................................target: 	 mrr: 0.039621	 ndcg_5: 0.0316	 ndcg_10: 0.0421	 hit@1:0.012408	 hit@5:0.0505	 hit@10: 0.0832
epoch 36: train_loss = 1.810267, source_mrr = 0.048304, source_hit@10 = 0.0973, source_ndcg@10 = 0.0512, target_mrr = 0.039621, target_hit@10 = 0.0832, target_ndcg@10 = 0.0421

2024-08-15 21:13:12.406955: step 6364/13760 (epoch 37/80), loss = 1.809348 (24.601 sec/epoch), lr: 0.002053
Evaluating on dev set...
..................................................................
source: 	 mrr: 0.046466	 ndcg_5: 0.0387	 ndcg_10: 0.0486	 hit@1:0.016160	 hit@5:0.0612	 hit@10: 0.0919
target: 	 mrr: 0.036891	 ndcg_5: 0.0289	 ndcg_10: 0.0384	 hit@1:0.010309	 hit@5:0.0465	 hit@10: 0.0755
epoch 37: train_loss = 1.809348, source_mrr = 0.046466, source_hit@10 = 0.0919, source_ndcg@10 = 0.0486, target_mrr = 0.036891, target_hit@10 = 0.0755, target_ndcg@10 = 0.0384

2024-08-15 21:13:37.441604: step 6536/13760 (epoch 38/80), loss = 1.798774 (24.388 sec/epoch), lr: 0.001951
Evaluating on dev set...
..................................................................
source: 	 mrr: 0.040089	 ndcg_5: 0.0310	 ndcg_10: 0.0421	 hit@1:0.012991	 hit@5:0.0491	 hit@10: 0.0840
target: 	 mrr: 0.039731	 ndcg_5: 0.0321	 ndcg_10: 0.0419	 hit@1:0.012817	 hit@5:0.0518	 hit@10: 0.0825
epoch 38: train_loss = 1.798774, source_mrr = 0.040089, source_hit@10 = 0.0840, source_ndcg@10 = 0.0421, target_mrr = 0.039731, target_hit@10 = 0.0825, target_ndcg@10 = 0.0419

2024-08-15 21:14:02.692428: step 6708/13760 (epoch 39/80), loss = 1.788339 (24.606 sec/epoch), lr: 0.001853
Evaluating on dev set...
..................................................................
source: 	 mrr: 0.041785	 ndcg_5: 0.0329	 ndcg_10: 0.0435	 hit@1:0.015209	 hit@5:0.0510	 hit@10: 0.0843
target: 	 mrr: 0.040687	 ndcg_5: 0.0315	 ndcg_10: 0.0443	 hit@1:0.013096	 hit@5:0.0493	 hit@10: 0.0894
epoch 39: train_loss = 1.788339, source_mrr = 0.041785, source_hit@10 = 0.0843, source_ndcg@10 = 0.0435, target_mrr = 0.040687, target_hit@10 = 0.0894, target_ndcg@10 = 0.0443

2024-08-15 21:14:27.978887: step 6880/13760 (epoch 40/80), loss = 1.785625 (24.576 sec/epoch), lr: 0.001853
Evaluating on dev set...
..................................................................
source: 	 mrr: 0.050148	 ndcg_5: 0.0420	 ndcg_10: 0.0529	 hit@1:0.020596	 hit@5:0.0637	 hit@10: 0.0973
target: 	 mrr: 0.040341	 ndcg_5: 0.0322	 ndcg_10: 0.0425	 hit@1:0.014767	 hit@5:0.0499	 hit@10: 0.0819
epoch 40: train_loss = 1.785625, source_mrr = 0.050148, source_hit@10 = 0.0973, source_ndcg@10 = 0.0529, target_mrr = 0.040341, target_hit@10 = 0.0819, target_ndcg@10 = 0.0425
shift to transfer learning mode

2024-08-15 21:14:53.761073: step 7052/13760 (epoch 41/80), loss = 2.114683 (25.124 sec/epoch), lr: 0.001853
Evaluating on dev set...
..................................................................
source: 	 mrr: 0.042834	 ndcg_5: 0.0358	 ndcg_10: 0.0455	 hit@1:0.013625	 hit@5:0.0570	 hit@10: 0.0875
target: 	 mrr: 0.038459	 ndcg_5: 0.0309	 ndcg_10: 0.0401	 hit@1:0.011981	 hit@5:0.0496	 hit@10: 0.0780
epoch 41: train_loss = 2.114683, source_mrr = 0.042834, source_hit@10 = 0.0875, source_ndcg@10 = 0.0455, target_mrr = 0.038459, target_hit@10 = 0.0780, target_ndcg@10 = 0.0401

2024-08-15 21:15:19.320411: step 7224/13760 (epoch 42/80), loss = 2.124202 (24.919 sec/epoch), lr: 0.001761
Evaluating on dev set...
..................................................................
source: 	 mrr: 0.047188	 ndcg_5: 0.0389	 ndcg_10: 0.0514	 hit@1:0.017110	 hit@5:0.0602	 hit@10: 0.0992
target: 	 mrr: 0.040119	 ndcg_5: 0.0322	 ndcg_10: 0.0429	 hit@1:0.015046	 hit@5:0.0496	 hit@10: 0.0833
epoch 42: train_loss = 2.124202, source_mrr = 0.047188, source_hit@10 = 0.0992, source_ndcg@10 = 0.0514, target_mrr = 0.040119, target_hit@10 = 0.0833, target_ndcg@10 = 0.0429

2024-08-15 21:15:44.763865: step 7396/13760 (epoch 43/80), loss = 2.137530 (24.798 sec/epoch), lr: 0.001761
Evaluating on dev set...
..................................................................
source: 	 mrr: 0.045834	 ndcg_5: 0.0372	 ndcg_10: 0.0476	 hit@1:0.017744	 hit@5:0.0564	 hit@10: 0.0890
target: 	 mrr: 0.033556	 ndcg_5: 0.0274	 ndcg_10: 0.0351	 hit@1:0.011702	 hit@5:0.0437	 hit@10: 0.0677
epoch 43: train_loss = 2.137530, source_mrr = 0.045834, source_hit@10 = 0.0890, source_ndcg@10 = 0.0476, target_mrr = 0.033556, target_hit@10 = 0.0677, target_ndcg@10 = 0.0351

2024-08-15 21:16:10.684155: step 7568/13760 (epoch 44/80), loss = 2.139687 (25.278 sec/epoch), lr: 0.001672
Evaluating on dev set...
..................................................................
source: 	 mrr: 0.042452	 ndcg_5: 0.0337	 ndcg_10: 0.0448	 hit@1:0.016160	 hit@5:0.0507	 hit@10: 0.0852
target: 	 mrr: 0.038677	 ndcg_5: 0.0310	 ndcg_10: 0.0406	 hit@1:0.012260	 hit@5:0.0504	 hit@10: 0.0802
epoch 44: train_loss = 2.139687, source_mrr = 0.042452, source_hit@10 = 0.0852, source_ndcg@10 = 0.0448, target_mrr = 0.038677, target_hit@10 = 0.0802, target_ndcg@10 = 0.0406

2024-08-15 21:16:36.033454: step 7740/13760 (epoch 45/80), loss = 2.137195 (24.712 sec/epoch), lr: 0.001672
Evaluating on dev set...
..................................................................
source: 	 mrr: 0.038569	 ndcg_5: 0.0305	 ndcg_10: 0.0416	 hit@1:0.012357	 hit@5:0.0488	 hit@10: 0.0833
target: 	 mrr: 0.040540	 ndcg_5: 0.0319	 ndcg_10: 0.0425	 hit@1:0.013096	 hit@5:0.0499	 hit@10: 0.0828
epoch 45: train_loss = 2.137195, source_mrr = 0.038569, source_hit@10 = 0.0833, source_ndcg@10 = 0.0416, target_mrr = 0.040540, target_hit@10 = 0.0828, target_ndcg@10 = 0.0425

2024-08-15 21:17:01.519240: step 7912/13760 (epoch 46/80), loss = 2.130621 (24.805 sec/epoch), lr: 0.001589
Evaluating on dev set...
..................................................................
source: 	 mrr: 0.042047	 ndcg_5: 0.0340	 ndcg_10: 0.0457	 hit@1:0.012991	 hit@5:0.0554	 hit@10: 0.0919
target: 	 mrr: 0.041419	 ndcg_5: 0.0353	 ndcg_10: 0.0433	 hit@1:0.018390	 hit@5:0.0521	 hit@10: 0.0766
epoch 46: train_loss = 2.130621, source_mrr = 0.042047, source_hit@10 = 0.0919, source_ndcg@10 = 0.0457, target_mrr = 0.041419, target_hit@10 = 0.0766, target_ndcg@10 = 0.0433

2024-08-15 21:17:26.840045: step 8084/13760 (epoch 47/80), loss = 2.126613 (24.668 sec/epoch), lr: 0.001589
Evaluating on dev set...
..................................................................
source: 	 mrr: 0.049182	 ndcg_5: 0.0412	 ndcg_10: 0.0517	 hit@1:0.019962	 hit@5:0.0634	 hit@10: 0.0954
target: 	 mrr: 0.040317	 ndcg_5: 0.0331	 ndcg_10: 0.0432	 hit@1:0.013653	 hit@5:0.0524	 hit@10: 0.0839
epoch 47: train_loss = 2.126613, source_mrr = 0.049182, source_hit@10 = 0.0954, source_ndcg@10 = 0.0517, target_mrr = 0.040317, target_hit@10 = 0.0839, target_ndcg@10 = 0.0432

2024-08-15 21:17:52.179464: step 8256/13760 (epoch 48/80), loss = 2.125824 (24.679 sec/epoch), lr: 0.001589
Evaluating on dev set...
..................................................................
source: 	 mrr: 0.047327	 ndcg_5: 0.0393	 ndcg_10: 0.0497	 hit@1:0.019645	 hit@5:0.0589	 hit@10: 0.0916
target: 	 mrr: 0.038186	 ndcg_5: 0.0313	 ndcg_10: 0.0410	 hit@1:0.011424	 hit@5:0.0510	 hit@10: 0.0811
epoch 48: train_loss = 2.125824, source_mrr = 0.047327, source_hit@10 = 0.0916, source_ndcg@10 = 0.0497, target_mrr = 0.038186, target_hit@10 = 0.0811, target_ndcg@10 = 0.0410

2024-08-15 21:18:17.304972: step 8428/13760 (epoch 49/80), loss = 2.119557 (24.480 sec/epoch), lr: 0.001509
Evaluating on dev set...
..................................................................
source: 	 mrr: 0.048825	 ndcg_5: 0.0401	 ndcg_10: 0.0510	 hit@1:0.020913	 hit@5:0.0593	 hit@10: 0.0928
target: 	 mrr: 0.041766	 ndcg_5: 0.0323	 ndcg_10: 0.0444	 hit@1:0.014767	 hit@5:0.0502	 hit@10: 0.0880
epoch 49: train_loss = 2.119557, source_mrr = 0.048825, source_hit@10 = 0.0928, source_ndcg@10 = 0.0510, target_mrr = 0.041766, target_hit@10 = 0.0880, target_ndcg@10 = 0.0444

2024-08-15 21:18:42.880834: step 8600/13760 (epoch 50/80), loss = 2.113860 (24.939 sec/epoch), lr: 0.001509
Evaluating on dev set...
..................................................................
source: 	 mrr: 0.045676	 ndcg_5: 0.0362	 ndcg_10: 0.0483	 hit@1:0.019645	 hit@5:0.0523	 hit@10: 0.0903
target: 	 mrr: 0.039536	 ndcg_5: 0.0303	 ndcg_10: 0.0406	 hit@1:0.016718	 hit@5:0.0449	 hit@10: 0.0769
epoch 50: train_loss = 2.113860, source_mrr = 0.045676, source_hit@10 = 0.0903, source_ndcg@10 = 0.0483, target_mrr = 0.039536, target_hit@10 = 0.0769, target_ndcg@10 = 0.0406

2024-08-15 21:19:08.247814: step 8772/13760 (epoch 51/80), loss = 2.108482 (24.709 sec/epoch), lr: 0.001434
Evaluating on dev set...
..................................................................
source: 	 mrr: 0.048700	 ndcg_5: 0.0418	 ndcg_10: 0.0524	 hit@1:0.018061	 hit@5:0.0653	 hit@10: 0.0976
target: 	 mrr: 0.035340	 ndcg_5: 0.0268	 ndcg_10: 0.0371	 hit@1:0.010588	 hit@5:0.0432	 hit@10: 0.0752
epoch 51: train_loss = 2.108482, source_mrr = 0.048700, source_hit@10 = 0.0976, source_ndcg@10 = 0.0524, target_mrr = 0.035340, target_hit@10 = 0.0752, target_ndcg@10 = 0.0371

2024-08-15 21:19:33.457253: step 8944/13760 (epoch 52/80), loss = 2.097018 (24.557 sec/epoch), lr: 0.001362
Evaluating on dev set...
..................................................................
source: 	 mrr: 0.048465	 ndcg_5: 0.0391	 ndcg_10: 0.0501	 hit@1:0.021863	 hit@5:0.0561	 hit@10: 0.0903
target: 	 mrr: 0.041433	 ndcg_5: 0.0330	 ndcg_10: 0.0446	 hit@1:0.015325	 hit@5:0.0507	 hit@10: 0.0867
epoch 52: train_loss = 2.097018, source_mrr = 0.048465, source_hit@10 = 0.0903, source_ndcg@10 = 0.0501, target_mrr = 0.041433, target_hit@10 = 0.0867, target_ndcg@10 = 0.0446

2024-08-15 21:19:59.364909: step 9116/13760 (epoch 53/80), loss = 2.093367 (25.260 sec/epoch), lr: 0.001362
Evaluating on dev set...
..................................................................
source: 	 mrr: 0.038875	 ndcg_5: 0.0312	 ndcg_10: 0.0400	 hit@1:0.012991	 hit@5:0.0501	 hit@10: 0.0773
target: 	 mrr: 0.037270	 ndcg_5: 0.0308	 ndcg_10: 0.0402	 hit@1:0.011145	 hit@5:0.0493	 hit@10: 0.0786
epoch 53: train_loss = 2.093367, source_mrr = 0.038875, source_hit@10 = 0.0773, source_ndcg@10 = 0.0400, target_mrr = 0.037270, target_hit@10 = 0.0786, target_ndcg@10 = 0.0402

2024-08-15 21:20:24.941765: step 9288/13760 (epoch 54/80), loss = 2.087218 (24.912 sec/epoch), lr: 0.001294
Evaluating on dev set...
..................................................................
source: 	 mrr: 0.041899	 ndcg_5: 0.0347	 ndcg_10: 0.0458	 hit@1:0.013308	 hit@5:0.0558	 hit@10: 0.0903
target: 	 mrr: 0.039366	 ndcg_5: 0.0316	 ndcg_10: 0.0413	 hit@1:0.013374	 hit@5:0.0490	 hit@10: 0.0791
epoch 54: train_loss = 2.087218, source_mrr = 0.041899, source_hit@10 = 0.0903, source_ndcg@10 = 0.0458, target_mrr = 0.039366, target_hit@10 = 0.0791, target_ndcg@10 = 0.0413

2024-08-15 21:20:50.088872: step 9460/13760 (epoch 55/80), loss = 2.082793 (24.508 sec/epoch), lr: 0.001294
Evaluating on dev set...
..................................................................
source: 	 mrr: 0.034397	 ndcg_5: 0.0256	 ndcg_10: 0.0362	 hit@1:0.009506	 hit@5:0.0418	 hit@10: 0.0748
target: 	 mrr: 0.040254	 ndcg_5: 0.0332	 ndcg_10: 0.0418	 hit@1:0.013931	 hit@5:0.0524	 hit@10: 0.0791
epoch 55: train_loss = 2.082793, source_mrr = 0.034397, source_hit@10 = 0.0748, source_ndcg@10 = 0.0362, target_mrr = 0.040254, target_hit@10 = 0.0791, target_ndcg@10 = 0.0418

2024-08-15 21:21:15.574036: step 9632/13760 (epoch 56/80), loss = 2.079838 (24.843 sec/epoch), lr: 0.001229
Evaluating on dev set...
..................................................................
source: 	 mrr: 0.040196	 ndcg_5: 0.0310	 ndcg_10: 0.0425	 hit@1:0.012674	 hit@5:0.0491	 hit@10: 0.0849
target: 	 mrr: 0.039412	 ndcg_5: 0.0327	 ndcg_10: 0.0423	 hit@1:0.013931	 hit@5:0.0524	 hit@10: 0.0825
epoch 56: train_loss = 2.079838, source_mrr = 0.040196, source_hit@10 = 0.0849, source_ndcg@10 = 0.0425, target_mrr = 0.039412, target_hit@10 = 0.0825, target_ndcg@10 = 0.0423

2024-08-15 21:21:40.980955: step 9804/13760 (epoch 57/80), loss = 2.071449 (24.767 sec/epoch), lr: 0.001229
Evaluating on dev set...
..................................................................
source: 	 mrr: 0.042329	 ndcg_5: 0.0340	 ndcg_10: 0.0430	 hit@1:0.017110	 hit@5:0.0520	 hit@10: 0.0802
target: 	 mrr: 0.041907	 ndcg_5: 0.0340	 ndcg_10: 0.0442	 hit@1:0.015046	 hit@5:0.0529	 hit@10: 0.0844
epoch 57: train_loss = 2.071449, source_mrr = 0.042329, source_hit@10 = 0.0802, source_ndcg@10 = 0.0430, target_mrr = 0.041907, target_hit@10 = 0.0844, target_ndcg@10 = 0.0442

2024-08-15 21:22:06.408583: step 9976/13760 (epoch 58/80), loss = 2.076984 (24.790 sec/epoch), lr: 0.001229
Evaluating on dev set...
..................................................................
source: 	 mrr: 0.046531	 ndcg_5: 0.0392	 ndcg_10: 0.0492	 hit@1:0.018061	 hit@5:0.0596	 hit@10: 0.0913
target: 	 mrr: 0.036940	 ndcg_5: 0.0292	 ndcg_10: 0.0387	 hit@1:0.012260	 hit@5:0.0457	 hit@10: 0.0758
epoch 58: train_loss = 2.076984, source_mrr = 0.046531, source_hit@10 = 0.0913, source_ndcg@10 = 0.0492, target_mrr = 0.036940, target_hit@10 = 0.0758, target_ndcg@10 = 0.0387

2024-08-15 21:22:32.454023: step 10148/13760 (epoch 59/80), loss = 2.071954 (25.404 sec/epoch), lr: 0.001168
Evaluating on dev set...
..................................................................
source: 	 mrr: 0.041606	 ndcg_5: 0.0335	 ndcg_10: 0.0438	 hit@1:0.013942	 hit@5:0.0523	 hit@10: 0.0849
target: 	 mrr: 0.040977	 ndcg_5: 0.0317	 ndcg_10: 0.0436	 hit@1:0.013374	 hit@5:0.0493	 hit@10: 0.0864
epoch 59: train_loss = 2.071954, source_mrr = 0.041606, source_hit@10 = 0.0849, source_ndcg@10 = 0.0438, target_mrr = 0.040977, target_hit@10 = 0.0864, target_ndcg@10 = 0.0436

2024-08-15 21:22:57.861532: step 10320/13760 (epoch 60/80), loss = 2.063875 (24.771 sec/epoch), lr: 0.001110
Evaluating on dev set...
..................................................................
source: 	 mrr: 0.042489	 ndcg_5: 0.0344	 ndcg_10: 0.0446	 hit@1:0.015526	 hit@5:0.0532	 hit@10: 0.0852
target: 	 mrr: 0.034787	 ndcg_5: 0.0284	 ndcg_10: 0.0372	 hit@1:0.010031	 hit@5:0.0474	 hit@10: 0.0750
epoch 60: train_loss = 2.063875, source_mrr = 0.042489, source_hit@10 = 0.0852, source_ndcg@10 = 0.0446, target_mrr = 0.034787, target_hit@10 = 0.0750, target_ndcg@10 = 0.0372

2024-08-15 21:23:23.504743: step 10492/13760 (epoch 61/80), loss = 2.054295 (24.979 sec/epoch), lr: 0.001054
Evaluating on dev set...
..................................................................
source: 	 mrr: 0.036536	 ndcg_5: 0.0280	 ndcg_10: 0.0378	 hit@1:0.012357	 hit@5:0.0434	 hit@10: 0.0741
target: 	 mrr: 0.038824	 ndcg_5: 0.0301	 ndcg_10: 0.0415	 hit@1:0.011424	 hit@5:0.0493	 hit@10: 0.0853
epoch 61: train_loss = 2.054295, source_mrr = 0.036536, source_hit@10 = 0.0741, source_ndcg@10 = 0.0378, target_mrr = 0.038824, target_hit@10 = 0.0853, target_ndcg@10 = 0.0415
early termination of training
source best:  source_mrr = 0.052079, source_hit@10 = 0.1061, source_ndcg@10 = 0.0570
target best:  target_mrr = 0.040687, target_hit@10 = 0.0894, target_ndcg@10 = 0.0443
