using gpu:1 to train the model
using gpu:1 to train the model
cuda:1
Namespace(A_split=False, JK='sum', a_fold=100, aggregate=False, alpha=0.5, batch_size=2048, beta_inter=0.4, conv_layers=4, cuda=True, decay_epoch=10, device=device(type='cuda', index=1), device_id='1', domains='cloth_sport', dropout=0.4, epoch=80, feature_dim=126, gamma_intra=0.8, hidden_dim=126, inter_tau=0.2, intra_tau=0.4, lambda_critic=0.5, leakey=0.05, load=False, log='logs.txt', log_epoch=1, lr=0.004, lr_decay=0.95, min_epoch=60, mode='train', model_file=None, model_name='cs', momentum=0.98, num_latent_factors=3, num_negative=100, optim='adam', patience=20, proj_layers=1, projection=1, rectify_epoch=40, residual=1, save=False, save_dir='./saved_models', seed=32, similarity_tau=0.2, step=5, test_sample_number=999, user_batch_size=256, weight_decay=0.0002)
number_user 41829
number_item 17943
real graph loaded!
number_user 27328
number_item 12655
real graph loaded!
graph loaded!
Loading data from cloth_sport with batch size 2048...
unseen test: 0
test length: 3156
unseen test: 0
test length: 3085
unseen test: 0
test length: 3589
unseen test: 0
test length: 3546
source_user_num 41829
target_user_num 27328
source_item_num 17943
target_item_num 12655
shared users id: 7857
test users 990, 982
unseen test: 0
dev length: 1000
unseen test: 0
dev length: 1000
source train data : 187880, target train data: 163291, source test data : 3085, target test data : 3546, source dev data : 1000, target dev data : 1000
2024-08-15 19:03:12.870960: step 172/13760 (epoch 1/80), loss = 2.649540 (25.729 sec/epoch), lr: 0.004000
Evaluating on dev set...
..................................................................
source: 	 mrr: 0.033991	 ndcg_5: 0.0257	 ndcg_10: 0.0342	 hit@1:0.011407	 hit@5:0.0396	 hit@10: 0.0662
target: 	 mrr: 0.029123	 ndcg_5: 0.0217	 ndcg_10: 0.0291	 hit@1:0.009195	 hit@5:0.0346	 hit@10: 0.0571
source best!
..............................
source: 	 mrr: 0.030664	 ndcg_5: 0.0221	 ndcg_10: 0.0300	 hit@1:0.009076	 hit@5:0.0347	 hit@10: 0.0593
target best!
...................................target: 	 mrr: 0.029926	 ndcg_5: 0.0228	 ndcg_10: 0.0287	 hit@1:0.010716	 hit@5:0.0350	 hit@10: 0.0533
epoch 1: train_loss = 2.649540, source_mrr = 0.030664, source_hit@10 = 0.0593, source_ndcg@10 = 0.0300, target_mrr = 0.029926, target_hit@10 = 0.0533, target_ndcg@10 = 0.0287

2024-08-15 19:03:40.068133: step 344/13760 (epoch 2/80), loss = 2.212531 (25.765 sec/epoch), lr: 0.004000
Evaluating on dev set...
..................................................................
source: 	 mrr: 0.042495	 ndcg_5: 0.0331	 ndcg_10: 0.0456	 hit@1:0.014575	 hit@5:0.0520	 hit@10: 0.0913
target: 	 mrr: 0.035456	 ndcg_5: 0.0271	 ndcg_10: 0.0386	 hit@1:0.008359	 hit@5:0.0468	 hit@10: 0.0828
source best!
..............................
source: 	 mrr: 0.042309	 ndcg_5: 0.0332	 ndcg_10: 0.0448	 hit@1:0.014587	 hit@5:0.0519	 hit@10: 0.0875
target best!
...................................target: 	 mrr: 0.037587	 ndcg_5: 0.0292	 ndcg_10: 0.0410	 hit@1:0.011844	 hit@5:0.0479	 hit@10: 0.0843
epoch 2: train_loss = 2.212531, source_mrr = 0.042309, source_hit@10 = 0.0875, source_ndcg@10 = 0.0448, target_mrr = 0.037587, target_hit@10 = 0.0843, target_ndcg@10 = 0.0410

2024-08-15 19:04:07.210026: step 516/13760 (epoch 3/80), loss = 2.013849 (25.740 sec/epoch), lr: 0.004000
Evaluating on dev set...
..................................................................
source: 	 mrr: 0.039409	 ndcg_5: 0.0312	 ndcg_10: 0.0404	 hit@1:0.013308	 hit@5:0.0497	 hit@10: 0.0789
target: 	 mrr: 0.035843	 ndcg_5: 0.0275	 ndcg_10: 0.0360	 hit@1:0.011702	 hit@5:0.0429	 hit@10: 0.0694
target best!
...................................target: 	 mrr: 0.033265	 ndcg_5: 0.0248	 ndcg_10: 0.0342	 hit@1:0.009588	 hit@5:0.0409	 hit@10: 0.0705
epoch 3: train_loss = 2.013849, source_mrr = 0.039409, source_hit@10 = 0.0789, source_ndcg@10 = 0.0404, target_mrr = 0.033265, target_hit@10 = 0.0705, target_ndcg@10 = 0.0342

2024-08-15 19:04:34.239329: step 688/13760 (epoch 4/80), loss = 1.948854 (25.925 sec/epoch), lr: 0.004000
Evaluating on dev set...
..................................................................
source: 	 mrr: 0.042192	 ndcg_5: 0.0329	 ndcg_10: 0.0438	 hit@1:0.015526	 hit@5:0.0507	 hit@10: 0.0846
target: 	 mrr: 0.032693	 ndcg_5: 0.0250	 ndcg_10: 0.0347	 hit@1:0.008080	 hit@5:0.0424	 hit@10: 0.0719
epoch 4: train_loss = 1.948854, source_mrr = 0.042192, source_hit@10 = 0.0846, source_ndcg@10 = 0.0438, target_mrr = 0.032693, target_hit@10 = 0.0719, target_ndcg@10 = 0.0347

2024-08-15 19:05:00.579924: step 860/13760 (epoch 5/80), loss = 1.913483 (25.609 sec/epoch), lr: 0.004000
Evaluating on dev set...
..................................................................
source: 	 mrr: 0.042083	 ndcg_5: 0.0339	 ndcg_10: 0.0442	 hit@1:0.013625	 hit@5:0.0542	 hit@10: 0.0865
target: 	 mrr: 0.028945	 ndcg_5: 0.0195	 ndcg_10: 0.0293	 hit@1:0.006130	 hit@5:0.0326	 hit@10: 0.0630
epoch 5: train_loss = 1.913483, source_mrr = 0.042083, source_hit@10 = 0.0865, source_ndcg@10 = 0.0442, target_mrr = 0.028945, target_hit@10 = 0.0630, target_ndcg@10 = 0.0293

2024-08-15 19:05:27.076220: step 1032/13760 (epoch 6/80), loss = 1.891722 (25.743 sec/epoch), lr: 0.004000
Evaluating on dev set...
..................................................................
source: 	 mrr: 0.041526	 ndcg_5: 0.0312	 ndcg_10: 0.0422	 hit@1:0.014259	 hit@5:0.0488	 hit@10: 0.0833
target: 	 mrr: 0.025418	 ndcg_5: 0.0170	 ndcg_10: 0.0252	 hit@1:0.006130	 hit@5:0.0284	 hit@10: 0.0541
epoch 6: train_loss = 1.891722, source_mrr = 0.041526, source_hit@10 = 0.0833, source_ndcg@10 = 0.0422, target_mrr = 0.025418, target_hit@10 = 0.0541, target_ndcg@10 = 0.0252

2024-08-15 19:05:53.399190: step 1204/13760 (epoch 7/80), loss = 1.870628 (25.585 sec/epoch), lr: 0.004000
Evaluating on dev set...
..................................................................
source: 	 mrr: 0.047314	 ndcg_5: 0.0393	 ndcg_10: 0.0506	 hit@1:0.016793	 hit@5:0.0608	 hit@10: 0.0960
target: 	 mrr: 0.040000	 ndcg_5: 0.0308	 ndcg_10: 0.0421	 hit@1:0.012817	 hit@5:0.0496	 hit@10: 0.0847
source best!
..............................
source: 	 mrr: 0.040184	 ndcg_5: 0.0315	 ndcg_10: 0.0429	 hit@1:0.012966	 hit@5:0.0502	 hit@10: 0.0859
target best!
...................................target: 	 mrr: 0.040539	 ndcg_5: 0.0314	 ndcg_10: 0.0443	 hit@1:0.010998	 hit@5:0.0519	 hit@10: 0.0917
epoch 7: train_loss = 1.870628, source_mrr = 0.040184, source_hit@10 = 0.0859, source_ndcg@10 = 0.0429, target_mrr = 0.040539, target_hit@10 = 0.0917, target_ndcg@10 = 0.0443

2024-08-15 19:06:20.588638: step 1376/13760 (epoch 8/80), loss = 1.856483 (25.752 sec/epoch), lr: 0.004000
Evaluating on dev set...
..................................................................
source: 	 mrr: 0.047034	 ndcg_5: 0.0385	 ndcg_10: 0.0501	 hit@1:0.017744	 hit@5:0.0596	 hit@10: 0.0954
target: 	 mrr: 0.039890	 ndcg_5: 0.0310	 ndcg_10: 0.0427	 hit@1:0.013653	 hit@5:0.0493	 hit@10: 0.0855
epoch 8: train_loss = 1.856483, source_mrr = 0.047034, source_hit@10 = 0.0954, source_ndcg@10 = 0.0501, target_mrr = 0.039890, target_hit@10 = 0.0855, target_ndcg@10 = 0.0427

2024-08-15 19:06:47.270349: step 1548/13760 (epoch 9/80), loss = 1.843750 (25.939 sec/epoch), lr: 0.004000
Evaluating on dev set...
..................................................................
source: 	 mrr: 0.042631	 ndcg_5: 0.0340	 ndcg_10: 0.0451	 hit@1:0.013625	 hit@5:0.0535	 hit@10: 0.0884
target: 	 mrr: 0.039868	 ndcg_5: 0.0317	 ndcg_10: 0.0421	 hit@1:0.011981	 hit@5:0.0510	 hit@10: 0.0833
epoch 9: train_loss = 1.843750, source_mrr = 0.042631, source_hit@10 = 0.0884, source_ndcg@10 = 0.0451, target_mrr = 0.039868, target_hit@10 = 0.0833, target_ndcg@10 = 0.0421

2024-08-15 19:07:14.062881: step 1720/13760 (epoch 10/80), loss = 1.824569 (26.053 sec/epoch), lr: 0.004000
Evaluating on dev set...
..................................................................
source: 	 mrr: 0.044999	 ndcg_5: 0.0369	 ndcg_10: 0.0499	 hit@1:0.015843	 hit@5:0.0593	 hit@10: 0.0995
target: 	 mrr: 0.036855	 ndcg_5: 0.0284	 ndcg_10: 0.0393	 hit@1:0.012260	 hit@5:0.0449	 hit@10: 0.0791
epoch 10: train_loss = 1.824569, source_mrr = 0.044999, source_hit@10 = 0.0995, source_ndcg@10 = 0.0499, target_mrr = 0.036855, target_hit@10 = 0.0791, target_ndcg@10 = 0.0393

2024-08-15 19:07:40.369278: step 1892/13760 (epoch 11/80), loss = 1.807392 (25.577 sec/epoch), lr: 0.004000
Evaluating on dev set...
..................................................................
source: 	 mrr: 0.039642	 ndcg_5: 0.0296	 ndcg_10: 0.0423	 hit@1:0.012991	 hit@5:0.0463	 hit@10: 0.0859
target: 	 mrr: 0.030262	 ndcg_5: 0.0213	 ndcg_10: 0.0307	 hit@1:0.007244	 hit@5:0.0365	 hit@10: 0.0658
epoch 11: train_loss = 1.807392, source_mrr = 0.039642, source_hit@10 = 0.0859, source_ndcg@10 = 0.0423, target_mrr = 0.030262, target_hit@10 = 0.0658, target_ndcg@10 = 0.0307

2024-08-15 19:08:07.102009: step 2064/13760 (epoch 12/80), loss = 1.792919 (25.994 sec/epoch), lr: 0.003800
Evaluating on dev set...
..................................................................
source: 	 mrr: 0.044620	 ndcg_5: 0.0356	 ndcg_10: 0.0481	 hit@1:0.015526	 hit@5:0.0554	 hit@10: 0.0951
target: 	 mrr: 0.031879	 ndcg_5: 0.0240	 ndcg_10: 0.0335	 hit@1:0.007802	 hit@5:0.0407	 hit@10: 0.0702
epoch 12: train_loss = 1.792919, source_mrr = 0.044620, source_hit@10 = 0.0951, source_ndcg@10 = 0.0481, target_mrr = 0.031879, target_hit@10 = 0.0702, target_ndcg@10 = 0.0335

2024-08-15 19:08:32.634361: step 2236/13760 (epoch 13/80), loss = 1.787907 (24.797 sec/epoch), lr: 0.003800
Evaluating on dev set...
..................................................................
source: 	 mrr: 0.041728	 ndcg_5: 0.0337	 ndcg_10: 0.0431	 hit@1:0.014575	 hit@5:0.0529	 hit@10: 0.0821
target: 	 mrr: 0.030420	 ndcg_5: 0.0236	 ndcg_10: 0.0301	 hit@1:0.010588	 hit@5:0.0376	 hit@10: 0.0580
epoch 13: train_loss = 1.787907, source_mrr = 0.041728, source_hit@10 = 0.0821, source_ndcg@10 = 0.0431, target_mrr = 0.030420, target_hit@10 = 0.0580, target_ndcg@10 = 0.0301

2024-08-15 19:08:59.292985: step 2408/13760 (epoch 14/80), loss = 1.774384 (25.923 sec/epoch), lr: 0.003610
Evaluating on dev set...
..................................................................
source: 	 mrr: 0.042693	 ndcg_5: 0.0345	 ndcg_10: 0.0451	 hit@1:0.015526	 hit@5:0.0545	 hit@10: 0.0878
target: 	 mrr: 0.038093	 ndcg_5: 0.0289	 ndcg_10: 0.0401	 hit@1:0.011145	 hit@5:0.0471	 hit@10: 0.0822
epoch 14: train_loss = 1.774384, source_mrr = 0.042693, source_hit@10 = 0.0878, source_ndcg@10 = 0.0451, target_mrr = 0.038093, target_hit@10 = 0.0822, target_ndcg@10 = 0.0401

2024-08-15 19:09:25.638303: step 2580/13760 (epoch 15/80), loss = 1.771624 (25.602 sec/epoch), lr: 0.003610
Evaluating on dev set...
..................................................................
source: 	 mrr: 0.043168	 ndcg_5: 0.0345	 ndcg_10: 0.0463	 hit@1:0.013625	 hit@5:0.0554	 hit@10: 0.0919
target: 	 mrr: 0.038861	 ndcg_5: 0.0304	 ndcg_10: 0.0424	 hit@1:0.012538	 hit@5:0.0493	 hit@10: 0.0861
epoch 15: train_loss = 1.771624, source_mrr = 0.043168, source_hit@10 = 0.0919, source_ndcg@10 = 0.0463, target_mrr = 0.038861, target_hit@10 = 0.0861, target_ndcg@10 = 0.0424

2024-08-15 19:09:51.774908: step 2752/13760 (epoch 16/80), loss = 1.764946 (25.392 sec/epoch), lr: 0.003610
Evaluating on dev set...
..................................................................
source: 	 mrr: 0.040735	 ndcg_5: 0.0322	 ndcg_10: 0.0426	 hit@1:0.014575	 hit@5:0.0516	 hit@10: 0.0840
target: 	 mrr: 0.031055	 ndcg_5: 0.0234	 ndcg_10: 0.0308	 hit@1:0.010309	 hit@5:0.0368	 hit@10: 0.0596
epoch 16: train_loss = 1.764946, source_mrr = 0.040735, source_hit@10 = 0.0840, source_ndcg@10 = 0.0426, target_mrr = 0.031055, target_hit@10 = 0.0596, target_ndcg@10 = 0.0308

2024-08-15 19:10:18.485279: step 2924/13760 (epoch 17/80), loss = 1.751704 (25.981 sec/epoch), lr: 0.003429
Evaluating on dev set...
..................................................................
source: 	 mrr: 0.044803	 ndcg_5: 0.0360	 ndcg_10: 0.0472	 hit@1:0.016477	 hit@5:0.0564	 hit@10: 0.0916
target: 	 mrr: 0.028806	 ndcg_5: 0.0210	 ndcg_10: 0.0288	 hit@1:0.009752	 hit@5:0.0320	 hit@10: 0.0563
epoch 17: train_loss = 1.751704, source_mrr = 0.044803, source_hit@10 = 0.0916, source_ndcg@10 = 0.0472, target_mrr = 0.028806, target_hit@10 = 0.0563, target_ndcg@10 = 0.0288

2024-08-15 19:10:44.841304: step 3096/13760 (epoch 18/80), loss = 1.745992 (25.618 sec/epoch), lr: 0.003429
Evaluating on dev set...
..................................................................
source: 	 mrr: 0.042401	 ndcg_5: 0.0325	 ndcg_10: 0.0445	 hit@1:0.013942	 hit@5:0.0520	 hit@10: 0.0890
target: 	 mrr: 0.037943	 ndcg_5: 0.0312	 ndcg_10: 0.0400	 hit@1:0.012817	 hit@5:0.0499	 hit@10: 0.0772
epoch 18: train_loss = 1.745992, source_mrr = 0.042401, source_hit@10 = 0.0890, source_ndcg@10 = 0.0445, target_mrr = 0.037943, target_hit@10 = 0.0772, target_ndcg@10 = 0.0400

2024-08-15 19:11:11.485445: step 3268/13760 (epoch 19/80), loss = 1.737698 (25.910 sec/epoch), lr: 0.003429
Evaluating on dev set...
..................................................................
source: 	 mrr: 0.044472	 ndcg_5: 0.0360	 ndcg_10: 0.0476	 hit@1:0.016160	 hit@5:0.0570	 hit@10: 0.0932
target: 	 mrr: 0.042005	 ndcg_5: 0.0350	 ndcg_10: 0.0446	 hit@1:0.014489	 hit@5:0.0574	 hit@10: 0.0875
target best!
...................................target: 	 mrr: 0.041097	 ndcg_5: 0.0323	 ndcg_10: 0.0419	 hit@1:0.013254	 hit@5:0.0505	 hit@10: 0.0804
epoch 19: train_loss = 1.737698, source_mrr = 0.044472, source_hit@10 = 0.0932, source_ndcg@10 = 0.0476, target_mrr = 0.041097, target_hit@10 = 0.0804, target_ndcg@10 = 0.0419

2024-08-15 19:11:38.102542: step 3440/13760 (epoch 20/80), loss = 1.732779 (25.521 sec/epoch), lr: 0.003429
Evaluating on dev set...
..................................................................
source: 	 mrr: 0.044790	 ndcg_5: 0.0340	 ndcg_10: 0.0487	 hit@1:0.016793	 hit@5:0.0523	 hit@10: 0.0976
target: 	 mrr: 0.040302	 ndcg_5: 0.0306	 ndcg_10: 0.0419	 hit@1:0.013374	 hit@5:0.0479	 hit@10: 0.0833
epoch 20: train_loss = 1.732779, source_mrr = 0.044790, source_hit@10 = 0.0976, source_ndcg@10 = 0.0487, target_mrr = 0.040302, target_hit@10 = 0.0833, target_ndcg@10 = 0.0419

2024-08-15 19:12:04.216611: step 3612/13760 (epoch 21/80), loss = 1.719364 (25.379 sec/epoch), lr: 0.003258
Evaluating on dev set...
..................................................................
source: 	 mrr: 0.045692	 ndcg_5: 0.0373	 ndcg_10: 0.0500	 hit@1:0.015526	 hit@5:0.0596	 hit@10: 0.0992
target: 	 mrr: 0.033762	 ndcg_5: 0.0263	 ndcg_10: 0.0348	 hit@1:0.010031	 hit@5:0.0429	 hit@10: 0.0697
epoch 21: train_loss = 1.719364, source_mrr = 0.045692, source_hit@10 = 0.0992, source_ndcg@10 = 0.0500, target_mrr = 0.033762, target_hit@10 = 0.0697, target_ndcg@10 = 0.0348

2024-08-15 19:12:30.503274: step 3784/13760 (epoch 22/80), loss = 1.709062 (25.541 sec/epoch), lr: 0.003095
Evaluating on dev set...
..................................................................
source: 	 mrr: 0.043981	 ndcg_5: 0.0370	 ndcg_10: 0.0482	 hit@1:0.015843	 hit@5:0.0605	 hit@10: 0.0951
target: 	 mrr: 0.030922	 ndcg_5: 0.0228	 ndcg_10: 0.0324	 hit@1:0.007802	 hit@5:0.0387	 hit@10: 0.0688
epoch 22: train_loss = 1.709062, source_mrr = 0.043981, source_hit@10 = 0.0951, source_ndcg@10 = 0.0482, target_mrr = 0.030922, target_hit@10 = 0.0688, target_ndcg@10 = 0.0324

2024-08-15 19:12:56.671035: step 3956/13760 (epoch 23/80), loss = 1.695200 (25.423 sec/epoch), lr: 0.002940
Evaluating on dev set...
..................................................................
source: 	 mrr: 0.040465	 ndcg_5: 0.0320	 ndcg_10: 0.0430	 hit@1:0.012991	 hit@5:0.0510	 hit@10: 0.0856
target: 	 mrr: 0.029204	 ndcg_5: 0.0231	 ndcg_10: 0.0289	 hit@1:0.010588	 hit@5:0.0365	 hit@10: 0.0546
epoch 23: train_loss = 1.695200, source_mrr = 0.040465, source_hit@10 = 0.0856, source_ndcg@10 = 0.0430, target_mrr = 0.029204, target_hit@10 = 0.0546, target_ndcg@10 = 0.0289

2024-08-15 19:13:22.746766: step 4128/13760 (epoch 24/80), loss = 1.682108 (25.339 sec/epoch), lr: 0.002793
Evaluating on dev set...
..................................................................
source: 	 mrr: 0.038854	 ndcg_5: 0.0297	 ndcg_10: 0.0403	 hit@1:0.013625	 hit@5:0.0463	 hit@10: 0.0792
target: 	 mrr: 0.039659	 ndcg_5: 0.0321	 ndcg_10: 0.0430	 hit@1:0.012817	 hit@5:0.0515	 hit@10: 0.0853
epoch 24: train_loss = 1.682108, source_mrr = 0.038854, source_hit@10 = 0.0792, source_ndcg@10 = 0.0403, target_mrr = 0.039659, target_hit@10 = 0.0853, target_ndcg@10 = 0.0430

2024-08-15 19:13:49.222449: step 4300/13760 (epoch 25/80), loss = 1.676769 (25.746 sec/epoch), lr: 0.002793
Evaluating on dev set...
..................................................................
source: 	 mrr: 0.041908	 ndcg_5: 0.0333	 ndcg_10: 0.0452	 hit@1:0.014575	 hit@5:0.0529	 hit@10: 0.0903
target: 	 mrr: 0.036404	 ndcg_5: 0.0280	 ndcg_10: 0.0384	 hit@1:0.009473	 hit@5:0.0460	 hit@10: 0.0789
epoch 25: train_loss = 1.676769, source_mrr = 0.041908, source_hit@10 = 0.0903, source_ndcg@10 = 0.0452, target_mrr = 0.036404, target_hit@10 = 0.0789, target_ndcg@10 = 0.0384

2024-08-15 19:14:16.255565: step 4472/13760 (epoch 26/80), loss = 1.668340 (26.253 sec/epoch), lr: 0.002654
Evaluating on dev set...
..................................................................
source: 	 mrr: 0.048172	 ndcg_5: 0.0394	 ndcg_10: 0.0515	 hit@1:0.020279	 hit@5:0.0596	 hit@10: 0.0973
target: 	 mrr: 0.039859	 ndcg_5: 0.0314	 ndcg_10: 0.0419	 hit@1:0.013374	 hit@5:0.0502	 hit@10: 0.0830
source best!
..............................
source: 	 mrr: 0.044602	 ndcg_5: 0.0346	 ndcg_10: 0.0470	 hit@1:0.017828	 hit@5:0.0515	 hit@10: 0.0904
epoch 26: train_loss = 1.668340, source_mrr = 0.044602, source_hit@10 = 0.0904, source_ndcg@10 = 0.0470, target_mrr = 0.039859, target_hit@10 = 0.0830, target_ndcg@10 = 0.0419

2024-08-15 19:14:42.811246: step 4644/13760 (epoch 27/80), loss = 1.662518 (25.484 sec/epoch), lr: 0.002654
Evaluating on dev set...
..................................................................
source: 	 mrr: 0.044177	 ndcg_5: 0.0363	 ndcg_10: 0.0472	 hit@1:0.017110	 hit@5:0.0561	 hit@10: 0.0903
target: 	 mrr: 0.039366	 ndcg_5: 0.0306	 ndcg_10: 0.0407	 hit@1:0.014489	 hit@5:0.0468	 hit@10: 0.0786
epoch 27: train_loss = 1.662518, source_mrr = 0.044177, source_hit@10 = 0.0903, source_ndcg@10 = 0.0472, target_mrr = 0.039366, target_hit@10 = 0.0786, target_ndcg@10 = 0.0407

2024-08-15 19:15:09.474141: step 4816/13760 (epoch 28/80), loss = 1.653928 (25.925 sec/epoch), lr: 0.002521
Evaluating on dev set...
..................................................................
source: 	 mrr: 0.041500	 ndcg_5: 0.0328	 ndcg_10: 0.0437	 hit@1:0.013942	 hit@5:0.0513	 hit@10: 0.0859
target: 	 mrr: 0.042101	 ndcg_5: 0.0331	 ndcg_10: 0.0448	 hit@1:0.014767	 hit@5:0.0521	 hit@10: 0.0889
target best!
...................................target: 	 mrr: 0.040537	 ndcg_5: 0.0328	 ndcg_10: 0.0420	 hit@1:0.012690	 hit@5:0.0536	 hit@10: 0.0821
epoch 28: train_loss = 1.653928, source_mrr = 0.041500, source_hit@10 = 0.0859, source_ndcg@10 = 0.0437, target_mrr = 0.040537, target_hit@10 = 0.0821, target_ndcg@10 = 0.0420

2024-08-15 19:15:36.458339: step 4988/13760 (epoch 29/80), loss = 1.651237 (25.851 sec/epoch), lr: 0.002521
Evaluating on dev set...
..................................................................
source: 	 mrr: 0.045899	 ndcg_5: 0.0370	 ndcg_10: 0.0495	 hit@1:0.016160	 hit@5:0.0580	 hit@10: 0.0966
target: 	 mrr: 0.037778	 ndcg_5: 0.0301	 ndcg_10: 0.0398	 hit@1:0.011424	 hit@5:0.0493	 hit@10: 0.0797
epoch 29: train_loss = 1.651237, source_mrr = 0.045899, source_hit@10 = 0.0966, source_ndcg@10 = 0.0495, target_mrr = 0.037778, target_hit@10 = 0.0797, target_ndcg@10 = 0.0398

2024-08-15 19:16:03.187155: step 5160/13760 (epoch 30/80), loss = 1.650235 (25.992 sec/epoch), lr: 0.002521
Evaluating on dev set...
..................................................................
source: 	 mrr: 0.048050	 ndcg_5: 0.0413	 ndcg_10: 0.0518	 hit@1:0.016477	 hit@5:0.0669	 hit@10: 0.0995
target: 	 mrr: 0.038099	 ndcg_5: 0.0291	 ndcg_10: 0.0397	 hit@1:0.013096	 hit@5:0.0460	 hit@10: 0.0791
epoch 30: train_loss = 1.650235, source_mrr = 0.048050, source_hit@10 = 0.0995, source_ndcg@10 = 0.0518, target_mrr = 0.038099, target_hit@10 = 0.0791, target_ndcg@10 = 0.0397

2024-08-15 19:16:29.854843: step 5332/13760 (epoch 31/80), loss = 1.646465 (25.938 sec/epoch), lr: 0.002521
Evaluating on dev set...
..................................................................
source: 	 mrr: 0.044751	 ndcg_5: 0.0362	 ndcg_10: 0.0477	 hit@1:0.017110	 hit@5:0.0564	 hit@10: 0.0922
target: 	 mrr: 0.037063	 ndcg_5: 0.0288	 ndcg_10: 0.0406	 hit@1:0.010309	 hit@5:0.0476	 hit@10: 0.0844
epoch 31: train_loss = 1.646465, source_mrr = 0.044751, source_hit@10 = 0.0922, source_ndcg@10 = 0.0477, target_mrr = 0.037063, target_hit@10 = 0.0844, target_ndcg@10 = 0.0406

2024-08-15 19:16:56.227534: step 5504/13760 (epoch 32/80), loss = 1.638076 (25.638 sec/epoch), lr: 0.002395
Evaluating on dev set...
..................................................................
source: 	 mrr: 0.046400	 ndcg_5: 0.0374	 ndcg_10: 0.0503	 hit@1:0.015526	 hit@5:0.0593	 hit@10: 0.0995
target: 	 mrr: 0.035548	 ndcg_5: 0.0276	 ndcg_10: 0.0377	 hit@1:0.009473	 hit@5:0.0471	 hit@10: 0.0789
epoch 32: train_loss = 1.638076, source_mrr = 0.046400, source_hit@10 = 0.0995, source_ndcg@10 = 0.0503, target_mrr = 0.035548, target_hit@10 = 0.0789, target_ndcg@10 = 0.0377

2024-08-15 19:17:22.412655: step 5676/13760 (epoch 33/80), loss = 1.635409 (25.447 sec/epoch), lr: 0.002395
Evaluating on dev set...
..................................................................
source: 	 mrr: 0.046169	 ndcg_5: 0.0382	 ndcg_10: 0.0493	 hit@1:0.016160	 hit@5:0.0602	 hit@10: 0.0951
target: 	 mrr: 0.034765	 ndcg_5: 0.0268	 ndcg_10: 0.0367	 hit@1:0.008638	 hit@5:0.0446	 hit@10: 0.0755
epoch 33: train_loss = 1.635409, source_mrr = 0.046169, source_hit@10 = 0.0951, source_ndcg@10 = 0.0493, target_mrr = 0.034765, target_hit@10 = 0.0755, target_ndcg@10 = 0.0367

2024-08-15 19:17:49.024293: step 5848/13760 (epoch 34/80), loss = 1.630603 (25.868 sec/epoch), lr: 0.002275
Evaluating on dev set...
..................................................................
source: 	 mrr: 0.045421	 ndcg_5: 0.0359	 ndcg_10: 0.0487	 hit@1:0.016793	 hit@5:0.0554	 hit@10: 0.0947
target: 	 mrr: 0.036901	 ndcg_5: 0.0281	 ndcg_10: 0.0391	 hit@1:0.012538	 hit@5:0.0443	 hit@10: 0.0783
epoch 34: train_loss = 1.630603, source_mrr = 0.045421, source_hit@10 = 0.0947, source_ndcg@10 = 0.0487, target_mrr = 0.036901, target_hit@10 = 0.0783, target_ndcg@10 = 0.0391

2024-08-15 19:18:15.578549: step 6020/13760 (epoch 35/80), loss = 1.624466 (25.806 sec/epoch), lr: 0.002275
Evaluating on dev set...
..................................................................
source: 	 mrr: 0.048176	 ndcg_5: 0.0385	 ndcg_10: 0.0526	 hit@1:0.016160	 hit@5:0.0599	 hit@10: 0.1039
target: 	 mrr: 0.039453	 ndcg_5: 0.0315	 ndcg_10: 0.0421	 hit@1:0.011145	 hit@5:0.0513	 hit@10: 0.0844
source best!
..............................
source: 	 mrr: 0.046620	 ndcg_5: 0.0370	 ndcg_10: 0.0501	 hit@1:0.017180	 hit@5:0.0571	 hit@10: 0.0979
epoch 35: train_loss = 1.624466, source_mrr = 0.046620, source_hit@10 = 0.0979, source_ndcg@10 = 0.0501, target_mrr = 0.039453, target_hit@10 = 0.0844, target_ndcg@10 = 0.0421

2024-08-15 19:18:42.335693: step 6192/13760 (epoch 36/80), loss = 1.626589 (25.701 sec/epoch), lr: 0.002275
Evaluating on dev set...
..................................................................
source: 	 mrr: 0.047567	 ndcg_5: 0.0391	 ndcg_10: 0.0493	 hit@1:0.018061	 hit@5:0.0605	 hit@10: 0.0922
target: 	 mrr: 0.041079	 ndcg_5: 0.0325	 ndcg_10: 0.0439	 hit@1:0.013096	 hit@5:0.0521	 hit@10: 0.0880
epoch 36: train_loss = 1.626589, source_mrr = 0.047567, source_hit@10 = 0.0922, source_ndcg@10 = 0.0493, target_mrr = 0.041079, target_hit@10 = 0.0880, target_ndcg@10 = 0.0439

2024-08-15 19:19:08.897015: step 6364/13760 (epoch 37/80), loss = 1.622608 (25.812 sec/epoch), lr: 0.002275
Evaluating on dev set...
..................................................................
source: 	 mrr: 0.042134	 ndcg_5: 0.0329	 ndcg_10: 0.0455	 hit@1:0.014259	 hit@5:0.0523	 hit@10: 0.0919
target: 	 mrr: 0.036723	 ndcg_5: 0.0280	 ndcg_10: 0.0379	 hit@1:0.010588	 hit@5:0.0463	 hit@10: 0.0769
epoch 37: train_loss = 1.622608, source_mrr = 0.042134, source_hit@10 = 0.0919, source_ndcg@10 = 0.0455, target_mrr = 0.036723, target_hit@10 = 0.0769, target_ndcg@10 = 0.0379

2024-08-15 19:19:35.052497: step 6536/13760 (epoch 38/80), loss = 1.615108 (25.415 sec/epoch), lr: 0.002161
Evaluating on dev set...
..................................................................
source: 	 mrr: 0.042634	 ndcg_5: 0.0331	 ndcg_10: 0.0438	 hit@1:0.015209	 hit@5:0.0510	 hit@10: 0.0843
target: 	 mrr: 0.037988	 ndcg_5: 0.0306	 ndcg_10: 0.0401	 hit@1:0.011145	 hit@5:0.0504	 hit@10: 0.0800
epoch 38: train_loss = 1.615108, source_mrr = 0.042634, source_hit@10 = 0.0843, source_ndcg@10 = 0.0438, target_mrr = 0.037988, target_hit@10 = 0.0800, target_ndcg@10 = 0.0401

2024-08-15 19:20:01.609607: step 6708/13760 (epoch 39/80), loss = 1.614035 (25.813 sec/epoch), lr: 0.002161
Evaluating on dev set...
..................................................................
source: 	 mrr: 0.044164	 ndcg_5: 0.0342	 ndcg_10: 0.0475	 hit@1:0.016793	 hit@5:0.0532	 hit@10: 0.0947
target: 	 mrr: 0.034702	 ndcg_5: 0.0258	 ndcg_10: 0.0358	 hit@1:0.009195	 hit@5:0.0426	 hit@10: 0.0738
epoch 39: train_loss = 1.614035, source_mrr = 0.044164, source_hit@10 = 0.0947, source_ndcg@10 = 0.0475, target_mrr = 0.034702, target_hit@10 = 0.0738, target_ndcg@10 = 0.0358

2024-08-15 19:20:28.439056: step 6880/13760 (epoch 40/80), loss = 1.604647 (26.098 sec/epoch), lr: 0.002053
Evaluating on dev set...
..................................................................
source: 	 mrr: 0.046930	 ndcg_5: 0.0384	 ndcg_10: 0.0502	 hit@1:0.017110	 hit@5:0.0602	 hit@10: 0.0973
target: 	 mrr: 0.039255	 ndcg_5: 0.0294	 ndcg_10: 0.0414	 hit@1:0.012817	 hit@5:0.0465	 hit@10: 0.0839
epoch 40: train_loss = 1.604647, source_mrr = 0.046930, source_hit@10 = 0.0973, source_ndcg@10 = 0.0502, target_mrr = 0.039255, target_hit@10 = 0.0839, target_ndcg@10 = 0.0414
shift to transfer learning mode

2024-08-15 19:20:55.539240: step 7052/13760 (epoch 41/80), loss = 1.827094 (26.323 sec/epoch), lr: 0.002053
Evaluating on dev set...
..................................................................
source: 	 mrr: 0.045136	 ndcg_5: 0.0365	 ndcg_10: 0.0491	 hit@1:0.014575	 hit@5:0.0589	 hit@10: 0.0982
target: 	 mrr: 0.028991	 ndcg_5: 0.0213	 ndcg_10: 0.0287	 hit@1:0.008080	 hit@5:0.0346	 hit@10: 0.0577
epoch 41: train_loss = 1.827094, source_mrr = 0.045136, source_hit@10 = 0.0982, source_ndcg@10 = 0.0491, target_mrr = 0.028991, target_hit@10 = 0.0577, target_ndcg@10 = 0.0287

2024-08-15 19:21:22.545655: step 7224/13760 (epoch 42/80), loss = 1.836780 (26.275 sec/epoch), lr: 0.001951
Evaluating on dev set...
..................................................................
source: 	 mrr: 0.045366	 ndcg_5: 0.0364	 ndcg_10: 0.0485	 hit@1:0.017110	 hit@5:0.0567	 hit@10: 0.0947
target: 	 mrr: 0.037893	 ndcg_5: 0.0292	 ndcg_10: 0.0398	 hit@1:0.012538	 hit@5:0.0454	 hit@10: 0.0786
epoch 42: train_loss = 1.836780, source_mrr = 0.045366, source_hit@10 = 0.0947, source_ndcg@10 = 0.0485, target_mrr = 0.037893, target_hit@10 = 0.0786, target_ndcg@10 = 0.0398

2024-08-15 19:21:49.636873: step 7396/13760 (epoch 43/80), loss = 1.843974 (26.354 sec/epoch), lr: 0.001951
Evaluating on dev set...
..................................................................
source: 	 mrr: 0.040885	 ndcg_5: 0.0315	 ndcg_10: 0.0440	 hit@1:0.013625	 hit@5:0.0491	 hit@10: 0.0887
target: 	 mrr: 0.037620	 ndcg_5: 0.0279	 ndcg_10: 0.0394	 hit@1:0.011702	 hit@5:0.0443	 hit@10: 0.0808
epoch 43: train_loss = 1.843974, source_mrr = 0.040885, source_hit@10 = 0.0887, source_ndcg@10 = 0.0440, target_mrr = 0.037620, target_hit@10 = 0.0808, target_ndcg@10 = 0.0394

2024-08-15 19:22:16.030849: step 7568/13760 (epoch 44/80), loss = 1.841880 (25.661 sec/epoch), lr: 0.001853
Evaluating on dev set...
..................................................................
source: 	 mrr: 0.051597	 ndcg_5: 0.0426	 ndcg_10: 0.0563	 hit@1:0.020279	 hit@5:0.0662	 hit@10: 0.1090
target: 	 mrr: 0.038140	 ndcg_5: 0.0304	 ndcg_10: 0.0403	 hit@1:0.011424	 hit@5:0.0504	 hit@10: 0.0811
source best!
..............................
source: 	 mrr: 0.049361	 ndcg_5: 0.0395	 ndcg_10: 0.0523	 hit@1:0.021070	 hit@5:0.0587	 hit@10: 0.0982
epoch 44: train_loss = 1.841880, source_mrr = 0.049361, source_hit@10 = 0.0982, source_ndcg@10 = 0.0523, target_mrr = 0.038140, target_hit@10 = 0.0811, target_ndcg@10 = 0.0403

2024-08-15 19:22:42.806284: step 7740/13760 (epoch 45/80), loss = 1.840016 (25.732 sec/epoch), lr: 0.001853
Evaluating on dev set...
..................................................................
source: 	 mrr: 0.049341	 ndcg_5: 0.0406	 ndcg_10: 0.0531	 hit@1:0.019645	 hit@5:0.0624	 hit@10: 0.1014
target: 	 mrr: 0.034305	 ndcg_5: 0.0256	 ndcg_10: 0.0368	 hit@1:0.008638	 hit@5:0.0424	 hit@10: 0.0772
epoch 45: train_loss = 1.840016, source_mrr = 0.049341, source_hit@10 = 0.1014, source_ndcg@10 = 0.0531, target_mrr = 0.034305, target_hit@10 = 0.0772, target_ndcg@10 = 0.0368

2024-08-15 19:23:09.799158: step 7912/13760 (epoch 46/80), loss = 1.833773 (26.232 sec/epoch), lr: 0.001761
Evaluating on dev set...
..................................................................
source: 	 mrr: 0.048226	 ndcg_5: 0.0384	 ndcg_10: 0.0523	 hit@1:0.019328	 hit@5:0.0583	 hit@10: 0.1020
target: 	 mrr: 0.040463	 ndcg_5: 0.0323	 ndcg_10: 0.0435	 hit@1:0.012538	 hit@5:0.0524	 hit@10: 0.0872
epoch 46: train_loss = 1.833773, source_mrr = 0.048226, source_hit@10 = 0.1020, source_ndcg@10 = 0.0523, target_mrr = 0.040463, target_hit@10 = 0.0872, target_ndcg@10 = 0.0435

2024-08-15 19:23:36.729379: step 8084/13760 (epoch 47/80), loss = 1.832834 (26.189 sec/epoch), lr: 0.001761
Evaluating on dev set...
..................................................................
source: 	 mrr: 0.049006	 ndcg_5: 0.0407	 ndcg_10: 0.0532	 hit@1:0.017427	 hit@5:0.0646	 hit@10: 0.1036
target: 	 mrr: 0.035309	 ndcg_5: 0.0266	 ndcg_10: 0.0373	 hit@1:0.011981	 hit@5:0.0418	 hit@10: 0.0752
epoch 47: train_loss = 1.832834, source_mrr = 0.049006, source_hit@10 = 0.1036, source_ndcg@10 = 0.0532, target_mrr = 0.035309, target_hit@10 = 0.0752, target_ndcg@10 = 0.0373

2024-08-15 19:24:03.754735: step 8256/13760 (epoch 48/80), loss = 1.827502 (26.257 sec/epoch), lr: 0.001672
Evaluating on dev set...
..................................................................
source: 	 mrr: 0.041944	 ndcg_5: 0.0337	 ndcg_10: 0.0441	 hit@1:0.015526	 hit@5:0.0513	 hit@10: 0.0833
target: 	 mrr: 0.035588	 ndcg_5: 0.0275	 ndcg_10: 0.0371	 hit@1:0.009473	 hit@5:0.0451	 hit@10: 0.0752
epoch 48: train_loss = 1.827502, source_mrr = 0.041944, source_hit@10 = 0.0833, source_ndcg@10 = 0.0441, target_mrr = 0.035588, target_hit@10 = 0.0752, target_ndcg@10 = 0.0371

2024-08-15 19:24:30.788550: step 8428/13760 (epoch 49/80), loss = 1.819713 (26.293 sec/epoch), lr: 0.001589
Evaluating on dev set...
..................................................................
source: 	 mrr: 0.039777	 ndcg_5: 0.0317	 ndcg_10: 0.0396	 hit@1:0.015843	 hit@5:0.0472	 hit@10: 0.0719
target: 	 mrr: 0.040431	 ndcg_5: 0.0310	 ndcg_10: 0.0430	 hit@1:0.013653	 hit@5:0.0490	 hit@10: 0.0867
epoch 49: train_loss = 1.819713, source_mrr = 0.039777, source_hit@10 = 0.0719, source_ndcg@10 = 0.0396, target_mrr = 0.040431, target_hit@10 = 0.0867, target_ndcg@10 = 0.0430

2024-08-15 19:24:57.385400: step 8600/13760 (epoch 50/80), loss = 1.819894 (25.862 sec/epoch), lr: 0.001589
Evaluating on dev set...
..................................................................
source: 	 mrr: 0.045417	 ndcg_5: 0.0363	 ndcg_10: 0.0487	 hit@1:0.015843	 hit@5:0.0561	 hit@10: 0.0947
target: 	 mrr: 0.038264	 ndcg_5: 0.0300	 ndcg_10: 0.0411	 hit@1:0.011702	 hit@5:0.0476	 hit@10: 0.0819
epoch 50: train_loss = 1.819894, source_mrr = 0.045417, source_hit@10 = 0.0947, source_ndcg@10 = 0.0487, target_mrr = 0.038264, target_hit@10 = 0.0819, target_ndcg@10 = 0.0411

2024-08-15 19:25:24.350039: step 8772/13760 (epoch 51/80), loss = 1.818772 (26.231 sec/epoch), lr: 0.001589
Evaluating on dev set...
..................................................................
source: 	 mrr: 0.045014	 ndcg_5: 0.0359	 ndcg_10: 0.0477	 hit@1:0.015209	 hit@5:0.0564	 hit@10: 0.0925
target: 	 mrr: 0.040896	 ndcg_5: 0.0347	 ndcg_10: 0.0424	 hit@1:0.012817	 hit@5:0.0560	 hit@10: 0.0800
epoch 51: train_loss = 1.818772, source_mrr = 0.045014, source_hit@10 = 0.0925, source_ndcg@10 = 0.0477, target_mrr = 0.040896, target_hit@10 = 0.0800, target_ndcg@10 = 0.0424

2024-08-15 19:25:51.327761: step 8944/13760 (epoch 52/80), loss = 1.817226 (26.238 sec/epoch), lr: 0.001589
Evaluating on dev set...
..................................................................
source: 	 mrr: 0.048055	 ndcg_5: 0.0391	 ndcg_10: 0.0527	 hit@1:0.017110	 hit@5:0.0624	 hit@10: 0.1052
target: 	 mrr: 0.037734	 ndcg_5: 0.0312	 ndcg_10: 0.0409	 hit@1:0.010588	 hit@5:0.0515	 hit@10: 0.0816
epoch 52: train_loss = 1.817226, source_mrr = 0.048055, source_hit@10 = 0.1052, source_ndcg@10 = 0.0527, target_mrr = 0.037734, target_hit@10 = 0.0816, target_ndcg@10 = 0.0409

2024-08-15 19:26:18.083957: step 9116/13760 (epoch 53/80), loss = 1.813216 (26.025 sec/epoch), lr: 0.001509
Evaluating on dev set...
..................................................................
source: 	 mrr: 0.046079	 ndcg_5: 0.0373	 ndcg_10: 0.0476	 hit@1:0.018061	 hit@5:0.0570	 hit@10: 0.0890
target: 	 mrr: 0.038123	 ndcg_5: 0.0295	 ndcg_10: 0.0412	 hit@1:0.011702	 hit@5:0.0479	 hit@10: 0.0847
epoch 53: train_loss = 1.813216, source_mrr = 0.046079, source_hit@10 = 0.0890, source_ndcg@10 = 0.0476, target_mrr = 0.038123, target_hit@10 = 0.0847, target_ndcg@10 = 0.0412

2024-08-15 19:26:45.218340: step 9288/13760 (epoch 54/80), loss = 1.806728 (26.401 sec/epoch), lr: 0.001434
Evaluating on dev set...
..................................................................
source: 	 mrr: 0.047386	 ndcg_5: 0.0402	 ndcg_10: 0.0512	 hit@1:0.018378	 hit@5:0.0627	 hit@10: 0.0966
target: 	 mrr: 0.038490	 ndcg_5: 0.0295	 ndcg_10: 0.0418	 hit@1:0.011981	 hit@5:0.0474	 hit@10: 0.0858
epoch 54: train_loss = 1.806728, source_mrr = 0.047386, source_hit@10 = 0.0966, source_ndcg@10 = 0.0512, target_mrr = 0.038490, target_hit@10 = 0.0858, target_ndcg@10 = 0.0418

2024-08-15 19:27:12.336552: step 9460/13760 (epoch 55/80), loss = 1.806856 (26.367 sec/epoch), lr: 0.001434
Evaluating on dev set...
..................................................................
source: 	 mrr: 0.045586	 ndcg_5: 0.0361	 ndcg_10: 0.0489	 hit@1:0.017427	 hit@5:0.0551	 hit@10: 0.0954
target: 	 mrr: 0.041826	 ndcg_5: 0.0326	 ndcg_10: 0.0452	 hit@1:0.014767	 hit@5:0.0504	 hit@10: 0.0897
epoch 55: train_loss = 1.806856, source_mrr = 0.045586, source_hit@10 = 0.0954, source_ndcg@10 = 0.0489, target_mrr = 0.041826, target_hit@10 = 0.0897, target_ndcg@10 = 0.0452

2024-08-15 19:27:39.612799: step 9632/13760 (epoch 56/80), loss = 1.805591 (26.532 sec/epoch), lr: 0.001434
Evaluating on dev set...
..................................................................
source: 	 mrr: 0.047328	 ndcg_5: 0.0390	 ndcg_10: 0.0510	 hit@1:0.019011	 hit@5:0.0589	 hit@10: 0.0966
target: 	 mrr: 0.038985	 ndcg_5: 0.0313	 ndcg_10: 0.0415	 hit@1:0.011702	 hit@5:0.0502	 hit@10: 0.0819
epoch 56: train_loss = 1.805591, source_mrr = 0.047328, source_hit@10 = 0.0966, source_ndcg@10 = 0.0510, target_mrr = 0.038985, target_hit@10 = 0.0819, target_ndcg@10 = 0.0415

2024-08-15 19:28:06.652564: step 9804/13760 (epoch 57/80), loss = 1.800116 (26.301 sec/epoch), lr: 0.001362
Evaluating on dev set...
..................................................................
source: 	 mrr: 0.032252	 ndcg_5: 0.0243	 ndcg_10: 0.0312	 hit@1:0.010139	 hit@5:0.0387	 hit@10: 0.0602
target: 	 mrr: 0.041531	 ndcg_5: 0.0330	 ndcg_10: 0.0444	 hit@1:0.015882	 hit@5:0.0510	 hit@10: 0.0864
epoch 57: train_loss = 1.800116, source_mrr = 0.032252, source_hit@10 = 0.0602, source_ndcg@10 = 0.0312, target_mrr = 0.041531, target_hit@10 = 0.0864, target_ndcg@10 = 0.0444

2024-08-15 19:28:33.704935: step 9976/13760 (epoch 58/80), loss = 1.796162 (26.279 sec/epoch), lr: 0.001294
Evaluating on dev set...
..................................................................
source: 	 mrr: 0.047596	 ndcg_5: 0.0398	 ndcg_10: 0.0505	 hit@1:0.017744	 hit@5:0.0615	 hit@10: 0.0947
target: 	 mrr: 0.041596	 ndcg_5: 0.0341	 ndcg_10: 0.0448	 hit@1:0.012817	 hit@5:0.0546	 hit@10: 0.0880
epoch 58: train_loss = 1.796162, source_mrr = 0.047596, source_hit@10 = 0.0947, source_ndcg@10 = 0.0505, target_mrr = 0.041596, target_hit@10 = 0.0880, target_ndcg@10 = 0.0448

2024-08-15 19:29:01.104264: step 10148/13760 (epoch 59/80), loss = 1.796505 (26.661 sec/epoch), lr: 0.001294
Evaluating on dev set...
..................................................................
source: 	 mrr: 0.046171	 ndcg_5: 0.0392	 ndcg_10: 0.0492	 hit@1:0.014892	 hit@5:0.0627	 hit@10: 0.0941
target: 	 mrr: 0.040249	 ndcg_5: 0.0313	 ndcg_10: 0.0433	 hit@1:0.013096	 hit@5:0.0496	 hit@10: 0.0869
epoch 59: train_loss = 1.796505, source_mrr = 0.046171, source_hit@10 = 0.0941, source_ndcg@10 = 0.0492, target_mrr = 0.040249, target_hit@10 = 0.0869, target_ndcg@10 = 0.0433

2024-08-15 19:29:28.110299: step 10320/13760 (epoch 60/80), loss = 1.790276 (26.221 sec/epoch), lr: 0.001229
Evaluating on dev set...
..................................................................
source: 	 mrr: 0.053040	 ndcg_5: 0.0457	 ndcg_10: 0.0567	 hit@1:0.022497	 hit@5:0.0691	 hit@10: 0.1036
target: 	 mrr: 0.035824	 ndcg_5: 0.0267	 ndcg_10: 0.0371	 hit@1:0.010309	 hit@5:0.0435	 hit@10: 0.0758
source best!
..............................
source: 	 mrr: 0.048408	 ndcg_5: 0.0405	 ndcg_10: 0.0515	 hit@1:0.018801	 hit@5:0.0626	 hit@10: 0.0969
epoch 60: train_loss = 1.790276, source_mrr = 0.048408, source_hit@10 = 0.0969, source_ndcg@10 = 0.0515, target_mrr = 0.035824, target_hit@10 = 0.0758, target_ndcg@10 = 0.0371

2024-08-15 19:29:54.723256: step 10492/13760 (epoch 61/80), loss = 1.790455 (25.552 sec/epoch), lr: 0.001229
Evaluating on dev set...
..................................................................
source: 	 mrr: 0.048903	 ndcg_5: 0.0401	 ndcg_10: 0.0523	 hit@1:0.018061	 hit@5:0.0608	 hit@10: 0.0992
target: 	 mrr: 0.034870	 ndcg_5: 0.0260	 ndcg_10: 0.0358	 hit@1:0.009752	 hit@5:0.0418	 hit@10: 0.0727
epoch 61: train_loss = 1.790455, source_mrr = 0.048903, source_hit@10 = 0.0992, source_ndcg@10 = 0.0523, target_mrr = 0.034870, target_hit@10 = 0.0727, target_ndcg@10 = 0.0358

2024-08-15 19:30:21.521324: step 10664/13760 (epoch 62/80), loss = 1.784859 (26.070 sec/epoch), lr: 0.001168
Evaluating on dev set...
..................................................................
source: 	 mrr: 0.050335	 ndcg_5: 0.0426	 ndcg_10: 0.0531	 hit@1:0.019328	 hit@5:0.0646	 hit@10: 0.0976
target: 	 mrr: 0.036399	 ndcg_5: 0.0269	 ndcg_10: 0.0397	 hit@1:0.010867	 hit@5:0.0435	 hit@10: 0.0836
epoch 62: train_loss = 1.784859, source_mrr = 0.050335, source_hit@10 = 0.0976, source_ndcg@10 = 0.0531, target_mrr = 0.036399, target_hit@10 = 0.0836, target_ndcg@10 = 0.0397

2024-08-15 19:30:48.782839: step 10836/13760 (epoch 63/80), loss = 1.786865 (26.494 sec/epoch), lr: 0.001168
Evaluating on dev set...
..................................................................
source: 	 mrr: 0.046335	 ndcg_5: 0.0366	 ndcg_10: 0.0499	 hit@1:0.016160	 hit@5:0.0554	 hit@10: 0.0966
target: 	 mrr: 0.039828	 ndcg_5: 0.0311	 ndcg_10: 0.0431	 hit@1:0.013931	 hit@5:0.0493	 hit@10: 0.0864
epoch 63: train_loss = 1.786865, source_mrr = 0.046335, source_hit@10 = 0.0966, source_ndcg@10 = 0.0499, target_mrr = 0.039828, target_hit@10 = 0.0864, target_ndcg@10 = 0.0431

2024-08-15 19:31:15.997679: step 11008/13760 (epoch 64/80), loss = 1.779629 (26.474 sec/epoch), lr: 0.001110
Evaluating on dev set...
..................................................................
source: 	 mrr: 0.053695	 ndcg_5: 0.0458	 ndcg_10: 0.0589	 hit@1:0.022180	 hit@5:0.0710	 hit@10: 0.1115
target: 	 mrr: 0.039222	 ndcg_5: 0.0313	 ndcg_10: 0.0419	 hit@1:0.011145	 hit@5:0.0507	 hit@10: 0.0839
source best!
..............................
source: 	 mrr: 0.052075	 ndcg_5: 0.0435	 ndcg_10: 0.0556	 hit@1:0.022690	 hit@5:0.0645	 hit@10: 0.1024
epoch 64: train_loss = 1.779629, source_mrr = 0.052075, source_hit@10 = 0.1024, source_ndcg@10 = 0.0556, target_mrr = 0.039222, target_hit@10 = 0.0839, target_ndcg@10 = 0.0419

2024-08-15 19:31:42.860819: step 11180/13760 (epoch 65/80), loss = 1.781756 (25.792 sec/epoch), lr: 0.001110
Evaluating on dev set...
..................................................................
source: 	 mrr: 0.051552	 ndcg_5: 0.0443	 ndcg_10: 0.0565	 hit@1:0.019328	 hit@5:0.0697	 hit@10: 0.1077
target: 	 mrr: 0.036417	 ndcg_5: 0.0289	 ndcg_10: 0.0385	 hit@1:0.011424	 hit@5:0.0468	 hit@10: 0.0769
epoch 65: train_loss = 1.781756, source_mrr = 0.051552, source_hit@10 = 0.1077, source_ndcg@10 = 0.0565, target_mrr = 0.036417, target_hit@10 = 0.0769, target_ndcg@10 = 0.0385

2024-08-15 19:32:09.908700: step 11352/13760 (epoch 66/80), loss = 1.778365 (26.312 sec/epoch), lr: 0.001054
Evaluating on dev set...
..................................................................
source: 	 mrr: 0.054334	 ndcg_5: 0.0465	 ndcg_10: 0.0578	 hit@1:0.022814	 hit@5:0.0700	 hit@10: 0.1052
target: 	 mrr: 0.038063	 ndcg_5: 0.0305	 ndcg_10: 0.0411	 hit@1:0.011981	 hit@5:0.0490	 hit@10: 0.0819
source best!
..............................
source: 	 mrr: 0.049729	 ndcg_5: 0.0401	 ndcg_10: 0.0513	 hit@1:0.021718	 hit@5:0.0590	 hit@10: 0.0940
epoch 66: train_loss = 1.778365, source_mrr = 0.049729, source_hit@10 = 0.0940, source_ndcg@10 = 0.0513, target_mrr = 0.038063, target_hit@10 = 0.0819, target_ndcg@10 = 0.0411

2024-08-15 19:32:37.023787: step 11524/13760 (epoch 67/80), loss = 1.776926 (26.007 sec/epoch), lr: 0.001054
Evaluating on dev set...
..................................................................
source: 	 mrr: 0.050355	 ndcg_5: 0.0412	 ndcg_10: 0.0556	 hit@1:0.018695	 hit@5:0.0640	 hit@10: 0.1087
target: 	 mrr: 0.038264	 ndcg_5: 0.0306	 ndcg_10: 0.0412	 hit@1:0.012538	 hit@5:0.0482	 hit@10: 0.0808
epoch 67: train_loss = 1.776926, source_mrr = 0.050355, source_hit@10 = 0.1087, source_ndcg@10 = 0.0556, target_mrr = 0.038264, target_hit@10 = 0.0808, target_ndcg@10 = 0.0412

2024-08-15 19:33:04.261337: step 11696/13760 (epoch 68/80), loss = 1.774983 (26.510 sec/epoch), lr: 0.001001
Evaluating on dev set...
..................................................................
source: 	 mrr: 0.052873	 ndcg_5: 0.0446	 ndcg_10: 0.0583	 hit@1:0.019645	 hit@5:0.0684	 hit@10: 0.1112
target: 	 mrr: 0.034902	 ndcg_5: 0.0271	 ndcg_10: 0.0365	 hit@1:0.009752	 hit@5:0.0446	 hit@10: 0.0738
epoch 68: train_loss = 1.774983, source_mrr = 0.052873, source_hit@10 = 0.1112, source_ndcg@10 = 0.0583, target_mrr = 0.034902, target_hit@10 = 0.0738, target_ndcg@10 = 0.0365

2024-08-15 19:33:31.101288: step 11868/13760 (epoch 69/80), loss = 1.772106 (26.073 sec/epoch), lr: 0.000951
Evaluating on dev set...
..................................................................
source: 	 mrr: 0.049984	 ndcg_5: 0.0413	 ndcg_10: 0.0545	 hit@1:0.019328	 hit@5:0.0646	 hit@10: 0.1058
target: 	 mrr: 0.035252	 ndcg_5: 0.0266	 ndcg_10: 0.0381	 hit@1:0.011145	 hit@5:0.0435	 hit@10: 0.0786
epoch 69: train_loss = 1.772106, source_mrr = 0.049984, source_hit@10 = 0.1058, source_ndcg@10 = 0.0545, target_mrr = 0.035252, target_hit@10 = 0.0786, target_ndcg@10 = 0.0381

2024-08-15 19:33:57.524116: step 12040/13760 (epoch 70/80), loss = 1.769974 (25.688 sec/epoch), lr: 0.000904
Evaluating on dev set...
..................................................................
source: 	 mrr: 0.052433	 ndcg_5: 0.0425	 ndcg_10: 0.0572	 hit@1:0.021546	 hit@5:0.0637	 hit@10: 0.1096
target: 	 mrr: 0.037410	 ndcg_5: 0.0294	 ndcg_10: 0.0405	 hit@1:0.011145	 hit@5:0.0474	 hit@10: 0.0822
epoch 70: train_loss = 1.769974, source_mrr = 0.052433, source_hit@10 = 0.1096, source_ndcg@10 = 0.0572, target_mrr = 0.037410, target_hit@10 = 0.0822, target_ndcg@10 = 0.0405

2024-08-15 19:34:24.453610: step 12212/13760 (epoch 71/80), loss = 1.769883 (26.189 sec/epoch), lr: 0.000904
Evaluating on dev set...
..................................................................
source: 	 mrr: 0.050919	 ndcg_5: 0.0430	 ndcg_10: 0.0550	 hit@1:0.019011	 hit@5:0.0672	 hit@10: 0.1042
target: 	 mrr: 0.031643	 ndcg_5: 0.0234	 ndcg_10: 0.0327	 hit@1:0.009473	 hit@5:0.0371	 hit@10: 0.0658
epoch 71: train_loss = 1.769883, source_mrr = 0.050919, source_hit@10 = 0.1042, source_ndcg@10 = 0.0550, target_mrr = 0.031643, target_hit@10 = 0.0658, target_ndcg@10 = 0.0327

2024-08-15 19:34:51.615980: step 12384/13760 (epoch 72/80), loss = 1.763439 (26.431 sec/epoch), lr: 0.000859
Evaluating on dev set...
..................................................................
source: 	 mrr: 0.047046	 ndcg_5: 0.0388	 ndcg_10: 0.0503	 hit@1:0.016793	 hit@5:0.0605	 hit@10: 0.0960
target: 	 mrr: 0.032759	 ndcg_5: 0.0255	 ndcg_10: 0.0333	 hit@1:0.008916	 hit@5:0.0418	 hit@10: 0.0660
epoch 72: train_loss = 1.763439, source_mrr = 0.047046, source_hit@10 = 0.0960, source_ndcg@10 = 0.0503, target_mrr = 0.032759, target_hit@10 = 0.0660, target_ndcg@10 = 0.0333

2024-08-15 19:35:18.543886: step 12556/13760 (epoch 73/80), loss = 1.760504 (26.196 sec/epoch), lr: 0.000816
Evaluating on dev set...
..................................................................
source: 	 mrr: 0.053408	 ndcg_5: 0.0454	 ndcg_10: 0.0581	 hit@1:0.022180	 hit@5:0.0691	 hit@10: 0.1087
target: 	 mrr: 0.033881	 ndcg_5: 0.0266	 ndcg_10: 0.0353	 hit@1:0.009195	 hit@5:0.0446	 hit@10: 0.0719
epoch 73: train_loss = 1.760504, source_mrr = 0.053408, source_hit@10 = 0.1087, source_ndcg@10 = 0.0581, target_mrr = 0.033881, target_hit@10 = 0.0719, target_ndcg@10 = 0.0353

2024-08-15 19:35:45.680134: step 12728/13760 (epoch 74/80), loss = 1.762033 (26.402 sec/epoch), lr: 0.000816
Evaluating on dev set...
..................................................................
source: 	 mrr: 0.049651	 ndcg_5: 0.0418	 ndcg_10: 0.0523	 hit@1:0.019011	 hit@5:0.0637	 hit@10: 0.0966
target: 	 mrr: 0.036449	 ndcg_5: 0.0293	 ndcg_10: 0.0374	 hit@1:0.011981	 hit@5:0.0468	 hit@10: 0.0724
epoch 74: train_loss = 1.762033, source_mrr = 0.049651, source_hit@10 = 0.0966, source_ndcg@10 = 0.0523, target_mrr = 0.036449, target_hit@10 = 0.0724, target_ndcg@10 = 0.0374

2024-08-15 19:36:12.889048: step 12900/13760 (epoch 75/80), loss = 1.756539 (26.469 sec/epoch), lr: 0.000775
Evaluating on dev set...
..................................................................
source: 	 mrr: 0.051041	 ndcg_5: 0.0440	 ndcg_10: 0.0543	 hit@1:0.020279	 hit@5:0.0681	 hit@10: 0.1001
target: 	 mrr: 0.037352	 ndcg_5: 0.0283	 ndcg_10: 0.0394	 hit@1:0.014210	 hit@5:0.0429	 hit@10: 0.0775
epoch 75: train_loss = 1.756539, source_mrr = 0.051041, source_hit@10 = 0.1001, source_ndcg@10 = 0.0543, target_mrr = 0.037352, target_hit@10 = 0.0775, target_ndcg@10 = 0.0394

2024-08-15 19:36:39.917524: step 13072/13760 (epoch 76/80), loss = 1.754286 (26.292 sec/epoch), lr: 0.000775
Evaluating on dev set...
..................................................................
source: 	 mrr: 0.051185	 ndcg_5: 0.0439	 ndcg_10: 0.0552	 hit@1:0.020596	 hit@5:0.0675	 hit@10: 0.1023
target: 	 mrr: 0.036763	 ndcg_5: 0.0284	 ndcg_10: 0.0382	 hit@1:0.011702	 hit@5:0.0446	 hit@10: 0.0750
epoch 76: train_loss = 1.754286, source_mrr = 0.051185, source_hit@10 = 0.1023, source_ndcg@10 = 0.0552, target_mrr = 0.036763, target_hit@10 = 0.0750, target_ndcg@10 = 0.0382

2024-08-15 19:37:06.916355: step 13244/13760 (epoch 77/80), loss = 1.754342 (26.270 sec/epoch), lr: 0.000736
Evaluating on dev set...
..................................................................
source: 	 mrr: 0.049116	 ndcg_5: 0.0401	 ndcg_10: 0.0527	 hit@1:0.019011	 hit@5:0.0608	 hit@10: 0.0998
target: 	 mrr: 0.033984	 ndcg_5: 0.0268	 ndcg_10: 0.0356	 hit@1:0.009752	 hit@5:0.0446	 hit@10: 0.0716
epoch 77: train_loss = 1.754342, source_mrr = 0.049116, source_hit@10 = 0.0998, source_ndcg@10 = 0.0527, target_mrr = 0.033984, target_hit@10 = 0.0716, target_ndcg@10 = 0.0356

2024-08-15 19:37:33.817349: step 13416/13760 (epoch 78/80), loss = 1.751450 (26.160 sec/epoch), lr: 0.000699
Evaluating on dev set...
..................................................................
source: 	 mrr: 0.045234	 ndcg_5: 0.0369	 ndcg_10: 0.0482	 hit@1:0.017744	 hit@5:0.0567	 hit@10: 0.0919
target: 	 mrr: 0.036002	 ndcg_5: 0.0291	 ndcg_10: 0.0366	 hit@1:0.014489	 hit@5:0.0446	 hit@10: 0.0677
epoch 78: train_loss = 1.751450, source_mrr = 0.045234, source_hit@10 = 0.0919, source_ndcg@10 = 0.0482, target_mrr = 0.036002, target_hit@10 = 0.0677, target_ndcg@10 = 0.0366

2024-08-15 19:38:01.016512: step 13588/13760 (epoch 79/80), loss = 1.750298 (26.467 sec/epoch), lr: 0.000664
Evaluating on dev set...
..................................................................
source: 	 mrr: 0.044397	 ndcg_5: 0.0372	 ndcg_10: 0.0469	 hit@1:0.015843	 hit@5:0.0583	 hit@10: 0.0887
target: 	 mrr: 0.035078	 ndcg_5: 0.0281	 ndcg_10: 0.0371	 hit@1:0.010867	 hit@5:0.0457	 hit@10: 0.0736
epoch 79: train_loss = 1.750298, source_mrr = 0.044397, source_hit@10 = 0.0887, source_ndcg@10 = 0.0469, target_mrr = 0.035078, target_hit@10 = 0.0736, target_ndcg@10 = 0.0371

2024-08-15 19:38:28.171106: step 13760/13760 (epoch 80/80), loss = 1.748810 (26.358 sec/epoch), lr: 0.000631
Evaluating on dev set...
..................................................................
source: 	 mrr: 0.047357	 ndcg_5: 0.0398	 ndcg_10: 0.0506	 hit@1:0.017427	 hit@5:0.0624	 hit@10: 0.0963
target: 	 mrr: 0.035794	 ndcg_5: 0.0290	 ndcg_10: 0.0378	 hit@1:0.012538	 hit@5:0.0460	 hit@10: 0.0727
epoch 80: train_loss = 1.748810, source_mrr = 0.047357, source_hit@10 = 0.0963, source_ndcg@10 = 0.0506, target_mrr = 0.035794, target_hit@10 = 0.0727, target_ndcg@10 = 0.0378

source best:  source_mrr = 0.053695, source_hit@10 = 0.1115, source_ndcg@10 = 0.0589
target best:  target_mrr = 0.041826, target_hit@10 = 0.0897, target_ndcg@10 = 0.0452
