using gpu:1 to train the model
using gpu:1 to train the model
cuda:1
Namespace(A_split=False, JK='sum', a_fold=100, aggregate=False, alpha=0.5, batch_size=2048, beta_inter=0.9, conv_layers=4, cuda=True, decay_epoch=10, device=device(type='cuda', index=1), device_id='1', domains='cloth_sport', dropout=0.4, epoch=80, feature_dim=126, gamma_intra=0.8, hidden_dim=126, inter_tau=0.2, intra_tau=0.4, lambda_critic=0.5, leakey=0.05, load=False, log='logs.txt', log_epoch=1, lr=0.004, lr_decay=0.95, min_epoch=60, mode='train', model_file=None, model_name='cs', momentum=0.98, num_latent_factors=3, num_negative=100, optim='adam', patience=20, proj_layers=1, projection=1, rectify_epoch=40, residual=1, save=False, save_dir='./saved_models', seed=32, similarity_tau=0.2, step=5, test_sample_number=999, user_batch_size=256, weight_decay=0.0002)
number_user 41829
number_item 17943
real graph loaded!
number_user 27328
number_item 12655
real graph loaded!
graph loaded!
Loading data from cloth_sport with batch size 2048...
unseen test: 0
test length: 3156
unseen test: 0
test length: 3085
unseen test: 0
test length: 3589
unseen test: 0
test length: 3546
source_user_num 41829
target_user_num 27328
source_item_num 17943
target_item_num 12655
shared users id: 7857
test users 990, 982
unseen test: 0
dev length: 1000
unseen test: 0
dev length: 1000
source train data : 187880, target train data: 163291, source test data : 3085, target test data : 3546, source dev data : 1000, target dev data : 1000
2024-08-15 21:53:54.185286: step 172/13760 (epoch 1/80), loss = 3.711285 (25.605 sec/epoch), lr: 0.004000
Evaluating on dev set...
..................................................................
source: 	 mrr: 0.030113	 ndcg_5: 0.0202	 ndcg_10: 0.0292	 hit@1:0.008555	 hit@5:0.0333	 hit@10: 0.0615
target: 	 mrr: 0.035223	 ndcg_5: 0.0264	 ndcg_10: 0.0353	 hit@1:0.013653	 hit@5:0.0398	 hit@10: 0.0674
source best!
..............................
source: 	 mrr: 0.029462	 ndcg_5: 0.0191	 ndcg_10: 0.0284	 hit@1:0.008428	 hit@5:0.0298	 hit@10: 0.0587
target best!
...................................target: 	 mrr: 0.034289	 ndcg_5: 0.0254	 ndcg_10: 0.0347	 hit@1:0.011844	 hit@5:0.0403	 hit@10: 0.0694
epoch 1: train_loss = 3.711285, source_mrr = 0.029462, source_hit@10 = 0.0587, source_ndcg@10 = 0.0284, target_mrr = 0.034289, target_hit@10 = 0.0694, target_ndcg@10 = 0.0347

2024-08-15 21:54:21.511968: step 344/13760 (epoch 2/80), loss = 3.162211 (25.921 sec/epoch), lr: 0.004000
Evaluating on dev set...
..................................................................
source: 	 mrr: 0.044346	 ndcg_5: 0.0337	 ndcg_10: 0.0474	 hit@1:0.015209	 hit@5:0.0507	 hit@10: 0.0935
target: 	 mrr: 0.031658	 ndcg_5: 0.0227	 ndcg_10: 0.0330	 hit@1:0.008916	 hit@5:0.0376	 hit@10: 0.0694
source best!
..............................
source: 	 mrr: 0.040946	 ndcg_5: 0.0316	 ndcg_10: 0.0433	 hit@1:0.013290	 hit@5:0.0493	 hit@10: 0.0856
epoch 2: train_loss = 3.162211, source_mrr = 0.040946, source_hit@10 = 0.0856, source_ndcg@10 = 0.0433, target_mrr = 0.031658, target_hit@10 = 0.0694, target_ndcg@10 = 0.0330

2024-08-15 21:54:48.483950: step 516/13760 (epoch 3/80), loss = 2.679455 (25.901 sec/epoch), lr: 0.004000
Evaluating on dev set...
..................................................................
source: 	 mrr: 0.037690	 ndcg_5: 0.0290	 ndcg_10: 0.0415	 hit@1:0.011407	 hit@5:0.0475	 hit@10: 0.0865
target: 	 mrr: 0.036727	 ndcg_5: 0.0281	 ndcg_10: 0.0366	 hit@1:0.012538	 hit@5:0.0432	 hit@10: 0.0697
target best!
...................................target: 	 mrr: 0.037066	 ndcg_5: 0.0281	 ndcg_10: 0.0390	 hit@1:0.013254	 hit@5:0.0443	 hit@10: 0.0787
epoch 3: train_loss = 2.679455, source_mrr = 0.037690, source_hit@10 = 0.0865, source_ndcg@10 = 0.0415, target_mrr = 0.037066, target_hit@10 = 0.0787, target_ndcg@10 = 0.0390

2024-08-15 21:55:15.203884: step 688/13760 (epoch 4/80), loss = 2.482493 (25.630 sec/epoch), lr: 0.004000
Evaluating on dev set...
..................................................................
source: 	 mrr: 0.040820	 ndcg_5: 0.0318	 ndcg_10: 0.0437	 hit@1:0.013308	 hit@5:0.0494	 hit@10: 0.0865
target: 	 mrr: 0.032936	 ndcg_5: 0.0249	 ndcg_10: 0.0330	 hit@1:0.011702	 hit@5:0.0385	 hit@10: 0.0635
epoch 4: train_loss = 2.482493, source_mrr = 0.040820, source_hit@10 = 0.0865, source_ndcg@10 = 0.0437, target_mrr = 0.032936, target_hit@10 = 0.0635, target_ndcg@10 = 0.0330

2024-08-15 21:55:41.732917: step 860/13760 (epoch 5/80), loss = 2.395453 (25.794 sec/epoch), lr: 0.004000
Evaluating on dev set...
..................................................................
source: 	 mrr: 0.037457	 ndcg_5: 0.0277	 ndcg_10: 0.0393	 hit@1:0.012991	 hit@5:0.0428	 hit@10: 0.0786
target: 	 mrr: 0.033647	 ndcg_5: 0.0245	 ndcg_10: 0.0345	 hit@1:0.008916	 hit@5:0.0410	 hit@10: 0.0722
epoch 5: train_loss = 2.395453, source_mrr = 0.037457, source_hit@10 = 0.0786, source_ndcg@10 = 0.0393, target_mrr = 0.033647, target_hit@10 = 0.0722, target_ndcg@10 = 0.0345

2024-08-15 21:56:07.439336: step 1032/13760 (epoch 6/80), loss = 2.337315 (24.947 sec/epoch), lr: 0.004000
Evaluating on dev set...
..................................................................
source: 	 mrr: 0.029263	 ndcg_5: 0.0204	 ndcg_10: 0.0292	 hit@1:0.006654	 hit@5:0.0352	 hit@10: 0.0624
target: 	 mrr: 0.030909	 ndcg_5: 0.0229	 ndcg_10: 0.0334	 hit@1:0.008916	 hit@5:0.0382	 hit@10: 0.0711
epoch 6: train_loss = 2.337315, source_mrr = 0.029263, source_hit@10 = 0.0624, source_ndcg@10 = 0.0292, target_mrr = 0.030909, target_hit@10 = 0.0711, target_ndcg@10 = 0.0334

2024-08-15 21:56:33.677702: step 1204/13760 (epoch 7/80), loss = 2.295186 (25.480 sec/epoch), lr: 0.004000
Evaluating on dev set...
..................................................................
source: 	 mrr: 0.045753	 ndcg_5: 0.0366	 ndcg_10: 0.0496	 hit@1:0.015843	 hit@5:0.0561	 hit@10: 0.0960
target: 	 mrr: 0.037246	 ndcg_5: 0.0280	 ndcg_10: 0.0382	 hit@1:0.012260	 hit@5:0.0454	 hit@10: 0.0772
source best!
..............................
source: 	 mrr: 0.041398	 ndcg_5: 0.0330	 ndcg_10: 0.0437	 hit@1:0.014263	 hit@5:0.0522	 hit@10: 0.0862
target best!
...................................target: 	 mrr: 0.039910	 ndcg_5: 0.0307	 ndcg_10: 0.0426	 hit@1:0.013536	 hit@5:0.0485	 hit@10: 0.0857
epoch 7: train_loss = 2.295186, source_mrr = 0.041398, source_hit@10 = 0.0862, source_ndcg@10 = 0.0437, target_mrr = 0.039910, target_hit@10 = 0.0857, target_ndcg@10 = 0.0426

2024-08-15 21:57:00.820427: step 1376/13760 (epoch 8/80), loss = 2.258100 (25.755 sec/epoch), lr: 0.004000
Evaluating on dev set...
..................................................................
source: 	 mrr: 0.046491	 ndcg_5: 0.0370	 ndcg_10: 0.0501	 hit@1:0.016793	 hit@5:0.0564	 hit@10: 0.0973
target: 	 mrr: 0.035999	 ndcg_5: 0.0275	 ndcg_10: 0.0357	 hit@1:0.015046	 hit@5:0.0398	 hit@10: 0.0652
source best!
..............................
source: 	 mrr: 0.044606	 ndcg_5: 0.0363	 ndcg_10: 0.0467	 hit@1:0.017180	 hit@5:0.0558	 hit@10: 0.0875
epoch 8: train_loss = 2.258100, source_mrr = 0.044606, source_hit@10 = 0.0875, source_ndcg@10 = 0.0467, target_mrr = 0.035999, target_hit@10 = 0.0652, target_ndcg@10 = 0.0357

2024-08-15 21:57:27.490487: step 1548/13760 (epoch 9/80), loss = 2.232498 (25.583 sec/epoch), lr: 0.004000
Evaluating on dev set...
..................................................................
source: 	 mrr: 0.037807	 ndcg_5: 0.0302	 ndcg_10: 0.0396	 hit@1:0.011090	 hit@5:0.0491	 hit@10: 0.0783
target: 	 mrr: 0.038450	 ndcg_5: 0.0294	 ndcg_10: 0.0411	 hit@1:0.013374	 hit@5:0.0457	 hit@10: 0.0825
target best!
...................................target: 	 mrr: 0.038292	 ndcg_5: 0.0302	 ndcg_10: 0.0407	 hit@1:0.012972	 hit@5:0.0479	 hit@10: 0.0809
epoch 9: train_loss = 2.232498, source_mrr = 0.037807, source_hit@10 = 0.0783, source_ndcg@10 = 0.0396, target_mrr = 0.038292, target_hit@10 = 0.0809, target_ndcg@10 = 0.0407

2024-08-15 21:57:54.328131: step 1720/13760 (epoch 10/80), loss = 2.216878 (25.748 sec/epoch), lr: 0.004000
Evaluating on dev set...
..................................................................
source: 	 mrr: 0.043187	 ndcg_5: 0.0335	 ndcg_10: 0.0457	 hit@1:0.014575	 hit@5:0.0526	 hit@10: 0.0906
target: 	 mrr: 0.038784	 ndcg_5: 0.0284	 ndcg_10: 0.0403	 hit@1:0.012260	 hit@5:0.0449	 hit@10: 0.0816
target best!
...................................target: 	 mrr: 0.040767	 ndcg_5: 0.0336	 ndcg_10: 0.0440	 hit@1:0.012126	 hit@5:0.0556	 hit@10: 0.0877
epoch 10: train_loss = 2.216878, source_mrr = 0.043187, source_hit@10 = 0.0906, source_ndcg@10 = 0.0457, target_mrr = 0.040767, target_hit@10 = 0.0877, target_ndcg@10 = 0.0440

2024-08-15 21:58:21.003475: step 1892/13760 (epoch 11/80), loss = 2.201313 (25.587 sec/epoch), lr: 0.004000
Evaluating on dev set...
..................................................................
source: 	 mrr: 0.042563	 ndcg_5: 0.0342	 ndcg_10: 0.0456	 hit@1:0.013942	 hit@5:0.0548	 hit@10: 0.0906
target: 	 mrr: 0.038246	 ndcg_5: 0.0305	 ndcg_10: 0.0395	 hit@1:0.013931	 hit@5:0.0471	 hit@10: 0.0750
epoch 11: train_loss = 2.201313, source_mrr = 0.042563, source_hit@10 = 0.0906, source_ndcg@10 = 0.0456, target_mrr = 0.038246, target_hit@10 = 0.0750, target_ndcg@10 = 0.0395

2024-08-15 21:58:47.239125: step 2064/13760 (epoch 12/80), loss = 2.175644 (25.490 sec/epoch), lr: 0.003800
Evaluating on dev set...
..................................................................
source: 	 mrr: 0.043717	 ndcg_5: 0.0346	 ndcg_10: 0.0463	 hit@1:0.015526	 hit@5:0.0542	 hit@10: 0.0906
target: 	 mrr: 0.035374	 ndcg_5: 0.0283	 ndcg_10: 0.0367	 hit@1:0.012538	 hit@5:0.0446	 hit@10: 0.0711
epoch 12: train_loss = 2.175644, source_mrr = 0.043717, source_hit@10 = 0.0906, source_ndcg@10 = 0.0463, target_mrr = 0.035374, target_hit@10 = 0.0711, target_ndcg@10 = 0.0367

2024-08-15 21:59:13.461319: step 2236/13760 (epoch 13/80), loss = 2.153287 (25.476 sec/epoch), lr: 0.003610
Evaluating on dev set...
..................................................................
source: 	 mrr: 0.045214	 ndcg_5: 0.0362	 ndcg_10: 0.0485	 hit@1:0.015209	 hit@5:0.0574	 hit@10: 0.0954
target: 	 mrr: 0.040590	 ndcg_5: 0.0330	 ndcg_10: 0.0434	 hit@1:0.014210	 hit@5:0.0518	 hit@10: 0.0844
target best!
...................................target: 	 mrr: 0.038626	 ndcg_5: 0.0321	 ndcg_10: 0.0423	 hit@1:0.010716	 hit@5:0.0550	 hit@10: 0.0869
epoch 13: train_loss = 2.153287, source_mrr = 0.045214, source_hit@10 = 0.0954, source_ndcg@10 = 0.0485, target_mrr = 0.038626, target_hit@10 = 0.0869, target_ndcg@10 = 0.0423

2024-08-15 21:59:40.294317: step 2408/13760 (epoch 14/80), loss = 2.137751 (25.720 sec/epoch), lr: 0.003610
Evaluating on dev set...
..................................................................
source: 	 mrr: 0.043210	 ndcg_5: 0.0341	 ndcg_10: 0.0450	 hit@1:0.016160	 hit@5:0.0529	 hit@10: 0.0868
target: 	 mrr: 0.038729	 ndcg_5: 0.0290	 ndcg_10: 0.0396	 hit@1:0.014210	 hit@5:0.0446	 hit@10: 0.0775
epoch 14: train_loss = 2.137751, source_mrr = 0.043210, source_hit@10 = 0.0868, source_ndcg@10 = 0.0450, target_mrr = 0.038729, target_hit@10 = 0.0775, target_ndcg@10 = 0.0396

2024-08-15 22:00:06.467638: step 2580/13760 (epoch 15/80), loss = 2.106965 (25.438 sec/epoch), lr: 0.003429
Evaluating on dev set...
..................................................................
source: 	 mrr: 0.039635	 ndcg_5: 0.0294	 ndcg_10: 0.0410	 hit@1:0.012041	 hit@5:0.0472	 hit@10: 0.0833
target: 	 mrr: 0.039422	 ndcg_5: 0.0326	 ndcg_10: 0.0433	 hit@1:0.015046	 hit@5:0.0510	 hit@10: 0.0847
epoch 15: train_loss = 2.106965, source_mrr = 0.039635, source_hit@10 = 0.0833, source_ndcg@10 = 0.0410, target_mrr = 0.039422, target_hit@10 = 0.0847, target_ndcg@10 = 0.0433

2024-08-15 22:00:32.868414: step 2752/13760 (epoch 16/80), loss = 2.079053 (25.652 sec/epoch), lr: 0.003258
Evaluating on dev set...
..................................................................
source: 	 mrr: 0.039803	 ndcg_5: 0.0296	 ndcg_10: 0.0416	 hit@1:0.013625	 hit@5:0.0450	 hit@10: 0.0821
target: 	 mrr: 0.039946	 ndcg_5: 0.0300	 ndcg_10: 0.0421	 hit@1:0.012817	 hit@5:0.0465	 hit@10: 0.0844
epoch 16: train_loss = 2.079053, source_mrr = 0.039803, source_hit@10 = 0.0821, source_ndcg@10 = 0.0416, target_mrr = 0.039946, target_hit@10 = 0.0844, target_ndcg@10 = 0.0421

2024-08-15 22:00:58.881722: step 2924/13760 (epoch 17/80), loss = 2.066864 (25.282 sec/epoch), lr: 0.003258
Evaluating on dev set...
..................................................................
source: 	 mrr: 0.042512	 ndcg_5: 0.0325	 ndcg_10: 0.0447	 hit@1:0.015526	 hit@5:0.0507	 hit@10: 0.0890
target: 	 mrr: 0.040101	 ndcg_5: 0.0303	 ndcg_10: 0.0419	 hit@1:0.014210	 hit@5:0.0463	 hit@10: 0.0822
epoch 17: train_loss = 2.066864, source_mrr = 0.042512, source_hit@10 = 0.0890, source_ndcg@10 = 0.0447, target_mrr = 0.040101, target_hit@10 = 0.0822, target_ndcg@10 = 0.0419

2024-08-15 22:01:25.068836: step 3096/13760 (epoch 18/80), loss = 2.057600 (25.450 sec/epoch), lr: 0.003258
Evaluating on dev set...
..................................................................
source: 	 mrr: 0.042941	 ndcg_5: 0.0338	 ndcg_10: 0.0461	 hit@1:0.013942	 hit@5:0.0554	 hit@10: 0.0935
target: 	 mrr: 0.039519	 ndcg_5: 0.0306	 ndcg_10: 0.0427	 hit@1:0.011424	 hit@5:0.0493	 hit@10: 0.0869
epoch 18: train_loss = 2.057600, source_mrr = 0.042941, source_hit@10 = 0.0935, source_ndcg@10 = 0.0461, target_mrr = 0.039519, target_hit@10 = 0.0869, target_ndcg@10 = 0.0427

2024-08-15 22:01:51.211569: step 3268/13760 (epoch 19/80), loss = 2.040530 (25.407 sec/epoch), lr: 0.003095
Evaluating on dev set...
..................................................................
source: 	 mrr: 0.040228	 ndcg_5: 0.0311	 ndcg_10: 0.0432	 hit@1:0.012991	 hit@5:0.0497	 hit@10: 0.0878
target: 	 mrr: 0.041369	 ndcg_5: 0.0329	 ndcg_10: 0.0442	 hit@1:0.013653	 hit@5:0.0521	 hit@10: 0.0875
target best!
...................................target: 	 mrr: 0.042494	 ndcg_5: 0.0333	 ndcg_10: 0.0445	 hit@1:0.016074	 hit@5:0.0499	 hit@10: 0.0846
epoch 19: train_loss = 2.040530, source_mrr = 0.040228, source_hit@10 = 0.0878, source_ndcg@10 = 0.0432, target_mrr = 0.042494, target_hit@10 = 0.0846, target_ndcg@10 = 0.0445

2024-08-15 22:02:17.990318: step 3440/13760 (epoch 20/80), loss = 2.023463 (25.690 sec/epoch), lr: 0.002940
Evaluating on dev set...
..................................................................
source: 	 mrr: 0.040465	 ndcg_5: 0.0314	 ndcg_10: 0.0431	 hit@1:0.013942	 hit@5:0.0501	 hit@10: 0.0865
target: 	 mrr: 0.041787	 ndcg_5: 0.0318	 ndcg_10: 0.0422	 hit@1:0.015046	 hit@5:0.0476	 hit@10: 0.0802
target best!
...................................target: 	 mrr: 0.043071	 ndcg_5: 0.0344	 ndcg_10: 0.0450	 hit@1:0.015510	 hit@5:0.0536	 hit@10: 0.0860
epoch 20: train_loss = 2.023463, source_mrr = 0.040465, source_hit@10 = 0.0865, source_ndcg@10 = 0.0431, target_mrr = 0.043071, target_hit@10 = 0.0860, target_ndcg@10 = 0.0450

2024-08-15 22:02:44.788400: step 3612/13760 (epoch 21/80), loss = 2.018866 (25.711 sec/epoch), lr: 0.002940
Evaluating on dev set...
..................................................................
source: 	 mrr: 0.041138	 ndcg_5: 0.0319	 ndcg_10: 0.0429	 hit@1:0.014259	 hit@5:0.0494	 hit@10: 0.0840
target: 	 mrr: 0.037265	 ndcg_5: 0.0279	 ndcg_10: 0.0399	 hit@1:0.011981	 hit@5:0.0443	 hit@10: 0.0816
epoch 21: train_loss = 2.018866, source_mrr = 0.041138, source_hit@10 = 0.0840, source_ndcg@10 = 0.0429, target_mrr = 0.037265, target_hit@10 = 0.0816, target_ndcg@10 = 0.0399

2024-08-15 22:03:11.367292: step 3784/13760 (epoch 22/80), loss = 2.002339 (25.840 sec/epoch), lr: 0.002793
Evaluating on dev set...
..................................................................
source: 	 mrr: 0.048379	 ndcg_5: 0.0395	 ndcg_10: 0.0522	 hit@1:0.018378	 hit@5:0.0615	 hit@10: 0.1008
target: 	 mrr: 0.031878	 ndcg_5: 0.0252	 ndcg_10: 0.0341	 hit@1:0.011145	 hit@5:0.0407	 hit@10: 0.0688
source best!
..............................
source: 	 mrr: 0.045203	 ndcg_5: 0.0347	 ndcg_10: 0.0482	 hit@1:0.016207	 hit@5:0.0525	 hit@10: 0.0947
epoch 22: train_loss = 2.002339, source_mrr = 0.045203, source_hit@10 = 0.0947, source_ndcg@10 = 0.0482, target_mrr = 0.031878, target_hit@10 = 0.0688, target_ndcg@10 = 0.0341

2024-08-15 22:03:38.118985: step 3956/13760 (epoch 23/80), loss = 1.997599 (25.698 sec/epoch), lr: 0.002793
Evaluating on dev set...
..................................................................
source: 	 mrr: 0.046118	 ndcg_5: 0.0379	 ndcg_10: 0.0496	 hit@1:0.014892	 hit@5:0.0608	 hit@10: 0.0976
target: 	 mrr: 0.037997	 ndcg_5: 0.0299	 ndcg_10: 0.0406	 hit@1:0.009752	 hit@5:0.0493	 hit@10: 0.0828
epoch 23: train_loss = 1.997599, source_mrr = 0.046118, source_hit@10 = 0.0976, source_ndcg@10 = 0.0496, target_mrr = 0.037997, target_hit@10 = 0.0828, target_ndcg@10 = 0.0406

2024-08-15 22:04:04.543107: step 4128/13760 (epoch 24/80), loss = 1.990415 (25.685 sec/epoch), lr: 0.002793
Evaluating on dev set...
..................................................................
source: 	 mrr: 0.044516	 ndcg_5: 0.0349	 ndcg_10: 0.0481	 hit@1:0.014575	 hit@5:0.0545	 hit@10: 0.0954
target: 	 mrr: 0.038523	 ndcg_5: 0.0306	 ndcg_10: 0.0427	 hit@1:0.010588	 hit@5:0.0521	 hit@10: 0.0900
epoch 24: train_loss = 1.990415, source_mrr = 0.044516, source_hit@10 = 0.0954, source_ndcg@10 = 0.0481, target_mrr = 0.038523, target_hit@10 = 0.0900, target_ndcg@10 = 0.0427

2024-08-15 22:04:30.932325: step 4300/13760 (epoch 25/80), loss = 1.976096 (25.625 sec/epoch), lr: 0.002654
Evaluating on dev set...
..................................................................
source: 	 mrr: 0.046966	 ndcg_5: 0.0375	 ndcg_10: 0.0509	 hit@1:0.017110	 hit@5:0.0580	 hit@10: 0.1001
target: 	 mrr: 0.043898	 ndcg_5: 0.0352	 ndcg_10: 0.0464	 hit@1:0.015603	 hit@5:0.0552	 hit@10: 0.0897
target best!
...................................target: 	 mrr: 0.040993	 ndcg_5: 0.0326	 ndcg_10: 0.0427	 hit@1:0.013536	 hit@5:0.0522	 hit@10: 0.0838
epoch 25: train_loss = 1.976096, source_mrr = 0.046966, source_hit@10 = 0.1001, source_ndcg@10 = 0.0509, target_mrr = 0.040993, target_hit@10 = 0.0838, target_ndcg@10 = 0.0427

2024-08-15 22:04:57.328837: step 4472/13760 (epoch 26/80), loss = 1.974415 (25.315 sec/epoch), lr: 0.002654
Evaluating on dev set...
..................................................................
source: 	 mrr: 0.048228	 ndcg_5: 0.0406	 ndcg_10: 0.0509	 hit@1:0.019645	 hit@5:0.0615	 hit@10: 0.0938
target: 	 mrr: 0.041493	 ndcg_5: 0.0335	 ndcg_10: 0.0450	 hit@1:0.013096	 hit@5:0.0549	 hit@10: 0.0908
epoch 26: train_loss = 1.974415, source_mrr = 0.048228, source_hit@10 = 0.0938, source_ndcg@10 = 0.0509, target_mrr = 0.041493, target_hit@10 = 0.0908, target_ndcg@10 = 0.0450

2024-08-15 22:05:23.446299: step 4644/13760 (epoch 27/80), loss = 1.959633 (25.381 sec/epoch), lr: 0.002521
Evaluating on dev set...
..................................................................
source: 	 mrr: 0.037256	 ndcg_5: 0.0276	 ndcg_10: 0.0393	 hit@1:0.011090	 hit@5:0.0440	 hit@10: 0.0805
target: 	 mrr: 0.041396	 ndcg_5: 0.0326	 ndcg_10: 0.0441	 hit@1:0.013096	 hit@5:0.0524	 hit@10: 0.0883
epoch 27: train_loss = 1.959633, source_mrr = 0.037256, source_hit@10 = 0.0805, source_ndcg@10 = 0.0393, target_mrr = 0.041396, target_hit@10 = 0.0883, target_ndcg@10 = 0.0441

2024-08-15 22:05:49.815121: step 4816/13760 (epoch 28/80), loss = 1.950319 (25.624 sec/epoch), lr: 0.002395
Evaluating on dev set...
..................................................................
source: 	 mrr: 0.042904	 ndcg_5: 0.0351	 ndcg_10: 0.0454	 hit@1:0.015526	 hit@5:0.0545	 hit@10: 0.0865
target: 	 mrr: 0.038914	 ndcg_5: 0.0290	 ndcg_10: 0.0403	 hit@1:0.012538	 hit@5:0.0460	 hit@10: 0.0814
epoch 28: train_loss = 1.950319, source_mrr = 0.042904, source_hit@10 = 0.0865, source_ndcg@10 = 0.0454, target_mrr = 0.038914, target_hit@10 = 0.0814, target_ndcg@10 = 0.0403

2024-08-15 22:06:16.364282: step 4988/13760 (epoch 29/80), loss = 1.944902 (25.815 sec/epoch), lr: 0.002395
Evaluating on dev set...
..................................................................
source: 	 mrr: 0.046923	 ndcg_5: 0.0378	 ndcg_10: 0.0503	 hit@1:0.017110	 hit@5:0.0593	 hit@10: 0.0979
target: 	 mrr: 0.043521	 ndcg_5: 0.0351	 ndcg_10: 0.0470	 hit@1:0.012817	 hit@5:0.0580	 hit@10: 0.0950
epoch 29: train_loss = 1.944902, source_mrr = 0.046923, source_hit@10 = 0.0979, source_ndcg@10 = 0.0503, target_mrr = 0.043521, target_hit@10 = 0.0950, target_ndcg@10 = 0.0470

2024-08-15 22:06:42.674271: step 5160/13760 (epoch 30/80), loss = 1.944460 (25.570 sec/epoch), lr: 0.002395
Evaluating on dev set...
..................................................................
source: 	 mrr: 0.047630	 ndcg_5: 0.0381	 ndcg_10: 0.0512	 hit@1:0.017744	 hit@5:0.0586	 hit@10: 0.0998
target: 	 mrr: 0.034877	 ndcg_5: 0.0267	 ndcg_10: 0.0373	 hit@1:0.009195	 hit@5:0.0443	 hit@10: 0.0775
epoch 30: train_loss = 1.944460, source_mrr = 0.047630, source_hit@10 = 0.0998, source_ndcg@10 = 0.0512, target_mrr = 0.034877, target_hit@10 = 0.0775, target_ndcg@10 = 0.0373

2024-08-15 22:07:08.974735: step 5332/13760 (epoch 31/80), loss = 1.930465 (25.566 sec/epoch), lr: 0.002275
Evaluating on dev set...
..................................................................
source: 	 mrr: 0.046163	 ndcg_5: 0.0382	 ndcg_10: 0.0483	 hit@1:0.016793	 hit@5:0.0599	 hit@10: 0.0919
target: 	 mrr: 0.037363	 ndcg_5: 0.0288	 ndcg_10: 0.0411	 hit@1:0.010867	 hit@5:0.0471	 hit@10: 0.0853
epoch 31: train_loss = 1.930465, source_mrr = 0.046163, source_hit@10 = 0.0919, source_ndcg@10 = 0.0483, target_mrr = 0.037363, target_hit@10 = 0.0853, target_ndcg@10 = 0.0411

2024-08-15 22:07:35.413697: step 5504/13760 (epoch 32/80), loss = 1.919077 (25.660 sec/epoch), lr: 0.002275
Evaluating on dev set...
..................................................................
source: 	 mrr: 0.044391	 ndcg_5: 0.0337	 ndcg_10: 0.0463	 hit@1:0.016477	 hit@5:0.0504	 hit@10: 0.0897
target: 	 mrr: 0.034102	 ndcg_5: 0.0253	 ndcg_10: 0.0364	 hit@1:0.008638	 hit@5:0.0432	 hit@10: 0.0780
epoch 32: train_loss = 1.919077, source_mrr = 0.044391, source_hit@10 = 0.0897, source_ndcg@10 = 0.0463, target_mrr = 0.034102, target_hit@10 = 0.0780, target_ndcg@10 = 0.0364

2024-08-15 22:08:01.813401: step 5676/13760 (epoch 33/80), loss = 1.907081 (25.657 sec/epoch), lr: 0.002161
Evaluating on dev set...
..................................................................
source: 	 mrr: 0.043904	 ndcg_5: 0.0349	 ndcg_10: 0.0462	 hit@1:0.015843	 hit@5:0.0551	 hit@10: 0.0903
target: 	 mrr: 0.039782	 ndcg_5: 0.0307	 ndcg_10: 0.0430	 hit@1:0.011981	 hit@5:0.0502	 hit@10: 0.0883
epoch 33: train_loss = 1.907081, source_mrr = 0.043904, source_hit@10 = 0.0903, source_ndcg@10 = 0.0462, target_mrr = 0.039782, target_hit@10 = 0.0883, target_ndcg@10 = 0.0430

2024-08-15 22:08:28.082865: step 5848/13760 (epoch 34/80), loss = 1.906920 (25.537 sec/epoch), lr: 0.002161
Evaluating on dev set...
..................................................................
source: 	 mrr: 0.042178	 ndcg_5: 0.0335	 ndcg_10: 0.0431	 hit@1:0.015526	 hit@5:0.0520	 hit@10: 0.0817
target: 	 mrr: 0.040120	 ndcg_5: 0.0323	 ndcg_10: 0.0436	 hit@1:0.010867	 hit@5:0.0557	 hit@10: 0.0911
epoch 34: train_loss = 1.906920, source_mrr = 0.042178, source_hit@10 = 0.0817, source_ndcg@10 = 0.0431, target_mrr = 0.040120, target_hit@10 = 0.0911, target_ndcg@10 = 0.0436

2024-08-15 22:08:54.119997: step 6020/13760 (epoch 35/80), loss = 1.894393 (25.290 sec/epoch), lr: 0.002053
Evaluating on dev set...
..................................................................
source: 	 mrr: 0.046427	 ndcg_5: 0.0378	 ndcg_10: 0.0508	 hit@1:0.013625	 hit@5:0.0615	 hit@10: 0.1020
target: 	 mrr: 0.041407	 ndcg_5: 0.0336	 ndcg_10: 0.0451	 hit@1:0.012817	 hit@5:0.0557	 hit@10: 0.0917
epoch 35: train_loss = 1.894393, source_mrr = 0.046427, source_hit@10 = 0.1020, source_ndcg@10 = 0.0508, target_mrr = 0.041407, target_hit@10 = 0.0917, target_ndcg@10 = 0.0451

2024-08-15 22:09:20.703004: step 6192/13760 (epoch 36/80), loss = 1.890087 (25.847 sec/epoch), lr: 0.002053
Evaluating on dev set...
..................................................................
source: 	 mrr: 0.046404	 ndcg_5: 0.0360	 ndcg_10: 0.0483	 hit@1:0.018061	 hit@5:0.0542	 hit@10: 0.0925
target: 	 mrr: 0.042014	 ndcg_5: 0.0329	 ndcg_10: 0.0451	 hit@1:0.012260	 hit@5:0.0529	 hit@10: 0.0906
epoch 36: train_loss = 1.890087, source_mrr = 0.046404, source_hit@10 = 0.0925, source_ndcg@10 = 0.0483, target_mrr = 0.042014, target_hit@10 = 0.0906, target_ndcg@10 = 0.0451

2024-08-15 22:09:47.003191: step 6364/13760 (epoch 37/80), loss = 1.888135 (25.564 sec/epoch), lr: 0.002053
Evaluating on dev set...
..................................................................
source: 	 mrr: 0.043142	 ndcg_5: 0.0335	 ndcg_10: 0.0459	 hit@1:0.013625	 hit@5:0.0535	 hit@10: 0.0919
target: 	 mrr: 0.043051	 ndcg_5: 0.0333	 ndcg_10: 0.0463	 hit@1:0.016439	 hit@5:0.0507	 hit@10: 0.0914
epoch 37: train_loss = 1.888135, source_mrr = 0.043142, source_hit@10 = 0.0919, source_ndcg@10 = 0.0459, target_mrr = 0.043051, target_hit@10 = 0.0914, target_ndcg@10 = 0.0463

2024-08-15 22:10:13.711965: step 6536/13760 (epoch 38/80), loss = 1.873187 (25.975 sec/epoch), lr: 0.001951
Evaluating on dev set...
..................................................................
source: 	 mrr: 0.044443	 ndcg_5: 0.0353	 ndcg_10: 0.0499	 hit@1:0.012357	 hit@5:0.0583	 hit@10: 0.1039
target: 	 mrr: 0.044401	 ndcg_5: 0.0350	 ndcg_10: 0.0467	 hit@1:0.016160	 hit@5:0.0543	 hit@10: 0.0908
target best!
...................................target: 	 mrr: 0.045632	 ndcg_5: 0.0370	 ndcg_10: 0.0492	 hit@1:0.016920	 hit@5:0.0575	 hit@10: 0.0962
epoch 38: train_loss = 1.873187, source_mrr = 0.044443, source_hit@10 = 0.1039, source_ndcg@10 = 0.0499, target_mrr = 0.045632, target_hit@10 = 0.0962, target_ndcg@10 = 0.0492

2024-08-15 22:10:40.830417: step 6708/13760 (epoch 39/80), loss = 1.873524 (25.995 sec/epoch), lr: 0.001951
Evaluating on dev set...
..................................................................
source: 	 mrr: 0.044925	 ndcg_5: 0.0358	 ndcg_10: 0.0491	 hit@1:0.013942	 hit@5:0.0574	 hit@10: 0.0985
target: 	 mrr: 0.040657	 ndcg_5: 0.0328	 ndcg_10: 0.0429	 hit@1:0.013096	 hit@5:0.0532	 hit@10: 0.0844
epoch 39: train_loss = 1.873524, source_mrr = 0.044925, source_hit@10 = 0.0985, source_ndcg@10 = 0.0491, target_mrr = 0.040657, target_hit@10 = 0.0844, target_ndcg@10 = 0.0429

2024-08-15 22:11:07.492950: step 6880/13760 (epoch 40/80), loss = 1.859807 (25.904 sec/epoch), lr: 0.001853
Evaluating on dev set...
..................................................................
source: 	 mrr: 0.048184	 ndcg_5: 0.0394	 ndcg_10: 0.0513	 hit@1:0.016477	 hit@5:0.0621	 hit@10: 0.0989
target: 	 mrr: 0.038849	 ndcg_5: 0.0303	 ndcg_10: 0.0417	 hit@1:0.012817	 hit@5:0.0476	 hit@10: 0.0828
epoch 40: train_loss = 1.859807, source_mrr = 0.048184, source_hit@10 = 0.0989, source_ndcg@10 = 0.0513, target_mrr = 0.038849, target_hit@10 = 0.0828, target_ndcg@10 = 0.0417
shift to transfer learning mode

2024-08-15 22:11:34.372868: step 7052/13760 (epoch 41/80), loss = 2.228466 (26.139 sec/epoch), lr: 0.001853
Evaluating on dev set...
..................................................................
source: 	 mrr: 0.044819	 ndcg_5: 0.0345	 ndcg_10: 0.0455	 hit@1:0.016793	 hit@5:0.0513	 hit@10: 0.0856
target: 	 mrr: 0.041157	 ndcg_5: 0.0319	 ndcg_10: 0.0448	 hit@1:0.013653	 hit@5:0.0499	 hit@10: 0.0906
epoch 41: train_loss = 2.228466, source_mrr = 0.044819, source_hit@10 = 0.0856, source_ndcg@10 = 0.0455, target_mrr = 0.041157, target_hit@10 = 0.0906, target_ndcg@10 = 0.0448

2024-08-15 22:12:01.675786: step 7224/13760 (epoch 42/80), loss = 2.229354 (26.566 sec/epoch), lr: 0.001761
Evaluating on dev set...
..................................................................
source: 	 mrr: 0.043363	 ndcg_5: 0.0343	 ndcg_10: 0.0469	 hit@1:0.015526	 hit@5:0.0542	 hit@10: 0.0938
target: 	 mrr: 0.041208	 ndcg_5: 0.0320	 ndcg_10: 0.0445	 hit@1:0.013096	 hit@5:0.0507	 hit@10: 0.0900
epoch 42: train_loss = 2.229354, source_mrr = 0.043363, source_hit@10 = 0.0938, source_ndcg@10 = 0.0469, target_mrr = 0.041208, target_hit@10 = 0.0900, target_ndcg@10 = 0.0445

2024-08-15 22:12:28.055349: step 7396/13760 (epoch 43/80), loss = 2.245788 (25.647 sec/epoch), lr: 0.001672
Evaluating on dev set...
..................................................................
source: 	 mrr: 0.051485	 ndcg_5: 0.0430	 ndcg_10: 0.0558	 hit@1:0.020279	 hit@5:0.0665	 hit@10: 0.1061
target: 	 mrr: 0.038645	 ndcg_5: 0.0294	 ndcg_10: 0.0421	 hit@1:0.010309	 hit@5:0.0482	 hit@10: 0.0878
source best!
..............................
source: 	 mrr: 0.048398	 ndcg_5: 0.0391	 ndcg_10: 0.0506	 hit@1:0.019773	 hit@5:0.0587	 hit@10: 0.0950
epoch 43: train_loss = 2.245788, source_mrr = 0.048398, source_hit@10 = 0.0950, source_ndcg@10 = 0.0506, target_mrr = 0.038645, target_hit@10 = 0.0878, target_ndcg@10 = 0.0421

2024-08-15 22:12:55.681050: step 7568/13760 (epoch 44/80), loss = 2.265872 (26.583 sec/epoch), lr: 0.001672
Evaluating on dev set...
..................................................................
source: 	 mrr: 0.045713	 ndcg_5: 0.0376	 ndcg_10: 0.0495	 hit@1:0.015843	 hit@5:0.0602	 hit@10: 0.0970
target: 	 mrr: 0.036100	 ndcg_5: 0.0268	 ndcg_10: 0.0363	 hit@1:0.011424	 hit@5:0.0424	 hit@10: 0.0719
epoch 44: train_loss = 2.265872, source_mrr = 0.045713, source_hit@10 = 0.0970, source_ndcg@10 = 0.0495, target_mrr = 0.036100, target_hit@10 = 0.0719, target_ndcg@10 = 0.0363

2024-08-15 22:13:22.165822: step 7740/13760 (epoch 45/80), loss = 2.256894 (25.752 sec/epoch), lr: 0.001589
Evaluating on dev set...
..................................................................
source: 	 mrr: 0.045708	 ndcg_5: 0.0358	 ndcg_10: 0.0481	 hit@1:0.018378	 hit@5:0.0532	 hit@10: 0.0913
target: 	 mrr: 0.036482	 ndcg_5: 0.0286	 ndcg_10: 0.0394	 hit@1:0.010309	 hit@5:0.0471	 hit@10: 0.0808
epoch 45: train_loss = 2.256894, source_mrr = 0.045708, source_hit@10 = 0.0913, source_ndcg@10 = 0.0481, target_mrr = 0.036482, target_hit@10 = 0.0808, target_ndcg@10 = 0.0394

2024-08-15 22:13:48.984342: step 7912/13760 (epoch 46/80), loss = 2.248622 (26.086 sec/epoch), lr: 0.001589
Evaluating on dev set...
..................................................................
source: 	 mrr: 0.044480	 ndcg_5: 0.0344	 ndcg_10: 0.0471	 hit@1:0.016160	 hit@5:0.0523	 hit@10: 0.0919
target: 	 mrr: 0.035422	 ndcg_5: 0.0278	 ndcg_10: 0.0376	 hit@1:0.010309	 hit@5:0.0463	 hit@10: 0.0766
epoch 46: train_loss = 2.248622, source_mrr = 0.044480, source_hit@10 = 0.0919, source_ndcg@10 = 0.0471, target_mrr = 0.035422, target_hit@10 = 0.0766, target_ndcg@10 = 0.0376

2024-08-15 22:14:16.189985: step 8084/13760 (epoch 47/80), loss = 2.240553 (26.446 sec/epoch), lr: 0.001509
Evaluating on dev set...
..................................................................
source: 	 mrr: 0.042573	 ndcg_5: 0.0343	 ndcg_10: 0.0446	 hit@1:0.015843	 hit@5:0.0532	 hit@10: 0.0856
target: 	 mrr: 0.039178	 ndcg_5: 0.0315	 ndcg_10: 0.0423	 hit@1:0.012260	 hit@5:0.0513	 hit@10: 0.0853
epoch 47: train_loss = 2.240553, source_mrr = 0.042573, source_hit@10 = 0.0856, source_ndcg@10 = 0.0446, target_mrr = 0.039178, target_hit@10 = 0.0853, target_ndcg@10 = 0.0423

2024-08-15 22:14:43.385481: step 8256/13760 (epoch 48/80), loss = 2.239690 (26.455 sec/epoch), lr: 0.001509
Evaluating on dev set...
..................................................................
source: 	 mrr: 0.046901	 ndcg_5: 0.0390	 ndcg_10: 0.0509	 hit@1:0.015843	 hit@5:0.0627	 hit@10: 0.0995
target: 	 mrr: 0.036081	 ndcg_5: 0.0273	 ndcg_10: 0.0378	 hit@1:0.009473	 hit@5:0.0449	 hit@10: 0.0777
epoch 48: train_loss = 2.239690, source_mrr = 0.046901, source_hit@10 = 0.0995, source_ndcg@10 = 0.0509, target_mrr = 0.036081, target_hit@10 = 0.0777, target_ndcg@10 = 0.0378

2024-08-15 22:15:10.200418: step 8428/13760 (epoch 49/80), loss = 2.246043 (26.082 sec/epoch), lr: 0.001509
Evaluating on dev set...
..................................................................
source: 	 mrr: 0.037553	 ndcg_5: 0.0284	 ndcg_10: 0.0382	 hit@1:0.011090	 hit@5:0.0453	 hit@10: 0.0760
target: 	 mrr: 0.044168	 ndcg_5: 0.0352	 ndcg_10: 0.0460	 hit@1:0.016996	 hit@5:0.0529	 hit@10: 0.0867
epoch 49: train_loss = 2.246043, source_mrr = 0.037553, source_hit@10 = 0.0760, source_ndcg@10 = 0.0382, target_mrr = 0.044168, target_hit@10 = 0.0867, target_ndcg@10 = 0.0460

2024-08-15 22:15:37.374733: step 8600/13760 (epoch 50/80), loss = 2.232026 (26.437 sec/epoch), lr: 0.001434
Evaluating on dev set...
..................................................................
source: 	 mrr: 0.047109	 ndcg_5: 0.0376	 ndcg_10: 0.0496	 hit@1:0.017744	 hit@5:0.0574	 hit@10: 0.0944
target: 	 mrr: 0.037888	 ndcg_5: 0.0297	 ndcg_10: 0.0401	 hit@1:0.012538	 hit@5:0.0468	 hit@10: 0.0794
epoch 50: train_loss = 2.232026, source_mrr = 0.047109, source_hit@10 = 0.0944, source_ndcg@10 = 0.0496, target_mrr = 0.037888, target_hit@10 = 0.0794, target_ndcg@10 = 0.0401

2024-08-15 22:16:04.257139: step 8772/13760 (epoch 51/80), loss = 2.226577 (26.146 sec/epoch), lr: 0.001434
Evaluating on dev set...
..................................................................
source: 	 mrr: 0.037615	 ndcg_5: 0.0293	 ndcg_10: 0.0387	 hit@1:0.013625	 hit@5:0.0440	 hit@10: 0.0732
target: 	 mrr: 0.040968	 ndcg_5: 0.0327	 ndcg_10: 0.0439	 hit@1:0.014489	 hit@5:0.0513	 hit@10: 0.0858
epoch 51: train_loss = 2.226577, source_mrr = 0.037615, source_hit@10 = 0.0732, source_ndcg@10 = 0.0387, target_mrr = 0.040968, target_hit@10 = 0.0858, target_ndcg@10 = 0.0439

2024-08-15 22:16:31.266014: step 8944/13760 (epoch 52/80), loss = 2.218652 (26.278 sec/epoch), lr: 0.001362
Evaluating on dev set...
..................................................................
source: 	 mrr: 0.031435	 ndcg_5: 0.0230	 ndcg_10: 0.0303	 hit@1:0.009506	 hit@5:0.0364	 hit@10: 0.0589
target: 	 mrr: 0.039108	 ndcg_5: 0.0301	 ndcg_10: 0.0429	 hit@1:0.011424	 hit@5:0.0493	 hit@10: 0.0894
epoch 52: train_loss = 2.218652, source_mrr = 0.031435, source_hit@10 = 0.0589, source_ndcg@10 = 0.0303, target_mrr = 0.039108, target_hit@10 = 0.0894, target_ndcg@10 = 0.0429

2024-08-15 22:16:57.393269: step 9116/13760 (epoch 53/80), loss = 2.206131 (25.385 sec/epoch), lr: 0.001294
Evaluating on dev set...
..................................................................
source: 	 mrr: 0.042255	 ndcg_5: 0.0329	 ndcg_10: 0.0442	 hit@1:0.014892	 hit@5:0.0501	 hit@10: 0.0852
target: 	 mrr: 0.039693	 ndcg_5: 0.0305	 ndcg_10: 0.0424	 hit@1:0.012538	 hit@5:0.0482	 hit@10: 0.0853
epoch 53: train_loss = 2.206131, source_mrr = 0.042255, source_hit@10 = 0.0852, source_ndcg@10 = 0.0442, target_mrr = 0.039693, target_hit@10 = 0.0853, target_ndcg@10 = 0.0424

2024-08-15 22:17:22.671553: step 9288/13760 (epoch 54/80), loss = 2.204038 (24.554 sec/epoch), lr: 0.001294
Evaluating on dev set...
..................................................................
source: 	 mrr: 0.039053	 ndcg_5: 0.0303	 ndcg_10: 0.0398	 hit@1:0.013942	 hit@5:0.0472	 hit@10: 0.0764
target: 	 mrr: 0.041177	 ndcg_5: 0.0329	 ndcg_10: 0.0433	 hit@1:0.014767	 hit@5:0.0521	 hit@10: 0.0844
epoch 54: train_loss = 2.204038, source_mrr = 0.039053, source_hit@10 = 0.0764, source_ndcg@10 = 0.0398, target_mrr = 0.041177, target_hit@10 = 0.0844, target_ndcg@10 = 0.0433

2024-08-15 22:17:48.260820: step 9460/13760 (epoch 55/80), loss = 2.195808 (24.866 sec/epoch), lr: 0.001229
Evaluating on dev set...
..................................................................
source: 	 mrr: 0.032890	 ndcg_5: 0.0235	 ndcg_10: 0.0337	 hit@1:0.007921	 hit@5:0.0380	 hit@10: 0.0697
target: 	 mrr: 0.038512	 ndcg_5: 0.0297	 ndcg_10: 0.0421	 hit@1:0.011981	 hit@5:0.0485	 hit@10: 0.0875
epoch 55: train_loss = 2.195808, source_mrr = 0.032890, source_hit@10 = 0.0697, source_ndcg@10 = 0.0337, target_mrr = 0.038512, target_hit@10 = 0.0875, target_ndcg@10 = 0.0421

2024-08-15 22:18:13.572505: step 9632/13760 (epoch 56/80), loss = 2.183818 (24.589 sec/epoch), lr: 0.001168
Evaluating on dev set...
..................................................................
source: 	 mrr: 0.029176	 ndcg_5: 0.0216	 ndcg_10: 0.0287	 hit@1:0.008555	 hit@5:0.0342	 hit@10: 0.0567
target: 	 mrr: 0.040448	 ndcg_5: 0.0329	 ndcg_10: 0.0434	 hit@1:0.014767	 hit@5:0.0515	 hit@10: 0.0844
epoch 56: train_loss = 2.183818, source_mrr = 0.029176, source_hit@10 = 0.0567, source_ndcg@10 = 0.0287, target_mrr = 0.040448, target_hit@10 = 0.0844, target_ndcg@10 = 0.0434

2024-08-15 22:18:39.096879: step 9804/13760 (epoch 57/80), loss = 2.173089 (24.803 sec/epoch), lr: 0.001110
Evaluating on dev set...
..................................................................
source: 	 mrr: 0.041164	 ndcg_5: 0.0333	 ndcg_10: 0.0411	 hit@1:0.015843	 hit@5:0.0507	 hit@10: 0.0751
target: 	 mrr: 0.037945	 ndcg_5: 0.0307	 ndcg_10: 0.0407	 hit@1:0.012538	 hit@5:0.0485	 hit@10: 0.0797
epoch 57: train_loss = 2.173089, source_mrr = 0.041164, source_hit@10 = 0.0751, source_ndcg@10 = 0.0411, target_mrr = 0.037945, target_hit@10 = 0.0797, target_ndcg@10 = 0.0407

2024-08-15 22:19:04.628657: step 9976/13760 (epoch 58/80), loss = 2.176763 (24.809 sec/epoch), lr: 0.001110
Evaluating on dev set...
..................................................................
source: 	 mrr: 0.039130	 ndcg_5: 0.0315	 ndcg_10: 0.0404	 hit@1:0.014892	 hit@5:0.0478	 hit@10: 0.0757
target: 	 mrr: 0.039965	 ndcg_5: 0.0312	 ndcg_10: 0.0429	 hit@1:0.013653	 hit@5:0.0488	 hit@10: 0.0850
epoch 58: train_loss = 2.176763, source_mrr = 0.039130, source_hit@10 = 0.0757, source_ndcg@10 = 0.0404, target_mrr = 0.039965, target_hit@10 = 0.0850, target_ndcg@10 = 0.0429

2024-08-15 22:19:30.878818: step 10148/13760 (epoch 59/80), loss = 2.171308 (24.819 sec/epoch), lr: 0.001054
Evaluating on dev set...
..................................................................
source: 	 mrr: 0.038246	 ndcg_5: 0.0299	 ndcg_10: 0.0392	 hit@1:0.012041	 hit@5:0.0475	 hit@10: 0.0764
target: 	 mrr: 0.042948	 ndcg_5: 0.0344	 ndcg_10: 0.0459	 hit@1:0.015046	 hit@5:0.0541	 hit@10: 0.0900
epoch 59: train_loss = 2.171308, source_mrr = 0.038246, source_hit@10 = 0.0764, source_ndcg@10 = 0.0392, target_mrr = 0.042948, target_hit@10 = 0.0900, target_ndcg@10 = 0.0459

2024-08-15 22:19:56.283950: step 10320/13760 (epoch 60/80), loss = 2.171269 (24.683 sec/epoch), lr: 0.001054
Evaluating on dev set...
..................................................................
source: 	 mrr: 0.034843	 ndcg_5: 0.0269	 ndcg_10: 0.0356	 hit@1:0.013308	 hit@5:0.0418	 hit@10: 0.0691
target: 	 mrr: 0.032664	 ndcg_5: 0.0249	 ndcg_10: 0.0339	 hit@1:0.009473	 hit@5:0.0407	 hit@10: 0.0688
epoch 60: train_loss = 2.171269, source_mrr = 0.034843, source_hit@10 = 0.0691, source_ndcg@10 = 0.0356, target_mrr = 0.032664, target_hit@10 = 0.0688, target_ndcg@10 = 0.0339

2024-08-15 22:20:21.897366: step 10492/13760 (epoch 61/80), loss = 2.159730 (24.891 sec/epoch), lr: 0.001001
Evaluating on dev set...
..................................................................
source: 	 mrr: 0.039084	 ndcg_5: 0.0306	 ndcg_10: 0.0409	 hit@1:0.014259	 hit@5:0.0466	 hit@10: 0.0786
target: 	 mrr: 0.039157	 ndcg_5: 0.0320	 ndcg_10: 0.0437	 hit@1:0.011145	 hit@5:0.0532	 hit@10: 0.0900
epoch 61: train_loss = 2.159730, source_mrr = 0.039084, source_hit@10 = 0.0786, source_ndcg@10 = 0.0409, target_mrr = 0.039157, target_hit@10 = 0.0900, target_ndcg@10 = 0.0437

2024-08-15 22:20:47.870476: step 10664/13760 (epoch 62/80), loss = 2.158845 (25.249 sec/epoch), lr: 0.001001
Evaluating on dev set...
..................................................................
source: 	 mrr: 0.040292	 ndcg_5: 0.0319	 ndcg_10: 0.0406	 hit@1:0.015843	 hit@5:0.0469	 hit@10: 0.0741
target: 	 mrr: 0.036603	 ndcg_5: 0.0276	 ndcg_10: 0.0396	 hit@1:0.010867	 hit@5:0.0451	 hit@10: 0.0825
epoch 62: train_loss = 2.158845, source_mrr = 0.040292, source_hit@10 = 0.0741, source_ndcg@10 = 0.0406, target_mrr = 0.036603, target_hit@10 = 0.0825, target_ndcg@10 = 0.0396

2024-08-15 22:21:13.331731: step 10836/13760 (epoch 63/80), loss = 2.152345 (24.739 sec/epoch), lr: 0.000951
Evaluating on dev set...
..................................................................
source: 	 mrr: 0.042640	 ndcg_5: 0.0327	 ndcg_10: 0.0455	 hit@1:0.015209	 hit@5:0.0501	 hit@10: 0.0897
target: 	 mrr: 0.041582	 ndcg_5: 0.0344	 ndcg_10: 0.0443	 hit@1:0.015882	 hit@5:0.0543	 hit@10: 0.0855
epoch 63: train_loss = 2.152345, source_mrr = 0.042640, source_hit@10 = 0.0897, source_ndcg@10 = 0.0455, target_mrr = 0.041582, target_hit@10 = 0.0855, target_ndcg@10 = 0.0443

2024-08-15 22:21:38.588027: step 11008/13760 (epoch 64/80), loss = 2.145265 (24.537 sec/epoch), lr: 0.000951
Evaluating on dev set...
..................................................................
source: 	 mrr: 0.045723	 ndcg_5: 0.0374	 ndcg_10: 0.0472	 hit@1:0.018695	 hit@5:0.0574	 hit@10: 0.0881
target: 	 mrr: 0.042010	 ndcg_5: 0.0346	 ndcg_10: 0.0454	 hit@1:0.013653	 hit@5:0.0560	 hit@10: 0.0894
epoch 64: train_loss = 2.145265, source_mrr = 0.045723, source_hit@10 = 0.0881, source_ndcg@10 = 0.0472, target_mrr = 0.042010, target_hit@10 = 0.0894, target_ndcg@10 = 0.0454
early termination of training
source best:  source_mrr = 0.051485, source_hit@10 = 0.1061, source_ndcg@10 = 0.0558
target best:  target_mrr = 0.043521, target_hit@10 = 0.0950, target_ndcg@10 = 0.0470
