using gpu:0 to train the model
using gpu:0 to train the model
cuda:0
Namespace(A_split=False, JK='sum', a_fold=100, aggregate=False, alpha=0.5, batch_size=2048, beta_inter=0.2, conv_layers=4, cuda=True, decay_epoch=10, device=device(type='cuda', index=0), device_id='0', domains='cloth_sport', dropout=0.4, epoch=80, feature_dim=126, gamma_intra=0.8, hidden_dim=126, inter_tau=0.2, intra_tau=0.4, lambda_critic=0.4, leakey=0.05, load=False, log='logs.txt', log_epoch=1, lr=0.004, lr_decay=0.95, min_epoch=60, mode='train', model_file=None, model_name='cs', momentum=0.98, num_latent_factors=3, num_negative=100, optim='adam', patience=20, proj_layers=1, projection=1, rectify_epoch=40, residual=1, save=False, save_dir='./saved_models', seed=32, similarity_tau=0.2, step=5, test_sample_number=999, user_batch_size=256, weight_decay=0.0002)
number_user 41829
number_item 17943
real graph loaded!
number_user 27328
number_item 12655
real graph loaded!
graph loaded!
Loading data from cloth_sport with batch size 2048...
unseen test: 0
test length: 3156
unseen test: 0
test length: 3085
unseen test: 0
test length: 3589
unseen test: 0
test length: 3546
source_user_num 41829
target_user_num 27328
source_item_num 17943
target_item_num 12655
shared users id: 7857
test users 990, 982
unseen test: 0
dev length: 1000
unseen test: 0
dev length: 1000
source train data : 187880, target train data: 163291, source test data : 3085, target test data : 3546, source dev data : 1000, target dev data : 1000
2024-08-15 17:51:02.266743: step 172/13760 (epoch 1/80), loss = 2.243396 (24.426 sec/epoch), lr: 0.004000
Evaluating on dev set...
..................................................................
source: 	 mrr: 0.030429	 ndcg_5: 0.0201	 ndcg_10: 0.0302	 hit@1:0.007605	 hit@5:0.0323	 hit@10: 0.0634
target: 	 mrr: 0.033314	 ndcg_5: 0.0261	 ndcg_10: 0.0325	 hit@1:0.011424	 hit@5:0.0410	 hit@10: 0.0610
source best!
..............................
source: 	 mrr: 0.029279	 ndcg_5: 0.0203	 ndcg_10: 0.0287	 hit@1:0.007455	 hit@5:0.0344	 hit@10: 0.0606
target best!
...................................target: 	 mrr: 0.033500	 ndcg_5: 0.0251	 ndcg_10: 0.0337	 hit@1:0.011280	 hit@5:0.0386	 hit@10: 0.0657
epoch 1: train_loss = 2.243396, source_mrr = 0.029279, source_hit@10 = 0.0606, source_ndcg@10 = 0.0287, target_mrr = 0.033500, target_hit@10 = 0.0657, target_ndcg@10 = 0.0337

2024-08-15 17:51:27.825194: step 344/13760 (epoch 2/80), loss = 1.892121 (24.303 sec/epoch), lr: 0.004000
Evaluating on dev set...
..................................................................
source: 	 mrr: 0.039241	 ndcg_5: 0.0294	 ndcg_10: 0.0423	 hit@1:0.009506	 hit@5:0.0488	 hit@10: 0.0887
target: 	 mrr: 0.030567	 ndcg_5: 0.0221	 ndcg_10: 0.0308	 hit@1:0.006687	 hit@5:0.0379	 hit@10: 0.0655
source best!
..............................
source: 	 mrr: 0.039275	 ndcg_5: 0.0294	 ndcg_10: 0.0423	 hit@1:0.011994	 hit@5:0.0473	 hit@10: 0.0872
epoch 2: train_loss = 1.892121, source_mrr = 0.039275, source_hit@10 = 0.0872, source_ndcg@10 = 0.0423, target_mrr = 0.030567, target_hit@10 = 0.0655, target_ndcg@10 = 0.0308

2024-08-15 17:51:52.992224: step 516/13760 (epoch 3/80), loss = 1.818815 (24.236 sec/epoch), lr: 0.004000
Evaluating on dev set...
..................................................................
source: 	 mrr: 0.036434	 ndcg_5: 0.0278	 ndcg_10: 0.0384	 hit@1:0.010456	 hit@5:0.0450	 hit@10: 0.0783
target: 	 mrr: 0.034095	 ndcg_5: 0.0252	 ndcg_10: 0.0351	 hit@1:0.011702	 hit@5:0.0382	 hit@10: 0.0691
target best!
...................................target: 	 mrr: 0.034523	 ndcg_5: 0.0265	 ndcg_10: 0.0357	 hit@1:0.011844	 hit@5:0.0423	 hit@10: 0.0708
epoch 3: train_loss = 1.818815, source_mrr = 0.036434, source_hit@10 = 0.0783, source_ndcg@10 = 0.0384, target_mrr = 0.034523, target_hit@10 = 0.0708, target_ndcg@10 = 0.0357

2024-08-15 17:52:18.273846: step 688/13760 (epoch 4/80), loss = 1.792189 (24.336 sec/epoch), lr: 0.004000
Evaluating on dev set...
..................................................................
source: 	 mrr: 0.041394	 ndcg_5: 0.0331	 ndcg_10: 0.0435	 hit@1:0.014259	 hit@5:0.0516	 hit@10: 0.0843
target: 	 mrr: 0.032699	 ndcg_5: 0.0247	 ndcg_10: 0.0335	 hit@1:0.010867	 hit@5:0.0396	 hit@10: 0.0669
source best!
..............................
source: 	 mrr: 0.039657	 ndcg_5: 0.0317	 ndcg_10: 0.0439	 hit@1:0.012966	 hit@5:0.0506	 hit@10: 0.0885
epoch 4: train_loss = 1.792189, source_mrr = 0.039657, source_hit@10 = 0.0885, source_ndcg@10 = 0.0439, target_mrr = 0.032699, target_hit@10 = 0.0669, target_ndcg@10 = 0.0335

2024-08-15 17:52:43.545165: step 860/13760 (epoch 5/80), loss = 1.767535 (24.354 sec/epoch), lr: 0.004000
Evaluating on dev set...
..................................................................
source: 	 mrr: 0.039808	 ndcg_5: 0.0314	 ndcg_10: 0.0410	 hit@1:0.013308	 hit@5:0.0491	 hit@10: 0.0792
target: 	 mrr: 0.029994	 ndcg_5: 0.0214	 ndcg_10: 0.0296	 hit@1:0.008359	 hit@5:0.0337	 hit@10: 0.0596
epoch 5: train_loss = 1.767535, source_mrr = 0.039808, source_hit@10 = 0.0792, source_ndcg@10 = 0.0410, target_mrr = 0.029994, target_hit@10 = 0.0596, target_ndcg@10 = 0.0296

2024-08-15 17:53:08.492982: step 1032/13760 (epoch 6/80), loss = 1.744562 (24.255 sec/epoch), lr: 0.004000
Evaluating on dev set...
..................................................................
source: 	 mrr: 0.039275	 ndcg_5: 0.0300	 ndcg_10: 0.0419	 hit@1:0.011407	 hit@5:0.0497	 hit@10: 0.0868
target: 	 mrr: 0.036249	 ndcg_5: 0.0274	 ndcg_10: 0.0362	 hit@1:0.014210	 hit@5:0.0407	 hit@10: 0.0685
target best!
...................................target: 	 mrr: 0.036615	 ndcg_5: 0.0278	 ndcg_10: 0.0386	 hit@1:0.012126	 hit@5:0.0440	 hit@10: 0.0776
epoch 6: train_loss = 1.744562, source_mrr = 0.039275, source_hit@10 = 0.0868, source_ndcg@10 = 0.0419, target_mrr = 0.036615, target_hit@10 = 0.0776, target_ndcg@10 = 0.0386

2024-08-15 17:53:34.146377: step 1204/13760 (epoch 7/80), loss = 1.724303 (24.660 sec/epoch), lr: 0.004000
Evaluating on dev set...
..................................................................
source: 	 mrr: 0.040155	 ndcg_5: 0.0319	 ndcg_10: 0.0438	 hit@1:0.011090	 hit@5:0.0529	 hit@10: 0.0897
target: 	 mrr: 0.037496	 ndcg_5: 0.0285	 ndcg_10: 0.0394	 hit@1:0.010309	 hit@5:0.0468	 hit@10: 0.0811
target best!
...................................target: 	 mrr: 0.040154	 ndcg_5: 0.0328	 ndcg_10: 0.0428	 hit@1:0.012126	 hit@5:0.0541	 hit@10: 0.0854
epoch 7: train_loss = 1.724303, source_mrr = 0.040155, source_hit@10 = 0.0897, source_ndcg@10 = 0.0438, target_mrr = 0.040154, target_hit@10 = 0.0854, target_ndcg@10 = 0.0428

2024-08-15 17:53:59.544602: step 1376/13760 (epoch 8/80), loss = 1.707953 (24.457 sec/epoch), lr: 0.004000
Evaluating on dev set...
..................................................................
source: 	 mrr: 0.045273	 ndcg_5: 0.0358	 ndcg_10: 0.0477	 hit@1:0.017110	 hit@5:0.0548	 hit@10: 0.0922
target: 	 mrr: 0.039104	 ndcg_5: 0.0321	 ndcg_10: 0.0413	 hit@1:0.013931	 hit@5:0.0499	 hit@10: 0.0786
source best!
..............................
source: 	 mrr: 0.041385	 ndcg_5: 0.0319	 ndcg_10: 0.0434	 hit@1:0.013938	 hit@5:0.0496	 hit@10: 0.0853
target best!
...................................target: 	 mrr: 0.036256	 ndcg_5: 0.0290	 ndcg_10: 0.0370	 hit@1:0.011562	 hit@5:0.0465	 hit@10: 0.0716
epoch 8: train_loss = 1.707953, source_mrr = 0.041385, source_hit@10 = 0.0853, source_ndcg@10 = 0.0434, target_mrr = 0.036256, target_hit@10 = 0.0716, target_ndcg@10 = 0.0370

2024-08-15 17:54:25.201618: step 1548/13760 (epoch 9/80), loss = 1.697839 (24.416 sec/epoch), lr: 0.004000
Evaluating on dev set...
..................................................................
source: 	 mrr: 0.043654	 ndcg_5: 0.0364	 ndcg_10: 0.0471	 hit@1:0.014575	 hit@5:0.0593	 hit@10: 0.0922
target: 	 mrr: 0.038970	 ndcg_5: 0.0300	 ndcg_10: 0.0414	 hit@1:0.014210	 hit@5:0.0463	 hit@10: 0.0816
epoch 9: train_loss = 1.697839, source_mrr = 0.043654, source_hit@10 = 0.0922, source_ndcg@10 = 0.0471, target_mrr = 0.038970, target_hit@10 = 0.0816, target_ndcg@10 = 0.0414

2024-08-15 17:54:50.603288: step 1720/13760 (epoch 10/80), loss = 1.687735 (24.751 sec/epoch), lr: 0.004000
Evaluating on dev set...
..................................................................
source: 	 mrr: 0.038813	 ndcg_5: 0.0301	 ndcg_10: 0.0420	 hit@1:0.011407	 hit@5:0.0491	 hit@10: 0.0865
target: 	 mrr: 0.033162	 ndcg_5: 0.0255	 ndcg_10: 0.0349	 hit@1:0.008916	 hit@5:0.0426	 hit@10: 0.0722
epoch 10: train_loss = 1.687735, source_mrr = 0.038813, source_hit@10 = 0.0865, source_ndcg@10 = 0.0420, target_mrr = 0.033162, target_hit@10 = 0.0722, target_ndcg@10 = 0.0349

2024-08-15 17:55:15.949534: step 1892/13760 (epoch 11/80), loss = 1.675312 (24.694 sec/epoch), lr: 0.004000
Evaluating on dev set...
..................................................................
source: 	 mrr: 0.038223	 ndcg_5: 0.0301	 ndcg_10: 0.0411	 hit@1:0.011090	 hit@5:0.0501	 hit@10: 0.0843
target: 	 mrr: 0.033776	 ndcg_5: 0.0266	 ndcg_10: 0.0350	 hit@1:0.013096	 hit@5:0.0407	 hit@10: 0.0671
epoch 11: train_loss = 1.675312, source_mrr = 0.038223, source_hit@10 = 0.0843, source_ndcg@10 = 0.0411, target_mrr = 0.033776, target_hit@10 = 0.0671, target_ndcg@10 = 0.0350

2024-08-15 17:55:40.999496: step 2064/13760 (epoch 12/80), loss = 1.663860 (24.401 sec/epoch), lr: 0.004000
Evaluating on dev set...
..................................................................
source: 	 mrr: 0.039933	 ndcg_5: 0.0301	 ndcg_10: 0.0419	 hit@1:0.012674	 hit@5:0.0478	 hit@10: 0.0843
target: 	 mrr: 0.037828	 ndcg_5: 0.0297	 ndcg_10: 0.0407	 hit@1:0.012817	 hit@5:0.0482	 hit@10: 0.0828
epoch 12: train_loss = 1.663860, source_mrr = 0.039933, source_hit@10 = 0.0843, source_ndcg@10 = 0.0419, target_mrr = 0.037828, target_hit@10 = 0.0828, target_ndcg@10 = 0.0407

2024-08-15 17:56:06.055322: step 2236/13760 (epoch 13/80), loss = 1.655645 (24.412 sec/epoch), lr: 0.004000
Evaluating on dev set...
..................................................................
source: 	 mrr: 0.024609	 ndcg_5: 0.0172	 ndcg_10: 0.0255	 hit@1:0.006971	 hit@5:0.0279	 hit@10: 0.0535
target: 	 mrr: 0.037521	 ndcg_5: 0.0310	 ndcg_10: 0.0394	 hit@1:0.013931	 hit@5:0.0488	 hit@10: 0.0750
epoch 13: train_loss = 1.655645, source_mrr = 0.024609, source_hit@10 = 0.0535, source_ndcg@10 = 0.0255, target_mrr = 0.037521, target_hit@10 = 0.0750, target_ndcg@10 = 0.0394

2024-08-15 17:56:31.089724: step 2408/13760 (epoch 14/80), loss = 1.642589 (24.392 sec/epoch), lr: 0.003800
Evaluating on dev set...
..................................................................
source: 	 mrr: 0.028788	 ndcg_5: 0.0217	 ndcg_10: 0.0305	 hit@1:0.007605	 hit@5:0.0361	 hit@10: 0.0637
target: 	 mrr: 0.036877	 ndcg_5: 0.0292	 ndcg_10: 0.0399	 hit@1:0.011702	 hit@5:0.0468	 hit@10: 0.0802
epoch 14: train_loss = 1.642589, source_mrr = 0.028788, source_hit@10 = 0.0637, source_ndcg@10 = 0.0305, target_mrr = 0.036877, target_hit@10 = 0.0802, target_ndcg@10 = 0.0399

2024-08-15 17:56:56.289927: step 2580/13760 (epoch 15/80), loss = 1.635970 (24.547 sec/epoch), lr: 0.003800
Evaluating on dev set...
..................................................................
source: 	 mrr: 0.033371	 ndcg_5: 0.0255	 ndcg_10: 0.0324	 hit@1:0.008555	 hit@5:0.0415	 hit@10: 0.0634
target: 	 mrr: 0.042913	 ndcg_5: 0.0355	 ndcg_10: 0.0463	 hit@1:0.015882	 hit@5:0.0566	 hit@10: 0.0903
target best!
...................................target: 	 mrr: 0.042814	 ndcg_5: 0.0356	 ndcg_10: 0.0455	 hit@1:0.016638	 hit@5:0.0553	 hit@10: 0.0857
epoch 15: train_loss = 1.635970, source_mrr = 0.033371, source_hit@10 = 0.0634, source_ndcg@10 = 0.0324, target_mrr = 0.042814, target_hit@10 = 0.0857, target_ndcg@10 = 0.0455

2024-08-15 17:57:21.471251: step 2752/13760 (epoch 16/80), loss = 1.631024 (24.217 sec/epoch), lr: 0.003800
Evaluating on dev set...
..................................................................
source: 	 mrr: 0.039197	 ndcg_5: 0.0300	 ndcg_10: 0.0430	 hit@1:0.011407	 hit@5:0.0501	 hit@10: 0.0906
target: 	 mrr: 0.037879	 ndcg_5: 0.0290	 ndcg_10: 0.0400	 hit@1:0.011424	 hit@5:0.0468	 hit@10: 0.0808
epoch 16: train_loss = 1.631024, source_mrr = 0.039197, source_hit@10 = 0.0906, source_ndcg@10 = 0.0430, target_mrr = 0.037879, target_hit@10 = 0.0808, target_ndcg@10 = 0.0400

2024-08-15 17:57:45.972995: step 2924/13760 (epoch 17/80), loss = 1.626919 (23.854 sec/epoch), lr: 0.003800
Evaluating on dev set...
..................................................................
source: 	 mrr: 0.035555	 ndcg_5: 0.0279	 ndcg_10: 0.0359	 hit@1:0.011090	 hit@5:0.0440	 hit@10: 0.0691
target: 	 mrr: 0.033838	 ndcg_5: 0.0244	 ndcg_10: 0.0356	 hit@1:0.008916	 hit@5:0.0396	 hit@10: 0.0741
epoch 17: train_loss = 1.626919, source_mrr = 0.035555, source_hit@10 = 0.0691, source_ndcg@10 = 0.0359, target_mrr = 0.033838, target_hit@10 = 0.0741, target_ndcg@10 = 0.0356

2024-08-15 17:58:10.947565: step 3096/13760 (epoch 18/80), loss = 1.617329 (24.320 sec/epoch), lr: 0.003610
Evaluating on dev set...
..................................................................
source: 	 mrr: 0.036930	 ndcg_5: 0.0273	 ndcg_10: 0.0383	 hit@1:0.011724	 hit@5:0.0431	 hit@10: 0.0776
target: 	 mrr: 0.038431	 ndcg_5: 0.0294	 ndcg_10: 0.0409	 hit@1:0.012817	 hit@5:0.0454	 hit@10: 0.0814
epoch 18: train_loss = 1.617329, source_mrr = 0.036930, source_hit@10 = 0.0776, source_ndcg@10 = 0.0383, target_mrr = 0.038431, target_hit@10 = 0.0814, target_ndcg@10 = 0.0409

2024-08-15 17:58:35.890077: step 3268/13760 (epoch 19/80), loss = 1.616640 (24.299 sec/epoch), lr: 0.003610
Evaluating on dev set...
..................................................................
source: 	 mrr: 0.042865	 ndcg_5: 0.0335	 ndcg_10: 0.0467	 hit@1:0.013625	 hit@5:0.0529	 hit@10: 0.0941
target: 	 mrr: 0.038742	 ndcg_5: 0.0309	 ndcg_10: 0.0415	 hit@1:0.011702	 hit@5:0.0499	 hit@10: 0.0828
epoch 19: train_loss = 1.616640, source_mrr = 0.042865, source_hit@10 = 0.0941, source_ndcg@10 = 0.0467, target_mrr = 0.038742, target_hit@10 = 0.0828, target_ndcg@10 = 0.0415

2024-08-15 17:59:00.750895: step 3440/13760 (epoch 20/80), loss = 1.614843 (24.201 sec/epoch), lr: 0.003610
Evaluating on dev set...
..................................................................
source: 	 mrr: 0.039905	 ndcg_5: 0.0293	 ndcg_10: 0.0406	 hit@1:0.014892	 hit@5:0.0447	 hit@10: 0.0802
target: 	 mrr: 0.030826	 ndcg_5: 0.0236	 ndcg_10: 0.0326	 hit@1:0.008080	 hit@5:0.0401	 hit@10: 0.0680
epoch 20: train_loss = 1.614843, source_mrr = 0.039905, source_hit@10 = 0.0802, source_ndcg@10 = 0.0406, target_mrr = 0.030826, target_hit@10 = 0.0680, target_ndcg@10 = 0.0326

2024-08-15 17:59:25.881767: step 3612/13760 (epoch 21/80), loss = 1.607425 (24.472 sec/epoch), lr: 0.003429
Evaluating on dev set...
..................................................................
source: 	 mrr: 0.029721	 ndcg_5: 0.0232	 ndcg_10: 0.0293	 hit@1:0.009189	 hit@5:0.0364	 hit@10: 0.0554
target: 	 mrr: 0.037526	 ndcg_5: 0.0294	 ndcg_10: 0.0399	 hit@1:0.011145	 hit@5:0.0485	 hit@10: 0.0814
epoch 21: train_loss = 1.607425, source_mrr = 0.029721, source_hit@10 = 0.0554, source_ndcg@10 = 0.0293, target_mrr = 0.037526, target_hit@10 = 0.0814, target_ndcg@10 = 0.0399

2024-08-15 17:59:51.307880: step 3784/13760 (epoch 22/80), loss = 1.598186 (24.740 sec/epoch), lr: 0.003258
Evaluating on dev set...
..................................................................
source: 	 mrr: 0.035529	 ndcg_5: 0.0261	 ndcg_10: 0.0374	 hit@1:0.010773	 hit@5:0.0415	 hit@10: 0.0767
target: 	 mrr: 0.036579	 ndcg_5: 0.0279	 ndcg_10: 0.0392	 hit@1:0.010588	 hit@5:0.0463	 hit@10: 0.0814
epoch 22: train_loss = 1.598186, source_mrr = 0.035529, source_hit@10 = 0.0767, source_ndcg@10 = 0.0374, target_mrr = 0.036579, target_hit@10 = 0.0814, target_ndcg@10 = 0.0392

2024-08-15 18:00:16.135141: step 3956/13760 (epoch 23/80), loss = 1.595515 (24.142 sec/epoch), lr: 0.003258
Evaluating on dev set...
..................................................................
source: 	 mrr: 0.040182	 ndcg_5: 0.0297	 ndcg_10: 0.0418	 hit@1:0.013942	 hit@5:0.0459	 hit@10: 0.0840
target: 	 mrr: 0.037505	 ndcg_5: 0.0289	 ndcg_10: 0.0402	 hit@1:0.011424	 hit@5:0.0468	 hit@10: 0.0819
epoch 23: train_loss = 1.595515, source_mrr = 0.040182, source_hit@10 = 0.0840, source_ndcg@10 = 0.0418, target_mrr = 0.037505, target_hit@10 = 0.0819, target_ndcg@10 = 0.0402

2024-08-15 18:00:40.900300: step 4128/13760 (epoch 24/80), loss = 1.592833 (24.120 sec/epoch), lr: 0.003258
Evaluating on dev set...
..................................................................
source: 	 mrr: 0.041407	 ndcg_5: 0.0319	 ndcg_10: 0.0425	 hit@1:0.013625	 hit@5:0.0497	 hit@10: 0.0827
target: 	 mrr: 0.038363	 ndcg_5: 0.0296	 ndcg_10: 0.0415	 hit@1:0.012260	 hit@5:0.0476	 hit@10: 0.0844
epoch 24: train_loss = 1.592833, source_mrr = 0.041407, source_hit@10 = 0.0827, source_ndcg@10 = 0.0425, target_mrr = 0.038363, target_hit@10 = 0.0844, target_ndcg@10 = 0.0415

2024-08-15 18:01:05.814763: step 4300/13760 (epoch 25/80), loss = 1.589982 (24.269 sec/epoch), lr: 0.003258
Evaluating on dev set...
..................................................................
source: 	 mrr: 0.043787	 ndcg_5: 0.0354	 ndcg_10: 0.0482	 hit@1:0.013625	 hit@5:0.0589	 hit@10: 0.0992
target: 	 mrr: 0.041049	 ndcg_5: 0.0320	 ndcg_10: 0.0439	 hit@1:0.015046	 hit@5:0.0490	 hit@10: 0.0858
epoch 25: train_loss = 1.589982, source_mrr = 0.043787, source_hit@10 = 0.0992, source_ndcg@10 = 0.0482, target_mrr = 0.041049, target_hit@10 = 0.0858, target_ndcg@10 = 0.0439

2024-08-15 18:01:30.818429: step 4472/13760 (epoch 26/80), loss = 1.589846 (24.363 sec/epoch), lr: 0.003258
Evaluating on dev set...
..................................................................
source: 	 mrr: 0.031235	 ndcg_5: 0.0242	 ndcg_10: 0.0322	 hit@1:0.009823	 hit@5:0.0387	 hit@10: 0.0637
target: 	 mrr: 0.034308	 ndcg_5: 0.0261	 ndcg_10: 0.0356	 hit@1:0.008638	 hit@5:0.0451	 hit@10: 0.0750
epoch 26: train_loss = 1.589846, source_mrr = 0.031235, source_hit@10 = 0.0637, source_ndcg@10 = 0.0322, target_mrr = 0.034308, target_hit@10 = 0.0750, target_ndcg@10 = 0.0356

2024-08-15 18:01:55.978134: step 4644/13760 (epoch 27/80), loss = 1.579996 (24.508 sec/epoch), lr: 0.003095
Evaluating on dev set...
..................................................................
source: 	 mrr: 0.041713	 ndcg_5: 0.0329	 ndcg_10: 0.0449	 hit@1:0.013625	 hit@5:0.0523	 hit@10: 0.0900
target: 	 mrr: 0.042372	 ndcg_5: 0.0334	 ndcg_10: 0.0438	 hit@1:0.015046	 hit@5:0.0521	 hit@10: 0.0844
epoch 27: train_loss = 1.579996, source_mrr = 0.041713, source_hit@10 = 0.0900, source_ndcg@10 = 0.0449, target_mrr = 0.042372, target_hit@10 = 0.0844, target_ndcg@10 = 0.0438

2024-08-15 18:02:21.116917: step 4816/13760 (epoch 28/80), loss = 1.579804 (24.494 sec/epoch), lr: 0.003095
Evaluating on dev set...
..................................................................
source: 	 mrr: 0.043220	 ndcg_5: 0.0328	 ndcg_10: 0.0457	 hit@1:0.014259	 hit@5:0.0513	 hit@10: 0.0916
target: 	 mrr: 0.040299	 ndcg_5: 0.0314	 ndcg_10: 0.0417	 hit@1:0.013096	 hit@5:0.0499	 hit@10: 0.0822
epoch 28: train_loss = 1.579804, source_mrr = 0.043220, source_hit@10 = 0.0916, source_ndcg@10 = 0.0457, target_mrr = 0.040299, target_hit@10 = 0.0822, target_ndcg@10 = 0.0417

2024-08-15 18:02:46.252288: step 4988/13760 (epoch 29/80), loss = 1.573173 (24.489 sec/epoch), lr: 0.002940
Evaluating on dev set...
..................................................................
source: 	 mrr: 0.039129	 ndcg_5: 0.0306	 ndcg_10: 0.0403	 hit@1:0.012991	 hit@5:0.0497	 hit@10: 0.0802
target: 	 mrr: 0.041199	 ndcg_5: 0.0321	 ndcg_10: 0.0434	 hit@1:0.012817	 hit@5:0.0521	 hit@10: 0.0869
epoch 29: train_loss = 1.573173, source_mrr = 0.039129, source_hit@10 = 0.0802, source_ndcg@10 = 0.0403, target_mrr = 0.041199, target_hit@10 = 0.0869, target_ndcg@10 = 0.0434

2024-08-15 18:03:11.112226: step 5160/13760 (epoch 30/80), loss = 1.568407 (24.219 sec/epoch), lr: 0.002793
Evaluating on dev set...
..................................................................
source: 	 mrr: 0.039252	 ndcg_5: 0.0315	 ndcg_10: 0.0413	 hit@1:0.012674	 hit@5:0.0504	 hit@10: 0.0808
target: 	 mrr: 0.029988	 ndcg_5: 0.0215	 ndcg_10: 0.0308	 hit@1:0.009195	 hit@5:0.0340	 hit@10: 0.0627
epoch 30: train_loss = 1.568407, source_mrr = 0.039252, source_hit@10 = 0.0808, source_ndcg@10 = 0.0413, target_mrr = 0.029988, target_hit@10 = 0.0627, target_ndcg@10 = 0.0308

2024-08-15 18:03:36.388203: step 5332/13760 (epoch 31/80), loss = 1.564494 (24.617 sec/epoch), lr: 0.002654
Evaluating on dev set...
..................................................................
source: 	 mrr: 0.042625	 ndcg_5: 0.0343	 ndcg_10: 0.0450	 hit@1:0.015526	 hit@5:0.0539	 hit@10: 0.0875
target: 	 mrr: 0.039528	 ndcg_5: 0.0319	 ndcg_10: 0.0433	 hit@1:0.011145	 hit@5:0.0527	 hit@10: 0.0883
epoch 31: train_loss = 1.564494, source_mrr = 0.042625, source_hit@10 = 0.0875, source_ndcg@10 = 0.0450, target_mrr = 0.039528, target_hit@10 = 0.0883, target_ndcg@10 = 0.0433

2024-08-15 18:04:01.271902: step 5504/13760 (epoch 32/80), loss = 1.560078 (24.244 sec/epoch), lr: 0.002654
Evaluating on dev set...
..................................................................
source: 	 mrr: 0.047912	 ndcg_5: 0.0385	 ndcg_10: 0.0513	 hit@1:0.016477	 hit@5:0.0596	 hit@10: 0.0998
target: 	 mrr: 0.025639	 ndcg_5: 0.0174	 ndcg_10: 0.0242	 hit@1:0.007802	 hit@5:0.0276	 hit@10: 0.0488
source best!
..............................
source: 	 mrr: 0.045531	 ndcg_5: 0.0358	 ndcg_10: 0.0476	 hit@1:0.018152	 hit@5:0.0545	 hit@10: 0.0914
epoch 32: train_loss = 1.560078, source_mrr = 0.045531, source_hit@10 = 0.0914, source_ndcg@10 = 0.0476, target_mrr = 0.025639, target_hit@10 = 0.0488, target_ndcg@10 = 0.0242

2024-08-15 18:04:26.229211: step 5676/13760 (epoch 33/80), loss = 1.553355 (24.048 sec/epoch), lr: 0.002521
Evaluating on dev set...
..................................................................
source: 	 mrr: 0.046345	 ndcg_5: 0.0360	 ndcg_10: 0.0506	 hit@1:0.016477	 hit@5:0.0564	 hit@10: 0.1014
target: 	 mrr: 0.040044	 ndcg_5: 0.0323	 ndcg_10: 0.0417	 hit@1:0.014210	 hit@5:0.0493	 hit@10: 0.0789
epoch 33: train_loss = 1.553355, source_mrr = 0.046345, source_hit@10 = 0.1014, source_ndcg@10 = 0.0506, target_mrr = 0.040044, target_hit@10 = 0.0789, target_ndcg@10 = 0.0417

2024-08-15 18:04:51.450040: step 5848/13760 (epoch 34/80), loss = 1.556864 (24.575 sec/epoch), lr: 0.002521
Evaluating on dev set...
..................................................................
source: 	 mrr: 0.043004	 ndcg_5: 0.0336	 ndcg_10: 0.0451	 hit@1:0.015526	 hit@5:0.0526	 hit@10: 0.0881
target: 	 mrr: 0.039521	 ndcg_5: 0.0315	 ndcg_10: 0.0423	 hit@1:0.013096	 hit@5:0.0518	 hit@10: 0.0853
epoch 34: train_loss = 1.556864, source_mrr = 0.043004, source_hit@10 = 0.0881, source_ndcg@10 = 0.0451, target_mrr = 0.039521, target_hit@10 = 0.0853, target_ndcg@10 = 0.0423

2024-08-15 18:05:16.491233: step 6020/13760 (epoch 35/80), loss = 1.547073 (24.393 sec/epoch), lr: 0.002395
Evaluating on dev set...
..................................................................
source: 	 mrr: 0.044122	 ndcg_5: 0.0348	 ndcg_10: 0.0462	 hit@1:0.015526	 hit@5:0.0551	 hit@10: 0.0903
target: 	 mrr: 0.035011	 ndcg_5: 0.0264	 ndcg_10: 0.0379	 hit@1:0.008916	 hit@5:0.0437	 hit@10: 0.0794
epoch 35: train_loss = 1.547073, source_mrr = 0.044122, source_hit@10 = 0.0903, source_ndcg@10 = 0.0462, target_mrr = 0.035011, target_hit@10 = 0.0794, target_ndcg@10 = 0.0379

2024-08-15 18:05:41.446310: step 6192/13760 (epoch 36/80), loss = 1.542722 (24.312 sec/epoch), lr: 0.002275
Evaluating on dev set...
..................................................................
source: 	 mrr: 0.048350	 ndcg_5: 0.0398	 ndcg_10: 0.0526	 hit@1:0.017744	 hit@5:0.0624	 hit@10: 0.1023
target: 	 mrr: 0.038682	 ndcg_5: 0.0303	 ndcg_10: 0.0400	 hit@1:0.013096	 hit@5:0.0479	 hit@10: 0.0780
source best!
..............................
source: 	 mrr: 0.041617	 ndcg_5: 0.0329	 ndcg_10: 0.0448	 hit@1:0.012642	 hit@5:0.0528	 hit@10: 0.0901
epoch 36: train_loss = 1.542722, source_mrr = 0.041617, source_hit@10 = 0.0901, source_ndcg@10 = 0.0448, target_mrr = 0.038682, target_hit@10 = 0.0780, target_ndcg@10 = 0.0400

2024-08-15 18:06:06.687591: step 6364/13760 (epoch 37/80), loss = 1.539930 (24.322 sec/epoch), lr: 0.002275
Evaluating on dev set...
..................................................................
source: 	 mrr: 0.044078	 ndcg_5: 0.0342	 ndcg_10: 0.0466	 hit@1:0.015526	 hit@5:0.0539	 hit@10: 0.0922
target: 	 mrr: 0.038528	 ndcg_5: 0.0301	 ndcg_10: 0.0403	 hit@1:0.012538	 hit@5:0.0479	 hit@10: 0.0797
epoch 37: train_loss = 1.539930, source_mrr = 0.044078, source_hit@10 = 0.0922, source_ndcg@10 = 0.0466, target_mrr = 0.038528, target_hit@10 = 0.0797, target_ndcg@10 = 0.0403

2024-08-15 18:06:31.424550: step 6536/13760 (epoch 38/80), loss = 1.536039 (24.092 sec/epoch), lr: 0.002161
Evaluating on dev set...
..................................................................
source: 	 mrr: 0.048905	 ndcg_5: 0.0389	 ndcg_10: 0.0516	 hit@1:0.020279	 hit@5:0.0577	 hit@10: 0.0973
target: 	 mrr: 0.038735	 ndcg_5: 0.0309	 ndcg_10: 0.0400	 hit@1:0.013931	 hit@5:0.0485	 hit@10: 0.0769
source best!
..............................
source: 	 mrr: 0.048413	 ndcg_5: 0.0389	 ndcg_10: 0.0502	 hit@1:0.020746	 hit@5:0.0571	 hit@10: 0.0917
epoch 38: train_loss = 1.536039, source_mrr = 0.048413, source_hit@10 = 0.0917, source_ndcg@10 = 0.0502, target_mrr = 0.038735, target_hit@10 = 0.0769, target_ndcg@10 = 0.0400

2024-08-15 18:06:56.656668: step 6708/13760 (epoch 39/80), loss = 1.533287 (24.303 sec/epoch), lr: 0.002161
Evaluating on dev set...
..................................................................
source: 	 mrr: 0.046550	 ndcg_5: 0.0377	 ndcg_10: 0.0504	 hit@1:0.014575	 hit@5:0.0612	 hit@10: 0.1004
target: 	 mrr: 0.032079	 ndcg_5: 0.0243	 ndcg_10: 0.0324	 hit@1:0.010588	 hit@5:0.0387	 hit@10: 0.0638
epoch 39: train_loss = 1.533287, source_mrr = 0.046550, source_hit@10 = 0.1004, source_ndcg@10 = 0.0504, target_mrr = 0.032079, target_hit@10 = 0.0638, target_ndcg@10 = 0.0324

2024-08-15 18:07:21.816100: step 6880/13760 (epoch 40/80), loss = 1.526107 (24.513 sec/epoch), lr: 0.002053
Evaluating on dev set...
..................................................................
source: 	 mrr: 0.047508	 ndcg_5: 0.0382	 ndcg_10: 0.0512	 hit@1:0.017427	 hit@5:0.0599	 hit@10: 0.1001
target: 	 mrr: 0.039846	 ndcg_5: 0.0322	 ndcg_10: 0.0421	 hit@1:0.012260	 hit@5:0.0535	 hit@10: 0.0844
epoch 40: train_loss = 1.526107, source_mrr = 0.047508, source_hit@10 = 0.1001, source_ndcg@10 = 0.0512, target_mrr = 0.039846, target_hit@10 = 0.0844, target_ndcg@10 = 0.0421
shift to transfer learning mode

2024-08-15 18:07:47.598114: step 7052/13760 (epoch 41/80), loss = 1.641631 (25.133 sec/epoch), lr: 0.002053
Evaluating on dev set...
..................................................................
source: 	 mrr: 0.044738	 ndcg_5: 0.0354	 ndcg_10: 0.0480	 hit@1:0.014892	 hit@5:0.0554	 hit@10: 0.0944
target: 	 mrr: 0.041036	 ndcg_5: 0.0343	 ndcg_10: 0.0436	 hit@1:0.013096	 hit@5:0.0563	 hit@10: 0.0850
epoch 41: train_loss = 1.641631, source_mrr = 0.044738, source_hit@10 = 0.0944, source_ndcg@10 = 0.0480, target_mrr = 0.041036, target_hit@10 = 0.0850, target_ndcg@10 = 0.0436

2024-08-15 18:08:13.042915: step 7224/13760 (epoch 42/80), loss = 1.643421 (24.797 sec/epoch), lr: 0.001951
Evaluating on dev set...
..................................................................
source: 	 mrr: 0.048423	 ndcg_5: 0.0401	 ndcg_10: 0.0518	 hit@1:0.019011	 hit@5:0.0608	 hit@10: 0.0973
target: 	 mrr: 0.033892	 ndcg_5: 0.0264	 ndcg_10: 0.0360	 hit@1:0.008638	 hit@5:0.0437	 hit@10: 0.0738
epoch 42: train_loss = 1.643421, source_mrr = 0.048423, source_hit@10 = 0.0973, source_ndcg@10 = 0.0518, target_mrr = 0.033892, target_hit@10 = 0.0738, target_ndcg@10 = 0.0360

2024-08-15 18:08:38.331596: step 7396/13760 (epoch 43/80), loss = 1.642058 (24.647 sec/epoch), lr: 0.001853
Evaluating on dev set...
..................................................................
source: 	 mrr: 0.051587	 ndcg_5: 0.0411	 ndcg_10: 0.0552	 hit@1:0.019962	 hit@5:0.0624	 hit@10: 0.1061
target: 	 mrr: 0.034961	 ndcg_5: 0.0275	 ndcg_10: 0.0358	 hit@1:0.010588	 hit@5:0.0440	 hit@10: 0.0702
source best!
..............................
source: 	 mrr: 0.048285	 ndcg_5: 0.0393	 ndcg_10: 0.0510	 hit@1:0.018152	 hit@5:0.0603	 hit@10: 0.0966
epoch 43: train_loss = 1.642058, source_mrr = 0.048285, source_hit@10 = 0.0966, source_ndcg@10 = 0.0510, target_mrr = 0.034961, target_hit@10 = 0.0702, target_ndcg@10 = 0.0358

2024-08-15 18:09:03.888272: step 7568/13760 (epoch 44/80), loss = 1.640121 (24.644 sec/epoch), lr: 0.001853
Evaluating on dev set...
..................................................................
source: 	 mrr: 0.051728	 ndcg_5: 0.0429	 ndcg_10: 0.0555	 hit@1:0.019011	 hit@5:0.0669	 hit@10: 0.1058
target: 	 mrr: 0.036382	 ndcg_5: 0.0300	 ndcg_10: 0.0367	 hit@1:0.012817	 hit@5:0.0463	 hit@10: 0.0674
source best!
..............................
source: 	 mrr: 0.047847	 ndcg_5: 0.0387	 ndcg_10: 0.0514	 hit@1:0.018801	 hit@5:0.0596	 hit@10: 0.0995
epoch 44: train_loss = 1.640121, source_mrr = 0.047847, source_hit@10 = 0.0995, source_ndcg@10 = 0.0514, target_mrr = 0.036382, target_hit@10 = 0.0674, target_ndcg@10 = 0.0367

2024-08-15 18:09:29.395718: step 7740/13760 (epoch 45/80), loss = 1.640427 (24.569 sec/epoch), lr: 0.001853
Evaluating on dev set...
..................................................................
source: 	 mrr: 0.053509	 ndcg_5: 0.0445	 ndcg_10: 0.0586	 hit@1:0.019962	 hit@5:0.0691	 hit@10: 0.1125
target: 	 mrr: 0.028440	 ndcg_5: 0.0212	 ndcg_10: 0.0278	 hit@1:0.009752	 hit@5:0.0329	 hit@10: 0.0535
source best!
..............................
source: 	 mrr: 0.052752	 ndcg_5: 0.0437	 ndcg_10: 0.0566	 hit@1:0.023015	 hit@5:0.0658	 hit@10: 0.1063
epoch 45: train_loss = 1.640427, source_mrr = 0.052752, source_hit@10 = 0.1063, source_ndcg@10 = 0.0566, target_mrr = 0.028440, target_hit@10 = 0.0535, target_ndcg@10 = 0.0278

2024-08-15 18:09:55.102853: step 7912/13760 (epoch 46/80), loss = 1.636383 (24.764 sec/epoch), lr: 0.001761
Evaluating on dev set...
..................................................................
source: 	 mrr: 0.046304	 ndcg_5: 0.0372	 ndcg_10: 0.0493	 hit@1:0.015209	 hit@5:0.0599	 hit@10: 0.0979
target: 	 mrr: 0.040175	 ndcg_5: 0.0315	 ndcg_10: 0.0412	 hit@1:0.013931	 hit@5:0.0493	 hit@10: 0.0797
epoch 46: train_loss = 1.636383, source_mrr = 0.046304, source_hit@10 = 0.0979, source_ndcg@10 = 0.0493, target_mrr = 0.040175, target_hit@10 = 0.0797, target_ndcg@10 = 0.0412

2024-08-15 18:10:20.375097: step 8084/13760 (epoch 47/80), loss = 1.633930 (24.632 sec/epoch), lr: 0.001761
Evaluating on dev set...
..................................................................
source: 	 mrr: 0.047810	 ndcg_5: 0.0393	 ndcg_10: 0.0512	 hit@1:0.018378	 hit@5:0.0605	 hit@10: 0.0979
target: 	 mrr: 0.043467	 ndcg_5: 0.0361	 ndcg_10: 0.0454	 hit@1:0.015325	 hit@5:0.0566	 hit@10: 0.0855
target best!
...................................target: 	 mrr: 0.041417	 ndcg_5: 0.0343	 ndcg_10: 0.0454	 hit@1:0.011844	 hit@5:0.0575	 hit@10: 0.0922
epoch 47: train_loss = 1.633930, source_mrr = 0.047810, source_hit@10 = 0.0979, source_ndcg@10 = 0.0512, target_mrr = 0.041417, target_hit@10 = 0.0922, target_ndcg@10 = 0.0454

2024-08-15 18:10:46.021417: step 8256/13760 (epoch 48/80), loss = 1.633551 (24.675 sec/epoch), lr: 0.001761
Evaluating on dev set...
..................................................................
source: 	 mrr: 0.048270	 ndcg_5: 0.0403	 ndcg_10: 0.0507	 hit@1:0.016793	 hit@5:0.0640	 hit@10: 0.0966
target: 	 mrr: 0.032814	 ndcg_5: 0.0230	 ndcg_10: 0.0324	 hit@1:0.010031	 hit@5:0.0365	 hit@10: 0.0658
epoch 48: train_loss = 1.633551, source_mrr = 0.048270, source_hit@10 = 0.0966, source_ndcg@10 = 0.0507, target_mrr = 0.032814, target_hit@10 = 0.0658, target_ndcg@10 = 0.0324

2024-08-15 18:11:11.524855: step 8428/13760 (epoch 49/80), loss = 1.628334 (24.861 sec/epoch), lr: 0.001672
Evaluating on dev set...
..................................................................
source: 	 mrr: 0.046067	 ndcg_5: 0.0365	 ndcg_10: 0.0500	 hit@1:0.014575	 hit@5:0.0580	 hit@10: 0.1004
target: 	 mrr: 0.038233	 ndcg_5: 0.0277	 ndcg_10: 0.0399	 hit@1:0.011981	 hit@5:0.0432	 hit@10: 0.0816
epoch 49: train_loss = 1.628334, source_mrr = 0.046067, source_hit@10 = 0.1004, source_ndcg@10 = 0.0500, target_mrr = 0.038233, target_hit@10 = 0.0816, target_ndcg@10 = 0.0399

2024-08-15 18:11:36.650623: step 8600/13760 (epoch 50/80), loss = 1.625985 (24.469 sec/epoch), lr: 0.001672
Evaluating on dev set...
..................................................................
source: 	 mrr: 0.038194	 ndcg_5: 0.0292	 ndcg_10: 0.0404	 hit@1:0.010456	 hit@5:0.0488	 hit@10: 0.0840
target: 	 mrr: 0.033787	 ndcg_5: 0.0240	 ndcg_10: 0.0347	 hit@1:0.009473	 hit@5:0.0390	 hit@10: 0.0724
epoch 50: train_loss = 1.625985, source_mrr = 0.038194, source_hit@10 = 0.0840, source_ndcg@10 = 0.0404, target_mrr = 0.033787, target_hit@10 = 0.0724, target_ndcg@10 = 0.0347

2024-08-15 18:12:01.977233: step 8772/13760 (epoch 51/80), loss = 1.622998 (24.674 sec/epoch), lr: 0.001589
Evaluating on dev set...
..................................................................
source: 	 mrr: 0.028747	 ndcg_5: 0.0209	 ndcg_10: 0.0275	 hit@1:0.007605	 hit@5:0.0342	 hit@10: 0.0551
target: 	 mrr: 0.041017	 ndcg_5: 0.0330	 ndcg_10: 0.0449	 hit@1:0.010867	 hit@5:0.0549	 hit@10: 0.0919
epoch 51: train_loss = 1.622998, source_mrr = 0.028747, source_hit@10 = 0.0551, source_ndcg@10 = 0.0275, target_mrr = 0.041017, target_hit@10 = 0.0919, target_ndcg@10 = 0.0449

2024-08-15 18:12:27.109260: step 8944/13760 (epoch 52/80), loss = 1.616174 (24.489 sec/epoch), lr: 0.001509
Evaluating on dev set...
..................................................................
source: 	 mrr: 0.039812	 ndcg_5: 0.0291	 ndcg_10: 0.0413	 hit@1:0.012991	 hit@5:0.0456	 hit@10: 0.0837
target: 	 mrr: 0.034247	 ndcg_5: 0.0258	 ndcg_10: 0.0360	 hit@1:0.009473	 hit@5:0.0426	 hit@10: 0.0744
epoch 52: train_loss = 1.616174, source_mrr = 0.039812, source_hit@10 = 0.0837, source_ndcg@10 = 0.0413, target_mrr = 0.034247, target_hit@10 = 0.0744, target_ndcg@10 = 0.0360

2024-08-15 18:12:52.782293: step 9116/13760 (epoch 53/80), loss = 1.614179 (25.033 sec/epoch), lr: 0.001509
Evaluating on dev set...
..................................................................
source: 	 mrr: 0.035752	 ndcg_5: 0.0255	 ndcg_10: 0.0370	 hit@1:0.010139	 hit@5:0.0409	 hit@10: 0.0767
target: 	 mrr: 0.035716	 ndcg_5: 0.0274	 ndcg_10: 0.0364	 hit@1:0.009752	 hit@5:0.0451	 hit@10: 0.0733
epoch 53: train_loss = 1.614179, source_mrr = 0.035752, source_hit@10 = 0.0767, source_ndcg@10 = 0.0370, target_mrr = 0.035716, target_hit@10 = 0.0733, target_ndcg@10 = 0.0364

2024-08-15 18:13:18.108344: step 9288/13760 (epoch 54/80), loss = 1.611722 (24.641 sec/epoch), lr: 0.001434
Evaluating on dev set...
..................................................................
source: 	 mrr: 0.045626	 ndcg_5: 0.0383	 ndcg_10: 0.0487	 hit@1:0.017110	 hit@5:0.0599	 hit@10: 0.0925
target: 	 mrr: 0.030831	 ndcg_5: 0.0234	 ndcg_10: 0.0309	 hit@1:0.009752	 hit@5:0.0371	 hit@10: 0.0607
epoch 54: train_loss = 1.611722, source_mrr = 0.045626, source_hit@10 = 0.0925, source_ndcg@10 = 0.0487, target_mrr = 0.030831, target_hit@10 = 0.0607, target_ndcg@10 = 0.0309

2024-08-15 18:13:43.781400: step 9460/13760 (epoch 55/80), loss = 1.604428 (25.025 sec/epoch), lr: 0.001434
Evaluating on dev set...
..................................................................
source: 	 mrr: 0.044293	 ndcg_5: 0.0357	 ndcg_10: 0.0475	 hit@1:0.015209	 hit@5:0.0574	 hit@10: 0.0941
target: 	 mrr: 0.039412	 ndcg_5: 0.0299	 ndcg_10: 0.0422	 hit@1:0.012817	 hit@5:0.0479	 hit@10: 0.0864
epoch 55: train_loss = 1.604428, source_mrr = 0.044293, source_hit@10 = 0.0941, source_ndcg@10 = 0.0475, target_mrr = 0.039412, target_hit@10 = 0.0864, target_ndcg@10 = 0.0422

2024-08-15 18:14:08.982248: step 9632/13760 (epoch 56/80), loss = 1.603460 (24.556 sec/epoch), lr: 0.001434
Evaluating on dev set...
..................................................................
source: 	 mrr: 0.036890	 ndcg_5: 0.0278	 ndcg_10: 0.0390	 hit@1:0.011724	 hit@5:0.0444	 hit@10: 0.0792
target: 	 mrr: 0.039912	 ndcg_5: 0.0315	 ndcg_10: 0.0422	 hit@1:0.013374	 hit@5:0.0507	 hit@10: 0.0839
epoch 56: train_loss = 1.603460, source_mrr = 0.036890, source_hit@10 = 0.0792, source_ndcg@10 = 0.0390, target_mrr = 0.039912, target_hit@10 = 0.0839, target_ndcg@10 = 0.0422

2024-08-15 18:14:34.520806: step 9804/13760 (epoch 57/80), loss = 1.596692 (24.889 sec/epoch), lr: 0.001362
Evaluating on dev set...
..................................................................
source: 	 mrr: 0.034537	 ndcg_5: 0.0264	 ndcg_10: 0.0351	 hit@1:0.008555	 hit@5:0.0450	 hit@10: 0.0722
target: 	 mrr: 0.041095	 ndcg_5: 0.0325	 ndcg_10: 0.0435	 hit@1:0.013374	 hit@5:0.0513	 hit@10: 0.0853
epoch 57: train_loss = 1.596692, source_mrr = 0.034537, source_hit@10 = 0.0722, source_ndcg@10 = 0.0351, target_mrr = 0.041095, target_hit@10 = 0.0853, target_ndcg@10 = 0.0435

2024-08-15 18:15:00.635529: step 9976/13760 (epoch 58/80), loss = 1.591562 (25.471 sec/epoch), lr: 0.001294
Evaluating on dev set...
..................................................................
source: 	 mrr: 0.042767	 ndcg_5: 0.0339	 ndcg_10: 0.0452	 hit@1:0.014892	 hit@5:0.0532	 hit@10: 0.0884
target: 	 mrr: 0.041291	 ndcg_5: 0.0337	 ndcg_10: 0.0451	 hit@1:0.011145	 hit@5:0.0568	 hit@10: 0.0917
epoch 58: train_loss = 1.591562, source_mrr = 0.042767, source_hit@10 = 0.0884, source_ndcg@10 = 0.0452, target_mrr = 0.041291, target_hit@10 = 0.0917, target_ndcg@10 = 0.0451

2024-08-15 18:15:25.814282: step 10148/13760 (epoch 59/80), loss = 1.590092 (24.496 sec/epoch), lr: 0.001294
Evaluating on dev set...
..................................................................
source: 	 mrr: 0.046190	 ndcg_5: 0.0370	 ndcg_10: 0.0484	 hit@1:0.015843	 hit@5:0.0577	 hit@10: 0.0935
target: 	 mrr: 0.040949	 ndcg_5: 0.0331	 ndcg_10: 0.0444	 hit@1:0.010588	 hit@5:0.0554	 hit@10: 0.0903
epoch 59: train_loss = 1.590092, source_mrr = 0.046190, source_hit@10 = 0.0935, source_ndcg@10 = 0.0484, target_mrr = 0.040949, target_hit@10 = 0.0903, target_ndcg@10 = 0.0444

2024-08-15 18:15:51.047019: step 10320/13760 (epoch 60/80), loss = 1.589282 (24.560 sec/epoch), lr: 0.001294
Evaluating on dev set...
..................................................................
source: 	 mrr: 0.028197	 ndcg_5: 0.0179	 ndcg_10: 0.0251	 hit@1:0.008555	 hit@5:0.0272	 hit@10: 0.0497
target: 	 mrr: 0.038355	 ndcg_5: 0.0306	 ndcg_10: 0.0404	 hit@1:0.011424	 hit@5:0.0502	 hit@10: 0.0808
epoch 60: train_loss = 1.589282, source_mrr = 0.028197, source_hit@10 = 0.0497, source_ndcg@10 = 0.0251, target_mrr = 0.038355, target_hit@10 = 0.0808, target_ndcg@10 = 0.0404

2024-08-15 18:16:16.229592: step 10492/13760 (epoch 61/80), loss = 1.583486 (24.533 sec/epoch), lr: 0.001229
Evaluating on dev set...
..................................................................
source: 	 mrr: 0.045643	 ndcg_5: 0.0386	 ndcg_10: 0.0495	 hit@1:0.015209	 hit@5:0.0618	 hit@10: 0.0960
target: 	 mrr: 0.032219	 ndcg_5: 0.0240	 ndcg_10: 0.0320	 hit@1:0.008638	 hit@5:0.0398	 hit@10: 0.0649
epoch 61: train_loss = 1.583486, source_mrr = 0.045643, source_hit@10 = 0.0960, source_ndcg@10 = 0.0495, target_mrr = 0.032219, target_hit@10 = 0.0649, target_ndcg@10 = 0.0320

2024-08-15 18:16:41.852410: step 10664/13760 (epoch 62/80), loss = 1.582222 (24.977 sec/epoch), lr: 0.001229
Evaluating on dev set...
..................................................................
source: 	 mrr: 0.043114	 ndcg_5: 0.0341	 ndcg_10: 0.0459	 hit@1:0.013942	 hit@5:0.0539	 hit@10: 0.0903
target: 	 mrr: 0.037554	 ndcg_5: 0.0283	 ndcg_10: 0.0394	 hit@1:0.013096	 hit@5:0.0437	 hit@10: 0.0783
epoch 62: train_loss = 1.582222, source_mrr = 0.043114, source_hit@10 = 0.0903, source_ndcg@10 = 0.0459, target_mrr = 0.037554, target_hit@10 = 0.0783, target_ndcg@10 = 0.0394

2024-08-15 18:17:07.392064: step 10836/13760 (epoch 63/80), loss = 1.581400 (24.894 sec/epoch), lr: 0.001229
Evaluating on dev set...
..................................................................
source: 	 mrr: 0.044699	 ndcg_5: 0.0351	 ndcg_10: 0.0468	 hit@1:0.014892	 hit@5:0.0564	 hit@10: 0.0925
target: 	 mrr: 0.039393	 ndcg_5: 0.0308	 ndcg_10: 0.0409	 hit@1:0.014210	 hit@5:0.0482	 hit@10: 0.0797
epoch 63: train_loss = 1.581400, source_mrr = 0.044699, source_hit@10 = 0.0925, source_ndcg@10 = 0.0468, target_mrr = 0.039393, target_hit@10 = 0.0797, target_ndcg@10 = 0.0409

2024-08-15 18:17:32.675753: step 11008/13760 (epoch 64/80), loss = 1.578179 (24.623 sec/epoch), lr: 0.001229
Evaluating on dev set...
..................................................................
source: 	 mrr: 0.047203	 ndcg_5: 0.0392	 ndcg_10: 0.0496	 hit@1:0.017110	 hit@5:0.0605	 hit@10: 0.0928
target: 	 mrr: 0.040043	 ndcg_5: 0.0312	 ndcg_10: 0.0410	 hit@1:0.014489	 hit@5:0.0482	 hit@10: 0.0789
epoch 64: train_loss = 1.578179, source_mrr = 0.047203, source_hit@10 = 0.0928, source_ndcg@10 = 0.0496, target_mrr = 0.040043, target_hit@10 = 0.0789, target_ndcg@10 = 0.0410

2024-08-15 18:17:57.949908: step 11180/13760 (epoch 65/80), loss = 1.579314 (24.630 sec/epoch), lr: 0.001229
Evaluating on dev set...
..................................................................
source: 	 mrr: 0.046209	 ndcg_5: 0.0380	 ndcg_10: 0.0496	 hit@1:0.016160	 hit@5:0.0596	 hit@10: 0.0954
target: 	 mrr: 0.040536	 ndcg_5: 0.0329	 ndcg_10: 0.0438	 hit@1:0.014489	 hit@5:0.0524	 hit@10: 0.0864
epoch 65: train_loss = 1.579314, source_mrr = 0.046209, source_hit@10 = 0.0954, source_ndcg@10 = 0.0496, target_mrr = 0.040536, target_hit@10 = 0.0864, target_ndcg@10 = 0.0438

2024-08-15 18:18:23.423430: step 11352/13760 (epoch 66/80), loss = 1.576847 (24.827 sec/epoch), lr: 0.001168
Evaluating on dev set...
..................................................................
source: 	 mrr: 0.044018	 ndcg_5: 0.0359	 ndcg_10: 0.0469	 hit@1:0.015209	 hit@5:0.0561	 hit@10: 0.0900
target: 	 mrr: 0.039188	 ndcg_5: 0.0306	 ndcg_10: 0.0418	 hit@1:0.011702	 hit@5:0.0499	 hit@10: 0.0853
epoch 66: train_loss = 1.576847, source_mrr = 0.044018, source_hit@10 = 0.0900, source_ndcg@10 = 0.0469, target_mrr = 0.039188, target_hit@10 = 0.0853, target_ndcg@10 = 0.0418

2024-08-15 18:18:48.612766: step 11524/13760 (epoch 67/80), loss = 1.570004 (24.524 sec/epoch), lr: 0.001110
Evaluating on dev set...
..................................................................
source: 	 mrr: 0.040115	 ndcg_5: 0.0306	 ndcg_10: 0.0411	 hit@1:0.012674	 hit@5:0.0478	 hit@10: 0.0808
target: 	 mrr: 0.040602	 ndcg_5: 0.0312	 ndcg_10: 0.0428	 hit@1:0.014767	 hit@5:0.0482	 hit@10: 0.0836
epoch 67: train_loss = 1.570004, source_mrr = 0.040115, source_hit@10 = 0.0808, source_ndcg@10 = 0.0411, target_mrr = 0.040602, target_hit@10 = 0.0836, target_ndcg@10 = 0.0428

2024-08-15 18:19:14.150079: step 11696/13760 (epoch 68/80), loss = 1.567180 (24.891 sec/epoch), lr: 0.001054
Evaluating on dev set...
..................................................................
source: 	 mrr: 0.040118	 ndcg_5: 0.0329	 ndcg_10: 0.0426	 hit@1:0.012991	 hit@5:0.0526	 hit@10: 0.0827
target: 	 mrr: 0.031118	 ndcg_5: 0.0233	 ndcg_10: 0.0314	 hit@1:0.010309	 hit@5:0.0368	 hit@10: 0.0619
epoch 68: train_loss = 1.567180, source_mrr = 0.040118, source_hit@10 = 0.0827, source_ndcg@10 = 0.0426, target_mrr = 0.031118, target_hit@10 = 0.0619, target_ndcg@10 = 0.0314
early termination of training
source best:  source_mrr = 0.053509, source_hit@10 = 0.1125, source_ndcg@10 = 0.0586
target best:  target_mrr = 0.041017, target_hit@10 = 0.0919, target_ndcg@10 = 0.0449
