using gpu:0 to train the model
using gpu:0 to train the model
cuda:0
Namespace(A_split=False, JK='sum', a_fold=100, aggregate=False, alpha=0.5, batch_size=2048, beta_inter=0.7, conv_layers=4, cuda=True, decay_epoch=10, device=device(type='cuda', index=0), device_id='0', domains='cloth_sport', dropout=0.4, epoch=80, feature_dim=126, gamma_intra=0.8, hidden_dim=126, inter_tau=0.2, intra_tau=0.4, lambda_critic=0.4, leakey=0.05, load=False, log='logs.txt', log_epoch=1, lr=0.004, lr_decay=0.95, min_epoch=60, mode='train', model_file=None, model_name='cs', momentum=0.98, num_latent_factors=3, num_negative=100, optim='adam', patience=20, proj_layers=1, projection=1, rectify_epoch=40, residual=1, save=False, save_dir='./saved_models', seed=32, similarity_tau=0.2, step=5, test_sample_number=999, user_batch_size=256, weight_decay=0.0002)
number_user 41829
number_item 17943
real graph loaded!
number_user 27328
number_item 12655
real graph loaded!
graph loaded!
Loading data from cloth_sport with batch size 2048...
unseen test: 0
test length: 3156
unseen test: 0
test length: 3085
unseen test: 0
test length: 3589
unseen test: 0
test length: 3546
source_user_num 41829
target_user_num 27328
source_item_num 17943
target_item_num 12655
shared users id: 7857
test users 990, 982
unseen test: 0
dev length: 1000
unseen test: 0
dev length: 1000
source train data : 187880, target train data: 163291, source test data : 3085, target test data : 3546, source dev data : 1000, target dev data : 1000
2024-08-15 20:26:29.950867: step 172/13760 (epoch 1/80), loss = 3.087277 (24.680 sec/epoch), lr: 0.004000
Evaluating on dev set...
..................................................................
source: 	 mrr: 0.039521	 ndcg_5: 0.0308	 ndcg_10: 0.0430	 hit@1:0.010456	 hit@5:0.0507	 hit@10: 0.0890
target: 	 mrr: 0.036009	 ndcg_5: 0.0264	 ndcg_10: 0.0371	 hit@1:0.012538	 hit@5:0.0404	 hit@10: 0.0744
source best!
..............................
source: 	 mrr: 0.041157	 ndcg_5: 0.0337	 ndcg_10: 0.0447	 hit@1:0.012966	 hit@5:0.0548	 hit@10: 0.0891
target best!
...................................target: 	 mrr: 0.035163	 ndcg_5: 0.0263	 ndcg_10: 0.0369	 hit@1:0.010998	 hit@5:0.0420	 hit@10: 0.0753
epoch 1: train_loss = 3.087277, source_mrr = 0.041157, source_hit@10 = 0.0891, source_ndcg@10 = 0.0447, target_mrr = 0.035163, target_hit@10 = 0.0753, target_ndcg@10 = 0.0369

2024-08-15 20:26:55.317382: step 344/13760 (epoch 2/80), loss = 2.527127 (24.129 sec/epoch), lr: 0.004000
Evaluating on dev set...
..................................................................
source: 	 mrr: 0.040385	 ndcg_5: 0.0288	 ndcg_10: 0.0450	 hit@1:0.012041	 hit@5:0.0463	 hit@10: 0.0970
target: 	 mrr: 0.034206	 ndcg_5: 0.0249	 ndcg_10: 0.0348	 hit@1:0.010031	 hit@5:0.0412	 hit@10: 0.0719
source best!
..............................
source: 	 mrr: 0.042677	 ndcg_5: 0.0329	 ndcg_10: 0.0449	 hit@1:0.014911	 hit@5:0.0502	 hit@10: 0.0875
epoch 2: train_loss = 2.527127, source_mrr = 0.042677, source_hit@10 = 0.0875, source_ndcg@10 = 0.0449, target_mrr = 0.034206, target_hit@10 = 0.0719, target_ndcg@10 = 0.0348

2024-08-15 20:27:20.445690: step 516/13760 (epoch 3/80), loss = 2.286593 (24.203 sec/epoch), lr: 0.004000
Evaluating on dev set...
..................................................................
source: 	 mrr: 0.044073	 ndcg_5: 0.0370	 ndcg_10: 0.0488	 hit@1:0.013625	 hit@5:0.0602	 hit@10: 0.0970
target: 	 mrr: 0.038921	 ndcg_5: 0.0307	 ndcg_10: 0.0399	 hit@1:0.014210	 hit@5:0.0471	 hit@10: 0.0758
source best!
..............................
source: 	 mrr: 0.041777	 ndcg_5: 0.0330	 ndcg_10: 0.0445	 hit@1:0.014263	 hit@5:0.0515	 hit@10: 0.0875
target best!
...................................target: 	 mrr: 0.036020	 ndcg_5: 0.0268	 ndcg_10: 0.0368	 hit@1:0.010998	 hit@5:0.0420	 hit@10: 0.0736
epoch 3: train_loss = 2.286593, source_mrr = 0.041777, source_hit@10 = 0.0875, source_ndcg@10 = 0.0445, target_mrr = 0.036020, target_hit@10 = 0.0736, target_ndcg@10 = 0.0368

2024-08-15 20:27:45.783786: step 688/13760 (epoch 4/80), loss = 2.190531 (24.134 sec/epoch), lr: 0.004000
Evaluating on dev set...
..................................................................
source: 	 mrr: 0.040698	 ndcg_5: 0.0344	 ndcg_10: 0.0442	 hit@1:0.013308	 hit@5:0.0567	 hit@10: 0.0875
target: 	 mrr: 0.035974	 ndcg_5: 0.0274	 ndcg_10: 0.0367	 hit@1:0.010867	 hit@5:0.0435	 hit@10: 0.0727
epoch 4: train_loss = 2.190531, source_mrr = 0.040698, source_hit@10 = 0.0875, source_ndcg@10 = 0.0442, target_mrr = 0.035974, target_hit@10 = 0.0727, target_ndcg@10 = 0.0367

2024-08-15 20:28:10.955306: step 860/13760 (epoch 5/80), loss = 2.142713 (24.522 sec/epoch), lr: 0.004000
Evaluating on dev set...
..................................................................
source: 	 mrr: 0.041826	 ndcg_5: 0.0334	 ndcg_10: 0.0441	 hit@1:0.012357	 hit@5:0.0548	 hit@10: 0.0881
target: 	 mrr: 0.028252	 ndcg_5: 0.0205	 ndcg_10: 0.0305	 hit@1:0.006130	 hit@5:0.0348	 hit@10: 0.0658
epoch 5: train_loss = 2.142713, source_mrr = 0.041826, source_hit@10 = 0.0881, source_ndcg@10 = 0.0441, target_mrr = 0.028252, target_hit@10 = 0.0658, target_ndcg@10 = 0.0305

2024-08-15 20:28:35.920621: step 1032/13760 (epoch 6/80), loss = 2.114495 (24.313 sec/epoch), lr: 0.004000
Evaluating on dev set...
..................................................................
source: 	 mrr: 0.042439	 ndcg_5: 0.0324	 ndcg_10: 0.0449	 hit@1:0.012991	 hit@5:0.0497	 hit@10: 0.0884
target: 	 mrr: 0.036053	 ndcg_5: 0.0271	 ndcg_10: 0.0375	 hit@1:0.011145	 hit@5:0.0426	 hit@10: 0.0752
epoch 6: train_loss = 2.114495, source_mrr = 0.042439, source_hit@10 = 0.0884, source_ndcg@10 = 0.0449, target_mrr = 0.036053, target_hit@10 = 0.0752, target_ndcg@10 = 0.0375

2024-08-15 20:29:00.846985: step 1204/13760 (epoch 7/80), loss = 2.090974 (24.286 sec/epoch), lr: 0.004000
Evaluating on dev set...
..................................................................
source: 	 mrr: 0.043135	 ndcg_5: 0.0345	 ndcg_10: 0.0455	 hit@1:0.013942	 hit@5:0.0548	 hit@10: 0.0890
target: 	 mrr: 0.028416	 ndcg_5: 0.0216	 ndcg_10: 0.0279	 hit@1:0.006687	 hit@5:0.0359	 hit@10: 0.0557
epoch 7: train_loss = 2.090974, source_mrr = 0.043135, source_hit@10 = 0.0890, source_ndcg@10 = 0.0455, target_mrr = 0.028416, target_hit@10 = 0.0557, target_ndcg@10 = 0.0279

2024-08-15 20:29:26.085161: step 1376/13760 (epoch 8/80), loss = 2.076633 (24.599 sec/epoch), lr: 0.004000
Evaluating on dev set...
..................................................................
source: 	 mrr: 0.046628	 ndcg_5: 0.0376	 ndcg_10: 0.0509	 hit@1:0.015526	 hit@5:0.0586	 hit@10: 0.0998
target: 	 mrr: 0.035430	 ndcg_5: 0.0263	 ndcg_10: 0.0372	 hit@1:0.011424	 hit@5:0.0415	 hit@10: 0.0752
source best!
..............................
source: 	 mrr: 0.043457	 ndcg_5: 0.0340	 ndcg_10: 0.0439	 hit@1:0.016207	 hit@5:0.0506	 hit@10: 0.0814
epoch 8: train_loss = 2.076633, source_mrr = 0.043457, source_hit@10 = 0.0814, source_ndcg@10 = 0.0439, target_mrr = 0.035430, target_hit@10 = 0.0752, target_ndcg@10 = 0.0372

2024-08-15 20:29:51.486523: step 1548/13760 (epoch 9/80), loss = 2.059508 (24.488 sec/epoch), lr: 0.004000
Evaluating on dev set...
..................................................................
source: 	 mrr: 0.039458	 ndcg_5: 0.0303	 ndcg_10: 0.0409	 hit@1:0.013308	 hit@5:0.0469	 hit@10: 0.0805
target: 	 mrr: 0.035939	 ndcg_5: 0.0267	 ndcg_10: 0.0373	 hit@1:0.011145	 hit@5:0.0426	 hit@10: 0.0758
epoch 9: train_loss = 2.059508, source_mrr = 0.039458, source_hit@10 = 0.0805, source_ndcg@10 = 0.0409, target_mrr = 0.035939, target_hit@10 = 0.0758, target_ndcg@10 = 0.0373

2024-08-15 20:30:16.735049: step 1720/13760 (epoch 10/80), loss = 2.044269 (24.608 sec/epoch), lr: 0.004000
Evaluating on dev set...
..................................................................
source: 	 mrr: 0.038160	 ndcg_5: 0.0294	 ndcg_10: 0.0398	 hit@1:0.012041	 hit@5:0.0469	 hit@10: 0.0795
target: 	 mrr: 0.034421	 ndcg_5: 0.0282	 ndcg_10: 0.0355	 hit@1:0.011145	 hit@5:0.0449	 hit@10: 0.0677
epoch 10: train_loss = 2.044269, source_mrr = 0.038160, source_hit@10 = 0.0795, source_ndcg@10 = 0.0398, target_mrr = 0.034421, target_hit@10 = 0.0677, target_ndcg@10 = 0.0355

2024-08-15 20:30:42.000657: step 1892/13760 (epoch 11/80), loss = 2.019887 (24.623 sec/epoch), lr: 0.004000
Evaluating on dev set...
..................................................................
source: 	 mrr: 0.030643	 ndcg_5: 0.0213	 ndcg_10: 0.0298	 hit@1:0.010773	 hit@5:0.0330	 hit@10: 0.0596
target: 	 mrr: 0.036706	 ndcg_5: 0.0269	 ndcg_10: 0.0377	 hit@1:0.012817	 hit@5:0.0404	 hit@10: 0.0744
epoch 11: train_loss = 2.019887, source_mrr = 0.030643, source_hit@10 = 0.0596, source_ndcg@10 = 0.0298, target_mrr = 0.036706, target_hit@10 = 0.0744, target_ndcg@10 = 0.0377

2024-08-15 20:31:06.908478: step 2064/13760 (epoch 12/80), loss = 1.998143 (24.250 sec/epoch), lr: 0.003800
Evaluating on dev set...
..................................................................
source: 	 mrr: 0.047206	 ndcg_5: 0.0378	 ndcg_10: 0.0502	 hit@1:0.019328	 hit@5:0.0570	 hit@10: 0.0951
target: 	 mrr: 0.036212	 ndcg_5: 0.0268	 ndcg_10: 0.0382	 hit@1:0.008916	 hit@5:0.0437	 hit@10: 0.0791
source best!
..............................
source: 	 mrr: 0.042894	 ndcg_5: 0.0347	 ndcg_10: 0.0438	 hit@1:0.014587	 hit@5:0.0548	 hit@10: 0.0833
epoch 12: train_loss = 1.998143, source_mrr = 0.042894, source_hit@10 = 0.0833, source_ndcg@10 = 0.0438, target_mrr = 0.036212, target_hit@10 = 0.0791, target_ndcg@10 = 0.0382

2024-08-15 20:31:32.070210: step 2236/13760 (epoch 13/80), loss = 1.981294 (24.254 sec/epoch), lr: 0.003800
Evaluating on dev set...
..................................................................
source: 	 mrr: 0.040927	 ndcg_5: 0.0341	 ndcg_10: 0.0437	 hit@1:0.012357	 hit@5:0.0554	 hit@10: 0.0852
target: 	 mrr: 0.032002	 ndcg_5: 0.0237	 ndcg_10: 0.0328	 hit@1:0.009195	 hit@5:0.0387	 hit@10: 0.0671
epoch 13: train_loss = 1.981294, source_mrr = 0.040927, source_hit@10 = 0.0852, source_ndcg@10 = 0.0437, target_mrr = 0.032002, target_hit@10 = 0.0671, target_ndcg@10 = 0.0328

2024-08-15 20:31:57.168626: step 2408/13760 (epoch 14/80), loss = 1.957286 (24.456 sec/epoch), lr: 0.003610
Evaluating on dev set...
..................................................................
source: 	 mrr: 0.044944	 ndcg_5: 0.0355	 ndcg_10: 0.0475	 hit@1:0.017110	 hit@5:0.0535	 hit@10: 0.0903
target: 	 mrr: 0.037544	 ndcg_5: 0.0294	 ndcg_10: 0.0402	 hit@1:0.013096	 hit@5:0.0463	 hit@10: 0.0802
epoch 14: train_loss = 1.957286, source_mrr = 0.044944, source_hit@10 = 0.0903, source_ndcg@10 = 0.0475, target_mrr = 0.037544, target_hit@10 = 0.0802, target_ndcg@10 = 0.0402

2024-08-15 20:32:22.036979: step 2580/13760 (epoch 15/80), loss = 1.944597 (24.232 sec/epoch), lr: 0.003610
Evaluating on dev set...
..................................................................
source: 	 mrr: 0.045881	 ndcg_5: 0.0375	 ndcg_10: 0.0490	 hit@1:0.017110	 hit@5:0.0586	 hit@10: 0.0944
target: 	 mrr: 0.039282	 ndcg_5: 0.0322	 ndcg_10: 0.0428	 hit@1:0.010588	 hit@5:0.0543	 hit@10: 0.0875
target best!
...................................target: 	 mrr: 0.038321	 ndcg_5: 0.0305	 ndcg_10: 0.0407	 hit@1:0.009870	 hit@5:0.0505	 hit@10: 0.0823
epoch 15: train_loss = 1.944597, source_mrr = 0.045881, source_hit@10 = 0.0944, source_ndcg@10 = 0.0490, target_mrr = 0.038321, target_hit@10 = 0.0823, target_ndcg@10 = 0.0407

2024-08-15 20:32:47.126211: step 2752/13760 (epoch 16/80), loss = 1.934410 (24.136 sec/epoch), lr: 0.003610
Evaluating on dev set...
..................................................................
source: 	 mrr: 0.036531	 ndcg_5: 0.0281	 ndcg_10: 0.0375	 hit@1:0.011090	 hit@5:0.0447	 hit@10: 0.0745
target: 	 mrr: 0.034667	 ndcg_5: 0.0254	 ndcg_10: 0.0369	 hit@1:0.009195	 hit@5:0.0418	 hit@10: 0.0775
epoch 16: train_loss = 1.934410, source_mrr = 0.036531, source_hit@10 = 0.0745, source_ndcg@10 = 0.0375, target_mrr = 0.034667, target_hit@10 = 0.0775, target_ndcg@10 = 0.0369

2024-08-15 20:33:11.965581: step 2924/13760 (epoch 17/80), loss = 1.915564 (24.176 sec/epoch), lr: 0.003429
Evaluating on dev set...
..................................................................
source: 	 mrr: 0.033159	 ndcg_5: 0.0240	 ndcg_10: 0.0339	 hit@1:0.009189	 hit@5:0.0393	 hit@10: 0.0700
target: 	 mrr: 0.033567	 ndcg_5: 0.0253	 ndcg_10: 0.0358	 hit@1:0.008638	 hit@5:0.0424	 hit@10: 0.0752
epoch 17: train_loss = 1.915564, source_mrr = 0.033159, source_hit@10 = 0.0700, source_ndcg@10 = 0.0339, target_mrr = 0.033567, target_hit@10 = 0.0752, target_ndcg@10 = 0.0358

2024-08-15 20:33:37.117199: step 3096/13760 (epoch 18/80), loss = 1.899786 (24.514 sec/epoch), lr: 0.003258
Evaluating on dev set...
..................................................................
source: 	 mrr: 0.042176	 ndcg_5: 0.0337	 ndcg_10: 0.0458	 hit@1:0.013625	 hit@5:0.0539	 hit@10: 0.0922
target: 	 mrr: 0.037056	 ndcg_5: 0.0289	 ndcg_10: 0.0377	 hit@1:0.014489	 hit@5:0.0432	 hit@10: 0.0705
epoch 18: train_loss = 1.899786, source_mrr = 0.042176, source_hit@10 = 0.0922, source_ndcg@10 = 0.0458, target_mrr = 0.037056, target_hit@10 = 0.0705, target_ndcg@10 = 0.0377

2024-08-15 20:34:02.122201: step 3268/13760 (epoch 19/80), loss = 1.893813 (24.345 sec/epoch), lr: 0.003258
Evaluating on dev set...
..................................................................
source: 	 mrr: 0.041156	 ndcg_5: 0.0332	 ndcg_10: 0.0438	 hit@1:0.015843	 hit@5:0.0516	 hit@10: 0.0843
target: 	 mrr: 0.039449	 ndcg_5: 0.0308	 ndcg_10: 0.0417	 hit@1:0.014489	 hit@5:0.0474	 hit@10: 0.0808
target best!
...................................target: 	 mrr: 0.038874	 ndcg_5: 0.0312	 ndcg_10: 0.0408	 hit@1:0.014100	 hit@5:0.0477	 hit@10: 0.0778
epoch 19: train_loss = 1.893813, source_mrr = 0.041156, source_hit@10 = 0.0843, source_ndcg@10 = 0.0438, target_mrr = 0.038874, target_hit@10 = 0.0778, target_ndcg@10 = 0.0408

2024-08-15 20:34:27.873783: step 3440/13760 (epoch 20/80), loss = 1.889375 (24.757 sec/epoch), lr: 0.003258
Evaluating on dev set...
..................................................................
source: 	 mrr: 0.038233	 ndcg_5: 0.0280	 ndcg_10: 0.0400	 hit@1:0.012041	 hit@5:0.0450	 hit@10: 0.0821
target: 	 mrr: 0.036305	 ndcg_5: 0.0281	 ndcg_10: 0.0386	 hit@1:0.009752	 hit@5:0.0471	 hit@10: 0.0800
epoch 20: train_loss = 1.889375, source_mrr = 0.038233, source_hit@10 = 0.0821, source_ndcg@10 = 0.0400, target_mrr = 0.036305, target_hit@10 = 0.0800, target_ndcg@10 = 0.0386

2024-08-15 20:34:52.560508: step 3612/13760 (epoch 21/80), loss = 1.878041 (24.040 sec/epoch), lr: 0.003095
Evaluating on dev set...
..................................................................
source: 	 mrr: 0.033043	 ndcg_5: 0.0253	 ndcg_10: 0.0337	 hit@1:0.010456	 hit@5:0.0399	 hit@10: 0.0665
target: 	 mrr: 0.038994	 ndcg_5: 0.0314	 ndcg_10: 0.0420	 hit@1:0.010309	 hit@5:0.0527	 hit@10: 0.0855
epoch 21: train_loss = 1.878041, source_mrr = 0.033043, source_hit@10 = 0.0665, source_ndcg@10 = 0.0337, target_mrr = 0.038994, target_hit@10 = 0.0855, target_ndcg@10 = 0.0420

2024-08-15 20:35:17.405320: step 3784/13760 (epoch 22/80), loss = 1.863914 (24.173 sec/epoch), lr: 0.002940
Evaluating on dev set...
..................................................................
source: 	 mrr: 0.043299	 ndcg_5: 0.0344	 ndcg_10: 0.0477	 hit@1:0.014259	 hit@5:0.0554	 hit@10: 0.0970
target: 	 mrr: 0.037427	 ndcg_5: 0.0295	 ndcg_10: 0.0409	 hit@1:0.010588	 hit@5:0.0488	 hit@10: 0.0847
epoch 22: train_loss = 1.863914, source_mrr = 0.043299, source_hit@10 = 0.0970, source_ndcg@10 = 0.0477, target_mrr = 0.037427, target_hit@10 = 0.0847, target_ndcg@10 = 0.0409

2024-08-15 20:35:42.464562: step 3956/13760 (epoch 23/80), loss = 1.859186 (24.418 sec/epoch), lr: 0.002940
Evaluating on dev set...
..................................................................
source: 	 mrr: 0.038885	 ndcg_5: 0.0305	 ndcg_10: 0.0399	 hit@1:0.011724	 hit@5:0.0501	 hit@10: 0.0798
target: 	 mrr: 0.036344	 ndcg_5: 0.0281	 ndcg_10: 0.0381	 hit@1:0.009752	 hit@5:0.0471	 hit@10: 0.0780
epoch 23: train_loss = 1.859186, source_mrr = 0.038885, source_hit@10 = 0.0798, source_ndcg@10 = 0.0399, target_mrr = 0.036344, target_hit@10 = 0.0780, target_ndcg@10 = 0.0381

2024-08-15 20:36:07.225123: step 4128/13760 (epoch 24/80), loss = 1.844802 (24.120 sec/epoch), lr: 0.002793
Evaluating on dev set...
..................................................................
source: 	 mrr: 0.044133	 ndcg_5: 0.0347	 ndcg_10: 0.0470	 hit@1:0.015843	 hit@5:0.0542	 hit@10: 0.0925
target: 	 mrr: 0.033714	 ndcg_5: 0.0250	 ndcg_10: 0.0348	 hit@1:0.010031	 hit@5:0.0404	 hit@10: 0.0713
epoch 24: train_loss = 1.844802, source_mrr = 0.044133, source_hit@10 = 0.0925, source_ndcg@10 = 0.0470, target_mrr = 0.033714, target_hit@10 = 0.0713, target_ndcg@10 = 0.0348

2024-08-15 20:36:32.236294: step 4300/13760 (epoch 25/80), loss = 1.839600 (24.363 sec/epoch), lr: 0.002793
Evaluating on dev set...
..................................................................
source: 	 mrr: 0.047847	 ndcg_5: 0.0391	 ndcg_10: 0.0501	 hit@1:0.019962	 hit@5:0.0586	 hit@10: 0.0928
target: 	 mrr: 0.038850	 ndcg_5: 0.0302	 ndcg_10: 0.0429	 hit@1:0.010588	 hit@5:0.0515	 hit@10: 0.0908
source best!
..............................
source: 	 mrr: 0.044607	 ndcg_5: 0.0366	 ndcg_10: 0.0477	 hit@1:0.014911	 hit@5:0.0577	 hit@10: 0.0921
epoch 25: train_loss = 1.839600, source_mrr = 0.044607, source_hit@10 = 0.0921, source_ndcg@10 = 0.0477, target_mrr = 0.038850, target_hit@10 = 0.0908, target_ndcg@10 = 0.0429

2024-08-15 20:36:57.661318: step 4472/13760 (epoch 26/80), loss = 1.835661 (24.489 sec/epoch), lr: 0.002793
Evaluating on dev set...
..................................................................
source: 	 mrr: 0.049139	 ndcg_5: 0.0422	 ndcg_10: 0.0536	 hit@1:0.015843	 hit@5:0.0678	 hit@10: 0.1036
target: 	 mrr: 0.034614	 ndcg_5: 0.0284	 ndcg_10: 0.0359	 hit@1:0.008359	 hit@5:0.0476	 hit@10: 0.0711
source best!
..............................
source: 	 mrr: 0.048645	 ndcg_5: 0.0408	 ndcg_10: 0.0512	 hit@1:0.019449	 hit@5:0.0622	 hit@10: 0.0947
epoch 26: train_loss = 1.835661, source_mrr = 0.048645, source_hit@10 = 0.0947, source_ndcg@10 = 0.0512, target_mrr = 0.034614, target_hit@10 = 0.0711, target_ndcg@10 = 0.0359

2024-08-15 20:37:23.009206: step 4644/13760 (epoch 27/80), loss = 1.818711 (24.444 sec/epoch), lr: 0.002654
Evaluating on dev set...
..................................................................
source: 	 mrr: 0.039007	 ndcg_5: 0.0290	 ndcg_10: 0.0401	 hit@1:0.013625	 hit@5:0.0444	 hit@10: 0.0795
target: 	 mrr: 0.038364	 ndcg_5: 0.0307	 ndcg_10: 0.0415	 hit@1:0.010588	 hit@5:0.0510	 hit@10: 0.0850
epoch 27: train_loss = 1.818711, source_mrr = 0.039007, source_hit@10 = 0.0795, source_ndcg@10 = 0.0401, target_mrr = 0.038364, target_hit@10 = 0.0850, target_ndcg@10 = 0.0415

2024-08-15 20:37:48.029706: step 4816/13760 (epoch 28/80), loss = 1.811625 (24.378 sec/epoch), lr: 0.002521
Evaluating on dev set...
..................................................................
source: 	 mrr: 0.040326	 ndcg_5: 0.0314	 ndcg_10: 0.0416	 hit@1:0.014892	 hit@5:0.0488	 hit@10: 0.0802
target: 	 mrr: 0.039870	 ndcg_5: 0.0317	 ndcg_10: 0.0421	 hit@1:0.011702	 hit@5:0.0527	 hit@10: 0.0847
target best!
...................................target: 	 mrr: 0.040216	 ndcg_5: 0.0317	 ndcg_10: 0.0432	 hit@1:0.013536	 hit@5:0.0516	 hit@10: 0.0874
epoch 28: train_loss = 1.811625, source_mrr = 0.040326, source_hit@10 = 0.0802, source_ndcg@10 = 0.0416, target_mrr = 0.040216, target_hit@10 = 0.0874, target_ndcg@10 = 0.0432

2024-08-15 20:38:13.670099: step 4988/13760 (epoch 29/80), loss = 1.808349 (24.676 sec/epoch), lr: 0.002521
Evaluating on dev set...
..................................................................
source: 	 mrr: 0.041735	 ndcg_5: 0.0318	 ndcg_10: 0.0432	 hit@1:0.012991	 hit@5:0.0507	 hit@10: 0.0862
target: 	 mrr: 0.039004	 ndcg_5: 0.0318	 ndcg_10: 0.0430	 hit@1:0.012538	 hit@5:0.0518	 hit@10: 0.0869
epoch 29: train_loss = 1.808349, source_mrr = 0.041735, source_hit@10 = 0.0862, source_ndcg@10 = 0.0432, target_mrr = 0.039004, target_hit@10 = 0.0869, target_ndcg@10 = 0.0430

2024-08-15 20:38:38.733668: step 5160/13760 (epoch 30/80), loss = 1.806667 (24.420 sec/epoch), lr: 0.002521
Evaluating on dev set...
..................................................................
source: 	 mrr: 0.046347	 ndcg_5: 0.0373	 ndcg_10: 0.0490	 hit@1:0.017744	 hit@5:0.0570	 hit@10: 0.0932
target: 	 mrr: 0.038454	 ndcg_5: 0.0302	 ndcg_10: 0.0411	 hit@1:0.012817	 hit@5:0.0476	 hit@10: 0.0816
epoch 30: train_loss = 1.806667, source_mrr = 0.046347, source_hit@10 = 0.0932, source_ndcg@10 = 0.0490, target_mrr = 0.038454, target_hit@10 = 0.0816, target_ndcg@10 = 0.0411

2024-08-15 20:39:03.768372: step 5332/13760 (epoch 31/80), loss = 1.799678 (24.387 sec/epoch), lr: 0.002521
Evaluating on dev set...
..................................................................
source: 	 mrr: 0.038846	 ndcg_5: 0.0300	 ndcg_10: 0.0398	 hit@1:0.014575	 hit@5:0.0456	 hit@10: 0.0767
target: 	 mrr: 0.039475	 ndcg_5: 0.0314	 ndcg_10: 0.0414	 hit@1:0.012538	 hit@5:0.0502	 hit@10: 0.0814
epoch 31: train_loss = 1.799678, source_mrr = 0.038846, source_hit@10 = 0.0767, source_ndcg@10 = 0.0398, target_mrr = 0.039475, target_hit@10 = 0.0814, target_ndcg@10 = 0.0414

2024-08-15 20:39:28.744664: step 5504/13760 (epoch 32/80), loss = 1.791874 (24.335 sec/epoch), lr: 0.002395
Evaluating on dev set...
..................................................................
source: 	 mrr: 0.043461	 ndcg_5: 0.0351	 ndcg_10: 0.0451	 hit@1:0.017110	 hit@5:0.0542	 hit@10: 0.0859
target: 	 mrr: 0.039909	 ndcg_5: 0.0308	 ndcg_10: 0.0423	 hit@1:0.012817	 hit@5:0.0488	 hit@10: 0.0844
target best!
...................................target: 	 mrr: 0.043325	 ndcg_5: 0.0353	 ndcg_10: 0.0467	 hit@1:0.017484	 hit@5:0.0539	 hit@10: 0.0897
epoch 32: train_loss = 1.791874, source_mrr = 0.043461, source_hit@10 = 0.0859, source_ndcg@10 = 0.0451, target_mrr = 0.043325, target_hit@10 = 0.0897, target_ndcg@10 = 0.0467

2024-08-15 20:39:53.782226: step 5676/13760 (epoch 33/80), loss = 1.788554 (24.094 sec/epoch), lr: 0.002395
Evaluating on dev set...
..................................................................
source: 	 mrr: 0.042470	 ndcg_5: 0.0323	 ndcg_10: 0.0447	 hit@1:0.014259	 hit@5:0.0504	 hit@10: 0.0894
target: 	 mrr: 0.038774	 ndcg_5: 0.0307	 ndcg_10: 0.0421	 hit@1:0.011981	 hit@5:0.0499	 hit@10: 0.0855
epoch 33: train_loss = 1.788554, source_mrr = 0.042470, source_hit@10 = 0.0894, source_ndcg@10 = 0.0447, target_mrr = 0.038774, target_hit@10 = 0.0855, target_ndcg@10 = 0.0421

2024-08-15 20:40:18.914099: step 5848/13760 (epoch 34/80), loss = 1.783552 (24.483 sec/epoch), lr: 0.002275
Evaluating on dev set...
..................................................................
source: 	 mrr: 0.035133	 ndcg_5: 0.0268	 ndcg_10: 0.0355	 hit@1:0.010456	 hit@5:0.0431	 hit@10: 0.0700
target: 	 mrr: 0.036835	 ndcg_5: 0.0286	 ndcg_10: 0.0398	 hit@1:0.010309	 hit@5:0.0471	 hit@10: 0.0825
epoch 34: train_loss = 1.783552, source_mrr = 0.035133, source_hit@10 = 0.0700, source_ndcg@10 = 0.0355, target_mrr = 0.036835, target_hit@10 = 0.0825, target_ndcg@10 = 0.0398

2024-08-15 20:40:44.231968: step 6020/13760 (epoch 35/80), loss = 1.771466 (24.670 sec/epoch), lr: 0.002161
Evaluating on dev set...
..................................................................
source: 	 mrr: 0.034152	 ndcg_5: 0.0244	 ndcg_10: 0.0357	 hit@1:0.008872	 hit@5:0.0402	 hit@10: 0.0748
target: 	 mrr: 0.039001	 ndcg_5: 0.0298	 ndcg_10: 0.0407	 hit@1:0.014767	 hit@5:0.0451	 hit@10: 0.0789
epoch 35: train_loss = 1.771466, source_mrr = 0.034152, source_hit@10 = 0.0748, source_ndcg@10 = 0.0357, target_mrr = 0.039001, target_hit@10 = 0.0789, target_ndcg@10 = 0.0407

2024-08-15 20:41:09.145418: step 6192/13760 (epoch 36/80), loss = 1.769816 (24.247 sec/epoch), lr: 0.002161
Evaluating on dev set...
..................................................................
source: 	 mrr: 0.046124	 ndcg_5: 0.0366	 ndcg_10: 0.0497	 hit@1:0.016477	 hit@5:0.0564	 hit@10: 0.0973
target: 	 mrr: 0.038590	 ndcg_5: 0.0296	 ndcg_10: 0.0412	 hit@1:0.013653	 hit@5:0.0457	 hit@10: 0.0822
epoch 36: train_loss = 1.769816, source_mrr = 0.046124, source_hit@10 = 0.0973, source_ndcg@10 = 0.0497, target_mrr = 0.038590, target_hit@10 = 0.0822, target_ndcg@10 = 0.0412

2024-08-15 20:41:34.314766: step 6364/13760 (epoch 37/80), loss = 1.765524 (24.513 sec/epoch), lr: 0.002161
Evaluating on dev set...
..................................................................
source: 	 mrr: 0.046656	 ndcg_5: 0.0382	 ndcg_10: 0.0505	 hit@1:0.016477	 hit@5:0.0608	 hit@10: 0.0989
target: 	 mrr: 0.035398	 ndcg_5: 0.0266	 ndcg_10: 0.0380	 hit@1:0.009752	 hit@5:0.0443	 hit@10: 0.0797
epoch 37: train_loss = 1.765524, source_mrr = 0.046656, source_hit@10 = 0.0989, source_ndcg@10 = 0.0505, target_mrr = 0.035398, target_hit@10 = 0.0797, target_ndcg@10 = 0.0380

2024-08-15 20:41:59.515325: step 6536/13760 (epoch 38/80), loss = 1.758071 (24.510 sec/epoch), lr: 0.002053
Evaluating on dev set...
..................................................................
source: 	 mrr: 0.031010	 ndcg_5: 0.0233	 ndcg_10: 0.0315	 hit@1:0.009506	 hit@5:0.0374	 hit@10: 0.0627
target: 	 mrr: 0.036516	 ndcg_5: 0.0285	 ndcg_10: 0.0386	 hit@1:0.011424	 hit@5:0.0463	 hit@10: 0.0775
epoch 38: train_loss = 1.758071, source_mrr = 0.031010, source_hit@10 = 0.0627, source_ndcg@10 = 0.0315, target_mrr = 0.036516, target_hit@10 = 0.0775, target_ndcg@10 = 0.0386

2024-08-15 20:42:24.725908: step 6708/13760 (epoch 39/80), loss = 1.751883 (24.556 sec/epoch), lr: 0.001951
Evaluating on dev set...
..................................................................
source: 	 mrr: 0.047854	 ndcg_5: 0.0390	 ndcg_10: 0.0537	 hit@1:0.016477	 hit@5:0.0627	 hit@10: 0.1080
target: 	 mrr: 0.039353	 ndcg_5: 0.0303	 ndcg_10: 0.0417	 hit@1:0.013374	 hit@5:0.0474	 hit@10: 0.0833
epoch 39: train_loss = 1.751883, source_mrr = 0.047854, source_hit@10 = 0.1080, source_ndcg@10 = 0.0537, target_mrr = 0.039353, target_hit@10 = 0.0833, target_ndcg@10 = 0.0417

2024-08-15 20:42:49.845212: step 6880/13760 (epoch 40/80), loss = 1.749221 (24.476 sec/epoch), lr: 0.001951
Evaluating on dev set...
..................................................................
source: 	 mrr: 0.047180	 ndcg_5: 0.0383	 ndcg_10: 0.0494	 hit@1:0.017110	 hit@5:0.0589	 hit@10: 0.0932
target: 	 mrr: 0.035646	 ndcg_5: 0.0272	 ndcg_10: 0.0398	 hit@1:0.008638	 hit@5:0.0468	 hit@10: 0.0867
epoch 40: train_loss = 1.749221, source_mrr = 0.047180, source_hit@10 = 0.0932, source_ndcg@10 = 0.0494, target_mrr = 0.035646, target_hit@10 = 0.0867, target_ndcg@10 = 0.0398
shift to transfer learning mode

2024-08-15 20:43:15.016347: step 7052/13760 (epoch 41/80), loss = 2.027223 (24.531 sec/epoch), lr: 0.001853
Evaluating on dev set...
..................................................................
source: 	 mrr: 0.045217	 ndcg_5: 0.0373	 ndcg_10: 0.0496	 hit@1:0.013942	 hit@5:0.0608	 hit@10: 0.0995
target: 	 mrr: 0.037091	 ndcg_5: 0.0290	 ndcg_10: 0.0386	 hit@1:0.011424	 hit@5:0.0468	 hit@10: 0.0766
epoch 41: train_loss = 2.027223, source_mrr = 0.045217, source_hit@10 = 0.0995, source_ndcg@10 = 0.0496, target_mrr = 0.037091, target_hit@10 = 0.0766, target_ndcg@10 = 0.0386

2024-08-15 20:43:40.599822: step 7224/13760 (epoch 42/80), loss = 2.036891 (24.943 sec/epoch), lr: 0.001761
Evaluating on dev set...
..................................................................
source: 	 mrr: 0.048668	 ndcg_5: 0.0417	 ndcg_10: 0.0536	 hit@1:0.016477	 hit@5:0.0675	 hit@10: 0.1046
target: 	 mrr: 0.038250	 ndcg_5: 0.0303	 ndcg_10: 0.0404	 hit@1:0.013374	 hit@5:0.0474	 hit@10: 0.0789
epoch 42: train_loss = 2.036891, source_mrr = 0.048668, source_hit@10 = 0.1046, source_ndcg@10 = 0.0536, target_mrr = 0.038250, target_hit@10 = 0.0789, target_ndcg@10 = 0.0404

2024-08-15 20:44:05.886700: step 7396/13760 (epoch 43/80), loss = 2.047712 (24.646 sec/epoch), lr: 0.001761
Evaluating on dev set...
..................................................................
source: 	 mrr: 0.045530	 ndcg_5: 0.0371	 ndcg_10: 0.0491	 hit@1:0.014259	 hit@5:0.0605	 hit@10: 0.0982
target: 	 mrr: 0.039447	 ndcg_5: 0.0310	 ndcg_10: 0.0415	 hit@1:0.011702	 hit@5:0.0502	 hit@10: 0.0828
epoch 43: train_loss = 2.047712, source_mrr = 0.045530, source_hit@10 = 0.0982, source_ndcg@10 = 0.0491, target_mrr = 0.039447, target_hit@10 = 0.0828, target_ndcg@10 = 0.0415

2024-08-15 20:44:31.018584: step 7568/13760 (epoch 44/80), loss = 2.050840 (24.463 sec/epoch), lr: 0.001672
Evaluating on dev set...
..................................................................
source: 	 mrr: 0.033488	 ndcg_5: 0.0257	 ndcg_10: 0.0356	 hit@1:0.008872	 hit@5:0.0431	 hit@10: 0.0741
target: 	 mrr: 0.035790	 ndcg_5: 0.0264	 ndcg_10: 0.0380	 hit@1:0.010031	 hit@5:0.0426	 hit@10: 0.0789
epoch 44: train_loss = 2.050840, source_mrr = 0.033488, source_hit@10 = 0.0741, source_ndcg@10 = 0.0356, target_mrr = 0.035790, target_hit@10 = 0.0789, target_ndcg@10 = 0.0380

2024-08-15 20:44:56.128988: step 7740/13760 (epoch 45/80), loss = 2.044060 (24.463 sec/epoch), lr: 0.001589
Evaluating on dev set...
..................................................................
source: 	 mrr: 0.044414	 ndcg_5: 0.0383	 ndcg_10: 0.0485	 hit@1:0.013942	 hit@5:0.0621	 hit@10: 0.0938
target: 	 mrr: 0.038625	 ndcg_5: 0.0306	 ndcg_10: 0.0413	 hit@1:0.013653	 hit@5:0.0465	 hit@10: 0.0797
epoch 45: train_loss = 2.044060, source_mrr = 0.044414, source_hit@10 = 0.0938, source_ndcg@10 = 0.0485, target_mrr = 0.038625, target_hit@10 = 0.0797, target_ndcg@10 = 0.0413

2024-08-15 20:45:21.899614: step 7912/13760 (epoch 46/80), loss = 2.043315 (25.122 sec/epoch), lr: 0.001589
Evaluating on dev set...
..................................................................
source: 	 mrr: 0.039905	 ndcg_5: 0.0324	 ndcg_10: 0.0428	 hit@1:0.012041	 hit@5:0.0535	 hit@10: 0.0862
target: 	 mrr: 0.041318	 ndcg_5: 0.0345	 ndcg_10: 0.0444	 hit@1:0.016439	 hit@5:0.0524	 hit@10: 0.0833
target best!
...................................target: 	 mrr: 0.040555	 ndcg_5: 0.0349	 ndcg_10: 0.0435	 hit@1:0.015792	 hit@5:0.0550	 hit@10: 0.0818
epoch 46: train_loss = 2.043315, source_mrr = 0.039905, source_hit@10 = 0.0862, source_ndcg@10 = 0.0428, target_mrr = 0.040555, target_hit@10 = 0.0818, target_ndcg@10 = 0.0435

2024-08-15 20:45:47.464139: step 8084/13760 (epoch 47/80), loss = 2.038658 (24.616 sec/epoch), lr: 0.001509
Evaluating on dev set...
..................................................................
source: 	 mrr: 0.045538	 ndcg_5: 0.0370	 ndcg_10: 0.0476	 hit@1:0.018378	 hit@5:0.0561	 hit@10: 0.0887
target: 	 mrr: 0.035455	 ndcg_5: 0.0290	 ndcg_10: 0.0365	 hit@1:0.013096	 hit@5:0.0457	 hit@10: 0.0691
epoch 47: train_loss = 2.038658, source_mrr = 0.045538, source_hit@10 = 0.0887, source_ndcg@10 = 0.0476, target_mrr = 0.035455, target_hit@10 = 0.0691, target_ndcg@10 = 0.0365

2024-08-15 20:46:13.097944: step 8256/13760 (epoch 48/80), loss = 2.033923 (24.991 sec/epoch), lr: 0.001434
Evaluating on dev set...
..................................................................
source: 	 mrr: 0.046403	 ndcg_5: 0.0363	 ndcg_10: 0.0507	 hit@1:0.016793	 hit@5:0.0561	 hit@10: 0.1008
target: 	 mrr: 0.035749	 ndcg_5: 0.0290	 ndcg_10: 0.0372	 hit@1:0.012260	 hit@5:0.0454	 hit@10: 0.0711
epoch 48: train_loss = 2.033923, source_mrr = 0.046403, source_hit@10 = 0.1008, source_ndcg@10 = 0.0507, target_mrr = 0.035749, target_hit@10 = 0.0711, target_ndcg@10 = 0.0372

2024-08-15 20:46:38.513135: step 8428/13760 (epoch 49/80), loss = 2.032841 (24.763 sec/epoch), lr: 0.001434
Evaluating on dev set...
..................................................................
source: 	 mrr: 0.041609	 ndcg_5: 0.0323	 ndcg_10: 0.0428	 hit@1:0.015526	 hit@5:0.0491	 hit@10: 0.0821
target: 	 mrr: 0.040752	 ndcg_5: 0.0327	 ndcg_10: 0.0418	 hit@1:0.013931	 hit@5:0.0513	 hit@10: 0.0797
epoch 49: train_loss = 2.032841, source_mrr = 0.041609, source_hit@10 = 0.0821, source_ndcg@10 = 0.0428, target_mrr = 0.040752, target_hit@10 = 0.0797, target_ndcg@10 = 0.0418

2024-08-15 20:47:03.987879: step 8600/13760 (epoch 50/80), loss = 2.029031 (24.783 sec/epoch), lr: 0.001434
Evaluating on dev set...
..................................................................
source: 	 mrr: 0.038643	 ndcg_5: 0.0294	 ndcg_10: 0.0406	 hit@1:0.014259	 hit@5:0.0447	 hit@10: 0.0795
target: 	 mrr: 0.039686	 ndcg_5: 0.0309	 ndcg_10: 0.0431	 hit@1:0.014210	 hit@5:0.0479	 hit@10: 0.0861
epoch 50: train_loss = 2.029031, source_mrr = 0.038643, source_hit@10 = 0.0795, source_ndcg@10 = 0.0406, target_mrr = 0.039686, target_hit@10 = 0.0861, target_ndcg@10 = 0.0431

2024-08-15 20:47:29.514425: step 8772/13760 (epoch 51/80), loss = 2.027236 (24.882 sec/epoch), lr: 0.001362
Evaluating on dev set...
..................................................................
source: 	 mrr: 0.033364	 ndcg_5: 0.0235	 ndcg_10: 0.0328	 hit@1:0.009823	 hit@5:0.0364	 hit@10: 0.0656
target: 	 mrr: 0.036649	 ndcg_5: 0.0280	 ndcg_10: 0.0379	 hit@1:0.013096	 hit@5:0.0424	 hit@10: 0.0727
epoch 51: train_loss = 2.027236, source_mrr = 0.033364, source_hit@10 = 0.0656, source_ndcg@10 = 0.0328, target_mrr = 0.036649, target_hit@10 = 0.0727, target_ndcg@10 = 0.0379

2024-08-15 20:47:54.860292: step 8944/13760 (epoch 52/80), loss = 2.016730 (24.694 sec/epoch), lr: 0.001294
Evaluating on dev set...
..................................................................
source: 	 mrr: 0.041348	 ndcg_5: 0.0332	 ndcg_10: 0.0422	 hit@1:0.014259	 hit@5:0.0520	 hit@10: 0.0802
target: 	 mrr: 0.042663	 ndcg_5: 0.0340	 ndcg_10: 0.0451	 hit@1:0.016718	 hit@5:0.0507	 hit@10: 0.0850
target best!
...................................target: 	 mrr: 0.038778	 ndcg_5: 0.0304	 ndcg_10: 0.0417	 hit@1:0.013254	 hit@5:0.0474	 hit@10: 0.0826
epoch 52: train_loss = 2.016730, source_mrr = 0.041348, source_hit@10 = 0.0802, source_ndcg@10 = 0.0422, target_mrr = 0.038778, target_hit@10 = 0.0826, target_ndcg@10 = 0.0417

2024-08-15 20:48:20.481314: step 9116/13760 (epoch 53/80), loss = 2.016202 (24.635 sec/epoch), lr: 0.001294
Evaluating on dev set...
..................................................................
source: 	 mrr: 0.032040	 ndcg_5: 0.0228	 ndcg_10: 0.0316	 hit@1:0.010773	 hit@5:0.0361	 hit@10: 0.0637
target: 	 mrr: 0.036852	 ndcg_5: 0.0291	 ndcg_10: 0.0396	 hit@1:0.012260	 hit@5:0.0471	 hit@10: 0.0800
epoch 53: train_loss = 2.016202, source_mrr = 0.032040, source_hit@10 = 0.0637, source_ndcg@10 = 0.0316, target_mrr = 0.036852, target_hit@10 = 0.0800, target_ndcg@10 = 0.0396

2024-08-15 20:48:45.737336: step 9288/13760 (epoch 54/80), loss = 2.014154 (24.609 sec/epoch), lr: 0.001229
Evaluating on dev set...
..................................................................
source: 	 mrr: 0.043055	 ndcg_5: 0.0348	 ndcg_10: 0.0458	 hit@1:0.016160	 hit@5:0.0545	 hit@10: 0.0887
target: 	 mrr: 0.038506	 ndcg_5: 0.0288	 ndcg_10: 0.0423	 hit@1:0.010867	 hit@5:0.0474	 hit@10: 0.0889
epoch 54: train_loss = 2.014154, source_mrr = 0.043055, source_hit@10 = 0.0887, source_ndcg@10 = 0.0458, target_mrr = 0.038506, target_hit@10 = 0.0889, target_ndcg@10 = 0.0423

2024-08-15 20:49:11.421901: step 9460/13760 (epoch 55/80), loss = 2.007096 (25.036 sec/epoch), lr: 0.001229
Evaluating on dev set...
..................................................................
source: 	 mrr: 0.043559	 ndcg_5: 0.0348	 ndcg_10: 0.0471	 hit@1:0.014575	 hit@5:0.0542	 hit@10: 0.0925
target: 	 mrr: 0.037982	 ndcg_5: 0.0296	 ndcg_10: 0.0399	 hit@1:0.011702	 hit@5:0.0476	 hit@10: 0.0797
epoch 55: train_loss = 2.007096, source_mrr = 0.043559, source_hit@10 = 0.0925, source_ndcg@10 = 0.0471, target_mrr = 0.037982, target_hit@10 = 0.0797, target_ndcg@10 = 0.0399

2024-08-15 20:49:36.586339: step 9632/13760 (epoch 56/80), loss = 2.001936 (24.512 sec/epoch), lr: 0.001168
Evaluating on dev set...
..................................................................
source: 	 mrr: 0.035264	 ndcg_5: 0.0269	 ndcg_10: 0.0345	 hit@1:0.012357	 hit@5:0.0415	 hit@10: 0.0653
target: 	 mrr: 0.038587	 ndcg_5: 0.0308	 ndcg_10: 0.0409	 hit@1:0.013653	 hit@5:0.0479	 hit@10: 0.0791
epoch 56: train_loss = 2.001936, source_mrr = 0.035264, source_hit@10 = 0.0653, source_ndcg@10 = 0.0345, target_mrr = 0.038587, target_hit@10 = 0.0791, target_ndcg@10 = 0.0409

2024-08-15 20:50:02.211965: step 9804/13760 (epoch 57/80), loss = 1.994007 (24.972 sec/epoch), lr: 0.001110
Evaluating on dev set...
..................................................................
source: 	 mrr: 0.035098	 ndcg_5: 0.0262	 ndcg_10: 0.0343	 hit@1:0.011407	 hit@5:0.0406	 hit@10: 0.0659
target: 	 mrr: 0.037783	 ndcg_5: 0.0312	 ndcg_10: 0.0415	 hit@1:0.009473	 hit@5:0.0529	 hit@10: 0.0855
epoch 57: train_loss = 1.994007, source_mrr = 0.035098, source_hit@10 = 0.0659, source_ndcg@10 = 0.0343, target_mrr = 0.037783, target_hit@10 = 0.0855, target_ndcg@10 = 0.0415

2024-08-15 20:50:28.299285: step 9976/13760 (epoch 58/80), loss = 1.988588 (25.443 sec/epoch), lr: 0.001054
Evaluating on dev set...
..................................................................
source: 	 mrr: 0.038033	 ndcg_5: 0.0308	 ndcg_10: 0.0386	 hit@1:0.014259	 hit@5:0.0475	 hit@10: 0.0722
target: 	 mrr: 0.035225	 ndcg_5: 0.0269	 ndcg_10: 0.0370	 hit@1:0.008916	 hit@5:0.0446	 hit@10: 0.0761
epoch 58: train_loss = 1.988588, source_mrr = 0.038033, source_hit@10 = 0.0722, source_ndcg@10 = 0.0386, target_mrr = 0.035225, target_hit@10 = 0.0761, target_ndcg@10 = 0.0370

2024-08-15 20:50:53.585875: step 10148/13760 (epoch 59/80), loss = 1.987066 (24.645 sec/epoch), lr: 0.001054
Evaluating on dev set...
..................................................................
source: 	 mrr: 0.045157	 ndcg_5: 0.0368	 ndcg_10: 0.0474	 hit@1:0.016477	 hit@5:0.0564	 hit@10: 0.0900
target: 	 mrr: 0.038952	 ndcg_5: 0.0325	 ndcg_10: 0.0403	 hit@1:0.014767	 hit@5:0.0504	 hit@10: 0.0747
epoch 59: train_loss = 1.987066, source_mrr = 0.045157, source_hit@10 = 0.0900, source_ndcg@10 = 0.0474, target_mrr = 0.038952, target_hit@10 = 0.0747, target_ndcg@10 = 0.0403

2024-08-15 20:51:19.065926: step 10320/13760 (epoch 60/80), loss = 1.987325 (24.840 sec/epoch), lr: 0.001054
Evaluating on dev set...
..................................................................
source: 	 mrr: 0.038541	 ndcg_5: 0.0300	 ndcg_10: 0.0385	 hit@1:0.013308	 hit@5:0.0459	 hit@10: 0.0726
target: 	 mrr: 0.034327	 ndcg_5: 0.0254	 ndcg_10: 0.0371	 hit@1:0.010031	 hit@5:0.0415	 hit@10: 0.0780
epoch 60: train_loss = 1.987325, source_mrr = 0.038541, source_hit@10 = 0.0726, source_ndcg@10 = 0.0385, target_mrr = 0.034327, target_hit@10 = 0.0780, target_ndcg@10 = 0.0371

2024-08-15 20:51:44.368226: step 10492/13760 (epoch 61/80), loss = 1.980718 (24.666 sec/epoch), lr: 0.001001
Evaluating on dev set...
..................................................................
source: 	 mrr: 0.049080	 ndcg_5: 0.0404	 ndcg_10: 0.0517	 hit@1:0.020279	 hit@5:0.0599	 hit@10: 0.0957
target: 	 mrr: 0.034869	 ndcg_5: 0.0268	 ndcg_10: 0.0379	 hit@1:0.009473	 hit@5:0.0443	 hit@10: 0.0789
epoch 61: train_loss = 1.980718, source_mrr = 0.049080, source_hit@10 = 0.0957, source_ndcg@10 = 0.0517, target_mrr = 0.034869, target_hit@10 = 0.0789, target_ndcg@10 = 0.0379

2024-08-15 20:52:09.148058: step 10664/13760 (epoch 62/80), loss = 1.975798 (24.122 sec/epoch), lr: 0.001001
Evaluating on dev set...
..................................................................
source: 	 mrr: 0.043192	 ndcg_5: 0.0348	 ndcg_10: 0.0442	 hit@1:0.018378	 hit@5:0.0520	 hit@10: 0.0811
target: 	 mrr: 0.035852	 ndcg_5: 0.0278	 ndcg_10: 0.0373	 hit@1:0.010309	 hit@5:0.0449	 hit@10: 0.0744
epoch 62: train_loss = 1.975798, source_mrr = 0.043192, source_hit@10 = 0.0811, source_ndcg@10 = 0.0442, target_mrr = 0.035852, target_hit@10 = 0.0744, target_ndcg@10 = 0.0373

2024-08-15 20:52:33.803255: step 10836/13760 (epoch 63/80), loss = 1.972125 (24.012 sec/epoch), lr: 0.000951
Evaluating on dev set...
..................................................................
source: 	 mrr: 0.045736	 ndcg_5: 0.0376	 ndcg_10: 0.0498	 hit@1:0.015843	 hit@5:0.0593	 hit@10: 0.0970
target: 	 mrr: 0.034764	 ndcg_5: 0.0261	 ndcg_10: 0.0372	 hit@1:0.009752	 hit@5:0.0432	 hit@10: 0.0783
epoch 63: train_loss = 1.972125, source_mrr = 0.045736, source_hit@10 = 0.0970, source_ndcg@10 = 0.0498, target_mrr = 0.034764, target_hit@10 = 0.0783, target_ndcg@10 = 0.0372

2024-08-15 20:52:58.175253: step 11008/13760 (epoch 64/80), loss = 1.969698 (23.727 sec/epoch), lr: 0.000951
Evaluating on dev set...
..................................................................
source: 	 mrr: 0.043482	 ndcg_5: 0.0334	 ndcg_10: 0.0455	 hit@1:0.015209	 hit@5:0.0510	 hit@10: 0.0884
target: 	 mrr: 0.037227	 ndcg_5: 0.0295	 ndcg_10: 0.0384	 hit@1:0.014210	 hit@5:0.0457	 hit@10: 0.0730
epoch 64: train_loss = 1.969698, source_mrr = 0.043482, source_hit@10 = 0.0884, source_ndcg@10 = 0.0455, target_mrr = 0.037227, target_hit@10 = 0.0730, target_ndcg@10 = 0.0384

2024-08-15 20:53:23.348740: step 11180/13760 (epoch 65/80), loss = 1.973777 (24.532 sec/epoch), lr: 0.000951
Evaluating on dev set...
..................................................................
source: 	 mrr: 0.047552	 ndcg_5: 0.0386	 ndcg_10: 0.0505	 hit@1:0.018378	 hit@5:0.0580	 hit@10: 0.0954
target: 	 mrr: 0.036117	 ndcg_5: 0.0283	 ndcg_10: 0.0382	 hit@1:0.010309	 hit@5:0.0471	 hit@10: 0.0777
epoch 65: train_loss = 1.973777, source_mrr = 0.047552, source_hit@10 = 0.0954, source_ndcg@10 = 0.0505, target_mrr = 0.036117, target_hit@10 = 0.0777, target_ndcg@10 = 0.0382

2024-08-15 20:53:48.429894: step 11352/13760 (epoch 66/80), loss = 1.969689 (24.440 sec/epoch), lr: 0.000951
Evaluating on dev set...
..................................................................
source: 	 mrr: 0.047918	 ndcg_5: 0.0410	 ndcg_10: 0.0520	 hit@1:0.018061	 hit@5:0.0627	 hit@10: 0.0973
target: 	 mrr: 0.037803	 ndcg_5: 0.0307	 ndcg_10: 0.0410	 hit@1:0.011424	 hit@5:0.0510	 hit@10: 0.0833
epoch 66: train_loss = 1.969689, source_mrr = 0.047918, source_hit@10 = 0.0973, source_ndcg@10 = 0.0520, target_mrr = 0.037803, target_hit@10 = 0.0833, target_ndcg@10 = 0.0410

2024-08-15 20:54:13.457521: step 11524/13760 (epoch 67/80), loss = 1.965246 (24.386 sec/epoch), lr: 0.000951
Evaluating on dev set...
..................................................................
source: 	 mrr: 0.043664	 ndcg_5: 0.0368	 ndcg_10: 0.0470	 hit@1:0.015843	 hit@5:0.0580	 hit@10: 0.0897
target: 	 mrr: 0.039775	 ndcg_5: 0.0330	 ndcg_10: 0.0428	 hit@1:0.013931	 hit@5:0.0527	 hit@10: 0.0830
epoch 67: train_loss = 1.965246, source_mrr = 0.043664, source_hit@10 = 0.0897, source_ndcg@10 = 0.0470, target_mrr = 0.039775, target_hit@10 = 0.0830, target_ndcg@10 = 0.0428

2024-08-15 20:54:39.052999: step 11696/13760 (epoch 68/80), loss = 1.959974 (24.870 sec/epoch), lr: 0.000904
Evaluating on dev set...
..................................................................
source: 	 mrr: 0.041903	 ndcg_5: 0.0346	 ndcg_10: 0.0428	 hit@1:0.015843	 hit@5:0.0532	 hit@10: 0.0789
target: 	 mrr: 0.037438	 ndcg_5: 0.0290	 ndcg_10: 0.0409	 hit@1:0.011145	 hit@5:0.0474	 hit@10: 0.0847
epoch 68: train_loss = 1.959974, source_mrr = 0.041903, source_hit@10 = 0.0789, source_ndcg@10 = 0.0428, target_mrr = 0.037438, target_hit@10 = 0.0847, target_ndcg@10 = 0.0409

2024-08-15 20:55:04.152164: step 11868/13760 (epoch 69/80), loss = 1.953964 (24.436 sec/epoch), lr: 0.000859
Evaluating on dev set...
..................................................................
source: 	 mrr: 0.039839	 ndcg_5: 0.0308	 ndcg_10: 0.0409	 hit@1:0.014892	 hit@5:0.0466	 hit@10: 0.0783
target: 	 mrr: 0.036783	 ndcg_5: 0.0287	 ndcg_10: 0.0395	 hit@1:0.010588	 hit@5:0.0468	 hit@10: 0.0808
epoch 69: train_loss = 1.953964, source_mrr = 0.039839, source_hit@10 = 0.0783, source_ndcg@10 = 0.0409, target_mrr = 0.036783, target_hit@10 = 0.0808, target_ndcg@10 = 0.0395

2024-08-15 20:55:29.443686: step 12040/13760 (epoch 70/80), loss = 1.950318 (24.652 sec/epoch), lr: 0.000816
Evaluating on dev set...
..................................................................
source: 	 mrr: 0.044483	 ndcg_5: 0.0364	 ndcg_10: 0.0460	 hit@1:0.016793	 hit@5:0.0561	 hit@10: 0.0856
target: 	 mrr: 0.034337	 ndcg_5: 0.0267	 ndcg_10: 0.0363	 hit@1:0.010031	 hit@5:0.0440	 hit@10: 0.0733
epoch 70: train_loss = 1.950318, source_mrr = 0.044483, source_hit@10 = 0.0856, source_ndcg@10 = 0.0460, target_mrr = 0.034337, target_hit@10 = 0.0733, target_ndcg@10 = 0.0363

2024-08-15 20:55:54.765820: step 12212/13760 (epoch 71/80), loss = 1.949362 (24.669 sec/epoch), lr: 0.000816
Evaluating on dev set...
..................................................................
source: 	 mrr: 0.043039	 ndcg_5: 0.0351	 ndcg_10: 0.0451	 hit@1:0.014892	 hit@5:0.0548	 hit@10: 0.0859
target: 	 mrr: 0.036831	 ndcg_5: 0.0303	 ndcg_10: 0.0399	 hit@1:0.010867	 hit@5:0.0499	 hit@10: 0.0800
epoch 71: train_loss = 1.949362, source_mrr = 0.043039, source_hit@10 = 0.0859, source_ndcg@10 = 0.0451, target_mrr = 0.036831, target_hit@10 = 0.0800, target_ndcg@10 = 0.0399

2024-08-15 20:56:20.272862: step 12384/13760 (epoch 72/80), loss = 1.947028 (24.859 sec/epoch), lr: 0.000816
Evaluating on dev set...
..................................................................
source: 	 mrr: 0.044103	 ndcg_5: 0.0354	 ndcg_10: 0.0473	 hit@1:0.014892	 hit@5:0.0561	 hit@10: 0.0928
target: 	 mrr: 0.037032	 ndcg_5: 0.0300	 ndcg_10: 0.0404	 hit@1:0.011702	 hit@5:0.0485	 hit@10: 0.0805
epoch 72: train_loss = 1.947028, source_mrr = 0.044103, source_hit@10 = 0.0928, source_ndcg@10 = 0.0473, target_mrr = 0.037032, target_hit@10 = 0.0805, target_ndcg@10 = 0.0404

2024-08-15 20:56:45.564417: step 12556/13760 (epoch 73/80), loss = 1.946640 (24.646 sec/epoch), lr: 0.000816
Evaluating on dev set...
..................................................................
source: 	 mrr: 0.046204	 ndcg_5: 0.0371	 ndcg_10: 0.0506	 hit@1:0.017744	 hit@5:0.0574	 hit@10: 0.0992
target: 	 mrr: 0.035233	 ndcg_5: 0.0279	 ndcg_10: 0.0382	 hit@1:0.008359	 hit@5:0.0474	 hit@10: 0.0791
epoch 73: train_loss = 1.946640, source_mrr = 0.046204, source_hit@10 = 0.0992, source_ndcg@10 = 0.0506, target_mrr = 0.035233, target_hit@10 = 0.0791, target_ndcg@10 = 0.0382
early termination of training
source best:  source_mrr = 0.047854, source_hit@10 = 0.1080, source_ndcg@10 = 0.0537
target best:  target_mrr = 0.038850, target_hit@10 = 0.0908, target_ndcg@10 = 0.0429
