using gpu:4 to train the model
using gpu:4 to train the model
cuda:4
Namespace(A_split=False, JK='sum', a_fold=100, aggregate=False, alpha=0.5, batch_size=2048, beta_inter=0.8, conv_layers=4, cuda=True, decay_epoch=10, device=device(type='cuda', index=4), device_id='4', domains='cloth_sport', dropout=0.4, epoch=80, feature_dim=126, gamma_intra=0.8, hidden_dim=126, inter_tau=0.2, intra_tau=0.4, lambda_critic=0.2, leakey=0.05, load=False, log='logs.txt', log_epoch=1, lr=0.004, lr_decay=0.95, min_epoch=60, mode='train', model_file=None, model_name='cs', momentum=0.98, num_latent_factors=3, num_negative=100, optim='adam', patience=20, proj_layers=1, projection=1, rectify_epoch=40, residual=1, save=False, save_dir='./saved_models', seed=32, similarity_tau=0.2, step=5, test_sample_number=999, user_batch_size=256, weight_decay=0.0002)
number_user 41829
number_item 17943
real graph loaded!
number_user 27328
number_item 12655
real graph loaded!
graph loaded!
Loading data from cloth_sport with batch size 2048...
unseen test: 0
test length: 3156
unseen test: 0
test length: 3085
unseen test: 0
test length: 3589
unseen test: 0
test length: 3546
source_user_num 41829
target_user_num 27328
source_item_num 17943
target_item_num 12655
shared users id: 7857
test users 990, 982
unseen test: 0
dev length: 1000
unseen test: 0
dev length: 1000
source train data : 187880, target train data: 163291, source test data : 3085, target test data : 3546, source dev data : 1000, target dev data : 1000
2024-08-15 10:17:17.254764: step 172/13760 (epoch 1/80), loss = 2.821910 (59.247 sec/epoch), lr: 0.004000
Evaluating on dev set...
..................................................................
source: 	 mrr: 0.042615	 ndcg_5: 0.0346	 ndcg_10: 0.0462	 hit@1:0.011724	 hit@5:0.0574	 hit@10: 0.0938
target: 	 mrr: 0.033423	 ndcg_5: 0.0244	 ndcg_10: 0.0342	 hit@1:0.007523	 hit@5:0.0412	 hit@10: 0.0716
source best!
..............................
source: 	 mrr: 0.038136	 ndcg_5: 0.0289	 ndcg_10: 0.0395	 hit@1:0.011345	 hit@5:0.0473	 hit@10: 0.0801
target best!
...................................target: 	 mrr: 0.034221	 ndcg_5: 0.0249	 ndcg_10: 0.0353	 hit@1:0.009870	 hit@5:0.0406	 hit@10: 0.0736
epoch 1: train_loss = 2.821910, source_mrr = 0.038136, source_hit@10 = 0.0801, source_ndcg@10 = 0.0395, target_mrr = 0.034221, target_hit@10 = 0.0736, target_ndcg@10 = 0.0353

2024-08-15 10:18:16.568028: step 344/13760 (epoch 2/80), loss = 2.308005 (56.671 sec/epoch), lr: 0.004000
Evaluating on dev set...
..................................................................
source: 	 mrr: 0.038292	 ndcg_5: 0.0285	 ndcg_10: 0.0400	 hit@1:0.010139	 hit@5:0.0463	 hit@10: 0.0821
target: 	 mrr: 0.032096	 ndcg_5: 0.0234	 ndcg_10: 0.0314	 hit@1:0.011145	 hit@5:0.0359	 hit@10: 0.0610
epoch 2: train_loss = 2.308005, source_mrr = 0.038292, source_hit@10 = 0.0821, source_ndcg@10 = 0.0400, target_mrr = 0.032096, target_hit@10 = 0.0610, target_ndcg@10 = 0.0314

2024-08-15 10:19:15.380068: step 516/13760 (epoch 3/80), loss = 2.172211 (57.386 sec/epoch), lr: 0.004000
Evaluating on dev set...
..................................................................
source: 	 mrr: 0.034991	 ndcg_5: 0.0269	 ndcg_10: 0.0360	 hit@1:0.009823	 hit@5:0.0444	 hit@10: 0.0726
target: 	 mrr: 0.039580	 ndcg_5: 0.0316	 ndcg_10: 0.0422	 hit@1:0.013374	 hit@5:0.0510	 hit@10: 0.0839
target best!
...................................target: 	 mrr: 0.041392	 ndcg_5: 0.0328	 ndcg_10: 0.0433	 hit@1:0.017202	 hit@5:0.0496	 hit@10: 0.0826
epoch 3: train_loss = 2.172211, source_mrr = 0.034991, source_hit@10 = 0.0726, source_ndcg@10 = 0.0360, target_mrr = 0.041392, target_hit@10 = 0.0826, target_ndcg@10 = 0.0433

2024-08-15 10:20:17.301325: step 688/13760 (epoch 4/80), loss = 2.110330 (59.923 sec/epoch), lr: 0.004000
Evaluating on dev set...
..................................................................
source: 	 mrr: 0.043647	 ndcg_5: 0.0335	 ndcg_10: 0.0472	 hit@1:0.014259	 hit@5:0.0532	 hit@10: 0.0957
target: 	 mrr: 0.037525	 ndcg_5: 0.0277	 ndcg_10: 0.0388	 hit@1:0.011981	 hit@5:0.0429	 hit@10: 0.0775
source best!
..............................
source: 	 mrr: 0.045040	 ndcg_5: 0.0365	 ndcg_10: 0.0467	 hit@1:0.015883	 hit@5:0.0574	 hit@10: 0.0895
epoch 4: train_loss = 2.110330, source_mrr = 0.045040, source_hit@10 = 0.0895, source_ndcg@10 = 0.0467, target_mrr = 0.037525, target_hit@10 = 0.0775, target_ndcg@10 = 0.0388

2024-08-15 10:21:17.430671: step 860/13760 (epoch 5/80), loss = 2.066520 (58.136 sec/epoch), lr: 0.004000
Evaluating on dev set...
..................................................................
source: 	 mrr: 0.041058	 ndcg_5: 0.0318	 ndcg_10: 0.0429	 hit@1:0.015209	 hit@5:0.0494	 hit@10: 0.0840
target: 	 mrr: 0.040473	 ndcg_5: 0.0327	 ndcg_10: 0.0427	 hit@1:0.012817	 hit@5:0.0521	 hit@10: 0.0833
target best!
...................................target: 	 mrr: 0.036428	 ndcg_5: 0.0280	 ndcg_10: 0.0389	 hit@1:0.009870	 hit@5:0.0465	 hit@10: 0.0804
epoch 5: train_loss = 2.066520, source_mrr = 0.041058, source_hit@10 = 0.0840, source_ndcg@10 = 0.0429, target_mrr = 0.036428, target_hit@10 = 0.0804, target_ndcg@10 = 0.0389

2024-08-15 10:22:18.155732: step 1032/13760 (epoch 6/80), loss = 2.039666 (58.667 sec/epoch), lr: 0.004000
Evaluating on dev set...
..................................................................
source: 	 mrr: 0.044742	 ndcg_5: 0.0355	 ndcg_10: 0.0482	 hit@1:0.014575	 hit@5:0.0561	 hit@10: 0.0957
target: 	 mrr: 0.032756	 ndcg_5: 0.0250	 ndcg_10: 0.0347	 hit@1:0.010309	 hit@5:0.0396	 hit@10: 0.0694
source best!
..............................
source: 	 mrr: 0.040186	 ndcg_5: 0.0314	 ndcg_10: 0.0423	 hit@1:0.011669	 hit@5:0.0506	 hit@10: 0.0846
epoch 6: train_loss = 2.039666, source_mrr = 0.040186, source_hit@10 = 0.0846, source_ndcg@10 = 0.0423, target_mrr = 0.032756, target_hit@10 = 0.0694, target_ndcg@10 = 0.0347

2024-08-15 10:23:19.533921: step 1204/13760 (epoch 7/80), loss = 2.019460 (59.333 sec/epoch), lr: 0.004000
Evaluating on dev set...
..................................................................
source: 	 mrr: 0.025195	 ndcg_5: 0.0173	 ndcg_10: 0.0238	 hit@1:0.007605	 hit@5:0.0266	 hit@10: 0.0472
target: 	 mrr: 0.037949	 ndcg_5: 0.0294	 ndcg_10: 0.0402	 hit@1:0.012260	 hit@5:0.0471	 hit@10: 0.0805
epoch 7: train_loss = 2.019460, source_mrr = 0.025195, source_hit@10 = 0.0472, source_ndcg@10 = 0.0238, target_mrr = 0.037949, target_hit@10 = 0.0805, target_ndcg@10 = 0.0402

2024-08-15 10:24:19.514568: step 1376/13760 (epoch 8/80), loss = 2.005564 (58.445 sec/epoch), lr: 0.004000
Evaluating on dev set...
..................................................................
source: 	 mrr: 0.042326	 ndcg_5: 0.0353	 ndcg_10: 0.0461	 hit@1:0.013625	 hit@5:0.0561	 hit@10: 0.0897
target: 	 mrr: 0.036758	 ndcg_5: 0.0291	 ndcg_10: 0.0391	 hit@1:0.012538	 hit@5:0.0463	 hit@10: 0.0780
epoch 8: train_loss = 2.005564, source_mrr = 0.042326, source_hit@10 = 0.0897, source_ndcg@10 = 0.0461, target_mrr = 0.036758, target_hit@10 = 0.0780, target_ndcg@10 = 0.0391

2024-08-15 10:25:18.197484: step 1548/13760 (epoch 9/80), loss = 1.998346 (56.875 sec/epoch), lr: 0.004000
Evaluating on dev set...
..................................................................
source: 	 mrr: 0.049560	 ndcg_5: 0.0398	 ndcg_10: 0.0529	 hit@1:0.019962	 hit@5:0.0580	 hit@10: 0.0989
target: 	 mrr: 0.039447	 ndcg_5: 0.0304	 ndcg_10: 0.0404	 hit@1:0.015603	 hit@5:0.0454	 hit@10: 0.0766
source best!
..............................
source: 	 mrr: 0.043428	 ndcg_5: 0.0331	 ndcg_10: 0.0461	 hit@1:0.014911	 hit@5:0.0506	 hit@10: 0.0908
epoch 9: train_loss = 1.998346, source_mrr = 0.043428, source_hit@10 = 0.0908, source_ndcg@10 = 0.0461, target_mrr = 0.039447, target_hit@10 = 0.0766, target_ndcg@10 = 0.0404

2024-08-15 10:26:18.101632: step 1720/13760 (epoch 10/80), loss = 1.986649 (57.983 sec/epoch), lr: 0.004000
Evaluating on dev set...
..................................................................
source: 	 mrr: 0.045191	 ndcg_5: 0.0358	 ndcg_10: 0.0483	 hit@1:0.015209	 hit@5:0.0567	 hit@10: 0.0957
target: 	 mrr: 0.034850	 ndcg_5: 0.0270	 ndcg_10: 0.0359	 hit@1:0.012538	 hit@5:0.0415	 hit@10: 0.0691
epoch 10: train_loss = 1.986649, source_mrr = 0.045191, source_hit@10 = 0.0957, source_ndcg@10 = 0.0483, target_mrr = 0.034850, target_hit@10 = 0.0691, target_ndcg@10 = 0.0359

2024-08-15 10:27:17.319074: step 1892/13760 (epoch 11/80), loss = 1.977822 (57.849 sec/epoch), lr: 0.004000
Evaluating on dev set...
..................................................................
source: 	 mrr: 0.036408	 ndcg_5: 0.0284	 ndcg_10: 0.0376	 hit@1:0.010773	 hit@5:0.0469	 hit@10: 0.0754
target: 	 mrr: 0.036574	 ndcg_5: 0.0273	 ndcg_10: 0.0382	 hit@1:0.010031	 hit@5:0.0440	 hit@10: 0.0780
epoch 11: train_loss = 1.977822, source_mrr = 0.036408, source_hit@10 = 0.0754, source_ndcg@10 = 0.0376, target_mrr = 0.036574, target_hit@10 = 0.0780, target_ndcg@10 = 0.0382

2024-08-15 10:28:15.293663: step 2064/13760 (epoch 12/80), loss = 1.963489 (56.616 sec/epoch), lr: 0.003800
Evaluating on dev set...
..................................................................
source: 	 mrr: 0.046586	 ndcg_5: 0.0386	 ndcg_10: 0.0492	 hit@1:0.014575	 hit@5:0.0624	 hit@10: 0.0960
target: 	 mrr: 0.033082	 ndcg_5: 0.0248	 ndcg_10: 0.0339	 hit@1:0.009752	 hit@5:0.0396	 hit@10: 0.0680
epoch 12: train_loss = 1.963489, source_mrr = 0.046586, source_hit@10 = 0.0960, source_ndcg@10 = 0.0492, target_mrr = 0.033082, target_hit@10 = 0.0680, target_ndcg@10 = 0.0339

2024-08-15 10:29:13.043505: step 2236/13760 (epoch 13/80), loss = 1.953689 (56.370 sec/epoch), lr: 0.003800
Evaluating on dev set...
..................................................................
source: 	 mrr: 0.044040	 ndcg_5: 0.0341	 ndcg_10: 0.0466	 hit@1:0.015209	 hit@5:0.0529	 hit@10: 0.0919
target: 	 mrr: 0.034063	 ndcg_5: 0.0264	 ndcg_10: 0.0339	 hit@1:0.012260	 hit@5:0.0407	 hit@10: 0.0638
epoch 13: train_loss = 1.953689, source_mrr = 0.044040, source_hit@10 = 0.0919, source_ndcg@10 = 0.0466, target_mrr = 0.034063, target_hit@10 = 0.0638, target_ndcg@10 = 0.0339

2024-08-15 10:30:12.345770: step 2408/13760 (epoch 14/80), loss = 1.940852 (57.912 sec/epoch), lr: 0.003610
Evaluating on dev set...
..................................................................
source: 	 mrr: 0.042916	 ndcg_5: 0.0333	 ndcg_10: 0.0450	 hit@1:0.015209	 hit@5:0.0520	 hit@10: 0.0881
target: 	 mrr: 0.035660	 ndcg_5: 0.0282	 ndcg_10: 0.0365	 hit@1:0.012260	 hit@5:0.0449	 hit@10: 0.0708
epoch 14: train_loss = 1.940852, source_mrr = 0.042916, source_hit@10 = 0.0881, source_ndcg@10 = 0.0450, target_mrr = 0.035660, target_hit@10 = 0.0708, target_ndcg@10 = 0.0365

2024-08-15 10:31:13.275512: step 2580/13760 (epoch 15/80), loss = 1.936329 (59.461 sec/epoch), lr: 0.003610
Evaluating on dev set...
..................................................................
source: 	 mrr: 0.049473	 ndcg_5: 0.0416	 ndcg_10: 0.0534	 hit@1:0.017427	 hit@5:0.0656	 hit@10: 0.1023
target: 	 mrr: 0.040092	 ndcg_5: 0.0304	 ndcg_10: 0.0416	 hit@1:0.013653	 hit@5:0.0476	 hit@10: 0.0828
epoch 15: train_loss = 1.936329, source_mrr = 0.049473, source_hit@10 = 0.1023, source_ndcg@10 = 0.0534, target_mrr = 0.040092, target_hit@10 = 0.0828, target_ndcg@10 = 0.0416

2024-08-15 10:32:13.680825: step 2752/13760 (epoch 16/80), loss = 1.929898 (58.939 sec/epoch), lr: 0.003610
Evaluating on dev set...
..................................................................
source: 	 mrr: 0.039716	 ndcg_5: 0.0309	 ndcg_10: 0.0423	 hit@1:0.010773	 hit@5:0.0510	 hit@10: 0.0862
target: 	 mrr: 0.040875	 ndcg_5: 0.0328	 ndcg_10: 0.0442	 hit@1:0.013653	 hit@5:0.0532	 hit@10: 0.0886
target best!
...................................target: 	 mrr: 0.040966	 ndcg_5: 0.0330	 ndcg_10: 0.0439	 hit@1:0.013536	 hit@5:0.0525	 hit@10: 0.0866
epoch 16: train_loss = 1.929898, source_mrr = 0.039716, source_hit@10 = 0.0862, source_ndcg@10 = 0.0423, target_mrr = 0.040966, target_hit@10 = 0.0866, target_ndcg@10 = 0.0439

2024-08-15 10:33:15.216803: step 2924/13760 (epoch 17/80), loss = 1.920212 (59.488 sec/epoch), lr: 0.003429
Evaluating on dev set...
..................................................................
source: 	 mrr: 0.045526	 ndcg_5: 0.0362	 ndcg_10: 0.0472	 hit@1:0.015526	 hit@5:0.0570	 hit@10: 0.0916
target: 	 mrr: 0.044801	 ndcg_5: 0.0378	 ndcg_10: 0.0477	 hit@1:0.017554	 hit@5:0.0582	 hit@10: 0.0889
target best!
...................................target: 	 mrr: 0.042228	 ndcg_5: 0.0343	 ndcg_10: 0.0444	 hit@1:0.015510	 hit@5:0.0522	 hit@10: 0.0840
epoch 17: train_loss = 1.920212, source_mrr = 0.045526, source_hit@10 = 0.0916, source_ndcg@10 = 0.0472, target_mrr = 0.042228, target_hit@10 = 0.0840, target_ndcg@10 = 0.0444

2024-08-15 10:34:14.927526: step 3096/13760 (epoch 18/80), loss = 1.910608 (57.488 sec/epoch), lr: 0.003429
Evaluating on dev set...
..................................................................
source: 	 mrr: 0.047098	 ndcg_5: 0.0380	 ndcg_10: 0.0502	 hit@1:0.016477	 hit@5:0.0599	 hit@10: 0.0982
target: 	 mrr: 0.046255	 ndcg_5: 0.0391	 ndcg_10: 0.0489	 hit@1:0.017554	 hit@5:0.0605	 hit@10: 0.0911
target best!
...................................target: 	 mrr: 0.045107	 ndcg_5: 0.0371	 ndcg_10: 0.0469	 hit@1:0.018049	 hit@5:0.0553	 hit@10: 0.0857
epoch 18: train_loss = 1.910608, source_mrr = 0.047098, source_hit@10 = 0.0982, source_ndcg@10 = 0.0502, target_mrr = 0.045107, target_hit@10 = 0.0857, target_ndcg@10 = 0.0469

2024-08-15 10:35:14.024341: step 3268/13760 (epoch 19/80), loss = 1.908527 (57.027 sec/epoch), lr: 0.003429
Evaluating on dev set...
..................................................................
source: 	 mrr: 0.040578	 ndcg_5: 0.0316	 ndcg_10: 0.0423	 hit@1:0.013308	 hit@5:0.0497	 hit@10: 0.0833
target: 	 mrr: 0.044586	 ndcg_5: 0.0368	 ndcg_10: 0.0489	 hit@1:0.014767	 hit@5:0.0588	 hit@10: 0.0970
epoch 19: train_loss = 1.908527, source_mrr = 0.040578, source_hit@10 = 0.0833, source_ndcg@10 = 0.0423, target_mrr = 0.044586, target_hit@10 = 0.0970, target_ndcg@10 = 0.0489

2024-08-15 10:36:14.083203: step 3440/13760 (epoch 20/80), loss = 1.901923 (58.617 sec/epoch), lr: 0.003258
Evaluating on dev set...
..................................................................
source: 	 mrr: 0.048146	 ndcg_5: 0.0398	 ndcg_10: 0.0510	 hit@1:0.019645	 hit@5:0.0596	 hit@10: 0.0951
target: 	 mrr: 0.033793	 ndcg_5: 0.0251	 ndcg_10: 0.0357	 hit@1:0.007523	 hit@5:0.0432	 hit@10: 0.0763
epoch 20: train_loss = 1.901923, source_mrr = 0.048146, source_hit@10 = 0.0951, source_ndcg@10 = 0.0510, target_mrr = 0.033793, target_hit@10 = 0.0763, target_ndcg@10 = 0.0357

2024-08-15 10:37:12.199794: step 3612/13760 (epoch 21/80), loss = 1.893361 (56.768 sec/epoch), lr: 0.003095
Evaluating on dev set...
..................................................................
source: 	 mrr: 0.035339	 ndcg_5: 0.0264	 ndcg_10: 0.0355	 hit@1:0.012357	 hit@5:0.0409	 hit@10: 0.0691
target: 	 mrr: 0.033404	 ndcg_5: 0.0268	 ndcg_10: 0.0356	 hit@1:0.007802	 hit@5:0.0465	 hit@10: 0.0741
epoch 21: train_loss = 1.893361, source_mrr = 0.035339, source_hit@10 = 0.0691, source_ndcg@10 = 0.0355, target_mrr = 0.033404, target_hit@10 = 0.0741, target_ndcg@10 = 0.0356

2024-08-15 10:38:10.313152: step 3784/13760 (epoch 22/80), loss = 1.882001 (56.701 sec/epoch), lr: 0.002940
Evaluating on dev set...
..................................................................
source: 	 mrr: 0.051324	 ndcg_5: 0.0439	 ndcg_10: 0.0546	 hit@1:0.019328	 hit@5:0.0691	 hit@10: 0.1027
target: 	 mrr: 0.043174	 ndcg_5: 0.0344	 ndcg_10: 0.0453	 hit@1:0.015882	 hit@5:0.0527	 hit@10: 0.0861
source best!
..............................
source: 	 mrr: 0.047712	 ndcg_5: 0.0387	 ndcg_10: 0.0502	 hit@1:0.018152	 hit@5:0.0583	 hit@10: 0.0943
epoch 22: train_loss = 1.882001, source_mrr = 0.047712, source_hit@10 = 0.0943, source_ndcg@10 = 0.0502, target_mrr = 0.043174, target_hit@10 = 0.0861, target_ndcg@10 = 0.0453

2024-08-15 10:39:08.737856: step 3956/13760 (epoch 23/80), loss = 1.876471 (56.487 sec/epoch), lr: 0.002940
Evaluating on dev set...
..................................................................
source: 	 mrr: 0.051899	 ndcg_5: 0.0436	 ndcg_10: 0.0555	 hit@1:0.019645	 hit@5:0.0681	 hit@10: 0.1055
target: 	 mrr: 0.041328	 ndcg_5: 0.0329	 ndcg_10: 0.0437	 hit@1:0.016160	 hit@5:0.0502	 hit@10: 0.0839
source best!
..............................
source: 	 mrr: 0.047052	 ndcg_5: 0.0378	 ndcg_10: 0.0501	 hit@1:0.016856	 hit@5:0.0596	 hit@10: 0.0982
epoch 23: train_loss = 1.876471, source_mrr = 0.047052, source_hit@10 = 0.0982, source_ndcg@10 = 0.0501, target_mrr = 0.041328, target_hit@10 = 0.0839, target_ndcg@10 = 0.0437

2024-08-15 10:40:07.234436: step 4128/13760 (epoch 24/80), loss = 1.867463 (56.419 sec/epoch), lr: 0.002793
Evaluating on dev set...
..................................................................
source: 	 mrr: 0.051611	 ndcg_5: 0.0437	 ndcg_10: 0.0559	 hit@1:0.019011	 hit@5:0.0678	 hit@10: 0.1058
target: 	 mrr: 0.035539	 ndcg_5: 0.0272	 ndcg_10: 0.0393	 hit@1:0.009195	 hit@5:0.0465	 hit@10: 0.0844
epoch 24: train_loss = 1.867463, source_mrr = 0.051611, source_hit@10 = 0.1058, source_ndcg@10 = 0.0559, target_mrr = 0.035539, target_hit@10 = 0.0844, target_ndcg@10 = 0.0393

2024-08-15 10:41:07.483720: step 4300/13760 (epoch 25/80), loss = 1.856078 (58.746 sec/epoch), lr: 0.002654
Evaluating on dev set...
..................................................................
source: 	 mrr: 0.055008	 ndcg_5: 0.0447	 ndcg_10: 0.0597	 hit@1:0.023131	 hit@5:0.0656	 hit@10: 0.1119
target: 	 mrr: 0.041691	 ndcg_5: 0.0342	 ndcg_10: 0.0451	 hit@1:0.014767	 hit@5:0.0549	 hit@10: 0.0886
source best!
..............................
source: 	 mrr: 0.051632	 ndcg_5: 0.0420	 ndcg_10: 0.0537	 hit@1:0.021718	 hit@5:0.0616	 hit@10: 0.0979
epoch 25: train_loss = 1.856078, source_mrr = 0.051632, source_hit@10 = 0.0979, source_ndcg@10 = 0.0537, target_mrr = 0.041691, target_hit@10 = 0.0886, target_ndcg@10 = 0.0451

2024-08-15 10:42:08.704530: step 4472/13760 (epoch 26/80), loss = 1.855257 (59.225 sec/epoch), lr: 0.002654
Evaluating on dev set...
..................................................................
source: 	 mrr: 0.048620	 ndcg_5: 0.0395	 ndcg_10: 0.0523	 hit@1:0.019328	 hit@5:0.0602	 hit@10: 0.0998
target: 	 mrr: 0.042509	 ndcg_5: 0.0341	 ndcg_10: 0.0465	 hit@1:0.014489	 hit@5:0.0549	 hit@10: 0.0936
epoch 26: train_loss = 1.855257, source_mrr = 0.048620, source_hit@10 = 0.0998, source_ndcg@10 = 0.0523, target_mrr = 0.042509, target_hit@10 = 0.0936, target_ndcg@10 = 0.0465

2024-08-15 10:43:09.384703: step 4644/13760 (epoch 27/80), loss = 1.843907 (59.202 sec/epoch), lr: 0.002521
Evaluating on dev set...
..................................................................
source: 	 mrr: 0.057227	 ndcg_5: 0.0487	 ndcg_10: 0.0609	 hit@1:0.026299	 hit@5:0.0713	 hit@10: 0.1093
target: 	 mrr: 0.044463	 ndcg_5: 0.0364	 ndcg_10: 0.0488	 hit@1:0.016160	 hit@5:0.0577	 hit@10: 0.0964
source best!
..............................
source: 	 mrr: 0.053895	 ndcg_5: 0.0455	 ndcg_10: 0.0575	 hit@1:0.022690	 hit@5:0.0684	 hit@10: 0.1057
epoch 27: train_loss = 1.843907, source_mrr = 0.053895, source_hit@10 = 0.1057, source_ndcg@10 = 0.0575, target_mrr = 0.044463, target_hit@10 = 0.0964, target_ndcg@10 = 0.0488

2024-08-15 10:44:09.330125: step 4816/13760 (epoch 28/80), loss = 1.841829 (57.824 sec/epoch), lr: 0.002521
Evaluating on dev set...
..................................................................
source: 	 mrr: 0.049634	 ndcg_5: 0.0410	 ndcg_10: 0.0529	 hit@1:0.020279	 hit@5:0.0621	 hit@10: 0.0992
target: 	 mrr: 0.041026	 ndcg_5: 0.0335	 ndcg_10: 0.0432	 hit@1:0.014489	 hit@5:0.0521	 hit@10: 0.0822
epoch 28: train_loss = 1.841829, source_mrr = 0.049634, source_hit@10 = 0.0992, source_ndcg@10 = 0.0529, target_mrr = 0.041026, target_hit@10 = 0.0822, target_ndcg@10 = 0.0432

2024-08-15 10:45:09.375719: step 4988/13760 (epoch 29/80), loss = 1.832619 (58.558 sec/epoch), lr: 0.002395
Evaluating on dev set...
..................................................................
source: 	 mrr: 0.032589	 ndcg_5: 0.0232	 ndcg_10: 0.0310	 hit@1:0.010456	 hit@5:0.0358	 hit@10: 0.0605
target: 	 mrr: 0.037066	 ndcg_5: 0.0290	 ndcg_10: 0.0388	 hit@1:0.009752	 hit@5:0.0482	 hit@10: 0.0789
epoch 29: train_loss = 1.832619, source_mrr = 0.032589, source_hit@10 = 0.0605, source_ndcg@10 = 0.0310, target_mrr = 0.037066, target_hit@10 = 0.0789, target_ndcg@10 = 0.0388

2024-08-15 10:46:07.995759: step 5160/13760 (epoch 30/80), loss = 1.827272 (57.220 sec/epoch), lr: 0.002275
Evaluating on dev set...
..................................................................
source: 	 mrr: 0.040246	 ndcg_5: 0.0329	 ndcg_10: 0.0404	 hit@1:0.015209	 hit@5:0.0501	 hit@10: 0.0732
target: 	 mrr: 0.040553	 ndcg_5: 0.0323	 ndcg_10: 0.0444	 hit@1:0.012260	 hit@5:0.0515	 hit@10: 0.0892
epoch 30: train_loss = 1.827272, source_mrr = 0.040246, source_hit@10 = 0.0732, source_ndcg@10 = 0.0404, target_mrr = 0.040553, target_hit@10 = 0.0892, target_ndcg@10 = 0.0444

2024-08-15 10:47:07.596099: step 5332/13760 (epoch 31/80), loss = 1.825349 (58.073 sec/epoch), lr: 0.002275
Evaluating on dev set...
..................................................................
source: 	 mrr: 0.054987	 ndcg_5: 0.0456	 ndcg_10: 0.0598	 hit@1:0.023447	 hit@5:0.0678	 hit@10: 0.1122
target: 	 mrr: 0.043044	 ndcg_5: 0.0332	 ndcg_10: 0.0468	 hit@1:0.015603	 hit@5:0.0507	 hit@10: 0.0928
epoch 31: train_loss = 1.825349, source_mrr = 0.054987, source_hit@10 = 0.1122, source_ndcg@10 = 0.0598, target_mrr = 0.043044, target_hit@10 = 0.0928, target_ndcg@10 = 0.0468

2024-08-15 10:48:07.082146: step 5504/13760 (epoch 32/80), loss = 1.821229 (58.054 sec/epoch), lr: 0.002275
Evaluating on dev set...
..................................................................
source: 	 mrr: 0.053837	 ndcg_5: 0.0467	 ndcg_10: 0.0582	 hit@1:0.022497	 hit@5:0.0710	 hit@10: 0.1071
target: 	 mrr: 0.045395	 ndcg_5: 0.0384	 ndcg_10: 0.0489	 hit@1:0.016439	 hit@5:0.0599	 hit@10: 0.0928
epoch 32: train_loss = 1.821229, source_mrr = 0.053837, source_hit@10 = 0.1071, source_ndcg@10 = 0.0582, target_mrr = 0.045395, target_hit@10 = 0.0928, target_ndcg@10 = 0.0489

2024-08-15 10:49:07.644823: step 5676/13760 (epoch 33/80), loss = 1.818023 (59.121 sec/epoch), lr: 0.002275
Evaluating on dev set...
..................................................................
source: 	 mrr: 0.053705	 ndcg_5: 0.0443	 ndcg_10: 0.0575	 hit@1:0.023447	 hit@5:0.0653	 hit@10: 0.1061
target: 	 mrr: 0.038989	 ndcg_5: 0.0306	 ndcg_10: 0.0423	 hit@1:0.013096	 hit@5:0.0493	 hit@10: 0.0858
epoch 33: train_loss = 1.818023, source_mrr = 0.053705, source_hit@10 = 0.1061, source_ndcg@10 = 0.0575, target_mrr = 0.038989, target_hit@10 = 0.0858, target_ndcg@10 = 0.0423

2024-08-15 10:50:07.887458: step 5848/13760 (epoch 34/80), loss = 1.817441 (58.729 sec/epoch), lr: 0.002161
Evaluating on dev set...
..................................................................
source: 	 mrr: 0.048384	 ndcg_5: 0.0394	 ndcg_10: 0.0509	 hit@1:0.019011	 hit@5:0.0605	 hit@10: 0.0966
target: 	 mrr: 0.041068	 ndcg_5: 0.0328	 ndcg_10: 0.0437	 hit@1:0.014767	 hit@5:0.0507	 hit@10: 0.0844
epoch 34: train_loss = 1.817441, source_mrr = 0.048384, source_hit@10 = 0.0966, source_ndcg@10 = 0.0509, target_mrr = 0.041068, target_hit@10 = 0.0844, target_ndcg@10 = 0.0437

2024-08-15 10:51:09.157088: step 6020/13760 (epoch 35/80), loss = 1.803611 (59.701 sec/epoch), lr: 0.002053
Evaluating on dev set...
..................................................................
source: 	 mrr: 0.050718	 ndcg_5: 0.0429	 ndcg_10: 0.0559	 hit@1:0.018695	 hit@5:0.0672	 hit@10: 0.1074
target: 	 mrr: 0.041301	 ndcg_5: 0.0337	 ndcg_10: 0.0446	 hit@1:0.013931	 hit@5:0.0546	 hit@10: 0.0886
epoch 35: train_loss = 1.803611, source_mrr = 0.050718, source_hit@10 = 0.1074, source_ndcg@10 = 0.0559, target_mrr = 0.041301, target_hit@10 = 0.0886, target_ndcg@10 = 0.0446

2024-08-15 10:52:08.599467: step 6192/13760 (epoch 36/80), loss = 1.803003 (57.996 sec/epoch), lr: 0.002053
Evaluating on dev set...
..................................................................
source: 	 mrr: 0.053595	 ndcg_5: 0.0457	 ndcg_10: 0.0566	 hit@1:0.021546	 hit@5:0.0691	 hit@10: 0.1036
target: 	 mrr: 0.043818	 ndcg_5: 0.0363	 ndcg_10: 0.0477	 hit@1:0.014210	 hit@5:0.0591	 hit@10: 0.0945
epoch 36: train_loss = 1.803003, source_mrr = 0.053595, source_hit@10 = 0.1036, source_ndcg@10 = 0.0566, target_mrr = 0.043818, target_hit@10 = 0.0945, target_ndcg@10 = 0.0477

2024-08-15 10:53:07.526816: step 6364/13760 (epoch 37/80), loss = 1.800777 (57.138 sec/epoch), lr: 0.002053
Evaluating on dev set...
..................................................................
source: 	 mrr: 0.053277	 ndcg_5: 0.0446	 ndcg_10: 0.0589	 hit@1:0.019645	 hit@5:0.0684	 hit@10: 0.1134
target: 	 mrr: 0.042383	 ndcg_5: 0.0338	 ndcg_10: 0.0444	 hit@1:0.013096	 hit@5:0.0546	 hit@10: 0.0875
epoch 37: train_loss = 1.800777, source_mrr = 0.053277, source_hit@10 = 0.1134, source_ndcg@10 = 0.0589, target_mrr = 0.042383, target_hit@10 = 0.0875, target_ndcg@10 = 0.0444

2024-08-15 10:54:05.928104: step 6536/13760 (epoch 38/80), loss = 1.792844 (57.010 sec/epoch), lr: 0.001951
Evaluating on dev set...
..................................................................
source: 	 mrr: 0.051982	 ndcg_5: 0.0434	 ndcg_10: 0.0574	 hit@1:0.019962	 hit@5:0.0672	 hit@10: 0.1109
target: 	 mrr: 0.039329	 ndcg_5: 0.0321	 ndcg_10: 0.0427	 hit@1:0.010588	 hit@5:0.0532	 hit@10: 0.0864
epoch 38: train_loss = 1.792844, source_mrr = 0.051982, source_hit@10 = 0.1109, source_ndcg@10 = 0.0574, target_mrr = 0.039329, target_hit@10 = 0.0864, target_ndcg@10 = 0.0427

2024-08-15 10:55:03.933847: step 6708/13760 (epoch 39/80), loss = 1.784052 (56.599 sec/epoch), lr: 0.001853
Evaluating on dev set...
..................................................................
source: 	 mrr: 0.054294	 ndcg_5: 0.0459	 ndcg_10: 0.0595	 hit@1:0.020596	 hit@5:0.0713	 hit@10: 0.1138
target: 	 mrr: 0.040749	 ndcg_5: 0.0322	 ndcg_10: 0.0436	 hit@1:0.014210	 hit@5:0.0502	 hit@10: 0.0858
epoch 39: train_loss = 1.784052, source_mrr = 0.054294, source_hit@10 = 0.1138, source_ndcg@10 = 0.0595, target_mrr = 0.040749, target_hit@10 = 0.0858, target_ndcg@10 = 0.0436

2024-08-15 10:56:03.055203: step 6880/13760 (epoch 40/80), loss = 1.780843 (57.761 sec/epoch), lr: 0.001853
Evaluating on dev set...
..................................................................
source: 	 mrr: 0.054261	 ndcg_5: 0.0457	 ndcg_10: 0.0587	 hit@1:0.022180	 hit@5:0.0697	 hit@10: 0.1103
target: 	 mrr: 0.033131	 ndcg_5: 0.0250	 ndcg_10: 0.0344	 hit@1:0.008080	 hit@5:0.0418	 hit@10: 0.0713
epoch 40: train_loss = 1.780843, source_mrr = 0.054261, source_hit@10 = 0.1103, source_ndcg@10 = 0.0587, target_mrr = 0.033131, target_hit@10 = 0.0713, target_ndcg@10 = 0.0344
shift to transfer learning mode

2024-08-15 10:57:01.946496: step 7052/13760 (epoch 41/80), loss = 1.964529 (57.518 sec/epoch), lr: 0.001761
Evaluating on dev set...
..................................................................
source: 	 mrr: 0.045547	 ndcg_5: 0.0372	 ndcg_10: 0.0472	 hit@1:0.018378	 hit@5:0.0554	 hit@10: 0.0865
target: 	 mrr: 0.040735	 ndcg_5: 0.0324	 ndcg_10: 0.0442	 hit@1:0.011981	 hit@5:0.0532	 hit@10: 0.0897
epoch 41: train_loss = 1.964529, source_mrr = 0.045547, source_hit@10 = 0.0865, source_ndcg@10 = 0.0472, target_mrr = 0.040735, target_hit@10 = 0.0897, target_ndcg@10 = 0.0442

2024-08-15 10:58:01.613751: step 7224/13760 (epoch 42/80), loss = 1.961403 (58.209 sec/epoch), lr: 0.001672
Evaluating on dev set...
..................................................................
source: 	 mrr: 0.057877	 ndcg_5: 0.0489	 ndcg_10: 0.0618	 hit@1:0.025665	 hit@5:0.0713	 hit@10: 0.1112
target: 	 mrr: 0.039386	 ndcg_5: 0.0314	 ndcg_10: 0.0432	 hit@1:0.009473	 hit@5:0.0535	 hit@10: 0.0900
source best!
..............................
source: 	 mrr: 0.051505	 ndcg_5: 0.0423	 ndcg_10: 0.0568	 hit@1:0.020097	 hit@5:0.0652	 hit@10: 0.1109
epoch 42: train_loss = 1.961403, source_mrr = 0.051505, source_hit@10 = 0.1109, source_ndcg@10 = 0.0568, target_mrr = 0.039386, target_hit@10 = 0.0900, target_ndcg@10 = 0.0432

2024-08-15 10:59:03.224500: step 7396/13760 (epoch 43/80), loss = 1.960609 (59.612 sec/epoch), lr: 0.001672
Evaluating on dev set...
..................................................................
source: 	 mrr: 0.053626	 ndcg_5: 0.0456	 ndcg_10: 0.0603	 hit@1:0.018695	 hit@5:0.0722	 hit@10: 0.1185
target: 	 mrr: 0.041007	 ndcg_5: 0.0306	 ndcg_10: 0.0435	 hit@1:0.013931	 hit@5:0.0465	 hit@10: 0.0867
epoch 43: train_loss = 1.960609, source_mrr = 0.053626, source_hit@10 = 0.1185, source_ndcg@10 = 0.0603, target_mrr = 0.041007, target_hit@10 = 0.0867, target_ndcg@10 = 0.0435

2024-08-15 11:00:04.948371: step 7568/13760 (epoch 44/80), loss = 1.957051 (60.251 sec/epoch), lr: 0.001589
Evaluating on dev set...
..................................................................
source: 	 mrr: 0.048837	 ndcg_5: 0.0411	 ndcg_10: 0.0515	 hit@1:0.018695	 hit@5:0.0627	 hit@10: 0.0951
target: 	 mrr: 0.043585	 ndcg_5: 0.0356	 ndcg_10: 0.0463	 hit@1:0.015325	 hit@5:0.0557	 hit@10: 0.0894
epoch 44: train_loss = 1.957051, source_mrr = 0.048837, source_hit@10 = 0.0951, source_ndcg@10 = 0.0515, target_mrr = 0.043585, target_hit@10 = 0.0894, target_ndcg@10 = 0.0463

2024-08-15 11:01:06.697726: step 7740/13760 (epoch 45/80), loss = 1.948130 (60.231 sec/epoch), lr: 0.001509
Evaluating on dev set...
..................................................................
source: 	 mrr: 0.052235	 ndcg_5: 0.0446	 ndcg_10: 0.0585	 hit@1:0.017744	 hit@5:0.0713	 hit@10: 0.1147
target: 	 mrr: 0.038685	 ndcg_5: 0.0298	 ndcg_10: 0.0406	 hit@1:0.012817	 hit@5:0.0479	 hit@10: 0.0819
epoch 45: train_loss = 1.948130, source_mrr = 0.052235, source_hit@10 = 0.1147, source_ndcg@10 = 0.0585, target_mrr = 0.038685, target_hit@10 = 0.0819, target_ndcg@10 = 0.0406

2024-08-15 11:02:06.347233: step 7912/13760 (epoch 46/80), loss = 1.944062 (58.279 sec/epoch), lr: 0.001434
Evaluating on dev set...
..................................................................
source: 	 mrr: 0.047113	 ndcg_5: 0.0385	 ndcg_10: 0.0505	 hit@1:0.014575	 hit@5:0.0624	 hit@10: 0.1004
target: 	 mrr: 0.045017	 ndcg_5: 0.0380	 ndcg_10: 0.0491	 hit@1:0.015325	 hit@5:0.0607	 hit@10: 0.0956
epoch 46: train_loss = 1.944062, source_mrr = 0.047113, source_hit@10 = 0.1004, source_ndcg@10 = 0.0505, target_mrr = 0.045017, target_hit@10 = 0.0956, target_ndcg@10 = 0.0491

2024-08-15 11:03:05.410809: step 8084/13760 (epoch 47/80), loss = 1.937004 (57.505 sec/epoch), lr: 0.001434
Evaluating on dev set...
..................................................................
source: 	 mrr: 0.054618	 ndcg_5: 0.0474	 ndcg_10: 0.0601	 hit@1:0.020596	 hit@5:0.0748	 hit@10: 0.1144
target: 	 mrr: 0.043193	 ndcg_5: 0.0352	 ndcg_10: 0.0469	 hit@1:0.016160	 hit@5:0.0549	 hit@10: 0.0917
epoch 47: train_loss = 1.937004, source_mrr = 0.054618, source_hit@10 = 0.1144, source_ndcg@10 = 0.0601, target_mrr = 0.043193, target_hit@10 = 0.0917, target_ndcg@10 = 0.0469

2024-08-15 11:04:05.269048: step 8256/13760 (epoch 48/80), loss = 1.934879 (58.408 sec/epoch), lr: 0.001434
Evaluating on dev set...
..................................................................
source: 	 mrr: 0.052061	 ndcg_5: 0.0437	 ndcg_10: 0.0576	 hit@1:0.019962	 hit@5:0.0675	 hit@10: 0.1106
target: 	 mrr: 0.037384	 ndcg_5: 0.0282	 ndcg_10: 0.0382	 hit@1:0.010309	 hit@5:0.0463	 hit@10: 0.0775
epoch 48: train_loss = 1.934879, source_mrr = 0.052061, source_hit@10 = 0.1106, source_ndcg@10 = 0.0576, target_mrr = 0.037384, target_hit@10 = 0.0775, target_ndcg@10 = 0.0382

2024-08-15 11:05:04.530051: step 8428/13760 (epoch 49/80), loss = 1.930890 (57.875 sec/epoch), lr: 0.001362
Evaluating on dev set...
..................................................................
source: 	 mrr: 0.052864	 ndcg_5: 0.0440	 ndcg_10: 0.0577	 hit@1:0.022814	 hit@5:0.0656	 hit@10: 0.1084
target: 	 mrr: 0.038324	 ndcg_5: 0.0300	 ndcg_10: 0.0400	 hit@1:0.014210	 hit@5:0.0463	 hit@10: 0.0775
epoch 49: train_loss = 1.930890, source_mrr = 0.052864, source_hit@10 = 0.1084, source_ndcg@10 = 0.0577, target_mrr = 0.038324, target_hit@10 = 0.0775, target_ndcg@10 = 0.0400

2024-08-15 11:06:04.710068: step 8600/13760 (epoch 50/80), loss = 1.924411 (58.775 sec/epoch), lr: 0.001362
Evaluating on dev set...
..................................................................
source: 	 mrr: 0.050010	 ndcg_5: 0.0425	 ndcg_10: 0.0520	 hit@1:0.020279	 hit@5:0.0643	 hit@10: 0.0941
target: 	 mrr: 0.039311	 ndcg_5: 0.0303	 ndcg_10: 0.0420	 hit@1:0.011424	 hit@5:0.0496	 hit@10: 0.0858
epoch 50: train_loss = 1.924411, source_mrr = 0.050010, source_hit@10 = 0.0941, source_ndcg@10 = 0.0520, target_mrr = 0.039311, target_hit@10 = 0.0858, target_ndcg@10 = 0.0420

2024-08-15 11:07:03.106529: step 8772/13760 (epoch 51/80), loss = 1.921645 (57.013 sec/epoch), lr: 0.001294
Evaluating on dev set...
..................................................................
source: 	 mrr: 0.053497	 ndcg_5: 0.0448	 ndcg_10: 0.0578	 hit@1:0.019962	 hit@5:0.0684	 hit@10: 0.1093
target: 	 mrr: 0.042022	 ndcg_5: 0.0339	 ndcg_10: 0.0455	 hit@1:0.013931	 hit@5:0.0538	 hit@10: 0.0900
epoch 51: train_loss = 1.921645, source_mrr = 0.053497, source_hit@10 = 0.1093, source_ndcg@10 = 0.0578, target_mrr = 0.042022, target_hit@10 = 0.0900, target_ndcg@10 = 0.0455

2024-08-15 11:08:03.218602: step 8944/13760 (epoch 52/80), loss = 1.917040 (58.683 sec/epoch), lr: 0.001294
Evaluating on dev set...
..................................................................
source: 	 mrr: 0.046500	 ndcg_5: 0.0376	 ndcg_10: 0.0485	 hit@1:0.017427	 hit@5:0.0577	 hit@10: 0.0916
target: 	 mrr: 0.041712	 ndcg_5: 0.0326	 ndcg_10: 0.0438	 hit@1:0.015325	 hit@5:0.0499	 hit@10: 0.0847
epoch 52: train_loss = 1.917040, source_mrr = 0.046500, source_hit@10 = 0.0916, source_ndcg@10 = 0.0485, target_mrr = 0.041712, target_hit@10 = 0.0847, target_ndcg@10 = 0.0438

2024-08-15 11:09:04.637110: step 9116/13760 (epoch 53/80), loss = 1.908327 (60.024 sec/epoch), lr: 0.001229
Evaluating on dev set...
..................................................................
source: 	 mrr: 0.050125	 ndcg_5: 0.0412	 ndcg_10: 0.0515	 hit@1:0.019962	 hit@5:0.0605	 hit@10: 0.0922
target: 	 mrr: 0.041737	 ndcg_5: 0.0340	 ndcg_10: 0.0449	 hit@1:0.015046	 hit@5:0.0529	 hit@10: 0.0872
epoch 53: train_loss = 1.908327, source_mrr = 0.050125, source_hit@10 = 0.0922, source_ndcg@10 = 0.0515, target_mrr = 0.041737, target_hit@10 = 0.0872, target_ndcg@10 = 0.0449

2024-08-15 11:10:05.802208: step 9288/13760 (epoch 54/80), loss = 1.908008 (59.725 sec/epoch), lr: 0.001229
Evaluating on dev set...
..................................................................
source: 	 mrr: 0.051544	 ndcg_5: 0.0435	 ndcg_10: 0.0555	 hit@1:0.019011	 hit@5:0.0675	 hit@10: 0.1049
target: 	 mrr: 0.035331	 ndcg_5: 0.0271	 ndcg_10: 0.0363	 hit@1:0.010588	 hit@5:0.0435	 hit@10: 0.0724
epoch 54: train_loss = 1.908008, source_mrr = 0.051544, source_hit@10 = 0.1049, source_ndcg@10 = 0.0555, target_mrr = 0.035331, target_hit@10 = 0.0724, target_ndcg@10 = 0.0363

2024-08-15 11:11:05.626970: step 9460/13760 (epoch 55/80), loss = 1.897460 (58.445 sec/epoch), lr: 0.001168
Evaluating on dev set...
..................................................................
source: 	 mrr: 0.046386	 ndcg_5: 0.0375	 ndcg_10: 0.0503	 hit@1:0.018378	 hit@5:0.0574	 hit@10: 0.0976
target: 	 mrr: 0.043168	 ndcg_5: 0.0353	 ndcg_10: 0.0461	 hit@1:0.015882	 hit@5:0.0546	 hit@10: 0.0880
epoch 55: train_loss = 1.897460, source_mrr = 0.046386, source_hit@10 = 0.0976, source_ndcg@10 = 0.0503, target_mrr = 0.043168, target_hit@10 = 0.0880, target_ndcg@10 = 0.0461

2024-08-15 11:12:06.306008: step 9632/13760 (epoch 56/80), loss = 1.895240 (59.278 sec/epoch), lr: 0.001168
Evaluating on dev set...
..................................................................
source: 	 mrr: 0.031926	 ndcg_5: 0.0229	 ndcg_10: 0.0311	 hit@1:0.010139	 hit@5:0.0349	 hit@10: 0.0605
target: 	 mrr: 0.037600	 ndcg_5: 0.0290	 ndcg_10: 0.0405	 hit@1:0.010031	 hit@5:0.0485	 hit@10: 0.0844
epoch 56: train_loss = 1.895240, source_mrr = 0.031926, source_hit@10 = 0.0605, source_ndcg@10 = 0.0311, target_mrr = 0.037600, target_hit@10 = 0.0844, target_ndcg@10 = 0.0405

2024-08-15 11:13:08.215627: step 9804/13760 (epoch 57/80), loss = 1.888711 (60.477 sec/epoch), lr: 0.001110
Evaluating on dev set...
..................................................................
source: 	 mrr: 0.050261	 ndcg_5: 0.0425	 ndcg_10: 0.0543	 hit@1:0.020596	 hit@5:0.0653	 hit@10: 0.1020
target: 	 mrr: 0.041427	 ndcg_5: 0.0343	 ndcg_10: 0.0434	 hit@1:0.014767	 hit@5:0.0541	 hit@10: 0.0825
epoch 57: train_loss = 1.888711, source_mrr = 0.050261, source_hit@10 = 0.1020, source_ndcg@10 = 0.0543, target_mrr = 0.041427, target_hit@10 = 0.0825, target_ndcg@10 = 0.0434

2024-08-15 11:14:09.012954: step 9976/13760 (epoch 58/80), loss = 1.887066 (59.361 sec/epoch), lr: 0.001110
Evaluating on dev set...
..................................................................
source: 	 mrr: 0.049476	 ndcg_5: 0.0410	 ndcg_10: 0.0527	 hit@1:0.020279	 hit@5:0.0615	 hit@10: 0.0982
target: 	 mrr: 0.043663	 ndcg_5: 0.0356	 ndcg_10: 0.0464	 hit@1:0.016439	 hit@5:0.0549	 hit@10: 0.0886
epoch 58: train_loss = 1.887066, source_mrr = 0.049476, source_hit@10 = 0.0982, source_ndcg@10 = 0.0527, target_mrr = 0.043663, target_hit@10 = 0.0886, target_ndcg@10 = 0.0464

2024-08-15 11:15:09.362897: step 10148/13760 (epoch 59/80), loss = 1.885800 (58.927 sec/epoch), lr: 0.001110
Evaluating on dev set...
..................................................................
source: 	 mrr: 0.051744	 ndcg_5: 0.0444	 ndcg_10: 0.0546	 hit@1:0.019011	 hit@5:0.0684	 hit@10: 0.0998
target: 	 mrr: 0.045119	 ndcg_5: 0.0375	 ndcg_10: 0.0500	 hit@1:0.014767	 hit@5:0.0602	 hit@10: 0.0989
epoch 59: train_loss = 1.885800, source_mrr = 0.051744, source_hit@10 = 0.0998, source_ndcg@10 = 0.0546, target_mrr = 0.045119, target_hit@10 = 0.0989, target_ndcg@10 = 0.0500

2024-08-15 11:16:10.772338: step 10320/13760 (epoch 60/80), loss = 1.880414 (59.946 sec/epoch), lr: 0.001110
Evaluating on dev set...
..................................................................
source: 	 mrr: 0.050429	 ndcg_5: 0.0428	 ndcg_10: 0.0539	 hit@1:0.018061	 hit@5:0.0665	 hit@10: 0.1004
target: 	 mrr: 0.042438	 ndcg_5: 0.0349	 ndcg_10: 0.0457	 hit@1:0.013931	 hit@5:0.0563	 hit@10: 0.0897
epoch 60: train_loss = 1.880414, source_mrr = 0.050429, source_hit@10 = 0.1004, source_ndcg@10 = 0.0539, target_mrr = 0.042438, target_hit@10 = 0.0897, target_ndcg@10 = 0.0457

2024-08-15 11:17:11.728835: step 10492/13760 (epoch 61/80), loss = 1.871374 (59.470 sec/epoch), lr: 0.001054
Evaluating on dev set...
..................................................................
source: 	 mrr: 0.046164	 ndcg_5: 0.0378	 ndcg_10: 0.0505	 hit@1:0.016160	 hit@5:0.0596	 hit@10: 0.0989
target: 	 mrr: 0.042408	 ndcg_5: 0.0339	 ndcg_10: 0.0453	 hit@1:0.015603	 hit@5:0.0513	 hit@10: 0.0869
epoch 61: train_loss = 1.871374, source_mrr = 0.046164, source_hit@10 = 0.0989, source_ndcg@10 = 0.0505, target_mrr = 0.042408, target_hit@10 = 0.0869, target_ndcg@10 = 0.0453

2024-08-15 11:18:13.539681: step 10664/13760 (epoch 62/80), loss = 1.868591 (60.386 sec/epoch), lr: 0.001001
Evaluating on dev set...
..................................................................
source: 	 mrr: 0.048031	 ndcg_5: 0.0377	 ndcg_10: 0.0497	 hit@1:0.019962	 hit@5:0.0558	 hit@10: 0.0925
target: 	 mrr: 0.042699	 ndcg_5: 0.0343	 ndcg_10: 0.0463	 hit@1:0.015046	 hit@5:0.0529	 hit@10: 0.0906
epoch 62: train_loss = 1.868591, source_mrr = 0.048031, source_hit@10 = 0.0925, source_ndcg@10 = 0.0497, target_mrr = 0.042699, target_hit@10 = 0.0906, target_ndcg@10 = 0.0463

2024-08-15 11:19:14.157546: step 10836/13760 (epoch 63/80), loss = 1.867244 (59.170 sec/epoch), lr: 0.001001
Evaluating on dev set...
..................................................................
source: 	 mrr: 0.043980	 ndcg_5: 0.0369	 ndcg_10: 0.0471	 hit@1:0.015526	 hit@5:0.0583	 hit@10: 0.0900
target: 	 mrr: 0.033081	 ndcg_5: 0.0242	 ndcg_10: 0.0340	 hit@1:0.010309	 hit@5:0.0390	 hit@10: 0.0694
epoch 63: train_loss = 1.867244, source_mrr = 0.043980, source_hit@10 = 0.0900, source_ndcg@10 = 0.0471, target_mrr = 0.033081, target_hit@10 = 0.0694, target_ndcg@10 = 0.0340
early termination of training
source best:  source_mrr = 0.053626, source_hit@10 = 0.1185, source_ndcg@10 = 0.0603
target best:  target_mrr = 0.045119, target_hit@10 = 0.0989, target_ndcg@10 = 0.0500
