using gpu:0 to train the model
using gpu:0 to train the model
cuda:0
Namespace(A_split=False, JK='sum', a_fold=100, aggregate=False, alpha=0.5, batch_size=2048, beta_inter=0.6, conv_layers=4, cuda=True, decay_epoch=10, device=device(type='cuda', index=0), device_id='0', domains='cloth_sport', dropout=0.4, epoch=80, feature_dim=126, gamma_intra=0.8, hidden_dim=126, inter_tau=0.2, intra_tau=0.4, lambda_critic=0.4, leakey=0.05, load=False, log='logs.txt', log_epoch=1, lr=0.004, lr_decay=0.95, min_epoch=60, mode='train', model_file=None, model_name='cs', momentum=0.98, num_latent_factors=3, num_negative=100, optim='adam', patience=20, proj_layers=1, projection=1, rectify_epoch=40, residual=1, save=False, save_dir='./saved_models', seed=32, similarity_tau=0.2, step=5, test_sample_number=999, user_batch_size=256, weight_decay=0.0002)
number_user 41829
number_item 17943
real graph loaded!
number_user 27328
number_item 12655
real graph loaded!
graph loaded!
Loading data from cloth_sport with batch size 2048...
unseen test: 0
test length: 3156
unseen test: 0
test length: 3085
unseen test: 0
test length: 3589
unseen test: 0
test length: 3546
source_user_num 41829
target_user_num 27328
source_item_num 17943
target_item_num 12655
shared users id: 7857
test users 990, 982
unseen test: 0
dev length: 1000
unseen test: 0
dev length: 1000
source train data : 187880, target train data: 163291, source test data : 3085, target test data : 3546, source dev data : 1000, target dev data : 1000
2024-08-15 19:54:45.569401: step 172/13760 (epoch 1/80), loss = 2.926298 (24.238 sec/epoch), lr: 0.004000
Evaluating on dev set...
..................................................................
source: 	 mrr: 0.037537	 ndcg_5: 0.0290	 ndcg_10: 0.0413	 hit@1:0.008555	 hit@5:0.0501	 hit@10: 0.0887
target: 	 mrr: 0.030725	 ndcg_5: 0.0220	 ndcg_10: 0.0294	 hit@1:0.008638	 hit@5:0.0362	 hit@10: 0.0591
source best!
..............................
source: 	 mrr: 0.036917	 ndcg_5: 0.0280	 ndcg_10: 0.0395	 hit@1:0.011345	 hit@5:0.0447	 hit@10: 0.0810
target best!
...................................target: 	 mrr: 0.031017	 ndcg_5: 0.0228	 ndcg_10: 0.0305	 hit@1:0.008178	 hit@5:0.0378	 hit@10: 0.0618
epoch 1: train_loss = 2.926298, source_mrr = 0.036917, source_hit@10 = 0.0810, source_ndcg@10 = 0.0395, target_mrr = 0.031017, target_hit@10 = 0.0618, target_ndcg@10 = 0.0305

2024-08-15 19:55:11.262174: step 344/13760 (epoch 2/80), loss = 2.369264 (24.462 sec/epoch), lr: 0.004000
Evaluating on dev set...
..................................................................
source: 	 mrr: 0.037888	 ndcg_5: 0.0276	 ndcg_10: 0.0395	 hit@1:0.010456	 hit@5:0.0437	 hit@10: 0.0805
target: 	 mrr: 0.036864	 ndcg_5: 0.0281	 ndcg_10: 0.0376	 hit@1:0.013374	 hit@5:0.0443	 hit@10: 0.0738
source best!
..............................
source: 	 mrr: 0.037620	 ndcg_5: 0.0273	 ndcg_10: 0.0376	 hit@1:0.012966	 hit@5:0.0415	 hit@10: 0.0736
target best!
...................................target: 	 mrr: 0.037518	 ndcg_5: 0.0297	 ndcg_10: 0.0401	 hit@1:0.010998	 hit@5:0.0474	 hit@10: 0.0792
epoch 2: train_loss = 2.369264, source_mrr = 0.037620, source_hit@10 = 0.0736, source_ndcg@10 = 0.0376, target_mrr = 0.037518, target_hit@10 = 0.0792, target_ndcg@10 = 0.0401

2024-08-15 19:55:36.955536: step 516/13760 (epoch 3/80), loss = 2.142119 (24.481 sec/epoch), lr: 0.004000
Evaluating on dev set...
..................................................................
source: 	 mrr: 0.031532	 ndcg_5: 0.0248	 ndcg_10: 0.0317	 hit@1:0.006971	 hit@5:0.0431	 hit@10: 0.0646
target: 	 mrr: 0.039222	 ndcg_5: 0.0315	 ndcg_10: 0.0413	 hit@1:0.013931	 hit@5:0.0496	 hit@10: 0.0805
target best!
...................................target: 	 mrr: 0.037689	 ndcg_5: 0.0297	 ndcg_10: 0.0397	 hit@1:0.012408	 hit@5:0.0479	 hit@10: 0.0792
epoch 3: train_loss = 2.142119, source_mrr = 0.031532, source_hit@10 = 0.0646, source_ndcg@10 = 0.0317, target_mrr = 0.037689, target_hit@10 = 0.0792, target_ndcg@10 = 0.0397

2024-08-15 19:56:02.444832: step 688/13760 (epoch 4/80), loss = 2.068402 (24.542 sec/epoch), lr: 0.004000
Evaluating on dev set...
..................................................................
source: 	 mrr: 0.033498	 ndcg_5: 0.0262	 ndcg_10: 0.0330	 hit@1:0.013625	 hit@5:0.0387	 hit@10: 0.0596
target: 	 mrr: 0.032630	 ndcg_5: 0.0244	 ndcg_10: 0.0339	 hit@1:0.007244	 hit@5:0.0421	 hit@10: 0.0716
epoch 4: train_loss = 2.068402, source_mrr = 0.033498, source_hit@10 = 0.0596, source_ndcg@10 = 0.0330, target_mrr = 0.032630, target_hit@10 = 0.0716, target_ndcg@10 = 0.0339

2024-08-15 19:56:27.285256: step 860/13760 (epoch 5/80), loss = 2.032480 (24.187 sec/epoch), lr: 0.004000
Evaluating on dev set...
..................................................................
source: 	 mrr: 0.028439	 ndcg_5: 0.0205	 ndcg_10: 0.0283	 hit@1:0.007288	 hit@5:0.0342	 hit@10: 0.0589
target: 	 mrr: 0.039254	 ndcg_5: 0.0315	 ndcg_10: 0.0406	 hit@1:0.016160	 hit@5:0.0485	 hit@10: 0.0775
target best!
...................................target: 	 mrr: 0.035918	 ndcg_5: 0.0278	 ndcg_10: 0.0360	 hit@1:0.012972	 hit@5:0.0434	 hit@10: 0.0691
epoch 5: train_loss = 2.032480, source_mrr = 0.028439, source_hit@10 = 0.0589, source_ndcg@10 = 0.0283, target_mrr = 0.035918, target_hit@10 = 0.0691, target_ndcg@10 = 0.0360

2024-08-15 19:56:52.479452: step 1032/13760 (epoch 6/80), loss = 2.010761 (24.223 sec/epoch), lr: 0.004000
Evaluating on dev set...
..................................................................
source: 	 mrr: 0.040129	 ndcg_5: 0.0298	 ndcg_10: 0.0429	 hit@1:0.014259	 hit@5:0.0463	 hit@10: 0.0878
target: 	 mrr: 0.034532	 ndcg_5: 0.0266	 ndcg_10: 0.0374	 hit@1:0.010588	 hit@5:0.0440	 hit@10: 0.0775
source best!
..............................
source: 	 mrr: 0.036949	 ndcg_5: 0.0255	 ndcg_10: 0.0398	 hit@1:0.011669	 hit@5:0.0395	 hit@10: 0.0843
epoch 6: train_loss = 2.010761, source_mrr = 0.036949, source_hit@10 = 0.0843, source_ndcg@10 = 0.0398, target_mrr = 0.034532, target_hit@10 = 0.0775, target_ndcg@10 = 0.0374

2024-08-15 19:57:17.761870: step 1204/13760 (epoch 7/80), loss = 1.991353 (24.356 sec/epoch), lr: 0.004000
Evaluating on dev set...
..................................................................
source: 	 mrr: 0.045133	 ndcg_5: 0.0345	 ndcg_10: 0.0492	 hit@1:0.014892	 hit@5:0.0539	 hit@10: 0.0995
target: 	 mrr: 0.030650	 ndcg_5: 0.0242	 ndcg_10: 0.0307	 hit@1:0.009473	 hit@5:0.0393	 hit@10: 0.0596
source best!
..............................
source: 	 mrr: 0.039878	 ndcg_5: 0.0299	 ndcg_10: 0.0407	 hit@1:0.013290	 hit@5:0.0473	 hit@10: 0.0810
epoch 7: train_loss = 1.991353, source_mrr = 0.039878, source_hit@10 = 0.0810, source_ndcg@10 = 0.0407, target_mrr = 0.030650, target_hit@10 = 0.0596, target_ndcg@10 = 0.0307

2024-08-15 19:57:43.033716: step 1376/13760 (epoch 8/80), loss = 1.970759 (24.316 sec/epoch), lr: 0.004000
Evaluating on dev set...
..................................................................
source: 	 mrr: 0.041483	 ndcg_5: 0.0338	 ndcg_10: 0.0442	 hit@1:0.013308	 hit@5:0.0539	 hit@10: 0.0865
target: 	 mrr: 0.036251	 ndcg_5: 0.0280	 ndcg_10: 0.0381	 hit@1:0.009752	 hit@5:0.0474	 hit@10: 0.0786
epoch 8: train_loss = 1.970759, source_mrr = 0.041483, source_hit@10 = 0.0865, source_ndcg@10 = 0.0442, target_mrr = 0.036251, target_hit@10 = 0.0786, target_ndcg@10 = 0.0381

2024-08-15 19:58:08.249141: step 1548/13760 (epoch 9/80), loss = 1.959805 (24.526 sec/epoch), lr: 0.004000
Evaluating on dev set...
..................................................................
source: 	 mrr: 0.043436	 ndcg_5: 0.0353	 ndcg_10: 0.0479	 hit@1:0.012991	 hit@5:0.0583	 hit@10: 0.0973
target: 	 mrr: 0.037231	 ndcg_5: 0.0283	 ndcg_10: 0.0393	 hit@1:0.012260	 hit@5:0.0457	 hit@10: 0.0802
epoch 9: train_loss = 1.959805, source_mrr = 0.043436, source_hit@10 = 0.0973, source_ndcg@10 = 0.0479, target_mrr = 0.037231, target_hit@10 = 0.0802, target_ndcg@10 = 0.0393

2024-08-15 19:58:33.023353: step 1720/13760 (epoch 10/80), loss = 1.948715 (24.120 sec/epoch), lr: 0.004000
Evaluating on dev set...
..................................................................
source: 	 mrr: 0.043741	 ndcg_5: 0.0331	 ndcg_10: 0.0469	 hit@1:0.016793	 hit@5:0.0494	 hit@10: 0.0925
target: 	 mrr: 0.020417	 ndcg_5: 0.0146	 ndcg_10: 0.0204	 hit@1:0.005573	 hit@5:0.0228	 hit@10: 0.0410
epoch 10: train_loss = 1.948715, source_mrr = 0.043741, source_hit@10 = 0.0925, source_ndcg@10 = 0.0469, target_mrr = 0.020417, target_hit@10 = 0.0410, target_ndcg@10 = 0.0204

2024-08-15 19:58:58.283901: step 1892/13760 (epoch 11/80), loss = 1.927151 (24.600 sec/epoch), lr: 0.004000
Evaluating on dev set...
..................................................................
source: 	 mrr: 0.034996	 ndcg_5: 0.0261	 ndcg_10: 0.0338	 hit@1:0.013625	 hit@5:0.0377	 hit@10: 0.0618
target: 	 mrr: 0.039268	 ndcg_5: 0.0295	 ndcg_10: 0.0411	 hit@1:0.013931	 hit@5:0.0446	 hit@10: 0.0811
target best!
...................................target: 	 mrr: 0.039539	 ndcg_5: 0.0312	 ndcg_10: 0.0417	 hit@1:0.014382	 hit@5:0.0488	 hit@10: 0.0821
epoch 11: train_loss = 1.927151, source_mrr = 0.034996, source_hit@10 = 0.0618, source_ndcg@10 = 0.0338, target_mrr = 0.039539, target_hit@10 = 0.0821, target_ndcg@10 = 0.0417

2024-08-15 19:59:23.905722: step 2064/13760 (epoch 12/80), loss = 1.911128 (24.678 sec/epoch), lr: 0.004000
Evaluating on dev set...
..................................................................
source: 	 mrr: 0.043504	 ndcg_5: 0.0361	 ndcg_10: 0.0469	 hit@1:0.013625	 hit@5:0.0583	 hit@10: 0.0919
target: 	 mrr: 0.035250	 ndcg_5: 0.0260	 ndcg_10: 0.0358	 hit@1:0.010309	 hit@5:0.0424	 hit@10: 0.0730
epoch 12: train_loss = 1.911128, source_mrr = 0.043504, source_hit@10 = 0.0919, source_ndcg@10 = 0.0469, target_mrr = 0.035250, target_hit@10 = 0.0730, target_ndcg@10 = 0.0358

2024-08-15 19:59:48.858923: step 2236/13760 (epoch 13/80), loss = 1.899656 (24.312 sec/epoch), lr: 0.004000
Evaluating on dev set...
..................................................................
source: 	 mrr: 0.037531	 ndcg_5: 0.0279	 ndcg_10: 0.0383	 hit@1:0.011724	 hit@5:0.0447	 hit@10: 0.0767
target: 	 mrr: 0.028677	 ndcg_5: 0.0209	 ndcg_10: 0.0287	 hit@1:0.007523	 hit@5:0.0343	 hit@10: 0.0588
epoch 13: train_loss = 1.899656, source_mrr = 0.037531, source_hit@10 = 0.0767, source_ndcg@10 = 0.0383, target_mrr = 0.028677, target_hit@10 = 0.0588, target_ndcg@10 = 0.0287

2024-08-15 20:00:13.779956: step 2408/13760 (epoch 14/80), loss = 1.882722 (24.281 sec/epoch), lr: 0.003800
Evaluating on dev set...
..................................................................
source: 	 mrr: 0.043636	 ndcg_5: 0.0338	 ndcg_10: 0.0464	 hit@1:0.014892	 hit@5:0.0526	 hit@10: 0.0919
target: 	 mrr: 0.037987	 ndcg_5: 0.0284	 ndcg_10: 0.0415	 hit@1:0.011145	 hit@5:0.0463	 hit@10: 0.0869
epoch 14: train_loss = 1.882722, source_mrr = 0.043636, source_hit@10 = 0.0919, source_ndcg@10 = 0.0464, target_mrr = 0.037987, target_hit@10 = 0.0869, target_ndcg@10 = 0.0415

2024-08-15 20:00:38.990499: step 2580/13760 (epoch 15/80), loss = 1.876989 (24.565 sec/epoch), lr: 0.003800
Evaluating on dev set...
..................................................................
source: 	 mrr: 0.047669	 ndcg_5: 0.0382	 ndcg_10: 0.0509	 hit@1:0.018061	 hit@5:0.0577	 hit@10: 0.0976
target: 	 mrr: 0.029503	 ndcg_5: 0.0222	 ndcg_10: 0.0296	 hit@1:0.008080	 hit@5:0.0365	 hit@10: 0.0596
source best!
..............................
source: 	 mrr: 0.045627	 ndcg_5: 0.0377	 ndcg_10: 0.0475	 hit@1:0.017828	 hit@5:0.0577	 hit@10: 0.0885
epoch 15: train_loss = 1.876989, source_mrr = 0.045627, source_hit@10 = 0.0885, source_ndcg@10 = 0.0475, target_mrr = 0.029503, target_hit@10 = 0.0596, target_ndcg@10 = 0.0296

2024-08-15 20:01:04.575056: step 2752/13760 (epoch 16/80), loss = 1.864178 (24.674 sec/epoch), lr: 0.003610
Evaluating on dev set...
..................................................................
source: 	 mrr: 0.040061	 ndcg_5: 0.0312	 ndcg_10: 0.0422	 hit@1:0.014259	 hit@5:0.0494	 hit@10: 0.0837
target: 	 mrr: 0.029060	 ndcg_5: 0.0202	 ndcg_10: 0.0291	 hit@1:0.008359	 hit@5:0.0320	 hit@10: 0.0602
epoch 16: train_loss = 1.864178, source_mrr = 0.040061, source_hit@10 = 0.0837, source_ndcg@10 = 0.0422, target_mrr = 0.029060, target_hit@10 = 0.0602, target_ndcg@10 = 0.0291

2024-08-15 20:01:29.895192: step 2924/13760 (epoch 17/80), loss = 1.849245 (24.670 sec/epoch), lr: 0.003429
Evaluating on dev set...
..................................................................
source: 	 mrr: 0.035675	 ndcg_5: 0.0274	 ndcg_10: 0.0355	 hit@1:0.012357	 hit@5:0.0425	 hit@10: 0.0678
target: 	 mrr: 0.036821	 ndcg_5: 0.0294	 ndcg_10: 0.0401	 hit@1:0.010867	 hit@5:0.0490	 hit@10: 0.0825
epoch 17: train_loss = 1.849245, source_mrr = 0.035675, source_hit@10 = 0.0678, source_ndcg@10 = 0.0355, target_mrr = 0.036821, target_hit@10 = 0.0825, target_ndcg@10 = 0.0401

2024-08-15 20:01:55.334084: step 3096/13760 (epoch 18/80), loss = 1.846377 (24.744 sec/epoch), lr: 0.003429
Evaluating on dev set...
..................................................................
source: 	 mrr: 0.045358	 ndcg_5: 0.0346	 ndcg_10: 0.0490	 hit@1:0.017427	 hit@5:0.0523	 hit@10: 0.0973
target: 	 mrr: 0.040075	 ndcg_5: 0.0323	 ndcg_10: 0.0409	 hit@1:0.014489	 hit@5:0.0504	 hit@10: 0.0775
target best!
...................................target: 	 mrr: 0.038732	 ndcg_5: 0.0296	 ndcg_10: 0.0403	 hit@1:0.012408	 hit@5:0.0462	 hit@10: 0.0795
epoch 18: train_loss = 1.846377, source_mrr = 0.045358, source_hit@10 = 0.0973, source_ndcg@10 = 0.0490, target_mrr = 0.038732, target_hit@10 = 0.0795, target_ndcg@10 = 0.0403

2024-08-15 20:02:20.773879: step 3268/13760 (epoch 19/80), loss = 1.841172 (24.486 sec/epoch), lr: 0.003429
Evaluating on dev set...
..................................................................
source: 	 mrr: 0.039202	 ndcg_5: 0.0307	 ndcg_10: 0.0409	 hit@1:0.014259	 hit@5:0.0482	 hit@10: 0.0802
target: 	 mrr: 0.037131	 ndcg_5: 0.0295	 ndcg_10: 0.0381	 hit@1:0.012260	 hit@5:0.0474	 hit@10: 0.0747
epoch 19: train_loss = 1.841172, source_mrr = 0.039202, source_hit@10 = 0.0802, source_ndcg@10 = 0.0409, target_mrr = 0.037131, target_hit@10 = 0.0747, target_ndcg@10 = 0.0381

2024-08-15 20:02:46.036942: step 3440/13760 (epoch 20/80), loss = 1.831295 (24.540 sec/epoch), lr: 0.003258
Evaluating on dev set...
..................................................................
source: 	 mrr: 0.044894	 ndcg_5: 0.0377	 ndcg_10: 0.0471	 hit@1:0.017110	 hit@5:0.0589	 hit@10: 0.0878
target: 	 mrr: 0.035822	 ndcg_5: 0.0262	 ndcg_10: 0.0359	 hit@1:0.011424	 hit@5:0.0412	 hit@10: 0.0713
epoch 20: train_loss = 1.831295, source_mrr = 0.044894, source_hit@10 = 0.0878, source_ndcg@10 = 0.0471, target_mrr = 0.035822, target_hit@10 = 0.0713, target_ndcg@10 = 0.0359

2024-08-15 20:03:11.205049: step 3612/13760 (epoch 21/80), loss = 1.829363 (24.519 sec/epoch), lr: 0.003258
Evaluating on dev set...
..................................................................
source: 	 mrr: 0.043957	 ndcg_5: 0.0345	 ndcg_10: 0.0468	 hit@1:0.015843	 hit@5:0.0535	 hit@10: 0.0916
target: 	 mrr: 0.038549	 ndcg_5: 0.0307	 ndcg_10: 0.0405	 hit@1:0.012817	 hit@5:0.0488	 hit@10: 0.0797
epoch 21: train_loss = 1.829363, source_mrr = 0.043957, source_hit@10 = 0.0916, source_ndcg@10 = 0.0468, target_mrr = 0.038549, target_hit@10 = 0.0797, target_ndcg@10 = 0.0405

2024-08-15 20:03:35.859956: step 3784/13760 (epoch 22/80), loss = 1.824339 (24.003 sec/epoch), lr: 0.003258
Evaluating on dev set...
..................................................................
source: 	 mrr: 0.038323	 ndcg_5: 0.0294	 ndcg_10: 0.0400	 hit@1:0.010773	 hit@5:0.0472	 hit@10: 0.0805
target: 	 mrr: 0.037583	 ndcg_5: 0.0300	 ndcg_10: 0.0397	 hit@1:0.011702	 hit@5:0.0493	 hit@10: 0.0800
epoch 22: train_loss = 1.824339, source_mrr = 0.038323, source_hit@10 = 0.0805, source_ndcg@10 = 0.0400, target_mrr = 0.037583, target_hit@10 = 0.0800, target_ndcg@10 = 0.0397

2024-08-15 20:04:00.764652: step 3956/13760 (epoch 23/80), loss = 1.813641 (24.235 sec/epoch), lr: 0.003095
Evaluating on dev set...
..................................................................
source: 	 mrr: 0.038583	 ndcg_5: 0.0285	 ndcg_10: 0.0416	 hit@1:0.012041	 hit@5:0.0450	 hit@10: 0.0859
target: 	 mrr: 0.034810	 ndcg_5: 0.0259	 ndcg_10: 0.0355	 hit@1:0.011424	 hit@5:0.0410	 hit@10: 0.0708
epoch 23: train_loss = 1.813641, source_mrr = 0.038583, source_hit@10 = 0.0859, source_ndcg@10 = 0.0416, target_mrr = 0.034810, target_hit@10 = 0.0708, target_ndcg@10 = 0.0355

2024-08-15 20:04:25.638687: step 4128/13760 (epoch 24/80), loss = 1.801749 (24.229 sec/epoch), lr: 0.002940
Evaluating on dev set...
..................................................................
source: 	 mrr: 0.044075	 ndcg_5: 0.0360	 ndcg_10: 0.0473	 hit@1:0.014259	 hit@5:0.0574	 hit@10: 0.0932
target: 	 mrr: 0.032923	 ndcg_5: 0.0240	 ndcg_10: 0.0351	 hit@1:0.008359	 hit@5:0.0398	 hit@10: 0.0744
epoch 24: train_loss = 1.801749, source_mrr = 0.044075, source_hit@10 = 0.0932, source_ndcg@10 = 0.0473, target_mrr = 0.032923, target_hit@10 = 0.0744, target_ndcg@10 = 0.0351

2024-08-15 20:04:50.978109: step 4300/13760 (epoch 25/80), loss = 1.800318 (24.684 sec/epoch), lr: 0.002940
Evaluating on dev set...
..................................................................
source: 	 mrr: 0.043868	 ndcg_5: 0.0364	 ndcg_10: 0.0471	 hit@1:0.015209	 hit@5:0.0574	 hit@10: 0.0906
target: 	 mrr: 0.036600	 ndcg_5: 0.0283	 ndcg_10: 0.0386	 hit@1:0.011145	 hit@5:0.0468	 hit@10: 0.0794
epoch 25: train_loss = 1.800318, source_mrr = 0.043868, source_hit@10 = 0.0906, source_ndcg@10 = 0.0471, target_mrr = 0.036600, target_hit@10 = 0.0794, target_ndcg@10 = 0.0386

2024-08-15 20:05:16.208274: step 4472/13760 (epoch 26/80), loss = 1.797325 (24.572 sec/epoch), lr: 0.002940
Evaluating on dev set...
..................................................................
source: 	 mrr: 0.047070	 ndcg_5: 0.0384	 ndcg_10: 0.0512	 hit@1:0.018695	 hit@5:0.0589	 hit@10: 0.0985
target: 	 mrr: 0.033167	 ndcg_5: 0.0269	 ndcg_10: 0.0341	 hit@1:0.012260	 hit@5:0.0418	 hit@10: 0.0644
epoch 26: train_loss = 1.797325, source_mrr = 0.047070, source_hit@10 = 0.0985, source_ndcg@10 = 0.0512, target_mrr = 0.033167, target_hit@10 = 0.0644, target_ndcg@10 = 0.0341

2024-08-15 20:05:41.475614: step 4644/13760 (epoch 27/80), loss = 1.778552 (24.619 sec/epoch), lr: 0.002793
Evaluating on dev set...
..................................................................
source: 	 mrr: 0.043943	 ndcg_5: 0.0345	 ndcg_10: 0.0461	 hit@1:0.014575	 hit@5:0.0542	 hit@10: 0.0900
target: 	 mrr: 0.037554	 ndcg_5: 0.0299	 ndcg_10: 0.0409	 hit@1:0.011981	 hit@5:0.0476	 hit@10: 0.0822
epoch 27: train_loss = 1.778552, source_mrr = 0.043943, source_hit@10 = 0.0900, source_ndcg@10 = 0.0461, target_mrr = 0.037554, target_hit@10 = 0.0822, target_ndcg@10 = 0.0409

2024-08-15 20:06:06.799515: step 4816/13760 (epoch 28/80), loss = 1.777148 (24.679 sec/epoch), lr: 0.002793
Evaluating on dev set...
..................................................................
source: 	 mrr: 0.045539	 ndcg_5: 0.0362	 ndcg_10: 0.0494	 hit@1:0.015526	 hit@5:0.0570	 hit@10: 0.0979
target: 	 mrr: 0.034402	 ndcg_5: 0.0266	 ndcg_10: 0.0356	 hit@1:0.010031	 hit@5:0.0437	 hit@10: 0.0716
epoch 28: train_loss = 1.777148, source_mrr = 0.045539, source_hit@10 = 0.0979, source_ndcg@10 = 0.0494, target_mrr = 0.034402, target_hit@10 = 0.0716, target_ndcg@10 = 0.0356

2024-08-15 20:06:31.791622: step 4988/13760 (epoch 29/80), loss = 1.768410 (24.347 sec/epoch), lr: 0.002654
Evaluating on dev set...
..................................................................
source: 	 mrr: 0.045358	 ndcg_5: 0.0369	 ndcg_10: 0.0498	 hit@1:0.014892	 hit@5:0.0599	 hit@10: 0.1001
target: 	 mrr: 0.035834	 ndcg_5: 0.0278	 ndcg_10: 0.0383	 hit@1:0.009473	 hit@5:0.0457	 hit@10: 0.0780
epoch 29: train_loss = 1.768410, source_mrr = 0.045358, source_hit@10 = 0.1001, source_ndcg@10 = 0.0498, target_mrr = 0.035834, target_hit@10 = 0.0780, target_ndcg@10 = 0.0383

2024-08-15 20:06:56.939390: step 5160/13760 (epoch 30/80), loss = 1.766153 (24.505 sec/epoch), lr: 0.002654
Evaluating on dev set...
..................................................................
source: 	 mrr: 0.046412	 ndcg_5: 0.0373	 ndcg_10: 0.0494	 hit@1:0.017744	 hit@5:0.0574	 hit@10: 0.0951
target: 	 mrr: 0.034944	 ndcg_5: 0.0274	 ndcg_10: 0.0372	 hit@1:0.008916	 hit@5:0.0474	 hit@10: 0.0777
epoch 30: train_loss = 1.766153, source_mrr = 0.046412, source_hit@10 = 0.0951, source_ndcg@10 = 0.0494, target_mrr = 0.034944, target_hit@10 = 0.0777, target_ndcg@10 = 0.0372

2024-08-15 20:07:22.519859: step 5332/13760 (epoch 31/80), loss = 1.761592 (24.929 sec/epoch), lr: 0.002654
Evaluating on dev set...
..................................................................
source: 	 mrr: 0.041715	 ndcg_5: 0.0317	 ndcg_10: 0.0432	 hit@1:0.013942	 hit@5:0.0501	 hit@10: 0.0856
target: 	 mrr: 0.034977	 ndcg_5: 0.0271	 ndcg_10: 0.0382	 hit@1:0.009752	 hit@5:0.0443	 hit@10: 0.0786
epoch 31: train_loss = 1.761592, source_mrr = 0.041715, source_hit@10 = 0.0856, source_ndcg@10 = 0.0432, target_mrr = 0.034977, target_hit@10 = 0.0786, target_ndcg@10 = 0.0382

2024-08-15 20:07:47.486050: step 5504/13760 (epoch 32/80), loss = 1.749834 (24.322 sec/epoch), lr: 0.002521
Evaluating on dev set...
..................................................................
source: 	 mrr: 0.043294	 ndcg_5: 0.0352	 ndcg_10: 0.0445	 hit@1:0.016793	 hit@5:0.0551	 hit@10: 0.0843
target: 	 mrr: 0.034276	 ndcg_5: 0.0274	 ndcg_10: 0.0361	 hit@1:0.007802	 hit@5:0.0485	 hit@10: 0.0758
epoch 32: train_loss = 1.749834, source_mrr = 0.043294, source_hit@10 = 0.0843, source_ndcg@10 = 0.0445, target_mrr = 0.034276, target_hit@10 = 0.0758, target_ndcg@10 = 0.0361

2024-08-15 20:08:12.844748: step 5676/13760 (epoch 33/80), loss = 1.746499 (24.710 sec/epoch), lr: 0.002521
Evaluating on dev set...
..................................................................
source: 	 mrr: 0.044573	 ndcg_5: 0.0360	 ndcg_10: 0.0486	 hit@1:0.013942	 hit@5:0.0593	 hit@10: 0.0989
target: 	 mrr: 0.034840	 ndcg_5: 0.0270	 ndcg_10: 0.0365	 hit@1:0.010031	 hit@5:0.0437	 hit@10: 0.0733
epoch 33: train_loss = 1.746499, source_mrr = 0.044573, source_hit@10 = 0.0989, source_ndcg@10 = 0.0486, target_mrr = 0.034840, target_hit@10 = 0.0733, target_ndcg@10 = 0.0365

2024-08-15 20:08:38.157560: step 5848/13760 (epoch 34/80), loss = 1.748813 (24.647 sec/epoch), lr: 0.002521
Evaluating on dev set...
..................................................................
source: 	 mrr: 0.039974	 ndcg_5: 0.0307	 ndcg_10: 0.0414	 hit@1:0.012991	 hit@5:0.0485	 hit@10: 0.0817
target: 	 mrr: 0.029986	 ndcg_5: 0.0229	 ndcg_10: 0.0309	 hit@1:0.007802	 hit@5:0.0379	 hit@10: 0.0630
epoch 34: train_loss = 1.748813, source_mrr = 0.039974, source_hit@10 = 0.0817, source_ndcg@10 = 0.0414, target_mrr = 0.029986, target_hit@10 = 0.0630, target_ndcg@10 = 0.0309

2024-08-15 20:09:03.083713: step 6020/13760 (epoch 35/80), loss = 1.734849 (24.274 sec/epoch), lr: 0.002395
Evaluating on dev set...
..................................................................
source: 	 mrr: 0.045627	 ndcg_5: 0.0368	 ndcg_10: 0.0482	 hit@1:0.014892	 hit@5:0.0586	 hit@10: 0.0941
target: 	 mrr: 0.032926	 ndcg_5: 0.0264	 ndcg_10: 0.0351	 hit@1:0.008080	 hit@5:0.0449	 hit@10: 0.0724
epoch 35: train_loss = 1.734849, source_mrr = 0.045627, source_hit@10 = 0.0941, source_ndcg@10 = 0.0482, target_mrr = 0.032926, target_hit@10 = 0.0724, target_ndcg@10 = 0.0351

2024-08-15 20:09:28.024819: step 6192/13760 (epoch 36/80), loss = 1.733847 (24.275 sec/epoch), lr: 0.002395
Evaluating on dev set...
..................................................................
source: 	 mrr: 0.044206	 ndcg_5: 0.0351	 ndcg_10: 0.0468	 hit@1:0.017110	 hit@5:0.0532	 hit@10: 0.0890
target: 	 mrr: 0.039151	 ndcg_5: 0.0308	 ndcg_10: 0.0407	 hit@1:0.015325	 hit@5:0.0474	 hit@10: 0.0789
epoch 36: train_loss = 1.733847, source_mrr = 0.044206, source_hit@10 = 0.0890, source_ndcg@10 = 0.0468, target_mrr = 0.039151, target_hit@10 = 0.0789, target_ndcg@10 = 0.0407

2024-08-15 20:09:53.052168: step 6364/13760 (epoch 37/80), loss = 1.730191 (24.389 sec/epoch), lr: 0.002395
Evaluating on dev set...
..................................................................
source: 	 mrr: 0.042011	 ndcg_5: 0.0324	 ndcg_10: 0.0428	 hit@1:0.015209	 hit@5:0.0497	 hit@10: 0.0821
target: 	 mrr: 0.033709	 ndcg_5: 0.0268	 ndcg_10: 0.0357	 hit@1:0.010588	 hit@5:0.0429	 hit@10: 0.0708
epoch 37: train_loss = 1.730191, source_mrr = 0.042011, source_hit@10 = 0.0821, source_ndcg@10 = 0.0428, target_mrr = 0.033709, target_hit@10 = 0.0708, target_ndcg@10 = 0.0357

2024-08-15 20:10:18.021022: step 6536/13760 (epoch 38/80), loss = 1.723123 (24.329 sec/epoch), lr: 0.002275
Evaluating on dev set...
..................................................................
source: 	 mrr: 0.039934	 ndcg_5: 0.0307	 ndcg_10: 0.0416	 hit@1:0.013942	 hit@5:0.0475	 hit@10: 0.0821
target: 	 mrr: 0.030042	 ndcg_5: 0.0231	 ndcg_10: 0.0318	 hit@1:0.008916	 hit@5:0.0379	 hit@10: 0.0649
epoch 38: train_loss = 1.723123, source_mrr = 0.039934, source_hit@10 = 0.0821, source_ndcg@10 = 0.0416, target_mrr = 0.030042, target_hit@10 = 0.0649, target_ndcg@10 = 0.0318

2024-08-15 20:10:43.505258: step 6708/13760 (epoch 39/80), loss = 1.715689 (24.806 sec/epoch), lr: 0.002161
Evaluating on dev set...
..................................................................
source: 	 mrr: 0.040763	 ndcg_5: 0.0323	 ndcg_10: 0.0433	 hit@1:0.013942	 hit@5:0.0516	 hit@10: 0.0859
target: 	 mrr: 0.038537	 ndcg_5: 0.0295	 ndcg_10: 0.0400	 hit@1:0.012538	 hit@5:0.0463	 hit@10: 0.0789
epoch 39: train_loss = 1.715689, source_mrr = 0.040763, source_hit@10 = 0.0859, source_ndcg@10 = 0.0433, target_mrr = 0.038537, target_hit@10 = 0.0789, target_ndcg@10 = 0.0400

2024-08-15 20:11:08.752872: step 6880/13760 (epoch 40/80), loss = 1.712886 (24.604 sec/epoch), lr: 0.002161
Evaluating on dev set...
..................................................................
source: 	 mrr: 0.050189	 ndcg_5: 0.0421	 ndcg_10: 0.0548	 hit@1:0.018695	 hit@5:0.0662	 hit@10: 0.1058
target: 	 mrr: 0.035008	 ndcg_5: 0.0260	 ndcg_10: 0.0372	 hit@1:0.009473	 hit@5:0.0440	 hit@10: 0.0786
source best!
..............................
source: 	 mrr: 0.047728	 ndcg_5: 0.0385	 ndcg_10: 0.0500	 hit@1:0.019125	 hit@5:0.0590	 hit@10: 0.0943
epoch 40: train_loss = 1.712886, source_mrr = 0.047728, source_hit@10 = 0.0943, source_ndcg@10 = 0.0500, target_mrr = 0.035008, target_hit@10 = 0.0786, target_ndcg@10 = 0.0372
shift to transfer learning mode

2024-08-15 20:11:34.571639: step 7052/13760 (epoch 41/80), loss = 1.957575 (24.894 sec/epoch), lr: 0.002161
Evaluating on dev set...
..................................................................
source: 	 mrr: 0.045229	 ndcg_5: 0.0367	 ndcg_10: 0.0483	 hit@1:0.016477	 hit@5:0.0570	 hit@10: 0.0932
target: 	 mrr: 0.036404	 ndcg_5: 0.0288	 ndcg_10: 0.0399	 hit@1:0.010309	 hit@5:0.0474	 hit@10: 0.0822
epoch 41: train_loss = 1.957575, source_mrr = 0.045229, source_hit@10 = 0.0932, source_ndcg@10 = 0.0483, target_mrr = 0.036404, target_hit@10 = 0.0822, target_ndcg@10 = 0.0399

2024-08-15 20:12:00.354372: step 7224/13760 (epoch 42/80), loss = 1.965725 (25.136 sec/epoch), lr: 0.002053
Evaluating on dev set...
..................................................................
source: 	 mrr: 0.043780	 ndcg_5: 0.0344	 ndcg_10: 0.0464	 hit@1:0.018061	 hit@5:0.0516	 hit@10: 0.0887
target: 	 mrr: 0.035126	 ndcg_5: 0.0284	 ndcg_10: 0.0376	 hit@1:0.011981	 hit@5:0.0454	 hit@10: 0.0736
epoch 42: train_loss = 1.965725, source_mrr = 0.043780, source_hit@10 = 0.0887, source_ndcg@10 = 0.0464, target_mrr = 0.035126, target_hit@10 = 0.0736, target_ndcg@10 = 0.0376

2024-08-15 20:12:25.653249: step 7396/13760 (epoch 43/80), loss = 1.966153 (24.650 sec/epoch), lr: 0.001951
Evaluating on dev set...
..................................................................
source: 	 mrr: 0.049818	 ndcg_5: 0.0418	 ndcg_10: 0.0535	 hit@1:0.017744	 hit@5:0.0656	 hit@10: 0.1014
target: 	 mrr: 0.038436	 ndcg_5: 0.0296	 ndcg_10: 0.0408	 hit@1:0.013096	 hit@5:0.0463	 hit@10: 0.0811
epoch 43: train_loss = 1.966153, source_mrr = 0.049818, source_hit@10 = 0.1014, source_ndcg@10 = 0.0535, target_mrr = 0.038436, target_hit@10 = 0.0811, target_ndcg@10 = 0.0408

2024-08-15 20:12:51.313540: step 7568/13760 (epoch 44/80), loss = 1.969763 (25.007 sec/epoch), lr: 0.001951
Evaluating on dev set...
..................................................................
source: 	 mrr: 0.040812	 ndcg_5: 0.0318	 ndcg_10: 0.0420	 hit@1:0.012991	 hit@5:0.0504	 hit@10: 0.0821
target: 	 mrr: 0.039229	 ndcg_5: 0.0302	 ndcg_10: 0.0408	 hit@1:0.012538	 hit@5:0.0482	 hit@10: 0.0811
epoch 44: train_loss = 1.969763, source_mrr = 0.040812, source_hit@10 = 0.0821, source_ndcg@10 = 0.0420, target_mrr = 0.039229, target_hit@10 = 0.0811, target_ndcg@10 = 0.0408

2024-08-15 20:13:17.023400: step 7740/13760 (epoch 45/80), loss = 1.962067 (25.038 sec/epoch), lr: 0.001853
Evaluating on dev set...
..................................................................
source: 	 mrr: 0.038392	 ndcg_5: 0.0285	 ndcg_10: 0.0387	 hit@1:0.012041	 hit@5:0.0440	 hit@10: 0.0760
target: 	 mrr: 0.036764	 ndcg_5: 0.0282	 ndcg_10: 0.0406	 hit@1:0.009752	 hit@5:0.0471	 hit@10: 0.0858
epoch 45: train_loss = 1.962067, source_mrr = 0.038392, source_hit@10 = 0.0760, source_ndcg@10 = 0.0387, target_mrr = 0.036764, target_hit@10 = 0.0858, target_ndcg@10 = 0.0406

2024-08-15 20:13:42.748437: step 7912/13760 (epoch 46/80), loss = 1.957861 (25.078 sec/epoch), lr: 0.001761
Evaluating on dev set...
..................................................................
source: 	 mrr: 0.034429	 ndcg_5: 0.0256	 ndcg_10: 0.0353	 hit@1:0.011090	 hit@5:0.0412	 hit@10: 0.0710
target: 	 mrr: 0.041050	 ndcg_5: 0.0338	 ndcg_10: 0.0431	 hit@1:0.016996	 hit@5:0.0521	 hit@10: 0.0811
target best!
...................................target: 	 mrr: 0.036910	 ndcg_5: 0.0288	 ndcg_10: 0.0389	 hit@1:0.013818	 hit@5:0.0443	 hit@10: 0.0753
epoch 46: train_loss = 1.957861, source_mrr = 0.034429, source_hit@10 = 0.0710, source_ndcg@10 = 0.0353, target_mrr = 0.036910, target_hit@10 = 0.0753, target_ndcg@10 = 0.0389

2024-08-15 20:14:08.409884: step 8084/13760 (epoch 47/80), loss = 1.957433 (24.685 sec/epoch), lr: 0.001761
Evaluating on dev set...
..................................................................
source: 	 mrr: 0.042413	 ndcg_5: 0.0347	 ndcg_10: 0.0453	 hit@1:0.012991	 hit@5:0.0564	 hit@10: 0.0894
target: 	 mrr: 0.035442	 ndcg_5: 0.0287	 ndcg_10: 0.0371	 hit@1:0.013096	 hit@5:0.0449	 hit@10: 0.0713
epoch 47: train_loss = 1.957433, source_mrr = 0.042413, source_hit@10 = 0.0894, source_ndcg@10 = 0.0453, target_mrr = 0.035442, target_hit@10 = 0.0713, target_ndcg@10 = 0.0371

2024-08-15 20:14:33.782362: step 8256/13760 (epoch 48/80), loss = 1.956542 (24.730 sec/epoch), lr: 0.001761
Evaluating on dev set...
..................................................................
source: 	 mrr: 0.051651	 ndcg_5: 0.0447	 ndcg_10: 0.0544	 hit@1:0.025032	 hit@5:0.0646	 hit@10: 0.0947
target: 	 mrr: 0.034500	 ndcg_5: 0.0262	 ndcg_10: 0.0374	 hit@1:0.010031	 hit@5:0.0432	 hit@10: 0.0777
source best!
..............................
source: 	 mrr: 0.045843	 ndcg_5: 0.0394	 ndcg_10: 0.0498	 hit@1:0.017504	 hit@5:0.0613	 hit@10: 0.0940
epoch 48: train_loss = 1.956542, source_mrr = 0.045843, source_hit@10 = 0.0940, source_ndcg@10 = 0.0498, target_mrr = 0.034500, target_hit@10 = 0.0777, target_ndcg@10 = 0.0374

2024-08-15 20:14:59.549194: step 8428/13760 (epoch 49/80), loss = 1.952445 (24.854 sec/epoch), lr: 0.001761
Evaluating on dev set...
..................................................................
source: 	 mrr: 0.037149	 ndcg_5: 0.0290	 ndcg_10: 0.0376	 hit@1:0.012674	 hit@5:0.0453	 hit@10: 0.0719
target: 	 mrr: 0.038966	 ndcg_5: 0.0300	 ndcg_10: 0.0406	 hit@1:0.013653	 hit@5:0.0460	 hit@10: 0.0791
epoch 49: train_loss = 1.952445, source_mrr = 0.037149, source_hit@10 = 0.0719, source_ndcg@10 = 0.0376, target_mrr = 0.038966, target_hit@10 = 0.0791, target_ndcg@10 = 0.0406

2024-08-15 20:15:24.631206: step 8600/13760 (epoch 50/80), loss = 1.945766 (24.362 sec/epoch), lr: 0.001672
Evaluating on dev set...
..................................................................
source: 	 mrr: 0.042112	 ndcg_5: 0.0319	 ndcg_10: 0.0442	 hit@1:0.014259	 hit@5:0.0494	 hit@10: 0.0875
target: 	 mrr: 0.034261	 ndcg_5: 0.0259	 ndcg_10: 0.0367	 hit@1:0.009752	 hit@5:0.0424	 hit@10: 0.0761
epoch 50: train_loss = 1.945766, source_mrr = 0.042112, source_hit@10 = 0.0875, source_ndcg@10 = 0.0442, target_mrr = 0.034261, target_hit@10 = 0.0761, target_ndcg@10 = 0.0367

2024-08-15 20:15:50.147849: step 8772/13760 (epoch 51/80), loss = 1.943371 (24.870 sec/epoch), lr: 0.001672
Evaluating on dev set...
..................................................................
source: 	 mrr: 0.042006	 ndcg_5: 0.0358	 ndcg_10: 0.0443	 hit@1:0.015209	 hit@5:0.0567	 hit@10: 0.0833
target: 	 mrr: 0.031456	 ndcg_5: 0.0236	 ndcg_10: 0.0346	 hit@1:0.007244	 hit@5:0.0398	 hit@10: 0.0741
epoch 51: train_loss = 1.943371, source_mrr = 0.042006, source_hit@10 = 0.0833, source_ndcg@10 = 0.0443, target_mrr = 0.031456, target_hit@10 = 0.0741, target_ndcg@10 = 0.0346

2024-08-15 20:16:15.087013: step 8944/13760 (epoch 52/80), loss = 1.938575 (24.288 sec/epoch), lr: 0.001589
Evaluating on dev set...
..................................................................
source: 	 mrr: 0.030841	 ndcg_5: 0.0224	 ndcg_10: 0.0307	 hit@1:0.008872	 hit@5:0.0368	 hit@10: 0.0624
target: 	 mrr: 0.041506	 ndcg_5: 0.0316	 ndcg_10: 0.0436	 hit@1:0.015046	 hit@5:0.0485	 hit@10: 0.0861
target best!
...................................target: 	 mrr: 0.042974	 ndcg_5: 0.0349	 ndcg_10: 0.0446	 hit@1:0.015510	 hit@5:0.0544	 hit@10: 0.0840
epoch 52: train_loss = 1.938575, source_mrr = 0.030841, source_hit@10 = 0.0624, source_ndcg@10 = 0.0307, target_mrr = 0.042974, target_hit@10 = 0.0840, target_ndcg@10 = 0.0446

2024-08-15 20:16:40.821090: step 9116/13760 (epoch 53/80), loss = 1.932668 (24.777 sec/epoch), lr: 0.001509
Evaluating on dev set...
..................................................................
source: 	 mrr: 0.042791	 ndcg_5: 0.0325	 ndcg_10: 0.0450	 hit@1:0.015526	 hit@5:0.0501	 hit@10: 0.0890
target: 	 mrr: 0.035068	 ndcg_5: 0.0277	 ndcg_10: 0.0377	 hit@1:0.009473	 hit@5:0.0460	 hit@10: 0.0772
epoch 53: train_loss = 1.932668, source_mrr = 0.042791, source_hit@10 = 0.0890, source_ndcg@10 = 0.0450, target_mrr = 0.035068, target_hit@10 = 0.0772, target_ndcg@10 = 0.0377

2024-08-15 20:17:06.292598: step 9288/13760 (epoch 54/80), loss = 1.933345 (24.818 sec/epoch), lr: 0.001509
Evaluating on dev set...
..................................................................
source: 	 mrr: 0.044396	 ndcg_5: 0.0365	 ndcg_10: 0.0483	 hit@1:0.015209	 hit@5:0.0586	 hit@10: 0.0954
target: 	 mrr: 0.037703	 ndcg_5: 0.0295	 ndcg_10: 0.0405	 hit@1:0.012817	 hit@5:0.0476	 hit@10: 0.0819
epoch 54: train_loss = 1.933345, source_mrr = 0.044396, source_hit@10 = 0.0954, source_ndcg@10 = 0.0483, target_mrr = 0.037703, target_hit@10 = 0.0819, target_ndcg@10 = 0.0405

2024-08-15 20:17:31.699974: step 9460/13760 (epoch 55/80), loss = 1.932481 (24.754 sec/epoch), lr: 0.001509
Evaluating on dev set...
..................................................................
source: 	 mrr: 0.037733	 ndcg_5: 0.0285	 ndcg_10: 0.0385	 hit@1:0.013308	 hit@5:0.0447	 hit@10: 0.0757
target: 	 mrr: 0.037575	 ndcg_5: 0.0280	 ndcg_10: 0.0390	 hit@1:0.011702	 hit@5:0.0443	 hit@10: 0.0780
epoch 55: train_loss = 1.932481, source_mrr = 0.037733, source_hit@10 = 0.0757, source_ndcg@10 = 0.0385, target_mrr = 0.037575, target_hit@10 = 0.0780, target_ndcg@10 = 0.0390

2024-08-15 20:17:56.991875: step 9632/13760 (epoch 56/80), loss = 1.925800 (24.649 sec/epoch), lr: 0.001434
Evaluating on dev set...
..................................................................
source: 	 mrr: 0.037129	 ndcg_5: 0.0282	 ndcg_10: 0.0370	 hit@1:0.010773	 hit@5:0.0453	 hit@10: 0.0729
target: 	 mrr: 0.034162	 ndcg_5: 0.0272	 ndcg_10: 0.0357	 hit@1:0.011981	 hit@5:0.0424	 hit@10: 0.0688
epoch 56: train_loss = 1.925800, source_mrr = 0.037129, source_hit@10 = 0.0729, source_ndcg@10 = 0.0370, target_mrr = 0.034162, target_hit@10 = 0.0688, target_ndcg@10 = 0.0357

2024-08-15 20:18:22.483061: step 9804/13760 (epoch 57/80), loss = 1.917115 (24.847 sec/epoch), lr: 0.001362
Evaluating on dev set...
..................................................................
source: 	 mrr: 0.035601	 ndcg_5: 0.0248	 ndcg_10: 0.0365	 hit@1:0.011407	 hit@5:0.0380	 hit@10: 0.0745
target: 	 mrr: 0.037722	 ndcg_5: 0.0290	 ndcg_10: 0.0400	 hit@1:0.012817	 hit@5:0.0454	 hit@10: 0.0794
epoch 57: train_loss = 1.917115, source_mrr = 0.035601, source_hit@10 = 0.0745, source_ndcg@10 = 0.0365, target_mrr = 0.037722, target_hit@10 = 0.0794, target_ndcg@10 = 0.0400

2024-08-15 20:18:48.533897: step 9976/13760 (epoch 58/80), loss = 1.919633 (25.405 sec/epoch), lr: 0.001362
Evaluating on dev set...
..................................................................
source: 	 mrr: 0.039529	 ndcg_5: 0.0318	 ndcg_10: 0.0411	 hit@1:0.011724	 hit@5:0.0507	 hit@10: 0.0798
target: 	 mrr: 0.035942	 ndcg_5: 0.0278	 ndcg_10: 0.0389	 hit@1:0.010031	 hit@5:0.0457	 hit@10: 0.0802
epoch 58: train_loss = 1.919633, source_mrr = 0.039529, source_hit@10 = 0.0798, source_ndcg@10 = 0.0411, target_mrr = 0.035942, target_hit@10 = 0.0802, target_ndcg@10 = 0.0389

2024-08-15 20:19:13.796926: step 10148/13760 (epoch 59/80), loss = 1.918236 (24.609 sec/epoch), lr: 0.001362
Evaluating on dev set...
..................................................................
source: 	 mrr: 0.043356	 ndcg_5: 0.0349	 ndcg_10: 0.0473	 hit@1:0.013942	 hit@5:0.0567	 hit@10: 0.0947
target: 	 mrr: 0.037935	 ndcg_5: 0.0299	 ndcg_10: 0.0409	 hit@1:0.014210	 hit@5:0.0468	 hit@10: 0.0814
epoch 59: train_loss = 1.918236, source_mrr = 0.043356, source_hit@10 = 0.0947, source_ndcg@10 = 0.0473, target_mrr = 0.037935, target_hit@10 = 0.0814, target_ndcg@10 = 0.0409

2024-08-15 20:19:39.107915: step 10320/13760 (epoch 60/80), loss = 1.915630 (24.664 sec/epoch), lr: 0.001362
Evaluating on dev set...
..................................................................
source: 	 mrr: 0.046022	 ndcg_5: 0.0380	 ndcg_10: 0.0473	 hit@1:0.019962	 hit@5:0.0561	 hit@10: 0.0852
target: 	 mrr: 0.036086	 ndcg_5: 0.0284	 ndcg_10: 0.0373	 hit@1:0.011981	 hit@5:0.0451	 hit@10: 0.0733
epoch 60: train_loss = 1.915630, source_mrr = 0.046022, source_hit@10 = 0.0852, source_ndcg@10 = 0.0473, target_mrr = 0.036086, target_hit@10 = 0.0733, target_ndcg@10 = 0.0373

2024-08-15 20:20:04.227790: step 10492/13760 (epoch 61/80), loss = 1.915533 (24.442 sec/epoch), lr: 0.001362
Evaluating on dev set...
..................................................................
source: 	 mrr: 0.045239	 ndcg_5: 0.0355	 ndcg_10: 0.0484	 hit@1:0.017110	 hit@5:0.0548	 hit@10: 0.0951
target: 	 mrr: 0.035317	 ndcg_5: 0.0271	 ndcg_10: 0.0373	 hit@1:0.011702	 hit@5:0.0432	 hit@10: 0.0750
epoch 61: train_loss = 1.915533, source_mrr = 0.045239, source_hit@10 = 0.0951, source_ndcg@10 = 0.0484, target_mrr = 0.035317, target_hit@10 = 0.0750, target_ndcg@10 = 0.0373

2024-08-15 20:20:30.309095: step 10664/13760 (epoch 62/80), loss = 1.910692 (25.443 sec/epoch), lr: 0.001294
Evaluating on dev set...
..................................................................
source: 	 mrr: 0.044362	 ndcg_5: 0.0363	 ndcg_10: 0.0468	 hit@1:0.016160	 hit@5:0.0567	 hit@10: 0.0894
target: 	 mrr: 0.036600	 ndcg_5: 0.0293	 ndcg_10: 0.0384	 hit@1:0.011424	 hit@5:0.0485	 hit@10: 0.0769
epoch 62: train_loss = 1.910692, source_mrr = 0.044362, source_hit@10 = 0.0894, source_ndcg@10 = 0.0468, target_mrr = 0.036600, target_hit@10 = 0.0769, target_ndcg@10 = 0.0384

2024-08-15 20:20:55.214745: step 10836/13760 (epoch 63/80), loss = 1.909412 (24.260 sec/epoch), lr: 0.001294
Evaluating on dev set...
..................................................................
source: 	 mrr: 0.043904	 ndcg_5: 0.0362	 ndcg_10: 0.0482	 hit@1:0.015209	 hit@5:0.0574	 hit@10: 0.0954
target: 	 mrr: 0.035372	 ndcg_5: 0.0283	 ndcg_10: 0.0374	 hit@1:0.010031	 hit@5:0.0474	 hit@10: 0.0755
epoch 63: train_loss = 1.909412, source_mrr = 0.043904, source_hit@10 = 0.0954, source_ndcg@10 = 0.0482, target_mrr = 0.035372, target_hit@10 = 0.0755, target_ndcg@10 = 0.0374

2024-08-15 20:21:20.638975: step 11008/13760 (epoch 64/80), loss = 1.903440 (24.772 sec/epoch), lr: 0.001229
Evaluating on dev set...
..................................................................
source: 	 mrr: 0.042203	 ndcg_5: 0.0348	 ndcg_10: 0.0448	 hit@1:0.014575	 hit@5:0.0551	 hit@10: 0.0865
target: 	 mrr: 0.036744	 ndcg_5: 0.0307	 ndcg_10: 0.0398	 hit@1:0.010309	 hit@5:0.0518	 hit@10: 0.0802
epoch 64: train_loss = 1.903440, source_mrr = 0.042203, source_hit@10 = 0.0865, source_ndcg@10 = 0.0448, target_mrr = 0.036744, target_hit@10 = 0.0802, target_ndcg@10 = 0.0398

2024-08-15 20:21:46.081423: step 11180/13760 (epoch 65/80), loss = 1.902855 (24.778 sec/epoch), lr: 0.001168
Evaluating on dev set...
..................................................................
source: 	 mrr: 0.043979	 ndcg_5: 0.0354	 ndcg_10: 0.0473	 hit@1:0.016160	 hit@5:0.0548	 hit@10: 0.0916
target: 	 mrr: 0.036913	 ndcg_5: 0.0286	 ndcg_10: 0.0395	 hit@1:0.011424	 hit@5:0.0457	 hit@10: 0.0800
epoch 65: train_loss = 1.902855, source_mrr = 0.043979, source_hit@10 = 0.0916, source_ndcg@10 = 0.0473, target_mrr = 0.036913, target_hit@10 = 0.0800, target_ndcg@10 = 0.0395

2024-08-15 20:22:11.322334: step 11352/13760 (epoch 66/80), loss = 1.902019 (24.588 sec/epoch), lr: 0.001168
Evaluating on dev set...
..................................................................
source: 	 mrr: 0.049548	 ndcg_5: 0.0421	 ndcg_10: 0.0519	 hit@1:0.021546	 hit@5:0.0627	 hit@10: 0.0935
target: 	 mrr: 0.038277	 ndcg_5: 0.0298	 ndcg_10: 0.0408	 hit@1:0.010867	 hit@5:0.0490	 hit@10: 0.0833
epoch 66: train_loss = 1.902019, source_mrr = 0.049548, source_hit@10 = 0.0935, source_ndcg@10 = 0.0519, target_mrr = 0.038277, target_hit@10 = 0.0833, target_ndcg@10 = 0.0408

2024-08-15 20:22:36.811896: step 11524/13760 (epoch 67/80), loss = 1.898731 (24.800 sec/epoch), lr: 0.001168
Evaluating on dev set...
..................................................................
source: 	 mrr: 0.045695	 ndcg_5: 0.0399	 ndcg_10: 0.0484	 hit@1:0.017744	 hit@5:0.0621	 hit@10: 0.0884
target: 	 mrr: 0.038481	 ndcg_5: 0.0317	 ndcg_10: 0.0416	 hit@1:0.011981	 hit@5:0.0518	 hit@10: 0.0828
epoch 67: train_loss = 1.898731, source_mrr = 0.045695, source_hit@10 = 0.0884, source_ndcg@10 = 0.0484, target_mrr = 0.038481, target_hit@10 = 0.0828, target_ndcg@10 = 0.0416

2024-08-15 20:23:01.841531: step 11696/13760 (epoch 68/80), loss = 1.896693 (24.382 sec/epoch), lr: 0.001110
Evaluating on dev set...
..................................................................
source: 	 mrr: 0.042009	 ndcg_5: 0.0351	 ndcg_10: 0.0446	 hit@1:0.014892	 hit@5:0.0561	 hit@10: 0.0856
target: 	 mrr: 0.037018	 ndcg_5: 0.0287	 ndcg_10: 0.0397	 hit@1:0.010867	 hit@5:0.0454	 hit@10: 0.0794
epoch 68: train_loss = 1.896693, source_mrr = 0.042009, source_hit@10 = 0.0856, source_ndcg@10 = 0.0446, target_mrr = 0.037018, target_hit@10 = 0.0794, target_ndcg@10 = 0.0397

2024-08-15 20:23:27.166453: step 11868/13760 (epoch 69/80), loss = 1.890519 (24.682 sec/epoch), lr: 0.001054
Evaluating on dev set...
..................................................................
source: 	 mrr: 0.042678	 ndcg_5: 0.0344	 ndcg_10: 0.0450	 hit@1:0.014259	 hit@5:0.0551	 hit@10: 0.0881
target: 	 mrr: 0.036770	 ndcg_5: 0.0292	 ndcg_10: 0.0398	 hit@1:0.011145	 hit@5:0.0476	 hit@10: 0.0805
epoch 69: train_loss = 1.890519, source_mrr = 0.042678, source_hit@10 = 0.0881, source_ndcg@10 = 0.0450, target_mrr = 0.036770, target_hit@10 = 0.0805, target_ndcg@10 = 0.0398

2024-08-15 20:23:52.621064: step 12040/13760 (epoch 70/80), loss = 1.889136 (24.814 sec/epoch), lr: 0.001054
Evaluating on dev set...
..................................................................
source: 	 mrr: 0.047220	 ndcg_5: 0.0381	 ndcg_10: 0.0499	 hit@1:0.019962	 hit@5:0.0554	 hit@10: 0.0919
target: 	 mrr: 0.033991	 ndcg_5: 0.0260	 ndcg_10: 0.0371	 hit@1:0.010309	 hit@5:0.0435	 hit@10: 0.0783
epoch 70: train_loss = 1.889136, source_mrr = 0.047220, source_hit@10 = 0.0919, source_ndcg@10 = 0.0499, target_mrr = 0.033991, target_hit@10 = 0.0783, target_ndcg@10 = 0.0371

2024-08-15 20:24:18.043258: step 12212/13760 (epoch 71/80), loss = 1.889859 (24.773 sec/epoch), lr: 0.001054
Evaluating on dev set...
..................................................................
source: 	 mrr: 0.041276	 ndcg_5: 0.0316	 ndcg_10: 0.0433	 hit@1:0.014575	 hit@5:0.0475	 hit@10: 0.0846
target: 	 mrr: 0.036308	 ndcg_5: 0.0287	 ndcg_10: 0.0396	 hit@1:0.010867	 hit@5:0.0465	 hit@10: 0.0808
epoch 71: train_loss = 1.889859, source_mrr = 0.041276, source_hit@10 = 0.0846, source_ndcg@10 = 0.0433, target_mrr = 0.036308, target_hit@10 = 0.0808, target_ndcg@10 = 0.0396

2024-08-15 20:24:42.867527: step 12384/13760 (epoch 72/80), loss = 1.883464 (24.181 sec/epoch), lr: 0.001001
Evaluating on dev set...
..................................................................
source: 	 mrr: 0.048235	 ndcg_5: 0.0405	 ndcg_10: 0.0523	 hit@1:0.018378	 hit@5:0.0621	 hit@10: 0.0992
target: 	 mrr: 0.035304	 ndcg_5: 0.0278	 ndcg_10: 0.0374	 hit@1:0.010588	 hit@5:0.0451	 hit@10: 0.0752
epoch 72: train_loss = 1.883464, source_mrr = 0.048235, source_hit@10 = 0.0992, source_ndcg@10 = 0.0523, target_mrr = 0.035304, target_hit@10 = 0.0752, target_ndcg@10 = 0.0374

2024-08-15 20:25:08.184794: step 12556/13760 (epoch 73/80), loss = 1.883141 (24.664 sec/epoch), lr: 0.001001
Evaluating on dev set...
..................................................................
source: 	 mrr: 0.048765	 ndcg_5: 0.0407	 ndcg_10: 0.0524	 hit@1:0.020279	 hit@5:0.0624	 hit@10: 0.0982
target: 	 mrr: 0.034899	 ndcg_5: 0.0272	 ndcg_10: 0.0363	 hit@1:0.011145	 hit@5:0.0426	 hit@10: 0.0708
epoch 73: train_loss = 1.883141, source_mrr = 0.048765, source_hit@10 = 0.0982, source_ndcg@10 = 0.0524, target_mrr = 0.034899, target_hit@10 = 0.0708, target_ndcg@10 = 0.0363
early termination of training
source best:  source_mrr = 0.050189, source_hit@10 = 0.1058, source_ndcg@10 = 0.0548
target best:  target_mrr = 0.037987, target_hit@10 = 0.0869, target_ndcg@10 = 0.0415
