using gpu:2 to train the model
using gpu:2 to train the model
cuda:2
Namespace(A_split=False, JK='sum', a_fold=100, aggregate=False, alpha=0.5, batch_size=2048, beta_inter=0.2, conv_layers=4, cuda=True, decay_epoch=10, device=device(type='cuda', index=2), device_id='2', domains='cloth_sport', dropout=0.4, epoch=80, feature_dim=126, gamma_intra=0.8, hidden_dim=126, inter_tau=0.2, intra_tau=0.4, lambda_critic=0.6, leakey=0.05, load=False, log='logs.txt', log_epoch=1, lr=0.004, lr_decay=0.95, min_epoch=60, mode='train', model_file=None, model_name='cs', momentum=0.98, num_latent_factors=3, num_negative=100, optim='adam', patience=20, proj_layers=1, projection=1, rectify_epoch=40, residual=1, save=False, save_dir='./saved_models', seed=32, similarity_tau=0.2, step=5, test_sample_number=999, user_batch_size=256, weight_decay=0.0002)
number_user 41829
number_item 17943
real graph loaded!
number_user 27328
number_item 12655
real graph loaded!
graph loaded!
Loading data from cloth_sport with batch size 2048...
unseen test: 0
test length: 3156
unseen test: 0
test length: 3085
unseen test: 0
test length: 3589
unseen test: 0
test length: 3546
source_user_num 41829
target_user_num 27328
source_item_num 17943
target_item_num 12655
shared users id: 7857
test users 990, 982
unseen test: 0
dev length: 1000
unseen test: 0
dev length: 1000
source train data : 187880, target train data: 163291, source test data : 3085, target test data : 3546, source dev data : 1000, target dev data : 1000
2024-08-15 11:32:04.569592: step 172/13760 (epoch 1/80), loss = 2.143524 (55.487 sec/epoch), lr: 0.004000
Evaluating on dev set...
..................................................................
source: 	 mrr: 0.040698	 ndcg_5: 0.0322	 ndcg_10: 0.0429	 hit@1:0.013308	 hit@5:0.0513	 hit@10: 0.0846
target: 	 mrr: 0.029289	 ndcg_5: 0.0206	 ndcg_10: 0.0300	 hit@1:0.007523	 hit@5:0.0337	 hit@10: 0.0635
source best!
..............................
source: 	 mrr: 0.038768	 ndcg_5: 0.0295	 ndcg_10: 0.0391	 hit@1:0.014911	 hit@5:0.0447	 hit@10: 0.0749
target best!
...................................target: 	 mrr: 0.030439	 ndcg_5: 0.0206	 ndcg_10: 0.0307	 hit@1:0.009306	 hit@5:0.0324	 hit@10: 0.0640
epoch 1: train_loss = 2.143524, source_mrr = 0.038768, source_hit@10 = 0.0749, source_ndcg@10 = 0.0391, target_mrr = 0.030439, target_hit@10 = 0.0640, target_ndcg@10 = 0.0307

2024-08-15 11:33:03.348392: step 344/13760 (epoch 2/80), loss = 1.774614 (56.148 sec/epoch), lr: 0.004000
Evaluating on dev set...
..................................................................
source: 	 mrr: 0.041792	 ndcg_5: 0.0317	 ndcg_10: 0.0442	 hit@1:0.015209	 hit@5:0.0488	 hit@10: 0.0878
target: 	 mrr: 0.028029	 ndcg_5: 0.0179	 ndcg_10: 0.0269	 hit@1:0.005015	 hit@5:0.0312	 hit@10: 0.0593
source best!
..............................
source: 	 mrr: 0.041021	 ndcg_5: 0.0319	 ndcg_10: 0.0415	 hit@1:0.015559	 hit@5:0.0480	 hit@10: 0.0781
epoch 2: train_loss = 1.774614, source_mrr = 0.041021, source_hit@10 = 0.0781, source_ndcg@10 = 0.0415, target_mrr = 0.028029, target_hit@10 = 0.0593, target_ndcg@10 = 0.0269

2024-08-15 11:34:02.129904: step 516/13760 (epoch 3/80), loss = 1.668855 (56.828 sec/epoch), lr: 0.004000
Evaluating on dev set...
..................................................................
source: 	 mrr: 0.043273	 ndcg_5: 0.0360	 ndcg_10: 0.0469	 hit@1:0.012674	 hit@5:0.0593	 hit@10: 0.0932
target: 	 mrr: 0.034786	 ndcg_5: 0.0268	 ndcg_10: 0.0388	 hit@1:0.006966	 hit@5:0.0471	 hit@10: 0.0850
source best!
..............................
source: 	 mrr: 0.041385	 ndcg_5: 0.0327	 ndcg_10: 0.0437	 hit@1:0.013614	 hit@5:0.0515	 hit@10: 0.0859
target best!
...................................target: 	 mrr: 0.036213	 ndcg_5: 0.0271	 ndcg_10: 0.0377	 hit@1:0.010152	 hit@5:0.0443	 hit@10: 0.0770
epoch 3: train_loss = 1.668855, source_mrr = 0.041385, source_hit@10 = 0.0859, source_ndcg@10 = 0.0437, target_mrr = 0.036213, target_hit@10 = 0.0770, target_ndcg@10 = 0.0377

2024-08-15 11:35:00.842620: step 688/13760 (epoch 4/80), loss = 1.630060 (55.960 sec/epoch), lr: 0.004000
Evaluating on dev set...
..................................................................
source: 	 mrr: 0.036680	 ndcg_5: 0.0269	 ndcg_10: 0.0380	 hit@1:0.011407	 hit@5:0.0431	 hit@10: 0.0773
target: 	 mrr: 0.029795	 ndcg_5: 0.0219	 ndcg_10: 0.0317	 hit@1:0.006687	 hit@5:0.0373	 hit@10: 0.0680
epoch 4: train_loss = 1.630060, source_mrr = 0.036680, source_hit@10 = 0.0773, source_ndcg@10 = 0.0380, target_mrr = 0.029795, target_hit@10 = 0.0680, target_ndcg@10 = 0.0317

2024-08-15 11:35:59.239509: step 860/13760 (epoch 5/80), loss = 1.606202 (56.986 sec/epoch), lr: 0.004000
Evaluating on dev set...
..................................................................
source: 	 mrr: 0.024941	 ndcg_5: 0.0171	 ndcg_10: 0.0233	 hit@1:0.007605	 hit@5:0.0263	 hit@10: 0.0453
target: 	 mrr: 0.030483	 ndcg_5: 0.0226	 ndcg_10: 0.0320	 hit@1:0.006687	 hit@5:0.0390	 hit@10: 0.0685
epoch 5: train_loss = 1.606202, source_mrr = 0.024941, source_hit@10 = 0.0453, source_ndcg@10 = 0.0233, target_mrr = 0.030483, target_hit@10 = 0.0685, target_ndcg@10 = 0.0320

2024-08-15 11:36:58.215470: step 1032/13760 (epoch 6/80), loss = 1.591615 (57.562 sec/epoch), lr: 0.004000
Evaluating on dev set...
..................................................................
source: 	 mrr: 0.043395	 ndcg_5: 0.0348	 ndcg_10: 0.0449	 hit@1:0.015843	 hit@5:0.0532	 hit@10: 0.0852
target: 	 mrr: 0.034308	 ndcg_5: 0.0260	 ndcg_10: 0.0357	 hit@1:0.009752	 hit@5:0.0426	 hit@10: 0.0736
source best!
..............................
source: 	 mrr: 0.036668	 ndcg_5: 0.0271	 ndcg_10: 0.0381	 hit@1:0.010697	 hit@5:0.0434	 hit@10: 0.0775
epoch 6: train_loss = 1.591615, source_mrr = 0.036668, source_hit@10 = 0.0775, source_ndcg@10 = 0.0381, target_mrr = 0.034308, target_hit@10 = 0.0736, target_ndcg@10 = 0.0357

2024-08-15 11:37:57.884572: step 1204/13760 (epoch 7/80), loss = 1.577877 (57.722 sec/epoch), lr: 0.004000
Evaluating on dev set...
..................................................................
source: 	 mrr: 0.043994	 ndcg_5: 0.0355	 ndcg_10: 0.0468	 hit@1:0.015209	 hit@5:0.0554	 hit@10: 0.0909
target: 	 mrr: 0.033803	 ndcg_5: 0.0247	 ndcg_10: 0.0352	 hit@1:0.009195	 hit@5:0.0407	 hit@10: 0.0736
source best!
..............................
source: 	 mrr: 0.041587	 ndcg_5: 0.0325	 ndcg_10: 0.0451	 hit@1:0.013614	 hit@5:0.0519	 hit@10: 0.0911
epoch 7: train_loss = 1.577877, source_mrr = 0.041587, source_hit@10 = 0.0911, source_ndcg@10 = 0.0451, target_mrr = 0.033803, target_hit@10 = 0.0736, target_ndcg@10 = 0.0352

2024-08-15 11:38:58.556290: step 1376/13760 (epoch 8/80), loss = 1.559651 (58.548 sec/epoch), lr: 0.004000
Evaluating on dev set...
..................................................................
source: 	 mrr: 0.039169	 ndcg_5: 0.0299	 ndcg_10: 0.0419	 hit@1:0.011090	 hit@5:0.0482	 hit@10: 0.0859
target: 	 mrr: 0.030960	 ndcg_5: 0.0238	 ndcg_10: 0.0329	 hit@1:0.007244	 hit@5:0.0404	 hit@10: 0.0691
epoch 8: train_loss = 1.559651, source_mrr = 0.039169, source_hit@10 = 0.0859, source_ndcg@10 = 0.0419, target_mrr = 0.030960, target_hit@10 = 0.0691, target_ndcg@10 = 0.0329

2024-08-15 11:39:56.810929: step 1548/13760 (epoch 9/80), loss = 1.549894 (56.847 sec/epoch), lr: 0.004000
Evaluating on dev set...
..................................................................
source: 	 mrr: 0.040141	 ndcg_5: 0.0320	 ndcg_10: 0.0427	 hit@1:0.013942	 hit@5:0.0501	 hit@10: 0.0837
target: 	 mrr: 0.038610	 ndcg_5: 0.0298	 ndcg_10: 0.0411	 hit@1:0.012817	 hit@5:0.0471	 hit@10: 0.0825
target best!
...................................target: 	 mrr: 0.042174	 ndcg_5: 0.0340	 ndcg_10: 0.0451	 hit@1:0.014382	 hit@5:0.0533	 hit@10: 0.0877
epoch 9: train_loss = 1.549894, source_mrr = 0.040141, source_hit@10 = 0.0837, source_ndcg@10 = 0.0427, target_mrr = 0.042174, target_hit@10 = 0.0877, target_ndcg@10 = 0.0451

2024-08-15 11:40:56.638478: step 1720/13760 (epoch 10/80), loss = 1.537878 (57.652 sec/epoch), lr: 0.004000
Evaluating on dev set...
..................................................................
source: 	 mrr: 0.044378	 ndcg_5: 0.0349	 ndcg_10: 0.0479	 hit@1:0.014259	 hit@5:0.0558	 hit@10: 0.0957
target: 	 mrr: 0.035699	 ndcg_5: 0.0258	 ndcg_10: 0.0369	 hit@1:0.008638	 hit@5:0.0429	 hit@10: 0.0772
source best!
..............................
source: 	 mrr: 0.040705	 ndcg_5: 0.0332	 ndcg_10: 0.0436	 hit@1:0.012966	 hit@5:0.0541	 hit@10: 0.0869
epoch 10: train_loss = 1.537878, source_mrr = 0.040705, source_hit@10 = 0.0869, source_ndcg@10 = 0.0436, target_mrr = 0.035699, target_hit@10 = 0.0772, target_ndcg@10 = 0.0369

2024-08-15 11:41:56.641529: step 1892/13760 (epoch 11/80), loss = 1.531114 (57.982 sec/epoch), lr: 0.004000
Evaluating on dev set...
..................................................................
source: 	 mrr: 0.039127	 ndcg_5: 0.0310	 ndcg_10: 0.0401	 hit@1:0.014575	 hit@5:0.0472	 hit@10: 0.0757
target: 	 mrr: 0.038273	 ndcg_5: 0.0298	 ndcg_10: 0.0392	 hit@1:0.014767	 hit@5:0.0454	 hit@10: 0.0747
epoch 11: train_loss = 1.531114, source_mrr = 0.039127, source_hit@10 = 0.0757, source_ndcg@10 = 0.0401, target_mrr = 0.038273, target_hit@10 = 0.0747, target_ndcg@10 = 0.0392

2024-08-15 11:42:56.127573: step 2064/13760 (epoch 12/80), loss = 1.517977 (58.059 sec/epoch), lr: 0.003800
Evaluating on dev set...
..................................................................
source: 	 mrr: 0.032565	 ndcg_5: 0.0249	 ndcg_10: 0.0335	 hit@1:0.010139	 hit@5:0.0399	 hit@10: 0.0672
target: 	 mrr: 0.036862	 ndcg_5: 0.0275	 ndcg_10: 0.0385	 hit@1:0.009752	 hit@5:0.0454	 hit@10: 0.0800
epoch 12: train_loss = 1.517977, source_mrr = 0.032565, source_hit@10 = 0.0672, source_ndcg@10 = 0.0335, target_mrr = 0.036862, target_hit@10 = 0.0800, target_ndcg@10 = 0.0385

2024-08-15 11:43:54.755849: step 2236/13760 (epoch 13/80), loss = 1.508512 (57.210 sec/epoch), lr: 0.003610
Evaluating on dev set...
..................................................................
source: 	 mrr: 0.030568	 ndcg_5: 0.0233	 ndcg_10: 0.0314	 hit@1:0.009189	 hit@5:0.0377	 hit@10: 0.0627
target: 	 mrr: 0.037415	 ndcg_5: 0.0283	 ndcg_10: 0.0394	 hit@1:0.010867	 hit@5:0.0457	 hit@10: 0.0800
epoch 13: train_loss = 1.508512, source_mrr = 0.030568, source_hit@10 = 0.0627, source_ndcg@10 = 0.0314, target_mrr = 0.037415, target_hit@10 = 0.0800, target_ndcg@10 = 0.0394

2024-08-15 11:44:53.276642: step 2408/13760 (epoch 14/80), loss = 1.496280 (57.017 sec/epoch), lr: 0.003429
Evaluating on dev set...
..................................................................
source: 	 mrr: 0.044997	 ndcg_5: 0.0365	 ndcg_10: 0.0472	 hit@1:0.016477	 hit@5:0.0580	 hit@10: 0.0916
target: 	 mrr: 0.038940	 ndcg_5: 0.0302	 ndcg_10: 0.0413	 hit@1:0.013096	 hit@5:0.0479	 hit@10: 0.0825
source best!
..............................
source: 	 mrr: 0.041985	 ndcg_5: 0.0326	 ndcg_10: 0.0426	 hit@1:0.012966	 hit@5:0.0515	 hit@10: 0.0823
target best!
...................................target: 	 mrr: 0.037055	 ndcg_5: 0.0295	 ndcg_10: 0.0398	 hit@1:0.009870	 hit@5:0.0499	 hit@10: 0.0823
epoch 14: train_loss = 1.496280, source_mrr = 0.041985, source_hit@10 = 0.0823, source_ndcg@10 = 0.0426, target_mrr = 0.037055, target_hit@10 = 0.0823, target_ndcg@10 = 0.0398

2024-08-15 11:45:53.715364: step 2580/13760 (epoch 15/80), loss = 1.489856 (57.685 sec/epoch), lr: 0.003429
Evaluating on dev set...
..................................................................
source: 	 mrr: 0.029747	 ndcg_5: 0.0213	 ndcg_10: 0.0306	 hit@1:0.007921	 hit@5:0.0355	 hit@10: 0.0646
target: 	 mrr: 0.037406	 ndcg_5: 0.0295	 ndcg_10: 0.0403	 hit@1:0.009752	 hit@5:0.0496	 hit@10: 0.0833
epoch 15: train_loss = 1.489856, source_mrr = 0.029747, source_hit@10 = 0.0646, source_ndcg@10 = 0.0306, target_mrr = 0.037406, target_hit@10 = 0.0833, target_ndcg@10 = 0.0403

2024-08-15 11:46:51.100997: step 2752/13760 (epoch 16/80), loss = 1.480051 (55.960 sec/epoch), lr: 0.003258
Evaluating on dev set...
..................................................................
source: 	 mrr: 0.035002	 ndcg_5: 0.0269	 ndcg_10: 0.0352	 hit@1:0.010456	 hit@5:0.0425	 hit@10: 0.0684
target: 	 mrr: 0.040795	 ndcg_5: 0.0317	 ndcg_10: 0.0430	 hit@1:0.013374	 hit@5:0.0504	 hit@10: 0.0855
target best!
...................................target: 	 mrr: 0.040807	 ndcg_5: 0.0333	 ndcg_10: 0.0437	 hit@1:0.012408	 hit@5:0.0541	 hit@10: 0.0869
epoch 16: train_loss = 1.480051, source_mrr = 0.035002, source_hit@10 = 0.0684, source_ndcg@10 = 0.0352, target_mrr = 0.040807, target_hit@10 = 0.0869, target_ndcg@10 = 0.0437

2024-08-15 11:47:48.946963: step 2924/13760 (epoch 17/80), loss = 1.474480 (55.706 sec/epoch), lr: 0.003258
Evaluating on dev set...
..................................................................
source: 	 mrr: 0.032702	 ndcg_5: 0.0247	 ndcg_10: 0.0331	 hit@1:0.009506	 hit@5:0.0402	 hit@10: 0.0665
target: 	 mrr: 0.037739	 ndcg_5: 0.0294	 ndcg_10: 0.0407	 hit@1:0.009473	 hit@5:0.0496	 hit@10: 0.0847
epoch 17: train_loss = 1.474480, source_mrr = 0.032702, source_hit@10 = 0.0665, source_ndcg@10 = 0.0331, target_mrr = 0.037739, target_hit@10 = 0.0847, target_ndcg@10 = 0.0407

2024-08-15 11:48:46.135411: step 3096/13760 (epoch 18/80), loss = 1.465454 (55.789 sec/epoch), lr: 0.003095
Evaluating on dev set...
..................................................................
source: 	 mrr: 0.030202	 ndcg_5: 0.0227	 ndcg_10: 0.0293	 hit@1:0.009189	 hit@5:0.0361	 hit@10: 0.0570
target: 	 mrr: 0.035908	 ndcg_5: 0.0271	 ndcg_10: 0.0385	 hit@1:0.008359	 hit@5:0.0463	 hit@10: 0.0816
epoch 18: train_loss = 1.465454, source_mrr = 0.030202, source_hit@10 = 0.0570, source_ndcg@10 = 0.0293, target_mrr = 0.035908, target_hit@10 = 0.0816, target_ndcg@10 = 0.0385

2024-08-15 11:49:44.742952: step 3268/13760 (epoch 19/80), loss = 1.452793 (57.219 sec/epoch), lr: 0.002940
Evaluating on dev set...
..................................................................
source: 	 mrr: 0.034094	 ndcg_5: 0.0278	 ndcg_10: 0.0354	 hit@1:0.010456	 hit@5:0.0450	 hit@10: 0.0688
target: 	 mrr: 0.040511	 ndcg_5: 0.0327	 ndcg_10: 0.0437	 hit@1:0.013931	 hit@5:0.0521	 hit@10: 0.0861
epoch 19: train_loss = 1.452793, source_mrr = 0.034094, source_hit@10 = 0.0688, source_ndcg@10 = 0.0354, target_mrr = 0.040511, target_hit@10 = 0.0861, target_ndcg@10 = 0.0437

2024-08-15 11:50:43.404023: step 3440/13760 (epoch 20/80), loss = 1.452009 (56.881 sec/epoch), lr: 0.002940
Evaluating on dev set...
..................................................................
source: 	 mrr: 0.038185	 ndcg_5: 0.0303	 ndcg_10: 0.0411	 hit@1:0.011090	 hit@5:0.0497	 hit@10: 0.0833
target: 	 mrr: 0.039153	 ndcg_5: 0.0322	 ndcg_10: 0.0425	 hit@1:0.011981	 hit@5:0.0532	 hit@10: 0.0853
epoch 20: train_loss = 1.452009, source_mrr = 0.038185, source_hit@10 = 0.0833, source_ndcg@10 = 0.0411, target_mrr = 0.039153, target_hit@10 = 0.0853, target_ndcg@10 = 0.0425

2024-08-15 11:51:41.272525: step 3612/13760 (epoch 21/80), loss = 1.448334 (56.484 sec/epoch), lr: 0.002940
Evaluating on dev set...
..................................................................
source: 	 mrr: 0.035386	 ndcg_5: 0.0281	 ndcg_10: 0.0366	 hit@1:0.011407	 hit@5:0.0456	 hit@10: 0.0726
target: 	 mrr: 0.039424	 ndcg_5: 0.0316	 ndcg_10: 0.0433	 hit@1:0.009752	 hit@5:0.0535	 hit@10: 0.0900
epoch 21: train_loss = 1.448334, source_mrr = 0.035386, source_hit@10 = 0.0726, source_ndcg@10 = 0.0366, target_mrr = 0.039424, target_hit@10 = 0.0900, target_ndcg@10 = 0.0433

2024-08-15 11:52:39.647486: step 3784/13760 (epoch 22/80), loss = 1.439015 (56.952 sec/epoch), lr: 0.002793
Evaluating on dev set...
..................................................................
source: 	 mrr: 0.043652	 ndcg_5: 0.0337	 ndcg_10: 0.0487	 hit@1:0.013942	 hit@5:0.0548	 hit@10: 0.1008
target: 	 mrr: 0.038091	 ndcg_5: 0.0280	 ndcg_10: 0.0410	 hit@1:0.012260	 hit@5:0.0435	 hit@10: 0.0841
epoch 22: train_loss = 1.439015, source_mrr = 0.043652, source_hit@10 = 0.1008, source_ndcg@10 = 0.0487, target_mrr = 0.038091, target_hit@10 = 0.0841, target_ndcg@10 = 0.0410

2024-08-15 11:53:39.450435: step 3956/13760 (epoch 23/80), loss = 1.436563 (58.290 sec/epoch), lr: 0.002793
Evaluating on dev set...
..................................................................
source: 	 mrr: 0.035306	 ndcg_5: 0.0285	 ndcg_10: 0.0369	 hit@1:0.012357	 hit@5:0.0453	 hit@10: 0.0716
target: 	 mrr: 0.040735	 ndcg_5: 0.0311	 ndcg_10: 0.0441	 hit@1:0.013653	 hit@5:0.0502	 hit@10: 0.0906
epoch 23: train_loss = 1.436563, source_mrr = 0.035306, source_hit@10 = 0.0716, source_ndcg@10 = 0.0369, target_mrr = 0.040735, target_hit@10 = 0.0906, target_ndcg@10 = 0.0441

2024-08-15 11:54:39.885653: step 4128/13760 (epoch 24/80), loss = 1.429118 (58.793 sec/epoch), lr: 0.002654
Evaluating on dev set...
..................................................................
source: 	 mrr: 0.033364	 ndcg_5: 0.0241	 ndcg_10: 0.0326	 hit@1:0.011724	 hit@5:0.0371	 hit@10: 0.0634
target: 	 mrr: 0.038408	 ndcg_5: 0.0301	 ndcg_10: 0.0418	 hit@1:0.011424	 hit@5:0.0507	 hit@10: 0.0878
epoch 24: train_loss = 1.429118, source_mrr = 0.033364, source_hit@10 = 0.0634, source_ndcg@10 = 0.0326, target_mrr = 0.038408, target_hit@10 = 0.0878, target_ndcg@10 = 0.0418

2024-08-15 11:55:39.269517: step 4300/13760 (epoch 25/80), loss = 1.422585 (57.946 sec/epoch), lr: 0.002521
Evaluating on dev set...
..................................................................
source: 	 mrr: 0.046722	 ndcg_5: 0.0376	 ndcg_10: 0.0493	 hit@1:0.016160	 hit@5:0.0580	 hit@10: 0.0947
target: 	 mrr: 0.041066	 ndcg_5: 0.0328	 ndcg_10: 0.0441	 hit@1:0.013374	 hit@5:0.0529	 hit@10: 0.0880
source best!
..............................
source: 	 mrr: 0.044991	 ndcg_5: 0.0361	 ndcg_10: 0.0471	 hit@1:0.018152	 hit@5:0.0548	 hit@10: 0.0891
target best!
...................................target: 	 mrr: 0.038967	 ndcg_5: 0.0318	 ndcg_10: 0.0420	 hit@1:0.011562	 hit@5:0.0527	 hit@10: 0.0846
epoch 25: train_loss = 1.422585, source_mrr = 0.044991, source_hit@10 = 0.0891, source_ndcg@10 = 0.0471, target_mrr = 0.038967, target_hit@10 = 0.0846, target_ndcg@10 = 0.0420

2024-08-15 11:56:38.994581: step 4472/13760 (epoch 26/80), loss = 1.422681 (56.976 sec/epoch), lr: 0.002521
Evaluating on dev set...
..................................................................
source: 	 mrr: 0.042991	 ndcg_5: 0.0346	 ndcg_10: 0.0441	 hit@1:0.016160	 hit@5:0.0529	 hit@10: 0.0827
target: 	 mrr: 0.035380	 ndcg_5: 0.0256	 ndcg_10: 0.0384	 hit@1:0.007244	 hit@5:0.0443	 hit@10: 0.0839
epoch 26: train_loss = 1.422681, source_mrr = 0.042991, source_hit@10 = 0.0827, source_ndcg@10 = 0.0441, target_mrr = 0.035380, target_hit@10 = 0.0839, target_ndcg@10 = 0.0384

2024-08-15 11:57:36.195626: step 4644/13760 (epoch 27/80), loss = 1.412600 (55.816 sec/epoch), lr: 0.002395
Evaluating on dev set...
..................................................................
source: 	 mrr: 0.030913	 ndcg_5: 0.0231	 ndcg_10: 0.0317	 hit@1:0.010139	 hit@5:0.0358	 hit@10: 0.0627
target: 	 mrr: 0.039185	 ndcg_5: 0.0306	 ndcg_10: 0.0422	 hit@1:0.012538	 hit@5:0.0502	 hit@10: 0.0858
epoch 27: train_loss = 1.412600, source_mrr = 0.030913, source_hit@10 = 0.0627, source_ndcg@10 = 0.0317, target_mrr = 0.039185, target_hit@10 = 0.0858, target_ndcg@10 = 0.0422

2024-08-15 11:58:33.185597: step 4816/13760 (epoch 28/80), loss = 1.408729 (55.608 sec/epoch), lr: 0.002275
Evaluating on dev set...
..................................................................
source: 	 mrr: 0.048482	 ndcg_5: 0.0389	 ndcg_10: 0.0510	 hit@1:0.020279	 hit@5:0.0574	 hit@10: 0.0951
target: 	 mrr: 0.037535	 ndcg_5: 0.0279	 ndcg_10: 0.0410	 hit@1:0.008638	 hit@5:0.0471	 hit@10: 0.0878
source best!
..............................
source: 	 mrr: 0.046006	 ndcg_5: 0.0379	 ndcg_10: 0.0487	 hit@1:0.018476	 hit@5:0.0574	 hit@10: 0.0914
epoch 28: train_loss = 1.408729, source_mrr = 0.046006, source_hit@10 = 0.0914, source_ndcg@10 = 0.0487, target_mrr = 0.037535, target_hit@10 = 0.0878, target_ndcg@10 = 0.0410

2024-08-15 11:59:31.725393: step 4988/13760 (epoch 29/80), loss = 1.406074 (56.509 sec/epoch), lr: 0.002275
Evaluating on dev set...
..................................................................
source: 	 mrr: 0.024634	 ndcg_5: 0.0160	 ndcg_10: 0.0250	 hit@1:0.006337	 hit@5:0.0263	 hit@10: 0.0542
target: 	 mrr: 0.040154	 ndcg_5: 0.0313	 ndcg_10: 0.0430	 hit@1:0.012817	 hit@5:0.0504	 hit@10: 0.0867
epoch 29: train_loss = 1.406074, source_mrr = 0.024634, source_hit@10 = 0.0542, source_ndcg@10 = 0.0250, target_mrr = 0.040154, target_hit@10 = 0.0867, target_ndcg@10 = 0.0430

2024-08-15 12:00:29.914069: step 5160/13760 (epoch 30/80), loss = 1.399633 (56.762 sec/epoch), lr: 0.002161
Evaluating on dev set...
..................................................................
source: 	 mrr: 0.035657	 ndcg_5: 0.0272	 ndcg_10: 0.0356	 hit@1:0.011724	 hit@5:0.0415	 hit@10: 0.0678
target: 	 mrr: 0.037067	 ndcg_5: 0.0283	 ndcg_10: 0.0414	 hit@1:0.009195	 hit@5:0.0490	 hit@10: 0.0894
epoch 30: train_loss = 1.399633, source_mrr = 0.035657, source_hit@10 = 0.0678, source_ndcg@10 = 0.0356, target_mrr = 0.037067, target_hit@10 = 0.0894, target_ndcg@10 = 0.0414

2024-08-15 12:01:29.257719: step 5332/13760 (epoch 31/80), loss = 1.397255 (57.598 sec/epoch), lr: 0.002161
Evaluating on dev set...
..................................................................
source: 	 mrr: 0.035582	 ndcg_5: 0.0274	 ndcg_10: 0.0378	 hit@1:0.010456	 hit@5:0.0447	 hit@10: 0.0770
target: 	 mrr: 0.041856	 ndcg_5: 0.0337	 ndcg_10: 0.0455	 hit@1:0.014489	 hit@5:0.0527	 hit@10: 0.0889
target best!
...................................target: 	 mrr: 0.039585	 ndcg_5: 0.0340	 ndcg_10: 0.0418	 hit@1:0.013818	 hit@5:0.0550	 hit@10: 0.0790
epoch 31: train_loss = 1.397255, source_mrr = 0.035582, source_hit@10 = 0.0770, source_ndcg@10 = 0.0378, target_mrr = 0.039585, target_hit@10 = 0.0790, target_ndcg@10 = 0.0418

2024-08-15 12:02:27.480216: step 5504/13760 (epoch 32/80), loss = 1.393544 (56.177 sec/epoch), lr: 0.002161
Evaluating on dev set...
..................................................................
source: 	 mrr: 0.034786	 ndcg_5: 0.0270	 ndcg_10: 0.0360	 hit@1:0.010456	 hit@5:0.0437	 hit@10: 0.0719
target: 	 mrr: 0.038380	 ndcg_5: 0.0306	 ndcg_10: 0.0415	 hit@1:0.013096	 hit@5:0.0485	 hit@10: 0.0825
epoch 32: train_loss = 1.393544, source_mrr = 0.034786, source_hit@10 = 0.0719, source_ndcg@10 = 0.0360, target_mrr = 0.038380, target_hit@10 = 0.0825, target_ndcg@10 = 0.0415

2024-08-15 12:03:27.006893: step 5676/13760 (epoch 33/80), loss = 1.386654 (58.054 sec/epoch), lr: 0.002053
Evaluating on dev set...
..................................................................
source: 	 mrr: 0.039948	 ndcg_5: 0.0327	 ndcg_10: 0.0419	 hit@1:0.013942	 hit@5:0.0523	 hit@10: 0.0808
target: 	 mrr: 0.037731	 ndcg_5: 0.0281	 ndcg_10: 0.0404	 hit@1:0.011424	 hit@5:0.0454	 hit@10: 0.0833
epoch 33: train_loss = 1.386654, source_mrr = 0.039948, source_hit@10 = 0.0808, source_ndcg@10 = 0.0419, target_mrr = 0.037731, target_hit@10 = 0.0833, target_ndcg@10 = 0.0404

2024-08-15 12:04:25.516292: step 5848/13760 (epoch 34/80), loss = 1.386772 (56.920 sec/epoch), lr: 0.002053
Evaluating on dev set...
..................................................................
source: 	 mrr: 0.042226	 ndcg_5: 0.0348	 ndcg_10: 0.0451	 hit@1:0.014259	 hit@5:0.0554	 hit@10: 0.0878
target: 	 mrr: 0.037387	 ndcg_5: 0.0299	 ndcg_10: 0.0399	 hit@1:0.009752	 hit@5:0.0504	 hit@10: 0.0819
epoch 34: train_loss = 1.386772, source_mrr = 0.042226, source_hit@10 = 0.0878, source_ndcg@10 = 0.0451, target_mrr = 0.037387, target_hit@10 = 0.0819, target_ndcg@10 = 0.0399

2024-08-15 12:05:24.677781: step 6020/13760 (epoch 35/80), loss = 1.383301 (57.680 sec/epoch), lr: 0.002053
Evaluating on dev set...
..................................................................
source: 	 mrr: 0.036460	 ndcg_5: 0.0274	 ndcg_10: 0.0367	 hit@1:0.013625	 hit@5:0.0415	 hit@10: 0.0700
target: 	 mrr: 0.039018	 ndcg_5: 0.0315	 ndcg_10: 0.0427	 hit@1:0.012260	 hit@5:0.0524	 hit@10: 0.0875
epoch 35: train_loss = 1.383301, source_mrr = 0.036460, source_hit@10 = 0.0700, source_ndcg@10 = 0.0367, target_mrr = 0.039018, target_hit@10 = 0.0875, target_ndcg@10 = 0.0427

2024-08-15 12:06:24.158566: step 6192/13760 (epoch 36/80), loss = 1.379756 (58.002 sec/epoch), lr: 0.001951
Evaluating on dev set...
..................................................................
source: 	 mrr: 0.039345	 ndcg_5: 0.0311	 ndcg_10: 0.0406	 hit@1:0.014892	 hit@5:0.0478	 hit@10: 0.0776
target: 	 mrr: 0.041514	 ndcg_5: 0.0337	 ndcg_10: 0.0440	 hit@1:0.014767	 hit@5:0.0529	 hit@10: 0.0850
epoch 36: train_loss = 1.379756, source_mrr = 0.039345, source_hit@10 = 0.0776, source_ndcg@10 = 0.0406, target_mrr = 0.041514, target_hit@10 = 0.0850, target_ndcg@10 = 0.0440

2024-08-15 12:07:23.879034: step 6364/13760 (epoch 37/80), loss = 1.377308 (58.237 sec/epoch), lr: 0.001951
Evaluating on dev set...
..................................................................
source: 	 mrr: 0.045031	 ndcg_5: 0.0352	 ndcg_10: 0.0462	 hit@1:0.019011	 hit@5:0.0510	 hit@10: 0.0856
target: 	 mrr: 0.040871	 ndcg_5: 0.0314	 ndcg_10: 0.0438	 hit@1:0.013096	 hit@5:0.0499	 hit@10: 0.0886
epoch 37: train_loss = 1.377308, source_mrr = 0.045031, source_hit@10 = 0.0856, source_ndcg@10 = 0.0462, target_mrr = 0.040871, target_hit@10 = 0.0886, target_ndcg@10 = 0.0438

2024-08-15 12:08:22.762483: step 6536/13760 (epoch 38/80), loss = 1.377659 (57.420 sec/epoch), lr: 0.001951
Evaluating on dev set...
..................................................................
source: 	 mrr: 0.031697	 ndcg_5: 0.0234	 ndcg_10: 0.0318	 hit@1:0.010139	 hit@5:0.0361	 hit@10: 0.0624
target: 	 mrr: 0.040466	 ndcg_5: 0.0305	 ndcg_10: 0.0425	 hit@1:0.014489	 hit@5:0.0468	 hit@10: 0.0844
epoch 38: train_loss = 1.377659, source_mrr = 0.031697, source_hit@10 = 0.0624, source_ndcg@10 = 0.0318, target_mrr = 0.040466, target_hit@10 = 0.0844, target_ndcg@10 = 0.0425

2024-08-15 12:09:22.768755: step 6708/13760 (epoch 39/80), loss = 1.372441 (58.475 sec/epoch), lr: 0.001853
Evaluating on dev set...
..................................................................
source: 	 mrr: 0.032446	 ndcg_5: 0.0243	 ndcg_10: 0.0324	 hit@1:0.010456	 hit@5:0.0374	 hit@10: 0.0624
target: 	 mrr: 0.039384	 ndcg_5: 0.0312	 ndcg_10: 0.0424	 hit@1:0.011424	 hit@5:0.0518	 hit@10: 0.0872
epoch 39: train_loss = 1.372441, source_mrr = 0.032446, source_hit@10 = 0.0624, source_ndcg@10 = 0.0324, target_mrr = 0.039384, target_hit@10 = 0.0872, target_ndcg@10 = 0.0424

2024-08-15 12:10:22.382911: step 6880/13760 (epoch 40/80), loss = 1.365408 (58.115 sec/epoch), lr: 0.001761
Evaluating on dev set...
..................................................................
source: 	 mrr: 0.045841	 ndcg_5: 0.0376	 ndcg_10: 0.0470	 hit@1:0.018695	 hit@5:0.0567	 hit@10: 0.0859
target: 	 mrr: 0.039253	 ndcg_5: 0.0302	 ndcg_10: 0.0408	 hit@1:0.013096	 hit@5:0.0482	 hit@10: 0.0819
epoch 40: train_loss = 1.365408, source_mrr = 0.045841, source_hit@10 = 0.0859, source_ndcg@10 = 0.0470, target_mrr = 0.039253, target_hit@10 = 0.0819, target_ndcg@10 = 0.0408
shift to transfer learning mode

2024-08-15 12:11:22.559516: step 7052/13760 (epoch 41/80), loss = 1.527932 (58.716 sec/epoch), lr: 0.001761
Evaluating on dev set...
..................................................................
source: 	 mrr: 0.044763	 ndcg_5: 0.0371	 ndcg_10: 0.0474	 hit@1:0.017110	 hit@5:0.0574	 hit@10: 0.0897
target: 	 mrr: 0.036961	 ndcg_5: 0.0309	 ndcg_10: 0.0404	 hit@1:0.010588	 hit@5:0.0524	 hit@10: 0.0819
epoch 41: train_loss = 1.527932, source_mrr = 0.044763, source_hit@10 = 0.0897, source_ndcg@10 = 0.0474, target_mrr = 0.036961, target_hit@10 = 0.0819, target_ndcg@10 = 0.0404

2024-08-15 12:12:22.506978: step 7224/13760 (epoch 42/80), loss = 1.536166 (58.522 sec/epoch), lr: 0.001672
Evaluating on dev set...
..................................................................
source: 	 mrr: 0.044344	 ndcg_5: 0.0362	 ndcg_10: 0.0477	 hit@1:0.015843	 hit@5:0.0561	 hit@10: 0.0922
target: 	 mrr: 0.042114	 ndcg_5: 0.0325	 ndcg_10: 0.0446	 hit@1:0.014210	 hit@5:0.0507	 hit@10: 0.0883
target best!
...................................target: 	 mrr: 0.040901	 ndcg_5: 0.0317	 ndcg_10: 0.0433	 hit@1:0.013818	 hit@5:0.0496	 hit@10: 0.0857
epoch 42: train_loss = 1.536166, source_mrr = 0.044344, source_hit@10 = 0.0922, source_ndcg@10 = 0.0477, target_mrr = 0.040901, target_hit@10 = 0.0857, target_ndcg@10 = 0.0433

2024-08-15 12:13:23.173690: step 7396/13760 (epoch 43/80), loss = 1.542056 (58.575 sec/epoch), lr: 0.001672
Evaluating on dev set...
..................................................................
source: 	 mrr: 0.048494	 ndcg_5: 0.0400	 ndcg_10: 0.0527	 hit@1:0.018061	 hit@5:0.0618	 hit@10: 0.1017
target: 	 mrr: 0.037224	 ndcg_5: 0.0282	 ndcg_10: 0.0403	 hit@1:0.010867	 hit@5:0.0463	 hit@10: 0.0844
source best!
..............................
source: 	 mrr: 0.045551	 ndcg_5: 0.0369	 ndcg_10: 0.0479	 hit@1:0.017504	 hit@5:0.0571	 hit@10: 0.0914
epoch 43: train_loss = 1.542056, source_mrr = 0.045551, source_hit@10 = 0.0914, source_ndcg@10 = 0.0479, target_mrr = 0.037224, target_hit@10 = 0.0844, target_ndcg@10 = 0.0403

2024-08-15 12:14:22.977515: step 7568/13760 (epoch 44/80), loss = 1.542659 (57.854 sec/epoch), lr: 0.001589
Evaluating on dev set...
..................................................................
source: 	 mrr: 0.038405	 ndcg_5: 0.0303	 ndcg_10: 0.0403	 hit@1:0.013308	 hit@5:0.0472	 hit@10: 0.0786
target: 	 mrr: 0.038590	 ndcg_5: 0.0308	 ndcg_10: 0.0408	 hit@1:0.011981	 hit@5:0.0496	 hit@10: 0.0811
epoch 44: train_loss = 1.542659, source_mrr = 0.038405, source_hit@10 = 0.0786, source_ndcg@10 = 0.0403, target_mrr = 0.038590, target_hit@10 = 0.0811, target_ndcg@10 = 0.0408

2024-08-15 12:15:21.211694: step 7740/13760 (epoch 45/80), loss = 1.541425 (56.875 sec/epoch), lr: 0.001509
Evaluating on dev set...
..................................................................
source: 	 mrr: 0.029122	 ndcg_5: 0.0212	 ndcg_10: 0.0296	 hit@1:0.010139	 hit@5:0.0326	 hit@10: 0.0586
target: 	 mrr: 0.041667	 ndcg_5: 0.0337	 ndcg_10: 0.0463	 hit@1:0.011702	 hit@5:0.0560	 hit@10: 0.0950
epoch 45: train_loss = 1.541425, source_mrr = 0.029122, source_hit@10 = 0.0586, source_ndcg@10 = 0.0296, target_mrr = 0.041667, target_hit@10 = 0.0950, target_ndcg@10 = 0.0463

2024-08-15 12:16:21.092437: step 7912/13760 (epoch 46/80), loss = 1.537890 (58.013 sec/epoch), lr: 0.001434
Evaluating on dev set...
..................................................................
source: 	 mrr: 0.032294	 ndcg_5: 0.0242	 ndcg_10: 0.0334	 hit@1:0.010456	 hit@5:0.0393	 hit@10: 0.0684
target: 	 mrr: 0.043112	 ndcg_5: 0.0349	 ndcg_10: 0.0467	 hit@1:0.012817	 hit@5:0.0566	 hit@10: 0.0928
target best!
...................................target: 	 mrr: 0.043710	 ndcg_5: 0.0360	 ndcg_10: 0.0457	 hit@1:0.016638	 hit@5:0.0553	 hit@10: 0.0860
epoch 46: train_loss = 1.537890, source_mrr = 0.032294, source_hit@10 = 0.0684, source_ndcg@10 = 0.0334, target_mrr = 0.043710, target_hit@10 = 0.0860, target_ndcg@10 = 0.0457

2024-08-15 12:17:20.818879: step 8084/13760 (epoch 47/80), loss = 1.538010 (57.665 sec/epoch), lr: 0.001434
Evaluating on dev set...
..................................................................
source: 	 mrr: 0.037380	 ndcg_5: 0.0302	 ndcg_10: 0.0386	 hit@1:0.012991	 hit@5:0.0469	 hit@10: 0.0735
target: 	 mrr: 0.038585	 ndcg_5: 0.0301	 ndcg_10: 0.0424	 hit@1:0.010309	 hit@5:0.0502	 hit@10: 0.0883
epoch 47: train_loss = 1.538010, source_mrr = 0.037380, source_hit@10 = 0.0735, source_ndcg@10 = 0.0386, target_mrr = 0.038585, target_hit@10 = 0.0883, target_ndcg@10 = 0.0424

2024-08-15 12:18:19.406011: step 8256/13760 (epoch 48/80), loss = 1.538374 (57.135 sec/epoch), lr: 0.001434
Evaluating on dev set...
..................................................................
source: 	 mrr: 0.050758	 ndcg_5: 0.0424	 ndcg_10: 0.0554	 hit@1:0.022180	 hit@5:0.0631	 hit@10: 0.1039
target: 	 mrr: 0.037708	 ndcg_5: 0.0289	 ndcg_10: 0.0392	 hit@1:0.011981	 hit@5:0.0460	 hit@10: 0.0780
source best!
..............................
source: 	 mrr: 0.049804	 ndcg_5: 0.0419	 ndcg_10: 0.0532	 hit@1:0.021718	 hit@5:0.0613	 hit@10: 0.0963
epoch 48: train_loss = 1.538374, source_mrr = 0.049804, source_hit@10 = 0.0963, source_ndcg@10 = 0.0532, target_mrr = 0.037708, target_hit@10 = 0.0780, target_ndcg@10 = 0.0392

2024-08-15 12:19:18.971525: step 8428/13760 (epoch 49/80), loss = 1.538011 (57.590 sec/epoch), lr: 0.001434
Evaluating on dev set...
..................................................................
source: 	 mrr: 0.047359	 ndcg_5: 0.0395	 ndcg_10: 0.0505	 hit@1:0.016793	 hit@5:0.0624	 hit@10: 0.0966
target: 	 mrr: 0.041499	 ndcg_5: 0.0331	 ndcg_10: 0.0450	 hit@1:0.012260	 hit@5:0.0538	 hit@10: 0.0906
epoch 49: train_loss = 1.538011, source_mrr = 0.047359, source_hit@10 = 0.0966, source_ndcg@10 = 0.0505, target_mrr = 0.041499, target_hit@10 = 0.0906, target_ndcg@10 = 0.0450

2024-08-15 12:20:18.979910: step 8600/13760 (epoch 50/80), loss = 1.537419 (58.578 sec/epoch), lr: 0.001434
Evaluating on dev set...
..................................................................
source: 	 mrr: 0.039666	 ndcg_5: 0.0315	 ndcg_10: 0.0421	 hit@1:0.012991	 hit@5:0.0510	 hit@10: 0.0840
target: 	 mrr: 0.043268	 ndcg_5: 0.0355	 ndcg_10: 0.0448	 hit@1:0.014489	 hit@5:0.0563	 hit@10: 0.0853
target best!
...................................target: 	 mrr: 0.043091	 ndcg_5: 0.0351	 ndcg_10: 0.0466	 hit@1:0.014382	 hit@5:0.0553	 hit@10: 0.0914
epoch 50: train_loss = 1.537419, source_mrr = 0.039666, source_hit@10 = 0.0840, source_ndcg@10 = 0.0421, target_mrr = 0.043091, target_hit@10 = 0.0914, target_ndcg@10 = 0.0466

2024-08-15 12:21:19.264436: step 8772/13760 (epoch 51/80), loss = 1.534807 (58.118 sec/epoch), lr: 0.001362
Evaluating on dev set...
..................................................................
source: 	 mrr: 0.042237	 ndcg_5: 0.0338	 ndcg_10: 0.0447	 hit@1:0.013625	 hit@5:0.0532	 hit@10: 0.0875
target: 	 mrr: 0.042781	 ndcg_5: 0.0342	 ndcg_10: 0.0458	 hit@1:0.015325	 hit@5:0.0532	 hit@10: 0.0894
epoch 51: train_loss = 1.534807, source_mrr = 0.042237, source_hit@10 = 0.0875, source_ndcg@10 = 0.0447, target_mrr = 0.042781, target_hit@10 = 0.0894, target_ndcg@10 = 0.0458

2024-08-15 12:22:19.305477: step 8944/13760 (epoch 52/80), loss = 1.535097 (58.579 sec/epoch), lr: 0.001362
Evaluating on dev set...
..................................................................
source: 	 mrr: 0.049034	 ndcg_5: 0.0418	 ndcg_10: 0.0528	 hit@1:0.017744	 hit@5:0.0656	 hit@10: 0.1001
target: 	 mrr: 0.041945	 ndcg_5: 0.0347	 ndcg_10: 0.0446	 hit@1:0.013653	 hit@5:0.0577	 hit@10: 0.0880
epoch 52: train_loss = 1.535097, source_mrr = 0.049034, source_hit@10 = 0.1001, source_ndcg@10 = 0.0528, target_mrr = 0.041945, target_hit@10 = 0.0880, target_ndcg@10 = 0.0446

2024-08-15 12:23:19.680435: step 9116/13760 (epoch 53/80), loss = 1.533311 (58.824 sec/epoch), lr: 0.001362
Evaluating on dev set...
..................................................................
source: 	 mrr: 0.047347	 ndcg_5: 0.0393	 ndcg_10: 0.0519	 hit@1:0.015843	 hit@5:0.0631	 hit@10: 0.1023
target: 	 mrr: 0.041237	 ndcg_5: 0.0316	 ndcg_10: 0.0439	 hit@1:0.013931	 hit@5:0.0499	 hit@10: 0.0883
epoch 53: train_loss = 1.533311, source_mrr = 0.047347, source_hit@10 = 0.1023, source_ndcg@10 = 0.0519, target_mrr = 0.041237, target_hit@10 = 0.0883, target_ndcg@10 = 0.0439

2024-08-15 12:24:18.111297: step 9288/13760 (epoch 54/80), loss = 1.530999 (56.988 sec/epoch), lr: 0.001294
Evaluating on dev set...
..................................................................
source: 	 mrr: 0.032493	 ndcg_5: 0.0239	 ndcg_10: 0.0319	 hit@1:0.011090	 hit@5:0.0374	 hit@10: 0.0621
target: 	 mrr: 0.041769	 ndcg_5: 0.0322	 ndcg_10: 0.0437	 hit@1:0.015046	 hit@5:0.0496	 hit@10: 0.0853
epoch 54: train_loss = 1.530999, source_mrr = 0.032493, source_hit@10 = 0.0621, source_ndcg@10 = 0.0319, target_mrr = 0.041769, target_hit@10 = 0.0853, target_ndcg@10 = 0.0437

2024-08-15 12:25:16.727666: step 9460/13760 (epoch 55/80), loss = 1.524771 (57.222 sec/epoch), lr: 0.001229
Evaluating on dev set...
..................................................................
source: 	 mrr: 0.039179	 ndcg_5: 0.0293	 ndcg_10: 0.0414	 hit@1:0.010139	 hit@5:0.0472	 hit@10: 0.0849
target: 	 mrr: 0.038626	 ndcg_5: 0.0300	 ndcg_10: 0.0400	 hit@1:0.012538	 hit@5:0.0471	 hit@10: 0.0783
epoch 55: train_loss = 1.524771, source_mrr = 0.039179, source_hit@10 = 0.0849, source_ndcg@10 = 0.0414, target_mrr = 0.038626, target_hit@10 = 0.0783, target_ndcg@10 = 0.0400

2024-08-15 12:26:14.911422: step 9632/13760 (epoch 56/80), loss = 1.525431 (56.798 sec/epoch), lr: 0.001229
Evaluating on dev set...
..................................................................
source: 	 mrr: 0.042818	 ndcg_5: 0.0328	 ndcg_10: 0.0439	 hit@1:0.015526	 hit@5:0.0494	 hit@10: 0.0843
target: 	 mrr: 0.044729	 ndcg_5: 0.0373	 ndcg_10: 0.0489	 hit@1:0.017275	 hit@5:0.0577	 hit@10: 0.0942
target best!
...................................target: 	 mrr: 0.041520	 ndcg_5: 0.0331	 ndcg_10: 0.0437	 hit@1:0.016356	 hit@5:0.0496	 hit@10: 0.0829
epoch 56: train_loss = 1.525431, source_mrr = 0.042818, source_hit@10 = 0.0843, source_ndcg@10 = 0.0439, target_mrr = 0.041520, target_hit@10 = 0.0829, target_ndcg@10 = 0.0437

2024-08-15 12:27:13.998420: step 9804/13760 (epoch 57/80), loss = 1.524910 (57.046 sec/epoch), lr: 0.001229
Evaluating on dev set...
..................................................................
source: 	 mrr: 0.053109	 ndcg_5: 0.0446	 ndcg_10: 0.0561	 hit@1:0.022497	 hit@5:0.0669	 hit@10: 0.1033
target: 	 mrr: 0.043148	 ndcg_5: 0.0348	 ndcg_10: 0.0473	 hit@1:0.014210	 hit@5:0.0549	 hit@10: 0.0942
source best!
..............................
source: 	 mrr: 0.050078	 ndcg_5: 0.0415	 ndcg_10: 0.0545	 hit@1:0.020421	 hit@5:0.0626	 hit@10: 0.1031
epoch 57: train_loss = 1.524910, source_mrr = 0.050078, source_hit@10 = 0.1031, source_ndcg@10 = 0.0545, target_mrr = 0.043148, target_hit@10 = 0.0942, target_ndcg@10 = 0.0473

2024-08-15 12:28:12.836508: step 9976/13760 (epoch 58/80), loss = 1.526563 (56.830 sec/epoch), lr: 0.001229
Evaluating on dev set...
..................................................................
source: 	 mrr: 0.036935	 ndcg_5: 0.0284	 ndcg_10: 0.0377	 hit@1:0.012991	 hit@5:0.0453	 hit@10: 0.0741
target: 	 mrr: 0.041610	 ndcg_5: 0.0327	 ndcg_10: 0.0450	 hit@1:0.012817	 hit@5:0.0513	 hit@10: 0.0897
epoch 58: train_loss = 1.526563, source_mrr = 0.036935, source_hit@10 = 0.0741, source_ndcg@10 = 0.0377, target_mrr = 0.041610, target_hit@10 = 0.0897, target_ndcg@10 = 0.0450

2024-08-15 12:29:11.251367: step 10148/13760 (epoch 59/80), loss = 1.521351 (57.026 sec/epoch), lr: 0.001168
Evaluating on dev set...
..................................................................
source: 	 mrr: 0.036802	 ndcg_5: 0.0281	 ndcg_10: 0.0388	 hit@1:0.011090	 hit@5:0.0453	 hit@10: 0.0783
target: 	 mrr: 0.042353	 ndcg_5: 0.0333	 ndcg_10: 0.0465	 hit@1:0.012817	 hit@5:0.0541	 hit@10: 0.0953
epoch 59: train_loss = 1.521351, source_mrr = 0.036802, source_hit@10 = 0.0783, source_ndcg@10 = 0.0388, target_mrr = 0.042353, target_hit@10 = 0.0953, target_ndcg@10 = 0.0465

2024-08-15 12:30:10.284701: step 10320/13760 (epoch 60/80), loss = 1.522269 (57.652 sec/epoch), lr: 0.001168
Evaluating on dev set...
..................................................................
source: 	 mrr: 0.043289	 ndcg_5: 0.0355	 ndcg_10: 0.0442	 hit@1:0.017110	 hit@5:0.0539	 hit@10: 0.0811
target: 	 mrr: 0.040006	 ndcg_5: 0.0308	 ndcg_10: 0.0436	 hit@1:0.012260	 hit@5:0.0496	 hit@10: 0.0894
epoch 60: train_loss = 1.522269, source_mrr = 0.043289, source_hit@10 = 0.0811, source_ndcg@10 = 0.0442, target_mrr = 0.040006, target_hit@10 = 0.0894, target_ndcg@10 = 0.0436

2024-08-15 12:31:11.677322: step 10492/13760 (epoch 61/80), loss = 1.522920 (59.935 sec/epoch), lr: 0.001168
Evaluating on dev set...
..................................................................
source: 	 mrr: 0.039994	 ndcg_5: 0.0313	 ndcg_10: 0.0428	 hit@1:0.014892	 hit@5:0.0485	 hit@10: 0.0840
target: 	 mrr: 0.039369	 ndcg_5: 0.0314	 ndcg_10: 0.0428	 hit@1:0.012260	 hit@5:0.0515	 hit@10: 0.0869
epoch 61: train_loss = 1.522920, source_mrr = 0.039994, source_hit@10 = 0.0840, source_ndcg@10 = 0.0428, target_mrr = 0.039369, target_hit@10 = 0.0869, target_ndcg@10 = 0.0428

2024-08-15 12:32:11.546302: step 10664/13760 (epoch 62/80), loss = 1.519199 (58.362 sec/epoch), lr: 0.001110
Evaluating on dev set...
..................................................................
source: 	 mrr: 0.023725	 ndcg_5: 0.0149	 ndcg_10: 0.0220	 hit@1:0.005387	 hit@5:0.0253	 hit@10: 0.0472
target: 	 mrr: 0.038573	 ndcg_5: 0.0296	 ndcg_10: 0.0412	 hit@1:0.010867	 hit@5:0.0476	 hit@10: 0.0839
epoch 62: train_loss = 1.519199, source_mrr = 0.023725, source_hit@10 = 0.0472, source_ndcg@10 = 0.0220, target_mrr = 0.038573, target_hit@10 = 0.0839, target_ndcg@10 = 0.0412

2024-08-15 12:33:12.689549: step 10836/13760 (epoch 63/80), loss = 1.516365 (59.372 sec/epoch), lr: 0.001054
Evaluating on dev set...
..................................................................
source: 	 mrr: 0.044865	 ndcg_5: 0.0361	 ndcg_10: 0.0477	 hit@1:0.015209	 hit@5:0.0564	 hit@10: 0.0925
target: 	 mrr: 0.040723	 ndcg_5: 0.0318	 ndcg_10: 0.0440	 hit@1:0.013374	 hit@5:0.0502	 hit@10: 0.0886
epoch 63: train_loss = 1.516365, source_mrr = 0.044865, source_hit@10 = 0.0925, source_ndcg@10 = 0.0477, target_mrr = 0.040723, target_hit@10 = 0.0886, target_ndcg@10 = 0.0440

2024-08-15 12:34:12.635168: step 11008/13760 (epoch 64/80), loss = 1.516897 (58.516 sec/epoch), lr: 0.001054
Evaluating on dev set...
..................................................................
source: 	 mrr: 0.047839	 ndcg_5: 0.0379	 ndcg_10: 0.0509	 hit@1:0.018378	 hit@5:0.0570	 hit@10: 0.0982
target: 	 mrr: 0.038159	 ndcg_5: 0.0311	 ndcg_10: 0.0411	 hit@1:0.012260	 hit@5:0.0493	 hit@10: 0.0811
epoch 64: train_loss = 1.516897, source_mrr = 0.047839, source_hit@10 = 0.0982, source_ndcg@10 = 0.0509, target_mrr = 0.038159, target_hit@10 = 0.0811, target_ndcg@10 = 0.0411

2024-08-15 12:35:12.600872: step 11180/13760 (epoch 65/80), loss = 1.516709 (58.498 sec/epoch), lr: 0.001054
Evaluating on dev set...
..................................................................
source: 	 mrr: 0.042169	 ndcg_5: 0.0335	 ndcg_10: 0.0467	 hit@1:0.012041	 hit@5:0.0551	 hit@10: 0.0960
target: 	 mrr: 0.040725	 ndcg_5: 0.0324	 ndcg_10: 0.0428	 hit@1:0.014489	 hit@5:0.0502	 hit@10: 0.0825
epoch 65: train_loss = 1.516709, source_mrr = 0.042169, source_hit@10 = 0.0960, source_ndcg@10 = 0.0467, target_mrr = 0.040725, target_hit@10 = 0.0825, target_ndcg@10 = 0.0428

2024-08-15 12:36:11.499574: step 11352/13760 (epoch 66/80), loss = 1.513562 (57.523 sec/epoch), lr: 0.001001
Evaluating on dev set...
..................................................................
source: 	 mrr: 0.048458	 ndcg_5: 0.0389	 ndcg_10: 0.0508	 hit@1:0.020596	 hit@5:0.0567	 hit@10: 0.0935
target: 	 mrr: 0.031300	 ndcg_5: 0.0236	 ndcg_10: 0.0307	 hit@1:0.009195	 hit@5:0.0373	 hit@10: 0.0593
epoch 66: train_loss = 1.513562, source_mrr = 0.048458, source_hit@10 = 0.0935, source_ndcg@10 = 0.0508, target_mrr = 0.031300, target_hit@10 = 0.0593, target_ndcg@10 = 0.0307

2024-08-15 12:37:11.792019: step 11524/13760 (epoch 67/80), loss = 1.510608 (58.862 sec/epoch), lr: 0.000951
Evaluating on dev set...
..................................................................
source: 	 mrr: 0.048993	 ndcg_5: 0.0419	 ndcg_10: 0.0540	 hit@1:0.017110	 hit@5:0.0659	 hit@10: 0.1036
target: 	 mrr: 0.041363	 ndcg_5: 0.0336	 ndcg_10: 0.0444	 hit@1:0.015603	 hit@5:0.0524	 hit@10: 0.0861
epoch 67: train_loss = 1.510608, source_mrr = 0.048993, source_hit@10 = 0.1036, source_ndcg@10 = 0.0540, target_mrr = 0.041363, target_hit@10 = 0.0861, target_ndcg@10 = 0.0444

2024-08-15 12:38:11.445866: step 11696/13760 (epoch 68/80), loss = 1.510266 (58.271 sec/epoch), lr: 0.000951
Evaluating on dev set...
..................................................................
source: 	 mrr: 0.051961	 ndcg_5: 0.0438	 ndcg_10: 0.0548	 hit@1:0.022497	 hit@5:0.0656	 hit@10: 0.0998
target: 	 mrr: 0.039483	 ndcg_5: 0.0330	 ndcg_10: 0.0425	 hit@1:0.012538	 hit@5:0.0535	 hit@10: 0.0830
epoch 68: train_loss = 1.510266, source_mrr = 0.051961, source_hit@10 = 0.0998, source_ndcg@10 = 0.0548, target_mrr = 0.039483, target_hit@10 = 0.0830, target_ndcg@10 = 0.0425

2024-08-15 12:39:11.548251: step 11868/13760 (epoch 69/80), loss = 1.509953 (58.694 sec/epoch), lr: 0.000951
Evaluating on dev set...
..................................................................
source: 	 mrr: 0.049714	 ndcg_5: 0.0396	 ndcg_10: 0.0538	 hit@1:0.019962	 hit@5:0.0593	 hit@10: 0.1033
target: 	 mrr: 0.038169	 ndcg_5: 0.0306	 ndcg_10: 0.0404	 hit@1:0.013374	 hit@5:0.0485	 hit@10: 0.0791
epoch 69: train_loss = 1.509953, source_mrr = 0.049714, source_hit@10 = 0.1033, source_ndcg@10 = 0.0538, target_mrr = 0.038169, target_hit@10 = 0.0791, target_ndcg@10 = 0.0404

2024-08-15 12:40:12.009094: step 12040/13760 (epoch 70/80), loss = 1.509302 (59.081 sec/epoch), lr: 0.000904
Evaluating on dev set...
..................................................................
source: 	 mrr: 0.051165	 ndcg_5: 0.0434	 ndcg_10: 0.0551	 hit@1:0.019962	 hit@5:0.0669	 hit@10: 0.1033
target: 	 mrr: 0.041372	 ndcg_5: 0.0338	 ndcg_10: 0.0444	 hit@1:0.014767	 hit@5:0.0535	 hit@10: 0.0858
epoch 70: train_loss = 1.509302, source_mrr = 0.051165, source_hit@10 = 0.1033, source_ndcg@10 = 0.0551, target_mrr = 0.041372, target_hit@10 = 0.0858, target_ndcg@10 = 0.0444

2024-08-15 12:41:10.820851: step 12212/13760 (epoch 71/80), loss = 1.507336 (57.470 sec/epoch), lr: 0.000904
Evaluating on dev set...
..................................................................
source: 	 mrr: 0.047357	 ndcg_5: 0.0381	 ndcg_10: 0.0485	 hit@1:0.019645	 hit@5:0.0561	 hit@10: 0.0881
target: 	 mrr: 0.040311	 ndcg_5: 0.0322	 ndcg_10: 0.0429	 hit@1:0.013653	 hit@5:0.0507	 hit@10: 0.0839
epoch 71: train_loss = 1.507336, source_mrr = 0.047357, source_hit@10 = 0.0881, source_ndcg@10 = 0.0485, target_mrr = 0.040311, target_hit@10 = 0.0839, target_ndcg@10 = 0.0429

2024-08-15 12:42:08.864965: step 12384/13760 (epoch 72/80), loss = 1.501809 (56.642 sec/epoch), lr: 0.000859
Evaluating on dev set...
..................................................................
source: 	 mrr: 0.045088	 ndcg_5: 0.0371	 ndcg_10: 0.0472	 hit@1:0.016793	 hit@5:0.0567	 hit@10: 0.0884
target: 	 mrr: 0.039408	 ndcg_5: 0.0309	 ndcg_10: 0.0411	 hit@1:0.014210	 hit@5:0.0471	 hit@10: 0.0791
epoch 72: train_loss = 1.501809, source_mrr = 0.045088, source_hit@10 = 0.0884, source_ndcg@10 = 0.0472, target_mrr = 0.039408, target_hit@10 = 0.0791, target_ndcg@10 = 0.0411

2024-08-15 12:43:08.098371: step 12556/13760 (epoch 73/80), loss = 1.499172 (57.787 sec/epoch), lr: 0.000816
Evaluating on dev set...
..................................................................
source: 	 mrr: 0.041747	 ndcg_5: 0.0335	 ndcg_10: 0.0425	 hit@1:0.015209	 hit@5:0.0510	 hit@10: 0.0789
target: 	 mrr: 0.041233	 ndcg_5: 0.0321	 ndcg_10: 0.0440	 hit@1:0.013653	 hit@5:0.0504	 hit@10: 0.0875
epoch 73: train_loss = 1.499172, source_mrr = 0.041747, source_hit@10 = 0.0789, source_ndcg@10 = 0.0425, target_mrr = 0.041233, target_hit@10 = 0.0875, target_ndcg@10 = 0.0440

2024-08-15 12:44:06.775361: step 12728/13760 (epoch 74/80), loss = 1.496080 (57.275 sec/epoch), lr: 0.000775
Evaluating on dev set...
..................................................................
source: 	 mrr: 0.036835	 ndcg_5: 0.0289	 ndcg_10: 0.0366	 hit@1:0.012357	 hit@5:0.0463	 hit@10: 0.0700
target: 	 mrr: 0.039552	 ndcg_5: 0.0307	 ndcg_10: 0.0425	 hit@1:0.011702	 hit@5:0.0493	 hit@10: 0.0867
epoch 74: train_loss = 1.496080, source_mrr = 0.036835, source_hit@10 = 0.0700, source_ndcg@10 = 0.0366, target_mrr = 0.039552, target_hit@10 = 0.0867, target_ndcg@10 = 0.0425

2024-08-15 12:45:04.762098: step 12900/13760 (epoch 75/80), loss = 1.494335 (56.630 sec/epoch), lr: 0.000736
Evaluating on dev set...
..................................................................
source: 	 mrr: 0.039945	 ndcg_5: 0.0315	 ndcg_10: 0.0415	 hit@1:0.015843	 hit@5:0.0466	 hit@10: 0.0776
target: 	 mrr: 0.040956	 ndcg_5: 0.0333	 ndcg_10: 0.0442	 hit@1:0.013653	 hit@5:0.0527	 hit@10: 0.0864
epoch 75: train_loss = 1.494335, source_mrr = 0.039945, source_hit@10 = 0.0776, source_ndcg@10 = 0.0415, target_mrr = 0.040956, target_hit@10 = 0.0864, target_ndcg@10 = 0.0442

2024-08-15 12:46:02.986421: step 13072/13760 (epoch 76/80), loss = 1.495062 (56.801 sec/epoch), lr: 0.000736
Evaluating on dev set...
..................................................................
source: 	 mrr: 0.048661	 ndcg_5: 0.0404	 ndcg_10: 0.0525	 hit@1:0.016793	 hit@5:0.0637	 hit@10: 0.1011
target: 	 mrr: 0.038692	 ndcg_5: 0.0322	 ndcg_10: 0.0411	 hit@1:0.012260	 hit@5:0.0515	 hit@10: 0.0794
epoch 76: train_loss = 1.495062, source_mrr = 0.048661, source_hit@10 = 0.1011, source_ndcg@10 = 0.0525, target_mrr = 0.038692, target_hit@10 = 0.0794, target_ndcg@10 = 0.0411

2024-08-15 12:47:02.401137: step 13244/13760 (epoch 77/80), loss = 1.497070 (58.004 sec/epoch), lr: 0.000736
Evaluating on dev set...
..................................................................
source: 	 mrr: 0.050031	 ndcg_5: 0.0408	 ndcg_10: 0.0546	 hit@1:0.018695	 hit@5:0.0624	 hit@10: 0.1052
target: 	 mrr: 0.036809	 ndcg_5: 0.0296	 ndcg_10: 0.0400	 hit@1:0.010309	 hit@5:0.0482	 hit@10: 0.0808
epoch 77: train_loss = 1.497070, source_mrr = 0.050031, source_hit@10 = 0.1052, source_ndcg@10 = 0.0546, target_mrr = 0.036809, target_hit@10 = 0.0808, target_ndcg@10 = 0.0400

2024-08-15 12:48:02.682218: step 13416/13760 (epoch 78/80), loss = 1.494444 (58.910 sec/epoch), lr: 0.000699
Evaluating on dev set...
..................................................................
source: 	 mrr: 0.041930	 ndcg_5: 0.0341	 ndcg_10: 0.0441	 hit@1:0.014259	 hit@5:0.0545	 hit@10: 0.0852
target: 	 mrr: 0.035770	 ndcg_5: 0.0270	 ndcg_10: 0.0388	 hit@1:0.011981	 hit@5:0.0424	 hit@10: 0.0789
epoch 78: train_loss = 1.494444, source_mrr = 0.041930, source_hit@10 = 0.0852, source_ndcg@10 = 0.0441, target_mrr = 0.035770, target_hit@10 = 0.0789, target_ndcg@10 = 0.0388
early termination of training
source best:  source_mrr = 0.050031, source_hit@10 = 0.1052, source_ndcg@10 = 0.0546
target best:  target_mrr = 0.042353, target_hit@10 = 0.0953, target_ndcg@10 = 0.0465
