using gpu:2 to train the model
using gpu:2 to train the model
cuda:2
Namespace(A_split=False, JK='sum', a_fold=100, aggregate=False, alpha=0.5, batch_size=2048, beta_inter=0.5, conv_layers=4, cuda=True, decay_epoch=10, device=device(type='cuda', index=2), device_id='2', domains='cloth_sport', dropout=0.4, epoch=80, feature_dim=126, gamma_intra=0.8, hidden_dim=126, inter_tau=0.2, intra_tau=0.4, lambda_critic=0.6, leakey=0.05, load=False, log='logs.txt', log_epoch=1, lr=0.004, lr_decay=0.95, min_epoch=60, mode='train', model_file=None, model_name='cs', momentum=0.98, num_latent_factors=3, num_negative=100, optim='adam', patience=20, proj_layers=1, projection=1, rectify_epoch=40, residual=1, save=False, save_dir='./saved_models', seed=32, similarity_tau=0.2, step=5, test_sample_number=999, user_batch_size=256, weight_decay=0.0002)
number_user 41829
number_item 17943
real graph loaded!
number_user 27328
number_item 12655
real graph loaded!
graph loaded!
Loading data from cloth_sport with batch size 2048...
unseen test: 0
test length: 3156
unseen test: 0
test length: 3085
unseen test: 0
test length: 3589
unseen test: 0
test length: 3546
source_user_num 41829
target_user_num 27328
source_item_num 17943
target_item_num 12655
shared users id: 7857
test users 990, 982
unseen test: 0
dev length: 1000
unseen test: 0
dev length: 1000
source train data : 187880, target train data: 163291, source test data : 3085, target test data : 3546, source dev data : 1000, target dev data : 1000
2024-08-15 15:32:48.224871: step 172/13760 (epoch 1/80), loss = 2.882054 (56.290 sec/epoch), lr: 0.004000
Evaluating on dev set...
..................................................................
source: 	 mrr: 0.035394	 ndcg_5: 0.0268	 ndcg_10: 0.0376	 hit@1:0.008872	 hit@5:0.0459	 hit@10: 0.0795
target: 	 mrr: 0.030402	 ndcg_5: 0.0228	 ndcg_10: 0.0317	 hit@1:0.006130	 hit@5:0.0390	 hit@10: 0.0669
source best!
..............................
source: 	 mrr: 0.033957	 ndcg_5: 0.0257	 ndcg_10: 0.0353	 hit@1:0.009076	 hit@5:0.0438	 hit@10: 0.0739
target best!
...................................target: 	 mrr: 0.028401	 ndcg_5: 0.0204	 ndcg_10: 0.0292	 hit@1:0.004794	 hit@5:0.0364	 hit@10: 0.0640
epoch 1: train_loss = 2.882054, source_mrr = 0.033957, source_hit@10 = 0.0739, source_ndcg@10 = 0.0353, target_mrr = 0.028401, target_hit@10 = 0.0640, target_ndcg@10 = 0.0292

2024-08-15 15:33:46.040934: step 344/13760 (epoch 2/80), loss = 2.363412 (55.082 sec/epoch), lr: 0.004000
Evaluating on dev set...
..................................................................
source: 	 mrr: 0.041839	 ndcg_5: 0.0345	 ndcg_10: 0.0464	 hit@1:0.013625	 hit@5:0.0561	 hit@10: 0.0935
target: 	 mrr: 0.026546	 ndcg_5: 0.0182	 ndcg_10: 0.0249	 hit@1:0.007244	 hit@5:0.0301	 hit@10: 0.0510
source best!
..............................
source: 	 mrr: 0.037191	 ndcg_5: 0.0296	 ndcg_10: 0.0407	 hit@1:0.009724	 hit@5:0.0502	 hit@10: 0.0846
epoch 2: train_loss = 2.363412, source_mrr = 0.037191, source_hit@10 = 0.0846, source_ndcg@10 = 0.0407, target_mrr = 0.026546, target_hit@10 = 0.0510, target_ndcg@10 = 0.0249

2024-08-15 15:34:43.845582: step 516/13760 (epoch 3/80), loss = 2.127921 (55.938 sec/epoch), lr: 0.004000
Evaluating on dev set...
..................................................................
source: 	 mrr: 0.040194	 ndcg_5: 0.0329	 ndcg_10: 0.0426	 hit@1:0.012674	 hit@5:0.0539	 hit@10: 0.0840
target: 	 mrr: 0.033036	 ndcg_5: 0.0238	 ndcg_10: 0.0338	 hit@1:0.010588	 hit@5:0.0387	 hit@10: 0.0702
target best!
...................................target: 	 mrr: 0.038101	 ndcg_5: 0.0287	 ndcg_10: 0.0397	 hit@1:0.013818	 hit@5:0.0434	 hit@10: 0.0776
epoch 3: train_loss = 2.127921, source_mrr = 0.040194, source_hit@10 = 0.0840, source_ndcg@10 = 0.0426, target_mrr = 0.038101, target_hit@10 = 0.0776, target_ndcg@10 = 0.0397

2024-08-15 15:35:41.528789: step 688/13760 (epoch 4/80), loss = 2.019597 (55.756 sec/epoch), lr: 0.004000
Evaluating on dev set...
..................................................................
source: 	 mrr: 0.037800	 ndcg_5: 0.0290	 ndcg_10: 0.0381	 hit@1:0.012674	 hit@5:0.0459	 hit@10: 0.0745
target: 	 mrr: 0.032823	 ndcg_5: 0.0256	 ndcg_10: 0.0350	 hit@1:0.007523	 hit@5:0.0424	 hit@10: 0.0719
epoch 4: train_loss = 2.019597, source_mrr = 0.037800, source_hit@10 = 0.0745, source_ndcg@10 = 0.0381, target_mrr = 0.032823, target_hit@10 = 0.0719, target_ndcg@10 = 0.0350

2024-08-15 15:36:37.341466: step 860/13760 (epoch 5/80), loss = 1.959406 (54.156 sec/epoch), lr: 0.004000
Evaluating on dev set...
..................................................................
source: 	 mrr: 0.041009	 ndcg_5: 0.0315	 ndcg_10: 0.0430	 hit@1:0.013625	 hit@5:0.0494	 hit@10: 0.0849
target: 	 mrr: 0.033811	 ndcg_5: 0.0266	 ndcg_10: 0.0366	 hit@1:0.010309	 hit@5:0.0435	 hit@10: 0.0744
target best!
...................................target: 	 mrr: 0.035076	 ndcg_5: 0.0266	 ndcg_10: 0.0371	 hit@1:0.012126	 hit@5:0.0420	 hit@10: 0.0742
epoch 5: train_loss = 1.959406, source_mrr = 0.041009, source_hit@10 = 0.0849, source_ndcg@10 = 0.0430, target_mrr = 0.035076, target_hit@10 = 0.0742, target_ndcg@10 = 0.0371

2024-08-15 15:37:32.908694: step 1032/13760 (epoch 6/80), loss = 1.925243 (53.650 sec/epoch), lr: 0.004000
Evaluating on dev set...
..................................................................
source: 	 mrr: 0.038426	 ndcg_5: 0.0285	 ndcg_10: 0.0408	 hit@1:0.012041	 hit@5:0.0450	 hit@10: 0.0837
target: 	 mrr: 0.035710	 ndcg_5: 0.0274	 ndcg_10: 0.0379	 hit@1:0.010309	 hit@5:0.0451	 hit@10: 0.0777
target best!
...................................target: 	 mrr: 0.037821	 ndcg_5: 0.0298	 ndcg_10: 0.0407	 hit@1:0.011280	 hit@5:0.0482	 hit@10: 0.0818
epoch 6: train_loss = 1.925243, source_mrr = 0.038426, source_hit@10 = 0.0837, source_ndcg@10 = 0.0408, target_mrr = 0.037821, target_hit@10 = 0.0818, target_ndcg@10 = 0.0407

2024-08-15 15:38:29.764577: step 1204/13760 (epoch 7/80), loss = 1.903216 (54.934 sec/epoch), lr: 0.004000
Evaluating on dev set...
..................................................................
source: 	 mrr: 0.045465	 ndcg_5: 0.0381	 ndcg_10: 0.0493	 hit@1:0.015209	 hit@5:0.0618	 hit@10: 0.0966
target: 	 mrr: 0.034551	 ndcg_5: 0.0263	 ndcg_10: 0.0365	 hit@1:0.009752	 hit@5:0.0437	 hit@10: 0.0758
source best!
..............................
source: 	 mrr: 0.039001	 ndcg_5: 0.0309	 ndcg_10: 0.0433	 hit@1:0.009400	 hit@5:0.0522	 hit@10: 0.0904
epoch 7: train_loss = 1.903216, source_mrr = 0.039001, source_hit@10 = 0.0904, source_ndcg@10 = 0.0433, target_mrr = 0.034551, target_hit@10 = 0.0758, target_ndcg@10 = 0.0365

2024-08-15 15:39:25.359888: step 1376/13760 (epoch 8/80), loss = 1.885884 (53.623 sec/epoch), lr: 0.004000
Evaluating on dev set...
..................................................................
source: 	 mrr: 0.046678	 ndcg_5: 0.0388	 ndcg_10: 0.0522	 hit@1:0.017110	 hit@5:0.0608	 hit@10: 0.1027
target: 	 mrr: 0.037039	 ndcg_5: 0.0298	 ndcg_10: 0.0395	 hit@1:0.013931	 hit@5:0.0465	 hit@10: 0.0769
source best!
..............................
source: 	 mrr: 0.040664	 ndcg_5: 0.0326	 ndcg_10: 0.0439	 hit@1:0.013938	 hit@5:0.0522	 hit@10: 0.0875
target best!
...................................target: 	 mrr: 0.036454	 ndcg_5: 0.0298	 ndcg_10: 0.0382	 hit@1:0.012126	 hit@5:0.0477	 hit@10: 0.0742
epoch 8: train_loss = 1.885884, source_mrr = 0.040664, source_hit@10 = 0.0875, source_ndcg@10 = 0.0439, target_mrr = 0.036454, target_hit@10 = 0.0742, target_ndcg@10 = 0.0382

2024-08-15 15:40:23.800113: step 1548/13760 (epoch 9/80), loss = 1.867634 (55.977 sec/epoch), lr: 0.004000
Evaluating on dev set...
..................................................................
source: 	 mrr: 0.040896	 ndcg_5: 0.0334	 ndcg_10: 0.0437	 hit@1:0.012357	 hit@5:0.0535	 hit@10: 0.0862
target: 	 mrr: 0.034545	 ndcg_5: 0.0283	 ndcg_10: 0.0362	 hit@1:0.011981	 hit@5:0.0449	 hit@10: 0.0697
epoch 9: train_loss = 1.867634, source_mrr = 0.040896, source_hit@10 = 0.0862, source_ndcg@10 = 0.0437, target_mrr = 0.034545, target_hit@10 = 0.0697, target_ndcg@10 = 0.0362

2024-08-15 15:41:21.587499: step 1720/13760 (epoch 10/80), loss = 1.854053 (56.095 sec/epoch), lr: 0.004000
Evaluating on dev set...
..................................................................
source: 	 mrr: 0.045762	 ndcg_5: 0.0369	 ndcg_10: 0.0490	 hit@1:0.016793	 hit@5:0.0567	 hit@10: 0.0944
target: 	 mrr: 0.040119	 ndcg_5: 0.0305	 ndcg_10: 0.0431	 hit@1:0.013653	 hit@5:0.0479	 hit@10: 0.0872
target best!
...................................target: 	 mrr: 0.041265	 ndcg_5: 0.0336	 ndcg_10: 0.0438	 hit@1:0.013818	 hit@5:0.0530	 hit@10: 0.0849
epoch 10: train_loss = 1.854053, source_mrr = 0.045762, source_hit@10 = 0.0944, source_ndcg@10 = 0.0490, target_mrr = 0.041265, target_hit@10 = 0.0849, target_ndcg@10 = 0.0438

2024-08-15 15:42:18.835379: step 1892/13760 (epoch 11/80), loss = 1.839039 (55.311 sec/epoch), lr: 0.004000
Evaluating on dev set...
..................................................................
source: 	 mrr: 0.042244	 ndcg_5: 0.0337	 ndcg_10: 0.0447	 hit@1:0.015526	 hit@5:0.0529	 hit@10: 0.0871
target: 	 mrr: 0.035217	 ndcg_5: 0.0272	 ndcg_10: 0.0371	 hit@1:0.010309	 hit@5:0.0437	 hit@10: 0.0747
epoch 11: train_loss = 1.839039, source_mrr = 0.042244, source_hit@10 = 0.0871, source_ndcg@10 = 0.0447, target_mrr = 0.035217, target_hit@10 = 0.0747, target_ndcg@10 = 0.0371

2024-08-15 15:43:16.341804: step 2064/13760 (epoch 12/80), loss = 1.818380 (56.106 sec/epoch), lr: 0.003800
Evaluating on dev set...
..................................................................
source: 	 mrr: 0.045760	 ndcg_5: 0.0386	 ndcg_10: 0.0507	 hit@1:0.016793	 hit@5:0.0605	 hit@10: 0.0982
target: 	 mrr: 0.037022	 ndcg_5: 0.0298	 ndcg_10: 0.0393	 hit@1:0.011981	 hit@5:0.0485	 hit@10: 0.0783
epoch 12: train_loss = 1.818380, source_mrr = 0.045760, source_hit@10 = 0.0982, source_ndcg@10 = 0.0507, target_mrr = 0.037022, target_hit@10 = 0.0783, target_ndcg@10 = 0.0393

2024-08-15 15:44:13.464631: step 2236/13760 (epoch 13/80), loss = 1.812258 (55.801 sec/epoch), lr: 0.003800
Evaluating on dev set...
..................................................................
source: 	 mrr: 0.043805	 ndcg_5: 0.0361	 ndcg_10: 0.0466	 hit@1:0.014892	 hit@5:0.0574	 hit@10: 0.0903
target: 	 mrr: 0.036939	 ndcg_5: 0.0291	 ndcg_10: 0.0390	 hit@1:0.010309	 hit@5:0.0476	 hit@10: 0.0786
epoch 13: train_loss = 1.812258, source_mrr = 0.043805, source_hit@10 = 0.0903, source_ndcg@10 = 0.0466, target_mrr = 0.036939, target_hit@10 = 0.0786, target_ndcg@10 = 0.0390

2024-08-15 15:45:11.129779: step 2408/13760 (epoch 14/80), loss = 1.799001 (56.321 sec/epoch), lr: 0.003610
Evaluating on dev set...
..................................................................
source: 	 mrr: 0.039122	 ndcg_5: 0.0319	 ndcg_10: 0.0407	 hit@1:0.013625	 hit@5:0.0501	 hit@10: 0.0776
target: 	 mrr: 0.037594	 ndcg_5: 0.0271	 ndcg_10: 0.0386	 hit@1:0.012817	 hit@5:0.0412	 hit@10: 0.0775
epoch 14: train_loss = 1.799001, source_mrr = 0.039122, source_hit@10 = 0.0776, source_ndcg@10 = 0.0407, target_mrr = 0.037594, target_hit@10 = 0.0775, target_ndcg@10 = 0.0386

2024-08-15 15:46:08.814481: step 2580/13760 (epoch 15/80), loss = 1.787310 (56.338 sec/epoch), lr: 0.003429
Evaluating on dev set...
..................................................................
source: 	 mrr: 0.042049	 ndcg_5: 0.0330	 ndcg_10: 0.0426	 hit@1:0.015526	 hit@5:0.0501	 hit@10: 0.0798
target: 	 mrr: 0.035629	 ndcg_5: 0.0271	 ndcg_10: 0.0388	 hit@1:0.009752	 hit@5:0.0451	 hit@10: 0.0814
epoch 15: train_loss = 1.787310, source_mrr = 0.042049, source_hit@10 = 0.0798, source_ndcg@10 = 0.0426, target_mrr = 0.035629, target_hit@10 = 0.0814, target_ndcg@10 = 0.0388

2024-08-15 15:47:05.586496: step 2752/13760 (epoch 16/80), loss = 1.780801 (55.381 sec/epoch), lr: 0.003429
Evaluating on dev set...
..................................................................
source: 	 mrr: 0.036055	 ndcg_5: 0.0262	 ndcg_10: 0.0366	 hit@1:0.011407	 hit@5:0.0406	 hit@10: 0.0729
target: 	 mrr: 0.036216	 ndcg_5: 0.0270	 ndcg_10: 0.0380	 hit@1:0.011145	 hit@5:0.0440	 hit@10: 0.0783
epoch 16: train_loss = 1.780801, source_mrr = 0.036055, source_hit@10 = 0.0729, source_ndcg@10 = 0.0366, target_mrr = 0.036216, target_hit@10 = 0.0783, target_ndcg@10 = 0.0380

2024-08-15 15:48:03.192261: step 2924/13760 (epoch 17/80), loss = 1.769115 (56.271 sec/epoch), lr: 0.003258
Evaluating on dev set...
..................................................................
source: 	 mrr: 0.042779	 ndcg_5: 0.0339	 ndcg_10: 0.0459	 hit@1:0.014259	 hit@5:0.0539	 hit@10: 0.0909
target: 	 mrr: 0.039856	 ndcg_5: 0.0315	 ndcg_10: 0.0423	 hit@1:0.013374	 hit@5:0.0499	 hit@10: 0.0839
epoch 17: train_loss = 1.769115, source_mrr = 0.042779, source_hit@10 = 0.0909, source_ndcg@10 = 0.0459, target_mrr = 0.039856, target_hit@10 = 0.0839, target_ndcg@10 = 0.0423

2024-08-15 15:49:02.286202: step 3096/13760 (epoch 18/80), loss = 1.764792 (57.698 sec/epoch), lr: 0.003258
Evaluating on dev set...
..................................................................
source: 	 mrr: 0.039504	 ndcg_5: 0.0302	 ndcg_10: 0.0410	 hit@1:0.012991	 hit@5:0.0478	 hit@10: 0.0811
target: 	 mrr: 0.035984	 ndcg_5: 0.0281	 ndcg_10: 0.0388	 hit@1:0.010588	 hit@5:0.0463	 hit@10: 0.0794
epoch 18: train_loss = 1.764792, source_mrr = 0.039504, source_hit@10 = 0.0811, source_ndcg@10 = 0.0410, target_mrr = 0.035984, target_hit@10 = 0.0794, target_ndcg@10 = 0.0388

2024-08-15 15:49:59.244247: step 3268/13760 (epoch 19/80), loss = 1.752923 (55.622 sec/epoch), lr: 0.003095
Evaluating on dev set...
..................................................................
source: 	 mrr: 0.034672	 ndcg_5: 0.0273	 ndcg_10: 0.0365	 hit@1:0.008872	 hit@5:0.0453	 hit@10: 0.0738
target: 	 mrr: 0.040106	 ndcg_5: 0.0328	 ndcg_10: 0.0436	 hit@1:0.012538	 hit@5:0.0527	 hit@10: 0.0864
epoch 19: train_loss = 1.752923, source_mrr = 0.034672, source_hit@10 = 0.0738, source_ndcg@10 = 0.0365, target_mrr = 0.040106, target_hit@10 = 0.0864, target_ndcg@10 = 0.0436

2024-08-15 15:50:54.889676: step 3440/13760 (epoch 20/80), loss = 1.744560 (54.310 sec/epoch), lr: 0.002940
Evaluating on dev set...
..................................................................
source: 	 mrr: 0.044078	 ndcg_5: 0.0354	 ndcg_10: 0.0472	 hit@1:0.013942	 hit@5:0.0564	 hit@10: 0.0928
target: 	 mrr: 0.039192	 ndcg_5: 0.0304	 ndcg_10: 0.0418	 hit@1:0.012817	 hit@5:0.0488	 hit@10: 0.0841
epoch 20: train_loss = 1.744560, source_mrr = 0.044078, source_hit@10 = 0.0928, source_ndcg@10 = 0.0472, target_mrr = 0.039192, target_hit@10 = 0.0841, target_ndcg@10 = 0.0418

2024-08-15 15:51:49.169179: step 3612/13760 (epoch 21/80), loss = 1.742635 (52.994 sec/epoch), lr: 0.002940
Evaluating on dev set...
..................................................................
source: 	 mrr: 0.044787	 ndcg_5: 0.0363	 ndcg_10: 0.0475	 hit@1:0.015526	 hit@5:0.0570	 hit@10: 0.0916
target: 	 mrr: 0.039105	 ndcg_5: 0.0303	 ndcg_10: 0.0419	 hit@1:0.013931	 hit@5:0.0463	 hit@10: 0.0822
epoch 21: train_loss = 1.742635, source_mrr = 0.044787, source_hit@10 = 0.0916, source_ndcg@10 = 0.0475, target_mrr = 0.039105, target_hit@10 = 0.0822, target_ndcg@10 = 0.0419

2024-08-15 15:52:46.630564: step 3784/13760 (epoch 22/80), loss = 1.739325 (56.195 sec/epoch), lr: 0.002940
Evaluating on dev set...
..................................................................
source: 	 mrr: 0.041686	 ndcg_5: 0.0325	 ndcg_10: 0.0439	 hit@1:0.014259	 hit@5:0.0507	 hit@10: 0.0862
target: 	 mrr: 0.037822	 ndcg_5: 0.0310	 ndcg_10: 0.0405	 hit@1:0.012817	 hit@5:0.0504	 hit@10: 0.0802
epoch 22: train_loss = 1.739325, source_mrr = 0.041686, source_hit@10 = 0.0862, source_ndcg@10 = 0.0439, target_mrr = 0.037822, target_hit@10 = 0.0802, target_ndcg@10 = 0.0405

2024-08-15 15:53:42.894990: step 3956/13760 (epoch 23/80), loss = 1.730560 (54.914 sec/epoch), lr: 0.002793
Evaluating on dev set...
..................................................................
source: 	 mrr: 0.041631	 ndcg_5: 0.0323	 ndcg_10: 0.0430	 hit@1:0.014575	 hit@5:0.0497	 hit@10: 0.0827
target: 	 mrr: 0.041803	 ndcg_5: 0.0322	 ndcg_10: 0.0442	 hit@1:0.015046	 hit@5:0.0502	 hit@10: 0.0875
target best!
...................................target: 	 mrr: 0.042458	 ndcg_5: 0.0344	 ndcg_10: 0.0455	 hit@1:0.015228	 hit@5:0.0550	 hit@10: 0.0894
epoch 23: train_loss = 1.730560, source_mrr = 0.041631, source_hit@10 = 0.0827, source_ndcg@10 = 0.0430, target_mrr = 0.042458, target_hit@10 = 0.0894, target_ndcg@10 = 0.0455

2024-08-15 15:54:40.602211: step 4128/13760 (epoch 24/80), loss = 1.725371 (55.705 sec/epoch), lr: 0.002793
Evaluating on dev set...
..................................................................
source: 	 mrr: 0.045953	 ndcg_5: 0.0379	 ndcg_10: 0.0488	 hit@1:0.016160	 hit@5:0.0589	 hit@10: 0.0932
target: 	 mrr: 0.040716	 ndcg_5: 0.0336	 ndcg_10: 0.0448	 hit@1:0.011981	 hit@5:0.0549	 hit@10: 0.0897
epoch 24: train_loss = 1.725371, source_mrr = 0.045953, source_hit@10 = 0.0932, source_ndcg@10 = 0.0488, target_mrr = 0.040716, target_hit@10 = 0.0897, target_ndcg@10 = 0.0448

2024-08-15 15:55:36.023399: step 4300/13760 (epoch 25/80), loss = 1.718356 (54.131 sec/epoch), lr: 0.002793
Evaluating on dev set...
..................................................................
source: 	 mrr: 0.042145	 ndcg_5: 0.0330	 ndcg_10: 0.0443	 hit@1:0.012357	 hit@5:0.0529	 hit@10: 0.0884
target: 	 mrr: 0.041301	 ndcg_5: 0.0338	 ndcg_10: 0.0448	 hit@1:0.012817	 hit@5:0.0546	 hit@10: 0.0886
epoch 25: train_loss = 1.718356, source_mrr = 0.042145, source_hit@10 = 0.0884, source_ndcg@10 = 0.0443, target_mrr = 0.041301, target_hit@10 = 0.0886, target_ndcg@10 = 0.0448

2024-08-15 15:56:33.807754: step 4472/13760 (epoch 26/80), loss = 1.708911 (56.105 sec/epoch), lr: 0.002654
Evaluating on dev set...
..................................................................
source: 	 mrr: 0.049440	 ndcg_5: 0.0420	 ndcg_10: 0.0521	 hit@1:0.019962	 hit@5:0.0640	 hit@10: 0.0954
target: 	 mrr: 0.041921	 ndcg_5: 0.0331	 ndcg_10: 0.0448	 hit@1:0.013653	 hit@5:0.0527	 hit@10: 0.0889
source best!
..............................
source: 	 mrr: 0.043664	 ndcg_5: 0.0340	 ndcg_10: 0.0440	 hit@1:0.016856	 hit@5:0.0509	 hit@10: 0.0817
target best!
...................................target: 	 mrr: 0.040650	 ndcg_5: 0.0319	 ndcg_10: 0.0426	 hit@1:0.012408	 hit@5:0.0513	 hit@10: 0.0843
epoch 26: train_loss = 1.708911, source_mrr = 0.043664, source_hit@10 = 0.0817, source_ndcg@10 = 0.0440, target_mrr = 0.040650, target_hit@10 = 0.0843, target_ndcg@10 = 0.0426

2024-08-15 15:57:32.842103: step 4644/13760 (epoch 27/80), loss = 1.702952 (56.564 sec/epoch), lr: 0.002654
Evaluating on dev set...
..................................................................
source: 	 mrr: 0.045053	 ndcg_5: 0.0370	 ndcg_10: 0.0471	 hit@1:0.015526	 hit@5:0.0577	 hit@10: 0.0887
target: 	 mrr: 0.041000	 ndcg_5: 0.0329	 ndcg_10: 0.0441	 hit@1:0.013096	 hit@5:0.0527	 hit@10: 0.0875
epoch 27: train_loss = 1.702952, source_mrr = 0.045053, source_hit@10 = 0.0887, source_ndcg@10 = 0.0471, target_mrr = 0.041000, target_hit@10 = 0.0875, target_ndcg@10 = 0.0441

2024-08-15 15:58:31.635272: step 4816/13760 (epoch 28/80), loss = 1.695386 (57.438 sec/epoch), lr: 0.002521
Evaluating on dev set...
..................................................................
source: 	 mrr: 0.043966	 ndcg_5: 0.0349	 ndcg_10: 0.0467	 hit@1:0.016477	 hit@5:0.0526	 hit@10: 0.0894
target: 	 mrr: 0.042190	 ndcg_5: 0.0331	 ndcg_10: 0.0447	 hit@1:0.015325	 hit@5:0.0518	 hit@10: 0.0878
target best!
...................................target: 	 mrr: 0.043356	 ndcg_5: 0.0354	 ndcg_10: 0.0466	 hit@1:0.015510	 hit@5:0.0558	 hit@10: 0.0908
epoch 28: train_loss = 1.695386, source_mrr = 0.043966, source_hit@10 = 0.0894, source_ndcg@10 = 0.0467, target_mrr = 0.043356, target_hit@10 = 0.0908, target_ndcg@10 = 0.0466

2024-08-15 15:59:31.312170: step 4988/13760 (epoch 29/80), loss = 1.692049 (57.601 sec/epoch), lr: 0.002521
Evaluating on dev set...
..................................................................
source: 	 mrr: 0.047475	 ndcg_5: 0.0405	 ndcg_10: 0.0515	 hit@1:0.016477	 hit@5:0.0646	 hit@10: 0.0992
target: 	 mrr: 0.037941	 ndcg_5: 0.0292	 ndcg_10: 0.0399	 hit@1:0.011424	 hit@5:0.0465	 hit@10: 0.0800
epoch 29: train_loss = 1.692049, source_mrr = 0.047475, source_hit@10 = 0.0992, source_ndcg@10 = 0.0515, target_mrr = 0.037941, target_hit@10 = 0.0800, target_ndcg@10 = 0.0399

2024-08-15 16:00:30.542141: step 5160/13760 (epoch 30/80), loss = 1.682820 (57.487 sec/epoch), lr: 0.002395
Evaluating on dev set...
..................................................................
source: 	 mrr: 0.053375	 ndcg_5: 0.0465	 ndcg_10: 0.0583	 hit@1:0.022180	 hit@5:0.0713	 hit@10: 0.1084
target: 	 mrr: 0.041533	 ndcg_5: 0.0344	 ndcg_10: 0.0447	 hit@1:0.013374	 hit@5:0.0563	 hit@10: 0.0880
source best!
..............................
source: 	 mrr: 0.046556	 ndcg_5: 0.0388	 ndcg_10: 0.0493	 hit@1:0.017180	 hit@5:0.0606	 hit@10: 0.0934
epoch 30: train_loss = 1.682820, source_mrr = 0.046556, source_hit@10 = 0.0934, source_ndcg@10 = 0.0493, target_mrr = 0.041533, target_hit@10 = 0.0880, target_ndcg@10 = 0.0447

2024-08-15 16:01:29.920248: step 5332/13760 (epoch 31/80), loss = 1.678451 (57.488 sec/epoch), lr: 0.002395
Evaluating on dev set...
..................................................................
source: 	 mrr: 0.041354	 ndcg_5: 0.0322	 ndcg_10: 0.0430	 hit@1:0.014259	 hit@5:0.0501	 hit@10: 0.0833
target: 	 mrr: 0.041008	 ndcg_5: 0.0330	 ndcg_10: 0.0438	 hit@1:0.013096	 hit@5:0.0529	 hit@10: 0.0864
epoch 31: train_loss = 1.678451, source_mrr = 0.041354, source_hit@10 = 0.0833, source_ndcg@10 = 0.0430, target_mrr = 0.041008, target_hit@10 = 0.0864, target_ndcg@10 = 0.0438

2024-08-15 16:02:27.296861: step 5504/13760 (epoch 32/80), loss = 1.665239 (56.089 sec/epoch), lr: 0.002275
Evaluating on dev set...
..................................................................
source: 	 mrr: 0.051055	 ndcg_5: 0.0429	 ndcg_10: 0.0553	 hit@1:0.019645	 hit@5:0.0665	 hit@10: 0.1055
target: 	 mrr: 0.043838	 ndcg_5: 0.0342	 ndcg_10: 0.0465	 hit@1:0.017554	 hit@5:0.0515	 hit@10: 0.0906
target best!
...................................target: 	 mrr: 0.040309	 ndcg_5: 0.0316	 ndcg_10: 0.0440	 hit@1:0.010998	 hit@5:0.0522	 hit@10: 0.0908
epoch 32: train_loss = 1.665239, source_mrr = 0.051055, source_hit@10 = 0.1055, source_ndcg@10 = 0.0553, target_mrr = 0.040309, target_hit@10 = 0.0908, target_ndcg@10 = 0.0440

2024-08-15 16:03:23.659117: step 5676/13760 (epoch 33/80), loss = 1.659441 (54.411 sec/epoch), lr: 0.002275
Evaluating on dev set...
..................................................................
source: 	 mrr: 0.047000	 ndcg_5: 0.0374	 ndcg_10: 0.0500	 hit@1:0.018378	 hit@5:0.0570	 hit@10: 0.0963
target: 	 mrr: 0.038994	 ndcg_5: 0.0299	 ndcg_10: 0.0422	 hit@1:0.012817	 hit@5:0.0479	 hit@10: 0.0864
epoch 33: train_loss = 1.659441, source_mrr = 0.047000, source_hit@10 = 0.0963, source_ndcg@10 = 0.0500, target_mrr = 0.038994, target_hit@10 = 0.0864, target_ndcg@10 = 0.0422

2024-08-15 16:04:20.460145: step 5848/13760 (epoch 34/80), loss = 1.653820 (55.503 sec/epoch), lr: 0.002161
Evaluating on dev set...
..................................................................
source: 	 mrr: 0.046787	 ndcg_5: 0.0391	 ndcg_10: 0.0520	 hit@1:0.017110	 hit@5:0.0627	 hit@10: 0.1030
target: 	 mrr: 0.040367	 ndcg_5: 0.0325	 ndcg_10: 0.0428	 hit@1:0.012260	 hit@5:0.0518	 hit@10: 0.0841
epoch 34: train_loss = 1.653820, source_mrr = 0.046787, source_hit@10 = 0.1030, source_ndcg@10 = 0.0520, target_mrr = 0.040367, target_hit@10 = 0.0841, target_ndcg@10 = 0.0428

2024-08-15 16:05:16.654823: step 6020/13760 (epoch 35/80), loss = 1.643566 (54.804 sec/epoch), lr: 0.002161
Evaluating on dev set...
..................................................................
source: 	 mrr: 0.050776	 ndcg_5: 0.0427	 ndcg_10: 0.0550	 hit@1:0.018061	 hit@5:0.0678	 hit@10: 0.1058
target: 	 mrr: 0.039826	 ndcg_5: 0.0318	 ndcg_10: 0.0432	 hit@1:0.012817	 hit@5:0.0515	 hit@10: 0.0872
epoch 35: train_loss = 1.643566, source_mrr = 0.050776, source_hit@10 = 0.1058, source_ndcg@10 = 0.0550, target_mrr = 0.039826, target_hit@10 = 0.0872, target_ndcg@10 = 0.0432

2024-08-15 16:06:12.697081: step 6192/13760 (epoch 36/80), loss = 1.638197 (54.741 sec/epoch), lr: 0.002161
Evaluating on dev set...
..................................................................
source: 	 mrr: 0.051698	 ndcg_5: 0.0434	 ndcg_10: 0.0558	 hit@1:0.019011	 hit@5:0.0669	 hit@10: 0.1052
target: 	 mrr: 0.040807	 ndcg_5: 0.0331	 ndcg_10: 0.0440	 hit@1:0.012817	 hit@5:0.0541	 hit@10: 0.0886
epoch 36: train_loss = 1.638197, source_mrr = 0.051698, source_hit@10 = 0.1052, source_ndcg@10 = 0.0558, target_mrr = 0.040807, target_hit@10 = 0.0886, target_ndcg@10 = 0.0440

2024-08-15 16:07:08.563053: step 6364/13760 (epoch 37/80), loss = 1.633027 (54.536 sec/epoch), lr: 0.002161
Evaluating on dev set...
..................................................................
source: 	 mrr: 0.048960	 ndcg_5: 0.0407	 ndcg_10: 0.0524	 hit@1:0.018061	 hit@5:0.0631	 hit@10: 0.0992
target: 	 mrr: 0.041366	 ndcg_5: 0.0334	 ndcg_10: 0.0425	 hit@1:0.015046	 hit@5:0.0518	 hit@10: 0.0802
epoch 37: train_loss = 1.633027, source_mrr = 0.048960, source_hit@10 = 0.0992, source_ndcg@10 = 0.0524, target_mrr = 0.041366, target_hit@10 = 0.0802, target_ndcg@10 = 0.0425

2024-08-15 16:08:05.713678: step 6536/13760 (epoch 38/80), loss = 1.621386 (55.801 sec/epoch), lr: 0.002053
Evaluating on dev set...
..................................................................
source: 	 mrr: 0.047439	 ndcg_5: 0.0393	 ndcg_10: 0.0503	 hit@1:0.016160	 hit@5:0.0618	 hit@10: 0.0960
target: 	 mrr: 0.042606	 ndcg_5: 0.0337	 ndcg_10: 0.0450	 hit@1:0.014767	 hit@5:0.0524	 hit@10: 0.0875
epoch 38: train_loss = 1.621386, source_mrr = 0.047439, source_hit@10 = 0.0960, source_ndcg@10 = 0.0503, target_mrr = 0.042606, target_hit@10 = 0.0875, target_ndcg@10 = 0.0450

2024-08-15 16:09:02.668901: step 6708/13760 (epoch 39/80), loss = 1.613397 (55.675 sec/epoch), lr: 0.001951
Evaluating on dev set...
..................................................................
source: 	 mrr: 0.047387	 ndcg_5: 0.0389	 ndcg_10: 0.0507	 hit@1:0.018695	 hit@5:0.0593	 hit@10: 0.0957
target: 	 mrr: 0.038574	 ndcg_5: 0.0298	 ndcg_10: 0.0408	 hit@1:0.013096	 hit@5:0.0468	 hit@10: 0.0819
epoch 39: train_loss = 1.613397, source_mrr = 0.047387, source_hit@10 = 0.0957, source_ndcg@10 = 0.0507, target_mrr = 0.038574, target_hit@10 = 0.0819, target_ndcg@10 = 0.0408

2024-08-15 16:10:00.529146: step 6880/13760 (epoch 40/80), loss = 1.606082 (56.507 sec/epoch), lr: 0.001853
Evaluating on dev set...
..................................................................
source: 	 mrr: 0.050206	 ndcg_5: 0.0430	 ndcg_10: 0.0549	 hit@1:0.019328	 hit@5:0.0672	 hit@10: 0.1036
target: 	 mrr: 0.040665	 ndcg_5: 0.0328	 ndcg_10: 0.0416	 hit@1:0.014489	 hit@5:0.0513	 hit@10: 0.0786
epoch 40: train_loss = 1.606082, source_mrr = 0.050206, source_hit@10 = 0.1036, source_ndcg@10 = 0.0549, target_mrr = 0.040665, target_hit@10 = 0.0786, target_ndcg@10 = 0.0416
shift to transfer learning mode

2024-08-15 16:10:58.789496: step 7052/13760 (epoch 41/80), loss = 1.886162 (56.951 sec/epoch), lr: 0.001853
Evaluating on dev set...
..................................................................
source: 	 mrr: 0.037019	 ndcg_5: 0.0281	 ndcg_10: 0.0388	 hit@1:0.012041	 hit@5:0.0444	 hit@10: 0.0779
target: 	 mrr: 0.042108	 ndcg_5: 0.0339	 ndcg_10: 0.0445	 hit@1:0.014767	 hit@5:0.0532	 hit@10: 0.0861
epoch 41: train_loss = 1.886162, source_mrr = 0.037019, source_hit@10 = 0.0779, source_ndcg@10 = 0.0388, target_mrr = 0.042108, target_hit@10 = 0.0861, target_ndcg@10 = 0.0445

2024-08-15 16:11:56.785086: step 7224/13760 (epoch 42/80), loss = 1.890003 (56.621 sec/epoch), lr: 0.001761
Evaluating on dev set...
..................................................................
source: 	 mrr: 0.045057	 ndcg_5: 0.0357	 ndcg_10: 0.0482	 hit@1:0.017744	 hit@5:0.0542	 hit@10: 0.0932
target: 	 mrr: 0.042230	 ndcg_5: 0.0329	 ndcg_10: 0.0456	 hit@1:0.014210	 hit@5:0.0513	 hit@10: 0.0908
epoch 42: train_loss = 1.890003, source_mrr = 0.045057, source_hit@10 = 0.0932, source_ndcg@10 = 0.0482, target_mrr = 0.042230, target_hit@10 = 0.0908, target_ndcg@10 = 0.0456

2024-08-15 16:12:55.992537: step 7396/13760 (epoch 43/80), loss = 1.903527 (57.865 sec/epoch), lr: 0.001761
Evaluating on dev set...
..................................................................
source: 	 mrr: 0.038106	 ndcg_5: 0.0294	 ndcg_10: 0.0377	 hit@1:0.013942	 hit@5:0.0453	 hit@10: 0.0710
target: 	 mrr: 0.043561	 ndcg_5: 0.0347	 ndcg_10: 0.0468	 hit@1:0.014767	 hit@5:0.0543	 hit@10: 0.0917
epoch 43: train_loss = 1.903527, source_mrr = 0.038106, source_hit@10 = 0.0710, source_ndcg@10 = 0.0377, target_mrr = 0.043561, target_hit@10 = 0.0917, target_ndcg@10 = 0.0468

2024-08-15 16:13:55.209232: step 7568/13760 (epoch 44/80), loss = 1.906547 (57.875 sec/epoch), lr: 0.001672
Evaluating on dev set...
..................................................................
source: 	 mrr: 0.036177	 ndcg_5: 0.0272	 ndcg_10: 0.0373	 hit@1:0.012041	 hit@5:0.0428	 hit@10: 0.0741
target: 	 mrr: 0.040923	 ndcg_5: 0.0320	 ndcg_10: 0.0427	 hit@1:0.014767	 hit@5:0.0488	 hit@10: 0.0819
epoch 44: train_loss = 1.906547, source_mrr = 0.036177, source_hit@10 = 0.0741, source_ndcg@10 = 0.0373, target_mrr = 0.040923, target_hit@10 = 0.0819, target_ndcg@10 = 0.0427

2024-08-15 16:14:54.117532: step 7740/13760 (epoch 45/80), loss = 1.902772 (57.590 sec/epoch), lr: 0.001589
Evaluating on dev set...
..................................................................
source: 	 mrr: 0.044078	 ndcg_5: 0.0352	 ndcg_10: 0.0481	 hit@1:0.016160	 hit@5:0.0551	 hit@10: 0.0954
target: 	 mrr: 0.041139	 ndcg_5: 0.0328	 ndcg_10: 0.0443	 hit@1:0.014767	 hit@5:0.0521	 hit@10: 0.0880
epoch 45: train_loss = 1.902772, source_mrr = 0.044078, source_hit@10 = 0.0954, source_ndcg@10 = 0.0481, target_mrr = 0.041139, target_hit@10 = 0.0880, target_ndcg@10 = 0.0443

2024-08-15 16:15:53.421583: step 7912/13760 (epoch 46/80), loss = 1.904126 (58.002 sec/epoch), lr: 0.001589
Evaluating on dev set...
..................................................................
source: 	 mrr: 0.028389	 ndcg_5: 0.0205	 ndcg_10: 0.0277	 hit@1:0.007921	 hit@5:0.0333	 hit@10: 0.0561
target: 	 mrr: 0.041486	 ndcg_5: 0.0321	 ndcg_10: 0.0438	 hit@1:0.014767	 hit@5:0.0493	 hit@10: 0.0855
epoch 46: train_loss = 1.904126, source_mrr = 0.028389, source_hit@10 = 0.0561, source_ndcg@10 = 0.0277, target_mrr = 0.041486, target_hit@10 = 0.0855, target_ndcg@10 = 0.0438

2024-08-15 16:16:51.804643: step 8084/13760 (epoch 47/80), loss = 1.900140 (57.095 sec/epoch), lr: 0.001509
Evaluating on dev set...
..................................................................
source: 	 mrr: 0.037628	 ndcg_5: 0.0286	 ndcg_10: 0.0382	 hit@1:0.013308	 hit@5:0.0437	 hit@10: 0.0735
target: 	 mrr: 0.042986	 ndcg_5: 0.0340	 ndcg_10: 0.0458	 hit@1:0.015882	 hit@5:0.0515	 hit@10: 0.0880
epoch 47: train_loss = 1.900140, source_mrr = 0.037628, source_hit@10 = 0.0735, source_ndcg@10 = 0.0382, target_mrr = 0.042986, target_hit@10 = 0.0880, target_ndcg@10 = 0.0458

2024-08-15 16:17:49.568835: step 8256/13760 (epoch 48/80), loss = 1.907572 (56.476 sec/epoch), lr: 0.001509
Evaluating on dev set...
..................................................................
source: 	 mrr: 0.042670	 ndcg_5: 0.0354	 ndcg_10: 0.0457	 hit@1:0.014259	 hit@5:0.0551	 hit@10: 0.0878
target: 	 mrr: 0.039690	 ndcg_5: 0.0307	 ndcg_10: 0.0407	 hit@1:0.016160	 hit@5:0.0449	 hit@10: 0.0761
epoch 48: train_loss = 1.907572, source_mrr = 0.042670, source_hit@10 = 0.0878, source_ndcg@10 = 0.0457, target_mrr = 0.039690, target_hit@10 = 0.0761, target_ndcg@10 = 0.0407

2024-08-15 16:18:45.626704: step 8428/13760 (epoch 49/80), loss = 1.904453 (54.774 sec/epoch), lr: 0.001509
Evaluating on dev set...
..................................................................
source: 	 mrr: 0.048115	 ndcg_5: 0.0397	 ndcg_10: 0.0514	 hit@1:0.018695	 hit@5:0.0608	 hit@10: 0.0973
target: 	 mrr: 0.041812	 ndcg_5: 0.0336	 ndcg_10: 0.0446	 hit@1:0.013653	 hit@5:0.0529	 hit@10: 0.0872
epoch 49: train_loss = 1.904453, source_mrr = 0.048115, source_hit@10 = 0.0973, source_ndcg@10 = 0.0514, target_mrr = 0.041812, target_hit@10 = 0.0872, target_ndcg@10 = 0.0446

2024-08-15 16:19:43.124253: step 8600/13760 (epoch 50/80), loss = 1.899857 (56.128 sec/epoch), lr: 0.001509
Evaluating on dev set...
..................................................................
source: 	 mrr: 0.035266	 ndcg_5: 0.0279	 ndcg_10: 0.0359	 hit@1:0.010773	 hit@5:0.0456	 hit@10: 0.0710
target: 	 mrr: 0.039430	 ndcg_5: 0.0316	 ndcg_10: 0.0423	 hit@1:0.012260	 hit@5:0.0521	 hit@10: 0.0855
epoch 50: train_loss = 1.899857, source_mrr = 0.035266, source_hit@10 = 0.0710, source_ndcg@10 = 0.0359, target_mrr = 0.039430, target_hit@10 = 0.0855, target_ndcg@10 = 0.0423

2024-08-15 16:20:40.493896: step 8772/13760 (epoch 51/80), loss = 1.898712 (56.081 sec/epoch), lr: 0.001434
Evaluating on dev set...
..................................................................
source: 	 mrr: 0.034549	 ndcg_5: 0.0266	 ndcg_10: 0.0352	 hit@1:0.011724	 hit@5:0.0421	 hit@10: 0.0688
target: 	 mrr: 0.042006	 ndcg_5: 0.0336	 ndcg_10: 0.0451	 hit@1:0.014210	 hit@5:0.0535	 hit@10: 0.0894
epoch 51: train_loss = 1.898712, source_mrr = 0.034549, source_hit@10 = 0.0688, source_ndcg@10 = 0.0352, target_mrr = 0.042006, target_hit@10 = 0.0894, target_ndcg@10 = 0.0451

2024-08-15 16:21:36.476311: step 8944/13760 (epoch 52/80), loss = 1.895626 (54.688 sec/epoch), lr: 0.001434
Evaluating on dev set...
..................................................................
source: 	 mrr: 0.032600	 ndcg_5: 0.0252	 ndcg_10: 0.0346	 hit@1:0.008238	 hit@5:0.0434	 hit@10: 0.0726
target: 	 mrr: 0.044149	 ndcg_5: 0.0361	 ndcg_10: 0.0479	 hit@1:0.013931	 hit@5:0.0580	 hit@10: 0.0950
target best!
...................................target: 	 mrr: 0.047390	 ndcg_5: 0.0395	 ndcg_10: 0.0512	 hit@1:0.018049	 hit@5:0.0609	 hit@10: 0.0976
epoch 52: train_loss = 1.895626, source_mrr = 0.032600, source_hit@10 = 0.0726, source_ndcg@10 = 0.0346, target_mrr = 0.047390, target_hit@10 = 0.0976, target_ndcg@10 = 0.0512

2024-08-15 16:22:34.916498: step 9116/13760 (epoch 53/80), loss = 1.895204 (56.502 sec/epoch), lr: 0.001434
Evaluating on dev set...
..................................................................
source: 	 mrr: 0.030863	 ndcg_5: 0.0226	 ndcg_10: 0.0310	 hit@1:0.009506	 hit@5:0.0364	 hit@10: 0.0627
target: 	 mrr: 0.041805	 ndcg_5: 0.0328	 ndcg_10: 0.0431	 hit@1:0.014767	 hit@5:0.0513	 hit@10: 0.0836
epoch 53: train_loss = 1.895204, source_mrr = 0.030863, source_hit@10 = 0.0627, source_ndcg@10 = 0.0310, target_mrr = 0.041805, target_hit@10 = 0.0836, target_ndcg@10 = 0.0431

2024-08-15 16:23:33.304662: step 9288/13760 (epoch 54/80), loss = 1.892766 (57.005 sec/epoch), lr: 0.001362
Evaluating on dev set...
..................................................................
source: 	 mrr: 0.037438	 ndcg_5: 0.0286	 ndcg_10: 0.0391	 hit@1:0.012041	 hit@5:0.0450	 hit@10: 0.0773
target: 	 mrr: 0.042711	 ndcg_5: 0.0330	 ndcg_10: 0.0442	 hit@1:0.015046	 hit@5:0.0510	 hit@10: 0.0861
epoch 54: train_loss = 1.892766, source_mrr = 0.037438, source_hit@10 = 0.0773, source_ndcg@10 = 0.0391, target_mrr = 0.042711, target_hit@10 = 0.0861, target_ndcg@10 = 0.0442

2024-08-15 16:24:32.041788: step 9460/13760 (epoch 55/80), loss = 1.888040 (57.260 sec/epoch), lr: 0.001362
Evaluating on dev set...
..................................................................
source: 	 mrr: 0.034301	 ndcg_5: 0.0263	 ndcg_10: 0.0356	 hit@1:0.011407	 hit@5:0.0412	 hit@10: 0.0700
target: 	 mrr: 0.042270	 ndcg_5: 0.0340	 ndcg_10: 0.0458	 hit@1:0.013374	 hit@5:0.0554	 hit@10: 0.0922
epoch 55: train_loss = 1.888040, source_mrr = 0.034301, source_hit@10 = 0.0700, source_ndcg@10 = 0.0356, target_mrr = 0.042270, target_hit@10 = 0.0922, target_ndcg@10 = 0.0458

2024-08-15 16:25:30.709790: step 9632/13760 (epoch 56/80), loss = 1.880245 (57.269 sec/epoch), lr: 0.001294
Evaluating on dev set...
..................................................................
source: 	 mrr: 0.038951	 ndcg_5: 0.0311	 ndcg_10: 0.0396	 hit@1:0.014259	 hit@5:0.0482	 hit@10: 0.0745
target: 	 mrr: 0.042601	 ndcg_5: 0.0351	 ndcg_10: 0.0456	 hit@1:0.013653	 hit@5:0.0566	 hit@10: 0.0894
epoch 56: train_loss = 1.880245, source_mrr = 0.038951, source_hit@10 = 0.0745, source_ndcg@10 = 0.0396, target_mrr = 0.042601, target_hit@10 = 0.0894, target_ndcg@10 = 0.0456

2024-08-15 16:26:29.643763: step 9804/13760 (epoch 57/80), loss = 1.879858 (57.595 sec/epoch), lr: 0.001294
Evaluating on dev set...
..................................................................
source: 	 mrr: 0.038953	 ndcg_5: 0.0310	 ndcg_10: 0.0401	 hit@1:0.012991	 hit@5:0.0482	 hit@10: 0.0770
target: 	 mrr: 0.042487	 ndcg_5: 0.0342	 ndcg_10: 0.0460	 hit@1:0.015325	 hit@5:0.0543	 hit@10: 0.0908
epoch 57: train_loss = 1.879858, source_mrr = 0.038953, source_hit@10 = 0.0770, source_ndcg@10 = 0.0401, target_mrr = 0.042487, target_hit@10 = 0.0908, target_ndcg@10 = 0.0460

2024-08-15 16:27:28.561452: step 9976/13760 (epoch 58/80), loss = 1.880221 (57.552 sec/epoch), lr: 0.001229
Evaluating on dev set...
..................................................................
source: 	 mrr: 0.034322	 ndcg_5: 0.0260	 ndcg_10: 0.0344	 hit@1:0.011090	 hit@5:0.0409	 hit@10: 0.0672
target: 	 mrr: 0.042325	 ndcg_5: 0.0339	 ndcg_10: 0.0444	 hit@1:0.014489	 hit@5:0.0532	 hit@10: 0.0858
epoch 58: train_loss = 1.880221, source_mrr = 0.034322, source_hit@10 = 0.0672, source_ndcg@10 = 0.0344, target_mrr = 0.042325, target_hit@10 = 0.0858, target_ndcg@10 = 0.0444

2024-08-15 16:28:27.752156: step 10148/13760 (epoch 59/80), loss = 1.874658 (57.787 sec/epoch), lr: 0.001168
Evaluating on dev set...
..................................................................
source: 	 mrr: 0.043040	 ndcg_5: 0.0352	 ndcg_10: 0.0447	 hit@1:0.016160	 hit@5:0.0539	 hit@10: 0.0833
target: 	 mrr: 0.038772	 ndcg_5: 0.0300	 ndcg_10: 0.0392	 hit@1:0.013653	 hit@5:0.0463	 hit@10: 0.0752
epoch 59: train_loss = 1.874658, source_mrr = 0.043040, source_hit@10 = 0.0833, source_ndcg@10 = 0.0447, target_mrr = 0.038772, target_hit@10 = 0.0752, target_ndcg@10 = 0.0392

2024-08-15 16:29:25.742946: step 10320/13760 (epoch 60/80), loss = 1.875092 (56.664 sec/epoch), lr: 0.001168
Evaluating on dev set...
..................................................................
source: 	 mrr: 0.032166	 ndcg_5: 0.0239	 ndcg_10: 0.0336	 hit@1:0.010139	 hit@5:0.0377	 hit@10: 0.0681
target: 	 mrr: 0.042195	 ndcg_5: 0.0340	 ndcg_10: 0.0448	 hit@1:0.014767	 hit@5:0.0538	 hit@10: 0.0880
epoch 60: train_loss = 1.875092, source_mrr = 0.032166, source_hit@10 = 0.0681, source_ndcg@10 = 0.0336, target_mrr = 0.042195, target_hit@10 = 0.0880, target_ndcg@10 = 0.0448

2024-08-15 16:30:23.238608: step 10492/13760 (epoch 61/80), loss = 1.869082 (56.171 sec/epoch), lr: 0.001110
Evaluating on dev set...
..................................................................
source: 	 mrr: 0.039191	 ndcg_5: 0.0302	 ndcg_10: 0.0401	 hit@1:0.012991	 hit@5:0.0485	 hit@10: 0.0789
target: 	 mrr: 0.042387	 ndcg_5: 0.0328	 ndcg_10: 0.0441	 hit@1:0.014210	 hit@5:0.0510	 hit@10: 0.0858
epoch 61: train_loss = 1.869082, source_mrr = 0.039191, source_hit@10 = 0.0789, source_ndcg@10 = 0.0401, target_mrr = 0.042387, target_hit@10 = 0.0858, target_ndcg@10 = 0.0441

2024-08-15 16:31:20.806384: step 10664/13760 (epoch 62/80), loss = 1.869502 (55.917 sec/epoch), lr: 0.001110
Evaluating on dev set...
..................................................................
source: 	 mrr: 0.030355	 ndcg_5: 0.0214	 ndcg_10: 0.0293	 hit@1:0.009506	 hit@5:0.0326	 hit@10: 0.0574
target: 	 mrr: 0.036918	 ndcg_5: 0.0284	 ndcg_10: 0.0404	 hit@1:0.011702	 hit@5:0.0460	 hit@10: 0.0836
epoch 62: train_loss = 1.869502, source_mrr = 0.030355, source_hit@10 = 0.0574, source_ndcg@10 = 0.0293, target_mrr = 0.036918, target_hit@10 = 0.0836, target_ndcg@10 = 0.0404

2024-08-15 16:32:18.182430: step 10836/13760 (epoch 63/80), loss = 1.864502 (56.042 sec/epoch), lr: 0.001054
Evaluating on dev set...
..................................................................
source: 	 mrr: 0.038416	 ndcg_5: 0.0309	 ndcg_10: 0.0400	 hit@1:0.013625	 hit@5:0.0482	 hit@10: 0.0764
target: 	 mrr: 0.044650	 ndcg_5: 0.0365	 ndcg_10: 0.0481	 hit@1:0.014767	 hit@5:0.0571	 hit@10: 0.0931
target best!
...................................target: 	 mrr: 0.044144	 ndcg_5: 0.0366	 ndcg_10: 0.0466	 hit@1:0.016074	 hit@5:0.0578	 hit@10: 0.0891
epoch 63: train_loss = 1.864502, source_mrr = 0.038416, source_hit@10 = 0.0764, source_ndcg@10 = 0.0400, target_mrr = 0.044144, target_hit@10 = 0.0891, target_ndcg@10 = 0.0466

2024-08-15 16:33:15.692689: step 11008/13760 (epoch 64/80), loss = 1.863666 (55.054 sec/epoch), lr: 0.001054
Evaluating on dev set...
..................................................................
source: 	 mrr: 0.037303	 ndcg_5: 0.0298	 ndcg_10: 0.0392	 hit@1:0.011724	 hit@5:0.0472	 hit@10: 0.0767
target: 	 mrr: 0.043072	 ndcg_5: 0.0347	 ndcg_10: 0.0449	 hit@1:0.015603	 hit@5:0.0541	 hit@10: 0.0861
epoch 64: train_loss = 1.863666, source_mrr = 0.037303, source_hit@10 = 0.0767, source_ndcg@10 = 0.0392, target_mrr = 0.043072, target_hit@10 = 0.0861, target_ndcg@10 = 0.0449

2024-08-15 16:34:12.402442: step 11180/13760 (epoch 65/80), loss = 1.860265 (55.389 sec/epoch), lr: 0.001001
Evaluating on dev set...
..................................................................
source: 	 mrr: 0.040012	 ndcg_5: 0.0315	 ndcg_10: 0.0413	 hit@1:0.016160	 hit@5:0.0466	 hit@10: 0.0773
target: 	 mrr: 0.042808	 ndcg_5: 0.0342	 ndcg_10: 0.0465	 hit@1:0.015882	 hit@5:0.0524	 hit@10: 0.0906
epoch 65: train_loss = 1.860265, source_mrr = 0.040012, source_hit@10 = 0.0773, source_ndcg@10 = 0.0413, target_mrr = 0.042808, target_hit@10 = 0.0906, target_ndcg@10 = 0.0465

2024-08-15 16:35:08.902424: step 11352/13760 (epoch 66/80), loss = 1.857541 (55.140 sec/epoch), lr: 0.001001
Evaluating on dev set...
..................................................................
source: 	 mrr: 0.045788	 ndcg_5: 0.0366	 ndcg_10: 0.0486	 hit@1:0.018061	 hit@5:0.0548	 hit@10: 0.0919
target: 	 mrr: 0.042986	 ndcg_5: 0.0348	 ndcg_10: 0.0473	 hit@1:0.013374	 hit@5:0.0563	 hit@10: 0.0953
epoch 66: train_loss = 1.857541, source_mrr = 0.045788, source_hit@10 = 0.0919, source_ndcg@10 = 0.0486, target_mrr = 0.042986, target_hit@10 = 0.0953, target_ndcg@10 = 0.0473

2024-08-15 16:36:04.743533: step 11524/13760 (epoch 67/80), loss = 1.857452 (54.533 sec/epoch), lr: 0.001001
Evaluating on dev set...
..................................................................
source: 	 mrr: 0.046090	 ndcg_5: 0.0374	 ndcg_10: 0.0486	 hit@1:0.017427	 hit@5:0.0567	 hit@10: 0.0913
target: 	 mrr: 0.044928	 ndcg_5: 0.0368	 ndcg_10: 0.0480	 hit@1:0.016439	 hit@5:0.0568	 hit@10: 0.0919
target best!
...................................target: 	 mrr: 0.041871	 ndcg_5: 0.0340	 ndcg_10: 0.0463	 hit@1:0.013818	 hit@5:0.0553	 hit@10: 0.0936
epoch 67: train_loss = 1.857452, source_mrr = 0.046090, source_hit@10 = 0.0913, source_ndcg@10 = 0.0486, target_mrr = 0.041871, target_hit@10 = 0.0936, target_ndcg@10 = 0.0463

2024-08-15 16:37:04.184922: step 11696/13760 (epoch 68/80), loss = 1.851735 (57.451 sec/epoch), lr: 0.001001
Evaluating on dev set...
..................................................................
source: 	 mrr: 0.039372	 ndcg_5: 0.0308	 ndcg_10: 0.0408	 hit@1:0.014575	 hit@5:0.0469	 hit@10: 0.0783
target: 	 mrr: 0.043768	 ndcg_5: 0.0340	 ndcg_10: 0.0472	 hit@1:0.015882	 hit@5:0.0518	 hit@10: 0.0931
epoch 68: train_loss = 1.851735, source_mrr = 0.039372, source_hit@10 = 0.0783, source_ndcg@10 = 0.0408, target_mrr = 0.043768, target_hit@10 = 0.0931, target_ndcg@10 = 0.0472

2024-08-15 16:38:03.888163: step 11868/13760 (epoch 69/80), loss = 1.851261 (58.328 sec/epoch), lr: 0.000951
Evaluating on dev set...
..................................................................
source: 	 mrr: 0.048084	 ndcg_5: 0.0401	 ndcg_10: 0.0511	 hit@1:0.020279	 hit@5:0.0608	 hit@10: 0.0951
target: 	 mrr: 0.038135	 ndcg_5: 0.0299	 ndcg_10: 0.0406	 hit@1:0.012538	 hit@5:0.0471	 hit@10: 0.0802
epoch 69: train_loss = 1.851261, source_mrr = 0.048084, source_hit@10 = 0.0951, source_ndcg@10 = 0.0511, target_mrr = 0.038135, target_hit@10 = 0.0802, target_ndcg@10 = 0.0406

2024-08-15 16:39:02.966726: step 12040/13760 (epoch 70/80), loss = 1.851722 (57.707 sec/epoch), lr: 0.000951
Evaluating on dev set...
..................................................................
source: 	 mrr: 0.045392	 ndcg_5: 0.0368	 ndcg_10: 0.0485	 hit@1:0.016477	 hit@5:0.0558	 hit@10: 0.0922
target: 	 mrr: 0.042353	 ndcg_5: 0.0343	 ndcg_10: 0.0459	 hit@1:0.015046	 hit@5:0.0532	 hit@10: 0.0894
epoch 70: train_loss = 1.851722, source_mrr = 0.045392, source_hit@10 = 0.0922, source_ndcg@10 = 0.0485, target_mrr = 0.042353, target_hit@10 = 0.0894, target_ndcg@10 = 0.0459

2024-08-15 16:40:02.624423: step 12212/13760 (epoch 71/80), loss = 1.854407 (58.218 sec/epoch), lr: 0.000951
Evaluating on dev set...
..................................................................
source: 	 mrr: 0.043859	 ndcg_5: 0.0361	 ndcg_10: 0.0462	 hit@1:0.015209	 hit@5:0.0570	 hit@10: 0.0884
target: 	 mrr: 0.040833	 ndcg_5: 0.0336	 ndcg_10: 0.0435	 hit@1:0.014767	 hit@5:0.0529	 hit@10: 0.0836
epoch 71: train_loss = 1.854407, source_mrr = 0.043859, source_hit@10 = 0.0884, source_ndcg@10 = 0.0462, target_mrr = 0.040833, target_hit@10 = 0.0836, target_ndcg@10 = 0.0435

2024-08-15 16:41:00.681346: step 12384/13760 (epoch 72/80), loss = 1.847481 (56.727 sec/epoch), lr: 0.000904
Evaluating on dev set...
..................................................................
source: 	 mrr: 0.046885	 ndcg_5: 0.0390	 ndcg_10: 0.0498	 hit@1:0.016160	 hit@5:0.0612	 hit@10: 0.0947
target: 	 mrr: 0.043670	 ndcg_5: 0.0360	 ndcg_10: 0.0479	 hit@1:0.016160	 hit@5:0.0554	 hit@10: 0.0925
epoch 72: train_loss = 1.847481, source_mrr = 0.046885, source_hit@10 = 0.0947, source_ndcg@10 = 0.0498, target_mrr = 0.043670, target_hit@10 = 0.0925, target_ndcg@10 = 0.0479

2024-08-15 16:41:59.110546: step 12556/13760 (epoch 73/80), loss = 1.850491 (57.000 sec/epoch), lr: 0.000904
Evaluating on dev set...
..................................................................
source: 	 mrr: 0.047111	 ndcg_5: 0.0395	 ndcg_10: 0.0507	 hit@1:0.016793	 hit@5:0.0621	 hit@10: 0.0970
target: 	 mrr: 0.040155	 ndcg_5: 0.0316	 ndcg_10: 0.0421	 hit@1:0.013653	 hit@5:0.0496	 hit@10: 0.0822
epoch 73: train_loss = 1.850491, source_mrr = 0.047111, source_hit@10 = 0.0970, source_ndcg@10 = 0.0507, target_mrr = 0.040155, target_hit@10 = 0.0822, target_ndcg@10 = 0.0421

2024-08-15 16:42:57.016444: step 12728/13760 (epoch 74/80), loss = 1.843842 (56.603 sec/epoch), lr: 0.000859
Evaluating on dev set...
..................................................................
source: 	 mrr: 0.041762	 ndcg_5: 0.0342	 ndcg_10: 0.0437	 hit@1:0.014259	 hit@5:0.0548	 hit@10: 0.0846
target: 	 mrr: 0.042360	 ndcg_5: 0.0332	 ndcg_10: 0.0454	 hit@1:0.014767	 hit@5:0.0507	 hit@10: 0.0889
epoch 74: train_loss = 1.843842, source_mrr = 0.041762, source_hit@10 = 0.0846, source_ndcg@10 = 0.0437, target_mrr = 0.042360, target_hit@10 = 0.0889, target_ndcg@10 = 0.0454

2024-08-15 16:43:54.340026: step 12900/13760 (epoch 75/80), loss = 1.834470 (55.975 sec/epoch), lr: 0.000816
Evaluating on dev set...
..................................................................
source: 	 mrr: 0.043624	 ndcg_5: 0.0357	 ndcg_10: 0.0450	 hit@1:0.017110	 hit@5:0.0551	 hit@10: 0.0837
target: 	 mrr: 0.042861	 ndcg_5: 0.0342	 ndcg_10: 0.0463	 hit@1:0.014489	 hit@5:0.0549	 hit@10: 0.0928
epoch 75: train_loss = 1.834470, source_mrr = 0.043624, source_hit@10 = 0.0837, source_ndcg@10 = 0.0450, target_mrr = 0.042861, target_hit@10 = 0.0928, target_ndcg@10 = 0.0463

2024-08-15 16:44:51.831686: step 13072/13760 (epoch 76/80), loss = 1.834563 (56.175 sec/epoch), lr: 0.000816
Evaluating on dev set...
..................................................................
source: 	 mrr: 0.043547	 ndcg_5: 0.0342	 ndcg_10: 0.0454	 hit@1:0.015843	 hit@5:0.0523	 hit@10: 0.0868
target: 	 mrr: 0.040330	 ndcg_5: 0.0322	 ndcg_10: 0.0425	 hit@1:0.012817	 hit@5:0.0510	 hit@10: 0.0830
epoch 76: train_loss = 1.834563, source_mrr = 0.043547, source_hit@10 = 0.0868, source_ndcg@10 = 0.0454, target_mrr = 0.040330, target_hit@10 = 0.0830, target_ndcg@10 = 0.0425

2024-08-15 16:45:49.379673: step 13244/13760 (epoch 77/80), loss = 1.831503 (56.145 sec/epoch), lr: 0.000775
Evaluating on dev set...
..................................................................
source: 	 mrr: 0.041290	 ndcg_5: 0.0319	 ndcg_10: 0.0428	 hit@1:0.014892	 hit@5:0.0488	 hit@10: 0.0827
target: 	 mrr: 0.039745	 ndcg_5: 0.0311	 ndcg_10: 0.0427	 hit@1:0.013653	 hit@5:0.0488	 hit@10: 0.0853
epoch 77: train_loss = 1.831503, source_mrr = 0.041290, source_hit@10 = 0.0827, source_ndcg@10 = 0.0428, target_mrr = 0.039745, target_hit@10 = 0.0853, target_ndcg@10 = 0.0427

2024-08-15 16:46:46.104246: step 13416/13760 (epoch 78/80), loss = 1.825662 (55.411 sec/epoch), lr: 0.000736
Evaluating on dev set...
..................................................................
source: 	 mrr: 0.044457	 ndcg_5: 0.0370	 ndcg_10: 0.0467	 hit@1:0.016793	 hit@5:0.0564	 hit@10: 0.0865
target: 	 mrr: 0.043364	 ndcg_5: 0.0352	 ndcg_10: 0.0476	 hit@1:0.016996	 hit@5:0.0549	 hit@10: 0.0936
epoch 78: train_loss = 1.825662, source_mrr = 0.044457, source_hit@10 = 0.0865, source_ndcg@10 = 0.0467, target_mrr = 0.043364, target_hit@10 = 0.0936, target_ndcg@10 = 0.0476

2024-08-15 16:47:43.557918: step 13588/13760 (epoch 79/80), loss = 1.826796 (56.147 sec/epoch), lr: 0.000736
Evaluating on dev set...
..................................................................
source: 	 mrr: 0.046880	 ndcg_5: 0.0376	 ndcg_10: 0.0512	 hit@1:0.018378	 hit@5:0.0570	 hit@10: 0.0992
target: 	 mrr: 0.042885	 ndcg_5: 0.0349	 ndcg_10: 0.0459	 hit@1:0.017554	 hit@5:0.0527	 hit@10: 0.0869
epoch 79: train_loss = 1.826796, source_mrr = 0.046880, source_hit@10 = 0.0992, source_ndcg@10 = 0.0512, target_mrr = 0.042885, target_hit@10 = 0.0869, target_ndcg@10 = 0.0459

2024-08-15 16:48:40.330283: step 13760/13760 (epoch 80/80), loss = 1.827164 (55.113 sec/epoch), lr: 0.000736
Evaluating on dev set...
..................................................................
source: 	 mrr: 0.038703	 ndcg_5: 0.0312	 ndcg_10: 0.0407	 hit@1:0.014259	 hit@5:0.0485	 hit@10: 0.0776
target: 	 mrr: 0.040819	 ndcg_5: 0.0331	 ndcg_10: 0.0438	 hit@1:0.014767	 hit@5:0.0513	 hit@10: 0.0844
epoch 80: train_loss = 1.827164, source_mrr = 0.038703, source_hit@10 = 0.0776, source_ndcg@10 = 0.0407, target_mrr = 0.040819, target_hit@10 = 0.0844, target_ndcg@10 = 0.0438

source best:  source_mrr = 0.053375, source_hit@10 = 0.1084, source_ndcg@10 = 0.0583
target best:  target_mrr = 0.042986, target_hit@10 = 0.0953, target_ndcg@10 = 0.0473
