using gpu:0 to train the model
using gpu:0 to train the model
cuda:0
Namespace(A_split=False, JK='sum', a_fold=100, aggregate=False, alpha=0.5, batch_size=2048, beta_inter=0.9, conv_layers=4, cuda=True, decay_epoch=10, device=device(type='cuda', index=0), device_id='0', domains='cloth_sport', dropout=0.4, epoch=80, feature_dim=126, gamma_intra=0.8, hidden_dim=126, inter_tau=0.2, intra_tau=0.4, lambda_critic=0.4, leakey=0.05, load=False, log='logs.txt', log_epoch=1, lr=0.004, lr_decay=0.95, min_epoch=60, mode='train', model_file=None, model_name='cs', momentum=0.98, num_latent_factors=3, num_negative=100, optim='adam', patience=20, proj_layers=1, projection=1, rectify_epoch=40, residual=1, save=False, save_dir='./saved_models', seed=32, similarity_tau=0.2, step=5, test_sample_number=999, user_batch_size=256, weight_decay=0.0002)
number_user 41829
number_item 17943
real graph loaded!
number_user 27328
number_item 12655
real graph loaded!
graph loaded!
Loading data from cloth_sport with batch size 2048...
unseen test: 0
test length: 3156
unseen test: 0
test length: 3085
unseen test: 0
test length: 3589
unseen test: 0
test length: 3546
source_user_num 41829
target_user_num 27328
source_item_num 17943
target_item_num 12655
shared users id: 7857
test users 990, 982
unseen test: 0
dev length: 1000
unseen test: 0
dev length: 1000
source train data : 187880, target train data: 163291, source test data : 3085, target test data : 3546, source dev data : 1000, target dev data : 1000
2024-08-15 21:24:44.705900: step 172/13760 (epoch 1/80), loss = 3.437535 (24.228 sec/epoch), lr: 0.004000
Evaluating on dev set...
..................................................................
source: 	 mrr: 0.037401	 ndcg_5: 0.0283	 ndcg_10: 0.0391	 hit@1:0.011724	 hit@5:0.0456	 hit@10: 0.0795
target: 	 mrr: 0.023703	 ndcg_5: 0.0161	 ndcg_10: 0.0229	 hit@1:0.005851	 hit@5:0.0267	 hit@10: 0.0482
source best!
..............................
source: 	 mrr: 0.033665	 ndcg_5: 0.0241	 ndcg_10: 0.0333	 hit@1:0.009400	 hit@5:0.0389	 hit@10: 0.0677
target best!
...................................target: 	 mrr: 0.024296	 ndcg_5: 0.0149	 ndcg_10: 0.0229	 hit@1:0.005922	 hit@5:0.0231	 hit@10: 0.0482
epoch 1: train_loss = 3.437535, source_mrr = 0.033665, source_hit@10 = 0.0677, source_ndcg@10 = 0.0333, target_mrr = 0.024296, target_hit@10 = 0.0482, target_ndcg@10 = 0.0229

2024-08-15 21:25:09.757657: step 344/13760 (epoch 2/80), loss = 2.824704 (23.820 sec/epoch), lr: 0.004000
Evaluating on dev set...
..................................................................
source: 	 mrr: 0.041156	 ndcg_5: 0.0313	 ndcg_10: 0.0436	 hit@1:0.012674	 hit@5:0.0501	 hit@10: 0.0884
target: 	 mrr: 0.035898	 ndcg_5: 0.0263	 ndcg_10: 0.0381	 hit@1:0.008359	 hit@5:0.0443	 hit@10: 0.0814
source best!
..............................
source: 	 mrr: 0.043139	 ndcg_5: 0.0347	 ndcg_10: 0.0466	 hit@1:0.014587	 hit@5:0.0548	 hit@10: 0.0917
target best!
...................................target: 	 mrr: 0.040218	 ndcg_5: 0.0322	 ndcg_10: 0.0430	 hit@1:0.011844	 hit@5:0.0527	 hit@10: 0.0866
epoch 2: train_loss = 2.824704, source_mrr = 0.043139, source_hit@10 = 0.0917, source_ndcg@10 = 0.0466, target_mrr = 0.040218, target_hit@10 = 0.0866, target_ndcg@10 = 0.0430

2024-08-15 21:25:34.915656: step 516/13760 (epoch 3/80), loss = 2.475370 (23.941 sec/epoch), lr: 0.004000
Evaluating on dev set...
..................................................................
source: 	 mrr: 0.043281	 ndcg_5: 0.0371	 ndcg_10: 0.0476	 hit@1:0.012041	 hit@5:0.0621	 hit@10: 0.0947
target: 	 mrr: 0.029629	 ndcg_5: 0.0202	 ndcg_10: 0.0306	 hit@1:0.006687	 hit@5:0.0343	 hit@10: 0.0663
source best!
..............................
source: 	 mrr: 0.044499	 ndcg_5: 0.0361	 ndcg_10: 0.0469	 hit@1:0.018152	 hit@5:0.0548	 hit@10: 0.0885
epoch 3: train_loss = 2.475370, source_mrr = 0.044499, source_hit@10 = 0.0885, source_ndcg@10 = 0.0469, target_mrr = 0.029629, target_hit@10 = 0.0663, target_ndcg@10 = 0.0306

2024-08-15 21:26:00.040117: step 688/13760 (epoch 4/80), loss = 2.348024 (24.191 sec/epoch), lr: 0.004000
Evaluating on dev set...
..................................................................
source: 	 mrr: 0.037471	 ndcg_5: 0.0292	 ndcg_10: 0.0399	 hit@1:0.012674	 hit@5:0.0469	 hit@10: 0.0808
target: 	 mrr: 0.036284	 ndcg_5: 0.0281	 ndcg_10: 0.0387	 hit@1:0.010867	 hit@5:0.0457	 hit@10: 0.0786
target best!
...................................target: 	 mrr: 0.036636	 ndcg_5: 0.0293	 ndcg_10: 0.0384	 hit@1:0.010152	 hit@5:0.0485	 hit@10: 0.0770
epoch 4: train_loss = 2.348024, source_mrr = 0.037471, source_hit@10 = 0.0808, source_ndcg@10 = 0.0399, target_mrr = 0.036636, target_hit@10 = 0.0770, target_ndcg@10 = 0.0384

2024-08-15 21:26:25.705925: step 860/13760 (epoch 5/80), loss = 2.290287 (24.646 sec/epoch), lr: 0.004000
Evaluating on dev set...
..................................................................
source: 	 mrr: 0.033043	 ndcg_5: 0.0248	 ndcg_10: 0.0331	 hit@1:0.009189	 hit@5:0.0406	 hit@10: 0.0665
target: 	 mrr: 0.039989	 ndcg_5: 0.0334	 ndcg_10: 0.0432	 hit@1:0.012817	 hit@5:0.0532	 hit@10: 0.0844
target best!
...................................target: 	 mrr: 0.036826	 ndcg_5: 0.0300	 ndcg_10: 0.0392	 hit@1:0.011280	 hit@5:0.0494	 hit@10: 0.0781
epoch 5: train_loss = 2.290287, source_mrr = 0.033043, source_hit@10 = 0.0665, source_ndcg@10 = 0.0331, target_mrr = 0.036826, target_hit@10 = 0.0781, target_ndcg@10 = 0.0392

2024-08-15 21:26:51.011148: step 1032/13760 (epoch 6/80), loss = 2.261377 (24.347 sec/epoch), lr: 0.004000
Evaluating on dev set...
..................................................................
source: 	 mrr: 0.038300	 ndcg_5: 0.0288	 ndcg_10: 0.0384	 hit@1:0.012357	 hit@5:0.0459	 hit@10: 0.0760
target: 	 mrr: 0.038275	 ndcg_5: 0.0305	 ndcg_10: 0.0400	 hit@1:0.011702	 hit@5:0.0493	 hit@10: 0.0791
epoch 6: train_loss = 2.261377, source_mrr = 0.038300, source_hit@10 = 0.0760, source_ndcg@10 = 0.0384, target_mrr = 0.038275, target_hit@10 = 0.0791, target_ndcg@10 = 0.0400

2024-08-15 21:27:16.242206: step 1204/13760 (epoch 7/80), loss = 2.235538 (24.575 sec/epoch), lr: 0.004000
Evaluating on dev set...
..................................................................
source: 	 mrr: 0.043598	 ndcg_5: 0.0355	 ndcg_10: 0.0479	 hit@1:0.012991	 hit@5:0.0580	 hit@10: 0.0966
target: 	 mrr: 0.037304	 ndcg_5: 0.0292	 ndcg_10: 0.0414	 hit@1:0.011145	 hit@5:0.0479	 hit@10: 0.0855
source best!
..............................
source: 	 mrr: 0.041150	 ndcg_5: 0.0331	 ndcg_10: 0.0436	 hit@1:0.012642	 hit@5:0.0535	 hit@10: 0.0859
epoch 7: train_loss = 2.235538, source_mrr = 0.041150, source_hit@10 = 0.0859, source_ndcg@10 = 0.0436, target_mrr = 0.037304, target_hit@10 = 0.0855, target_ndcg@10 = 0.0414

2024-08-15 21:27:41.332866: step 1376/13760 (epoch 8/80), loss = 2.222778 (24.183 sec/epoch), lr: 0.004000
Evaluating on dev set...
..................................................................
source: 	 mrr: 0.046702	 ndcg_5: 0.0387	 ndcg_10: 0.0496	 hit@1:0.017744	 hit@5:0.0593	 hit@10: 0.0935
target: 	 mrr: 0.037541	 ndcg_5: 0.0295	 ndcg_10: 0.0386	 hit@1:0.013096	 hit@5:0.0468	 hit@10: 0.0755
source best!
..............................
source: 	 mrr: 0.044669	 ndcg_5: 0.0358	 ndcg_10: 0.0451	 hit@1:0.018801	 hit@5:0.0525	 hit@10: 0.0810
epoch 8: train_loss = 2.222778, source_mrr = 0.044669, source_hit@10 = 0.0810, source_ndcg@10 = 0.0451, target_mrr = 0.037541, target_hit@10 = 0.0755, target_ndcg@10 = 0.0386

2024-08-15 21:28:06.629443: step 1548/13760 (epoch 9/80), loss = 2.210739 (24.370 sec/epoch), lr: 0.004000
Evaluating on dev set...
..................................................................
source: 	 mrr: 0.040485	 ndcg_5: 0.0321	 ndcg_10: 0.0432	 hit@1:0.011724	 hit@5:0.0526	 hit@10: 0.0871
target: 	 mrr: 0.035509	 ndcg_5: 0.0275	 ndcg_10: 0.0380	 hit@1:0.009473	 hit@5:0.0451	 hit@10: 0.0777
epoch 9: train_loss = 2.210739, source_mrr = 0.040485, source_hit@10 = 0.0871, source_ndcg@10 = 0.0432, target_mrr = 0.035509, target_hit@10 = 0.0777, target_ndcg@10 = 0.0380

2024-08-15 21:28:31.501150: step 1720/13760 (epoch 10/80), loss = 2.193213 (24.194 sec/epoch), lr: 0.004000
Evaluating on dev set...
..................................................................
source: 	 mrr: 0.035376	 ndcg_5: 0.0260	 ndcg_10: 0.0378	 hit@1:0.008872	 hit@5:0.0437	 hit@10: 0.0802
target: 	 mrr: 0.035559	 ndcg_5: 0.0268	 ndcg_10: 0.0383	 hit@1:0.010309	 hit@5:0.0449	 hit@10: 0.0802
epoch 10: train_loss = 2.193213, source_mrr = 0.035376, source_hit@10 = 0.0802, source_ndcg@10 = 0.0378, target_mrr = 0.035559, target_hit@10 = 0.0802, target_ndcg@10 = 0.0383

2024-08-15 21:28:56.607217: step 1892/13760 (epoch 11/80), loss = 2.170460 (24.458 sec/epoch), lr: 0.004000
Evaluating on dev set...
..................................................................
source: 	 mrr: 0.037385	 ndcg_5: 0.0286	 ndcg_10: 0.0408	 hit@1:0.010773	 hit@5:0.0463	 hit@10: 0.0843
target: 	 mrr: 0.033803	 ndcg_5: 0.0249	 ndcg_10: 0.0355	 hit@1:0.008916	 hit@5:0.0412	 hit@10: 0.0747
epoch 11: train_loss = 2.170460, source_mrr = 0.037385, source_hit@10 = 0.0843, source_ndcg@10 = 0.0408, target_mrr = 0.033803, target_hit@10 = 0.0747, target_ndcg@10 = 0.0355

2024-08-15 21:29:21.417941: step 2064/13760 (epoch 12/80), loss = 2.149524 (24.157 sec/epoch), lr: 0.004000
Evaluating on dev set...
..................................................................
source: 	 mrr: 0.039673	 ndcg_5: 0.0309	 ndcg_10: 0.0428	 hit@1:0.012991	 hit@5:0.0497	 hit@10: 0.0865
target: 	 mrr: 0.037303	 ndcg_5: 0.0286	 ndcg_10: 0.0401	 hit@1:0.011424	 hit@5:0.0463	 hit@10: 0.0822
epoch 12: train_loss = 2.149524, source_mrr = 0.039673, source_hit@10 = 0.0865, source_ndcg@10 = 0.0428, target_mrr = 0.037303, target_hit@10 = 0.0822, target_ndcg@10 = 0.0401

2024-08-15 21:29:46.768354: step 2236/13760 (epoch 13/80), loss = 2.126703 (24.659 sec/epoch), lr: 0.004000
Evaluating on dev set...
..................................................................
source: 	 mrr: 0.030681	 ndcg_5: 0.0232	 ndcg_10: 0.0312	 hit@1:0.009189	 hit@5:0.0368	 hit@10: 0.0618
target: 	 mrr: 0.034619	 ndcg_5: 0.0255	 ndcg_10: 0.0347	 hit@1:0.009473	 hit@5:0.0410	 hit@10: 0.0691
epoch 13: train_loss = 2.126703, source_mrr = 0.030681, source_hit@10 = 0.0618, source_ndcg@10 = 0.0312, target_mrr = 0.034619, target_hit@10 = 0.0691, target_ndcg@10 = 0.0347

2024-08-15 21:30:11.947056: step 2408/13760 (epoch 14/80), loss = 2.105153 (24.533 sec/epoch), lr: 0.003800
Evaluating on dev set...
..................................................................
source: 	 mrr: 0.044433	 ndcg_5: 0.0366	 ndcg_10: 0.0480	 hit@1:0.016477	 hit@5:0.0574	 hit@10: 0.0928
target: 	 mrr: 0.036739	 ndcg_5: 0.0276	 ndcg_10: 0.0386	 hit@1:0.010588	 hit@5:0.0446	 hit@10: 0.0786
epoch 14: train_loss = 2.105153, source_mrr = 0.044433, source_hit@10 = 0.0928, source_ndcg@10 = 0.0480, target_mrr = 0.036739, target_hit@10 = 0.0786, target_ndcg@10 = 0.0386

2024-08-15 21:30:37.177835: step 2580/13760 (epoch 15/80), loss = 2.088932 (24.579 sec/epoch), lr: 0.003800
Evaluating on dev set...
..................................................................
source: 	 mrr: 0.044579	 ndcg_5: 0.0367	 ndcg_10: 0.0496	 hit@1:0.013942	 hit@5:0.0583	 hit@10: 0.0982
target: 	 mrr: 0.036763	 ndcg_5: 0.0283	 ndcg_10: 0.0390	 hit@1:0.009752	 hit@5:0.0468	 hit@10: 0.0800
epoch 15: train_loss = 2.088932, source_mrr = 0.044579, source_hit@10 = 0.0982, source_ndcg@10 = 0.0496, target_mrr = 0.036763, target_hit@10 = 0.0800, target_ndcg@10 = 0.0390

2024-08-15 21:31:01.991225: step 2752/13760 (epoch 16/80), loss = 2.078442 (24.161 sec/epoch), lr: 0.003800
Evaluating on dev set...
..................................................................
source: 	 mrr: 0.044628	 ndcg_5: 0.0379	 ndcg_10: 0.0472	 hit@1:0.014575	 hit@5:0.0612	 hit@10: 0.0900
target: 	 mrr: 0.031840	 ndcg_5: 0.0231	 ndcg_10: 0.0319	 hit@1:0.009195	 hit@5:0.0365	 hit@10: 0.0638
epoch 16: train_loss = 2.078442, source_mrr = 0.044628, source_hit@10 = 0.0900, source_ndcg@10 = 0.0472, target_mrr = 0.031840, target_hit@10 = 0.0638, target_ndcg@10 = 0.0319

2024-08-15 21:31:26.788954: step 2924/13760 (epoch 17/80), loss = 2.058858 (24.144 sec/epoch), lr: 0.003610
Evaluating on dev set...
..................................................................
source: 	 mrr: 0.044967	 ndcg_5: 0.0359	 ndcg_10: 0.0477	 hit@1:0.016477	 hit@5:0.0561	 hit@10: 0.0925
target: 	 mrr: 0.035975	 ndcg_5: 0.0265	 ndcg_10: 0.0378	 hit@1:0.011702	 hit@5:0.0412	 hit@10: 0.0766
epoch 17: train_loss = 2.058858, source_mrr = 0.044967, source_hit@10 = 0.0925, source_ndcg@10 = 0.0477, target_mrr = 0.035975, target_hit@10 = 0.0766, target_ndcg@10 = 0.0378

2024-08-15 21:31:51.898101: step 3096/13760 (epoch 18/80), loss = 2.054605 (24.463 sec/epoch), lr: 0.003610
Evaluating on dev set...
..................................................................
source: 	 mrr: 0.046962	 ndcg_5: 0.0388	 ndcg_10: 0.0506	 hit@1:0.016793	 hit@5:0.0605	 hit@10: 0.0970
target: 	 mrr: 0.034439	 ndcg_5: 0.0262	 ndcg_10: 0.0358	 hit@1:0.010309	 hit@5:0.0424	 hit@10: 0.0722
source best!
..............................
source: 	 mrr: 0.044468	 ndcg_5: 0.0351	 ndcg_10: 0.0464	 hit@1:0.018152	 hit@5:0.0519	 hit@10: 0.0872
epoch 18: train_loss = 2.054605, source_mrr = 0.044468, source_hit@10 = 0.0872, source_ndcg@10 = 0.0464, target_mrr = 0.034439, target_hit@10 = 0.0722, target_ndcg@10 = 0.0358

2024-08-15 21:32:17.207547: step 3268/13760 (epoch 19/80), loss = 2.046295 (24.385 sec/epoch), lr: 0.003610
Evaluating on dev set...
..................................................................
source: 	 mrr: 0.041844	 ndcg_5: 0.0339	 ndcg_10: 0.0434	 hit@1:0.014575	 hit@5:0.0539	 hit@10: 0.0830
target: 	 mrr: 0.035984	 ndcg_5: 0.0285	 ndcg_10: 0.0386	 hit@1:0.010588	 hit@5:0.0463	 hit@10: 0.0775
epoch 19: train_loss = 2.046295, source_mrr = 0.041844, source_hit@10 = 0.0830, source_ndcg@10 = 0.0434, target_mrr = 0.035984, target_hit@10 = 0.0775, target_ndcg@10 = 0.0386

2024-08-15 21:32:42.404272: step 3440/13760 (epoch 20/80), loss = 2.033310 (24.537 sec/epoch), lr: 0.003429
Evaluating on dev set...
..................................................................
source: 	 mrr: 0.046601	 ndcg_5: 0.0387	 ndcg_10: 0.0496	 hit@1:0.016477	 hit@5:0.0612	 hit@10: 0.0951
target: 	 mrr: 0.033346	 ndcg_5: 0.0236	 ndcg_10: 0.0352	 hit@1:0.007523	 hit@5:0.0393	 hit@10: 0.0755
epoch 20: train_loss = 2.033310, source_mrr = 0.046601, source_hit@10 = 0.0951, source_ndcg@10 = 0.0496, target_mrr = 0.033346, target_hit@10 = 0.0755, target_ndcg@10 = 0.0352

2024-08-15 21:33:07.466648: step 3612/13760 (epoch 21/80), loss = 2.031340 (24.422 sec/epoch), lr: 0.003429
Evaluating on dev set...
..................................................................
source: 	 mrr: 0.042631	 ndcg_5: 0.0339	 ndcg_10: 0.0463	 hit@1:0.013625	 hit@5:0.0551	 hit@10: 0.0938
target: 	 mrr: 0.033469	 ndcg_5: 0.0254	 ndcg_10: 0.0358	 hit@1:0.008080	 hit@5:0.0429	 hit@10: 0.0750
epoch 21: train_loss = 2.031340, source_mrr = 0.042631, source_hit@10 = 0.0938, source_ndcg@10 = 0.0463, target_mrr = 0.033469, target_hit@10 = 0.0750, target_ndcg@10 = 0.0358

2024-08-15 21:33:32.345592: step 3784/13760 (epoch 22/80), loss = 2.013283 (24.234 sec/epoch), lr: 0.003258
Evaluating on dev set...
..................................................................
source: 	 mrr: 0.047221	 ndcg_5: 0.0391	 ndcg_10: 0.0510	 hit@1:0.015526	 hit@5:0.0621	 hit@10: 0.0989
target: 	 mrr: 0.038588	 ndcg_5: 0.0307	 ndcg_10: 0.0425	 hit@1:0.010588	 hit@5:0.0515	 hit@10: 0.0883
source best!
..............................
source: 	 mrr: 0.045724	 ndcg_5: 0.0363	 ndcg_10: 0.0484	 hit@1:0.016856	 hit@5:0.0561	 hit@10: 0.0937
epoch 22: train_loss = 2.013283, source_mrr = 0.045724, source_hit@10 = 0.0937, source_ndcg@10 = 0.0484, target_mrr = 0.038588, target_hit@10 = 0.0883, target_ndcg@10 = 0.0425

2024-08-15 21:33:57.470629: step 3956/13760 (epoch 23/80), loss = 2.009866 (24.206 sec/epoch), lr: 0.003258
Evaluating on dev set...
..................................................................
source: 	 mrr: 0.043856	 ndcg_5: 0.0357	 ndcg_10: 0.0470	 hit@1:0.015526	 hit@5:0.0561	 hit@10: 0.0909
target: 	 mrr: 0.040306	 ndcg_5: 0.0314	 ndcg_10: 0.0429	 hit@1:0.014767	 hit@5:0.0490	 hit@10: 0.0850
target best!
...................................target: 	 mrr: 0.042199	 ndcg_5: 0.0350	 ndcg_10: 0.0465	 hit@1:0.013536	 hit@5:0.0553	 hit@10: 0.0908
epoch 23: train_loss = 2.009866, source_mrr = 0.043856, source_hit@10 = 0.0909, source_ndcg@10 = 0.0470, target_mrr = 0.042199, target_hit@10 = 0.0908, target_ndcg@10 = 0.0465

2024-08-15 21:34:22.854700: step 4128/13760 (epoch 24/80), loss = 1.997607 (24.435 sec/epoch), lr: 0.003095
Evaluating on dev set...
..................................................................
source: 	 mrr: 0.043539	 ndcg_5: 0.0350	 ndcg_10: 0.0466	 hit@1:0.015209	 hit@5:0.0545	 hit@10: 0.0903
target: 	 mrr: 0.039267	 ndcg_5: 0.0298	 ndcg_10: 0.0430	 hit@1:0.011702	 hit@5:0.0476	 hit@10: 0.0883
epoch 24: train_loss = 1.997607, source_mrr = 0.043539, source_hit@10 = 0.0903, source_ndcg@10 = 0.0466, target_mrr = 0.039267, target_hit@10 = 0.0883, target_ndcg@10 = 0.0430

2024-08-15 21:34:48.208496: step 4300/13760 (epoch 25/80), loss = 1.986361 (24.709 sec/epoch), lr: 0.002940
Evaluating on dev set...
..................................................................
source: 	 mrr: 0.048656	 ndcg_5: 0.0415	 ndcg_10: 0.0524	 hit@1:0.017110	 hit@5:0.0662	 hit@10: 0.1004
target: 	 mrr: 0.041212	 ndcg_5: 0.0323	 ndcg_10: 0.0435	 hit@1:0.013096	 hit@5:0.0504	 hit@10: 0.0858
source best!
..............................
source: 	 mrr: 0.045842	 ndcg_5: 0.0372	 ndcg_10: 0.0486	 hit@1:0.016856	 hit@5:0.0580	 hit@10: 0.0937
target best!
...................................target: 	 mrr: 0.038819	 ndcg_5: 0.0311	 ndcg_10: 0.0407	 hit@1:0.011844	 hit@5:0.0508	 hit@10: 0.0804
epoch 25: train_loss = 1.986361, source_mrr = 0.045842, source_hit@10 = 0.0937, source_ndcg@10 = 0.0486, target_mrr = 0.038819, target_hit@10 = 0.0804, target_ndcg@10 = 0.0407

2024-08-15 21:35:13.770360: step 4472/13760 (epoch 26/80), loss = 1.986150 (24.314 sec/epoch), lr: 0.002940
Evaluating on dev set...
..................................................................
source: 	 mrr: 0.051139	 ndcg_5: 0.0432	 ndcg_10: 0.0550	 hit@1:0.020596	 hit@5:0.0669	 hit@10: 0.1036
target: 	 mrr: 0.037459	 ndcg_5: 0.0297	 ndcg_10: 0.0405	 hit@1:0.010588	 hit@5:0.0488	 hit@10: 0.0828
source best!
..............................
source: 	 mrr: 0.047282	 ndcg_5: 0.0401	 ndcg_10: 0.0503	 hit@1:0.018476	 hit@5:0.0639	 hit@10: 0.0959
epoch 26: train_loss = 1.986150, source_mrr = 0.047282, source_hit@10 = 0.0959, source_ndcg@10 = 0.0503, target_mrr = 0.037459, target_hit@10 = 0.0828, target_ndcg@10 = 0.0405

2024-08-15 21:35:39.327135: step 4644/13760 (epoch 27/80), loss = 1.974565 (24.608 sec/epoch), lr: 0.002793
Evaluating on dev set...
..................................................................
source: 	 mrr: 0.044094	 ndcg_5: 0.0350	 ndcg_10: 0.0474	 hit@1:0.015209	 hit@5:0.0551	 hit@10: 0.0941
target: 	 mrr: 0.042424	 ndcg_5: 0.0336	 ndcg_10: 0.0441	 hit@1:0.015882	 hit@5:0.0518	 hit@10: 0.0847
target best!
...................................target: 	 mrr: 0.039607	 ndcg_5: 0.0301	 ndcg_10: 0.0411	 hit@1:0.013536	 hit@5:0.0460	 hit@10: 0.0807
epoch 27: train_loss = 1.974565, source_mrr = 0.044094, source_hit@10 = 0.0941, source_ndcg@10 = 0.0474, target_mrr = 0.039607, target_hit@10 = 0.0807, target_ndcg@10 = 0.0411

2024-08-15 21:36:04.706244: step 4816/13760 (epoch 28/80), loss = 1.966142 (24.397 sec/epoch), lr: 0.002654
Evaluating on dev set...
..................................................................
source: 	 mrr: 0.036392	 ndcg_5: 0.0293	 ndcg_10: 0.0385	 hit@1:0.011407	 hit@5:0.0478	 hit@10: 0.0764
target: 	 mrr: 0.030244	 ndcg_5: 0.0229	 ndcg_10: 0.0299	 hit@1:0.008638	 hit@5:0.0379	 hit@10: 0.0599
epoch 28: train_loss = 1.966142, source_mrr = 0.036392, source_hit@10 = 0.0764, source_ndcg@10 = 0.0385, target_mrr = 0.030244, target_hit@10 = 0.0599, target_ndcg@10 = 0.0299

2024-08-15 21:36:29.673309: step 4988/13760 (epoch 29/80), loss = 1.951460 (24.296 sec/epoch), lr: 0.002521
Evaluating on dev set...
..................................................................
source: 	 mrr: 0.040246	 ndcg_5: 0.0317	 ndcg_10: 0.0428	 hit@1:0.013625	 hit@5:0.0497	 hit@10: 0.0843
target: 	 mrr: 0.036006	 ndcg_5: 0.0280	 ndcg_10: 0.0386	 hit@1:0.010588	 hit@5:0.0463	 hit@10: 0.0791
epoch 29: train_loss = 1.951460, source_mrr = 0.040246, source_hit@10 = 0.0843, source_ndcg@10 = 0.0428, target_mrr = 0.036006, target_hit@10 = 0.0791, target_ndcg@10 = 0.0386

2024-08-15 21:36:54.838292: step 5160/13760 (epoch 30/80), loss = 1.948308 (24.524 sec/epoch), lr: 0.002521
Evaluating on dev set...
..................................................................
source: 	 mrr: 0.048188	 ndcg_5: 0.0403	 ndcg_10: 0.0515	 hit@1:0.017744	 hit@5:0.0631	 hit@10: 0.0979
target: 	 mrr: 0.039081	 ndcg_5: 0.0306	 ndcg_10: 0.0426	 hit@1:0.011702	 hit@5:0.0496	 hit@10: 0.0869
epoch 30: train_loss = 1.948308, source_mrr = 0.048188, source_hit@10 = 0.0979, source_ndcg@10 = 0.0515, target_mrr = 0.039081, target_hit@10 = 0.0869, target_ndcg@10 = 0.0426

2024-08-15 21:37:19.722417: step 5332/13760 (epoch 31/80), loss = 1.942967 (24.231 sec/epoch), lr: 0.002521
Evaluating on dev set...
..................................................................
source: 	 mrr: 0.047717	 ndcg_5: 0.0394	 ndcg_10: 0.0517	 hit@1:0.018378	 hit@5:0.0615	 hit@10: 0.0998
target: 	 mrr: 0.037418	 ndcg_5: 0.0306	 ndcg_10: 0.0394	 hit@1:0.011424	 hit@5:0.0499	 hit@10: 0.0772
epoch 31: train_loss = 1.942967, source_mrr = 0.047717, source_hit@10 = 0.0998, source_ndcg@10 = 0.0517, target_mrr = 0.037418, target_hit@10 = 0.0772, target_ndcg@10 = 0.0394

2024-08-15 21:37:44.582210: step 5504/13760 (epoch 32/80), loss = 1.927820 (24.214 sec/epoch), lr: 0.002395
Evaluating on dev set...
..................................................................
source: 	 mrr: 0.046949	 ndcg_5: 0.0374	 ndcg_10: 0.0525	 hit@1:0.017744	 hit@5:0.0586	 hit@10: 0.1055
target: 	 mrr: 0.035611	 ndcg_5: 0.0272	 ndcg_10: 0.0378	 hit@1:0.010588	 hit@5:0.0440	 hit@10: 0.0775
epoch 32: train_loss = 1.927820, source_mrr = 0.046949, source_hit@10 = 0.1055, source_ndcg@10 = 0.0525, target_mrr = 0.035611, target_hit@10 = 0.0775, target_ndcg@10 = 0.0378

2024-08-15 21:38:09.251144: step 5676/13760 (epoch 33/80), loss = 1.912629 (24.021 sec/epoch), lr: 0.002275
Evaluating on dev set...
..................................................................
source: 	 mrr: 0.049309	 ndcg_5: 0.0404	 ndcg_10: 0.0526	 hit@1:0.019328	 hit@5:0.0608	 hit@10: 0.0992
target: 	 mrr: 0.037837	 ndcg_5: 0.0297	 ndcg_10: 0.0410	 hit@1:0.011702	 hit@5:0.0488	 hit@10: 0.0841
epoch 33: train_loss = 1.912629, source_mrr = 0.049309, source_hit@10 = 0.0992, source_ndcg@10 = 0.0526, target_mrr = 0.037837, target_hit@10 = 0.0841, target_ndcg@10 = 0.0410

2024-08-15 21:38:34.233003: step 5848/13760 (epoch 34/80), loss = 1.910889 (24.341 sec/epoch), lr: 0.002275
Evaluating on dev set...
..................................................................
source: 	 mrr: 0.052763	 ndcg_5: 0.0455	 ndcg_10: 0.0566	 hit@1:0.020913	 hit@5:0.0703	 hit@10: 0.1049
target: 	 mrr: 0.034577	 ndcg_5: 0.0272	 ndcg_10: 0.0367	 hit@1:0.008638	 hit@5:0.0468	 hit@10: 0.0763
source best!
..............................
source: 	 mrr: 0.045536	 ndcg_5: 0.0354	 ndcg_10: 0.0484	 hit@1:0.015559	 hit@5:0.0558	 hit@10: 0.0966
epoch 34: train_loss = 1.910889, source_mrr = 0.045536, source_hit@10 = 0.0966, source_ndcg@10 = 0.0484, target_mrr = 0.034577, target_hit@10 = 0.0763, target_ndcg@10 = 0.0367

2024-08-15 21:38:59.678475: step 6020/13760 (epoch 35/80), loss = 1.904804 (24.520 sec/epoch), lr: 0.002275
Evaluating on dev set...
..................................................................
source: 	 mrr: 0.046147	 ndcg_5: 0.0371	 ndcg_10: 0.0484	 hit@1:0.016793	 hit@5:0.0574	 hit@10: 0.0925
target: 	 mrr: 0.035009	 ndcg_5: 0.0282	 ndcg_10: 0.0378	 hit@1:0.009195	 hit@5:0.0476	 hit@10: 0.0777
epoch 35: train_loss = 1.904804, source_mrr = 0.046147, source_hit@10 = 0.0925, source_ndcg@10 = 0.0484, target_mrr = 0.035009, target_hit@10 = 0.0777, target_ndcg@10 = 0.0378

2024-08-15 21:39:24.636706: step 6192/13760 (epoch 36/80), loss = 1.895666 (24.308 sec/epoch), lr: 0.002161
Evaluating on dev set...
..................................................................
source: 	 mrr: 0.049979	 ndcg_5: 0.0412	 ndcg_10: 0.0540	 hit@1:0.019962	 hit@5:0.0631	 hit@10: 0.1030
target: 	 mrr: 0.039895	 ndcg_5: 0.0308	 ndcg_10: 0.0426	 hit@1:0.011981	 hit@5:0.0499	 hit@10: 0.0872
epoch 36: train_loss = 1.895666, source_mrr = 0.049979, source_hit@10 = 0.1030, source_ndcg@10 = 0.0540, target_mrr = 0.039895, target_hit@10 = 0.0872, target_ndcg@10 = 0.0426

2024-08-15 21:39:49.773837: step 6364/13760 (epoch 37/80), loss = 1.885887 (24.487 sec/epoch), lr: 0.002161
Evaluating on dev set...
..................................................................
source: 	 mrr: 0.042321	 ndcg_5: 0.0332	 ndcg_10: 0.0445	 hit@1:0.014575	 hit@5:0.0526	 hit@10: 0.0878
target: 	 mrr: 0.035552	 ndcg_5: 0.0274	 ndcg_10: 0.0376	 hit@1:0.008916	 hit@5:0.0451	 hit@10: 0.0769
epoch 37: train_loss = 1.885887, source_mrr = 0.042321, source_hit@10 = 0.0878, source_ndcg@10 = 0.0445, target_mrr = 0.035552, target_hit@10 = 0.0769, target_ndcg@10 = 0.0376

2024-08-15 21:40:14.540566: step 6536/13760 (epoch 38/80), loss = 1.873292 (24.125 sec/epoch), lr: 0.002053
Evaluating on dev set...
..................................................................
source: 	 mrr: 0.034088	 ndcg_5: 0.0262	 ndcg_10: 0.0337	 hit@1:0.012991	 hit@5:0.0399	 hit@10: 0.0631
target: 	 mrr: 0.040977	 ndcg_5: 0.0329	 ndcg_10: 0.0446	 hit@1:0.013096	 hit@5:0.0535	 hit@10: 0.0906
epoch 38: train_loss = 1.873292, source_mrr = 0.034088, source_hit@10 = 0.0631, source_ndcg@10 = 0.0337, target_mrr = 0.040977, target_hit@10 = 0.0906, target_ndcg@10 = 0.0446

2024-08-15 21:40:39.453129: step 6708/13760 (epoch 39/80), loss = 1.861532 (24.272 sec/epoch), lr: 0.001951
Evaluating on dev set...
..................................................................
source: 	 mrr: 0.040721	 ndcg_5: 0.0316	 ndcg_10: 0.0431	 hit@1:0.012041	 hit@5:0.0520	 hit@10: 0.0881
target: 	 mrr: 0.037463	 ndcg_5: 0.0294	 ndcg_10: 0.0398	 hit@1:0.008638	 hit@5:0.0493	 hit@10: 0.0819
epoch 39: train_loss = 1.861532, source_mrr = 0.040721, source_hit@10 = 0.0881, source_ndcg@10 = 0.0431, target_mrr = 0.037463, target_hit@10 = 0.0819, target_ndcg@10 = 0.0398

2024-08-15 21:41:04.616994: step 6880/13760 (epoch 40/80), loss = 1.858739 (24.494 sec/epoch), lr: 0.001951
Evaluating on dev set...
..................................................................
source: 	 mrr: 0.048871	 ndcg_5: 0.0391	 ndcg_10: 0.0511	 hit@1:0.019962	 hit@5:0.0586	 hit@10: 0.0960
target: 	 mrr: 0.035700	 ndcg_5: 0.0270	 ndcg_10: 0.0380	 hit@1:0.008916	 hit@5:0.0451	 hit@10: 0.0794
epoch 40: train_loss = 1.858739, source_mrr = 0.048871, source_hit@10 = 0.0960, source_ndcg@10 = 0.0511, target_mrr = 0.035700, target_hit@10 = 0.0794, target_ndcg@10 = 0.0380
shift to transfer learning mode

2024-08-15 21:41:29.869411: step 7052/13760 (epoch 41/80), loss = 2.171526 (24.608 sec/epoch), lr: 0.001951
Evaluating on dev set...
..................................................................
source: 	 mrr: 0.052036	 ndcg_5: 0.0451	 ndcg_10: 0.0556	 hit@1:0.019011	 hit@5:0.0707	 hit@10: 0.1030
target: 	 mrr: 0.033678	 ndcg_5: 0.0250	 ndcg_10: 0.0355	 hit@1:0.008916	 hit@5:0.0415	 hit@10: 0.0744
epoch 41: train_loss = 2.171526, source_mrr = 0.052036, source_hit@10 = 0.1030, source_ndcg@10 = 0.0556, target_mrr = 0.033678, target_hit@10 = 0.0744, target_ndcg@10 = 0.0355

2024-08-15 21:41:55.374615: step 7224/13760 (epoch 42/80), loss = 2.188728 (24.859 sec/epoch), lr: 0.001951
Evaluating on dev set...
..................................................................
source: 	 mrr: 0.037078	 ndcg_5: 0.0293	 ndcg_10: 0.0397	 hit@1:0.010456	 hit@5:0.0482	 hit@10: 0.0808
target: 	 mrr: 0.038265	 ndcg_5: 0.0295	 ndcg_10: 0.0416	 hit@1:0.011981	 hit@5:0.0482	 hit@10: 0.0864
epoch 42: train_loss = 2.188728, source_mrr = 0.037078, source_hit@10 = 0.0808, source_ndcg@10 = 0.0397, target_mrr = 0.038265, target_hit@10 = 0.0864, target_ndcg@10 = 0.0416

2024-08-15 21:42:20.617332: step 7396/13760 (epoch 43/80), loss = 2.198225 (24.601 sec/epoch), lr: 0.001853
Evaluating on dev set...
..................................................................
source: 	 mrr: 0.046638	 ndcg_5: 0.0385	 ndcg_10: 0.0499	 hit@1:0.017744	 hit@5:0.0593	 hit@10: 0.0947
target: 	 mrr: 0.034890	 ndcg_5: 0.0270	 ndcg_10: 0.0371	 hit@1:0.009473	 hit@5:0.0449	 hit@10: 0.0763
epoch 43: train_loss = 2.198225, source_mrr = 0.046638, source_hit@10 = 0.0947, source_ndcg@10 = 0.0499, target_mrr = 0.034890, target_hit@10 = 0.0763, target_ndcg@10 = 0.0371

2024-08-15 21:42:45.895470: step 7568/13760 (epoch 44/80), loss = 2.195974 (24.625 sec/epoch), lr: 0.001853
Evaluating on dev set...
..................................................................
source: 	 mrr: 0.052709	 ndcg_5: 0.0445	 ndcg_10: 0.0581	 hit@1:0.020913	 hit@5:0.0681	 hit@10: 0.1103
target: 	 mrr: 0.040597	 ndcg_5: 0.0316	 ndcg_10: 0.0421	 hit@1:0.014489	 hit@5:0.0496	 hit@10: 0.0828
epoch 44: train_loss = 2.195974, source_mrr = 0.052709, source_hit@10 = 0.1103, source_ndcg@10 = 0.0581, target_mrr = 0.040597, target_hit@10 = 0.0828, target_ndcg@10 = 0.0421

2024-08-15 21:43:10.934157: step 7740/13760 (epoch 45/80), loss = 2.195950 (24.397 sec/epoch), lr: 0.001853
Evaluating on dev set...
..................................................................
source: 	 mrr: 0.051482	 ndcg_5: 0.0430	 ndcg_10: 0.0562	 hit@1:0.019328	 hit@5:0.0662	 hit@10: 0.1074
target: 	 mrr: 0.036864	 ndcg_5: 0.0282	 ndcg_10: 0.0401	 hit@1:0.011145	 hit@5:0.0465	 hit@10: 0.0836
epoch 45: train_loss = 2.195950, source_mrr = 0.051482, source_hit@10 = 0.1074, source_ndcg@10 = 0.0562, target_mrr = 0.036864, target_hit@10 = 0.0836, target_ndcg@10 = 0.0401

2024-08-15 21:43:36.279323: step 7912/13760 (epoch 46/80), loss = 2.185508 (24.675 sec/epoch), lr: 0.001761
Evaluating on dev set...
..................................................................
source: 	 mrr: 0.042660	 ndcg_5: 0.0347	 ndcg_10: 0.0463	 hit@1:0.013308	 hit@5:0.0567	 hit@10: 0.0935
target: 	 mrr: 0.038861	 ndcg_5: 0.0302	 ndcg_10: 0.0404	 hit@1:0.011424	 hit@5:0.0488	 hit@10: 0.0800
epoch 46: train_loss = 2.185508, source_mrr = 0.042660, source_hit@10 = 0.0935, source_ndcg@10 = 0.0463, target_mrr = 0.038861, target_hit@10 = 0.0800, target_ndcg@10 = 0.0404

2024-08-15 21:44:01.515296: step 8084/13760 (epoch 47/80), loss = 2.175557 (24.592 sec/epoch), lr: 0.001672
Evaluating on dev set...
..................................................................
source: 	 mrr: 0.047248	 ndcg_5: 0.0384	 ndcg_10: 0.0522	 hit@1:0.015843	 hit@5:0.0615	 hit@10: 0.1039
target: 	 mrr: 0.039769	 ndcg_5: 0.0306	 ndcg_10: 0.0411	 hit@1:0.011981	 hit@5:0.0482	 hit@10: 0.0811
epoch 47: train_loss = 2.175557, source_mrr = 0.047248, source_hit@10 = 0.1039, source_ndcg@10 = 0.0522, target_mrr = 0.039769, target_hit@10 = 0.0811, target_ndcg@10 = 0.0411

2024-08-15 21:44:26.797350: step 8256/13760 (epoch 48/80), loss = 2.177554 (24.639 sec/epoch), lr: 0.001672
Evaluating on dev set...
..................................................................
source: 	 mrr: 0.045697	 ndcg_5: 0.0392	 ndcg_10: 0.0499	 hit@1:0.015209	 hit@5:0.0624	 hit@10: 0.0960
target: 	 mrr: 0.035303	 ndcg_5: 0.0261	 ndcg_10: 0.0370	 hit@1:0.010031	 hit@5:0.0426	 hit@10: 0.0769
epoch 48: train_loss = 2.177554, source_mrr = 0.045697, source_hit@10 = 0.0960, source_ndcg@10 = 0.0499, target_mrr = 0.035303, target_hit@10 = 0.0769, target_ndcg@10 = 0.0370

2024-08-15 21:44:52.512706: step 8428/13760 (epoch 49/80), loss = 2.170063 (25.063 sec/epoch), lr: 0.001589
Evaluating on dev set...
..................................................................
source: 	 mrr: 0.049490	 ndcg_5: 0.0416	 ndcg_10: 0.0526	 hit@1:0.020279	 hit@5:0.0624	 hit@10: 0.0963
target: 	 mrr: 0.037983	 ndcg_5: 0.0300	 ndcg_10: 0.0396	 hit@1:0.010867	 hit@5:0.0493	 hit@10: 0.0789
epoch 49: train_loss = 2.170063, source_mrr = 0.049490, source_hit@10 = 0.0963, source_ndcg@10 = 0.0526, target_mrr = 0.037983, target_hit@10 = 0.0789, target_ndcg@10 = 0.0396

2024-08-15 21:45:17.944783: step 8600/13760 (epoch 50/80), loss = 2.159514 (24.789 sec/epoch), lr: 0.001589
Evaluating on dev set...
..................................................................
source: 	 mrr: 0.045900	 ndcg_5: 0.0375	 ndcg_10: 0.0504	 hit@1:0.014575	 hit@5:0.0605	 hit@10: 0.1004
target: 	 mrr: 0.036350	 ndcg_5: 0.0264	 ndcg_10: 0.0396	 hit@1:0.010309	 hit@5:0.0424	 hit@10: 0.0833
epoch 50: train_loss = 2.159514, source_mrr = 0.045900, source_hit@10 = 0.1004, source_ndcg@10 = 0.0504, target_mrr = 0.036350, target_hit@10 = 0.0833, target_ndcg@10 = 0.0396

2024-08-15 21:45:43.440310: step 8772/13760 (epoch 51/80), loss = 2.156658 (24.847 sec/epoch), lr: 0.001509
Evaluating on dev set...
..................................................................
source: 	 mrr: 0.048991	 ndcg_5: 0.0405	 ndcg_10: 0.0530	 hit@1:0.016793	 hit@5:0.0643	 hit@10: 0.1033
target: 	 mrr: 0.041156	 ndcg_5: 0.0314	 ndcg_10: 0.0425	 hit@1:0.014210	 hit@5:0.0485	 hit@10: 0.0830
epoch 51: train_loss = 2.156658, source_mrr = 0.048991, source_hit@10 = 0.1033, source_ndcg@10 = 0.0530, target_mrr = 0.041156, target_hit@10 = 0.0830, target_ndcg@10 = 0.0425

2024-08-15 21:46:08.508019: step 8944/13760 (epoch 52/80), loss = 2.148281 (24.426 sec/epoch), lr: 0.001509
Evaluating on dev set...
..................................................................
source: 	 mrr: 0.049244	 ndcg_5: 0.0382	 ndcg_10: 0.0538	 hit@1:0.018061	 hit@5:0.0586	 hit@10: 0.1065
target: 	 mrr: 0.037542	 ndcg_5: 0.0307	 ndcg_10: 0.0397	 hit@1:0.010309	 hit@5:0.0515	 hit@10: 0.0794
epoch 52: train_loss = 2.148281, source_mrr = 0.049244, source_hit@10 = 0.1065, source_ndcg@10 = 0.0538, target_mrr = 0.037542, target_hit@10 = 0.0794, target_ndcg@10 = 0.0397

2024-08-15 21:46:33.781260: step 9116/13760 (epoch 53/80), loss = 2.141445 (24.629 sec/epoch), lr: 0.001434
Evaluating on dev set...
..................................................................
source: 	 mrr: 0.047786	 ndcg_5: 0.0396	 ndcg_10: 0.0510	 hit@1:0.019328	 hit@5:0.0593	 hit@10: 0.0951
target: 	 mrr: 0.036044	 ndcg_5: 0.0284	 ndcg_10: 0.0386	 hit@1:0.010031	 hit@5:0.0471	 hit@10: 0.0789
epoch 53: train_loss = 2.141445, source_mrr = 0.047786, source_hit@10 = 0.0951, source_ndcg@10 = 0.0510, target_mrr = 0.036044, target_hit@10 = 0.0789, target_ndcg@10 = 0.0386

2024-08-15 21:46:59.285848: step 9288/13760 (epoch 54/80), loss = 2.133018 (24.804 sec/epoch), lr: 0.001362
Evaluating on dev set...
..................................................................
source: 	 mrr: 0.046450	 ndcg_5: 0.0378	 ndcg_10: 0.0504	 hit@1:0.016793	 hit@5:0.0596	 hit@10: 0.0985
target: 	 mrr: 0.038251	 ndcg_5: 0.0308	 ndcg_10: 0.0399	 hit@1:0.011145	 hit@5:0.0499	 hit@10: 0.0783
epoch 54: train_loss = 2.133018, source_mrr = 0.046450, source_hit@10 = 0.0985, source_ndcg@10 = 0.0504, target_mrr = 0.038251, target_hit@10 = 0.0783, target_ndcg@10 = 0.0399

2024-08-15 21:47:24.778928: step 9460/13760 (epoch 55/80), loss = 2.130291 (24.848 sec/epoch), lr: 0.001362
Evaluating on dev set...
..................................................................
source: 	 mrr: 0.043616	 ndcg_5: 0.0373	 ndcg_10: 0.0482	 hit@1:0.013308	 hit@5:0.0624	 hit@10: 0.0963
target: 	 mrr: 0.040816	 ndcg_5: 0.0323	 ndcg_10: 0.0427	 hit@1:0.015046	 hit@5:0.0507	 hit@10: 0.0833
epoch 55: train_loss = 2.130291, source_mrr = 0.043616, source_hit@10 = 0.0963, source_ndcg@10 = 0.0482, target_mrr = 0.040816, target_hit@10 = 0.0833, target_ndcg@10 = 0.0427

2024-08-15 21:47:50.523365: step 9632/13760 (epoch 56/80), loss = 2.118281 (25.098 sec/epoch), lr: 0.001294
Evaluating on dev set...
..................................................................
source: 	 mrr: 0.045982	 ndcg_5: 0.0367	 ndcg_10: 0.0481	 hit@1:0.016160	 hit@5:0.0570	 hit@10: 0.0928
target: 	 mrr: 0.040283	 ndcg_5: 0.0319	 ndcg_10: 0.0438	 hit@1:0.013374	 hit@5:0.0507	 hit@10: 0.0880
epoch 56: train_loss = 2.118281, source_mrr = 0.045982, source_hit@10 = 0.0928, source_ndcg@10 = 0.0481, target_mrr = 0.040283, target_hit@10 = 0.0880, target_ndcg@10 = 0.0438

2024-08-15 21:48:15.694624: step 9804/13760 (epoch 57/80), loss = 2.114386 (24.519 sec/epoch), lr: 0.001294
Evaluating on dev set...
..................................................................
source: 	 mrr: 0.050070	 ndcg_5: 0.0429	 ndcg_10: 0.0544	 hit@1:0.018378	 hit@5:0.0681	 hit@10: 0.1036
target: 	 mrr: 0.039354	 ndcg_5: 0.0314	 ndcg_10: 0.0422	 hit@1:0.012817	 hit@5:0.0507	 hit@10: 0.0844
epoch 57: train_loss = 2.114386, source_mrr = 0.050070, source_hit@10 = 0.1036, source_ndcg@10 = 0.0544, target_mrr = 0.039354, target_hit@10 = 0.0844, target_ndcg@10 = 0.0422

2024-08-15 21:48:41.188871: step 9976/13760 (epoch 58/80), loss = 2.113167 (24.842 sec/epoch), lr: 0.001294
Evaluating on dev set...
..................................................................
source: 	 mrr: 0.044805	 ndcg_5: 0.0371	 ndcg_10: 0.0470	 hit@1:0.016160	 hit@5:0.0580	 hit@10: 0.0887
target: 	 mrr: 0.041812	 ndcg_5: 0.0327	 ndcg_10: 0.0458	 hit@1:0.015046	 hit@5:0.0504	 hit@10: 0.0911
epoch 58: train_loss = 2.113167, source_mrr = 0.044805, source_hit@10 = 0.0887, source_ndcg@10 = 0.0470, target_mrr = 0.041812, target_hit@10 = 0.0911, target_ndcg@10 = 0.0458

2024-08-15 21:49:07.381418: step 10148/13760 (epoch 59/80), loss = 2.103734 (24.840 sec/epoch), lr: 0.001229
Evaluating on dev set...
..................................................................
source: 	 mrr: 0.049355	 ndcg_5: 0.0417	 ndcg_10: 0.0528	 hit@1:0.017427	 hit@5:0.0653	 hit@10: 0.1001
target: 	 mrr: 0.038329	 ndcg_5: 0.0298	 ndcg_10: 0.0417	 hit@1:0.010031	 hit@5:0.0499	 hit@10: 0.0872
epoch 59: train_loss = 2.103734, source_mrr = 0.049355, source_hit@10 = 0.1001, source_ndcg@10 = 0.0528, target_mrr = 0.038329, target_hit@10 = 0.0872, target_ndcg@10 = 0.0417

2024-08-15 21:49:33.213520: step 10320/13760 (epoch 60/80), loss = 2.096134 (25.185 sec/epoch), lr: 0.001229
Evaluating on dev set...
..................................................................
source: 	 mrr: 0.043337	 ndcg_5: 0.0360	 ndcg_10: 0.0450	 hit@1:0.015526	 hit@5:0.0574	 hit@10: 0.0856
target: 	 mrr: 0.038883	 ndcg_5: 0.0289	 ndcg_10: 0.0421	 hit@1:0.011145	 hit@5:0.0465	 hit@10: 0.0875
epoch 60: train_loss = 2.096134, source_mrr = 0.043337, source_hit@10 = 0.0856, source_ndcg@10 = 0.0450, target_mrr = 0.038883, target_hit@10 = 0.0875, target_ndcg@10 = 0.0421

2024-08-15 21:49:58.670853: step 10492/13760 (epoch 61/80), loss = 2.083962 (24.813 sec/epoch), lr: 0.001168
Evaluating on dev set...
..................................................................
source: 	 mrr: 0.045886	 ndcg_5: 0.0381	 ndcg_10: 0.0488	 hit@1:0.016793	 hit@5:0.0599	 hit@10: 0.0928
target: 	 mrr: 0.038674	 ndcg_5: 0.0312	 ndcg_10: 0.0424	 hit@1:0.011424	 hit@5:0.0515	 hit@10: 0.0867
epoch 61: train_loss = 2.083962, source_mrr = 0.045886, source_hit@10 = 0.0928, source_ndcg@10 = 0.0488, target_mrr = 0.038674, target_hit@10 = 0.0867, target_ndcg@10 = 0.0424
early termination of training
source best:  source_mrr = 0.052709, source_hit@10 = 0.1103, source_ndcg@10 = 0.0581
target best:  target_mrr = 0.041812, target_hit@10 = 0.0911, target_ndcg@10 = 0.0458
