using gpu:1 to train the model
using gpu:1 to train the model
cuda:1
Namespace(A_split=False, JK='sum', a_fold=100, aggregate=False, alpha=0.5, batch_size=2048, beta_inter=0.7, conv_layers=4, cuda=True, decay_epoch=10, device=device(type='cuda', index=1), device_id='1', domains='cloth_sport', dropout=0.4, epoch=80, feature_dim=126, gamma_intra=0.8, hidden_dim=126, inter_tau=0.2, intra_tau=0.4, lambda_critic=0.5, leakey=0.05, load=False, log='logs.txt', log_epoch=1, lr=0.004, lr_decay=0.95, min_epoch=60, mode='train', model_file=None, model_name='cs', momentum=0.98, num_latent_factors=3, num_negative=100, optim='adam', patience=20, proj_layers=1, projection=1, rectify_epoch=40, residual=1, save=False, save_dir='./saved_models', seed=32, similarity_tau=0.2, step=5, test_sample_number=999, user_batch_size=256, weight_decay=0.0002)
number_user 41829
number_item 17943
real graph loaded!
number_user 27328
number_item 12655
real graph loaded!
graph loaded!
Loading data from cloth_sport with batch size 2048...
unseen test: 0
test length: 3156
unseen test: 0
test length: 3085
unseen test: 0
test length: 3589
unseen test: 0
test length: 3546
source_user_num 41829
target_user_num 27328
source_item_num 17943
target_item_num 12655
shared users id: 7857
test users 990, 982
unseen test: 0
dev length: 1000
unseen test: 0
dev length: 1000
source train data : 187880, target train data: 163291, source test data : 3085, target test data : 3546, source dev data : 1000, target dev data : 1000
2024-08-15 20:53:17.835507: step 172/13760 (epoch 1/80), loss = 3.281574 (25.854 sec/epoch), lr: 0.004000
Evaluating on dev set...
..................................................................
source: 	 mrr: 0.041793	 ndcg_5: 0.0336	 ndcg_10: 0.0449	 hit@1:0.012991	 hit@5:0.0548	 hit@10: 0.0903
target: 	 mrr: 0.026786	 ndcg_5: 0.0170	 ndcg_10: 0.0259	 hit@1:0.005015	 hit@5:0.0293	 hit@10: 0.0568
source best!
..............................
source: 	 mrr: 0.040405	 ndcg_5: 0.0314	 ndcg_10: 0.0429	 hit@1:0.013290	 hit@5:0.0489	 hit@10: 0.0849
target best!
...................................target: 	 mrr: 0.028151	 ndcg_5: 0.0181	 ndcg_10: 0.0263	 hit@1:0.007050	 hit@5:0.0290	 hit@10: 0.0550
epoch 1: train_loss = 3.281574, source_mrr = 0.040405, source_hit@10 = 0.0849, source_ndcg@10 = 0.0429, target_mrr = 0.028151, target_hit@10 = 0.0550, target_ndcg@10 = 0.0263

2024-08-15 20:53:44.819963: step 344/13760 (epoch 2/80), loss = 2.787526 (25.570 sec/epoch), lr: 0.004000
Evaluating on dev set...
..................................................................
source: 	 mrr: 0.042850	 ndcg_5: 0.0329	 ndcg_10: 0.0450	 hit@1:0.015209	 hit@5:0.0507	 hit@10: 0.0884
target: 	 mrr: 0.030778	 ndcg_5: 0.0241	 ndcg_10: 0.0324	 hit@1:0.010588	 hit@5:0.0376	 hit@10: 0.0632
source best!
..............................
source: 	 mrr: 0.040657	 ndcg_5: 0.0311	 ndcg_10: 0.0423	 hit@1:0.013938	 hit@5:0.0486	 hit@10: 0.0840
target best!
...................................target: 	 mrr: 0.031454	 ndcg_5: 0.0248	 ndcg_10: 0.0332	 hit@1:0.010716	 hit@5:0.0389	 hit@10: 0.0649
epoch 2: train_loss = 2.787526, source_mrr = 0.040657, source_hit@10 = 0.0840, source_ndcg@10 = 0.0423, target_mrr = 0.031454, target_hit@10 = 0.0649, target_ndcg@10 = 0.0332

2024-08-15 20:54:11.711197: step 516/13760 (epoch 3/80), loss = 2.439736 (25.489 sec/epoch), lr: 0.004000
Evaluating on dev set...
..................................................................
source: 	 mrr: 0.041923	 ndcg_5: 0.0336	 ndcg_10: 0.0441	 hit@1:0.013308	 hit@5:0.0535	 hit@10: 0.0865
target: 	 mrr: 0.031284	 ndcg_5: 0.0227	 ndcg_10: 0.0301	 hit@1:0.010031	 hit@5:0.0346	 hit@10: 0.0577
target best!
...................................target: 	 mrr: 0.031586	 ndcg_5: 0.0229	 ndcg_10: 0.0315	 hit@1:0.008742	 hit@5:0.0372	 hit@10: 0.0640
epoch 3: train_loss = 2.439736, source_mrr = 0.041923, source_hit@10 = 0.0865, source_ndcg@10 = 0.0441, target_mrr = 0.031586, target_hit@10 = 0.0640, target_ndcg@10 = 0.0315

2024-08-15 20:54:38.519856: step 688/13760 (epoch 4/80), loss = 2.315559 (25.591 sec/epoch), lr: 0.004000
Evaluating on dev set...
..................................................................
source: 	 mrr: 0.041266	 ndcg_5: 0.0321	 ndcg_10: 0.0446	 hit@1:0.012674	 hit@5:0.0510	 hit@10: 0.0897
target: 	 mrr: 0.028909	 ndcg_5: 0.0220	 ndcg_10: 0.0301	 hit@1:0.006966	 hit@5:0.0379	 hit@10: 0.0632
epoch 4: train_loss = 2.315559, source_mrr = 0.041266, source_hit@10 = 0.0897, source_ndcg@10 = 0.0446, target_mrr = 0.028909, target_hit@10 = 0.0632, target_ndcg@10 = 0.0301

2024-08-15 20:55:05.225356: step 860/13760 (epoch 5/80), loss = 2.237761 (25.968 sec/epoch), lr: 0.004000
Evaluating on dev set...
..................................................................
source: 	 mrr: 0.039431	 ndcg_5: 0.0301	 ndcg_10: 0.0404	 hit@1:0.013308	 hit@5:0.0478	 hit@10: 0.0798
target: 	 mrr: 0.035679	 ndcg_5: 0.0296	 ndcg_10: 0.0394	 hit@1:0.010031	 hit@5:0.0502	 hit@10: 0.0808
target best!
...................................target: 	 mrr: 0.037355	 ndcg_5: 0.0291	 ndcg_10: 0.0397	 hit@1:0.012408	 hit@5:0.0451	 hit@10: 0.0787
epoch 5: train_loss = 2.237761, source_mrr = 0.039431, source_hit@10 = 0.0798, source_ndcg@10 = 0.0404, target_mrr = 0.037355, target_hit@10 = 0.0787, target_ndcg@10 = 0.0397

2024-08-15 20:55:32.031776: step 1032/13760 (epoch 6/80), loss = 2.189275 (25.689 sec/epoch), lr: 0.004000
Evaluating on dev set...
..................................................................
source: 	 mrr: 0.036237	 ndcg_5: 0.0267	 ndcg_10: 0.0373	 hit@1:0.009823	 hit@5:0.0437	 hit@10: 0.0767
target: 	 mrr: 0.032945	 ndcg_5: 0.0243	 ndcg_10: 0.0344	 hit@1:0.008080	 hit@5:0.0410	 hit@10: 0.0727
epoch 6: train_loss = 2.189275, source_mrr = 0.036237, source_hit@10 = 0.0767, source_ndcg@10 = 0.0373, target_mrr = 0.032945, target_hit@10 = 0.0727, target_ndcg@10 = 0.0344

2024-08-15 20:55:58.406281: step 1204/13760 (epoch 7/80), loss = 2.161112 (25.632 sec/epoch), lr: 0.004000
Evaluating on dev set...
..................................................................
source: 	 mrr: 0.039306	 ndcg_5: 0.0294	 ndcg_10: 0.0415	 hit@1:0.012991	 hit@5:0.0459	 hit@10: 0.0833
target: 	 mrr: 0.035181	 ndcg_5: 0.0279	 ndcg_10: 0.0379	 hit@1:0.010031	 hit@5:0.0454	 hit@10: 0.0766
epoch 7: train_loss = 2.161112, source_mrr = 0.039306, source_hit@10 = 0.0833, source_ndcg@10 = 0.0415, target_mrr = 0.035181, target_hit@10 = 0.0766, target_ndcg@10 = 0.0379

2024-08-15 20:56:24.964302: step 1376/13760 (epoch 8/80), loss = 2.136978 (25.814 sec/epoch), lr: 0.004000
Evaluating on dev set...
..................................................................
source: 	 mrr: 0.042357	 ndcg_5: 0.0331	 ndcg_10: 0.0447	 hit@1:0.014575	 hit@5:0.0516	 hit@10: 0.0878
target: 	 mrr: 0.037652	 ndcg_5: 0.0283	 ndcg_10: 0.0375	 hit@1:0.014210	 hit@5:0.0418	 hit@10: 0.0711
target best!
...................................target: 	 mrr: 0.035000	 ndcg_5: 0.0257	 ndcg_10: 0.0366	 hit@1:0.010434	 hit@5:0.0412	 hit@10: 0.0745
epoch 8: train_loss = 2.136978, source_mrr = 0.042357, source_hit@10 = 0.0878, source_ndcg@10 = 0.0447, target_mrr = 0.035000, target_hit@10 = 0.0745, target_ndcg@10 = 0.0366

2024-08-15 20:56:51.666605: step 1548/13760 (epoch 9/80), loss = 2.115262 (25.605 sec/epoch), lr: 0.004000
Evaluating on dev set...
..................................................................
source: 	 mrr: 0.042263	 ndcg_5: 0.0333	 ndcg_10: 0.0442	 hit@1:0.014259	 hit@5:0.0523	 hit@10: 0.0862
target: 	 mrr: 0.038817	 ndcg_5: 0.0310	 ndcg_10: 0.0408	 hit@1:0.013653	 hit@5:0.0488	 hit@10: 0.0791
target best!
...................................target: 	 mrr: 0.035510	 ndcg_5: 0.0272	 ndcg_10: 0.0379	 hit@1:0.010434	 hit@5:0.0451	 hit@10: 0.0784
epoch 9: train_loss = 2.115262, source_mrr = 0.042263, source_hit@10 = 0.0862, source_ndcg@10 = 0.0442, target_mrr = 0.035510, target_hit@10 = 0.0784, target_ndcg@10 = 0.0379

2024-08-15 20:57:18.034960: step 1720/13760 (epoch 10/80), loss = 2.092060 (25.278 sec/epoch), lr: 0.004000
Evaluating on dev set...
..................................................................
source: 	 mrr: 0.043648	 ndcg_5: 0.0343	 ndcg_10: 0.0466	 hit@1:0.014892	 hit@5:0.0542	 hit@10: 0.0928
target: 	 mrr: 0.027427	 ndcg_5: 0.0206	 ndcg_10: 0.0275	 hit@1:0.008359	 hit@5:0.0334	 hit@10: 0.0549
source best!
..............................
source: 	 mrr: 0.041494	 ndcg_5: 0.0323	 ndcg_10: 0.0440	 hit@1:0.014911	 hit@5:0.0499	 hit@10: 0.0872
epoch 10: train_loss = 2.092060, source_mrr = 0.041494, source_hit@10 = 0.0872, source_ndcg@10 = 0.0440, target_mrr = 0.027427, target_hit@10 = 0.0549, target_ndcg@10 = 0.0275

2024-08-15 20:57:44.096945: step 1892/13760 (epoch 11/80), loss = 2.071847 (25.003 sec/epoch), lr: 0.004000
Evaluating on dev set...
..................................................................
source: 	 mrr: 0.049734	 ndcg_5: 0.0411	 ndcg_10: 0.0547	 hit@1:0.018061	 hit@5:0.0634	 hit@10: 0.1061
target: 	 mrr: 0.030729	 ndcg_5: 0.0206	 ndcg_10: 0.0308	 hit@1:0.009752	 hit@5:0.0318	 hit@10: 0.0635
source best!
..............................
source: 	 mrr: 0.046130	 ndcg_5: 0.0384	 ndcg_10: 0.0490	 hit@1:0.016856	 hit@5:0.0596	 hit@10: 0.0927
epoch 11: train_loss = 2.071847, source_mrr = 0.046130, source_hit@10 = 0.0927, source_ndcg@10 = 0.0490, target_mrr = 0.030729, target_hit@10 = 0.0635, target_ndcg@10 = 0.0308

2024-08-15 20:58:11.101411: step 2064/13760 (epoch 12/80), loss = 2.056193 (25.865 sec/epoch), lr: 0.004000
Evaluating on dev set...
..................................................................
source: 	 mrr: 0.045515	 ndcg_5: 0.0366	 ndcg_10: 0.0487	 hit@1:0.014892	 hit@5:0.0580	 hit@10: 0.0951
target: 	 mrr: 0.035489	 ndcg_5: 0.0264	 ndcg_10: 0.0375	 hit@1:0.010309	 hit@5:0.0424	 hit@10: 0.0772
epoch 12: train_loss = 2.056193, source_mrr = 0.045515, source_hit@10 = 0.0951, source_ndcg@10 = 0.0487, target_mrr = 0.035489, target_hit@10 = 0.0772, target_ndcg@10 = 0.0375

2024-08-15 20:58:37.307969: step 2236/13760 (epoch 13/80), loss = 2.038064 (25.450 sec/epoch), lr: 0.004000
Evaluating on dev set...
..................................................................
source: 	 mrr: 0.044378	 ndcg_5: 0.0353	 ndcg_10: 0.0463	 hit@1:0.016793	 hit@5:0.0535	 hit@10: 0.0878
target: 	 mrr: 0.032785	 ndcg_5: 0.0240	 ndcg_10: 0.0337	 hit@1:0.008080	 hit@5:0.0398	 hit@10: 0.0705
epoch 13: train_loss = 2.038064, source_mrr = 0.044378, source_hit@10 = 0.0878, source_ndcg@10 = 0.0463, target_mrr = 0.032785, target_hit@10 = 0.0705, target_ndcg@10 = 0.0337

2024-08-15 20:59:03.848265: step 2408/13760 (epoch 14/80), loss = 2.021296 (25.778 sec/epoch), lr: 0.003800
Evaluating on dev set...
..................................................................
source: 	 mrr: 0.045521	 ndcg_5: 0.0364	 ndcg_10: 0.0477	 hit@1:0.016160	 hit@5:0.0554	 hit@10: 0.0909
target: 	 mrr: 0.037695	 ndcg_5: 0.0302	 ndcg_10: 0.0400	 hit@1:0.011981	 hit@5:0.0485	 hit@10: 0.0791
epoch 14: train_loss = 2.021296, source_mrr = 0.045521, source_hit@10 = 0.0909, source_ndcg@10 = 0.0477, target_mrr = 0.037695, target_hit@10 = 0.0791, target_ndcg@10 = 0.0400

2024-08-15 20:59:30.143975: step 2580/13760 (epoch 15/80), loss = 2.009837 (25.560 sec/epoch), lr: 0.003800
Evaluating on dev set...
..................................................................
source: 	 mrr: 0.046127	 ndcg_5: 0.0382	 ndcg_10: 0.0485	 hit@1:0.014575	 hit@5:0.0602	 hit@10: 0.0928
target: 	 mrr: 0.038734	 ndcg_5: 0.0294	 ndcg_10: 0.0411	 hit@1:0.013374	 hit@5:0.0460	 hit@10: 0.0825
epoch 15: train_loss = 2.009837, source_mrr = 0.046127, source_hit@10 = 0.0928, source_ndcg@10 = 0.0485, target_mrr = 0.038734, target_hit@10 = 0.0825, target_ndcg@10 = 0.0411

2024-08-15 20:59:56.737036: step 2752/13760 (epoch 16/80), loss = 1.995654 (25.842 sec/epoch), lr: 0.003800
Evaluating on dev set...
..................................................................
source: 	 mrr: 0.043206	 ndcg_5: 0.0353	 ndcg_10: 0.0456	 hit@1:0.015526	 hit@5:0.0558	 hit@10: 0.0881
target: 	 mrr: 0.035838	 ndcg_5: 0.0264	 ndcg_10: 0.0389	 hit@1:0.010588	 hit@5:0.0421	 hit@10: 0.0811
epoch 16: train_loss = 1.995654, source_mrr = 0.043206, source_hit@10 = 0.0881, source_ndcg@10 = 0.0456, target_mrr = 0.035838, target_hit@10 = 0.0811, target_ndcg@10 = 0.0389

2024-08-15 21:00:23.353225: step 2924/13760 (epoch 17/80), loss = 1.981124 (25.860 sec/epoch), lr: 0.003610
Evaluating on dev set...
..................................................................
source: 	 mrr: 0.042976	 ndcg_5: 0.0344	 ndcg_10: 0.0443	 hit@1:0.015209	 hit@5:0.0529	 hit@10: 0.0837
target: 	 mrr: 0.039378	 ndcg_5: 0.0325	 ndcg_10: 0.0433	 hit@1:0.012817	 hit@5:0.0518	 hit@10: 0.0855
target best!
...................................target: 	 mrr: 0.038221	 ndcg_5: 0.0315	 ndcg_10: 0.0413	 hit@1:0.012126	 hit@5:0.0510	 hit@10: 0.0815
epoch 17: train_loss = 1.981124, source_mrr = 0.042976, source_hit@10 = 0.0837, source_ndcg@10 = 0.0443, target_mrr = 0.038221, target_hit@10 = 0.0815, target_ndcg@10 = 0.0413

2024-08-15 21:00:49.966481: step 3096/13760 (epoch 18/80), loss = 1.971584 (25.491 sec/epoch), lr: 0.003610
Evaluating on dev set...
..................................................................
source: 	 mrr: 0.035602	 ndcg_5: 0.0263	 ndcg_10: 0.0368	 hit@1:0.011090	 hit@5:0.0421	 hit@10: 0.0751
target: 	 mrr: 0.036153	 ndcg_5: 0.0274	 ndcg_10: 0.0371	 hit@1:0.011424	 hit@5:0.0429	 hit@10: 0.0733
epoch 18: train_loss = 1.971584, source_mrr = 0.035602, source_hit@10 = 0.0751, source_ndcg@10 = 0.0368, target_mrr = 0.036153, target_hit@10 = 0.0733, target_ndcg@10 = 0.0371

2024-08-15 21:01:16.469876: step 3268/13760 (epoch 19/80), loss = 1.958497 (25.769 sec/epoch), lr: 0.003429
Evaluating on dev set...
..................................................................
source: 	 mrr: 0.045820	 ndcg_5: 0.0380	 ndcg_10: 0.0485	 hit@1:0.016160	 hit@5:0.0599	 hit@10: 0.0928
target: 	 mrr: 0.038127	 ndcg_5: 0.0304	 ndcg_10: 0.0414	 hit@1:0.011702	 hit@5:0.0499	 hit@10: 0.0841
epoch 19: train_loss = 1.958497, source_mrr = 0.045820, source_hit@10 = 0.0928, source_ndcg@10 = 0.0485, target_mrr = 0.038127, target_hit@10 = 0.0841, target_ndcg@10 = 0.0414

2024-08-15 21:01:42.965896: step 3440/13760 (epoch 20/80), loss = 1.953187 (25.753 sec/epoch), lr: 0.003429
Evaluating on dev set...
..................................................................
source: 	 mrr: 0.042959	 ndcg_5: 0.0339	 ndcg_10: 0.0438	 hit@1:0.014575	 hit@5:0.0535	 hit@10: 0.0843
target: 	 mrr: 0.038736	 ndcg_5: 0.0304	 ndcg_10: 0.0412	 hit@1:0.013374	 hit@5:0.0479	 hit@10: 0.0819
epoch 20: train_loss = 1.953187, source_mrr = 0.042959, source_hit@10 = 0.0843, source_ndcg@10 = 0.0438, target_mrr = 0.038736, target_hit@10 = 0.0819, target_ndcg@10 = 0.0412

2024-08-15 21:02:09.153931: step 3612/13760 (epoch 21/80), loss = 1.941777 (25.429 sec/epoch), lr: 0.003258
Evaluating on dev set...
..................................................................
source: 	 mrr: 0.044220	 ndcg_5: 0.0357	 ndcg_10: 0.0484	 hit@1:0.013308	 hit@5:0.0580	 hit@10: 0.0976
target: 	 mrr: 0.038196	 ndcg_5: 0.0293	 ndcg_10: 0.0409	 hit@1:0.013096	 hit@5:0.0468	 hit@10: 0.0833
epoch 21: train_loss = 1.941777, source_mrr = 0.044220, source_hit@10 = 0.0976, source_ndcg@10 = 0.0484, target_mrr = 0.038196, target_hit@10 = 0.0833, target_ndcg@10 = 0.0409

2024-08-15 21:02:35.330302: step 3784/13760 (epoch 22/80), loss = 1.930230 (25.443 sec/epoch), lr: 0.003258
Evaluating on dev set...
..................................................................
source: 	 mrr: 0.041853	 ndcg_5: 0.0325	 ndcg_10: 0.0456	 hit@1:0.012991	 hit@5:0.0532	 hit@10: 0.0947
target: 	 mrr: 0.037880	 ndcg_5: 0.0290	 ndcg_10: 0.0412	 hit@1:0.012260	 hit@5:0.0460	 hit@10: 0.0839
epoch 22: train_loss = 1.930230, source_mrr = 0.041853, source_hit@10 = 0.0947, source_ndcg@10 = 0.0456, target_mrr = 0.037880, target_hit@10 = 0.0839, target_ndcg@10 = 0.0412

2024-08-15 21:03:01.960120: step 3956/13760 (epoch 23/80), loss = 1.916039 (25.896 sec/epoch), lr: 0.003095
Evaluating on dev set...
..................................................................
source: 	 mrr: 0.046235	 ndcg_5: 0.0373	 ndcg_10: 0.0487	 hit@1:0.017427	 hit@5:0.0577	 hit@10: 0.0932
target: 	 mrr: 0.037449	 ndcg_5: 0.0292	 ndcg_10: 0.0396	 hit@1:0.011424	 hit@5:0.0482	 hit@10: 0.0802
epoch 23: train_loss = 1.916039, source_mrr = 0.046235, source_hit@10 = 0.0932, source_ndcg@10 = 0.0487, target_mrr = 0.037449, target_hit@10 = 0.0802, target_ndcg@10 = 0.0396

2024-08-15 21:03:28.333896: step 4128/13760 (epoch 24/80), loss = 1.908579 (25.630 sec/epoch), lr: 0.003095
Evaluating on dev set...
..................................................................
source: 	 mrr: 0.046760	 ndcg_5: 0.0377	 ndcg_10: 0.0499	 hit@1:0.016793	 hit@5:0.0586	 hit@10: 0.0970
target: 	 mrr: 0.037051	 ndcg_5: 0.0300	 ndcg_10: 0.0393	 hit@1:0.012260	 hit@5:0.0482	 hit@10: 0.0772
epoch 24: train_loss = 1.908579, source_mrr = 0.046760, source_hit@10 = 0.0970, source_ndcg@10 = 0.0499, target_mrr = 0.037051, target_hit@10 = 0.0772, target_ndcg@10 = 0.0393

2024-08-15 21:03:55.180918: step 4300/13760 (epoch 25/80), loss = 1.902711 (26.093 sec/epoch), lr: 0.003095
Evaluating on dev set...
..................................................................
source: 	 mrr: 0.047376	 ndcg_5: 0.0401	 ndcg_10: 0.0500	 hit@1:0.016160	 hit@5:0.0643	 hit@10: 0.0947
target: 	 mrr: 0.037115	 ndcg_5: 0.0295	 ndcg_10: 0.0398	 hit@1:0.012260	 hit@5:0.0468	 hit@10: 0.0791
epoch 25: train_loss = 1.902711, source_mrr = 0.047376, source_hit@10 = 0.0947, source_ndcg@10 = 0.0500, target_mrr = 0.037115, target_hit@10 = 0.0791, target_ndcg@10 = 0.0398

2024-08-15 21:04:21.326244: step 4472/13760 (epoch 26/80), loss = 1.900962 (25.409 sec/epoch), lr: 0.003095
Evaluating on dev set...
..................................................................
source: 	 mrr: 0.048290	 ndcg_5: 0.0405	 ndcg_10: 0.0527	 hit@1:0.017744	 hit@5:0.0634	 hit@10: 0.1011
target: 	 mrr: 0.038124	 ndcg_5: 0.0288	 ndcg_10: 0.0401	 hit@1:0.012260	 hit@5:0.0460	 hit@10: 0.0808
epoch 26: train_loss = 1.900962, source_mrr = 0.048290, source_hit@10 = 0.1011, source_ndcg@10 = 0.0527, target_mrr = 0.038124, target_hit@10 = 0.0808, target_ndcg@10 = 0.0401

2024-08-15 21:04:47.447395: step 4644/13760 (epoch 27/80), loss = 1.893776 (25.389 sec/epoch), lr: 0.003095
Evaluating on dev set...
..................................................................
source: 	 mrr: 0.043637	 ndcg_5: 0.0362	 ndcg_10: 0.0475	 hit@1:0.012991	 hit@5:0.0602	 hit@10: 0.0960
target: 	 mrr: 0.037032	 ndcg_5: 0.0282	 ndcg_10: 0.0386	 hit@1:0.011145	 hit@5:0.0460	 hit@10: 0.0780
epoch 27: train_loss = 1.893776, source_mrr = 0.043637, source_hit@10 = 0.0960, source_ndcg@10 = 0.0475, target_mrr = 0.037032, target_hit@10 = 0.0780, target_ndcg@10 = 0.0386

2024-08-15 21:05:13.680213: step 4816/13760 (epoch 28/80), loss = 1.879407 (25.498 sec/epoch), lr: 0.002940
Evaluating on dev set...
..................................................................
source: 	 mrr: 0.046680	 ndcg_5: 0.0371	 ndcg_10: 0.0489	 hit@1:0.016793	 hit@5:0.0567	 hit@10: 0.0935
target: 	 mrr: 0.036749	 ndcg_5: 0.0273	 ndcg_10: 0.0397	 hit@1:0.008080	 hit@5:0.0474	 hit@10: 0.0861
epoch 28: train_loss = 1.879407, source_mrr = 0.046680, source_hit@10 = 0.0935, source_ndcg@10 = 0.0489, target_mrr = 0.036749, target_hit@10 = 0.0861, target_ndcg@10 = 0.0397

2024-08-15 21:05:40.227105: step 4988/13760 (epoch 29/80), loss = 1.877661 (25.815 sec/epoch), lr: 0.002940
Evaluating on dev set...
..................................................................
source: 	 mrr: 0.045103	 ndcg_5: 0.0355	 ndcg_10: 0.0478	 hit@1:0.014892	 hit@5:0.0561	 hit@10: 0.0944
target: 	 mrr: 0.035562	 ndcg_5: 0.0277	 ndcg_10: 0.0375	 hit@1:0.011145	 hit@5:0.0443	 hit@10: 0.0750
epoch 29: train_loss = 1.877661, source_mrr = 0.045103, source_hit@10 = 0.0944, source_ndcg@10 = 0.0478, target_mrr = 0.035562, target_hit@10 = 0.0750, target_ndcg@10 = 0.0375

2024-08-15 21:06:06.806291: step 5160/13760 (epoch 30/80), loss = 1.869325 (25.842 sec/epoch), lr: 0.002793
Evaluating on dev set...
..................................................................
source: 	 mrr: 0.049052	 ndcg_5: 0.0396	 ndcg_10: 0.0533	 hit@1:0.018378	 hit@5:0.0612	 hit@10: 0.1039
target: 	 mrr: 0.036294	 ndcg_5: 0.0281	 ndcg_10: 0.0385	 hit@1:0.012260	 hit@5:0.0437	 hit@10: 0.0758
epoch 30: train_loss = 1.869325, source_mrr = 0.049052, source_hit@10 = 0.1039, source_ndcg@10 = 0.0533, target_mrr = 0.036294, target_hit@10 = 0.0758, target_ndcg@10 = 0.0385

2024-08-15 21:06:32.914982: step 5332/13760 (epoch 31/80), loss = 1.865347 (25.375 sec/epoch), lr: 0.002793
Evaluating on dev set...
..................................................................
source: 	 mrr: 0.048517	 ndcg_5: 0.0389	 ndcg_10: 0.0502	 hit@1:0.019962	 hit@5:0.0583	 hit@10: 0.0935
target: 	 mrr: 0.036288	 ndcg_5: 0.0291	 ndcg_10: 0.0378	 hit@1:0.012817	 hit@5:0.0454	 hit@10: 0.0724
epoch 31: train_loss = 1.865347, source_mrr = 0.048517, source_hit@10 = 0.0935, source_ndcg@10 = 0.0502, target_mrr = 0.036288, target_hit@10 = 0.0724, target_ndcg@10 = 0.0378

2024-08-15 21:06:59.241272: step 5504/13760 (epoch 32/80), loss = 1.854384 (25.586 sec/epoch), lr: 0.002654
Evaluating on dev set...
..................................................................
source: 	 mrr: 0.046322	 ndcg_5: 0.0371	 ndcg_10: 0.0510	 hit@1:0.014259	 hit@5:0.0602	 hit@10: 0.1036
target: 	 mrr: 0.036625	 ndcg_5: 0.0279	 ndcg_10: 0.0387	 hit@1:0.009195	 hit@5:0.0471	 hit@10: 0.0808
epoch 32: train_loss = 1.854384, source_mrr = 0.046322, source_hit@10 = 0.1036, source_ndcg@10 = 0.0510, target_mrr = 0.036625, target_hit@10 = 0.0808, target_ndcg@10 = 0.0387

2024-08-15 21:07:25.722117: step 5676/13760 (epoch 33/80), loss = 1.844814 (25.728 sec/epoch), lr: 0.002521
Evaluating on dev set...
..................................................................
source: 	 mrr: 0.045740	 ndcg_5: 0.0366	 ndcg_10: 0.0493	 hit@1:0.014259	 hit@5:0.0589	 hit@10: 0.0989
target: 	 mrr: 0.040096	 ndcg_5: 0.0325	 ndcg_10: 0.0421	 hit@1:0.014210	 hit@5:0.0518	 hit@10: 0.0816
target best!
...................................target: 	 mrr: 0.040220	 ndcg_5: 0.0325	 ndcg_10: 0.0432	 hit@1:0.012972	 hit@5:0.0527	 hit@10: 0.0860
epoch 33: train_loss = 1.844814, source_mrr = 0.045740, source_hit@10 = 0.0989, source_ndcg@10 = 0.0493, target_mrr = 0.040220, target_hit@10 = 0.0860, target_ndcg@10 = 0.0432

2024-08-15 21:07:52.462845: step 5848/13760 (epoch 34/80), loss = 1.841961 (25.638 sec/epoch), lr: 0.002521
Evaluating on dev set...
..................................................................
source: 	 mrr: 0.045269	 ndcg_5: 0.0369	 ndcg_10: 0.0489	 hit@1:0.014575	 hit@5:0.0593	 hit@10: 0.0970
target: 	 mrr: 0.039956	 ndcg_5: 0.0309	 ndcg_10: 0.0425	 hit@1:0.013374	 hit@5:0.0485	 hit@10: 0.0847
epoch 34: train_loss = 1.841961, source_mrr = 0.045269, source_hit@10 = 0.0970, source_ndcg@10 = 0.0489, target_mrr = 0.039956, target_hit@10 = 0.0847, target_ndcg@10 = 0.0425

2024-08-15 21:08:18.791871: step 6020/13760 (epoch 35/80), loss = 1.826359 (25.576 sec/epoch), lr: 0.002395
Evaluating on dev set...
..................................................................
source: 	 mrr: 0.043418	 ndcg_5: 0.0329	 ndcg_10: 0.0455	 hit@1:0.014892	 hit@5:0.0513	 hit@10: 0.0909
target: 	 mrr: 0.038240	 ndcg_5: 0.0316	 ndcg_10: 0.0410	 hit@1:0.012538	 hit@5:0.0515	 hit@10: 0.0811
epoch 35: train_loss = 1.826359, source_mrr = 0.043418, source_hit@10 = 0.0909, source_ndcg@10 = 0.0455, target_mrr = 0.038240, target_hit@10 = 0.0811, target_ndcg@10 = 0.0410

2024-08-15 21:08:45.070067: step 6192/13760 (epoch 36/80), loss = 1.810895 (25.514 sec/epoch), lr: 0.002275
Evaluating on dev set...
..................................................................
source: 	 mrr: 0.049602	 ndcg_5: 0.0413	 ndcg_10: 0.0550	 hit@1:0.017744	 hit@5:0.0669	 hit@10: 0.1093
target: 	 mrr: 0.039213	 ndcg_5: 0.0320	 ndcg_10: 0.0413	 hit@1:0.014767	 hit@5:0.0493	 hit@10: 0.0786
epoch 36: train_loss = 1.810895, source_mrr = 0.049602, source_hit@10 = 0.1093, source_ndcg@10 = 0.0550, target_mrr = 0.039213, target_hit@10 = 0.0786, target_ndcg@10 = 0.0413

2024-08-15 21:09:11.106187: step 6364/13760 (epoch 37/80), loss = 1.808095 (25.291 sec/epoch), lr: 0.002275
Evaluating on dev set...
..................................................................
source: 	 mrr: 0.048768	 ndcg_5: 0.0399	 ndcg_10: 0.0500	 hit@1:0.019328	 hit@5:0.0618	 hit@10: 0.0935
target: 	 mrr: 0.035832	 ndcg_5: 0.0284	 ndcg_10: 0.0388	 hit@1:0.011424	 hit@5:0.0474	 hit@10: 0.0797
epoch 37: train_loss = 1.808095, source_mrr = 0.048768, source_hit@10 = 0.0935, source_ndcg@10 = 0.0500, target_mrr = 0.035832, target_hit@10 = 0.0797, target_ndcg@10 = 0.0388

2024-08-15 21:09:37.394509: step 6536/13760 (epoch 38/80), loss = 1.801817 (25.532 sec/epoch), lr: 0.002161
Evaluating on dev set...
..................................................................
source: 	 mrr: 0.046918	 ndcg_5: 0.0366	 ndcg_10: 0.0497	 hit@1:0.017744	 hit@5:0.0567	 hit@10: 0.0970
target: 	 mrr: 0.037079	 ndcg_5: 0.0285	 ndcg_10: 0.0388	 hit@1:0.010867	 hit@5:0.0460	 hit@10: 0.0783
epoch 38: train_loss = 1.801817, source_mrr = 0.046918, source_hit@10 = 0.0970, source_ndcg@10 = 0.0497, target_mrr = 0.037079, target_hit@10 = 0.0783, target_ndcg@10 = 0.0388

2024-08-15 21:10:03.783756: step 6708/13760 (epoch 39/80), loss = 1.792778 (25.653 sec/epoch), lr: 0.002053
Evaluating on dev set...
..................................................................
source: 	 mrr: 0.047689	 ndcg_5: 0.0392	 ndcg_10: 0.0529	 hit@1:0.015526	 hit@5:0.0631	 hit@10: 0.1061
target: 	 mrr: 0.037799	 ndcg_5: 0.0279	 ndcg_10: 0.0386	 hit@1:0.011981	 hit@5:0.0446	 hit@10: 0.0777
epoch 39: train_loss = 1.792778, source_mrr = 0.047689, source_hit@10 = 0.1061, source_ndcg@10 = 0.0529, target_mrr = 0.037799, target_hit@10 = 0.0777, target_ndcg@10 = 0.0386

2024-08-15 21:10:30.036886: step 6880/13760 (epoch 40/80), loss = 1.785288 (25.516 sec/epoch), lr: 0.002053
Evaluating on dev set...
..................................................................
source: 	 mrr: 0.051011	 ndcg_5: 0.0419	 ndcg_10: 0.0551	 hit@1:0.019328	 hit@5:0.0646	 hit@10: 0.1052
target: 	 mrr: 0.037605	 ndcg_5: 0.0309	 ndcg_10: 0.0404	 hit@1:0.011981	 hit@5:0.0499	 hit@10: 0.0797
source best!
..............................
source: 	 mrr: 0.050026	 ndcg_5: 0.0403	 ndcg_10: 0.0531	 hit@1:0.021718	 hit@5:0.0596	 hit@10: 0.0995
epoch 40: train_loss = 1.785288, source_mrr = 0.050026, source_hit@10 = 0.0995, source_ndcg@10 = 0.0531, target_mrr = 0.037605, target_hit@10 = 0.0797, target_ndcg@10 = 0.0404
shift to transfer learning mode

2024-08-15 21:10:57.358385: step 7052/13760 (epoch 41/80), loss = 2.099941 (26.247 sec/epoch), lr: 0.002053
Evaluating on dev set...
..................................................................
source: 	 mrr: 0.047544	 ndcg_5: 0.0384	 ndcg_10: 0.0529	 hit@1:0.014575	 hit@5:0.0621	 hit@10: 0.1071
target: 	 mrr: 0.034251	 ndcg_5: 0.0265	 ndcg_10: 0.0379	 hit@1:0.009195	 hit@5:0.0443	 hit@10: 0.0800
epoch 41: train_loss = 2.099941, source_mrr = 0.047544, source_hit@10 = 0.1071, source_ndcg@10 = 0.0529, target_mrr = 0.034251, target_hit@10 = 0.0800, target_ndcg@10 = 0.0379

2024-08-15 21:11:24.197329: step 7224/13760 (epoch 42/80), loss = 2.108832 (26.099 sec/epoch), lr: 0.001951
Evaluating on dev set...
..................................................................
source: 	 mrr: 0.043995	 ndcg_5: 0.0347	 ndcg_10: 0.0481	 hit@1:0.015843	 hit@5:0.0551	 hit@10: 0.0970
target: 	 mrr: 0.036255	 ndcg_5: 0.0287	 ndcg_10: 0.0390	 hit@1:0.011424	 hit@5:0.0465	 hit@10: 0.0789
epoch 42: train_loss = 2.108832, source_mrr = 0.043995, source_hit@10 = 0.0970, source_ndcg@10 = 0.0481, target_mrr = 0.036255, target_hit@10 = 0.0789, target_ndcg@10 = 0.0390

2024-08-15 21:11:51.272707: step 7396/13760 (epoch 43/80), loss = 2.120412 (26.344 sec/epoch), lr: 0.001853
Evaluating on dev set...
..................................................................
source: 	 mrr: 0.047073	 ndcg_5: 0.0377	 ndcg_10: 0.0503	 hit@1:0.017110	 hit@5:0.0593	 hit@10: 0.0982
target: 	 mrr: 0.036713	 ndcg_5: 0.0289	 ndcg_10: 0.0384	 hit@1:0.010031	 hit@5:0.0476	 hit@10: 0.0775
epoch 43: train_loss = 2.120412, source_mrr = 0.047073, source_hit@10 = 0.0982, source_ndcg@10 = 0.0503, target_mrr = 0.036713, target_hit@10 = 0.0775, target_ndcg@10 = 0.0384

2024-08-15 21:12:18.418865: step 7568/13760 (epoch 44/80), loss = 2.128014 (26.411 sec/epoch), lr: 0.001853
Evaluating on dev set...
..................................................................
source: 	 mrr: 0.053468	 ndcg_5: 0.0455	 ndcg_10: 0.0579	 hit@1:0.021229	 hit@5:0.0710	 hit@10: 0.1099
target: 	 mrr: 0.035561	 ndcg_5: 0.0274	 ndcg_10: 0.0370	 hit@1:0.011145	 hit@5:0.0437	 hit@10: 0.0738
source best!
..............................
source: 	 mrr: 0.049653	 ndcg_5: 0.0411	 ndcg_10: 0.0530	 hit@1:0.018476	 hit@5:0.0632	 hit@10: 0.1005
epoch 44: train_loss = 2.128014, source_mrr = 0.049653, source_hit@10 = 0.1005, source_ndcg@10 = 0.0530, target_mrr = 0.035561, target_hit@10 = 0.0738, target_ndcg@10 = 0.0370

2024-08-15 21:12:45.871665: step 7740/13760 (epoch 45/80), loss = 2.130834 (26.406 sec/epoch), lr: 0.001853
Evaluating on dev set...
..................................................................
source: 	 mrr: 0.050903	 ndcg_5: 0.0417	 ndcg_10: 0.0548	 hit@1:0.019962	 hit@5:0.0640	 hit@10: 0.1046
target: 	 mrr: 0.035519	 ndcg_5: 0.0273	 ndcg_10: 0.0372	 hit@1:0.009195	 hit@5:0.0460	 hit@10: 0.0766
epoch 45: train_loss = 2.130834, source_mrr = 0.050903, source_hit@10 = 0.1046, source_ndcg@10 = 0.0548, target_mrr = 0.035519, target_hit@10 = 0.0766, target_ndcg@10 = 0.0372

2024-08-15 21:13:13.136979: step 7912/13760 (epoch 46/80), loss = 2.121363 (26.510 sec/epoch), lr: 0.001761
Evaluating on dev set...
..................................................................
source: 	 mrr: 0.047458	 ndcg_5: 0.0399	 ndcg_10: 0.0529	 hit@1:0.014575	 hit@5:0.0662	 hit@10: 0.1065
target: 	 mrr: 0.039828	 ndcg_5: 0.0329	 ndcg_10: 0.0420	 hit@1:0.013096	 hit@5:0.0527	 hit@10: 0.0811
epoch 46: train_loss = 2.121363, source_mrr = 0.047458, source_hit@10 = 0.1065, source_ndcg@10 = 0.0529, target_mrr = 0.039828, target_hit@10 = 0.0811, target_ndcg@10 = 0.0420

2024-08-15 21:13:40.198844: step 8084/13760 (epoch 47/80), loss = 2.121191 (26.333 sec/epoch), lr: 0.001761
Evaluating on dev set...
..................................................................
source: 	 mrr: 0.048586	 ndcg_5: 0.0397	 ndcg_10: 0.0521	 hit@1:0.017110	 hit@5:0.0612	 hit@10: 0.0998
target: 	 mrr: 0.038608	 ndcg_5: 0.0310	 ndcg_10: 0.0410	 hit@1:0.013096	 hit@5:0.0493	 hit@10: 0.0808
epoch 47: train_loss = 2.121191, source_mrr = 0.048586, source_hit@10 = 0.0998, source_ndcg@10 = 0.0521, target_mrr = 0.038608, target_hit@10 = 0.0808, target_ndcg@10 = 0.0410

2024-08-15 21:14:07.344233: step 8256/13760 (epoch 48/80), loss = 2.113849 (26.412 sec/epoch), lr: 0.001672
Evaluating on dev set...
..................................................................
source: 	 mrr: 0.049926	 ndcg_5: 0.0431	 ndcg_10: 0.0547	 hit@1:0.018061	 hit@5:0.0678	 hit@10: 0.1042
target: 	 mrr: 0.038094	 ndcg_5: 0.0298	 ndcg_10: 0.0411	 hit@1:0.011702	 hit@5:0.0482	 hit@10: 0.0833
epoch 48: train_loss = 2.113849, source_mrr = 0.049926, source_hit@10 = 0.1042, source_ndcg@10 = 0.0547, target_mrr = 0.038094, target_hit@10 = 0.0833, target_ndcg@10 = 0.0411

2024-08-15 21:14:34.280219: step 8428/13760 (epoch 49/80), loss = 2.108234 (26.203 sec/epoch), lr: 0.001672
Evaluating on dev set...
..................................................................
source: 	 mrr: 0.042678	 ndcg_5: 0.0333	 ndcg_10: 0.0440	 hit@1:0.017744	 hit@5:0.0478	 hit@10: 0.0817
target: 	 mrr: 0.040200	 ndcg_5: 0.0324	 ndcg_10: 0.0424	 hit@1:0.013096	 hit@5:0.0527	 hit@10: 0.0836
target best!
...................................target: 	 mrr: 0.041519	 ndcg_5: 0.0332	 ndcg_10: 0.0446	 hit@1:0.013818	 hit@5:0.0525	 hit@10: 0.0877
epoch 49: train_loss = 2.108234, source_mrr = 0.042678, source_hit@10 = 0.0817, source_ndcg@10 = 0.0440, target_mrr = 0.041519, target_hit@10 = 0.0877, target_ndcg@10 = 0.0446

2024-08-15 21:15:01.777351: step 8600/13760 (epoch 50/80), loss = 2.100748 (26.405 sec/epoch), lr: 0.001589
Evaluating on dev set...
..................................................................
source: 	 mrr: 0.043308	 ndcg_5: 0.0337	 ndcg_10: 0.0445	 hit@1:0.017427	 hit@5:0.0497	 hit@10: 0.0837
target: 	 mrr: 0.042535	 ndcg_5: 0.0335	 ndcg_10: 0.0432	 hit@1:0.017275	 hit@5:0.0496	 hit@10: 0.0802
target best!
...................................target: 	 mrr: 0.042345	 ndcg_5: 0.0354	 ndcg_10: 0.0446	 hit@1:0.015228	 hit@5:0.0564	 hit@10: 0.0852
epoch 50: train_loss = 2.100748, source_mrr = 0.043308, source_hit@10 = 0.0837, source_ndcg@10 = 0.0445, target_mrr = 0.042345, target_hit@10 = 0.0852, target_ndcg@10 = 0.0446

2024-08-15 21:15:29.228863: step 8772/13760 (epoch 51/80), loss = 2.097434 (26.365 sec/epoch), lr: 0.001589
Evaluating on dev set...
..................................................................
source: 	 mrr: 0.039589	 ndcg_5: 0.0321	 ndcg_10: 0.0403	 hit@1:0.013942	 hit@5:0.0501	 hit@10: 0.0754
target: 	 mrr: 0.040549	 ndcg_5: 0.0327	 ndcg_10: 0.0431	 hit@1:0.013653	 hit@5:0.0510	 hit@10: 0.0836
epoch 51: train_loss = 2.097434, source_mrr = 0.039589, source_hit@10 = 0.0754, source_ndcg@10 = 0.0403, target_mrr = 0.040549, target_hit@10 = 0.0836, target_ndcg@10 = 0.0431

2024-08-15 21:15:56.264283: step 8944/13760 (epoch 52/80), loss = 2.090416 (26.297 sec/epoch), lr: 0.001509
Evaluating on dev set...
..................................................................
source: 	 mrr: 0.045404	 ndcg_5: 0.0351	 ndcg_10: 0.0483	 hit@1:0.015843	 hit@5:0.0532	 hit@10: 0.0951
target: 	 mrr: 0.040077	 ndcg_5: 0.0300	 ndcg_10: 0.0432	 hit@1:0.013096	 hit@5:0.0476	 hit@10: 0.0894
epoch 52: train_loss = 2.090416, source_mrr = 0.045404, source_hit@10 = 0.0951, source_ndcg@10 = 0.0483, target_mrr = 0.040077, target_hit@10 = 0.0894, target_ndcg@10 = 0.0432

2024-08-15 21:16:23.486930: step 9116/13760 (epoch 53/80), loss = 2.084969 (26.488 sec/epoch), lr: 0.001509
Evaluating on dev set...
..................................................................
source: 	 mrr: 0.044534	 ndcg_5: 0.0355	 ndcg_10: 0.0487	 hit@1:0.014892	 hit@5:0.0564	 hit@10: 0.0973
target: 	 mrr: 0.039148	 ndcg_5: 0.0309	 ndcg_10: 0.0422	 hit@1:0.011424	 hit@5:0.0513	 hit@10: 0.0867
epoch 53: train_loss = 2.084969, source_mrr = 0.044534, source_hit@10 = 0.0973, source_ndcg@10 = 0.0487, target_mrr = 0.039148, target_hit@10 = 0.0867, target_ndcg@10 = 0.0422

2024-08-15 21:16:50.154869: step 9288/13760 (epoch 54/80), loss = 2.078381 (25.869 sec/epoch), lr: 0.001434
Evaluating on dev set...
..................................................................
source: 	 mrr: 0.044650	 ndcg_5: 0.0365	 ndcg_10: 0.0480	 hit@1:0.017427	 hit@5:0.0567	 hit@10: 0.0925
target: 	 mrr: 0.033182	 ndcg_5: 0.0250	 ndcg_10: 0.0343	 hit@1:0.008359	 hit@5:0.0412	 hit@10: 0.0702
epoch 54: train_loss = 2.078381, source_mrr = 0.044650, source_hit@10 = 0.0925, source_ndcg@10 = 0.0480, target_mrr = 0.033182, target_hit@10 = 0.0702, target_ndcg@10 = 0.0343

2024-08-15 21:17:16.990429: step 9460/13760 (epoch 55/80), loss = 2.068620 (26.093 sec/epoch), lr: 0.001362
Evaluating on dev set...
..................................................................
source: 	 mrr: 0.035880	 ndcg_5: 0.0271	 ndcg_10: 0.0355	 hit@1:0.012357	 hit@5:0.0418	 hit@10: 0.0678
target: 	 mrr: 0.039330	 ndcg_5: 0.0296	 ndcg_10: 0.0404	 hit@1:0.013374	 hit@5:0.0457	 hit@10: 0.0794
epoch 55: train_loss = 2.068620, source_mrr = 0.035880, source_hit@10 = 0.0678, source_ndcg@10 = 0.0355, target_mrr = 0.039330, target_hit@10 = 0.0794, target_ndcg@10 = 0.0404

2024-08-15 21:17:44.013898: step 9632/13760 (epoch 56/80), loss = 2.059367 (26.290 sec/epoch), lr: 0.001294
Evaluating on dev set...
..................................................................
source: 	 mrr: 0.045108	 ndcg_5: 0.0361	 ndcg_10: 0.0479	 hit@1:0.016477	 hit@5:0.0558	 hit@10: 0.0925
target: 	 mrr: 0.039536	 ndcg_5: 0.0325	 ndcg_10: 0.0416	 hit@1:0.015046	 hit@5:0.0502	 hit@10: 0.0786
epoch 56: train_loss = 2.059367, source_mrr = 0.045108, source_hit@10 = 0.0925, source_ndcg@10 = 0.0479, target_mrr = 0.039536, target_hit@10 = 0.0786, target_ndcg@10 = 0.0416

2024-08-15 21:18:10.921591: step 9804/13760 (epoch 57/80), loss = 2.060595 (26.175 sec/epoch), lr: 0.001294
Evaluating on dev set...
..................................................................
source: 	 mrr: 0.044448	 ndcg_5: 0.0363	 ndcg_10: 0.0477	 hit@1:0.015209	 hit@5:0.0574	 hit@10: 0.0928
target: 	 mrr: 0.041602	 ndcg_5: 0.0343	 ndcg_10: 0.0441	 hit@1:0.014489	 hit@5:0.0549	 hit@10: 0.0853
epoch 57: train_loss = 2.060595, source_mrr = 0.044448, source_hit@10 = 0.0928, source_ndcg@10 = 0.0477, target_mrr = 0.041602, target_hit@10 = 0.0853, target_ndcg@10 = 0.0441

2024-08-15 21:18:37.923402: step 9976/13760 (epoch 58/80), loss = 2.061350 (26.262 sec/epoch), lr: 0.001294
Evaluating on dev set...
..................................................................
source: 	 mrr: 0.048607	 ndcg_5: 0.0393	 ndcg_10: 0.0508	 hit@1:0.021229	 hit@5:0.0570	 hit@10: 0.0928
target: 	 mrr: 0.042447	 ndcg_5: 0.0351	 ndcg_10: 0.0455	 hit@1:0.015882	 hit@5:0.0543	 hit@10: 0.0875
epoch 58: train_loss = 2.061350, source_mrr = 0.048607, source_hit@10 = 0.0928, source_ndcg@10 = 0.0508, target_mrr = 0.042447, target_hit@10 = 0.0875, target_ndcg@10 = 0.0455

2024-08-15 21:19:05.656534: step 10148/13760 (epoch 59/80), loss = 2.058715 (26.998 sec/epoch), lr: 0.001294
Evaluating on dev set...
..................................................................
source: 	 mrr: 0.049485	 ndcg_5: 0.0411	 ndcg_10: 0.0540	 hit@1:0.017427	 hit@5:0.0646	 hit@10: 0.1052
target: 	 mrr: 0.041527	 ndcg_5: 0.0336	 ndcg_10: 0.0439	 hit@1:0.014210	 hit@5:0.0527	 hit@10: 0.0847
epoch 59: train_loss = 2.058715, source_mrr = 0.049485, source_hit@10 = 0.1052, source_ndcg@10 = 0.0540, target_mrr = 0.041527, target_hit@10 = 0.0847, target_ndcg@10 = 0.0439

2024-08-15 21:19:32.722874: step 10320/13760 (epoch 60/80), loss = 2.053694 (26.330 sec/epoch), lr: 0.001229
Evaluating on dev set...
..................................................................
source: 	 mrr: 0.044347	 ndcg_5: 0.0355	 ndcg_10: 0.0480	 hit@1:0.015526	 hit@5:0.0548	 hit@10: 0.0938
target: 	 mrr: 0.035523	 ndcg_5: 0.0286	 ndcg_10: 0.0383	 hit@1:0.010588	 hit@5:0.0490	 hit@10: 0.0789
epoch 60: train_loss = 2.053694, source_mrr = 0.044347, source_hit@10 = 0.0938, source_ndcg@10 = 0.0480, target_mrr = 0.035523, target_hit@10 = 0.0789, target_ndcg@10 = 0.0383

2024-08-15 21:19:59.875780: step 10492/13760 (epoch 61/80), loss = 2.041883 (26.412 sec/epoch), lr: 0.001168
Evaluating on dev set...
..................................................................
source: 	 mrr: 0.047488	 ndcg_5: 0.0397	 ndcg_10: 0.0513	 hit@1:0.019962	 hit@5:0.0608	 hit@10: 0.0973
target: 	 mrr: 0.037753	 ndcg_5: 0.0309	 ndcg_10: 0.0385	 hit@1:0.014489	 hit@5:0.0471	 hit@10: 0.0705
epoch 61: train_loss = 2.041883, source_mrr = 0.047488, source_hit@10 = 0.0973, source_ndcg@10 = 0.0513, target_mrr = 0.037753, target_hit@10 = 0.0705, target_ndcg@10 = 0.0385

2024-08-15 21:20:26.907292: step 10664/13760 (epoch 62/80), loss = 2.036067 (26.299 sec/epoch), lr: 0.001168
Evaluating on dev set...
..................................................................
source: 	 mrr: 0.048090	 ndcg_5: 0.0401	 ndcg_10: 0.0528	 hit@1:0.017744	 hit@5:0.0634	 hit@10: 0.1020
target: 	 mrr: 0.035371	 ndcg_5: 0.0286	 ndcg_10: 0.0383	 hit@1:0.009473	 hit@5:0.0488	 hit@10: 0.0789
epoch 62: train_loss = 2.036067, source_mrr = 0.048090, source_hit@10 = 0.1020, source_ndcg@10 = 0.0528, target_mrr = 0.035371, target_hit@10 = 0.0789, target_ndcg@10 = 0.0383

2024-08-15 21:20:53.674545: step 10836/13760 (epoch 63/80), loss = 2.031703 (26.013 sec/epoch), lr: 0.001110
Evaluating on dev set...
..................................................................
source: 	 mrr: 0.048289	 ndcg_5: 0.0415	 ndcg_10: 0.0523	 hit@1:0.019645	 hit@5:0.0643	 hit@10: 0.0979
target: 	 mrr: 0.037671	 ndcg_5: 0.0293	 ndcg_10: 0.0403	 hit@1:0.011145	 hit@5:0.0474	 hit@10: 0.0814
epoch 63: train_loss = 2.031703, source_mrr = 0.048289, source_hit@10 = 0.0979, source_ndcg@10 = 0.0523, target_mrr = 0.037671, target_hit@10 = 0.0814, target_ndcg@10 = 0.0403

2024-08-15 21:21:20.400729: step 11008/13760 (epoch 64/80), loss = 2.029926 (25.986 sec/epoch), lr: 0.001110
Evaluating on dev set...
..................................................................
source: 	 mrr: 0.042430	 ndcg_5: 0.0340	 ndcg_10: 0.0447	 hit@1:0.016160	 hit@5:0.0529	 hit@10: 0.0862
target: 	 mrr: 0.040351	 ndcg_5: 0.0326	 ndcg_10: 0.0436	 hit@1:0.013096	 hit@5:0.0518	 hit@10: 0.0861
epoch 64: train_loss = 2.029926, source_mrr = 0.042430, source_hit@10 = 0.0862, source_ndcg@10 = 0.0447, target_mrr = 0.040351, target_hit@10 = 0.0861, target_ndcg@10 = 0.0436

2024-08-15 21:21:47.516823: step 11180/13760 (epoch 65/80), loss = 2.022285 (26.377 sec/epoch), lr: 0.001054
Evaluating on dev set...
..................................................................
source: 	 mrr: 0.050797	 ndcg_5: 0.0421	 ndcg_10: 0.0539	 hit@1:0.020279	 hit@5:0.0637	 hit@10: 0.1001
target: 	 mrr: 0.037432	 ndcg_5: 0.0286	 ndcg_10: 0.0397	 hit@1:0.012538	 hit@5:0.0435	 hit@10: 0.0780
epoch 65: train_loss = 2.022285, source_mrr = 0.050797, source_hit@10 = 0.1001, source_ndcg@10 = 0.0539, target_mrr = 0.037432, target_hit@10 = 0.0780, target_ndcg@10 = 0.0397

2024-08-15 21:22:14.843894: step 11352/13760 (epoch 66/80), loss = 2.023140 (26.589 sec/epoch), lr: 0.001054
Evaluating on dev set...
..................................................................
source: 	 mrr: 0.038263	 ndcg_5: 0.0297	 ndcg_10: 0.0399	 hit@1:0.012357	 hit@5:0.0466	 hit@10: 0.0776
target: 	 mrr: 0.039722	 ndcg_5: 0.0319	 ndcg_10: 0.0430	 hit@1:0.011981	 hit@5:0.0521	 hit@10: 0.0869
epoch 66: train_loss = 2.023140, source_mrr = 0.038263, source_hit@10 = 0.0776, source_ndcg@10 = 0.0399, target_mrr = 0.039722, target_hit@10 = 0.0869, target_ndcg@10 = 0.0430

2024-08-15 21:22:42.070887: step 11524/13760 (epoch 67/80), loss = 2.023190 (26.493 sec/epoch), lr: 0.001001
Evaluating on dev set...
..................................................................
source: 	 mrr: 0.043963	 ndcg_5: 0.0361	 ndcg_10: 0.0479	 hit@1:0.016477	 hit@5:0.0564	 hit@10: 0.0932
target: 	 mrr: 0.037642	 ndcg_5: 0.0291	 ndcg_10: 0.0397	 hit@1:0.011424	 hit@5:0.0463	 hit@10: 0.0797
epoch 67: train_loss = 2.023190, source_mrr = 0.043963, source_hit@10 = 0.0932, source_ndcg@10 = 0.0479, target_mrr = 0.037642, target_hit@10 = 0.0797, target_ndcg@10 = 0.0397

2024-08-15 21:23:08.482454: step 11696/13760 (epoch 68/80), loss = 2.020084 (25.671 sec/epoch), lr: 0.001001
Evaluating on dev set...
..................................................................
source: 	 mrr: 0.049234	 ndcg_5: 0.0405	 ndcg_10: 0.0526	 hit@1:0.020279	 hit@5:0.0608	 hit@10: 0.0985
target: 	 mrr: 0.031816	 ndcg_5: 0.0237	 ndcg_10: 0.0321	 hit@1:0.010031	 hit@5:0.0379	 hit@10: 0.0638
epoch 68: train_loss = 2.020084, source_mrr = 0.049234, source_hit@10 = 0.0985, source_ndcg@10 = 0.0526, target_mrr = 0.031816, target_hit@10 = 0.0638, target_ndcg@10 = 0.0321

2024-08-15 21:23:35.786208: step 11868/13760 (epoch 69/80), loss = 2.015048 (26.567 sec/epoch), lr: 0.000951
Evaluating on dev set...
..................................................................
source: 	 mrr: 0.051429	 ndcg_5: 0.0432	 ndcg_10: 0.0562	 hit@1:0.019328	 hit@5:0.0669	 hit@10: 0.1074
target: 	 mrr: 0.039948	 ndcg_5: 0.0323	 ndcg_10: 0.0438	 hit@1:0.013096	 hit@5:0.0524	 hit@10: 0.0880
epoch 69: train_loss = 2.015048, source_mrr = 0.051429, source_hit@10 = 0.1074, source_ndcg@10 = 0.0562, target_mrr = 0.039948, target_hit@10 = 0.0880, target_ndcg@10 = 0.0438

2024-08-15 21:24:02.392925: step 12040/13760 (epoch 70/80), loss = 2.014997 (25.877 sec/epoch), lr: 0.000951
Evaluating on dev set...
..................................................................
source: 	 mrr: 0.048949	 ndcg_5: 0.0404	 ndcg_10: 0.0530	 hit@1:0.018378	 hit@5:0.0627	 hit@10: 0.1017
target: 	 mrr: 0.037859	 ndcg_5: 0.0281	 ndcg_10: 0.0422	 hit@1:0.010309	 hit@5:0.0463	 hit@10: 0.0897
epoch 70: train_loss = 2.014997, source_mrr = 0.048949, source_hit@10 = 0.1017, source_ndcg@10 = 0.0530, target_mrr = 0.037859, target_hit@10 = 0.0897, target_ndcg@10 = 0.0422

2024-08-15 21:24:29.037005: step 12212/13760 (epoch 71/80), loss = 2.012455 (25.911 sec/epoch), lr: 0.000904
Evaluating on dev set...
..................................................................
source: 	 mrr: 0.050172	 ndcg_5: 0.0420	 ndcg_10: 0.0537	 hit@1:0.019962	 hit@5:0.0640	 hit@10: 0.0998
target: 	 mrr: 0.035409	 ndcg_5: 0.0272	 ndcg_10: 0.0383	 hit@1:0.008359	 hit@5:0.0454	 hit@10: 0.0802
epoch 71: train_loss = 2.012455, source_mrr = 0.050172, source_hit@10 = 0.0998, source_ndcg@10 = 0.0537, target_mrr = 0.035409, target_hit@10 = 0.0802, target_ndcg@10 = 0.0383
early termination of training
source best:  source_mrr = 0.053468, source_hit@10 = 0.1099, source_ndcg@10 = 0.0579
target best:  target_mrr = 0.037859, target_hit@10 = 0.0897, target_ndcg@10 = 0.0422
