using gpu:0 to train the model
using gpu:0 to train the model
cuda:0
Namespace(A_split=False, JK='sum', a_fold=100, aggregate=False, alpha=0.5, batch_size=2048, beta_inter=0.5, conv_layers=4, cuda=True, decay_epoch=10, device=device(type='cuda', index=0), device_id='0', domains='cloth_sport', dropout=0.4, epoch=80, feature_dim=126, gamma_intra=0.8, hidden_dim=126, inter_tau=0.2, intra_tau=0.4, lambda_critic=0.4, leakey=0.05, load=False, log='logs.txt', log_epoch=1, lr=0.004, lr_decay=0.95, min_epoch=60, mode='train', model_file=None, model_name='cs', momentum=0.98, num_latent_factors=3, num_negative=100, optim='adam', patience=20, proj_layers=1, projection=1, rectify_epoch=40, residual=1, save=False, save_dir='./saved_models', seed=32, similarity_tau=0.2, step=5, test_sample_number=999, user_batch_size=256, weight_decay=0.0002)
number_user 41829
number_item 17943
real graph loaded!
number_user 27328
number_item 12655
real graph loaded!
graph loaded!
Loading data from cloth_sport with batch size 2048...
unseen test: 0
test length: 3156
unseen test: 0
test length: 3085
unseen test: 0
test length: 3589
unseen test: 0
test length: 3546
source_user_num 41829
target_user_num 27328
source_item_num 17943
target_item_num 12655
shared users id: 7857
test users 990, 982
unseen test: 0
dev length: 1000
unseen test: 0
dev length: 1000
source train data : 187880, target train data: 163291, source test data : 3085, target test data : 3546, source dev data : 1000, target dev data : 1000
2024-08-15 19:23:05.018310: step 172/13760 (epoch 1/80), loss = 2.780589 (24.496 sec/epoch), lr: 0.004000
Evaluating on dev set...
..................................................................
source: 	 mrr: 0.041763	 ndcg_5: 0.0338	 ndcg_10: 0.0445	 hit@1:0.013625	 hit@5:0.0542	 hit@10: 0.0871
target: 	 mrr: 0.033354	 ndcg_5: 0.0255	 ndcg_10: 0.0338	 hit@1:0.010031	 hit@5:0.0412	 hit@10: 0.0674
source best!
..............................
source: 	 mrr: 0.038395	 ndcg_5: 0.0307	 ndcg_10: 0.0409	 hit@1:0.011345	 hit@5:0.0496	 hit@10: 0.0817
target best!
...................................target: 	 mrr: 0.035890	 ndcg_5: 0.0261	 ndcg_10: 0.0362	 hit@1:0.013254	 hit@5:0.0386	 hit@10: 0.0699
epoch 1: train_loss = 2.780589, source_mrr = 0.038395, source_hit@10 = 0.0817, source_ndcg@10 = 0.0409, target_mrr = 0.035890, target_hit@10 = 0.0699, target_ndcg@10 = 0.0362

2024-08-15 19:23:30.949708: step 344/13760 (epoch 2/80), loss = 2.270107 (24.696 sec/epoch), lr: 0.004000
Evaluating on dev set...
..................................................................
source: 	 mrr: 0.034648	 ndcg_5: 0.0261	 ndcg_10: 0.0366	 hit@1:0.009506	 hit@5:0.0444	 hit@10: 0.0770
target: 	 mrr: 0.035786	 ndcg_5: 0.0254	 ndcg_10: 0.0371	 hit@1:0.010867	 hit@5:0.0412	 hit@10: 0.0777
target best!
...................................target: 	 mrr: 0.036550	 ndcg_5: 0.0281	 ndcg_10: 0.0363	 hit@1:0.011844	 hit@5:0.0443	 hit@10: 0.0699
epoch 2: train_loss = 2.270107, source_mrr = 0.034648, source_hit@10 = 0.0770, source_ndcg@10 = 0.0366, target_mrr = 0.036550, target_hit@10 = 0.0699, target_ndcg@10 = 0.0363

2024-08-15 19:23:56.530076: step 516/13760 (epoch 3/80), loss = 2.070020 (24.625 sec/epoch), lr: 0.004000
Evaluating on dev set...
..................................................................
source: 	 mrr: 0.036097	 ndcg_5: 0.0284	 ndcg_10: 0.0386	 hit@1:0.010456	 hit@5:0.0463	 hit@10: 0.0776
target: 	 mrr: 0.035827	 ndcg_5: 0.0264	 ndcg_10: 0.0358	 hit@1:0.011702	 hit@5:0.0415	 hit@10: 0.0705
target best!
...................................target: 	 mrr: 0.040165	 ndcg_5: 0.0317	 ndcg_10: 0.0415	 hit@1:0.013818	 hit@5:0.0488	 hit@10: 0.0792
epoch 3: train_loss = 2.070020, source_mrr = 0.036097, source_hit@10 = 0.0776, source_ndcg@10 = 0.0386, target_mrr = 0.040165, target_hit@10 = 0.0792, target_ndcg@10 = 0.0415

2024-08-15 19:24:22.166620: step 688/13760 (epoch 4/80), loss = 2.004450 (24.692 sec/epoch), lr: 0.004000
Evaluating on dev set...
..................................................................
source: 	 mrr: 0.038616	 ndcg_5: 0.0286	 ndcg_10: 0.0391	 hit@1:0.012674	 hit@5:0.0437	 hit@10: 0.0764
target: 	 mrr: 0.037830	 ndcg_5: 0.0298	 ndcg_10: 0.0397	 hit@1:0.012260	 hit@5:0.0474	 hit@10: 0.0789
target best!
...................................target: 	 mrr: 0.039877	 ndcg_5: 0.0331	 ndcg_10: 0.0433	 hit@1:0.011562	 hit@5:0.0541	 hit@10: 0.0860
epoch 4: train_loss = 2.004450, source_mrr = 0.038616, source_hit@10 = 0.0764, source_ndcg@10 = 0.0391, target_mrr = 0.039877, target_hit@10 = 0.0860, target_ndcg@10 = 0.0433

2024-08-15 19:24:47.583235: step 860/13760 (epoch 5/80), loss = 1.968669 (24.452 sec/epoch), lr: 0.004000
Evaluating on dev set...
..................................................................
source: 	 mrr: 0.029162	 ndcg_5: 0.0213	 ndcg_10: 0.0305	 hit@1:0.007921	 hit@5:0.0352	 hit@10: 0.0637
target: 	 mrr: 0.036160	 ndcg_5: 0.0263	 ndcg_10: 0.0374	 hit@1:0.011981	 hit@5:0.0410	 hit@10: 0.0755
epoch 5: train_loss = 1.968669, source_mrr = 0.029162, source_hit@10 = 0.0637, source_ndcg@10 = 0.0305, target_mrr = 0.036160, target_hit@10 = 0.0755, target_ndcg@10 = 0.0374

2024-08-15 19:25:12.671317: step 1032/13760 (epoch 6/80), loss = 1.941387 (24.447 sec/epoch), lr: 0.004000
Evaluating on dev set...
..................................................................
source: 	 mrr: 0.038933	 ndcg_5: 0.0302	 ndcg_10: 0.0426	 hit@1:0.012041	 hit@5:0.0488	 hit@10: 0.0875
target: 	 mrr: 0.037321	 ndcg_5: 0.0286	 ndcg_10: 0.0397	 hit@1:0.012260	 hit@5:0.0449	 hit@10: 0.0794
epoch 6: train_loss = 1.941387, source_mrr = 0.038933, source_hit@10 = 0.0875, source_ndcg@10 = 0.0426, target_mrr = 0.037321, target_hit@10 = 0.0794, target_ndcg@10 = 0.0397

2024-08-15 19:25:37.973971: step 1204/13760 (epoch 7/80), loss = 1.920834 (24.654 sec/epoch), lr: 0.004000
Evaluating on dev set...
..................................................................
source: 	 mrr: 0.044327	 ndcg_5: 0.0368	 ndcg_10: 0.0469	 hit@1:0.015209	 hit@5:0.0583	 hit@10: 0.0894
target: 	 mrr: 0.034545	 ndcg_5: 0.0255	 ndcg_10: 0.0354	 hit@1:0.010309	 hit@5:0.0410	 hit@10: 0.0713
source best!
..............................
source: 	 mrr: 0.039852	 ndcg_5: 0.0310	 ndcg_10: 0.0427	 hit@1:0.012966	 hit@5:0.0489	 hit@10: 0.0849
epoch 7: train_loss = 1.920834, source_mrr = 0.039852, source_hit@10 = 0.0849, source_ndcg@10 = 0.0427, target_mrr = 0.034545, target_hit@10 = 0.0713, target_ndcg@10 = 0.0354

2024-08-15 19:26:03.261108: step 1376/13760 (epoch 8/80), loss = 1.907588 (24.352 sec/epoch), lr: 0.004000
Evaluating on dev set...
..................................................................
source: 	 mrr: 0.037142	 ndcg_5: 0.0295	 ndcg_10: 0.0384	 hit@1:0.013308	 hit@5:0.0456	 hit@10: 0.0738
target: 	 mrr: 0.038755	 ndcg_5: 0.0289	 ndcg_10: 0.0407	 hit@1:0.011424	 hit@5:0.0451	 hit@10: 0.0819
target best!
...................................target: 	 mrr: 0.036355	 ndcg_5: 0.0264	 ndcg_10: 0.0405	 hit@1:0.008460	 hit@5:0.0448	 hit@10: 0.0888
epoch 8: train_loss = 1.907588, source_mrr = 0.037142, source_hit@10 = 0.0738, source_ndcg@10 = 0.0384, target_mrr = 0.036355, target_hit@10 = 0.0888, target_ndcg@10 = 0.0405

2024-08-15 19:26:28.880397: step 1548/13760 (epoch 9/80), loss = 1.895210 (24.657 sec/epoch), lr: 0.004000
Evaluating on dev set...
..................................................................
source: 	 mrr: 0.036500	 ndcg_5: 0.0284	 ndcg_10: 0.0383	 hit@1:0.009189	 hit@5:0.0472	 hit@10: 0.0779
target: 	 mrr: 0.040696	 ndcg_5: 0.0304	 ndcg_10: 0.0414	 hit@1:0.013931	 hit@5:0.0471	 hit@10: 0.0811
target best!
...................................target: 	 mrr: 0.040320	 ndcg_5: 0.0321	 ndcg_10: 0.0436	 hit@1:0.014100	 hit@5:0.0510	 hit@10: 0.0871
epoch 9: train_loss = 1.895210, source_mrr = 0.036500, source_hit@10 = 0.0779, source_ndcg@10 = 0.0383, target_mrr = 0.040320, target_hit@10 = 0.0871, target_ndcg@10 = 0.0436

2024-08-15 19:26:54.451691: step 1720/13760 (epoch 10/80), loss = 1.884885 (24.579 sec/epoch), lr: 0.004000
Evaluating on dev set...
..................................................................
source: 	 mrr: 0.029982	 ndcg_5: 0.0232	 ndcg_10: 0.0310	 hit@1:0.010456	 hit@5:0.0361	 hit@10: 0.0602
target: 	 mrr: 0.035914	 ndcg_5: 0.0262	 ndcg_10: 0.0379	 hit@1:0.011424	 hit@5:0.0412	 hit@10: 0.0775
epoch 10: train_loss = 1.884885, source_mrr = 0.029982, source_hit@10 = 0.0602, source_ndcg@10 = 0.0310, target_mrr = 0.035914, target_hit@10 = 0.0775, target_ndcg@10 = 0.0379

2024-08-15 19:27:19.558458: step 1892/13760 (epoch 11/80), loss = 1.868930 (24.456 sec/epoch), lr: 0.004000
Evaluating on dev set...
..................................................................
source: 	 mrr: 0.031679	 ndcg_5: 0.0234	 ndcg_10: 0.0318	 hit@1:0.009823	 hit@5:0.0371	 hit@10: 0.0634
target: 	 mrr: 0.036394	 ndcg_5: 0.0286	 ndcg_10: 0.0378	 hit@1:0.013653	 hit@5:0.0451	 hit@10: 0.0738
epoch 11: train_loss = 1.868930, source_mrr = 0.031679, source_hit@10 = 0.0634, source_ndcg@10 = 0.0318, target_mrr = 0.036394, target_hit@10 = 0.0738, target_ndcg@10 = 0.0378

2024-08-15 19:27:44.645959: step 2064/13760 (epoch 12/80), loss = 1.855356 (24.431 sec/epoch), lr: 0.004000
Evaluating on dev set...
..................................................................
source: 	 mrr: 0.039416	 ndcg_5: 0.0323	 ndcg_10: 0.0436	 hit@1:0.012357	 hit@5:0.0529	 hit@10: 0.0881
target: 	 mrr: 0.033567	 ndcg_5: 0.0251	 ndcg_10: 0.0345	 hit@1:0.008916	 hit@5:0.0412	 hit@10: 0.0708
epoch 12: train_loss = 1.855356, source_mrr = 0.039416, source_hit@10 = 0.0881, source_ndcg@10 = 0.0436, target_mrr = 0.033567, target_hit@10 = 0.0708, target_ndcg@10 = 0.0345

2024-08-15 19:28:09.823782: step 2236/13760 (epoch 13/80), loss = 1.839871 (24.523 sec/epoch), lr: 0.004000
Evaluating on dev set...
..................................................................
source: 	 mrr: 0.041137	 ndcg_5: 0.0333	 ndcg_10: 0.0441	 hit@1:0.013942	 hit@5:0.0529	 hit@10: 0.0865
target: 	 mrr: 0.035190	 ndcg_5: 0.0255	 ndcg_10: 0.0361	 hit@1:0.008080	 hit@5:0.0424	 hit@10: 0.0758
epoch 13: train_loss = 1.839871, source_mrr = 0.041137, source_hit@10 = 0.0865, source_ndcg@10 = 0.0441, target_mrr = 0.035190, target_hit@10 = 0.0758, target_ndcg@10 = 0.0361

2024-08-15 19:28:34.565874: step 2408/13760 (epoch 14/80), loss = 1.830610 (24.055 sec/epoch), lr: 0.004000
Evaluating on dev set...
..................................................................
source: 	 mrr: 0.025292	 ndcg_5: 0.0191	 ndcg_10: 0.0266	 hit@1:0.006654	 hit@5:0.0323	 hit@10: 0.0554
target: 	 mrr: 0.037288	 ndcg_5: 0.0285	 ndcg_10: 0.0376	 hit@1:0.013374	 hit@5:0.0446	 hit@10: 0.0730
epoch 14: train_loss = 1.830610, source_mrr = 0.025292, source_hit@10 = 0.0554, source_ndcg@10 = 0.0266, target_mrr = 0.037288, target_hit@10 = 0.0730, target_ndcg@10 = 0.0376

2024-08-15 19:28:59.587323: step 2580/13760 (epoch 15/80), loss = 1.812895 (24.342 sec/epoch), lr: 0.003800
Evaluating on dev set...
..................................................................
source: 	 mrr: 0.038059	 ndcg_5: 0.0308	 ndcg_10: 0.0387	 hit@1:0.011724	 hit@5:0.0491	 hit@10: 0.0741
target: 	 mrr: 0.031653	 ndcg_5: 0.0238	 ndcg_10: 0.0331	 hit@1:0.007523	 hit@5:0.0398	 hit@10: 0.0691
epoch 15: train_loss = 1.812895, source_mrr = 0.038059, source_hit@10 = 0.0741, source_ndcg@10 = 0.0387, target_mrr = 0.031653, target_hit@10 = 0.0691, target_ndcg@10 = 0.0331

2024-08-15 19:29:24.910264: step 2752/13760 (epoch 16/80), loss = 1.808534 (24.666 sec/epoch), lr: 0.003800
Evaluating on dev set...
..................................................................
source: 	 mrr: 0.035461	 ndcg_5: 0.0266	 ndcg_10: 0.0379	 hit@1:0.010773	 hit@5:0.0437	 hit@10: 0.0792
target: 	 mrr: 0.035250	 ndcg_5: 0.0255	 ndcg_10: 0.0380	 hit@1:0.008916	 hit@5:0.0426	 hit@10: 0.0819
epoch 16: train_loss = 1.808534, source_mrr = 0.035461, source_hit@10 = 0.0792, source_ndcg@10 = 0.0379, target_mrr = 0.035250, target_hit@10 = 0.0819, target_ndcg@10 = 0.0380

2024-08-15 19:29:50.392267: step 2924/13760 (epoch 17/80), loss = 1.803831 (24.819 sec/epoch), lr: 0.003800
Evaluating on dev set...
..................................................................
source: 	 mrr: 0.042173	 ndcg_5: 0.0326	 ndcg_10: 0.0441	 hit@1:0.014259	 hit@5:0.0501	 hit@10: 0.0856
target: 	 mrr: 0.035425	 ndcg_5: 0.0267	 ndcg_10: 0.0375	 hit@1:0.010309	 hit@5:0.0440	 hit@10: 0.0777
epoch 17: train_loss = 1.803831, source_mrr = 0.042173, source_hit@10 = 0.0856, source_ndcg@10 = 0.0441, target_mrr = 0.035425, target_hit@10 = 0.0777, target_ndcg@10 = 0.0375

2024-08-15 19:30:15.612926: step 3096/13760 (epoch 18/80), loss = 1.798250 (24.562 sec/epoch), lr: 0.003800
Evaluating on dev set...
..................................................................
source: 	 mrr: 0.037575	 ndcg_5: 0.0290	 ndcg_10: 0.0389	 hit@1:0.013308	 hit@5:0.0456	 hit@10: 0.0767
target: 	 mrr: 0.027835	 ndcg_5: 0.0223	 ndcg_10: 0.0286	 hit@1:0.009752	 hit@5:0.0351	 hit@10: 0.0546
epoch 18: train_loss = 1.798250, source_mrr = 0.037575, source_hit@10 = 0.0767, source_ndcg@10 = 0.0389, target_mrr = 0.027835, target_hit@10 = 0.0546, target_ndcg@10 = 0.0286

2024-08-15 19:30:40.710093: step 3268/13760 (epoch 19/80), loss = 1.786363 (24.447 sec/epoch), lr: 0.003610
Evaluating on dev set...
..................................................................
source: 	 mrr: 0.042050	 ndcg_5: 0.0338	 ndcg_10: 0.0447	 hit@1:0.012991	 hit@5:0.0532	 hit@10: 0.0871
target: 	 mrr: 0.035371	 ndcg_5: 0.0270	 ndcg_10: 0.0359	 hit@1:0.010867	 hit@5:0.0426	 hit@10: 0.0699
epoch 19: train_loss = 1.786363, source_mrr = 0.042050, source_hit@10 = 0.0871, source_ndcg@10 = 0.0447, target_mrr = 0.035371, target_hit@10 = 0.0699, target_ndcg@10 = 0.0359

2024-08-15 19:31:06.019765: step 3440/13760 (epoch 20/80), loss = 1.784209 (24.658 sec/epoch), lr: 0.003610
Evaluating on dev set...
..................................................................
source: 	 mrr: 0.042667	 ndcg_5: 0.0345	 ndcg_10: 0.0474	 hit@1:0.013308	 hit@5:0.0561	 hit@10: 0.0966
target: 	 mrr: 0.033351	 ndcg_5: 0.0248	 ndcg_10: 0.0346	 hit@1:0.010588	 hit@5:0.0398	 hit@10: 0.0702
epoch 20: train_loss = 1.784209, source_mrr = 0.042667, source_hit@10 = 0.0966, source_ndcg@10 = 0.0474, target_mrr = 0.033351, target_hit@10 = 0.0702, target_ndcg@10 = 0.0346

2024-08-15 19:31:31.004480: step 3612/13760 (epoch 21/80), loss = 1.776882 (24.337 sec/epoch), lr: 0.003429
Evaluating on dev set...
..................................................................
source: 	 mrr: 0.043665	 ndcg_5: 0.0354	 ndcg_10: 0.0464	 hit@1:0.015843	 hit@5:0.0554	 hit@10: 0.0900
target: 	 mrr: 0.036702	 ndcg_5: 0.0274	 ndcg_10: 0.0392	 hit@1:0.010588	 hit@5:0.0446	 hit@10: 0.0811
epoch 21: train_loss = 1.776882, source_mrr = 0.043665, source_hit@10 = 0.0900, source_ndcg@10 = 0.0464, target_mrr = 0.036702, target_hit@10 = 0.0811, target_ndcg@10 = 0.0392

2024-08-15 19:31:55.834038: step 3784/13760 (epoch 22/80), loss = 1.769923 (24.172 sec/epoch), lr: 0.003429
Evaluating on dev set...
..................................................................
source: 	 mrr: 0.042602	 ndcg_5: 0.0330	 ndcg_10: 0.0459	 hit@1:0.014259	 hit@5:0.0526	 hit@10: 0.0925
target: 	 mrr: 0.036376	 ndcg_5: 0.0276	 ndcg_10: 0.0388	 hit@1:0.010309	 hit@5:0.0460	 hit@10: 0.0808
epoch 22: train_loss = 1.769923, source_mrr = 0.042602, source_hit@10 = 0.0925, source_ndcg@10 = 0.0459, target_mrr = 0.036376, target_hit@10 = 0.0808, target_ndcg@10 = 0.0388

2024-08-15 19:32:20.954344: step 3956/13760 (epoch 23/80), loss = 1.759911 (24.472 sec/epoch), lr: 0.003258
Evaluating on dev set...
..................................................................
source: 	 mrr: 0.037688	 ndcg_5: 0.0305	 ndcg_10: 0.0408	 hit@1:0.011724	 hit@5:0.0504	 hit@10: 0.0827
target: 	 mrr: 0.037238	 ndcg_5: 0.0290	 ndcg_10: 0.0406	 hit@1:0.010867	 hit@5:0.0482	 hit@10: 0.0847
epoch 23: train_loss = 1.759911, source_mrr = 0.037688, source_hit@10 = 0.0827, source_ndcg@10 = 0.0408, target_mrr = 0.037238, target_hit@10 = 0.0847, target_ndcg@10 = 0.0406

2024-08-15 19:32:45.882990: step 4128/13760 (epoch 24/80), loss = 1.751234 (24.265 sec/epoch), lr: 0.003095
Evaluating on dev set...
..................................................................
source: 	 mrr: 0.040898	 ndcg_5: 0.0317	 ndcg_10: 0.0420	 hit@1:0.016160	 hit@5:0.0472	 hit@10: 0.0792
target: 	 mrr: 0.031651	 ndcg_5: 0.0214	 ndcg_10: 0.0328	 hit@1:0.006687	 hit@5:0.0368	 hit@10: 0.0722
epoch 24: train_loss = 1.751234, source_mrr = 0.040898, source_hit@10 = 0.0792, source_ndcg@10 = 0.0420, target_mrr = 0.031651, target_hit@10 = 0.0722, target_ndcg@10 = 0.0328

2024-08-15 19:33:11.150373: step 4300/13760 (epoch 25/80), loss = 1.742765 (24.617 sec/epoch), lr: 0.002940
Evaluating on dev set...
..................................................................
source: 	 mrr: 0.044918	 ndcg_5: 0.0369	 ndcg_10: 0.0478	 hit@1:0.016793	 hit@5:0.0580	 hit@10: 0.0922
target: 	 mrr: 0.034800	 ndcg_5: 0.0264	 ndcg_10: 0.0363	 hit@1:0.010309	 hit@5:0.0429	 hit@10: 0.0736
source best!
..............................
source: 	 mrr: 0.041899	 ndcg_5: 0.0319	 ndcg_10: 0.0434	 hit@1:0.015235	 hit@5:0.0480	 hit@10: 0.0836
epoch 25: train_loss = 1.742765, source_mrr = 0.041899, source_hit@10 = 0.0836, source_ndcg@10 = 0.0434, target_mrr = 0.034800, target_hit@10 = 0.0736, target_ndcg@10 = 0.0363

2024-08-15 19:33:36.774737: step 4472/13760 (epoch 26/80), loss = 1.743458 (24.708 sec/epoch), lr: 0.002940
Evaluating on dev set...
..................................................................
source: 	 mrr: 0.040991	 ndcg_5: 0.0330	 ndcg_10: 0.0426	 hit@1:0.013308	 hit@5:0.0529	 hit@10: 0.0830
target: 	 mrr: 0.036124	 ndcg_5: 0.0266	 ndcg_10: 0.0368	 hit@1:0.010588	 hit@5:0.0432	 hit@10: 0.0750
epoch 26: train_loss = 1.743458, source_mrr = 0.040991, source_hit@10 = 0.0830, source_ndcg@10 = 0.0426, target_mrr = 0.036124, target_hit@10 = 0.0750, target_ndcg@10 = 0.0368

2024-08-15 19:34:01.831139: step 4644/13760 (epoch 27/80), loss = 1.733064 (24.407 sec/epoch), lr: 0.002793
Evaluating on dev set...
..................................................................
source: 	 mrr: 0.038688	 ndcg_5: 0.0314	 ndcg_10: 0.0394	 hit@1:0.014575	 hit@5:0.0488	 hit@10: 0.0738
target: 	 mrr: 0.039072	 ndcg_5: 0.0300	 ndcg_10: 0.0412	 hit@1:0.011702	 hit@5:0.0488	 hit@10: 0.0839
epoch 27: train_loss = 1.733064, source_mrr = 0.038688, source_hit@10 = 0.0738, source_ndcg@10 = 0.0394, target_mrr = 0.039072, target_hit@10 = 0.0839, target_ndcg@10 = 0.0412

2024-08-15 19:34:26.787112: step 4816/13760 (epoch 28/80), loss = 1.730885 (24.311 sec/epoch), lr: 0.002793
Evaluating on dev set...
..................................................................
source: 	 mrr: 0.032237	 ndcg_5: 0.0230	 ndcg_10: 0.0321	 hit@1:0.010773	 hit@5:0.0345	 hit@10: 0.0627
target: 	 mrr: 0.034114	 ndcg_5: 0.0253	 ndcg_10: 0.0369	 hit@1:0.008638	 hit@5:0.0429	 hit@10: 0.0789
epoch 28: train_loss = 1.730885, source_mrr = 0.032237, source_hit@10 = 0.0627, source_ndcg@10 = 0.0321, target_mrr = 0.034114, target_hit@10 = 0.0789, target_ndcg@10 = 0.0369

2024-08-15 19:34:51.627465: step 4988/13760 (epoch 29/80), loss = 1.724141 (24.197 sec/epoch), lr: 0.002654
Evaluating on dev set...
..................................................................
source: 	 mrr: 0.041223	 ndcg_5: 0.0329	 ndcg_10: 0.0435	 hit@1:0.013942	 hit@5:0.0532	 hit@10: 0.0862
target: 	 mrr: 0.037095	 ndcg_5: 0.0299	 ndcg_10: 0.0401	 hit@1:0.011145	 hit@5:0.0496	 hit@10: 0.0811
epoch 29: train_loss = 1.724141, source_mrr = 0.041223, source_hit@10 = 0.0862, source_ndcg@10 = 0.0435, target_mrr = 0.037095, target_hit@10 = 0.0811, target_ndcg@10 = 0.0401

2024-08-15 19:35:16.917207: step 5160/13760 (epoch 30/80), loss = 1.724516 (24.647 sec/epoch), lr: 0.002654
Evaluating on dev set...
..................................................................
source: 	 mrr: 0.044700	 ndcg_5: 0.0379	 ndcg_10: 0.0476	 hit@1:0.013942	 hit@5:0.0618	 hit@10: 0.0919
target: 	 mrr: 0.034176	 ndcg_5: 0.0261	 ndcg_10: 0.0358	 hit@1:0.008916	 hit@5:0.0443	 hit@10: 0.0744
epoch 30: train_loss = 1.724516, source_mrr = 0.044700, source_hit@10 = 0.0919, source_ndcg@10 = 0.0476, target_mrr = 0.034176, target_hit@10 = 0.0744, target_ndcg@10 = 0.0358

2024-08-15 19:35:42.169738: step 5332/13760 (epoch 31/80), loss = 1.723144 (24.553 sec/epoch), lr: 0.002654
Evaluating on dev set...
..................................................................
source: 	 mrr: 0.044202	 ndcg_5: 0.0365	 ndcg_10: 0.0470	 hit@1:0.014575	 hit@5:0.0586	 hit@10: 0.0913
target: 	 mrr: 0.034324	 ndcg_5: 0.0273	 ndcg_10: 0.0378	 hit@1:0.009752	 hit@5:0.0451	 hit@10: 0.0777
epoch 31: train_loss = 1.723144, source_mrr = 0.044202, source_hit@10 = 0.0913, source_ndcg@10 = 0.0470, target_mrr = 0.034324, target_hit@10 = 0.0777, target_ndcg@10 = 0.0378

2024-08-15 19:36:07.024076: step 5504/13760 (epoch 32/80), loss = 1.713112 (24.194 sec/epoch), lr: 0.002521
Evaluating on dev set...
..................................................................
source: 	 mrr: 0.044340	 ndcg_5: 0.0342	 ndcg_10: 0.0463	 hit@1:0.016477	 hit@5:0.0513	 hit@10: 0.0890
target: 	 mrr: 0.037846	 ndcg_5: 0.0292	 ndcg_10: 0.0392	 hit@1:0.011424	 hit@5:0.0474	 hit@10: 0.0786
epoch 32: train_loss = 1.713112, source_mrr = 0.044340, source_hit@10 = 0.0890, source_ndcg@10 = 0.0463, target_mrr = 0.037846, target_hit@10 = 0.0786, target_ndcg@10 = 0.0392

2024-08-15 19:36:31.660790: step 5676/13760 (epoch 33/80), loss = 1.711015 (23.961 sec/epoch), lr: 0.002521
Evaluating on dev set...
..................................................................
source: 	 mrr: 0.038136	 ndcg_5: 0.0320	 ndcg_10: 0.0415	 hit@1:0.011090	 hit@5:0.0529	 hit@10: 0.0827
target: 	 mrr: 0.040009	 ndcg_5: 0.0310	 ndcg_10: 0.0424	 hit@1:0.014767	 hit@5:0.0474	 hit@10: 0.0833
epoch 33: train_loss = 1.711015, source_mrr = 0.038136, source_hit@10 = 0.0827, source_ndcg@10 = 0.0415, target_mrr = 0.040009, target_hit@10 = 0.0833, target_ndcg@10 = 0.0424

2024-08-15 19:36:56.735450: step 5848/13760 (epoch 34/80), loss = 1.707805 (24.419 sec/epoch), lr: 0.002395
Evaluating on dev set...
..................................................................
source: 	 mrr: 0.042327	 ndcg_5: 0.0339	 ndcg_10: 0.0449	 hit@1:0.013942	 hit@5:0.0542	 hit@10: 0.0881
target: 	 mrr: 0.034771	 ndcg_5: 0.0259	 ndcg_10: 0.0378	 hit@1:0.008359	 hit@5:0.0443	 hit@10: 0.0814
epoch 34: train_loss = 1.707805, source_mrr = 0.042327, source_hit@10 = 0.0881, source_ndcg@10 = 0.0449, target_mrr = 0.034771, target_hit@10 = 0.0814, target_ndcg@10 = 0.0378

2024-08-15 19:37:21.910035: step 6020/13760 (epoch 35/80), loss = 1.699142 (24.533 sec/epoch), lr: 0.002275
Evaluating on dev set...
..................................................................
source: 	 mrr: 0.041047	 ndcg_5: 0.0334	 ndcg_10: 0.0445	 hit@1:0.012674	 hit@5:0.0548	 hit@10: 0.0894
target: 	 mrr: 0.037589	 ndcg_5: 0.0301	 ndcg_10: 0.0387	 hit@1:0.012260	 hit@5:0.0476	 hit@10: 0.0747
epoch 35: train_loss = 1.699142, source_mrr = 0.041047, source_hit@10 = 0.0894, source_ndcg@10 = 0.0445, target_mrr = 0.037589, target_hit@10 = 0.0747, target_ndcg@10 = 0.0387

2024-08-15 19:37:47.181071: step 6192/13760 (epoch 36/80), loss = 1.697430 (24.627 sec/epoch), lr: 0.002275
Evaluating on dev set...
..................................................................
source: 	 mrr: 0.038829	 ndcg_5: 0.0301	 ndcg_10: 0.0413	 hit@1:0.012674	 hit@5:0.0472	 hit@10: 0.0824
target: 	 mrr: 0.038214	 ndcg_5: 0.0305	 ndcg_10: 0.0405	 hit@1:0.013096	 hit@5:0.0476	 hit@10: 0.0791
epoch 36: train_loss = 1.697430, source_mrr = 0.038829, source_hit@10 = 0.0824, source_ndcg@10 = 0.0413, target_mrr = 0.038214, target_hit@10 = 0.0791, target_ndcg@10 = 0.0405

2024-08-15 19:38:12.307324: step 6364/13760 (epoch 37/80), loss = 1.691636 (24.483 sec/epoch), lr: 0.002161
Evaluating on dev set...
..................................................................
source: 	 mrr: 0.036190	 ndcg_5: 0.0274	 ndcg_10: 0.0373	 hit@1:0.011090	 hit@5:0.0428	 hit@10: 0.0741
target: 	 mrr: 0.033972	 ndcg_5: 0.0243	 ndcg_10: 0.0347	 hit@1:0.009473	 hit@5:0.0393	 hit@10: 0.0722
epoch 37: train_loss = 1.691636, source_mrr = 0.036190, source_hit@10 = 0.0741, source_ndcg@10 = 0.0373, target_mrr = 0.033972, target_hit@10 = 0.0722, target_ndcg@10 = 0.0347

2024-08-15 19:38:37.744107: step 6536/13760 (epoch 38/80), loss = 1.685517 (24.779 sec/epoch), lr: 0.002053
Evaluating on dev set...
..................................................................
source: 	 mrr: 0.047601	 ndcg_5: 0.0389	 ndcg_10: 0.0525	 hit@1:0.017110	 hit@5:0.0612	 hit@10: 0.1042
target: 	 mrr: 0.037117	 ndcg_5: 0.0286	 ndcg_10: 0.0388	 hit@1:0.012538	 hit@5:0.0451	 hit@10: 0.0769
source best!
..............................
source: 	 mrr: 0.042214	 ndcg_5: 0.0325	 ndcg_10: 0.0457	 hit@1:0.012966	 hit@5:0.0522	 hit@10: 0.0934
epoch 38: train_loss = 1.685517, source_mrr = 0.042214, source_hit@10 = 0.0934, source_ndcg@10 = 0.0457, target_mrr = 0.037117, target_hit@10 = 0.0769, target_ndcg@10 = 0.0388

2024-08-15 19:39:01.959624: step 6708/13760 (epoch 39/80), loss = 1.684411 (23.304 sec/epoch), lr: 0.002053
Evaluating on dev set...
..................................................................
source: 	 mrr: 0.043984	 ndcg_5: 0.0346	 ndcg_10: 0.0478	 hit@1:0.014259	 hit@5:0.0551	 hit@10: 0.0957
target: 	 mrr: 0.037805	 ndcg_5: 0.0289	 ndcg_10: 0.0400	 hit@1:0.012260	 hit@5:0.0460	 hit@10: 0.0802
epoch 39: train_loss = 1.684411, source_mrr = 0.043984, source_hit@10 = 0.0957, source_ndcg@10 = 0.0478, target_mrr = 0.037805, target_hit@10 = 0.0802, target_ndcg@10 = 0.0400

2024-08-15 19:39:26.375341: step 6880/13760 (epoch 40/80), loss = 1.674785 (23.773 sec/epoch), lr: 0.001951
Evaluating on dev set...
..................................................................
source: 	 mrr: 0.047885	 ndcg_5: 0.0385	 ndcg_10: 0.0515	 hit@1:0.017110	 hit@5:0.0602	 hit@10: 0.1001
target: 	 mrr: 0.035241	 ndcg_5: 0.0258	 ndcg_10: 0.0367	 hit@1:0.009473	 hit@5:0.0424	 hit@10: 0.0761
source best!
..............................
source: 	 mrr: 0.046189	 ndcg_5: 0.0380	 ndcg_10: 0.0494	 hit@1:0.016207	 hit@5:0.0600	 hit@10: 0.0956
epoch 40: train_loss = 1.674785, source_mrr = 0.046189, source_hit@10 = 0.0956, source_ndcg@10 = 0.0494, target_mrr = 0.035241, target_hit@10 = 0.0761, target_ndcg@10 = 0.0367
shift to transfer learning mode

2024-08-15 19:39:51.832048: step 7052/13760 (epoch 41/80), loss = 1.909211 (24.504 sec/epoch), lr: 0.001951
Evaluating on dev set...
..................................................................
source: 	 mrr: 0.049751	 ndcg_5: 0.0402	 ndcg_10: 0.0525	 hit@1:0.019962	 hit@5:0.0618	 hit@10: 0.1001
target: 	 mrr: 0.035562	 ndcg_5: 0.0269	 ndcg_10: 0.0379	 hit@1:0.010588	 hit@5:0.0440	 hit@10: 0.0783
source best!
..............................
source: 	 mrr: 0.047001	 ndcg_5: 0.0387	 ndcg_10: 0.0497	 hit@1:0.017828	 hit@5:0.0609	 hit@10: 0.0950
epoch 41: train_loss = 1.909211, source_mrr = 0.047001, source_hit@10 = 0.0950, source_ndcg@10 = 0.0497, target_mrr = 0.035562, target_hit@10 = 0.0783, target_ndcg@10 = 0.0379

2024-08-15 19:40:17.540783: step 7224/13760 (epoch 42/80), loss = 1.919867 (24.796 sec/epoch), lr: 0.001951
Evaluating on dev set...
..................................................................
source: 	 mrr: 0.047185	 ndcg_5: 0.0390	 ndcg_10: 0.0509	 hit@1:0.019011	 hit@5:0.0602	 hit@10: 0.0973
target: 	 mrr: 0.038328	 ndcg_5: 0.0298	 ndcg_10: 0.0396	 hit@1:0.013374	 hit@5:0.0468	 hit@10: 0.0772
epoch 42: train_loss = 1.919867, source_mrr = 0.047185, source_hit@10 = 0.0973, source_ndcg@10 = 0.0509, target_mrr = 0.038328, target_hit@10 = 0.0772, target_ndcg@10 = 0.0396

2024-08-15 19:40:42.757738: step 7396/13760 (epoch 43/80), loss = 1.925073 (24.574 sec/epoch), lr: 0.001951
Evaluating on dev set...
..................................................................
source: 	 mrr: 0.046197	 ndcg_5: 0.0363	 ndcg_10: 0.0505	 hit@1:0.015843	 hit@5:0.0564	 hit@10: 0.1001
target: 	 mrr: 0.037494	 ndcg_5: 0.0295	 ndcg_10: 0.0391	 hit@1:0.009473	 hit@5:0.0499	 hit@10: 0.0791
epoch 43: train_loss = 1.925073, source_mrr = 0.046197, source_hit@10 = 0.1001, source_ndcg@10 = 0.0505, target_mrr = 0.037494, target_hit@10 = 0.0791, target_ndcg@10 = 0.0391

2024-08-15 19:41:08.112232: step 7568/13760 (epoch 44/80), loss = 1.920745 (24.710 sec/epoch), lr: 0.001853
Evaluating on dev set...
..................................................................
source: 	 mrr: 0.047400	 ndcg_5: 0.0386	 ndcg_10: 0.0503	 hit@1:0.019011	 hit@5:0.0577	 hit@10: 0.0944
target: 	 mrr: 0.037597	 ndcg_5: 0.0294	 ndcg_10: 0.0398	 hit@1:0.013374	 hit@5:0.0457	 hit@10: 0.0783
epoch 44: train_loss = 1.920745, source_mrr = 0.047400, source_hit@10 = 0.0944, source_ndcg@10 = 0.0503, target_mrr = 0.037597, target_hit@10 = 0.0783, target_ndcg@10 = 0.0398

2024-08-15 19:41:33.603029: step 7740/13760 (epoch 45/80), loss = 1.919218 (24.842 sec/epoch), lr: 0.001853
Evaluating on dev set...
..................................................................
source: 	 mrr: 0.044836	 ndcg_5: 0.0364	 ndcg_10: 0.0491	 hit@1:0.014259	 hit@5:0.0580	 hit@10: 0.0973
target: 	 mrr: 0.037320	 ndcg_5: 0.0284	 ndcg_10: 0.0391	 hit@1:0.010867	 hit@5:0.0463	 hit@10: 0.0794
epoch 45: train_loss = 1.919218, source_mrr = 0.044836, source_hit@10 = 0.0973, source_ndcg@10 = 0.0491, target_mrr = 0.037320, target_hit@10 = 0.0794, target_ndcg@10 = 0.0391

2024-08-15 19:41:58.971217: step 7912/13760 (epoch 46/80), loss = 1.917383 (24.725 sec/epoch), lr: 0.001761
Evaluating on dev set...
..................................................................
source: 	 mrr: 0.042747	 ndcg_5: 0.0340	 ndcg_10: 0.0448	 hit@1:0.013625	 hit@5:0.0539	 hit@10: 0.0875
target: 	 mrr: 0.035976	 ndcg_5: 0.0285	 ndcg_10: 0.0387	 hit@1:0.011145	 hit@5:0.0465	 hit@10: 0.0786
epoch 46: train_loss = 1.917383, source_mrr = 0.042747, source_hit@10 = 0.0875, source_ndcg@10 = 0.0448, target_mrr = 0.035976, target_hit@10 = 0.0786, target_ndcg@10 = 0.0387

2024-08-15 19:42:23.919063: step 8084/13760 (epoch 47/80), loss = 1.911071 (24.299 sec/epoch), lr: 0.001672
Evaluating on dev set...
..................................................................
source: 	 mrr: 0.042000	 ndcg_5: 0.0326	 ndcg_10: 0.0447	 hit@1:0.014259	 hit@5:0.0507	 hit@10: 0.0881
target: 	 mrr: 0.035015	 ndcg_5: 0.0259	 ndcg_10: 0.0368	 hit@1:0.010309	 hit@5:0.0412	 hit@10: 0.0755
epoch 47: train_loss = 1.911071, source_mrr = 0.042000, source_hit@10 = 0.0881, source_ndcg@10 = 0.0447, target_mrr = 0.035015, target_hit@10 = 0.0755, target_ndcg@10 = 0.0368

2024-08-15 19:42:49.265127: step 8256/13760 (epoch 48/80), loss = 1.903435 (24.689 sec/epoch), lr: 0.001589
Evaluating on dev set...
..................................................................
source: 	 mrr: 0.046579	 ndcg_5: 0.0389	 ndcg_10: 0.0499	 hit@1:0.017110	 hit@5:0.0605	 hit@10: 0.0944
target: 	 mrr: 0.034845	 ndcg_5: 0.0267	 ndcg_10: 0.0365	 hit@1:0.009752	 hit@5:0.0443	 hit@10: 0.0750
epoch 48: train_loss = 1.903435, source_mrr = 0.046579, source_hit@10 = 0.0944, source_ndcg@10 = 0.0499, target_mrr = 0.034845, target_hit@10 = 0.0750, target_ndcg@10 = 0.0365

2024-08-15 19:43:14.530657: step 8428/13760 (epoch 49/80), loss = 1.904799 (24.592 sec/epoch), lr: 0.001589
Evaluating on dev set...
..................................................................
source: 	 mrr: 0.049949	 ndcg_5: 0.0402	 ndcg_10: 0.0534	 hit@1:0.020913	 hit@5:0.0596	 hit@10: 0.1001
target: 	 mrr: 0.038311	 ndcg_5: 0.0311	 ndcg_10: 0.0409	 hit@1:0.012260	 hit@5:0.0504	 hit@10: 0.0811
source best!
..............................
source: 	 mrr: 0.044030	 ndcg_5: 0.0364	 ndcg_10: 0.0474	 hit@1:0.014911	 hit@5:0.0593	 hit@10: 0.0937
epoch 49: train_loss = 1.904799, source_mrr = 0.044030, source_hit@10 = 0.0937, source_ndcg@10 = 0.0474, target_mrr = 0.038311, target_hit@10 = 0.0811, target_ndcg@10 = 0.0409

2024-08-15 19:43:40.478019: step 8600/13760 (epoch 50/80), loss = 1.902179 (25.038 sec/epoch), lr: 0.001589
Evaluating on dev set...
..................................................................
source: 	 mrr: 0.037913	 ndcg_5: 0.0286	 ndcg_10: 0.0395	 hit@1:0.012041	 hit@5:0.0463	 hit@10: 0.0805
target: 	 mrr: 0.035580	 ndcg_5: 0.0272	 ndcg_10: 0.0392	 hit@1:0.009195	 hit@5:0.0454	 hit@10: 0.0830
epoch 50: train_loss = 1.902179, source_mrr = 0.037913, source_hit@10 = 0.0805, source_ndcg@10 = 0.0395, target_mrr = 0.035580, target_hit@10 = 0.0830, target_ndcg@10 = 0.0392

2024-08-15 19:44:05.409565: step 8772/13760 (epoch 51/80), loss = 1.897352 (24.286 sec/epoch), lr: 0.001509
Evaluating on dev set...
..................................................................
source: 	 mrr: 0.042050	 ndcg_5: 0.0329	 ndcg_10: 0.0434	 hit@1:0.016160	 hit@5:0.0504	 hit@10: 0.0833
target: 	 mrr: 0.036577	 ndcg_5: 0.0288	 ndcg_10: 0.0399	 hit@1:0.009752	 hit@5:0.0476	 hit@10: 0.0822
epoch 51: train_loss = 1.897352, source_mrr = 0.042050, source_hit@10 = 0.0833, source_ndcg@10 = 0.0434, target_mrr = 0.036577, target_hit@10 = 0.0822, target_ndcg@10 = 0.0399

2024-08-15 19:44:30.690052: step 8944/13760 (epoch 52/80), loss = 1.894691 (24.639 sec/epoch), lr: 0.001509
Evaluating on dev set...
..................................................................
source: 	 mrr: 0.037767	 ndcg_5: 0.0300	 ndcg_10: 0.0397	 hit@1:0.011407	 hit@5:0.0491	 hit@10: 0.0792
target: 	 mrr: 0.041351	 ndcg_5: 0.0329	 ndcg_10: 0.0436	 hit@1:0.015603	 hit@5:0.0504	 hit@10: 0.0836
target best!
...................................target: 	 mrr: 0.038624	 ndcg_5: 0.0317	 ndcg_10: 0.0406	 hit@1:0.012972	 hit@5:0.0508	 hit@10: 0.0787
epoch 52: train_loss = 1.894691, source_mrr = 0.037767, source_hit@10 = 0.0792, source_ndcg@10 = 0.0397, target_mrr = 0.038624, target_hit@10 = 0.0787, target_ndcg@10 = 0.0406

2024-08-15 19:44:56.173039: step 9116/13760 (epoch 53/80), loss = 1.893611 (24.540 sec/epoch), lr: 0.001509
Evaluating on dev set...
..................................................................
source: 	 mrr: 0.040822	 ndcg_5: 0.0315	 ndcg_10: 0.0425	 hit@1:0.013308	 hit@5:0.0501	 hit@10: 0.0843
target: 	 mrr: 0.038580	 ndcg_5: 0.0298	 ndcg_10: 0.0406	 hit@1:0.012538	 hit@5:0.0479	 hit@10: 0.0814
epoch 53: train_loss = 1.893611, source_mrr = 0.040822, source_hit@10 = 0.0843, source_ndcg@10 = 0.0425, target_mrr = 0.038580, target_hit@10 = 0.0814, target_ndcg@10 = 0.0406

2024-08-15 19:45:21.597135: step 9288/13760 (epoch 54/80), loss = 1.892299 (24.723 sec/epoch), lr: 0.001509
Evaluating on dev set...
..................................................................
source: 	 mrr: 0.047592	 ndcg_5: 0.0408	 ndcg_10: 0.0510	 hit@1:0.019011	 hit@5:0.0637	 hit@10: 0.0954
target: 	 mrr: 0.038649	 ndcg_5: 0.0306	 ndcg_10: 0.0401	 hit@1:0.013931	 hit@5:0.0479	 hit@10: 0.0780
epoch 54: train_loss = 1.892299, source_mrr = 0.047592, source_hit@10 = 0.0954, source_ndcg@10 = 0.0510, target_mrr = 0.038649, target_hit@10 = 0.0780, target_ndcg@10 = 0.0401

2024-08-15 19:45:47.058173: step 9460/13760 (epoch 55/80), loss = 1.888424 (24.814 sec/epoch), lr: 0.001509
Evaluating on dev set...
..................................................................
source: 	 mrr: 0.044611	 ndcg_5: 0.0362	 ndcg_10: 0.0475	 hit@1:0.015526	 hit@5:0.0564	 hit@10: 0.0919
target: 	 mrr: 0.034725	 ndcg_5: 0.0272	 ndcg_10: 0.0370	 hit@1:0.009195	 hit@5:0.0460	 hit@10: 0.0769
epoch 55: train_loss = 1.888424, source_mrr = 0.044611, source_hit@10 = 0.0919, source_ndcg@10 = 0.0475, target_mrr = 0.034725, target_hit@10 = 0.0769, target_ndcg@10 = 0.0370

2024-08-15 19:46:12.237322: step 9632/13760 (epoch 56/80), loss = 1.881924 (24.538 sec/epoch), lr: 0.001434
Evaluating on dev set...
..................................................................
source: 	 mrr: 0.039756	 ndcg_5: 0.0323	 ndcg_10: 0.0427	 hit@1:0.013625	 hit@5:0.0520	 hit@10: 0.0843
target: 	 mrr: 0.037147	 ndcg_5: 0.0295	 ndcg_10: 0.0393	 hit@1:0.011424	 hit@5:0.0488	 hit@10: 0.0791
epoch 56: train_loss = 1.881924, source_mrr = 0.039756, source_hit@10 = 0.0843, source_ndcg@10 = 0.0427, target_mrr = 0.037147, target_hit@10 = 0.0791, target_ndcg@10 = 0.0393

2024-08-15 19:46:37.637741: step 9804/13760 (epoch 57/80), loss = 1.873973 (24.761 sec/epoch), lr: 0.001362
Evaluating on dev set...
..................................................................
source: 	 mrr: 0.040072	 ndcg_5: 0.0314	 ndcg_10: 0.0421	 hit@1:0.013625	 hit@5:0.0501	 hit@10: 0.0833
target: 	 mrr: 0.039566	 ndcg_5: 0.0308	 ndcg_10: 0.0417	 hit@1:0.015325	 hit@5:0.0465	 hit@10: 0.0805
epoch 57: train_loss = 1.873973, source_mrr = 0.040072, source_hit@10 = 0.0833, source_ndcg@10 = 0.0421, target_mrr = 0.039566, target_hit@10 = 0.0805, target_ndcg@10 = 0.0417

2024-08-15 19:47:03.716275: step 9976/13760 (epoch 58/80), loss = 1.874851 (25.435 sec/epoch), lr: 0.001362
Evaluating on dev set...
..................................................................
source: 	 mrr: 0.035920	 ndcg_5: 0.0276	 ndcg_10: 0.0355	 hit@1:0.012357	 hit@5:0.0434	 hit@10: 0.0678
target: 	 mrr: 0.033409	 ndcg_5: 0.0259	 ndcg_10: 0.0356	 hit@1:0.009752	 hit@5:0.0426	 hit@10: 0.0733
epoch 58: train_loss = 1.874851, source_mrr = 0.035920, source_hit@10 = 0.0678, source_ndcg@10 = 0.0355, target_mrr = 0.033409, target_hit@10 = 0.0733, target_ndcg@10 = 0.0356

2024-08-15 19:47:29.022472: step 10148/13760 (epoch 59/80), loss = 1.868657 (24.643 sec/epoch), lr: 0.001294
Evaluating on dev set...
..................................................................
source: 	 mrr: 0.035623	 ndcg_5: 0.0254	 ndcg_10: 0.0371	 hit@1:0.012674	 hit@5:0.0387	 hit@10: 0.0754
target: 	 mrr: 0.037130	 ndcg_5: 0.0285	 ndcg_10: 0.0396	 hit@1:0.011145	 hit@5:0.0471	 hit@10: 0.0816
epoch 59: train_loss = 1.868657, source_mrr = 0.035623, source_hit@10 = 0.0754, source_ndcg@10 = 0.0371, target_mrr = 0.037130, target_hit@10 = 0.0816, target_ndcg@10 = 0.0396

2024-08-15 19:47:54.112900: step 10320/13760 (epoch 60/80), loss = 1.867697 (24.451 sec/epoch), lr: 0.001294
Evaluating on dev set...
..................................................................
source: 	 mrr: 0.040988	 ndcg_5: 0.0329	 ndcg_10: 0.0423	 hit@1:0.016477	 hit@5:0.0497	 hit@10: 0.0792
target: 	 mrr: 0.031499	 ndcg_5: 0.0239	 ndcg_10: 0.0335	 hit@1:0.009473	 hit@5:0.0390	 hit@10: 0.0688
epoch 60: train_loss = 1.867697, source_mrr = 0.040988, source_hit@10 = 0.0792, source_ndcg@10 = 0.0423, target_mrr = 0.031499, target_hit@10 = 0.0688, target_ndcg@10 = 0.0335

2024-08-15 19:48:19.236035: step 10492/13760 (epoch 61/80), loss = 1.860935 (24.478 sec/epoch), lr: 0.001229
Evaluating on dev set...
..................................................................
source: 	 mrr: 0.048582	 ndcg_5: 0.0410	 ndcg_10: 0.0523	 hit@1:0.018061	 hit@5:0.0640	 hit@10: 0.0995
target: 	 mrr: 0.035551	 ndcg_5: 0.0279	 ndcg_10: 0.0378	 hit@1:0.011145	 hit@5:0.0449	 hit@10: 0.0758
epoch 61: train_loss = 1.860935, source_mrr = 0.048582, source_hit@10 = 0.0995, source_ndcg@10 = 0.0523, target_mrr = 0.035551, target_hit@10 = 0.0758, target_ndcg@10 = 0.0378

2024-08-15 19:48:45.407366: step 10664/13760 (epoch 62/80), loss = 1.857576 (25.530 sec/epoch), lr: 0.001229
Evaluating on dev set...
..................................................................
source: 	 mrr: 0.036897	 ndcg_5: 0.0275	 ndcg_10: 0.0385	 hit@1:0.012674	 hit@5:0.0425	 hit@10: 0.0764
target: 	 mrr: 0.035244	 ndcg_5: 0.0282	 ndcg_10: 0.0365	 hit@1:0.013096	 hit@5:0.0449	 hit@10: 0.0708
epoch 62: train_loss = 1.857576, source_mrr = 0.036897, source_hit@10 = 0.0764, source_ndcg@10 = 0.0385, target_mrr = 0.035244, target_hit@10 = 0.0708, target_ndcg@10 = 0.0365

2024-08-15 19:49:10.826273: step 10836/13760 (epoch 63/80), loss = 1.850864 (24.770 sec/epoch), lr: 0.001168
Evaluating on dev set...
..................................................................
source: 	 mrr: 0.038241	 ndcg_5: 0.0293	 ndcg_10: 0.0391	 hit@1:0.011407	 hit@5:0.0463	 hit@10: 0.0770
target: 	 mrr: 0.037406	 ndcg_5: 0.0298	 ndcg_10: 0.0398	 hit@1:0.011981	 hit@5:0.0479	 hit@10: 0.0789
epoch 63: train_loss = 1.850864, source_mrr = 0.038241, source_hit@10 = 0.0770, source_ndcg@10 = 0.0391, target_mrr = 0.037406, target_hit@10 = 0.0789, target_ndcg@10 = 0.0398

2024-08-15 19:49:35.860314: step 11008/13760 (epoch 64/80), loss = 1.845224 (24.383 sec/epoch), lr: 0.001168
Evaluating on dev set...
..................................................................
source: 	 mrr: 0.036629	 ndcg_5: 0.0293	 ndcg_10: 0.0360	 hit@1:0.012991	 hit@5:0.0456	 hit@10: 0.0665
target: 	 mrr: 0.037678	 ndcg_5: 0.0305	 ndcg_10: 0.0403	 hit@1:0.012817	 hit@5:0.0490	 hit@10: 0.0794
epoch 64: train_loss = 1.845224, source_mrr = 0.036629, source_hit@10 = 0.0665, source_ndcg@10 = 0.0360, target_mrr = 0.037678, target_hit@10 = 0.0794, target_ndcg@10 = 0.0403

2024-08-15 19:50:01.353962: step 11180/13760 (epoch 65/80), loss = 1.843871 (24.852 sec/epoch), lr: 0.001110
Evaluating on dev set...
..................................................................
source: 	 mrr: 0.032638	 ndcg_5: 0.0239	 ndcg_10: 0.0320	 hit@1:0.010773	 hit@5:0.0364	 hit@10: 0.0618
target: 	 mrr: 0.038230	 ndcg_5: 0.0315	 ndcg_10: 0.0410	 hit@1:0.013931	 hit@5:0.0499	 hit@10: 0.0797
epoch 65: train_loss = 1.843871, source_mrr = 0.032638, source_hit@10 = 0.0618, source_ndcg@10 = 0.0320, target_mrr = 0.038230, target_hit@10 = 0.0797, target_ndcg@10 = 0.0410

2024-08-15 19:50:26.787144: step 11352/13760 (epoch 66/80), loss = 1.835514 (24.796 sec/epoch), lr: 0.001054
Evaluating on dev set...
..................................................................
source: 	 mrr: 0.031803	 ndcg_5: 0.0231	 ndcg_10: 0.0316	 hit@1:0.011090	 hit@5:0.0355	 hit@10: 0.0621
target: 	 mrr: 0.035400	 ndcg_5: 0.0285	 ndcg_10: 0.0387	 hit@1:0.009752	 hit@5:0.0474	 hit@10: 0.0791
epoch 66: train_loss = 1.835514, source_mrr = 0.031803, source_hit@10 = 0.0621, source_ndcg@10 = 0.0316, target_mrr = 0.035400, target_hit@10 = 0.0791, target_ndcg@10 = 0.0387

2024-08-15 19:50:52.454668: step 11524/13760 (epoch 67/80), loss = 1.828590 (25.011 sec/epoch), lr: 0.001001
Evaluating on dev set...
..................................................................
source: 	 mrr: 0.038010	 ndcg_5: 0.0298	 ndcg_10: 0.0390	 hit@1:0.012041	 hit@5:0.0478	 hit@10: 0.0764
target: 	 mrr: 0.033579	 ndcg_5: 0.0255	 ndcg_10: 0.0369	 hit@1:0.009752	 hit@5:0.0418	 hit@10: 0.0777
epoch 67: train_loss = 1.828590, source_mrr = 0.038010, source_hit@10 = 0.0764, source_ndcg@10 = 0.0390, target_mrr = 0.033579, target_hit@10 = 0.0777, target_ndcg@10 = 0.0369

2024-08-15 19:51:17.569016: step 11696/13760 (epoch 68/80), loss = 1.825353 (24.449 sec/epoch), lr: 0.001001
Evaluating on dev set...
..................................................................
source: 	 mrr: 0.039106	 ndcg_5: 0.0305	 ndcg_10: 0.0414	 hit@1:0.012041	 hit@5:0.0488	 hit@10: 0.0830
target: 	 mrr: 0.039854	 ndcg_5: 0.0313	 ndcg_10: 0.0416	 hit@1:0.014489	 hit@5:0.0485	 hit@10: 0.0811
epoch 68: train_loss = 1.825353, source_mrr = 0.039106, source_hit@10 = 0.0830, source_ndcg@10 = 0.0414, target_mrr = 0.039854, target_hit@10 = 0.0811, target_ndcg@10 = 0.0416

2024-08-15 19:51:42.936113: step 11868/13760 (epoch 69/80), loss = 1.825590 (24.689 sec/epoch), lr: 0.001001
Evaluating on dev set...
..................................................................
source: 	 mrr: 0.040030	 ndcg_5: 0.0318	 ndcg_10: 0.0424	 hit@1:0.012041	 hit@5:0.0507	 hit@10: 0.0843
target: 	 mrr: 0.036417	 ndcg_5: 0.0277	 ndcg_10: 0.0388	 hit@1:0.011145	 hit@5:0.0446	 hit@10: 0.0794
epoch 69: train_loss = 1.825590, source_mrr = 0.040030, source_hit@10 = 0.0843, source_ndcg@10 = 0.0424, target_mrr = 0.036417, target_hit@10 = 0.0794, target_ndcg@10 = 0.0388

2024-08-15 19:52:07.975329: step 12040/13760 (epoch 70/80), loss = 1.822066 (24.396 sec/epoch), lr: 0.000951
Evaluating on dev set...
..................................................................
source: 	 mrr: 0.034501	 ndcg_5: 0.0249	 ndcg_10: 0.0331	 hit@1:0.013625	 hit@5:0.0371	 hit@10: 0.0624
target: 	 mrr: 0.036381	 ndcg_5: 0.0288	 ndcg_10: 0.0392	 hit@1:0.011981	 hit@5:0.0468	 hit@10: 0.0794
epoch 70: train_loss = 1.822066, source_mrr = 0.034501, source_hit@10 = 0.0624, source_ndcg@10 = 0.0331, target_mrr = 0.036381, target_hit@10 = 0.0794, target_ndcg@10 = 0.0392

2024-08-15 19:52:33.343976: step 12212/13760 (epoch 71/80), loss = 1.812022 (24.721 sec/epoch), lr: 0.000904
Evaluating on dev set...
..................................................................
source: 	 mrr: 0.039382	 ndcg_5: 0.0318	 ndcg_10: 0.0407	 hit@1:0.013942	 hit@5:0.0491	 hit@10: 0.0770
target: 	 mrr: 0.040168	 ndcg_5: 0.0316	 ndcg_10: 0.0430	 hit@1:0.015603	 hit@5:0.0474	 hit@10: 0.0830
epoch 71: train_loss = 1.812022, source_mrr = 0.039382, source_hit@10 = 0.0770, source_ndcg@10 = 0.0407, target_mrr = 0.040168, target_hit@10 = 0.0830, target_ndcg@10 = 0.0430

2024-08-15 19:52:58.514137: step 12384/13760 (epoch 72/80), loss = 1.807603 (24.532 sec/epoch), lr: 0.000904
Evaluating on dev set...
..................................................................
source: 	 mrr: 0.037716	 ndcg_5: 0.0304	 ndcg_10: 0.0396	 hit@1:0.011724	 hit@5:0.0485	 hit@10: 0.0773
target: 	 mrr: 0.034929	 ndcg_5: 0.0261	 ndcg_10: 0.0360	 hit@1:0.011145	 hit@5:0.0415	 hit@10: 0.0724
epoch 72: train_loss = 1.807603, source_mrr = 0.037716, source_hit@10 = 0.0773, source_ndcg@10 = 0.0396, target_mrr = 0.034929, target_hit@10 = 0.0724, target_ndcg@10 = 0.0360

2024-08-15 19:53:23.695469: step 12556/13760 (epoch 73/80), loss = 1.808650 (24.533 sec/epoch), lr: 0.000859
Evaluating on dev set...
..................................................................
source: 	 mrr: 0.048581	 ndcg_5: 0.0403	 ndcg_10: 0.0525	 hit@1:0.018695	 hit@5:0.0618	 hit@10: 0.0995
target: 	 mrr: 0.038066	 ndcg_5: 0.0302	 ndcg_10: 0.0405	 hit@1:0.013653	 hit@5:0.0474	 hit@10: 0.0791
epoch 73: train_loss = 1.808650, source_mrr = 0.048581, source_hit@10 = 0.0995, source_ndcg@10 = 0.0525, target_mrr = 0.038066, target_hit@10 = 0.0791, target_ndcg@10 = 0.0405
early termination of training
source best:  source_mrr = 0.047601, source_hit@10 = 0.1042, source_ndcg@10 = 0.0525
target best:  target_mrr = 0.037238, target_hit@10 = 0.0847, target_ndcg@10 = 0.0406
