using gpu:1 to train the model
using gpu:1 to train the model
cuda:1
Namespace(A_split=False, JK='sum', a_fold=100, aggregate=False, alpha=0.5, batch_size=2048, beta_inter=1.0, conv_layers=4, cuda=True, decay_epoch=10, device=device(type='cuda', index=1), device_id='1', domains='cloth_sport', dropout=0.4, epoch=80, feature_dim=126, gamma_intra=0.8, hidden_dim=126, inter_tau=0.2, intra_tau=0.4, lambda_critic=0.5, leakey=0.05, load=False, log='logs.txt', log_epoch=1, lr=0.004, lr_decay=0.95, min_epoch=60, mode='train', model_file=None, model_name='cs', momentum=0.98, num_latent_factors=3, num_negative=100, optim='adam', patience=20, proj_layers=1, projection=1, rectify_epoch=40, residual=1, save=False, save_dir='./saved_models', seed=32, similarity_tau=0.2, step=5, test_sample_number=999, user_batch_size=256, weight_decay=0.0002)
number_user 41829
number_item 17943
real graph loaded!
number_user 27328
number_item 12655
real graph loaded!
graph loaded!
Loading data from cloth_sport with batch size 2048...
unseen test: 0
test length: 3156
unseen test: 0
test length: 3085
unseen test: 0
test length: 3589
unseen test: 0
test length: 3546
source_user_num 41829
target_user_num 27328
source_item_num 17943
target_item_num 12655
shared users id: 7857
test users 990, 982
unseen test: 0
dev length: 1000
unseen test: 0
dev length: 1000
source train data : 187880, target train data: 163291, source test data : 3085, target test data : 3546, source dev data : 1000, target dev data : 1000
2024-08-15 22:22:57.940800: step 172/13760 (epoch 1/80), loss = 3.898143 (24.950 sec/epoch), lr: 0.004000
Evaluating on dev set...
..................................................................
source: 	 mrr: 0.043271	 ndcg_5: 0.0343	 ndcg_10: 0.0441	 hit@1:0.017110	 hit@5:0.0516	 hit@10: 0.0824
target: 	 mrr: 0.024272	 ndcg_5: 0.0143	 ndcg_10: 0.0228	 hit@1:0.004179	 hit@5:0.0245	 hit@10: 0.0513
source best!
..............................
source: 	 mrr: 0.039626	 ndcg_5: 0.0318	 ndcg_10: 0.0401	 hit@1:0.014263	 hit@5:0.0496	 hit@10: 0.0755
target best!
...................................target: 	 mrr: 0.025819	 ndcg_5: 0.0173	 ndcg_10: 0.0242	 hit@1:0.004794	 hit@5:0.0302	 hit@10: 0.0516
epoch 1: train_loss = 3.898143, source_mrr = 0.039626, source_hit@10 = 0.0755, source_ndcg@10 = 0.0401, target_mrr = 0.025819, target_hit@10 = 0.0516, target_ndcg@10 = 0.0242

2024-08-15 22:23:23.220643: step 344/13760 (epoch 2/80), loss = 3.301560 (23.902 sec/epoch), lr: 0.004000
Evaluating on dev set...
..................................................................
source: 	 mrr: 0.040006	 ndcg_5: 0.0297	 ndcg_10: 0.0422	 hit@1:0.013308	 hit@5:0.0475	 hit@10: 0.0865
target: 	 mrr: 0.030503	 ndcg_5: 0.0211	 ndcg_10: 0.0317	 hit@1:0.006966	 hit@5:0.0351	 hit@10: 0.0683
target best!
...................................target: 	 mrr: 0.029418	 ndcg_5: 0.0204	 ndcg_10: 0.0292	 hit@1:0.006768	 hit@5:0.0347	 hit@10: 0.0623
epoch 2: train_loss = 3.301560, source_mrr = 0.040006, source_hit@10 = 0.0865, source_ndcg@10 = 0.0422, target_mrr = 0.029418, target_hit@10 = 0.0623, target_ndcg@10 = 0.0292

2024-08-15 22:23:48.256365: step 516/13760 (epoch 3/80), loss = 2.818282 (23.966 sec/epoch), lr: 0.004000
Evaluating on dev set...
..................................................................
source: 	 mrr: 0.040390	 ndcg_5: 0.0311	 ndcg_10: 0.0430	 hit@1:0.013308	 hit@5:0.0501	 hit@10: 0.0868
target: 	 mrr: 0.036946	 ndcg_5: 0.0290	 ndcg_10: 0.0383	 hit@1:0.013096	 hit@5:0.0449	 hit@10: 0.0741
target best!
...................................target: 	 mrr: 0.036607	 ndcg_5: 0.0280	 ndcg_10: 0.0372	 hit@1:0.012408	 hit@5:0.0443	 hit@10: 0.0725
epoch 3: train_loss = 2.818282, source_mrr = 0.040390, source_hit@10 = 0.0868, source_ndcg@10 = 0.0430, target_mrr = 0.036607, target_hit@10 = 0.0725, target_ndcg@10 = 0.0372

2024-08-15 22:24:13.697666: step 688/13760 (epoch 4/80), loss = 2.641818 (24.381 sec/epoch), lr: 0.004000
Evaluating on dev set...
..................................................................
source: 	 mrr: 0.041532	 ndcg_5: 0.0318	 ndcg_10: 0.0426	 hit@1:0.015209	 hit@5:0.0482	 hit@10: 0.0821
target: 	 mrr: 0.037958	 ndcg_5: 0.0301	 ndcg_10: 0.0390	 hit@1:0.014210	 hit@5:0.0463	 hit@10: 0.0738
target best!
...................................target: 	 mrr: 0.038783	 ndcg_5: 0.0313	 ndcg_10: 0.0423	 hit@1:0.012972	 hit@5:0.0502	 hit@10: 0.0846
epoch 4: train_loss = 2.641818, source_mrr = 0.041532, source_hit@10 = 0.0821, source_ndcg@10 = 0.0426, target_mrr = 0.038783, target_hit@10 = 0.0846, target_ndcg@10 = 0.0423

2024-08-15 22:24:39.152628: step 860/13760 (epoch 5/80), loss = 2.544917 (24.395 sec/epoch), lr: 0.004000
Evaluating on dev set...
..................................................................
source: 	 mrr: 0.042634	 ndcg_5: 0.0338	 ndcg_10: 0.0467	 hit@1:0.013308	 hit@5:0.0554	 hit@10: 0.0957
target: 	 mrr: 0.034869	 ndcg_5: 0.0268	 ndcg_10: 0.0365	 hit@1:0.010588	 hit@5:0.0429	 hit@10: 0.0730
epoch 5: train_loss = 2.544917, source_mrr = 0.042634, source_hit@10 = 0.0957, source_ndcg@10 = 0.0467, target_mrr = 0.034869, target_hit@10 = 0.0730, target_ndcg@10 = 0.0365

2024-08-15 22:25:04.581506: step 1032/13760 (epoch 6/80), loss = 2.492430 (24.709 sec/epoch), lr: 0.004000
Evaluating on dev set...
..................................................................
source: 	 mrr: 0.036399	 ndcg_5: 0.0271	 ndcg_10: 0.0372	 hit@1:0.010456	 hit@5:0.0444	 hit@10: 0.0760
target: 	 mrr: 0.037123	 ndcg_5: 0.0295	 ndcg_10: 0.0394	 hit@1:0.012817	 hit@5:0.0463	 hit@10: 0.0772
epoch 6: train_loss = 2.492430, source_mrr = 0.036399, source_hit@10 = 0.0760, source_ndcg@10 = 0.0372, target_mrr = 0.037123, target_hit@10 = 0.0772, target_ndcg@10 = 0.0394

2024-08-15 22:25:29.283697: step 1204/13760 (epoch 7/80), loss = 2.457531 (23.978 sec/epoch), lr: 0.004000
Evaluating on dev set...
..................................................................
source: 	 mrr: 0.043994	 ndcg_5: 0.0361	 ndcg_10: 0.0480	 hit@1:0.012991	 hit@5:0.0593	 hit@10: 0.0966
target: 	 mrr: 0.032716	 ndcg_5: 0.0265	 ndcg_10: 0.0347	 hit@1:0.010309	 hit@5:0.0437	 hit@10: 0.0694
source best!
..............................
source: 	 mrr: 0.044921	 ndcg_5: 0.0356	 ndcg_10: 0.0469	 hit@1:0.017504	 hit@5:0.0532	 hit@10: 0.0885
epoch 7: train_loss = 2.457531, source_mrr = 0.044921, source_hit@10 = 0.0885, source_ndcg@10 = 0.0469, target_mrr = 0.032716, target_hit@10 = 0.0694, target_ndcg@10 = 0.0347

2024-08-15 22:25:54.321649: step 1376/13760 (epoch 8/80), loss = 2.426075 (24.021 sec/epoch), lr: 0.004000
Evaluating on dev set...
..................................................................
source: 	 mrr: 0.048820	 ndcg_5: 0.0400	 ndcg_10: 0.0522	 hit@1:0.019645	 hit@5:0.0605	 hit@10: 0.0985
target: 	 mrr: 0.036220	 ndcg_5: 0.0281	 ndcg_10: 0.0378	 hit@1:0.012538	 hit@5:0.0440	 hit@10: 0.0741
source best!
..............................
source: 	 mrr: 0.044645	 ndcg_5: 0.0363	 ndcg_10: 0.0471	 hit@1:0.017180	 hit@5:0.0561	 hit@10: 0.0895
epoch 8: train_loss = 2.426075, source_mrr = 0.044645, source_hit@10 = 0.0895, source_ndcg@10 = 0.0471, target_mrr = 0.036220, target_hit@10 = 0.0741, target_ndcg@10 = 0.0378

2024-08-15 22:26:20.123420: step 1548/13760 (epoch 9/80), loss = 2.373127 (24.772 sec/epoch), lr: 0.004000
Evaluating on dev set...
..................................................................
source: 	 mrr: 0.041709	 ndcg_5: 0.0330	 ndcg_10: 0.0436	 hit@1:0.013625	 hit@5:0.0523	 hit@10: 0.0852
target: 	 mrr: 0.040115	 ndcg_5: 0.0317	 ndcg_10: 0.0408	 hit@1:0.015325	 hit@5:0.0493	 hit@10: 0.0777
target best!
...................................target: 	 mrr: 0.040743	 ndcg_5: 0.0334	 ndcg_10: 0.0429	 hit@1:0.013536	 hit@5:0.0533	 hit@10: 0.0829
epoch 9: train_loss = 2.373127, source_mrr = 0.041709, source_hit@10 = 0.0852, source_ndcg@10 = 0.0436, target_mrr = 0.040743, target_hit@10 = 0.0829, target_ndcg@10 = 0.0429

2024-08-15 22:26:45.547761: step 1720/13760 (epoch 10/80), loss = 2.353657 (24.355 sec/epoch), lr: 0.004000
Evaluating on dev set...
..................................................................
source: 	 mrr: 0.040866	 ndcg_5: 0.0311	 ndcg_10: 0.0422	 hit@1:0.013308	 hit@5:0.0488	 hit@10: 0.0837
target: 	 mrr: 0.037876	 ndcg_5: 0.0288	 ndcg_10: 0.0393	 hit@1:0.012260	 hit@5:0.0449	 hit@10: 0.0775
epoch 10: train_loss = 2.353657, source_mrr = 0.040866, source_hit@10 = 0.0837, source_ndcg@10 = 0.0422, target_mrr = 0.037876, target_hit@10 = 0.0775, target_ndcg@10 = 0.0393

2024-08-15 22:27:11.527570: step 1892/13760 (epoch 11/80), loss = 2.326774 (25.262 sec/epoch), lr: 0.004000
Evaluating on dev set...
..................................................................
source: 	 mrr: 0.046010	 ndcg_5: 0.0378	 ndcg_10: 0.0500	 hit@1:0.016477	 hit@5:0.0599	 hit@10: 0.0973
target: 	 mrr: 0.037220	 ndcg_5: 0.0274	 ndcg_10: 0.0379	 hit@1:0.011981	 hit@5:0.0432	 hit@10: 0.0758
epoch 11: train_loss = 2.326774, source_mrr = 0.046010, source_hit@10 = 0.0973, source_ndcg@10 = 0.0500, target_mrr = 0.037220, target_hit@10 = 0.0758, target_ndcg@10 = 0.0379

2024-08-15 22:27:36.499645: step 2064/13760 (epoch 12/80), loss = 2.314919 (24.255 sec/epoch), lr: 0.004000
Evaluating on dev set...
..................................................................
source: 	 mrr: 0.046846	 ndcg_5: 0.0383	 ndcg_10: 0.0515	 hit@1:0.015843	 hit@5:0.0608	 hit@10: 0.1014
target: 	 mrr: 0.035635	 ndcg_5: 0.0300	 ndcg_10: 0.0380	 hit@1:0.012538	 hit@5:0.0485	 hit@10: 0.0733
epoch 12: train_loss = 2.314919, source_mrr = 0.046846, source_hit@10 = 0.1014, source_ndcg@10 = 0.0515, target_mrr = 0.035635, target_hit@10 = 0.0733, target_ndcg@10 = 0.0380

2024-08-15 22:28:01.632352: step 2236/13760 (epoch 13/80), loss = 2.304047 (24.411 sec/epoch), lr: 0.003800
Evaluating on dev set...
..................................................................
source: 	 mrr: 0.044895	 ndcg_5: 0.0358	 ndcg_10: 0.0464	 hit@1:0.015526	 hit@5:0.0545	 hit@10: 0.0875
target: 	 mrr: 0.038456	 ndcg_5: 0.0310	 ndcg_10: 0.0406	 hit@1:0.012260	 hit@5:0.0496	 hit@10: 0.0797
epoch 13: train_loss = 2.304047, source_mrr = 0.044895, source_hit@10 = 0.0875, source_ndcg@10 = 0.0464, target_mrr = 0.038456, target_hit@10 = 0.0797, target_ndcg@10 = 0.0406

2024-08-15 22:28:27.055041: step 2408/13760 (epoch 14/80), loss = 2.305652 (24.701 sec/epoch), lr: 0.003800
Evaluating on dev set...
..................................................................
source: 	 mrr: 0.045228	 ndcg_5: 0.0371	 ndcg_10: 0.0497	 hit@1:0.015209	 hit@5:0.0599	 hit@10: 0.0992
target: 	 mrr: 0.037704	 ndcg_5: 0.0296	 ndcg_10: 0.0404	 hit@1:0.011981	 hit@5:0.0471	 hit@10: 0.0805
epoch 14: train_loss = 2.305652, source_mrr = 0.045228, source_hit@10 = 0.0992, source_ndcg@10 = 0.0497, target_mrr = 0.037704, target_hit@10 = 0.0805, target_ndcg@10 = 0.0404

2024-08-15 22:28:51.782061: step 2580/13760 (epoch 15/80), loss = 2.290457 (24.011 sec/epoch), lr: 0.003610
Evaluating on dev set...
..................................................................
source: 	 mrr: 0.045164	 ndcg_5: 0.0363	 ndcg_10: 0.0484	 hit@1:0.014892	 hit@5:0.0577	 hit@10: 0.0951
target: 	 mrr: 0.034982	 ndcg_5: 0.0280	 ndcg_10: 0.0367	 hit@1:0.011981	 hit@5:0.0446	 hit@10: 0.0716
epoch 15: train_loss = 2.290457, source_mrr = 0.045164, source_hit@10 = 0.0951, source_ndcg@10 = 0.0484, target_mrr = 0.034982, target_hit@10 = 0.0716, target_ndcg@10 = 0.0367

2024-08-15 22:29:16.576044: step 2752/13760 (epoch 16/80), loss = 2.267796 (24.077 sec/epoch), lr: 0.003429
Evaluating on dev set...
..................................................................
source: 	 mrr: 0.041826	 ndcg_5: 0.0329	 ndcg_10: 0.0440	 hit@1:0.011724	 hit@5:0.0532	 hit@10: 0.0875
target: 	 mrr: 0.033146	 ndcg_5: 0.0260	 ndcg_10: 0.0347	 hit@1:0.011424	 hit@5:0.0410	 hit@10: 0.0680
epoch 16: train_loss = 2.267796, source_mrr = 0.041826, source_hit@10 = 0.0875, source_ndcg@10 = 0.0440, target_mrr = 0.033146, target_hit@10 = 0.0680, target_ndcg@10 = 0.0347

2024-08-15 22:29:42.678858: step 2924/13760 (epoch 17/80), loss = 2.249243 (25.373 sec/epoch), lr: 0.003258
Evaluating on dev set...
..................................................................
source: 	 mrr: 0.047441	 ndcg_5: 0.0385	 ndcg_10: 0.0510	 hit@1:0.017110	 hit@5:0.0599	 hit@10: 0.0989
target: 	 mrr: 0.039416	 ndcg_5: 0.0324	 ndcg_10: 0.0415	 hit@1:0.014489	 hit@5:0.0518	 hit@10: 0.0800
epoch 17: train_loss = 2.249243, source_mrr = 0.047441, source_hit@10 = 0.0989, source_ndcg@10 = 0.0510, target_mrr = 0.039416, target_hit@10 = 0.0800, target_ndcg@10 = 0.0415

2024-08-15 22:30:07.423461: step 3096/13760 (epoch 18/80), loss = 2.240198 (24.029 sec/epoch), lr: 0.003258
Evaluating on dev set...
..................................................................
source: 	 mrr: 0.044319	 ndcg_5: 0.0360	 ndcg_10: 0.0492	 hit@1:0.014259	 hit@5:0.0580	 hit@10: 0.0992
target: 	 mrr: 0.032280	 ndcg_5: 0.0238	 ndcg_10: 0.0337	 hit@1:0.007523	 hit@5:0.0396	 hit@10: 0.0708
epoch 18: train_loss = 2.240198, source_mrr = 0.044319, source_hit@10 = 0.0992, source_ndcg@10 = 0.0492, target_mrr = 0.032280, target_hit@10 = 0.0708, target_ndcg@10 = 0.0337

2024-08-15 22:30:32.274868: step 3268/13760 (epoch 19/80), loss = 2.220263 (24.131 sec/epoch), lr: 0.003095
Evaluating on dev set...
..................................................................
source: 	 mrr: 0.047369	 ndcg_5: 0.0385	 ndcg_10: 0.0495	 hit@1:0.019962	 hit@5:0.0583	 hit@10: 0.0928
target: 	 mrr: 0.036498	 ndcg_5: 0.0289	 ndcg_10: 0.0395	 hit@1:0.011145	 hit@5:0.0474	 hit@10: 0.0805
epoch 19: train_loss = 2.220263, source_mrr = 0.047369, source_hit@10 = 0.0928, source_ndcg@10 = 0.0495, target_mrr = 0.036498, target_hit@10 = 0.0805, target_ndcg@10 = 0.0395

2024-08-15 22:30:57.016640: step 3440/13760 (epoch 20/80), loss = 2.211186 (24.025 sec/epoch), lr: 0.003095
Evaluating on dev set...
..................................................................
source: 	 mrr: 0.045154	 ndcg_5: 0.0369	 ndcg_10: 0.0478	 hit@1:0.015209	 hit@5:0.0589	 hit@10: 0.0925
target: 	 mrr: 0.039455	 ndcg_5: 0.0321	 ndcg_10: 0.0419	 hit@1:0.014210	 hit@5:0.0496	 hit@10: 0.0802
epoch 20: train_loss = 2.211186, source_mrr = 0.045154, source_hit@10 = 0.0925, source_ndcg@10 = 0.0478, target_mrr = 0.039455, target_hit@10 = 0.0802, target_ndcg@10 = 0.0419

2024-08-15 22:31:22.246395: step 3612/13760 (epoch 21/80), loss = 2.199970 (24.515 sec/epoch), lr: 0.003095
Evaluating on dev set...
..................................................................
source: 	 mrr: 0.038807	 ndcg_5: 0.0289	 ndcg_10: 0.0403	 hit@1:0.011724	 hit@5:0.0469	 hit@10: 0.0824
target: 	 mrr: 0.039640	 ndcg_5: 0.0311	 ndcg_10: 0.0421	 hit@1:0.014489	 hit@5:0.0496	 hit@10: 0.0833
epoch 21: train_loss = 2.199970, source_mrr = 0.038807, source_hit@10 = 0.0824, source_ndcg@10 = 0.0403, target_mrr = 0.039640, target_hit@10 = 0.0833, target_ndcg@10 = 0.0421

2024-08-15 22:31:47.138000: step 3784/13760 (epoch 22/80), loss = 2.182895 (24.176 sec/epoch), lr: 0.002940
Evaluating on dev set...
..................................................................
source: 	 mrr: 0.044046	 ndcg_5: 0.0351	 ndcg_10: 0.0481	 hit@1:0.013308	 hit@5:0.0574	 hit@10: 0.0979
target: 	 mrr: 0.039923	 ndcg_5: 0.0326	 ndcg_10: 0.0412	 hit@1:0.015882	 hit@5:0.0496	 hit@10: 0.0763
epoch 22: train_loss = 2.182895, source_mrr = 0.044046, source_hit@10 = 0.0979, source_ndcg@10 = 0.0481, target_mrr = 0.039923, target_hit@10 = 0.0763, target_ndcg@10 = 0.0412

2024-08-15 22:32:12.837980: step 3956/13760 (epoch 23/80), loss = 2.180705 (24.981 sec/epoch), lr: 0.002940
Evaluating on dev set...
..................................................................
source: 	 mrr: 0.044878	 ndcg_5: 0.0345	 ndcg_10: 0.0481	 hit@1:0.013625	 hit@5:0.0554	 hit@10: 0.0979
target: 	 mrr: 0.036738	 ndcg_5: 0.0285	 ndcg_10: 0.0383	 hit@1:0.012260	 hit@5:0.0451	 hit@10: 0.0758
epoch 23: train_loss = 2.180705, source_mrr = 0.044878, source_hit@10 = 0.0979, source_ndcg@10 = 0.0481, target_mrr = 0.036738, target_hit@10 = 0.0758, target_ndcg@10 = 0.0383

2024-08-15 22:32:38.122768: step 4128/13760 (epoch 24/80), loss = 2.158092 (24.558 sec/epoch), lr: 0.002793
Evaluating on dev set...
..................................................................
source: 	 mrr: 0.038374	 ndcg_5: 0.0297	 ndcg_10: 0.0405	 hit@1:0.010456	 hit@5:0.0488	 hit@10: 0.0821
target: 	 mrr: 0.036132	 ndcg_5: 0.0263	 ndcg_10: 0.0378	 hit@1:0.010588	 hit@5:0.0435	 hit@10: 0.0791
epoch 24: train_loss = 2.158092, source_mrr = 0.038374, source_hit@10 = 0.0821, source_ndcg@10 = 0.0405, target_mrr = 0.036132, target_hit@10 = 0.0791, target_ndcg@10 = 0.0378

2024-08-15 22:33:03.228085: step 4300/13760 (epoch 25/80), loss = 2.144796 (24.386 sec/epoch), lr: 0.002654
Evaluating on dev set...
..................................................................
source: 	 mrr: 0.050083	 ndcg_5: 0.0427	 ndcg_10: 0.0552	 hit@1:0.018695	 hit@5:0.0675	 hit@10: 0.1068
target: 	 mrr: 0.038184	 ndcg_5: 0.0302	 ndcg_10: 0.0395	 hit@1:0.014210	 hit@5:0.0460	 hit@10: 0.0744
source best!
..............................
source: 	 mrr: 0.045793	 ndcg_5: 0.0352	 ndcg_10: 0.0472	 hit@1:0.017504	 hit@5:0.0528	 hit@10: 0.0898
epoch 25: train_loss = 2.144796, source_mrr = 0.045793, source_hit@10 = 0.0898, source_ndcg@10 = 0.0472, target_mrr = 0.038184, target_hit@10 = 0.0744, target_ndcg@10 = 0.0395

2024-08-15 22:33:28.431755: step 4472/13760 (epoch 26/80), loss = 2.150301 (24.188 sec/epoch), lr: 0.002654
Evaluating on dev set...
..................................................................
source: 	 mrr: 0.048740	 ndcg_5: 0.0405	 ndcg_10: 0.0529	 hit@1:0.017427	 hit@5:0.0637	 hit@10: 0.1030
target: 	 mrr: 0.039279	 ndcg_5: 0.0306	 ndcg_10: 0.0417	 hit@1:0.012538	 hit@5:0.0485	 hit@10: 0.0833
epoch 26: train_loss = 2.150301, source_mrr = 0.048740, source_hit@10 = 0.1030, source_ndcg@10 = 0.0529, target_mrr = 0.039279, target_hit@10 = 0.0833, target_ndcg@10 = 0.0417

2024-08-15 22:33:53.506220: step 4644/13760 (epoch 27/80), loss = 2.124314 (24.359 sec/epoch), lr: 0.002521
Evaluating on dev set...
..................................................................
source: 	 mrr: 0.041094	 ndcg_5: 0.0325	 ndcg_10: 0.0415	 hit@1:0.013625	 hit@5:0.0510	 hit@10: 0.0789
target: 	 mrr: 0.038094	 ndcg_5: 0.0305	 ndcg_10: 0.0399	 hit@1:0.012260	 hit@5:0.0493	 hit@10: 0.0789
epoch 27: train_loss = 2.124314, source_mrr = 0.041094, source_hit@10 = 0.0789, source_ndcg@10 = 0.0415, target_mrr = 0.038094, target_hit@10 = 0.0789, target_ndcg@10 = 0.0399

2024-08-15 22:34:18.338119: step 4816/13760 (epoch 28/80), loss = 2.118857 (24.118 sec/epoch), lr: 0.002395
Evaluating on dev set...
..................................................................
source: 	 mrr: 0.050828	 ndcg_5: 0.0394	 ndcg_10: 0.0532	 hit@1:0.020913	 hit@5:0.0577	 hit@10: 0.1001
target: 	 mrr: 0.038527	 ndcg_5: 0.0312	 ndcg_10: 0.0414	 hit@1:0.011702	 hit@5:0.0507	 hit@10: 0.0828
source best!
..............................
source: 	 mrr: 0.046094	 ndcg_5: 0.0365	 ndcg_10: 0.0470	 hit@1:0.017180	 hit@5:0.0564	 hit@10: 0.0888
epoch 28: train_loss = 2.118857, source_mrr = 0.046094, source_hit@10 = 0.0888, source_ndcg@10 = 0.0470, target_mrr = 0.038527, target_hit@10 = 0.0828, target_ndcg@10 = 0.0414

2024-08-15 22:34:43.559583: step 4988/13760 (epoch 29/80), loss = 2.112012 (24.206 sec/epoch), lr: 0.002395
Evaluating on dev set...
..................................................................
source: 	 mrr: 0.049010	 ndcg_5: 0.0391	 ndcg_10: 0.0528	 hit@1:0.016477	 hit@5:0.0615	 hit@10: 0.1036
target: 	 mrr: 0.035659	 ndcg_5: 0.0282	 ndcg_10: 0.0384	 hit@1:0.011702	 hit@5:0.0451	 hit@10: 0.0769
epoch 29: train_loss = 2.112012, source_mrr = 0.049010, source_hit@10 = 0.1036, source_ndcg@10 = 0.0528, target_mrr = 0.035659, target_hit@10 = 0.0769, target_ndcg@10 = 0.0384

2024-08-15 22:35:08.226156: step 5160/13760 (epoch 30/80), loss = 2.097493 (23.949 sec/epoch), lr: 0.002275
Evaluating on dev set...
..................................................................
source: 	 mrr: 0.046549	 ndcg_5: 0.0373	 ndcg_10: 0.0484	 hit@1:0.018378	 hit@5:0.0561	 hit@10: 0.0909
target: 	 mrr: 0.036123	 ndcg_5: 0.0285	 ndcg_10: 0.0397	 hit@1:0.011145	 hit@5:0.0463	 hit@10: 0.0811
epoch 30: train_loss = 2.097493, source_mrr = 0.046549, source_hit@10 = 0.0909, source_ndcg@10 = 0.0484, target_mrr = 0.036123, target_hit@10 = 0.0811, target_ndcg@10 = 0.0397

2024-08-15 22:35:32.940110: step 5332/13760 (epoch 31/80), loss = 2.087306 (23.998 sec/epoch), lr: 0.002161
Evaluating on dev set...
..................................................................
source: 	 mrr: 0.048077	 ndcg_5: 0.0400	 ndcg_10: 0.0520	 hit@1:0.015843	 hit@5:0.0643	 hit@10: 0.1014
target: 	 mrr: 0.037405	 ndcg_5: 0.0302	 ndcg_10: 0.0404	 hit@1:0.011981	 hit@5:0.0476	 hit@10: 0.0794
epoch 31: train_loss = 2.087306, source_mrr = 0.048077, source_hit@10 = 0.1014, source_ndcg@10 = 0.0520, target_mrr = 0.037405, target_hit@10 = 0.0794, target_ndcg@10 = 0.0404

2024-08-15 22:35:58.900695: step 5504/13760 (epoch 32/80), loss = 2.074913 (25.232 sec/epoch), lr: 0.002161
Evaluating on dev set...
..................................................................
source: 	 mrr: 0.048429	 ndcg_5: 0.0382	 ndcg_10: 0.0521	 hit@1:0.018695	 hit@5:0.0586	 hit@10: 0.1017
target: 	 mrr: 0.038191	 ndcg_5: 0.0308	 ndcg_10: 0.0391	 hit@1:0.015882	 hit@5:0.0460	 hit@10: 0.0716
epoch 32: train_loss = 2.074913, source_mrr = 0.048429, source_hit@10 = 0.1017, source_ndcg@10 = 0.0521, target_mrr = 0.038191, target_hit@10 = 0.0716, target_ndcg@10 = 0.0391

2024-08-15 22:36:24.113403: step 5676/13760 (epoch 33/80), loss = 2.068350 (24.491 sec/epoch), lr: 0.002161
Evaluating on dev set...
..................................................................
source: 	 mrr: 0.045988	 ndcg_5: 0.0363	 ndcg_10: 0.0485	 hit@1:0.016160	 hit@5:0.0570	 hit@10: 0.0947
target: 	 mrr: 0.033918	 ndcg_5: 0.0262	 ndcg_10: 0.0353	 hit@1:0.011145	 hit@5:0.0410	 hit@10: 0.0697
epoch 33: train_loss = 2.068350, source_mrr = 0.045988, source_hit@10 = 0.0947, source_ndcg@10 = 0.0485, target_mrr = 0.033918, target_hit@10 = 0.0697, target_ndcg@10 = 0.0353

2024-08-15 22:36:49.721565: step 5848/13760 (epoch 34/80), loss = 2.063290 (24.888 sec/epoch), lr: 0.002053
Evaluating on dev set...
..................................................................
source: 	 mrr: 0.044358	 ndcg_5: 0.0355	 ndcg_10: 0.0481	 hit@1:0.014259	 hit@5:0.0564	 hit@10: 0.0954
target: 	 mrr: 0.037382	 ndcg_5: 0.0298	 ndcg_10: 0.0385	 hit@1:0.014767	 hit@5:0.0451	 hit@10: 0.0724
epoch 34: train_loss = 2.063290, source_mrr = 0.044358, source_hit@10 = 0.0954, source_ndcg@10 = 0.0481, target_mrr = 0.037382, target_hit@10 = 0.0724, target_ndcg@10 = 0.0385

2024-08-15 22:37:15.297021: step 6020/13760 (epoch 35/80), loss = 2.057128 (24.849 sec/epoch), lr: 0.002053
Evaluating on dev set...
..................................................................
source: 	 mrr: 0.051791	 ndcg_5: 0.0436	 ndcg_10: 0.0568	 hit@1:0.019328	 hit@5:0.0684	 hit@10: 0.1099
target: 	 mrr: 0.037121	 ndcg_5: 0.0295	 ndcg_10: 0.0387	 hit@1:0.013096	 hit@5:0.0454	 hit@10: 0.0747
source best!
..............................
source: 	 mrr: 0.048240	 ndcg_5: 0.0388	 ndcg_10: 0.0512	 hit@1:0.018152	 hit@5:0.0596	 hit@10: 0.0985
epoch 35: train_loss = 2.057128, source_mrr = 0.048240, source_hit@10 = 0.0985, source_ndcg@10 = 0.0512, target_mrr = 0.037121, target_hit@10 = 0.0747, target_ndcg@10 = 0.0387

2024-08-15 22:37:40.595345: step 6192/13760 (epoch 36/80), loss = 2.057871 (24.278 sec/epoch), lr: 0.002053
Evaluating on dev set...
..................................................................
source: 	 mrr: 0.050001	 ndcg_5: 0.0415	 ndcg_10: 0.0550	 hit@1:0.017744	 hit@5:0.0659	 hit@10: 0.1077
target: 	 mrr: 0.037248	 ndcg_5: 0.0294	 ndcg_10: 0.0395	 hit@1:0.012817	 hit@5:0.0463	 hit@10: 0.0775
epoch 36: train_loss = 2.057871, source_mrr = 0.050001, source_hit@10 = 0.1077, source_ndcg@10 = 0.0550, target_mrr = 0.037248, target_hit@10 = 0.0775, target_ndcg@10 = 0.0395

2024-08-15 22:38:05.915041: step 6364/13760 (epoch 37/80), loss = 2.046577 (24.602 sec/epoch), lr: 0.001951
Evaluating on dev set...
..................................................................
source: 	 mrr: 0.049510	 ndcg_5: 0.0397	 ndcg_10: 0.0538	 hit@1:0.019011	 hit@5:0.0608	 hit@10: 0.1049
target: 	 mrr: 0.036159	 ndcg_5: 0.0288	 ndcg_10: 0.0385	 hit@1:0.011145	 hit@5:0.0463	 hit@10: 0.0761
epoch 37: train_loss = 2.046577, source_mrr = 0.049510, source_hit@10 = 0.1049, source_ndcg@10 = 0.0538, target_mrr = 0.036159, target_hit@10 = 0.0761, target_ndcg@10 = 0.0385

2024-08-15 22:38:31.414913: step 6536/13760 (epoch 38/80), loss = 2.021968 (24.782 sec/epoch), lr: 0.001853
Evaluating on dev set...
..................................................................
source: 	 mrr: 0.049403	 ndcg_5: 0.0399	 ndcg_10: 0.0532	 hit@1:0.018695	 hit@5:0.0618	 hit@10: 0.1036
target: 	 mrr: 0.035949	 ndcg_5: 0.0279	 ndcg_10: 0.0374	 hit@1:0.011981	 hit@5:0.0440	 hit@10: 0.0736
epoch 38: train_loss = 2.021968, source_mrr = 0.049403, source_hit@10 = 0.1036, source_ndcg@10 = 0.0532, target_mrr = 0.035949, target_hit@10 = 0.0736, target_ndcg@10 = 0.0374

2024-08-15 22:38:56.667678: step 6708/13760 (epoch 39/80), loss = 2.011164 (24.536 sec/epoch), lr: 0.001761
Evaluating on dev set...
..................................................................
source: 	 mrr: 0.046732	 ndcg_5: 0.0381	 ndcg_10: 0.0517	 hit@1:0.014259	 hit@5:0.0631	 hit@10: 0.1052
target: 	 mrr: 0.037163	 ndcg_5: 0.0290	 ndcg_10: 0.0389	 hit@1:0.014210	 hit@5:0.0432	 hit@10: 0.0738
epoch 39: train_loss = 2.011164, source_mrr = 0.046732, source_hit@10 = 0.1052, source_ndcg@10 = 0.0517, target_mrr = 0.037163, target_hit@10 = 0.0738, target_ndcg@10 = 0.0389

2024-08-15 22:39:21.627524: step 6880/13760 (epoch 40/80), loss = 2.008150 (24.236 sec/epoch), lr: 0.001672
Evaluating on dev set...
..................................................................
source: 	 mrr: 0.051541	 ndcg_5: 0.0434	 ndcg_10: 0.0567	 hit@1:0.019328	 hit@5:0.0691	 hit@10: 0.1106
target: 	 mrr: 0.034323	 ndcg_5: 0.0281	 ndcg_10: 0.0367	 hit@1:0.011145	 hit@5:0.0454	 hit@10: 0.0722
epoch 40: train_loss = 2.008150, source_mrr = 0.051541, source_hit@10 = 0.1106, source_ndcg@10 = 0.0567, target_mrr = 0.034323, target_hit@10 = 0.0722, target_ndcg@10 = 0.0367
shift to transfer learning mode

2024-08-15 22:39:46.895829: step 7052/13760 (epoch 41/80), loss = 2.420530 (24.552 sec/epoch), lr: 0.001672
Evaluating on dev set...
..................................................................
source: 	 mrr: 0.050304	 ndcg_5: 0.0415	 ndcg_10: 0.0542	 hit@1:0.019328	 hit@5:0.0643	 hit@10: 0.1042
target: 	 mrr: 0.034657	 ndcg_5: 0.0268	 ndcg_10: 0.0347	 hit@1:0.011702	 hit@5:0.0412	 hit@10: 0.0658
epoch 41: train_loss = 2.420530, source_mrr = 0.050304, source_hit@10 = 0.1042, source_ndcg@10 = 0.0542, target_mrr = 0.034657, target_hit@10 = 0.0658, target_ndcg@10 = 0.0347

2024-08-15 22:40:12.493899: step 7224/13760 (epoch 42/80), loss = 2.425433 (24.876 sec/epoch), lr: 0.001589
Evaluating on dev set...
..................................................................
source: 	 mrr: 0.051945	 ndcg_5: 0.0452	 ndcg_10: 0.0563	 hit@1:0.019962	 hit@5:0.0716	 hit@10: 0.1058
target: 	 mrr: 0.037212	 ndcg_5: 0.0300	 ndcg_10: 0.0396	 hit@1:0.013096	 hit@5:0.0468	 hit@10: 0.0769
source best!
..............................
source: 	 mrr: 0.050894	 ndcg_5: 0.0425	 ndcg_10: 0.0553	 hit@1:0.019773	 hit@5:0.0655	 hit@10: 0.1053
epoch 42: train_loss = 2.425433, source_mrr = 0.050894, source_hit@10 = 0.1053, source_ndcg@10 = 0.0553, target_mrr = 0.037212, target_hit@10 = 0.0769, target_ndcg@10 = 0.0396

2024-08-15 22:40:38.197514: step 7396/13760 (epoch 43/80), loss = 2.449624 (24.689 sec/epoch), lr: 0.001589
Evaluating on dev set...
..................................................................
source: 	 mrr: 0.051028	 ndcg_5: 0.0421	 ndcg_10: 0.0537	 hit@1:0.021229	 hit@5:0.0624	 hit@10: 0.0985
target: 	 mrr: 0.029561	 ndcg_5: 0.0229	 ndcg_10: 0.0299	 hit@1:0.008916	 hit@5:0.0362	 hit@10: 0.0585
epoch 43: train_loss = 2.449624, source_mrr = 0.051028, source_hit@10 = 0.0985, source_ndcg@10 = 0.0537, target_mrr = 0.029561, target_hit@10 = 0.0585, target_ndcg@10 = 0.0299

2024-08-15 22:41:03.252826: step 7568/13760 (epoch 44/80), loss = 2.458970 (24.336 sec/epoch), lr: 0.001509
Evaluating on dev set...
..................................................................
source: 	 mrr: 0.055776	 ndcg_5: 0.0464	 ndcg_10: 0.0617	 hit@1:0.024081	 hit@5:0.0697	 hit@10: 0.1169
target: 	 mrr: 0.036711	 ndcg_5: 0.0286	 ndcg_10: 0.0380	 hit@1:0.014210	 hit@5:0.0435	 hit@10: 0.0724
source best!
..............................
source: 	 mrr: 0.049077	 ndcg_5: 0.0398	 ndcg_10: 0.0521	 hit@1:0.019449	 hit@5:0.0606	 hit@10: 0.0989
epoch 44: train_loss = 2.458970, source_mrr = 0.049077, source_hit@10 = 0.0989, source_ndcg@10 = 0.0521, target_mrr = 0.036711, target_hit@10 = 0.0724, target_ndcg@10 = 0.0380

2024-08-15 22:41:28.948510: step 7740/13760 (epoch 45/80), loss = 2.461473 (24.678 sec/epoch), lr: 0.001509
Evaluating on dev set...
..................................................................
source: 	 mrr: 0.049335	 ndcg_5: 0.0420	 ndcg_10: 0.0517	 hit@1:0.019328	 hit@5:0.0650	 hit@10: 0.0951
target: 	 mrr: 0.032938	 ndcg_5: 0.0249	 ndcg_10: 0.0330	 hit@1:0.010867	 hit@5:0.0387	 hit@10: 0.0641
epoch 45: train_loss = 2.461473, source_mrr = 0.049335, source_hit@10 = 0.0951, source_ndcg@10 = 0.0517, target_mrr = 0.032938, target_hit@10 = 0.0641, target_ndcg@10 = 0.0330

2024-08-15 22:41:55.028688: step 7912/13760 (epoch 46/80), loss = 2.467594 (25.364 sec/epoch), lr: 0.001434
Evaluating on dev set...
..................................................................
source: 	 mrr: 0.046913	 ndcg_5: 0.0380	 ndcg_10: 0.0483	 hit@1:0.018061	 hit@5:0.0583	 hit@10: 0.0906
target: 	 mrr: 0.038674	 ndcg_5: 0.0306	 ndcg_10: 0.0400	 hit@1:0.015882	 hit@5:0.0451	 hit@10: 0.0747
epoch 46: train_loss = 2.467594, source_mrr = 0.046913, source_hit@10 = 0.0906, source_ndcg@10 = 0.0483, target_mrr = 0.038674, target_hit@10 = 0.0747, target_ndcg@10 = 0.0400

2024-08-15 22:42:21.057683: step 8084/13760 (epoch 47/80), loss = 2.459579 (25.313 sec/epoch), lr: 0.001434
Evaluating on dev set...
..................................................................
source: 	 mrr: 0.056894	 ndcg_5: 0.0486	 ndcg_10: 0.0611	 hit@1:0.025665	 hit@5:0.0722	 hit@10: 0.1112
target: 	 mrr: 0.030222	 ndcg_5: 0.0222	 ndcg_10: 0.0313	 hit@1:0.010588	 hit@5:0.0346	 hit@10: 0.0627
source best!
..............................
source: 	 mrr: 0.050761	 ndcg_5: 0.0422	 ndcg_10: 0.0554	 hit@1:0.019773	 hit@5:0.0648	 hit@10: 0.1066
epoch 47: train_loss = 2.459579, source_mrr = 0.050761, source_hit@10 = 0.1066, source_ndcg@10 = 0.0554, target_mrr = 0.030222, target_hit@10 = 0.0627, target_ndcg@10 = 0.0313

2024-08-15 22:42:47.580675: step 8256/13760 (epoch 48/80), loss = 2.452859 (25.500 sec/epoch), lr: 0.001434
Evaluating on dev set...
..................................................................
source: 	 mrr: 0.051810	 ndcg_5: 0.0429	 ndcg_10: 0.0575	 hit@1:0.020279	 hit@5:0.0665	 hit@10: 0.1119
target: 	 mrr: 0.038519	 ndcg_5: 0.0301	 ndcg_10: 0.0395	 hit@1:0.013931	 hit@5:0.0463	 hit@10: 0.0755
epoch 48: train_loss = 2.452859, source_mrr = 0.051810, source_hit@10 = 0.1119, source_ndcg@10 = 0.0575, target_mrr = 0.038519, target_hit@10 = 0.0755, target_ndcg@10 = 0.0395

2024-08-15 22:43:13.647105: step 8428/13760 (epoch 49/80), loss = 2.450383 (25.352 sec/epoch), lr: 0.001434
Evaluating on dev set...
..................................................................
source: 	 mrr: 0.049691	 ndcg_5: 0.0404	 ndcg_10: 0.0549	 hit@1:0.019011	 hit@5:0.0621	 hit@10: 0.1074
target: 	 mrr: 0.032940	 ndcg_5: 0.0253	 ndcg_10: 0.0336	 hit@1:0.011702	 hit@5:0.0393	 hit@10: 0.0652
epoch 49: train_loss = 2.450383, source_mrr = 0.049691, source_hit@10 = 0.1074, source_ndcg@10 = 0.0549, target_mrr = 0.032940, target_hit@10 = 0.0652, target_ndcg@10 = 0.0336

2024-08-15 22:43:39.745564: step 8600/13760 (epoch 50/80), loss = 2.438240 (25.383 sec/epoch), lr: 0.001362
Evaluating on dev set...
..................................................................
source: 	 mrr: 0.048304	 ndcg_5: 0.0385	 ndcg_10: 0.0520	 hit@1:0.019011	 hit@5:0.0589	 hit@10: 0.1004
target: 	 mrr: 0.031614	 ndcg_5: 0.0237	 ndcg_10: 0.0334	 hit@1:0.009752	 hit@5:0.0387	 hit@10: 0.0685
epoch 50: train_loss = 2.438240, source_mrr = 0.048304, source_hit@10 = 0.1004, source_ndcg@10 = 0.0520, target_mrr = 0.031614, target_hit@10 = 0.0685, target_ndcg@10 = 0.0334

2024-08-15 22:44:05.646273: step 8772/13760 (epoch 51/80), loss = 2.436772 (25.180 sec/epoch), lr: 0.001294
Evaluating on dev set...
..................................................................
source: 	 mrr: 0.047075	 ndcg_5: 0.0393	 ndcg_10: 0.0500	 hit@1:0.016793	 hit@5:0.0618	 hit@10: 0.0954
target: 	 mrr: 0.032854	 ndcg_5: 0.0240	 ndcg_10: 0.0342	 hit@1:0.010588	 hit@5:0.0379	 hit@10: 0.0697
epoch 51: train_loss = 2.436772, source_mrr = 0.047075, source_hit@10 = 0.0954, source_ndcg@10 = 0.0500, target_mrr = 0.032854, target_hit@10 = 0.0697, target_ndcg@10 = 0.0342

2024-08-15 22:44:31.369858: step 8944/13760 (epoch 52/80), loss = 2.429756 (25.006 sec/epoch), lr: 0.001294
Evaluating on dev set...
..................................................................
source: 	 mrr: 0.041379	 ndcg_5: 0.0319	 ndcg_10: 0.0426	 hit@1:0.015526	 hit@5:0.0488	 hit@10: 0.0827
target: 	 mrr: 0.036139	 ndcg_5: 0.0288	 ndcg_10: 0.0369	 hit@1:0.014210	 hit@5:0.0435	 hit@10: 0.0688
epoch 52: train_loss = 2.429756, source_mrr = 0.041379, source_hit@10 = 0.0827, source_ndcg@10 = 0.0426, target_mrr = 0.036139, target_hit@10 = 0.0688, target_ndcg@10 = 0.0369

2024-08-15 22:44:56.777561: step 9116/13760 (epoch 53/80), loss = 2.429015 (24.681 sec/epoch), lr: 0.001229
Evaluating on dev set...
..................................................................
source: 	 mrr: 0.049129	 ndcg_5: 0.0420	 ndcg_10: 0.0535	 hit@1:0.017744	 hit@5:0.0678	 hit@10: 0.1039
target: 	 mrr: 0.037365	 ndcg_5: 0.0310	 ndcg_10: 0.0403	 hit@1:0.011981	 hit@5:0.0504	 hit@10: 0.0791
epoch 53: train_loss = 2.429015, source_mrr = 0.049129, source_hit@10 = 0.1039, source_ndcg@10 = 0.0535, target_mrr = 0.037365, target_hit@10 = 0.0791, target_ndcg@10 = 0.0403

2024-08-15 22:45:22.576833: step 9288/13760 (epoch 54/80), loss = 2.424096 (25.075 sec/epoch), lr: 0.001229
Evaluating on dev set...
..................................................................
source: 	 mrr: 0.049570	 ndcg_5: 0.0427	 ndcg_10: 0.0543	 hit@1:0.018061	 hit@5:0.0678	 hit@10: 0.1042
target: 	 mrr: 0.036446	 ndcg_5: 0.0264	 ndcg_10: 0.0369	 hit@1:0.012817	 hit@5:0.0396	 hit@10: 0.0722
epoch 54: train_loss = 2.424096, source_mrr = 0.049570, source_hit@10 = 0.1042, source_ndcg@10 = 0.0543, target_mrr = 0.036446, target_hit@10 = 0.0722, target_ndcg@10 = 0.0369

2024-08-15 22:45:47.730171: step 9460/13760 (epoch 55/80), loss = 2.410807 (24.438 sec/epoch), lr: 0.001168
Evaluating on dev set...
..................................................................
source: 	 mrr: 0.048969	 ndcg_5: 0.0411	 ndcg_10: 0.0522	 hit@1:0.019962	 hit@5:0.0631	 hit@10: 0.0976
target: 	 mrr: 0.032992	 ndcg_5: 0.0270	 ndcg_10: 0.0328	 hit@1:0.013374	 hit@5:0.0404	 hit@10: 0.0585
epoch 55: train_loss = 2.410807, source_mrr = 0.048969, source_hit@10 = 0.0976, source_ndcg@10 = 0.0522, target_mrr = 0.032992, target_hit@10 = 0.0585, target_ndcg@10 = 0.0328

2024-08-15 22:46:12.797468: step 9632/13760 (epoch 56/80), loss = 2.411254 (24.347 sec/epoch), lr: 0.001110
Evaluating on dev set...
..................................................................
source: 	 mrr: 0.039203	 ndcg_5: 0.0309	 ndcg_10: 0.0421	 hit@1:0.012674	 hit@5:0.0501	 hit@10: 0.0852
target: 	 mrr: 0.033790	 ndcg_5: 0.0265	 ndcg_10: 0.0341	 hit@1:0.013374	 hit@5:0.0398	 hit@10: 0.0638
epoch 56: train_loss = 2.411254, source_mrr = 0.039203, source_hit@10 = 0.0852, source_ndcg@10 = 0.0421, target_mrr = 0.033790, target_hit@10 = 0.0638, target_ndcg@10 = 0.0341

2024-08-15 22:46:37.923422: step 9804/13760 (epoch 57/80), loss = 2.409179 (24.411 sec/epoch), lr: 0.001054
Evaluating on dev set...
..................................................................
source: 	 mrr: 0.036589	 ndcg_5: 0.0293	 ndcg_10: 0.0372	 hit@1:0.011724	 hit@5:0.0475	 hit@10: 0.0722
target: 	 mrr: 0.034098	 ndcg_5: 0.0266	 ndcg_10: 0.0348	 hit@1:0.012817	 hit@5:0.0412	 hit@10: 0.0666
epoch 57: train_loss = 2.409179, source_mrr = 0.036589, source_hit@10 = 0.0722, source_ndcg@10 = 0.0372, target_mrr = 0.034098, target_hit@10 = 0.0666, target_ndcg@10 = 0.0348

2024-08-15 22:47:04.852512: step 9976/13760 (epoch 58/80), loss = 2.397644 (26.212 sec/epoch), lr: 0.001001
Evaluating on dev set...
..................................................................
source: 	 mrr: 0.043099	 ndcg_5: 0.0348	 ndcg_10: 0.0446	 hit@1:0.015843	 hit@5:0.0529	 hit@10: 0.0830
target: 	 mrr: 0.034366	 ndcg_5: 0.0285	 ndcg_10: 0.0358	 hit@1:0.012538	 hit@5:0.0451	 hit@10: 0.0680
epoch 58: train_loss = 2.397644, source_mrr = 0.043099, source_hit@10 = 0.0830, source_ndcg@10 = 0.0446, target_mrr = 0.034366, target_hit@10 = 0.0680, target_ndcg@10 = 0.0358

2024-08-15 22:47:30.107032: step 10148/13760 (epoch 59/80), loss = 2.393964 (24.533 sec/epoch), lr: 0.001001
Evaluating on dev set...
..................................................................
source: 	 mrr: 0.044503	 ndcg_5: 0.0384	 ndcg_10: 0.0477	 hit@1:0.014575	 hit@5:0.0621	 hit@10: 0.0916
target: 	 mrr: 0.034244	 ndcg_5: 0.0274	 ndcg_10: 0.0365	 hit@1:0.010867	 hit@5:0.0443	 hit@10: 0.0722
epoch 59: train_loss = 2.393964, source_mrr = 0.044503, source_hit@10 = 0.0916, source_ndcg@10 = 0.0477, target_mrr = 0.034244, target_hit@10 = 0.0722, target_ndcg@10 = 0.0365

2024-08-15 22:47:56.235645: step 10320/13760 (epoch 60/80), loss = 2.399872 (25.404 sec/epoch), lr: 0.001001
Evaluating on dev set...
..................................................................
source: 	 mrr: 0.042103	 ndcg_5: 0.0337	 ndcg_10: 0.0425	 hit@1:0.016477	 hit@5:0.0501	 hit@10: 0.0776
target: 	 mrr: 0.032163	 ndcg_5: 0.0256	 ndcg_10: 0.0330	 hit@1:0.011145	 hit@5:0.0398	 hit@10: 0.0630
epoch 60: train_loss = 2.399872, source_mrr = 0.042103, source_hit@10 = 0.0776, source_ndcg@10 = 0.0425, target_mrr = 0.032163, target_hit@10 = 0.0630, target_ndcg@10 = 0.0330

2024-08-15 22:48:22.458436: step 10492/13760 (epoch 61/80), loss = 2.392877 (25.490 sec/epoch), lr: 0.000951
Evaluating on dev set...
..................................................................
source: 	 mrr: 0.046737	 ndcg_5: 0.0380	 ndcg_10: 0.0495	 hit@1:0.018695	 hit@5:0.0574	 hit@10: 0.0925
target: 	 mrr: 0.034585	 ndcg_5: 0.0280	 ndcg_10: 0.0351	 hit@1:0.012538	 hit@5:0.0437	 hit@10: 0.0660
epoch 61: train_loss = 2.392877, source_mrr = 0.046737, source_hit@10 = 0.0925, source_ndcg@10 = 0.0495, target_mrr = 0.034585, target_hit@10 = 0.0660, target_ndcg@10 = 0.0351

2024-08-15 22:48:48.311030: step 10664/13760 (epoch 62/80), loss = 2.391044 (25.137 sec/epoch), lr: 0.000951
Evaluating on dev set...
..................................................................
source: 	 mrr: 0.039168	 ndcg_5: 0.0320	 ndcg_10: 0.0409	 hit@1:0.014892	 hit@5:0.0504	 hit@10: 0.0779
target: 	 mrr: 0.032111	 ndcg_5: 0.0244	 ndcg_10: 0.0334	 hit@1:0.011145	 hit@5:0.0379	 hit@10: 0.0658
epoch 62: train_loss = 2.391044, source_mrr = 0.039168, source_hit@10 = 0.0779, source_ndcg@10 = 0.0409, target_mrr = 0.032111, target_hit@10 = 0.0658, target_ndcg@10 = 0.0334

2024-08-15 22:49:14.180254: step 10836/13760 (epoch 63/80), loss = 2.379635 (25.152 sec/epoch), lr: 0.000904
Evaluating on dev set...
..................................................................
source: 	 mrr: 0.045209	 ndcg_5: 0.0361	 ndcg_10: 0.0466	 hit@1:0.019011	 hit@5:0.0545	 hit@10: 0.0871
target: 	 mrr: 0.030639	 ndcg_5: 0.0240	 ndcg_10: 0.0298	 hit@1:0.011145	 hit@5:0.0368	 hit@10: 0.0549
epoch 63: train_loss = 2.379635, source_mrr = 0.045209, source_hit@10 = 0.0871, source_ndcg@10 = 0.0466, target_mrr = 0.030639, target_hit@10 = 0.0549, target_ndcg@10 = 0.0298

2024-08-15 22:49:40.378404: step 11008/13760 (epoch 64/80), loss = 2.374269 (25.483 sec/epoch), lr: 0.000904
Evaluating on dev set...
..................................................................
source: 	 mrr: 0.048117	 ndcg_5: 0.0394	 ndcg_10: 0.0508	 hit@1:0.020913	 hit@5:0.0583	 hit@10: 0.0941
target: 	 mrr: 0.031826	 ndcg_5: 0.0241	 ndcg_10: 0.0322	 hit@1:0.011145	 hit@5:0.0373	 hit@10: 0.0627
epoch 64: train_loss = 2.374269, source_mrr = 0.048117, source_hit@10 = 0.0941, source_ndcg@10 = 0.0508, target_mrr = 0.031826, target_hit@10 = 0.0627, target_ndcg@10 = 0.0322

2024-08-15 22:50:05.629429: step 11180/13760 (epoch 65/80), loss = 2.379409 (24.534 sec/epoch), lr: 0.000904
Evaluating on dev set...
..................................................................
source: 	 mrr: 0.045787	 ndcg_5: 0.0374	 ndcg_10: 0.0490	 hit@1:0.017744	 hit@5:0.0580	 hit@10: 0.0941
target: 	 mrr: 0.030580	 ndcg_5: 0.0239	 ndcg_10: 0.0314	 hit@1:0.010588	 hit@5:0.0376	 hit@10: 0.0610
epoch 65: train_loss = 2.379409, source_mrr = 0.045787, source_hit@10 = 0.0941, source_ndcg@10 = 0.0490, target_mrr = 0.030580, target_hit@10 = 0.0610, target_ndcg@10 = 0.0314

2024-08-15 22:50:31.297758: step 11352/13760 (epoch 66/80), loss = 2.375906 (24.954 sec/epoch), lr: 0.000859
Evaluating on dev set...
..................................................................
source: 	 mrr: 0.050563	 ndcg_5: 0.0425	 ndcg_10: 0.0555	 hit@1:0.018695	 hit@5:0.0672	 hit@10: 0.1077
target: 	 mrr: 0.031534	 ndcg_5: 0.0245	 ndcg_10: 0.0325	 hit@1:0.008916	 hit@5:0.0401	 hit@10: 0.0652
epoch 66: train_loss = 2.375906, source_mrr = 0.050563, source_hit@10 = 0.1077, source_ndcg@10 = 0.0555, target_mrr = 0.031534, target_hit@10 = 0.0652, target_ndcg@10 = 0.0325

2024-08-15 22:50:57.476512: step 11524/13760 (epoch 67/80), loss = 2.370476 (25.462 sec/epoch), lr: 0.000859
Evaluating on dev set...
..................................................................
source: 	 mrr: 0.041586	 ndcg_5: 0.0339	 ndcg_10: 0.0441	 hit@1:0.013308	 hit@5:0.0548	 hit@10: 0.0868
target: 	 mrr: 0.029399	 ndcg_5: 0.0214	 ndcg_10: 0.0285	 hit@1:0.010867	 hit@5:0.0306	 hit@10: 0.0529
epoch 67: train_loss = 2.370476, source_mrr = 0.041586, source_hit@10 = 0.0868, source_ndcg@10 = 0.0441, target_mrr = 0.029399, target_hit@10 = 0.0529, target_ndcg@10 = 0.0285

2024-08-15 22:51:23.005108: step 11696/13760 (epoch 68/80), loss = 2.369068 (24.812 sec/epoch), lr: 0.000816
Evaluating on dev set...
..................................................................
source: 	 mrr: 0.049452	 ndcg_5: 0.0413	 ndcg_10: 0.0535	 hit@1:0.019328	 hit@5:0.0634	 hit@10: 0.1017
target: 	 mrr: 0.030280	 ndcg_5: 0.0234	 ndcg_10: 0.0304	 hit@1:0.008359	 hit@5:0.0387	 hit@10: 0.0607
epoch 68: train_loss = 2.369068, source_mrr = 0.049452, source_hit@10 = 0.1017, source_ndcg@10 = 0.0535, target_mrr = 0.030280, target_hit@10 = 0.0607, target_ndcg@10 = 0.0304
early termination of training
source best:  source_mrr = 0.055776, source_hit@10 = 0.1169, source_ndcg@10 = 0.0617
target best:  target_mrr = 0.039640, target_hit@10 = 0.0833, target_ndcg@10 = 0.0421
