using gpu:2 to train the model
using gpu:2 to train the model
cuda:2
Namespace(A_split=False, JK='sum', a_fold=100, aggregate=False, alpha=0.5, batch_size=2048, beta_inter=0.3, conv_layers=4, cuda=True, decay_epoch=10, device=device(type='cuda', index=2), device_id='2', domains='cloth_sport', dropout=0.4, epoch=80, feature_dim=126, gamma_intra=0.8, hidden_dim=126, inter_tau=0.2, intra_tau=0.4, lambda_critic=0.6, leakey=0.05, load=False, log='logs.txt', log_epoch=1, lr=0.004, lr_decay=0.95, min_epoch=60, mode='train', model_file=None, model_name='cs', momentum=0.98, num_latent_factors=3, num_negative=100, optim='adam', patience=20, proj_layers=1, projection=1, rectify_epoch=40, residual=1, save=False, save_dir='./saved_models', seed=32, similarity_tau=0.2, step=5, test_sample_number=999, user_batch_size=256, weight_decay=0.0002)
number_user 41829
number_item 17943
real graph loaded!
number_user 27328
number_item 12655
real graph loaded!
graph loaded!
Loading data from cloth_sport with batch size 2048...
unseen test: 0
test length: 3156
unseen test: 0
test length: 3085
unseen test: 0
test length: 3589
unseen test: 0
test length: 3546
source_user_num 41829
target_user_num 27328
source_item_num 17943
target_item_num 12655
shared users id: 7857
test users 990, 982
unseen test: 0
dev length: 1000
unseen test: 0
dev length: 1000
source train data : 187880, target train data: 163291, source test data : 3085, target test data : 3546, source dev data : 1000, target dev data : 1000
2024-08-15 12:51:09.541419: step 172/13760 (epoch 1/80), loss = 2.398852 (57.268 sec/epoch), lr: 0.004000
Evaluating on dev set...
..................................................................
source: 	 mrr: 0.026733	 ndcg_5: 0.0169	 ndcg_10: 0.0256	 hit@1:0.006654	 hit@5:0.0282	 hit@10: 0.0554
target: 	 mrr: 0.029870	 ndcg_5: 0.0231	 ndcg_10: 0.0309	 hit@1:0.006687	 hit@5:0.0401	 hit@10: 0.0644
source best!
..............................
source: 	 mrr: 0.027027	 ndcg_5: 0.0183	 ndcg_10: 0.0253	 hit@1:0.006807	 hit@5:0.0298	 hit@10: 0.0522
target best!
...................................target: 	 mrr: 0.030138	 ndcg_5: 0.0210	 ndcg_10: 0.0303	 hit@1:0.010152	 hit@5:0.0333	 hit@10: 0.0620
epoch 1: train_loss = 2.398852, source_mrr = 0.027027, source_hit@10 = 0.0522, source_ndcg@10 = 0.0253, target_mrr = 0.030138, target_hit@10 = 0.0620, target_ndcg@10 = 0.0303

2024-08-15 12:52:07.462961: step 344/13760 (epoch 2/80), loss = 1.982829 (55.207 sec/epoch), lr: 0.004000
Evaluating on dev set...
..................................................................
source: 	 mrr: 0.040807	 ndcg_5: 0.0320	 ndcg_10: 0.0450	 hit@1:0.011724	 hit@5:0.0526	 hit@10: 0.0928
target: 	 mrr: 0.028707	 ndcg_5: 0.0195	 ndcg_10: 0.0295	 hit@1:0.007802	 hit@5:0.0326	 hit@10: 0.0638
source best!
..............................
source: 	 mrr: 0.040993	 ndcg_5: 0.0333	 ndcg_10: 0.0440	 hit@1:0.013938	 hit@5:0.0535	 hit@10: 0.0872
epoch 2: train_loss = 1.982829, source_mrr = 0.040993, source_hit@10 = 0.0872, source_ndcg@10 = 0.0440, target_mrr = 0.028707, target_hit@10 = 0.0638, target_ndcg@10 = 0.0295

2024-08-15 12:53:03.607373: step 516/13760 (epoch 3/80), loss = 1.836727 (54.269 sec/epoch), lr: 0.004000
Evaluating on dev set...
..................................................................
source: 	 mrr: 0.044877	 ndcg_5: 0.0371	 ndcg_10: 0.0497	 hit@1:0.015209	 hit@5:0.0596	 hit@10: 0.0998
target: 	 mrr: 0.030391	 ndcg_5: 0.0217	 ndcg_10: 0.0307	 hit@1:0.008080	 hit@5:0.0351	 hit@10: 0.0635
source best!
..............................
source: 	 mrr: 0.042889	 ndcg_5: 0.0344	 ndcg_10: 0.0449	 hit@1:0.016532	 hit@5:0.0535	 hit@10: 0.0862
target best!
...................................target: 	 mrr: 0.032093	 ndcg_5: 0.0242	 ndcg_10: 0.0331	 hit@1:0.009588	 hit@5:0.0386	 hit@10: 0.0666
epoch 3: train_loss = 1.836727, source_mrr = 0.042889, source_hit@10 = 0.0862, source_ndcg@10 = 0.0449, target_mrr = 0.032093, target_hit@10 = 0.0666, target_ndcg@10 = 0.0331

2024-08-15 12:54:01.489463: step 688/13760 (epoch 4/80), loss = 1.777614 (55.356 sec/epoch), lr: 0.004000
Evaluating on dev set...
..................................................................
source: 	 mrr: 0.040621	 ndcg_5: 0.0314	 ndcg_10: 0.0439	 hit@1:0.012357	 hit@5:0.0513	 hit@10: 0.0900
target: 	 mrr: 0.029165	 ndcg_5: 0.0226	 ndcg_10: 0.0304	 hit@1:0.008359	 hit@5:0.0359	 hit@10: 0.0605
epoch 4: train_loss = 1.777614, source_mrr = 0.040621, source_hit@10 = 0.0900, source_ndcg@10 = 0.0439, target_mrr = 0.029165, target_hit@10 = 0.0605, target_ndcg@10 = 0.0304

2024-08-15 12:54:58.595360: step 860/13760 (epoch 5/80), loss = 1.745259 (55.737 sec/epoch), lr: 0.004000
Evaluating on dev set...
..................................................................
source: 	 mrr: 0.036479	 ndcg_5: 0.0286	 ndcg_10: 0.0393	 hit@1:0.010773	 hit@5:0.0475	 hit@10: 0.0808
target: 	 mrr: 0.034724	 ndcg_5: 0.0260	 ndcg_10: 0.0370	 hit@1:0.009195	 hit@5:0.0435	 hit@10: 0.0780
target best!
...................................target: 	 mrr: 0.033681	 ndcg_5: 0.0246	 ndcg_10: 0.0349	 hit@1:0.008742	 hit@5:0.0409	 hit@10: 0.0730
epoch 5: train_loss = 1.745259, source_mrr = 0.036479, source_hit@10 = 0.0808, source_ndcg@10 = 0.0393, target_mrr = 0.033681, target_hit@10 = 0.0730, target_ndcg@10 = 0.0349

2024-08-15 12:55:57.161613: step 1032/13760 (epoch 6/80), loss = 1.730927 (56.424 sec/epoch), lr: 0.004000
Evaluating on dev set...
..................................................................
source: 	 mrr: 0.038413	 ndcg_5: 0.0289	 ndcg_10: 0.0417	 hit@1:0.009506	 hit@5:0.0478	 hit@10: 0.0881
target: 	 mrr: 0.031251	 ndcg_5: 0.0232	 ndcg_10: 0.0330	 hit@1:0.006408	 hit@5:0.0407	 hit@10: 0.0713
epoch 6: train_loss = 1.730927, source_mrr = 0.038413, source_hit@10 = 0.0881, source_ndcg@10 = 0.0417, target_mrr = 0.031251, target_hit@10 = 0.0713, target_ndcg@10 = 0.0330

2024-08-15 12:56:55.543232: step 1204/13760 (epoch 7/80), loss = 1.714067 (56.949 sec/epoch), lr: 0.004000
Evaluating on dev set...
..................................................................
source: 	 mrr: 0.046668	 ndcg_5: 0.0387	 ndcg_10: 0.0510	 hit@1:0.015843	 hit@5:0.0621	 hit@10: 0.1001
target: 	 mrr: 0.032099	 ndcg_5: 0.0240	 ndcg_10: 0.0333	 hit@1:0.009752	 hit@5:0.0385	 hit@10: 0.0677
source best!
..............................
source: 	 mrr: 0.039458	 ndcg_5: 0.0295	 ndcg_10: 0.0426	 hit@1:0.012966	 hit@5:0.0467	 hit@10: 0.0872
epoch 7: train_loss = 1.714067, source_mrr = 0.039458, source_hit@10 = 0.0872, source_ndcg@10 = 0.0426, target_mrr = 0.032099, target_hit@10 = 0.0677, target_ndcg@10 = 0.0333

2024-08-15 12:57:54.911146: step 1376/13760 (epoch 8/80), loss = 1.699536 (57.363 sec/epoch), lr: 0.004000
Evaluating on dev set...
..................................................................
source: 	 mrr: 0.045038	 ndcg_5: 0.0375	 ndcg_10: 0.0482	 hit@1:0.015526	 hit@5:0.0596	 hit@10: 0.0932
target: 	 mrr: 0.034699	 ndcg_5: 0.0263	 ndcg_10: 0.0369	 hit@1:0.010867	 hit@5:0.0424	 hit@10: 0.0755
epoch 8: train_loss = 1.699536, source_mrr = 0.045038, source_hit@10 = 0.0932, source_ndcg@10 = 0.0482, target_mrr = 0.034699, target_hit@10 = 0.0755, target_ndcg@10 = 0.0369

2024-08-15 12:58:53.779864: step 1548/13760 (epoch 9/80), loss = 1.690652 (57.463 sec/epoch), lr: 0.004000
Evaluating on dev set...
..................................................................
source: 	 mrr: 0.038084	 ndcg_5: 0.0292	 ndcg_10: 0.0397	 hit@1:0.012674	 hit@5:0.0459	 hit@10: 0.0786
target: 	 mrr: 0.031800	 ndcg_5: 0.0237	 ndcg_10: 0.0329	 hit@1:0.009195	 hit@5:0.0385	 hit@10: 0.0674
epoch 9: train_loss = 1.690652, source_mrr = 0.038084, source_hit@10 = 0.0786, source_ndcg@10 = 0.0397, target_mrr = 0.031800, target_hit@10 = 0.0674, target_ndcg@10 = 0.0329

2024-08-15 12:59:52.557757: step 1720/13760 (epoch 10/80), loss = 1.679113 (57.339 sec/epoch), lr: 0.004000
Evaluating on dev set...
..................................................................
source: 	 mrr: 0.040802	 ndcg_5: 0.0313	 ndcg_10: 0.0415	 hit@1:0.015843	 hit@5:0.0478	 hit@10: 0.0795
target: 	 mrr: 0.036920	 ndcg_5: 0.0293	 ndcg_10: 0.0388	 hit@1:0.010867	 hit@5:0.0476	 hit@10: 0.0772
target best!
...................................target: 	 mrr: 0.038206	 ndcg_5: 0.0301	 ndcg_10: 0.0413	 hit@1:0.011280	 hit@5:0.0494	 hit@10: 0.0840
epoch 10: train_loss = 1.679113, source_mrr = 0.040802, source_hit@10 = 0.0795, source_ndcg@10 = 0.0415, target_mrr = 0.038206, target_hit@10 = 0.0840, target_ndcg@10 = 0.0413

2024-08-15 13:00:52.538405: step 1892/13760 (epoch 11/80), loss = 1.671217 (57.861 sec/epoch), lr: 0.004000
Evaluating on dev set...
..................................................................
source: 	 mrr: 0.043067	 ndcg_5: 0.0338	 ndcg_10: 0.0462	 hit@1:0.014575	 hit@5:0.0532	 hit@10: 0.0922
target: 	 mrr: 0.034926	 ndcg_5: 0.0253	 ndcg_10: 0.0372	 hit@1:0.010309	 hit@5:0.0412	 hit@10: 0.0783
epoch 11: train_loss = 1.671217, source_mrr = 0.043067, source_hit@10 = 0.0922, source_ndcg@10 = 0.0462, target_mrr = 0.034926, target_hit@10 = 0.0783, target_ndcg@10 = 0.0372

2024-08-15 13:01:51.929430: step 2064/13760 (epoch 12/80), loss = 1.664098 (57.931 sec/epoch), lr: 0.004000
Evaluating on dev set...
..................................................................
source: 	 mrr: 0.045584	 ndcg_5: 0.0374	 ndcg_10: 0.0489	 hit@1:0.016477	 hit@5:0.0589	 hit@10: 0.0951
target: 	 mrr: 0.038471	 ndcg_5: 0.0310	 ndcg_10: 0.0409	 hit@1:0.013931	 hit@5:0.0485	 hit@10: 0.0791
target best!
...................................target: 	 mrr: 0.038779	 ndcg_5: 0.0315	 ndcg_10: 0.0416	 hit@1:0.012972	 hit@5:0.0508	 hit@10: 0.0823
epoch 12: train_loss = 1.664098, source_mrr = 0.045584, source_hit@10 = 0.0951, source_ndcg@10 = 0.0489, target_mrr = 0.038779, target_hit@10 = 0.0823, target_ndcg@10 = 0.0416

2024-08-15 13:02:52.056554: step 2236/13760 (epoch 13/80), loss = 1.657498 (58.002 sec/epoch), lr: 0.004000
Evaluating on dev set...
..................................................................
source: 	 mrr: 0.041580	 ndcg_5: 0.0312	 ndcg_10: 0.0436	 hit@1:0.014892	 hit@5:0.0472	 hit@10: 0.0862
target: 	 mrr: 0.037772	 ndcg_5: 0.0293	 ndcg_10: 0.0384	 hit@1:0.014767	 hit@5:0.0446	 hit@10: 0.0727
epoch 13: train_loss = 1.657498, source_mrr = 0.041580, source_hit@10 = 0.0862, source_ndcg@10 = 0.0436, target_mrr = 0.037772, target_hit@10 = 0.0727, target_ndcg@10 = 0.0384

2024-08-15 13:03:51.134772: step 2408/13760 (epoch 14/80), loss = 1.645620 (57.670 sec/epoch), lr: 0.003800
Evaluating on dev set...
..................................................................
source: 	 mrr: 0.045082	 ndcg_5: 0.0350	 ndcg_10: 0.0476	 hit@1:0.017427	 hit@5:0.0516	 hit@10: 0.0909
target: 	 mrr: 0.037037	 ndcg_5: 0.0280	 ndcg_10: 0.0396	 hit@1:0.012260	 hit@5:0.0437	 hit@10: 0.0797
epoch 14: train_loss = 1.645620, source_mrr = 0.045082, source_hit@10 = 0.0909, source_ndcg@10 = 0.0476, target_mrr = 0.037037, target_hit@10 = 0.0797, target_ndcg@10 = 0.0396

2024-08-15 13:04:50.462947: step 2580/13760 (epoch 15/80), loss = 1.638436 (57.627 sec/epoch), lr: 0.003800
Evaluating on dev set...
..................................................................
source: 	 mrr: 0.040897	 ndcg_5: 0.0325	 ndcg_10: 0.0427	 hit@1:0.015209	 hit@5:0.0501	 hit@10: 0.0821
target: 	 mrr: 0.036758	 ndcg_5: 0.0283	 ndcg_10: 0.0387	 hit@1:0.011702	 hit@5:0.0454	 hit@10: 0.0780
epoch 15: train_loss = 1.638436, source_mrr = 0.040897, source_hit@10 = 0.0821, source_ndcg@10 = 0.0427, target_mrr = 0.036758, target_hit@10 = 0.0780, target_ndcg@10 = 0.0387

2024-08-15 13:05:49.331747: step 2752/13760 (epoch 16/80), loss = 1.626282 (57.450 sec/epoch), lr: 0.003610
Evaluating on dev set...
..................................................................
source: 	 mrr: 0.039303	 ndcg_5: 0.0315	 ndcg_10: 0.0415	 hit@1:0.012041	 hit@5:0.0504	 hit@10: 0.0821
target: 	 mrr: 0.037275	 ndcg_5: 0.0284	 ndcg_10: 0.0374	 hit@1:0.012538	 hit@5:0.0440	 hit@10: 0.0719
epoch 16: train_loss = 1.626282, source_mrr = 0.039303, source_hit@10 = 0.0821, source_ndcg@10 = 0.0415, target_mrr = 0.037275, target_hit@10 = 0.0719, target_ndcg@10 = 0.0374

2024-08-15 13:06:48.928240: step 2924/13760 (epoch 17/80), loss = 1.615812 (58.156 sec/epoch), lr: 0.003429
Evaluating on dev set...
..................................................................
source: 	 mrr: 0.038906	 ndcg_5: 0.0297	 ndcg_10: 0.0397	 hit@1:0.013308	 hit@5:0.0472	 hit@10: 0.0786
target: 	 mrr: 0.034021	 ndcg_5: 0.0266	 ndcg_10: 0.0363	 hit@1:0.010031	 hit@5:0.0443	 hit@10: 0.0750
epoch 17: train_loss = 1.615812, source_mrr = 0.038906, source_hit@10 = 0.0786, source_ndcg@10 = 0.0397, target_mrr = 0.034021, target_hit@10 = 0.0750, target_ndcg@10 = 0.0363

2024-08-15 13:07:46.732738: step 3096/13760 (epoch 18/80), loss = 1.603478 (56.371 sec/epoch), lr: 0.003258
Evaluating on dev set...
..................................................................
source: 	 mrr: 0.044162	 ndcg_5: 0.0353	 ndcg_10: 0.0485	 hit@1:0.013625	 hit@5:0.0567	 hit@10: 0.0976
target: 	 mrr: 0.037734	 ndcg_5: 0.0304	 ndcg_10: 0.0395	 hit@1:0.012817	 hit@5:0.0493	 hit@10: 0.0777
epoch 18: train_loss = 1.603478, source_mrr = 0.044162, source_hit@10 = 0.0976, source_ndcg@10 = 0.0485, target_mrr = 0.037734, target_hit@10 = 0.0777, target_ndcg@10 = 0.0395

2024-08-15 13:08:44.873833: step 3268/13760 (epoch 19/80), loss = 1.601698 (56.792 sec/epoch), lr: 0.003258
Evaluating on dev set...
..................................................................
source: 	 mrr: 0.043070	 ndcg_5: 0.0330	 ndcg_10: 0.0451	 hit@1:0.015209	 hit@5:0.0504	 hit@10: 0.0878
target: 	 mrr: 0.040499	 ndcg_5: 0.0326	 ndcg_10: 0.0421	 hit@1:0.014489	 hit@5:0.0510	 hit@10: 0.0808
target best!
...................................target: 	 mrr: 0.041205	 ndcg_5: 0.0327	 ndcg_10: 0.0430	 hit@1:0.015510	 hit@5:0.0496	 hit@10: 0.0815
epoch 19: train_loss = 1.601698, source_mrr = 0.043070, source_hit@10 = 0.0878, source_ndcg@10 = 0.0451, target_mrr = 0.041205, target_hit@10 = 0.0815, target_ndcg@10 = 0.0430

2024-08-15 13:09:42.886264: step 3440/13760 (epoch 20/80), loss = 1.598152 (55.923 sec/epoch), lr: 0.003258
Evaluating on dev set...
..................................................................
source: 	 mrr: 0.040600	 ndcg_5: 0.0313	 ndcg_10: 0.0431	 hit@1:0.012991	 hit@5:0.0494	 hit@10: 0.0859
target: 	 mrr: 0.036911	 ndcg_5: 0.0296	 ndcg_10: 0.0400	 hit@1:0.010588	 hit@5:0.0490	 hit@10: 0.0814
epoch 20: train_loss = 1.598152, source_mrr = 0.040600, source_hit@10 = 0.0859, source_ndcg@10 = 0.0431, target_mrr = 0.036911, target_hit@10 = 0.0814, target_ndcg@10 = 0.0400

2024-08-15 13:10:40.342903: step 3612/13760 (epoch 21/80), loss = 1.588812 (55.793 sec/epoch), lr: 0.003095
Evaluating on dev set...
..................................................................
source: 	 mrr: 0.043837	 ndcg_5: 0.0353	 ndcg_10: 0.0475	 hit@1:0.014259	 hit@5:0.0567	 hit@10: 0.0951
target: 	 mrr: 0.033017	 ndcg_5: 0.0242	 ndcg_10: 0.0329	 hit@1:0.011145	 hit@5:0.0376	 hit@10: 0.0644
epoch 21: train_loss = 1.588812, source_mrr = 0.043837, source_hit@10 = 0.0951, source_ndcg@10 = 0.0475, target_mrr = 0.033017, target_hit@10 = 0.0644, target_ndcg@10 = 0.0329

2024-08-15 13:11:36.997810: step 3784/13760 (epoch 22/80), loss = 1.576238 (55.276 sec/epoch), lr: 0.002940
Evaluating on dev set...
..................................................................
source: 	 mrr: 0.044007	 ndcg_5: 0.0340	 ndcg_10: 0.0462	 hit@1:0.014892	 hit@5:0.0523	 hit@10: 0.0900
target: 	 mrr: 0.035299	 ndcg_5: 0.0276	 ndcg_10: 0.0381	 hit@1:0.009195	 hit@5:0.0463	 hit@10: 0.0791
epoch 22: train_loss = 1.576238, source_mrr = 0.044007, source_hit@10 = 0.0900, source_ndcg@10 = 0.0462, target_mrr = 0.035299, target_hit@10 = 0.0791, target_ndcg@10 = 0.0381

2024-08-15 13:12:33.460614: step 3956/13760 (epoch 23/80), loss = 1.572936 (55.045 sec/epoch), lr: 0.002940
Evaluating on dev set...
..................................................................
source: 	 mrr: 0.043116	 ndcg_5: 0.0346	 ndcg_10: 0.0460	 hit@1:0.013308	 hit@5:0.0551	 hit@10: 0.0913
target: 	 mrr: 0.036515	 ndcg_5: 0.0271	 ndcg_10: 0.0405	 hit@1:0.011145	 hit@5:0.0440	 hit@10: 0.0853
epoch 23: train_loss = 1.572936, source_mrr = 0.043116, source_hit@10 = 0.0913, source_ndcg@10 = 0.0460, target_mrr = 0.036515, target_hit@10 = 0.0853, target_ndcg@10 = 0.0405

2024-08-15 13:13:31.409606: step 4128/13760 (epoch 24/80), loss = 1.567519 (56.642 sec/epoch), lr: 0.002940
Evaluating on dev set...
..................................................................
source: 	 mrr: 0.043716	 ndcg_5: 0.0351	 ndcg_10: 0.0467	 hit@1:0.015209	 hit@5:0.0554	 hit@10: 0.0916
target: 	 mrr: 0.036835	 ndcg_5: 0.0284	 ndcg_10: 0.0387	 hit@1:0.011145	 hit@5:0.0468	 hit@10: 0.0789
epoch 24: train_loss = 1.567519, source_mrr = 0.043716, source_hit@10 = 0.0916, source_ndcg@10 = 0.0467, target_mrr = 0.036835, target_hit@10 = 0.0789, target_ndcg@10 = 0.0387

2024-08-15 13:14:29.877374: step 4300/13760 (epoch 25/80), loss = 1.566095 (57.050 sec/epoch), lr: 0.002940
Evaluating on dev set...
..................................................................
source: 	 mrr: 0.046739	 ndcg_5: 0.0398	 ndcg_10: 0.0510	 hit@1:0.016160	 hit@5:0.0643	 hit@10: 0.0995
target: 	 mrr: 0.037865	 ndcg_5: 0.0291	 ndcg_10: 0.0395	 hit@1:0.012538	 hit@5:0.0451	 hit@10: 0.0777
source best!
..............................
source: 	 mrr: 0.040658	 ndcg_5: 0.0314	 ndcg_10: 0.0437	 hit@1:0.013614	 hit@5:0.0502	 hit@10: 0.0885
epoch 25: train_loss = 1.566095, source_mrr = 0.040658, source_hit@10 = 0.0885, source_ndcg@10 = 0.0437, target_mrr = 0.037865, target_hit@10 = 0.0777, target_ndcg@10 = 0.0395

2024-08-15 13:15:28.938210: step 4472/13760 (epoch 26/80), loss = 1.565406 (57.007 sec/epoch), lr: 0.002940
Evaluating on dev set...
..................................................................
source: 	 mrr: 0.045303	 ndcg_5: 0.0384	 ndcg_10: 0.0501	 hit@1:0.012674	 hit@5:0.0631	 hit@10: 0.0995
target: 	 mrr: 0.036624	 ndcg_5: 0.0283	 ndcg_10: 0.0398	 hit@1:0.010867	 hit@5:0.0465	 hit@10: 0.0822
epoch 26: train_loss = 1.565406, source_mrr = 0.045303, source_hit@10 = 0.0995, source_ndcg@10 = 0.0501, target_mrr = 0.036624, target_hit@10 = 0.0822, target_ndcg@10 = 0.0398

2024-08-15 13:16:27.507750: step 4644/13760 (epoch 27/80), loss = 1.555803 (57.167 sec/epoch), lr: 0.002793
Evaluating on dev set...
..................................................................
source: 	 mrr: 0.045284	 ndcg_5: 0.0374	 ndcg_10: 0.0489	 hit@1:0.013942	 hit@5:0.0602	 hit@10: 0.0957
target: 	 mrr: 0.036207	 ndcg_5: 0.0268	 ndcg_10: 0.0376	 hit@1:0.011702	 hit@5:0.0424	 hit@10: 0.0761
epoch 27: train_loss = 1.555803, source_mrr = 0.045284, source_hit@10 = 0.0957, source_ndcg@10 = 0.0489, target_mrr = 0.036207, target_hit@10 = 0.0761, target_ndcg@10 = 0.0376

2024-08-15 13:17:26.519511: step 4816/13760 (epoch 28/80), loss = 1.548539 (57.626 sec/epoch), lr: 0.002654
Evaluating on dev set...
..................................................................
source: 	 mrr: 0.042041	 ndcg_5: 0.0335	 ndcg_10: 0.0440	 hit@1:0.014259	 hit@5:0.0539	 hit@10: 0.0865
target: 	 mrr: 0.039552	 ndcg_5: 0.0300	 ndcg_10: 0.0413	 hit@1:0.012817	 hit@5:0.0479	 hit@10: 0.0828
epoch 28: train_loss = 1.548539, source_mrr = 0.042041, source_hit@10 = 0.0865, source_ndcg@10 = 0.0440, target_mrr = 0.039552, target_hit@10 = 0.0828, target_ndcg@10 = 0.0413

2024-08-15 13:18:24.762254: step 4988/13760 (epoch 29/80), loss = 1.546784 (56.850 sec/epoch), lr: 0.002654
Evaluating on dev set...
..................................................................
source: 	 mrr: 0.046415	 ndcg_5: 0.0387	 ndcg_10: 0.0489	 hit@1:0.018061	 hit@5:0.0602	 hit@10: 0.0919
target: 	 mrr: 0.036020	 ndcg_5: 0.0295	 ndcg_10: 0.0389	 hit@1:0.010309	 hit@5:0.0493	 hit@10: 0.0786
epoch 29: train_loss = 1.546784, source_mrr = 0.046415, source_hit@10 = 0.0919, source_ndcg@10 = 0.0489, target_mrr = 0.036020, target_hit@10 = 0.0786, target_ndcg@10 = 0.0389

2024-08-15 13:19:22.601396: step 5160/13760 (epoch 30/80), loss = 1.546048 (56.439 sec/epoch), lr: 0.002654
Evaluating on dev set...
..................................................................
source: 	 mrr: 0.046684	 ndcg_5: 0.0380	 ndcg_10: 0.0510	 hit@1:0.016477	 hit@5:0.0599	 hit@10: 0.1008
target: 	 mrr: 0.036934	 ndcg_5: 0.0283	 ndcg_10: 0.0406	 hit@1:0.010867	 hit@5:0.0465	 hit@10: 0.0850
epoch 30: train_loss = 1.546048, source_mrr = 0.046684, source_hit@10 = 0.1008, source_ndcg@10 = 0.0510, target_mrr = 0.036934, target_hit@10 = 0.0850, target_ndcg@10 = 0.0406

2024-08-15 13:20:19.703352: step 5332/13760 (epoch 31/80), loss = 1.545264 (55.699 sec/epoch), lr: 0.002654
Evaluating on dev set...
..................................................................
source: 	 mrr: 0.043185	 ndcg_5: 0.0350	 ndcg_10: 0.0467	 hit@1:0.013625	 hit@5:0.0564	 hit@10: 0.0932
target: 	 mrr: 0.037259	 ndcg_5: 0.0292	 ndcg_10: 0.0395	 hit@1:0.011424	 hit@5:0.0479	 hit@10: 0.0797
epoch 31: train_loss = 1.545264, source_mrr = 0.043185, source_hit@10 = 0.0932, source_ndcg@10 = 0.0467, target_mrr = 0.037259, target_hit@10 = 0.0797, target_ndcg@10 = 0.0395

2024-08-15 13:21:16.882195: step 5504/13760 (epoch 32/80), loss = 1.535108 (55.829 sec/epoch), lr: 0.002521
Evaluating on dev set...
..................................................................
source: 	 mrr: 0.042077	 ndcg_5: 0.0324	 ndcg_10: 0.0458	 hit@1:0.012357	 hit@5:0.0516	 hit@10: 0.0938
target: 	 mrr: 0.038918	 ndcg_5: 0.0286	 ndcg_10: 0.0397	 hit@1:0.013374	 hit@5:0.0437	 hit@10: 0.0783
epoch 32: train_loss = 1.535108, source_mrr = 0.042077, source_hit@10 = 0.0938, source_ndcg@10 = 0.0458, target_mrr = 0.038918, target_hit@10 = 0.0783, target_ndcg@10 = 0.0397

2024-08-15 13:22:14.132582: step 5676/13760 (epoch 33/80), loss = 1.533169 (55.825 sec/epoch), lr: 0.002521
Evaluating on dev set...
..................................................................
source: 	 mrr: 0.048194	 ndcg_5: 0.0409	 ndcg_10: 0.0514	 hit@1:0.016793	 hit@5:0.0650	 hit@10: 0.0979
target: 	 mrr: 0.037048	 ndcg_5: 0.0277	 ndcg_10: 0.0386	 hit@1:0.012538	 hit@5:0.0432	 hit@10: 0.0775
source best!
..............................
source: 	 mrr: 0.042959	 ndcg_5: 0.0336	 ndcg_10: 0.0438	 hit@1:0.015883	 hit@5:0.0506	 hit@10: 0.0827
epoch 33: train_loss = 1.533169, source_mrr = 0.042959, source_hit@10 = 0.0827, source_ndcg@10 = 0.0438, target_mrr = 0.037048, target_hit@10 = 0.0775, target_ndcg@10 = 0.0386

2024-08-15 13:23:12.763540: step 5848/13760 (epoch 34/80), loss = 1.532731 (56.625 sec/epoch), lr: 0.002521
Evaluating on dev set...
..................................................................
source: 	 mrr: 0.039192	 ndcg_5: 0.0307	 ndcg_10: 0.0399	 hit@1:0.012357	 hit@5:0.0488	 hit@10: 0.0773
target: 	 mrr: 0.038134	 ndcg_5: 0.0288	 ndcg_10: 0.0385	 hit@1:0.012538	 hit@5:0.0443	 hit@10: 0.0747
epoch 34: train_loss = 1.532731, source_mrr = 0.039192, source_hit@10 = 0.0773, source_ndcg@10 = 0.0399, target_mrr = 0.038134, target_hit@10 = 0.0747, target_ndcg@10 = 0.0385

2024-08-15 13:24:10.750107: step 6020/13760 (epoch 35/80), loss = 1.523367 (56.462 sec/epoch), lr: 0.002395
Evaluating on dev set...
..................................................................
source: 	 mrr: 0.046002	 ndcg_5: 0.0372	 ndcg_10: 0.0507	 hit@1:0.016160	 hit@5:0.0589	 hit@10: 0.1011
target: 	 mrr: 0.034144	 ndcg_5: 0.0259	 ndcg_10: 0.0351	 hit@1:0.008638	 hit@5:0.0426	 hit@10: 0.0716
epoch 35: train_loss = 1.523367, source_mrr = 0.046002, source_hit@10 = 0.1011, source_ndcg@10 = 0.0507, target_mrr = 0.034144, target_hit@10 = 0.0716, target_ndcg@10 = 0.0351

2024-08-15 13:25:09.290994: step 6192/13760 (epoch 36/80), loss = 1.522325 (56.846 sec/epoch), lr: 0.002395
Evaluating on dev set...
..................................................................
source: 	 mrr: 0.049926	 ndcg_5: 0.0428	 ndcg_10: 0.0538	 hit@1:0.019328	 hit@5:0.0678	 hit@10: 0.1017
target: 	 mrr: 0.037157	 ndcg_5: 0.0275	 ndcg_10: 0.0389	 hit@1:0.010867	 hit@5:0.0440	 hit@10: 0.0797
source best!
..............................
source: 	 mrr: 0.045219	 ndcg_5: 0.0360	 ndcg_10: 0.0468	 hit@1:0.018152	 hit@5:0.0541	 hit@10: 0.0878
epoch 36: train_loss = 1.522325, source_mrr = 0.045219, source_hit@10 = 0.0878, source_ndcg@10 = 0.0468, target_mrr = 0.037157, target_hit@10 = 0.0797, target_ndcg@10 = 0.0389

2024-08-15 13:26:08.922162: step 6364/13760 (epoch 37/80), loss = 1.518638 (57.566 sec/epoch), lr: 0.002395
Evaluating on dev set...
..................................................................
source: 	 mrr: 0.046095	 ndcg_5: 0.0379	 ndcg_10: 0.0480	 hit@1:0.017110	 hit@5:0.0593	 hit@10: 0.0906
target: 	 mrr: 0.038480	 ndcg_5: 0.0284	 ndcg_10: 0.0405	 hit@1:0.011981	 hit@5:0.0440	 hit@10: 0.0819
epoch 37: train_loss = 1.518638, source_mrr = 0.046095, source_hit@10 = 0.0906, source_ndcg@10 = 0.0480, target_mrr = 0.038480, target_hit@10 = 0.0819, target_ndcg@10 = 0.0405

2024-08-15 13:27:08.510757: step 6536/13760 (epoch 38/80), loss = 1.513408 (58.121 sec/epoch), lr: 0.002275
Evaluating on dev set...
..................................................................
source: 	 mrr: 0.042891	 ndcg_5: 0.0348	 ndcg_10: 0.0469	 hit@1:0.012357	 hit@5:0.0570	 hit@10: 0.0947
target: 	 mrr: 0.036948	 ndcg_5: 0.0275	 ndcg_10: 0.0385	 hit@1:0.011424	 hit@5:0.0440	 hit@10: 0.0791
epoch 38: train_loss = 1.513408, source_mrr = 0.042891, source_hit@10 = 0.0947, source_ndcg@10 = 0.0469, target_mrr = 0.036948, target_hit@10 = 0.0791, target_ndcg@10 = 0.0385

2024-08-15 13:28:07.043339: step 6708/13760 (epoch 39/80), loss = 1.509951 (57.184 sec/epoch), lr: 0.002161
Evaluating on dev set...
..................................................................
source: 	 mrr: 0.045753	 ndcg_5: 0.0382	 ndcg_10: 0.0492	 hit@1:0.016160	 hit@5:0.0615	 hit@10: 0.0957
target: 	 mrr: 0.038179	 ndcg_5: 0.0280	 ndcg_10: 0.0401	 hit@1:0.011981	 hit@5:0.0446	 hit@10: 0.0825
epoch 39: train_loss = 1.509951, source_mrr = 0.045753, source_hit@10 = 0.0957, source_ndcg@10 = 0.0492, target_mrr = 0.038179, target_hit@10 = 0.0825, target_ndcg@10 = 0.0401

2024-08-15 13:29:06.659638: step 6880/13760 (epoch 40/80), loss = 1.506909 (58.175 sec/epoch), lr: 0.002161
Evaluating on dev set...
..................................................................
source: 	 mrr: 0.040976	 ndcg_5: 0.0325	 ndcg_10: 0.0430	 hit@1:0.013625	 hit@5:0.0520	 hit@10: 0.0852
target: 	 mrr: 0.035836	 ndcg_5: 0.0265	 ndcg_10: 0.0375	 hit@1:0.010309	 hit@5:0.0432	 hit@10: 0.0777
epoch 40: train_loss = 1.506909, source_mrr = 0.040976, source_hit@10 = 0.0852, source_ndcg@10 = 0.0430, target_mrr = 0.035836, target_hit@10 = 0.0777, target_ndcg@10 = 0.0375
shift to transfer learning mode

2024-08-15 13:30:06.341038: step 7052/13760 (epoch 41/80), loss = 1.701803 (58.310 sec/epoch), lr: 0.002053
Evaluating on dev set...
..................................................................
source: 	 mrr: 0.042173	 ndcg_5: 0.0334	 ndcg_10: 0.0453	 hit@1:0.012674	 hit@5:0.0535	 hit@10: 0.0906
target: 	 mrr: 0.038134	 ndcg_5: 0.0290	 ndcg_10: 0.0409	 hit@1:0.012817	 hit@5:0.0451	 hit@10: 0.0825
epoch 41: train_loss = 1.701803, source_mrr = 0.042173, source_hit@10 = 0.0906, source_ndcg@10 = 0.0453, target_mrr = 0.038134, target_hit@10 = 0.0825, target_ndcg@10 = 0.0409

2024-08-15 13:31:06.740873: step 7224/13760 (epoch 42/80), loss = 1.713470 (58.964 sec/epoch), lr: 0.002053
Evaluating on dev set...
..................................................................
source: 	 mrr: 0.048184	 ndcg_5: 0.0405	 ndcg_10: 0.0514	 hit@1:0.017427	 hit@5:0.0631	 hit@10: 0.0970
target: 	 mrr: 0.040279	 ndcg_5: 0.0312	 ndcg_10: 0.0418	 hit@1:0.013374	 hit@5:0.0490	 hit@10: 0.0825
epoch 42: train_loss = 1.713470, source_mrr = 0.048184, source_hit@10 = 0.0970, source_ndcg@10 = 0.0514, target_mrr = 0.040279, target_hit@10 = 0.0825, target_ndcg@10 = 0.0418

2024-08-15 13:32:07.243611: step 7396/13760 (epoch 43/80), loss = 1.719269 (59.123 sec/epoch), lr: 0.002053
Evaluating on dev set...
..................................................................
source: 	 mrr: 0.047907	 ndcg_5: 0.0400	 ndcg_10: 0.0529	 hit@1:0.015843	 hit@5:0.0646	 hit@10: 0.1049
target: 	 mrr: 0.040973	 ndcg_5: 0.0334	 ndcg_10: 0.0433	 hit@1:0.012260	 hit@5:0.0549	 hit@10: 0.0861
target best!
...................................target: 	 mrr: 0.042437	 ndcg_5: 0.0329	 ndcg_10: 0.0457	 hit@1:0.014664	 hit@5:0.0502	 hit@10: 0.0902
epoch 43: train_loss = 1.719269, source_mrr = 0.047907, source_hit@10 = 0.1049, source_ndcg@10 = 0.0529, target_mrr = 0.042437, target_hit@10 = 0.0902, target_ndcg@10 = 0.0457

2024-08-15 13:33:08.139429: step 7568/13760 (epoch 44/80), loss = 1.720051 (58.864 sec/epoch), lr: 0.002053
Evaluating on dev set...
..................................................................
source: 	 mrr: 0.046397	 ndcg_5: 0.0384	 ndcg_10: 0.0500	 hit@1:0.016160	 hit@5:0.0605	 hit@10: 0.0970
target: 	 mrr: 0.038960	 ndcg_5: 0.0291	 ndcg_10: 0.0401	 hit@1:0.012817	 hit@5:0.0457	 hit@10: 0.0802
epoch 44: train_loss = 1.720051, source_mrr = 0.046397, source_hit@10 = 0.0970, source_ndcg@10 = 0.0500, target_mrr = 0.038960, target_hit@10 = 0.0802, target_ndcg@10 = 0.0401

2024-08-15 13:34:07.782563: step 7740/13760 (epoch 45/80), loss = 1.715113 (58.272 sec/epoch), lr: 0.001951
Evaluating on dev set...
..................................................................
source: 	 mrr: 0.046111	 ndcg_5: 0.0385	 ndcg_10: 0.0500	 hit@1:0.015209	 hit@5:0.0631	 hit@10: 0.0982
target: 	 mrr: 0.038743	 ndcg_5: 0.0294	 ndcg_10: 0.0411	 hit@1:0.012538	 hit@5:0.0471	 hit@10: 0.0839
epoch 45: train_loss = 1.715113, source_mrr = 0.046111, source_hit@10 = 0.0982, source_ndcg@10 = 0.0500, target_mrr = 0.038743, target_hit@10 = 0.0839, target_ndcg@10 = 0.0411

2024-08-15 13:35:05.121904: step 7912/13760 (epoch 46/80), loss = 1.711730 (55.956 sec/epoch), lr: 0.001853
Evaluating on dev set...
..................................................................
source: 	 mrr: 0.045441	 ndcg_5: 0.0363	 ndcg_10: 0.0475	 hit@1:0.016160	 hit@5:0.0567	 hit@10: 0.0913
target: 	 mrr: 0.038789	 ndcg_5: 0.0305	 ndcg_10: 0.0432	 hit@1:0.010031	 hit@5:0.0507	 hit@10: 0.0903
epoch 46: train_loss = 1.711730, source_mrr = 0.045441, source_hit@10 = 0.0913, source_ndcg@10 = 0.0475, target_mrr = 0.038789, target_hit@10 = 0.0903, target_ndcg@10 = 0.0432

2024-08-15 13:36:03.888795: step 8084/13760 (epoch 47/80), loss = 1.709826 (57.421 sec/epoch), lr: 0.001761
Evaluating on dev set...
..................................................................
source: 	 mrr: 0.046636	 ndcg_5: 0.0382	 ndcg_10: 0.0506	 hit@1:0.016160	 hit@5:0.0605	 hit@10: 0.0992
target: 	 mrr: 0.037974	 ndcg_5: 0.0292	 ndcg_10: 0.0412	 hit@1:0.010867	 hit@5:0.0479	 hit@10: 0.0850
epoch 47: train_loss = 1.709826, source_mrr = 0.046636, source_hit@10 = 0.0992, source_ndcg@10 = 0.0506, target_mrr = 0.037974, target_hit@10 = 0.0850, target_ndcg@10 = 0.0412

2024-08-15 13:37:02.390445: step 8256/13760 (epoch 48/80), loss = 1.708869 (57.164 sec/epoch), lr: 0.001761
Evaluating on dev set...
..................................................................
source: 	 mrr: 0.047565	 ndcg_5: 0.0402	 ndcg_10: 0.0511	 hit@1:0.017110	 hit@5:0.0634	 hit@10: 0.0973
target: 	 mrr: 0.038182	 ndcg_5: 0.0299	 ndcg_10: 0.0411	 hit@1:0.012260	 hit@5:0.0476	 hit@10: 0.0825
epoch 48: train_loss = 1.708869, source_mrr = 0.047565, source_hit@10 = 0.0973, source_ndcg@10 = 0.0511, target_mrr = 0.038182, target_hit@10 = 0.0825, target_ndcg@10 = 0.0411

2024-08-15 13:38:00.290513: step 8428/13760 (epoch 49/80), loss = 1.709493 (56.418 sec/epoch), lr: 0.001761
Evaluating on dev set...
..................................................................
source: 	 mrr: 0.047054	 ndcg_5: 0.0391	 ndcg_10: 0.0509	 hit@1:0.016793	 hit@5:0.0612	 hit@10: 0.0982
target: 	 mrr: 0.037388	 ndcg_5: 0.0276	 ndcg_10: 0.0402	 hit@1:0.011424	 hit@5:0.0451	 hit@10: 0.0844
epoch 49: train_loss = 1.709493, source_mrr = 0.047054, source_hit@10 = 0.0982, source_ndcg@10 = 0.0509, target_mrr = 0.037388, target_hit@10 = 0.0844, target_ndcg@10 = 0.0402

2024-08-15 13:38:58.883999: step 8600/13760 (epoch 50/80), loss = 1.703841 (57.238 sec/epoch), lr: 0.001672
Evaluating on dev set...
..................................................................
source: 	 mrr: 0.046411	 ndcg_5: 0.0382	 ndcg_10: 0.0491	 hit@1:0.015843	 hit@5:0.0605	 hit@10: 0.0947
target: 	 mrr: 0.040530	 ndcg_5: 0.0312	 ndcg_10: 0.0423	 hit@1:0.015046	 hit@5:0.0474	 hit@10: 0.0825
epoch 50: train_loss = 1.703841, source_mrr = 0.046411, source_hit@10 = 0.0947, source_ndcg@10 = 0.0491, target_mrr = 0.040530, target_hit@10 = 0.0825, target_ndcg@10 = 0.0423

2024-08-15 13:39:55.645540: step 8772/13760 (epoch 51/80), loss = 1.702700 (55.355 sec/epoch), lr: 0.001672
Evaluating on dev set...
..................................................................
source: 	 mrr: 0.045673	 ndcg_5: 0.0373	 ndcg_10: 0.0487	 hit@1:0.015209	 hit@5:0.0586	 hit@10: 0.0944
target: 	 mrr: 0.039954	 ndcg_5: 0.0302	 ndcg_10: 0.0425	 hit@1:0.014489	 hit@5:0.0471	 hit@10: 0.0853
epoch 51: train_loss = 1.702700, source_mrr = 0.045673, source_hit@10 = 0.0944, source_ndcg@10 = 0.0487, target_mrr = 0.039954, target_hit@10 = 0.0853, target_ndcg@10 = 0.0425

2024-08-15 13:40:53.510748: step 8944/13760 (epoch 52/80), loss = 1.696411 (56.455 sec/epoch), lr: 0.001589
Evaluating on dev set...
..................................................................
source: 	 mrr: 0.047632	 ndcg_5: 0.0395	 ndcg_10: 0.0516	 hit@1:0.015526	 hit@5:0.0631	 hit@10: 0.1008
target: 	 mrr: 0.039619	 ndcg_5: 0.0300	 ndcg_10: 0.0419	 hit@1:0.012538	 hit@5:0.0479	 hit@10: 0.0853
epoch 52: train_loss = 1.696411, source_mrr = 0.047632, source_hit@10 = 0.1008, source_ndcg@10 = 0.0516, target_mrr = 0.039619, target_hit@10 = 0.0853, target_ndcg@10 = 0.0419

2024-08-15 13:41:53.301098: step 9116/13760 (epoch 53/80), loss = 1.694286 (58.309 sec/epoch), lr: 0.001589
Evaluating on dev set...
..................................................................
source: 	 mrr: 0.048595	 ndcg_5: 0.0410	 ndcg_10: 0.0522	 hit@1:0.016477	 hit@5:0.0650	 hit@10: 0.0992
target: 	 mrr: 0.039042	 ndcg_5: 0.0317	 ndcg_10: 0.0428	 hit@1:0.011702	 hit@5:0.0535	 hit@10: 0.0886
epoch 53: train_loss = 1.694286, source_mrr = 0.048595, source_hit@10 = 0.0992, source_ndcg@10 = 0.0522, target_mrr = 0.039042, target_hit@10 = 0.0886, target_ndcg@10 = 0.0428

2024-08-15 13:42:52.601062: step 9288/13760 (epoch 54/80), loss = 1.694234 (57.889 sec/epoch), lr: 0.001589
Evaluating on dev set...
..................................................................
source: 	 mrr: 0.048735	 ndcg_5: 0.0395	 ndcg_10: 0.0529	 hit@1:0.018061	 hit@5:0.0621	 hit@10: 0.1039
target: 	 mrr: 0.036923	 ndcg_5: 0.0274	 ndcg_10: 0.0385	 hit@1:0.010309	 hit@5:0.0454	 hit@10: 0.0800
epoch 54: train_loss = 1.694234, source_mrr = 0.048735, source_hit@10 = 0.1039, source_ndcg@10 = 0.0529, target_mrr = 0.036923, target_hit@10 = 0.0800, target_ndcg@10 = 0.0385

2024-08-15 13:43:52.016892: step 9460/13760 (epoch 55/80), loss = 1.690030 (57.968 sec/epoch), lr: 0.001509
Evaluating on dev set...
..................................................................
source: 	 mrr: 0.047805	 ndcg_5: 0.0395	 ndcg_10: 0.0514	 hit@1:0.017744	 hit@5:0.0624	 hit@10: 0.0998
target: 	 mrr: 0.042199	 ndcg_5: 0.0318	 ndcg_10: 0.0452	 hit@1:0.015325	 hit@5:0.0485	 hit@10: 0.0903
target best!
...................................target: 	 mrr: 0.041830	 ndcg_5: 0.0331	 ndcg_10: 0.0441	 hit@1:0.014664	 hit@5:0.0513	 hit@10: 0.0857
epoch 55: train_loss = 1.690030, source_mrr = 0.047805, source_hit@10 = 0.0998, source_ndcg@10 = 0.0514, target_mrr = 0.041830, target_hit@10 = 0.0857, target_ndcg@10 = 0.0441

2024-08-15 13:44:52.654473: step 9632/13760 (epoch 56/80), loss = 1.685817 (58.426 sec/epoch), lr: 0.001509
Evaluating on dev set...
..................................................................
source: 	 mrr: 0.050293	 ndcg_5: 0.0425	 ndcg_10: 0.0537	 hit@1:0.018695	 hit@5:0.0662	 hit@10: 0.1008
target: 	 mrr: 0.040723	 ndcg_5: 0.0313	 ndcg_10: 0.0430	 hit@1:0.015325	 hit@5:0.0474	 hit@10: 0.0841
source best!
..............................
source: 	 mrr: 0.048838	 ndcg_5: 0.0406	 ndcg_10: 0.0507	 hit@1:0.020421	 hit@5:0.0613	 hit@10: 0.0930
epoch 56: train_loss = 1.685817, source_mrr = 0.048838, source_hit@10 = 0.0930, source_ndcg@10 = 0.0507, target_mrr = 0.040723, target_hit@10 = 0.0841, target_ndcg@10 = 0.0430

2024-08-15 13:45:53.117591: step 9804/13760 (epoch 57/80), loss = 1.688194 (58.412 sec/epoch), lr: 0.001509
Evaluating on dev set...
..................................................................
source: 	 mrr: 0.047025	 ndcg_5: 0.0386	 ndcg_10: 0.0514	 hit@1:0.017744	 hit@5:0.0608	 hit@10: 0.1004
target: 	 mrr: 0.042717	 ndcg_5: 0.0335	 ndcg_10: 0.0458	 hit@1:0.016439	 hit@5:0.0513	 hit@10: 0.0900
target best!
...................................target: 	 mrr: 0.041234	 ndcg_5: 0.0343	 ndcg_10: 0.0430	 hit@1:0.013536	 hit@5:0.0547	 hit@10: 0.0821
epoch 57: train_loss = 1.688194, source_mrr = 0.047025, source_hit@10 = 0.1004, source_ndcg@10 = 0.0514, target_mrr = 0.041234, target_hit@10 = 0.0821, target_ndcg@10 = 0.0430

2024-08-15 13:46:52.169923: step 9976/13760 (epoch 58/80), loss = 1.686037 (57.019 sec/epoch), lr: 0.001434
Evaluating on dev set...
..................................................................
source: 	 mrr: 0.046958	 ndcg_5: 0.0378	 ndcg_10: 0.0503	 hit@1:0.016793	 hit@5:0.0599	 hit@10: 0.0989
target: 	 mrr: 0.040584	 ndcg_5: 0.0320	 ndcg_10: 0.0441	 hit@1:0.012260	 hit@5:0.0513	 hit@10: 0.0889
epoch 58: train_loss = 1.686037, source_mrr = 0.046958, source_hit@10 = 0.0989, source_ndcg@10 = 0.0503, target_mrr = 0.040584, target_hit@10 = 0.0889, target_ndcg@10 = 0.0441

2024-08-15 13:47:49.630751: step 10148/13760 (epoch 59/80), loss = 1.682202 (56.074 sec/epoch), lr: 0.001362
Evaluating on dev set...
..................................................................
source: 	 mrr: 0.048747	 ndcg_5: 0.0419	 ndcg_10: 0.0523	 hit@1:0.018061	 hit@5:0.0665	 hit@10: 0.0995
target: 	 mrr: 0.041015	 ndcg_5: 0.0323	 ndcg_10: 0.0454	 hit@1:0.011424	 hit@5:0.0541	 hit@10: 0.0947
epoch 59: train_loss = 1.682202, source_mrr = 0.048747, source_hit@10 = 0.0995, source_ndcg@10 = 0.0523, target_mrr = 0.041015, target_hit@10 = 0.0947, target_ndcg@10 = 0.0454

2024-08-15 13:48:46.993030: step 10320/13760 (epoch 60/80), loss = 1.681906 (55.906 sec/epoch), lr: 0.001362
Evaluating on dev set...
..................................................................
source: 	 mrr: 0.034680	 ndcg_5: 0.0258	 ndcg_10: 0.0336	 hit@1:0.012041	 hit@5:0.0393	 hit@10: 0.0637
target: 	 mrr: 0.039826	 ndcg_5: 0.0324	 ndcg_10: 0.0431	 hit@1:0.011424	 hit@5:0.0541	 hit@10: 0.0875
epoch 60: train_loss = 1.681906, source_mrr = 0.034680, source_hit@10 = 0.0637, source_ndcg@10 = 0.0336, target_mrr = 0.039826, target_hit@10 = 0.0875, target_ndcg@10 = 0.0431

2024-08-15 13:49:44.148163: step 10492/13760 (epoch 61/80), loss = 1.675272 (55.802 sec/epoch), lr: 0.001294
Evaluating on dev set...
..................................................................
source: 	 mrr: 0.033947	 ndcg_5: 0.0241	 ndcg_10: 0.0320	 hit@1:0.012041	 hit@5:0.0368	 hit@10: 0.0615
target: 	 mrr: 0.041827	 ndcg_5: 0.0329	 ndcg_10: 0.0451	 hit@1:0.014210	 hit@5:0.0518	 hit@10: 0.0900
epoch 61: train_loss = 1.675272, source_mrr = 0.033947, source_hit@10 = 0.0615, source_ndcg@10 = 0.0320, target_mrr = 0.041827, target_hit@10 = 0.0900, target_ndcg@10 = 0.0451

2024-08-15 13:50:41.100802: step 10664/13760 (epoch 62/80), loss = 1.676211 (55.612 sec/epoch), lr: 0.001294
Evaluating on dev set...
..................................................................
source: 	 mrr: 0.037874	 ndcg_5: 0.0315	 ndcg_10: 0.0400	 hit@1:0.011090	 hit@5:0.0520	 hit@10: 0.0786
target: 	 mrr: 0.038204	 ndcg_5: 0.0299	 ndcg_10: 0.0409	 hit@1:0.011702	 hit@5:0.0488	 hit@10: 0.0836
epoch 62: train_loss = 1.676211, source_mrr = 0.037874, source_hit@10 = 0.0786, source_ndcg@10 = 0.0400, target_mrr = 0.038204, target_hit@10 = 0.0836, target_ndcg@10 = 0.0409

2024-08-15 13:51:39.209651: step 10836/13760 (epoch 63/80), loss = 1.677592 (56.698 sec/epoch), lr: 0.001294
Evaluating on dev set...
..................................................................
source: 	 mrr: 0.048096	 ndcg_5: 0.0411	 ndcg_10: 0.0534	 hit@1:0.017427	 hit@5:0.0646	 hit@10: 0.1030
target: 	 mrr: 0.041528	 ndcg_5: 0.0322	 ndcg_10: 0.0453	 hit@1:0.013653	 hit@5:0.0515	 hit@10: 0.0925
epoch 63: train_loss = 1.677592, source_mrr = 0.048096, source_hit@10 = 0.1030, source_ndcg@10 = 0.0534, target_mrr = 0.041528, target_hit@10 = 0.0925, target_ndcg@10 = 0.0453

2024-08-15 13:52:38.191098: step 11008/13760 (epoch 64/80), loss = 1.676226 (57.541 sec/epoch), lr: 0.001294
Evaluating on dev set...
..................................................................
source: 	 mrr: 0.047199	 ndcg_5: 0.0382	 ndcg_10: 0.0503	 hit@1:0.018061	 hit@5:0.0577	 hit@10: 0.0954
target: 	 mrr: 0.038794	 ndcg_5: 0.0303	 ndcg_10: 0.0415	 hit@1:0.012260	 hit@5:0.0493	 hit@10: 0.0844
epoch 64: train_loss = 1.676226, source_mrr = 0.047199, source_hit@10 = 0.0954, source_ndcg@10 = 0.0503, target_mrr = 0.038794, target_hit@10 = 0.0844, target_ndcg@10 = 0.0415

2024-08-15 13:53:36.491051: step 11180/13760 (epoch 65/80), loss = 1.673087 (56.933 sec/epoch), lr: 0.001229
Evaluating on dev set...
..................................................................
source: 	 mrr: 0.046141	 ndcg_5: 0.0381	 ndcg_10: 0.0506	 hit@1:0.018061	 hit@5:0.0586	 hit@10: 0.0979
target: 	 mrr: 0.040601	 ndcg_5: 0.0321	 ndcg_10: 0.0418	 hit@1:0.014489	 hit@5:0.0496	 hit@10: 0.0800
epoch 65: train_loss = 1.673087, source_mrr = 0.046141, source_hit@10 = 0.0979, source_ndcg@10 = 0.0506, target_mrr = 0.040601, target_hit@10 = 0.0800, target_ndcg@10 = 0.0418

2024-08-15 13:54:34.838838: step 11352/13760 (epoch 66/80), loss = 1.671394 (56.894 sec/epoch), lr: 0.001229
Evaluating on dev set...
..................................................................
source: 	 mrr: 0.044082	 ndcg_5: 0.0361	 ndcg_10: 0.0456	 hit@1:0.017427	 hit@5:0.0551	 hit@10: 0.0846
target: 	 mrr: 0.043082	 ndcg_5: 0.0338	 ndcg_10: 0.0472	 hit@1:0.013096	 hit@5:0.0554	 hit@10: 0.0970
target best!
...................................target: 	 mrr: 0.040365	 ndcg_5: 0.0310	 ndcg_10: 0.0418	 hit@1:0.012126	 hit@5:0.0494	 hit@10: 0.0832
epoch 66: train_loss = 1.671394, source_mrr = 0.044082, source_hit@10 = 0.0846, source_ndcg@10 = 0.0456, target_mrr = 0.040365, target_hit@10 = 0.0832, target_ndcg@10 = 0.0418

2024-08-15 13:55:33.138643: step 11524/13760 (epoch 67/80), loss = 1.671295 (56.213 sec/epoch), lr: 0.001229
Evaluating on dev set...
..................................................................
source: 	 mrr: 0.048424	 ndcg_5: 0.0420	 ndcg_10: 0.0543	 hit@1:0.016477	 hit@5:0.0678	 hit@10: 0.1058
target: 	 mrr: 0.041992	 ndcg_5: 0.0340	 ndcg_10: 0.0465	 hit@1:0.011424	 hit@5:0.0566	 hit@10: 0.0956
epoch 67: train_loss = 1.671295, source_mrr = 0.048424, source_hit@10 = 0.1058, source_ndcg@10 = 0.0543, target_mrr = 0.041992, target_hit@10 = 0.0956, target_ndcg@10 = 0.0465

2024-08-15 13:56:31.541195: step 11696/13760 (epoch 68/80), loss = 1.670806 (57.031 sec/epoch), lr: 0.001229
Evaluating on dev set...
..................................................................
source: 	 mrr: 0.048156	 ndcg_5: 0.0409	 ndcg_10: 0.0518	 hit@1:0.017744	 hit@5:0.0643	 hit@10: 0.0985
target: 	 mrr: 0.043743	 ndcg_5: 0.0343	 ndcg_10: 0.0466	 hit@1:0.015046	 hit@5:0.0535	 hit@10: 0.0917
target best!
...................................target: 	 mrr: 0.041718	 ndcg_5: 0.0336	 ndcg_10: 0.0438	 hit@1:0.014100	 hit@5:0.0527	 hit@10: 0.0852
epoch 68: train_loss = 1.670806, source_mrr = 0.048156, source_hit@10 = 0.0985, source_ndcg@10 = 0.0518, target_mrr = 0.041718, target_hit@10 = 0.0852, target_ndcg@10 = 0.0438

2024-08-15 13:57:31.453006: step 11868/13760 (epoch 69/80), loss = 1.667987 (57.344 sec/epoch), lr: 0.001229
Evaluating on dev set...
..................................................................
source: 	 mrr: 0.046985	 ndcg_5: 0.0378	 ndcg_10: 0.0513	 hit@1:0.018378	 hit@5:0.0583	 hit@10: 0.1008
target: 	 mrr: 0.040881	 ndcg_5: 0.0324	 ndcg_10: 0.0436	 hit@1:0.014489	 hit@5:0.0513	 hit@10: 0.0864
epoch 69: train_loss = 1.667987, source_mrr = 0.046985, source_hit@10 = 0.1008, source_ndcg@10 = 0.0513, target_mrr = 0.040881, target_hit@10 = 0.0864, target_ndcg@10 = 0.0436

2024-08-15 13:58:29.459024: step 12040/13760 (epoch 70/80), loss = 1.665728 (56.569 sec/epoch), lr: 0.001168
Evaluating on dev set...
..................................................................
source: 	 mrr: 0.046231	 ndcg_5: 0.0368	 ndcg_10: 0.0496	 hit@1:0.019011	 hit@5:0.0558	 hit@10: 0.0957
target: 	 mrr: 0.041246	 ndcg_5: 0.0337	 ndcg_10: 0.0437	 hit@1:0.015046	 hit@5:0.0535	 hit@10: 0.0850
epoch 70: train_loss = 1.665728, source_mrr = 0.046231, source_hit@10 = 0.0957, source_ndcg@10 = 0.0496, target_mrr = 0.041246, target_hit@10 = 0.0850, target_ndcg@10 = 0.0437

2024-08-15 13:59:28.414055: step 12212/13760 (epoch 71/80), loss = 1.662305 (57.509 sec/epoch), lr: 0.001110
Evaluating on dev set...
..................................................................
source: 	 mrr: 0.045349	 ndcg_5: 0.0370	 ndcg_10: 0.0474	 hit@1:0.016793	 hit@5:0.0570	 hit@10: 0.0897
target: 	 mrr: 0.042803	 ndcg_5: 0.0333	 ndcg_10: 0.0456	 hit@1:0.014767	 hit@5:0.0518	 hit@10: 0.0897
epoch 71: train_loss = 1.662305, source_mrr = 0.045349, source_hit@10 = 0.0897, source_ndcg@10 = 0.0474, target_mrr = 0.042803, target_hit@10 = 0.0897, target_ndcg@10 = 0.0456

2024-08-15 14:00:27.607412: step 12384/13760 (epoch 72/80), loss = 1.661047 (57.736 sec/epoch), lr: 0.001110
Evaluating on dev set...
..................................................................
source: 	 mrr: 0.038960	 ndcg_5: 0.0307	 ndcg_10: 0.0404	 hit@1:0.014575	 hit@5:0.0482	 hit@10: 0.0779
target: 	 mrr: 0.042766	 ndcg_5: 0.0328	 ndcg_10: 0.0455	 hit@1:0.015603	 hit@5:0.0499	 hit@10: 0.0894
epoch 72: train_loss = 1.661047, source_mrr = 0.038960, source_hit@10 = 0.0779, source_ndcg@10 = 0.0404, target_mrr = 0.042766, target_hit@10 = 0.0894, target_ndcg@10 = 0.0455

2024-08-15 14:01:26.305617: step 12556/13760 (epoch 73/80), loss = 1.659146 (57.287 sec/epoch), lr: 0.001054
Evaluating on dev set...
..................................................................
source: 	 mrr: 0.027603	 ndcg_5: 0.0193	 ndcg_10: 0.0246	 hit@1:0.008555	 hit@5:0.0301	 hit@10: 0.0466
target: 	 mrr: 0.040966	 ndcg_5: 0.0326	 ndcg_10: 0.0439	 hit@1:0.012538	 hit@5:0.0532	 hit@10: 0.0883
epoch 73: train_loss = 1.659146, source_mrr = 0.027603, source_hit@10 = 0.0466, source_ndcg@10 = 0.0246, target_mrr = 0.040966, target_hit@10 = 0.0883, target_ndcg@10 = 0.0439

2024-08-15 14:02:23.401157: step 12728/13760 (epoch 74/80), loss = 1.657165 (55.738 sec/epoch), lr: 0.001001
Evaluating on dev set...
..................................................................
source: 	 mrr: 0.047422	 ndcg_5: 0.0409	 ndcg_10: 0.0519	 hit@1:0.016793	 hit@5:0.0646	 hit@10: 0.0992
target: 	 mrr: 0.042670	 ndcg_5: 0.0329	 ndcg_10: 0.0456	 hit@1:0.015603	 hit@5:0.0510	 hit@10: 0.0908
epoch 74: train_loss = 1.657165, source_mrr = 0.047422, source_hit@10 = 0.0992, source_ndcg@10 = 0.0519, target_mrr = 0.042670, target_hit@10 = 0.0908, target_ndcg@10 = 0.0456

2024-08-15 14:03:22.575036: step 12900/13760 (epoch 75/80), loss = 1.652186 (57.863 sec/epoch), lr: 0.001001
Evaluating on dev set...
..................................................................
source: 	 mrr: 0.046083	 ndcg_5: 0.0395	 ndcg_10: 0.0496	 hit@1:0.015526	 hit@5:0.0634	 hit@10: 0.0947
target: 	 mrr: 0.040495	 ndcg_5: 0.0310	 ndcg_10: 0.0431	 hit@1:0.012817	 hit@5:0.0488	 hit@10: 0.0861
epoch 75: train_loss = 1.652186, source_mrr = 0.046083, source_hit@10 = 0.0947, source_ndcg@10 = 0.0496, target_mrr = 0.040495, target_hit@10 = 0.0861, target_ndcg@10 = 0.0431

2024-08-15 14:04:18.425905: step 13072/13760 (epoch 76/80), loss = 1.649710 (54.441 sec/epoch), lr: 0.000951
Evaluating on dev set...
..................................................................
source: 	 mrr: 0.046486	 ndcg_5: 0.0395	 ndcg_10: 0.0493	 hit@1:0.019645	 hit@5:0.0596	 hit@10: 0.0900
target: 	 mrr: 0.041723	 ndcg_5: 0.0336	 ndcg_10: 0.0438	 hit@1:0.015603	 hit@5:0.0524	 hit@10: 0.0847
epoch 76: train_loss = 1.649710, source_mrr = 0.046486, source_hit@10 = 0.0900, source_ndcg@10 = 0.0493, target_mrr = 0.041723, target_hit@10 = 0.0847, target_ndcg@10 = 0.0438

2024-08-15 14:05:16.719368: step 13244/13760 (epoch 77/80), loss = 1.653241 (56.598 sec/epoch), lr: 0.000951
Evaluating on dev set...
..................................................................
source: 	 mrr: 0.049639	 ndcg_5: 0.0417	 ndcg_10: 0.0537	 hit@1:0.019645	 hit@5:0.0631	 hit@10: 0.1004
target: 	 mrr: 0.040336	 ndcg_5: 0.0325	 ndcg_10: 0.0433	 hit@1:0.013931	 hit@5:0.0515	 hit@10: 0.0853
epoch 77: train_loss = 1.653241, source_mrr = 0.049639, source_hit@10 = 0.1004, source_ndcg@10 = 0.0537, target_mrr = 0.040336, target_hit@10 = 0.0853, target_ndcg@10 = 0.0433

2024-08-15 14:06:13.096676: step 13416/13760 (epoch 78/80), loss = 1.652645 (55.033 sec/epoch), lr: 0.000951
Evaluating on dev set...
..................................................................
source: 	 mrr: 0.046095	 ndcg_5: 0.0387	 ndcg_10: 0.0490	 hit@1:0.017744	 hit@5:0.0596	 hit@10: 0.0916
target: 	 mrr: 0.035222	 ndcg_5: 0.0265	 ndcg_10: 0.0367	 hit@1:0.011702	 hit@5:0.0415	 hit@10: 0.0738
epoch 78: train_loss = 1.652645, source_mrr = 0.046095, source_hit@10 = 0.0916, source_ndcg@10 = 0.0490, target_mrr = 0.035222, target_hit@10 = 0.0738, target_ndcg@10 = 0.0367

2024-08-15 14:07:09.510408: step 13588/13760 (epoch 79/80), loss = 1.650614 (55.005 sec/epoch), lr: 0.000904
Evaluating on dev set...
..................................................................
source: 	 mrr: 0.044128	 ndcg_5: 0.0353	 ndcg_10: 0.0492	 hit@1:0.013308	 hit@5:0.0574	 hit@10: 0.1008
target: 	 mrr: 0.040042	 ndcg_5: 0.0305	 ndcg_10: 0.0432	 hit@1:0.013374	 hit@5:0.0465	 hit@10: 0.0864
epoch 79: train_loss = 1.650614, source_mrr = 0.044128, source_hit@10 = 0.1008, source_ndcg@10 = 0.0492, target_mrr = 0.040042, target_hit@10 = 0.0864, target_ndcg@10 = 0.0432

2024-08-15 14:08:06.347245: step 13760/13760 (epoch 80/80), loss = 1.649785 (55.404 sec/epoch), lr: 0.000904
Evaluating on dev set...
..................................................................
source: 	 mrr: 0.048075	 ndcg_5: 0.0404	 ndcg_10: 0.0532	 hit@1:0.016477	 hit@5:0.0643	 hit@10: 0.1039
target: 	 mrr: 0.042280	 ndcg_5: 0.0351	 ndcg_10: 0.0481	 hit@1:0.014489	 hit@5:0.0574	 hit@10: 0.0978
epoch 80: train_loss = 1.649785, source_mrr = 0.048075, source_hit@10 = 0.1039, source_ndcg@10 = 0.0532, target_mrr = 0.042280, target_hit@10 = 0.0978, target_ndcg@10 = 0.0481

source best:  source_mrr = 0.048424, source_hit@10 = 0.1058, source_ndcg@10 = 0.0543
target best:  target_mrr = 0.042280, target_hit@10 = 0.0978, target_ndcg@10 = 0.0481
