using gpu:0 to train the model
using gpu:0 to train the model
cuda:0
Namespace(A_split=False, JK='sum', a_fold=100, aggregate=False, alpha=0.5, batch_size=2048, beta_inter=0.3, conv_layers=4, cuda=True, decay_epoch=10, device=device(type='cuda', index=0), device_id='0', domains='cloth_sport', dropout=0.4, epoch=80, feature_dim=126, gamma_intra=0.8, hidden_dim=126, inter_tau=0.2, intra_tau=0.4, lambda_critic=0.4, leakey=0.05, load=False, log='logs.txt', log_epoch=1, lr=0.004, lr_decay=0.95, min_epoch=60, mode='train', model_file=None, model_name='cs', momentum=0.98, num_latent_factors=3, num_negative=100, optim='adam', patience=20, proj_layers=1, projection=1, rectify_epoch=40, residual=1, save=False, save_dir='./saved_models', seed=32, similarity_tau=0.2, step=5, test_sample_number=999, user_batch_size=256, weight_decay=0.0002)
number_user 41829
number_item 17943
real graph loaded!
number_user 27328
number_item 12655
real graph loaded!
graph loaded!
Loading data from cloth_sport with batch size 2048...
unseen test: 0
test length: 3156
unseen test: 0
test length: 3085
unseen test: 0
test length: 3589
unseen test: 0
test length: 3546
source_user_num 41829
target_user_num 27328
source_item_num 17943
target_item_num 12655
shared users id: 7857
test users 990, 982
unseen test: 0
dev length: 1000
unseen test: 0
dev length: 1000
source train data : 187880, target train data: 163291, source test data : 3085, target test data : 3546, source dev data : 1000, target dev data : 1000
2024-08-15 18:20:35.610743: step 172/13760 (epoch 1/80), loss = 2.419793 (24.430 sec/epoch), lr: 0.004000
Evaluating on dev set...
..................................................................
source: 	 mrr: 0.039655	 ndcg_5: 0.0319	 ndcg_10: 0.0425	 hit@1:0.012674	 hit@5:0.0520	 hit@10: 0.0852
target: 	 mrr: 0.025974	 ndcg_5: 0.0184	 ndcg_10: 0.0248	 hit@1:0.008080	 hit@5:0.0293	 hit@10: 0.0493
source best!
..............................
source: 	 mrr: 0.035258	 ndcg_5: 0.0262	 ndcg_10: 0.0354	 hit@1:0.010697	 hit@5:0.0418	 hit@10: 0.0703
target best!
...................................target: 	 mrr: 0.027364	 ndcg_5: 0.0203	 ndcg_10: 0.0270	 hit@1:0.008742	 hit@5:0.0321	 hit@10: 0.0533
epoch 1: train_loss = 2.419793, source_mrr = 0.035258, source_hit@10 = 0.0703, source_ndcg@10 = 0.0354, target_mrr = 0.027364, target_hit@10 = 0.0533, target_ndcg@10 = 0.0270

2024-08-15 18:21:01.440725: step 344/13760 (epoch 2/80), loss = 2.033490 (24.570 sec/epoch), lr: 0.004000
Evaluating on dev set...
..................................................................
source: 	 mrr: 0.042290	 ndcg_5: 0.0325	 ndcg_10: 0.0451	 hit@1:0.014892	 hit@5:0.0516	 hit@10: 0.0906
target: 	 mrr: 0.027735	 ndcg_5: 0.0178	 ndcg_10: 0.0262	 hit@1:0.007244	 hit@5:0.0284	 hit@10: 0.0543
source best!
..............................
source: 	 mrr: 0.041804	 ndcg_5: 0.0326	 ndcg_10: 0.0441	 hit@1:0.014587	 hit@5:0.0502	 hit@10: 0.0869
target best!
...................................target: 	 mrr: 0.030275	 ndcg_5: 0.0237	 ndcg_10: 0.0311	 hit@1:0.007896	 hit@5:0.0403	 hit@10: 0.0635
epoch 2: train_loss = 2.033490, source_mrr = 0.041804, source_hit@10 = 0.0869, source_ndcg@10 = 0.0441, target_mrr = 0.030275, target_hit@10 = 0.0635, target_ndcg@10 = 0.0311

2024-08-15 18:21:27.126967: step 516/13760 (epoch 3/80), loss = 1.918496 (24.468 sec/epoch), lr: 0.004000
Evaluating on dev set...
..................................................................
source: 	 mrr: 0.032371	 ndcg_5: 0.0239	 ndcg_10: 0.0330	 hit@1:0.011090	 hit@5:0.0364	 hit@10: 0.0650
target: 	 mrr: 0.033128	 ndcg_5: 0.0252	 ndcg_10: 0.0340	 hit@1:0.009473	 hit@5:0.0424	 hit@10: 0.0702
target best!
...................................target: 	 mrr: 0.033377	 ndcg_5: 0.0258	 ndcg_10: 0.0336	 hit@1:0.009306	 hit@5:0.0423	 hit@10: 0.0671
epoch 3: train_loss = 1.918496, source_mrr = 0.032371, source_hit@10 = 0.0650, source_ndcg@10 = 0.0330, target_mrr = 0.033377, target_hit@10 = 0.0671, target_ndcg@10 = 0.0336

2024-08-15 18:21:52.437662: step 688/13760 (epoch 4/80), loss = 1.862774 (24.356 sec/epoch), lr: 0.004000
Evaluating on dev set...
..................................................................
source: 	 mrr: 0.040482	 ndcg_5: 0.0310	 ndcg_10: 0.0443	 hit@1:0.013625	 hit@5:0.0491	 hit@10: 0.0906
target: 	 mrr: 0.033811	 ndcg_5: 0.0259	 ndcg_10: 0.0348	 hit@1:0.009195	 hit@5:0.0424	 hit@10: 0.0705
target best!
...................................target: 	 mrr: 0.034675	 ndcg_5: 0.0271	 ndcg_10: 0.0372	 hit@1:0.008742	 hit@5:0.0451	 hit@10: 0.0767
epoch 4: train_loss = 1.862774, source_mrr = 0.040482, source_hit@10 = 0.0906, source_ndcg@10 = 0.0443, target_mrr = 0.034675, target_hit@10 = 0.0767, target_ndcg@10 = 0.0372

2024-08-15 18:22:18.001327: step 860/13760 (epoch 5/80), loss = 1.826686 (24.615 sec/epoch), lr: 0.004000
Evaluating on dev set...
..................................................................
source: 	 mrr: 0.041509	 ndcg_5: 0.0328	 ndcg_10: 0.0449	 hit@1:0.013308	 hit@5:0.0523	 hit@10: 0.0903
target: 	 mrr: 0.036246	 ndcg_5: 0.0277	 ndcg_10: 0.0384	 hit@1:0.010031	 hit@5:0.0443	 hit@10: 0.0780
target best!
...................................target: 	 mrr: 0.036242	 ndcg_5: 0.0287	 ndcg_10: 0.0383	 hit@1:0.010998	 hit@5:0.0460	 hit@10: 0.0761
epoch 5: train_loss = 1.826686, source_mrr = 0.041509, source_hit@10 = 0.0903, source_ndcg@10 = 0.0449, target_mrr = 0.036242, target_hit@10 = 0.0761, target_ndcg@10 = 0.0383

2024-08-15 18:22:43.593304: step 1032/13760 (epoch 6/80), loss = 1.801911 (24.650 sec/epoch), lr: 0.004000
Evaluating on dev set...
..................................................................
source: 	 mrr: 0.045057	 ndcg_5: 0.0351	 ndcg_10: 0.0480	 hit@1:0.014892	 hit@5:0.0548	 hit@10: 0.0954
target: 	 mrr: 0.035066	 ndcg_5: 0.0262	 ndcg_10: 0.0358	 hit@1:0.013374	 hit@5:0.0390	 hit@10: 0.0685
source best!
..............................
source: 	 mrr: 0.045132	 ndcg_5: 0.0367	 ndcg_10: 0.0470	 hit@1:0.017180	 hit@5:0.0564	 hit@10: 0.0885
epoch 6: train_loss = 1.801911, source_mrr = 0.045132, source_hit@10 = 0.0885, source_ndcg@10 = 0.0470, target_mrr = 0.035066, target_hit@10 = 0.0685, target_ndcg@10 = 0.0358

2024-08-15 18:23:08.918288: step 1204/13760 (epoch 7/80), loss = 1.781205 (24.386 sec/epoch), lr: 0.004000
Evaluating on dev set...
..................................................................
source: 	 mrr: 0.042089	 ndcg_5: 0.0319	 ndcg_10: 0.0446	 hit@1:0.013942	 hit@5:0.0501	 hit@10: 0.0897
target: 	 mrr: 0.030227	 ndcg_5: 0.0215	 ndcg_10: 0.0297	 hit@1:0.008638	 hit@5:0.0351	 hit@10: 0.0610
epoch 7: train_loss = 1.781205, source_mrr = 0.042089, source_hit@10 = 0.0897, source_ndcg@10 = 0.0446, target_mrr = 0.030227, target_hit@10 = 0.0610, target_ndcg@10 = 0.0297

2024-08-15 18:23:33.824119: step 1376/13760 (epoch 8/80), loss = 1.763728 (24.256 sec/epoch), lr: 0.004000
Evaluating on dev set...
..................................................................
source: 	 mrr: 0.046352	 ndcg_5: 0.0385	 ndcg_10: 0.0493	 hit@1:0.016477	 hit@5:0.0612	 hit@10: 0.0947
target: 	 mrr: 0.032168	 ndcg_5: 0.0225	 ndcg_10: 0.0328	 hit@1:0.011424	 hit@5:0.0334	 hit@10: 0.0652
source best!
..............................
source: 	 mrr: 0.046902	 ndcg_5: 0.0396	 ndcg_10: 0.0494	 hit@1:0.018801	 hit@5:0.0619	 hit@10: 0.0927
epoch 8: train_loss = 1.763728, source_mrr = 0.046902, source_hit@10 = 0.0927, source_ndcg@10 = 0.0494, target_mrr = 0.032168, target_hit@10 = 0.0652, target_ndcg@10 = 0.0328

2024-08-15 18:23:59.274942: step 1548/13760 (epoch 9/80), loss = 1.753319 (24.530 sec/epoch), lr: 0.004000
Evaluating on dev set...
..................................................................
source: 	 mrr: 0.043385	 ndcg_5: 0.0350	 ndcg_10: 0.0464	 hit@1:0.012991	 hit@5:0.0567	 hit@10: 0.0919
target: 	 mrr: 0.039110	 ndcg_5: 0.0317	 ndcg_10: 0.0401	 hit@1:0.012538	 hit@5:0.0502	 hit@10: 0.0766
target best!
...................................target: 	 mrr: 0.041341	 ndcg_5: 0.0339	 ndcg_10: 0.0429	 hit@1:0.015792	 hit@5:0.0516	 hit@10: 0.0790
epoch 9: train_loss = 1.753319, source_mrr = 0.043385, source_hit@10 = 0.0919, source_ndcg@10 = 0.0464, target_mrr = 0.041341, target_hit@10 = 0.0790, target_ndcg@10 = 0.0429

2024-08-15 18:24:25.238258: step 1720/13760 (epoch 10/80), loss = 1.744085 (24.993 sec/epoch), lr: 0.004000
Evaluating on dev set...
..................................................................
source: 	 mrr: 0.043631	 ndcg_5: 0.0325	 ndcg_10: 0.0464	 hit@1:0.015526	 hit@5:0.0494	 hit@10: 0.0935
target: 	 mrr: 0.036143	 ndcg_5: 0.0271	 ndcg_10: 0.0374	 hit@1:0.013096	 hit@5:0.0418	 hit@10: 0.0738
epoch 10: train_loss = 1.744085, source_mrr = 0.043631, source_hit@10 = 0.0935, source_ndcg@10 = 0.0464, target_mrr = 0.036143, target_hit@10 = 0.0738, target_ndcg@10 = 0.0374

2024-08-15 18:24:50.194340: step 1892/13760 (epoch 11/80), loss = 1.736708 (24.308 sec/epoch), lr: 0.004000
Evaluating on dev set...
..................................................................
source: 	 mrr: 0.045009	 ndcg_5: 0.0368	 ndcg_10: 0.0493	 hit@1:0.013942	 hit@5:0.0596	 hit@10: 0.0979
target: 	 mrr: 0.038829	 ndcg_5: 0.0308	 ndcg_10: 0.0407	 hit@1:0.011702	 hit@5:0.0507	 hit@10: 0.0814
epoch 11: train_loss = 1.736708, source_mrr = 0.045009, source_hit@10 = 0.0979, source_ndcg@10 = 0.0493, target_mrr = 0.038829, target_hit@10 = 0.0814, target_ndcg@10 = 0.0407

2024-08-15 18:25:15.355044: step 2064/13760 (epoch 12/80), loss = 1.730696 (24.521 sec/epoch), lr: 0.004000
Evaluating on dev set...
..................................................................
source: 	 mrr: 0.049408	 ndcg_5: 0.0400	 ndcg_10: 0.0530	 hit@1:0.017427	 hit@5:0.0624	 hit@10: 0.1030
target: 	 mrr: 0.033484	 ndcg_5: 0.0238	 ndcg_10: 0.0342	 hit@1:0.011145	 hit@5:0.0365	 hit@10: 0.0688
source best!
..............................
source: 	 mrr: 0.044094	 ndcg_5: 0.0343	 ndcg_10: 0.0472	 hit@1:0.013614	 hit@5:0.0545	 hit@10: 0.0943
epoch 12: train_loss = 1.730696, source_mrr = 0.044094, source_hit@10 = 0.0943, source_ndcg@10 = 0.0472, target_mrr = 0.033484, target_hit@10 = 0.0688, target_ndcg@10 = 0.0342

2024-08-15 18:25:40.487660: step 2236/13760 (epoch 13/80), loss = 1.717747 (24.216 sec/epoch), lr: 0.003800
Evaluating on dev set...
..................................................................
source: 	 mrr: 0.046269	 ndcg_5: 0.0359	 ndcg_10: 0.0487	 hit@1:0.017110	 hit@5:0.0539	 hit@10: 0.0935
target: 	 mrr: 0.034604	 ndcg_5: 0.0269	 ndcg_10: 0.0367	 hit@1:0.012817	 hit@5:0.0415	 hit@10: 0.0724
epoch 13: train_loss = 1.717747, source_mrr = 0.046269, source_hit@10 = 0.0935, source_ndcg@10 = 0.0487, target_mrr = 0.034604, target_hit@10 = 0.0724, target_ndcg@10 = 0.0367

2024-08-15 18:26:05.653669: step 2408/13760 (epoch 14/80), loss = 1.708948 (24.511 sec/epoch), lr: 0.003610
Evaluating on dev set...
..................................................................
source: 	 mrr: 0.046243	 ndcg_5: 0.0366	 ndcg_10: 0.0490	 hit@1:0.017110	 hit@5:0.0554	 hit@10: 0.0944
target: 	 mrr: 0.037276	 ndcg_5: 0.0287	 ndcg_10: 0.0395	 hit@1:0.011424	 hit@5:0.0468	 hit@10: 0.0805
epoch 14: train_loss = 1.708948, source_mrr = 0.046243, source_hit@10 = 0.0944, source_ndcg@10 = 0.0490, target_mrr = 0.037276, target_hit@10 = 0.0805, target_ndcg@10 = 0.0395

2024-08-15 18:26:30.963054: step 2580/13760 (epoch 15/80), loss = 1.702369 (24.670 sec/epoch), lr: 0.003610
Evaluating on dev set...
..................................................................
source: 	 mrr: 0.045038	 ndcg_5: 0.0366	 ndcg_10: 0.0470	 hit@1:0.014892	 hit@5:0.0593	 hit@10: 0.0913
target: 	 mrr: 0.028587	 ndcg_5: 0.0218	 ndcg_10: 0.0305	 hit@1:0.006408	 hit@5:0.0373	 hit@10: 0.0649
epoch 15: train_loss = 1.702369, source_mrr = 0.045038, source_hit@10 = 0.0913, source_ndcg@10 = 0.0470, target_mrr = 0.028587, target_hit@10 = 0.0649, target_ndcg@10 = 0.0305

2024-08-15 18:26:55.989938: step 2752/13760 (epoch 16/80), loss = 1.695560 (24.373 sec/epoch), lr: 0.003429
Evaluating on dev set...
..................................................................
source: 	 mrr: 0.044888	 ndcg_5: 0.0355	 ndcg_10: 0.0479	 hit@1:0.015209	 hit@5:0.0570	 hit@10: 0.0960
target: 	 mrr: 0.031335	 ndcg_5: 0.0242	 ndcg_10: 0.0329	 hit@1:0.009473	 hit@5:0.0396	 hit@10: 0.0666
epoch 16: train_loss = 1.695560, source_mrr = 0.044888, source_hit@10 = 0.0960, source_ndcg@10 = 0.0479, target_mrr = 0.031335, target_hit@10 = 0.0666, target_ndcg@10 = 0.0329

2024-08-15 18:27:20.839594: step 2924/13760 (epoch 17/80), loss = 1.689970 (24.195 sec/epoch), lr: 0.003429
Evaluating on dev set...
..................................................................
source: 	 mrr: 0.044584	 ndcg_5: 0.0347	 ndcg_10: 0.0460	 hit@1:0.014892	 hit@5:0.0535	 hit@10: 0.0887
target: 	 mrr: 0.035729	 ndcg_5: 0.0276	 ndcg_10: 0.0395	 hit@1:0.010031	 hit@5:0.0465	 hit@10: 0.0841
epoch 17: train_loss = 1.689970, source_mrr = 0.044584, source_hit@10 = 0.0887, source_ndcg@10 = 0.0460, target_mrr = 0.035729, target_hit@10 = 0.0841, target_ndcg@10 = 0.0395

2024-08-15 18:27:46.133584: step 3096/13760 (epoch 18/80), loss = 1.685442 (24.651 sec/epoch), lr: 0.003429
Evaluating on dev set...
..................................................................
source: 	 mrr: 0.042110	 ndcg_5: 0.0311	 ndcg_10: 0.0427	 hit@1:0.013942	 hit@5:0.0488	 hit@10: 0.0849
target: 	 mrr: 0.029945	 ndcg_5: 0.0223	 ndcg_10: 0.0310	 hit@1:0.008638	 hit@5:0.0371	 hit@10: 0.0644
epoch 18: train_loss = 1.685442, source_mrr = 0.042110, source_hit@10 = 0.0849, source_ndcg@10 = 0.0427, target_mrr = 0.029945, target_hit@10 = 0.0644, target_ndcg@10 = 0.0310

2024-08-15 18:28:11.240110: step 3268/13760 (epoch 19/80), loss = 1.678835 (24.459 sec/epoch), lr: 0.003258
Evaluating on dev set...
..................................................................
source: 	 mrr: 0.047159	 ndcg_5: 0.0376	 ndcg_10: 0.0489	 hit@1:0.018061	 hit@5:0.0580	 hit@10: 0.0932
target: 	 mrr: 0.042693	 ndcg_5: 0.0345	 ndcg_10: 0.0461	 hit@1:0.014767	 hit@5:0.0543	 hit@10: 0.0906
target best!
...................................target: 	 mrr: 0.043630	 ndcg_5: 0.0358	 ndcg_10: 0.0472	 hit@1:0.016920	 hit@5:0.0550	 hit@10: 0.0908
epoch 19: train_loss = 1.678835, source_mrr = 0.047159, source_hit@10 = 0.0932, source_ndcg@10 = 0.0489, target_mrr = 0.043630, target_hit@10 = 0.0908, target_ndcg@10 = 0.0472

2024-08-15 18:28:36.789969: step 3440/13760 (epoch 20/80), loss = 1.677361 (24.570 sec/epoch), lr: 0.003258
Evaluating on dev set...
..................................................................
source: 	 mrr: 0.047441	 ndcg_5: 0.0377	 ndcg_10: 0.0521	 hit@1:0.015526	 hit@5:0.0596	 hit@10: 0.1046
target: 	 mrr: 0.034627	 ndcg_5: 0.0258	 ndcg_10: 0.0357	 hit@1:0.010031	 hit@5:0.0415	 hit@10: 0.0724
epoch 20: train_loss = 1.677361, source_mrr = 0.047441, source_hit@10 = 0.1046, source_ndcg@10 = 0.0521, target_mrr = 0.034627, target_hit@10 = 0.0724, target_ndcg@10 = 0.0357

2024-08-15 18:29:01.918813: step 3612/13760 (epoch 21/80), loss = 1.668199 (24.489 sec/epoch), lr: 0.003095
Evaluating on dev set...
..................................................................
source: 	 mrr: 0.046529	 ndcg_5: 0.0381	 ndcg_10: 0.0493	 hit@1:0.014892	 hit@5:0.0615	 hit@10: 0.0970
target: 	 mrr: 0.038608	 ndcg_5: 0.0297	 ndcg_10: 0.0419	 hit@1:0.010588	 hit@5:0.0485	 hit@10: 0.0864
epoch 21: train_loss = 1.668199, source_mrr = 0.046529, source_hit@10 = 0.0970, source_ndcg@10 = 0.0493, target_mrr = 0.038608, target_hit@10 = 0.0864, target_ndcg@10 = 0.0419

2024-08-15 18:29:26.967422: step 3784/13760 (epoch 22/80), loss = 1.664244 (24.397 sec/epoch), lr: 0.003095
Evaluating on dev set...
..................................................................
source: 	 mrr: 0.045150	 ndcg_5: 0.0354	 ndcg_10: 0.0490	 hit@1:0.014892	 hit@5:0.0570	 hit@10: 0.0992
target: 	 mrr: 0.031380	 ndcg_5: 0.0248	 ndcg_10: 0.0323	 hit@1:0.009752	 hit@5:0.0393	 hit@10: 0.0627
epoch 22: train_loss = 1.664244, source_mrr = 0.045150, source_hit@10 = 0.0992, source_ndcg@10 = 0.0490, target_mrr = 0.031380, target_hit@10 = 0.0627, target_ndcg@10 = 0.0323

2024-08-15 18:29:51.995786: step 3956/13760 (epoch 23/80), loss = 1.653423 (24.390 sec/epoch), lr: 0.002940
Evaluating on dev set...
..................................................................
source: 	 mrr: 0.047998	 ndcg_5: 0.0382	 ndcg_10: 0.0511	 hit@1:0.017427	 hit@5:0.0599	 hit@10: 0.0995
target: 	 mrr: 0.036893	 ndcg_5: 0.0274	 ndcg_10: 0.0395	 hit@1:0.009195	 hit@5:0.0460	 hit@10: 0.0833
epoch 23: train_loss = 1.653423, source_mrr = 0.047998, source_hit@10 = 0.0995, source_ndcg@10 = 0.0511, target_mrr = 0.036893, target_hit@10 = 0.0833, target_ndcg@10 = 0.0395

2024-08-15 18:30:17.075904: step 4128/13760 (epoch 24/80), loss = 1.650166 (24.428 sec/epoch), lr: 0.002940
Evaluating on dev set...
..................................................................
source: 	 mrr: 0.045270	 ndcg_5: 0.0352	 ndcg_10: 0.0481	 hit@1:0.015209	 hit@5:0.0551	 hit@10: 0.0957
target: 	 mrr: 0.038024	 ndcg_5: 0.0287	 ndcg_10: 0.0412	 hit@1:0.010588	 hit@5:0.0482	 hit@10: 0.0869
epoch 24: train_loss = 1.650166, source_mrr = 0.045270, source_hit@10 = 0.0957, source_ndcg@10 = 0.0481, target_mrr = 0.038024, target_hit@10 = 0.0869, target_ndcg@10 = 0.0412

2024-08-15 18:30:42.322571: step 4300/13760 (epoch 25/80), loss = 1.640607 (24.578 sec/epoch), lr: 0.002793
Evaluating on dev set...
..................................................................
source: 	 mrr: 0.047191	 ndcg_5: 0.0399	 ndcg_10: 0.0505	 hit@1:0.014892	 hit@5:0.0650	 hit@10: 0.0982
target: 	 mrr: 0.038968	 ndcg_5: 0.0318	 ndcg_10: 0.0417	 hit@1:0.013096	 hit@5:0.0507	 hit@10: 0.0811
epoch 25: train_loss = 1.640607, source_mrr = 0.047191, source_hit@10 = 0.0982, source_ndcg@10 = 0.0505, target_mrr = 0.038968, target_hit@10 = 0.0811, target_ndcg@10 = 0.0417

2024-08-15 18:31:07.259793: step 4472/13760 (epoch 26/80), loss = 1.639973 (24.294 sec/epoch), lr: 0.002793
Evaluating on dev set...
..................................................................
source: 	 mrr: 0.046819	 ndcg_5: 0.0371	 ndcg_10: 0.0476	 hit@1:0.017427	 hit@5:0.0561	 hit@10: 0.0890
target: 	 mrr: 0.038858	 ndcg_5: 0.0291	 ndcg_10: 0.0408	 hit@1:0.012260	 hit@5:0.0465	 hit@10: 0.0836
epoch 26: train_loss = 1.639973, source_mrr = 0.046819, source_hit@10 = 0.0890, source_ndcg@10 = 0.0476, target_mrr = 0.038858, target_hit@10 = 0.0836, target_ndcg@10 = 0.0408

2024-08-15 18:31:32.328963: step 4644/13760 (epoch 27/80), loss = 1.630924 (24.426 sec/epoch), lr: 0.002654
Evaluating on dev set...
..................................................................
source: 	 mrr: 0.045099	 ndcg_5: 0.0340	 ndcg_10: 0.0480	 hit@1:0.016793	 hit@5:0.0523	 hit@10: 0.0960
target: 	 mrr: 0.037915	 ndcg_5: 0.0295	 ndcg_10: 0.0411	 hit@1:0.009195	 hit@5:0.0504	 hit@10: 0.0872
epoch 27: train_loss = 1.630924, source_mrr = 0.045099, source_hit@10 = 0.0960, source_ndcg@10 = 0.0480, target_mrr = 0.037915, target_hit@10 = 0.0872, target_ndcg@10 = 0.0411

2024-08-15 18:31:57.224107: step 4816/13760 (epoch 28/80), loss = 1.622887 (24.255 sec/epoch), lr: 0.002521
Evaluating on dev set...
..................................................................
source: 	 mrr: 0.047192	 ndcg_5: 0.0376	 ndcg_10: 0.0525	 hit@1:0.014892	 hit@5:0.0602	 hit@10: 0.1068
target: 	 mrr: 0.041399	 ndcg_5: 0.0314	 ndcg_10: 0.0432	 hit@1:0.014210	 hit@5:0.0490	 hit@10: 0.0855
epoch 28: train_loss = 1.622887, source_mrr = 0.047192, source_hit@10 = 0.1068, source_ndcg@10 = 0.0525, target_mrr = 0.041399, target_hit@10 = 0.0855, target_ndcg@10 = 0.0432

2024-08-15 18:32:22.306987: step 4988/13760 (epoch 29/80), loss = 1.622370 (24.424 sec/epoch), lr: 0.002521
Evaluating on dev set...
..................................................................
source: 	 mrr: 0.048741	 ndcg_5: 0.0398	 ndcg_10: 0.0524	 hit@1:0.018695	 hit@5:0.0612	 hit@10: 0.1004
target: 	 mrr: 0.039380	 ndcg_5: 0.0324	 ndcg_10: 0.0435	 hit@1:0.011702	 hit@5:0.0543	 hit@10: 0.0889
epoch 29: train_loss = 1.622370, source_mrr = 0.048741, source_hit@10 = 0.1004, source_ndcg@10 = 0.0524, target_mrr = 0.039380, target_hit@10 = 0.0889, target_ndcg@10 = 0.0435

2024-08-15 18:32:47.438385: step 5160/13760 (epoch 30/80), loss = 1.616515 (24.488 sec/epoch), lr: 0.002395
Evaluating on dev set...
..................................................................
source: 	 mrr: 0.047613	 ndcg_5: 0.0396	 ndcg_10: 0.0511	 hit@1:0.015843	 hit@5:0.0624	 hit@10: 0.0985
target: 	 mrr: 0.036009	 ndcg_5: 0.0268	 ndcg_10: 0.0369	 hit@1:0.011981	 hit@5:0.0418	 hit@10: 0.0730
epoch 30: train_loss = 1.616515, source_mrr = 0.047613, source_hit@10 = 0.0985, source_ndcg@10 = 0.0511, target_mrr = 0.036009, target_hit@10 = 0.0730, target_ndcg@10 = 0.0369

2024-08-15 18:33:12.338187: step 5332/13760 (epoch 31/80), loss = 1.608841 (24.256 sec/epoch), lr: 0.002275
Evaluating on dev set...
..................................................................
source: 	 mrr: 0.044823	 ndcg_5: 0.0356	 ndcg_10: 0.0463	 hit@1:0.016793	 hit@5:0.0545	 hit@10: 0.0878
target: 	 mrr: 0.038966	 ndcg_5: 0.0309	 ndcg_10: 0.0421	 hit@1:0.011145	 hit@5:0.0504	 hit@10: 0.0855
epoch 31: train_loss = 1.608841, source_mrr = 0.044823, source_hit@10 = 0.0878, source_ndcg@10 = 0.0463, target_mrr = 0.038966, target_hit@10 = 0.0855, target_ndcg@10 = 0.0421

2024-08-15 18:33:37.494499: step 5504/13760 (epoch 32/80), loss = 1.604861 (24.516 sec/epoch), lr: 0.002275
Evaluating on dev set...
..................................................................
source: 	 mrr: 0.048822	 ndcg_5: 0.0391	 ndcg_10: 0.0522	 hit@1:0.019011	 hit@5:0.0605	 hit@10: 0.1014
target: 	 mrr: 0.038727	 ndcg_5: 0.0305	 ndcg_10: 0.0417	 hit@1:0.010031	 hit@5:0.0507	 hit@10: 0.0858
epoch 32: train_loss = 1.604861, source_mrr = 0.048822, source_hit@10 = 0.1014, source_ndcg@10 = 0.0522, target_mrr = 0.038727, target_hit@10 = 0.0858, target_ndcg@10 = 0.0417

2024-08-15 18:34:02.020170: step 5676/13760 (epoch 33/80), loss = 1.603857 (23.884 sec/epoch), lr: 0.002275
Evaluating on dev set...
..................................................................
source: 	 mrr: 0.045711	 ndcg_5: 0.0361	 ndcg_10: 0.0472	 hit@1:0.016793	 hit@5:0.0551	 hit@10: 0.0894
target: 	 mrr: 0.032277	 ndcg_5: 0.0242	 ndcg_10: 0.0330	 hit@1:0.009752	 hit@5:0.0396	 hit@10: 0.0669
epoch 33: train_loss = 1.603857, source_mrr = 0.045711, source_hit@10 = 0.0894, source_ndcg@10 = 0.0472, target_mrr = 0.032277, target_hit@10 = 0.0669, target_ndcg@10 = 0.0330

2024-08-15 18:34:26.315117: step 5848/13760 (epoch 34/80), loss = 1.600386 (23.641 sec/epoch), lr: 0.002161
Evaluating on dev set...
..................................................................
source: 	 mrr: 0.044614	 ndcg_5: 0.0351	 ndcg_10: 0.0477	 hit@1:0.013625	 hit@5:0.0564	 hit@10: 0.0960
target: 	 mrr: 0.028670	 ndcg_5: 0.0216	 ndcg_10: 0.0288	 hit@1:0.009473	 hit@5:0.0332	 hit@10: 0.0557
epoch 34: train_loss = 1.600386, source_mrr = 0.044614, source_hit@10 = 0.0960, source_ndcg@10 = 0.0477, target_mrr = 0.028670, target_hit@10 = 0.0557, target_ndcg@10 = 0.0288

2024-08-15 18:34:51.194151: step 6020/13760 (epoch 35/80), loss = 1.591780 (24.231 sec/epoch), lr: 0.002053
Evaluating on dev set...
..................................................................
source: 	 mrr: 0.048018	 ndcg_5: 0.0394	 ndcg_10: 0.0536	 hit@1:0.015843	 hit@5:0.0637	 hit@10: 0.1074
target: 	 mrr: 0.031611	 ndcg_5: 0.0239	 ndcg_10: 0.0324	 hit@1:0.008916	 hit@5:0.0390	 hit@10: 0.0655
epoch 35: train_loss = 1.591780, source_mrr = 0.048018, source_hit@10 = 0.1074, source_ndcg@10 = 0.0536, target_mrr = 0.031611, target_hit@10 = 0.0655, target_ndcg@10 = 0.0324

2024-08-15 18:35:16.153320: step 6192/13760 (epoch 36/80), loss = 1.589441 (24.317 sec/epoch), lr: 0.002053
Evaluating on dev set...
..................................................................
source: 	 mrr: 0.048266	 ndcg_5: 0.0400	 ndcg_10: 0.0515	 hit@1:0.018061	 hit@5:0.0634	 hit@10: 0.0992
target: 	 mrr: 0.040627	 ndcg_5: 0.0326	 ndcg_10: 0.0436	 hit@1:0.011981	 hit@5:0.0538	 hit@10: 0.0878
epoch 36: train_loss = 1.589441, source_mrr = 0.048266, source_hit@10 = 0.0992, source_ndcg@10 = 0.0515, target_mrr = 0.040627, target_hit@10 = 0.0878, target_ndcg@10 = 0.0436

2024-08-15 18:35:40.896839: step 6364/13760 (epoch 37/80), loss = 1.588562 (24.099 sec/epoch), lr: 0.002053
Evaluating on dev set...
..................................................................
source: 	 mrr: 0.045689	 ndcg_5: 0.0350	 ndcg_10: 0.0480	 hit@1:0.015843	 hit@5:0.0532	 hit@10: 0.0938
target: 	 mrr: 0.036113	 ndcg_5: 0.0272	 ndcg_10: 0.0375	 hit@1:0.009752	 hit@5:0.0457	 hit@10: 0.0777
epoch 37: train_loss = 1.588562, source_mrr = 0.045689, source_hit@10 = 0.0938, source_ndcg@10 = 0.0480, target_mrr = 0.036113, target_hit@10 = 0.0777, target_ndcg@10 = 0.0375

2024-08-15 18:36:06.025604: step 6536/13760 (epoch 38/80), loss = 1.583693 (24.480 sec/epoch), lr: 0.001951
Evaluating on dev set...
..................................................................
source: 	 mrr: 0.043588	 ndcg_5: 0.0338	 ndcg_10: 0.0461	 hit@1:0.014892	 hit@5:0.0532	 hit@10: 0.0913
target: 	 mrr: 0.035089	 ndcg_5: 0.0262	 ndcg_10: 0.0376	 hit@1:0.009195	 hit@5:0.0437	 hit@10: 0.0789
epoch 38: train_loss = 1.583693, source_mrr = 0.043588, source_hit@10 = 0.0913, source_ndcg@10 = 0.0461, target_mrr = 0.035089, target_hit@10 = 0.0789, target_ndcg@10 = 0.0376

2024-08-15 18:36:31.329194: step 6708/13760 (epoch 39/80), loss = 1.577391 (24.652 sec/epoch), lr: 0.001853
Evaluating on dev set...
..................................................................
source: 	 mrr: 0.048395	 ndcg_5: 0.0409	 ndcg_10: 0.0530	 hit@1:0.016793	 hit@5:0.0669	 hit@10: 0.1042
target: 	 mrr: 0.039041	 ndcg_5: 0.0305	 ndcg_10: 0.0428	 hit@1:0.011981	 hit@5:0.0493	 hit@10: 0.0878
epoch 39: train_loss = 1.577391, source_mrr = 0.048395, source_hit@10 = 0.1042, source_ndcg@10 = 0.0530, target_mrr = 0.039041, target_hit@10 = 0.0878, target_ndcg@10 = 0.0428

2024-08-15 18:36:56.369028: step 6880/13760 (epoch 40/80), loss = 1.573173 (24.398 sec/epoch), lr: 0.001853
Evaluating on dev set...
..................................................................
source: 	 mrr: 0.046688	 ndcg_5: 0.0364	 ndcg_10: 0.0508	 hit@1:0.016793	 hit@5:0.0567	 hit@10: 0.1014
target: 	 mrr: 0.034843	 ndcg_5: 0.0259	 ndcg_10: 0.0366	 hit@1:0.009473	 hit@5:0.0424	 hit@10: 0.0763
epoch 40: train_loss = 1.573173, source_mrr = 0.046688, source_hit@10 = 0.1014, source_ndcg@10 = 0.0508, target_mrr = 0.034843, target_hit@10 = 0.0763, target_ndcg@10 = 0.0366
shift to transfer learning mode

2024-08-15 18:37:21.625640: step 7052/13760 (epoch 41/80), loss = 1.729781 (24.598 sec/epoch), lr: 0.001761
Evaluating on dev set...
..................................................................
source: 	 mrr: 0.046712	 ndcg_5: 0.0381	 ndcg_10: 0.0500	 hit@1:0.015526	 hit@5:0.0615	 hit@10: 0.0982
target: 	 mrr: 0.032936	 ndcg_5: 0.0237	 ndcg_10: 0.0332	 hit@1:0.011145	 hit@5:0.0365	 hit@10: 0.0658
epoch 41: train_loss = 1.729781, source_mrr = 0.046712, source_hit@10 = 0.0982, source_ndcg@10 = 0.0500, target_mrr = 0.032936, target_hit@10 = 0.0658, target_ndcg@10 = 0.0332

2024-08-15 18:37:46.355786: step 7224/13760 (epoch 42/80), loss = 1.729521 (24.091 sec/epoch), lr: 0.001672
Evaluating on dev set...
..................................................................
source: 	 mrr: 0.047377	 ndcg_5: 0.0380	 ndcg_10: 0.0514	 hit@1:0.015526	 hit@5:0.0612	 hit@10: 0.1030
target: 	 mrr: 0.037385	 ndcg_5: 0.0284	 ndcg_10: 0.0394	 hit@1:0.011145	 hit@5:0.0457	 hit@10: 0.0800
epoch 42: train_loss = 1.729521, source_mrr = 0.047377, source_hit@10 = 0.1030, source_ndcg@10 = 0.0514, target_mrr = 0.037385, target_hit@10 = 0.0800, target_ndcg@10 = 0.0394

2024-08-15 18:38:11.445024: step 7396/13760 (epoch 43/80), loss = 1.732578 (24.436 sec/epoch), lr: 0.001672
Evaluating on dev set...
..................................................................
source: 	 mrr: 0.052664	 ndcg_5: 0.0430	 ndcg_10: 0.0577	 hit@1:0.020596	 hit@5:0.0656	 hit@10: 0.1115
target: 	 mrr: 0.038016	 ndcg_5: 0.0305	 ndcg_10: 0.0410	 hit@1:0.010588	 hit@5:0.0502	 hit@10: 0.0830
source best!
..............................
source: 	 mrr: 0.048841	 ndcg_5: 0.0389	 ndcg_10: 0.0539	 hit@1:0.017504	 hit@5:0.0609	 hit@10: 0.1073
epoch 43: train_loss = 1.732578, source_mrr = 0.048841, source_hit@10 = 0.1073, source_ndcg@10 = 0.0539, target_mrr = 0.038016, target_hit@10 = 0.0830, target_ndcg@10 = 0.0410

2024-08-15 18:38:36.814847: step 7568/13760 (epoch 44/80), loss = 1.731249 (24.454 sec/epoch), lr: 0.001672
Evaluating on dev set...
..................................................................
source: 	 mrr: 0.049350	 ndcg_5: 0.0416	 ndcg_10: 0.0543	 hit@1:0.016477	 hit@5:0.0669	 hit@10: 0.1068
target: 	 mrr: 0.037635	 ndcg_5: 0.0298	 ndcg_10: 0.0408	 hit@1:0.011424	 hit@5:0.0476	 hit@10: 0.0822
epoch 44: train_loss = 1.731249, source_mrr = 0.049350, source_hit@10 = 0.1068, source_ndcg@10 = 0.0543, target_mrr = 0.037635, target_hit@10 = 0.0822, target_ndcg@10 = 0.0408

2024-08-15 18:39:01.927220: step 7740/13760 (epoch 45/80), loss = 1.726484 (24.446 sec/epoch), lr: 0.001589
Evaluating on dev set...
..................................................................
source: 	 mrr: 0.048644	 ndcg_5: 0.0397	 ndcg_10: 0.0522	 hit@1:0.017744	 hit@5:0.0624	 hit@10: 0.1008
target: 	 mrr: 0.037027	 ndcg_5: 0.0282	 ndcg_10: 0.0402	 hit@1:0.010031	 hit@5:0.0457	 hit@10: 0.0828
epoch 45: train_loss = 1.726484, source_mrr = 0.048644, source_hit@10 = 0.1008, source_ndcg@10 = 0.0522, target_mrr = 0.037027, target_hit@10 = 0.0828, target_ndcg@10 = 0.0402

2024-08-15 18:39:27.443400: step 7912/13760 (epoch 46/80), loss = 1.721870 (24.870 sec/epoch), lr: 0.001509
Evaluating on dev set...
..................................................................
source: 	 mrr: 0.048920	 ndcg_5: 0.0402	 ndcg_10: 0.0523	 hit@1:0.019328	 hit@5:0.0621	 hit@10: 0.0998
target: 	 mrr: 0.040590	 ndcg_5: 0.0320	 ndcg_10: 0.0435	 hit@1:0.014489	 hit@5:0.0496	 hit@10: 0.0853
epoch 46: train_loss = 1.721870, source_mrr = 0.048920, source_hit@10 = 0.0998, source_ndcg@10 = 0.0523, target_mrr = 0.040590, target_hit@10 = 0.0853, target_ndcg@10 = 0.0435

2024-08-15 18:39:52.938577: step 8084/13760 (epoch 47/80), loss = 1.717247 (24.849 sec/epoch), lr: 0.001509
Evaluating on dev set...
..................................................................
source: 	 mrr: 0.048235	 ndcg_5: 0.0407	 ndcg_10: 0.0531	 hit@1:0.014259	 hit@5:0.0656	 hit@10: 0.1036
target: 	 mrr: 0.038072	 ndcg_5: 0.0308	 ndcg_10: 0.0399	 hit@1:0.013096	 hit@5:0.0485	 hit@10: 0.0769
epoch 47: train_loss = 1.717247, source_mrr = 0.048235, source_hit@10 = 0.1036, source_ndcg@10 = 0.0531, target_mrr = 0.038072, target_hit@10 = 0.0769, target_ndcg@10 = 0.0399

2024-08-15 18:40:18.408583: step 8256/13760 (epoch 48/80), loss = 1.714139 (24.818 sec/epoch), lr: 0.001434
Evaluating on dev set...
..................................................................
source: 	 mrr: 0.045844	 ndcg_5: 0.0361	 ndcg_10: 0.0486	 hit@1:0.017427	 hit@5:0.0545	 hit@10: 0.0932
target: 	 mrr: 0.035815	 ndcg_5: 0.0292	 ndcg_10: 0.0375	 hit@1:0.013096	 hit@5:0.0463	 hit@10: 0.0722
epoch 48: train_loss = 1.714139, source_mrr = 0.045844, source_hit@10 = 0.0932, source_ndcg@10 = 0.0486, target_mrr = 0.035815, target_hit@10 = 0.0722, target_ndcg@10 = 0.0375

2024-08-15 18:40:43.771823: step 8428/13760 (epoch 49/80), loss = 1.707277 (24.667 sec/epoch), lr: 0.001362
Evaluating on dev set...
..................................................................
source: 	 mrr: 0.046206	 ndcg_5: 0.0364	 ndcg_10: 0.0481	 hit@1:0.016477	 hit@5:0.0561	 hit@10: 0.0935
target: 	 mrr: 0.040665	 ndcg_5: 0.0347	 ndcg_10: 0.0446	 hit@1:0.014489	 hit@5:0.0566	 hit@10: 0.0878
epoch 49: train_loss = 1.707277, source_mrr = 0.046206, source_hit@10 = 0.0935, source_ndcg@10 = 0.0481, target_mrr = 0.040665, target_hit@10 = 0.0878, target_ndcg@10 = 0.0446

2024-08-15 18:41:08.940318: step 8600/13760 (epoch 50/80), loss = 1.704435 (24.509 sec/epoch), lr: 0.001362
Evaluating on dev set...
..................................................................
source: 	 mrr: 0.044442	 ndcg_5: 0.0361	 ndcg_10: 0.0461	 hit@1:0.015209	 hit@5:0.0564	 hit@10: 0.0878
target: 	 mrr: 0.035935	 ndcg_5: 0.0290	 ndcg_10: 0.0390	 hit@1:0.008638	 hit@5:0.0490	 hit@10: 0.0802
epoch 50: train_loss = 1.704435, source_mrr = 0.044442, source_hit@10 = 0.0878, source_ndcg@10 = 0.0461, target_mrr = 0.035935, target_hit@10 = 0.0802, target_ndcg@10 = 0.0390

2024-08-15 18:41:34.550793: step 8772/13760 (epoch 51/80), loss = 1.699552 (24.964 sec/epoch), lr: 0.001294
Evaluating on dev set...
..................................................................
source: 	 mrr: 0.037063	 ndcg_5: 0.0282	 ndcg_10: 0.0365	 hit@1:0.011724	 hit@5:0.0440	 hit@10: 0.0700
target: 	 mrr: 0.041776	 ndcg_5: 0.0338	 ndcg_10: 0.0445	 hit@1:0.015882	 hit@5:0.0513	 hit@10: 0.0847
epoch 51: train_loss = 1.699552, source_mrr = 0.037063, source_hit@10 = 0.0700, source_ndcg@10 = 0.0365, target_mrr = 0.041776, target_hit@10 = 0.0847, target_ndcg@10 = 0.0445

2024-08-15 18:42:00.025887: step 8944/13760 (epoch 52/80), loss = 1.693761 (24.806 sec/epoch), lr: 0.001229
Evaluating on dev set...
..................................................................
source: 	 mrr: 0.042228	 ndcg_5: 0.0335	 ndcg_10: 0.0445	 hit@1:0.013308	 hit@5:0.0535	 hit@10: 0.0881
target: 	 mrr: 0.041421	 ndcg_5: 0.0346	 ndcg_10: 0.0463	 hit@1:0.013096	 hit@5:0.0574	 hit@10: 0.0939
epoch 52: train_loss = 1.693761, source_mrr = 0.042228, source_hit@10 = 0.0881, source_ndcg@10 = 0.0445, target_mrr = 0.041421, target_hit@10 = 0.0939, target_ndcg@10 = 0.0463

2024-08-15 18:42:25.471879: step 9116/13760 (epoch 53/80), loss = 1.690648 (24.792 sec/epoch), lr: 0.001229
Evaluating on dev set...
..................................................................
source: 	 mrr: 0.044131	 ndcg_5: 0.0354	 ndcg_10: 0.0463	 hit@1:0.015526	 hit@5:0.0551	 hit@10: 0.0887
target: 	 mrr: 0.038691	 ndcg_5: 0.0313	 ndcg_10: 0.0418	 hit@1:0.011424	 hit@5:0.0521	 hit@10: 0.0844
epoch 53: train_loss = 1.690648, source_mrr = 0.044131, source_hit@10 = 0.0887, source_ndcg@10 = 0.0463, target_mrr = 0.038691, target_hit@10 = 0.0844, target_ndcg@10 = 0.0418

2024-08-15 18:42:50.579555: step 9288/13760 (epoch 54/80), loss = 1.688137 (24.450 sec/epoch), lr: 0.001168
Evaluating on dev set...
..................................................................
source: 	 mrr: 0.048532	 ndcg_5: 0.0417	 ndcg_10: 0.0533	 hit@1:0.017744	 hit@5:0.0665	 hit@10: 0.1027
target: 	 mrr: 0.039126	 ndcg_5: 0.0312	 ndcg_10: 0.0423	 hit@1:0.014210	 hit@5:0.0490	 hit@10: 0.0830
epoch 54: train_loss = 1.688137, source_mrr = 0.048532, source_hit@10 = 0.1027, source_ndcg@10 = 0.0533, target_mrr = 0.039126, target_hit@10 = 0.0830, target_ndcg@10 = 0.0423

2024-08-15 18:43:15.946112: step 9460/13760 (epoch 55/80), loss = 1.679698 (24.720 sec/epoch), lr: 0.001168
Evaluating on dev set...
..................................................................
source: 	 mrr: 0.045179	 ndcg_5: 0.0387	 ndcg_10: 0.0497	 hit@1:0.014892	 hit@5:0.0640	 hit@10: 0.0982
target: 	 mrr: 0.038686	 ndcg_5: 0.0318	 ndcg_10: 0.0413	 hit@1:0.014210	 hit@5:0.0490	 hit@10: 0.0789
epoch 55: train_loss = 1.679698, source_mrr = 0.045179, source_hit@10 = 0.0982, source_ndcg@10 = 0.0497, target_mrr = 0.038686, target_hit@10 = 0.0789, target_ndcg@10 = 0.0413

2024-08-15 18:43:41.607465: step 9632/13760 (epoch 56/80), loss = 1.675112 (25.020 sec/epoch), lr: 0.001110
Evaluating on dev set...
..................................................................
source: 	 mrr: 0.050682	 ndcg_5: 0.0395	 ndcg_10: 0.0536	 hit@1:0.022497	 hit@5:0.0577	 hit@10: 0.1014
target: 	 mrr: 0.039921	 ndcg_5: 0.0309	 ndcg_10: 0.0410	 hit@1:0.015325	 hit@5:0.0468	 hit@10: 0.0783
epoch 56: train_loss = 1.675112, source_mrr = 0.050682, source_hit@10 = 0.1014, source_ndcg@10 = 0.0536, target_mrr = 0.039921, target_hit@10 = 0.0783, target_ndcg@10 = 0.0410

2024-08-15 18:44:07.212874: step 9804/13760 (epoch 57/80), loss = 1.672631 (24.957 sec/epoch), lr: 0.001110
Evaluating on dev set...
..................................................................
source: 	 mrr: 0.045467	 ndcg_5: 0.0358	 ndcg_10: 0.0488	 hit@1:0.015843	 hit@5:0.0551	 hit@10: 0.0957
target: 	 mrr: 0.033890	 ndcg_5: 0.0259	 ndcg_10: 0.0362	 hit@1:0.009473	 hit@5:0.0435	 hit@10: 0.0752
epoch 57: train_loss = 1.672631, source_mrr = 0.045467, source_hit@10 = 0.0957, source_ndcg@10 = 0.0488, target_mrr = 0.033890, target_hit@10 = 0.0752, target_ndcg@10 = 0.0362

2024-08-15 18:44:33.195977: step 9976/13760 (epoch 58/80), loss = 1.668011 (25.305 sec/epoch), lr: 0.001054
Evaluating on dev set...
..................................................................
source: 	 mrr: 0.041314	 ndcg_5: 0.0312	 ndcg_10: 0.0440	 hit@1:0.014259	 hit@5:0.0475	 hit@10: 0.0878
target: 	 mrr: 0.037552	 ndcg_5: 0.0308	 ndcg_10: 0.0407	 hit@1:0.012260	 hit@5:0.0496	 hit@10: 0.0802
epoch 58: train_loss = 1.668011, source_mrr = 0.041314, source_hit@10 = 0.0878, source_ndcg@10 = 0.0440, target_mrr = 0.037552, target_hit@10 = 0.0802, target_ndcg@10 = 0.0407

2024-08-15 18:44:58.532105: step 10148/13760 (epoch 59/80), loss = 1.661607 (24.696 sec/epoch), lr: 0.001001
Evaluating on dev set...
..................................................................
source: 	 mrr: 0.044519	 ndcg_5: 0.0364	 ndcg_10: 0.0469	 hit@1:0.015526	 hit@5:0.0561	 hit@10: 0.0884
target: 	 mrr: 0.037307	 ndcg_5: 0.0292	 ndcg_10: 0.0404	 hit@1:0.009752	 hit@5:0.0482	 hit@10: 0.0833
epoch 59: train_loss = 1.661607, source_mrr = 0.044519, source_hit@10 = 0.0884, source_ndcg@10 = 0.0469, target_mrr = 0.037307, target_hit@10 = 0.0833, target_ndcg@10 = 0.0404

2024-08-15 18:45:23.919410: step 10320/13760 (epoch 60/80), loss = 1.659224 (24.733 sec/epoch), lr: 0.001001
Evaluating on dev set...
..................................................................
source: 	 mrr: 0.042484	 ndcg_5: 0.0343	 ndcg_10: 0.0439	 hit@1:0.016160	 hit@5:0.0529	 hit@10: 0.0830
target: 	 mrr: 0.037296	 ndcg_5: 0.0284	 ndcg_10: 0.0398	 hit@1:0.010867	 hit@5:0.0457	 hit@10: 0.0814
epoch 60: train_loss = 1.659224, source_mrr = 0.042484, source_hit@10 = 0.0830, source_ndcg@10 = 0.0439, target_mrr = 0.037296, target_hit@10 = 0.0814, target_ndcg@10 = 0.0398

2024-08-15 18:45:49.187895: step 10492/13760 (epoch 61/80), loss = 1.655551 (24.620 sec/epoch), lr: 0.000951
Evaluating on dev set...
..................................................................
source: 	 mrr: 0.044208	 ndcg_5: 0.0362	 ndcg_10: 0.0469	 hit@1:0.015843	 hit@5:0.0558	 hit@10: 0.0894
target: 	 mrr: 0.031379	 ndcg_5: 0.0243	 ndcg_10: 0.0303	 hit@1:0.010588	 hit@5:0.0379	 hit@10: 0.0568
epoch 61: train_loss = 1.655551, source_mrr = 0.044208, source_hit@10 = 0.0894, source_ndcg@10 = 0.0469, target_mrr = 0.031379, target_hit@10 = 0.0568, target_ndcg@10 = 0.0303

2024-08-15 18:46:14.623060: step 10664/13760 (epoch 62/80), loss = 1.650085 (24.795 sec/epoch), lr: 0.000904
Evaluating on dev set...
..................................................................
source: 	 mrr: 0.039757	 ndcg_5: 0.0325	 ndcg_10: 0.0410	 hit@1:0.014892	 hit@5:0.0497	 hit@10: 0.0760
target: 	 mrr: 0.035183	 ndcg_5: 0.0264	 ndcg_10: 0.0374	 hit@1:0.008916	 hit@5:0.0440	 hit@10: 0.0780
epoch 62: train_loss = 1.650085, source_mrr = 0.039757, source_hit@10 = 0.0760, source_ndcg@10 = 0.0410, target_mrr = 0.035183, target_hit@10 = 0.0780, target_ndcg@10 = 0.0374

2024-08-15 18:46:39.984606: step 10836/13760 (epoch 63/80), loss = 1.646067 (24.691 sec/epoch), lr: 0.000859
Evaluating on dev set...
..................................................................
source: 	 mrr: 0.041025	 ndcg_5: 0.0315	 ndcg_10: 0.0435	 hit@1:0.013625	 hit@5:0.0494	 hit@10: 0.0868
target: 	 mrr: 0.039022	 ndcg_5: 0.0313	 ndcg_10: 0.0412	 hit@1:0.013653	 hit@5:0.0490	 hit@10: 0.0802
epoch 63: train_loss = 1.646067, source_mrr = 0.041025, source_hit@10 = 0.0868, source_ndcg@10 = 0.0435, target_mrr = 0.039022, target_hit@10 = 0.0802, target_ndcg@10 = 0.0412

2024-08-15 18:47:05.111804: step 11008/13760 (epoch 64/80), loss = 1.640070 (24.486 sec/epoch), lr: 0.000859
Evaluating on dev set...
..................................................................
source: 	 mrr: 0.042174	 ndcg_5: 0.0332	 ndcg_10: 0.0432	 hit@1:0.014892	 hit@5:0.0507	 hit@10: 0.0817
target: 	 mrr: 0.039980	 ndcg_5: 0.0328	 ndcg_10: 0.0441	 hit@1:0.011145	 hit@5:0.0535	 hit@10: 0.0889
epoch 64: train_loss = 1.640070, source_mrr = 0.042174, source_hit@10 = 0.0817, source_ndcg@10 = 0.0432, target_mrr = 0.039980, target_hit@10 = 0.0889, target_ndcg@10 = 0.0441
early termination of training
source best:  source_mrr = 0.052664, source_hit@10 = 0.1115, source_ndcg@10 = 0.0577
target best:  target_mrr = 0.041421, target_hit@10 = 0.0939, target_ndcg@10 = 0.0463
