using gpu:3 to train the model
using gpu:3 to train the model
cuda:3
Namespace(A_split=False, JK='sum', a_fold=100, aggregate=False, alpha=0.6, batch_size=2048, beta_inter=0.2, conv_layers=4, cuda=True, decay_epoch=10, device=device(type='cuda', index=3), device_id='3', domains='game_video', dropout=0.4, epoch=80, feature_dim=126, gamma_intra=0.8, hidden_dim=126, inter_tau=0.2, intra_tau=0.4, lambda_critic=0.1, leakey=0.05, load=False, log='logs.txt', log_epoch=1, lr=0.004, lr_decay=0.95, min_epoch=60, mode='train', model_file=None, model_name='gv', momentum=0.98, num_latent_factors=3, num_negative=100, optim='adam', patience=20, proj_layers=1, projection=1, rectify_epoch=40, residual=1, save=False, save_dir='./saved_models', seed=32, similarity_tau=0.2, step=4, test_sample_number=999, user_batch_size=256, weight_decay=0.0002)
number_user 25025
number_item 12319
real graph loaded!
number_user 19457
number_item 8751
real graph loaded!
graph loaded!
Loading data from game_video with batch size 2048...
unseen test: 0
test length: 1381
unseen test: 0
test length: 1304
unseen test: 0
test length: 1435
unseen test: 0
test length: 1458
source_user_num 25025
target_user_num 19457
source_item_num 12319
target_item_num 8751
shared users id: 1737
test users 226, 217
unseen test: 0
dev length: 1000
unseen test: 0
dev length: 1000
source train data : 155036, target train data: 156091, source test data : 1304, target test data : 1458, source dev data : 1000, target dev data : 1000
2024-08-15 03:13:32.631277: step 152/12160 (epoch 1/80), loss = 2.327027 (44.189 sec/epoch), lr: 0.004000
Evaluating on dev set...
...........................
source: 	 mrr: 0.025266	 ndcg_5: 0.0150	 ndcg_10: 0.0195	 hit@1:0.009413	 hit@5:0.0203	 hit@10: 0.0348
target: 	 mrr: 0.028527	 ndcg_5: 0.0203	 ndcg_10: 0.0287	 hit@1:0.008362	 hit@5:0.0321	 hit@10: 0.0585
source best!
.............
source: 	 mrr: 0.024753	 ndcg_5: 0.0163	 ndcg_10: 0.0217	 hit@1:0.005368	 hit@5:0.0261	 hit@10: 0.0429
target best!
..............target: 	 mrr: 0.031657	 ndcg_5: 0.0242	 ndcg_10: 0.0293	 hit@1:0.012346	 hit@5:0.0357	 hit@10: 0.0521
epoch 1: train_loss = 2.327027, source_mrr = 0.024753, source_hit@10 = 0.0429, source_ndcg@10 = 0.0217, target_mrr = 0.031657, target_hit@10 = 0.0521, target_ndcg@10 = 0.0293

2024-08-15 03:14:17.331495: step 304/12160 (epoch 2/80), loss = 1.955929 (43.529 sec/epoch), lr: 0.004000
Evaluating on dev set...
...........................
source: 	 mrr: 0.031718	 ndcg_5: 0.0210	 ndcg_10: 0.0311	 hit@1:0.005793	 hit@5:0.0369	 hit@10: 0.0681
target: 	 mrr: 0.027306	 ndcg_5: 0.0182	 ndcg_10: 0.0250	 hit@1:0.009756	 hit@5:0.0272	 hit@10: 0.0481
source best!
.............
source: 	 mrr: 0.031959	 ndcg_5: 0.0213	 ndcg_10: 0.0316	 hit@1:0.006902	 hit@5:0.0368	 hit@10: 0.0690
epoch 2: train_loss = 1.955929, source_mrr = 0.031959, source_hit@10 = 0.0690, source_ndcg@10 = 0.0316, target_mrr = 0.027306, target_hit@10 = 0.0481, target_ndcg@10 = 0.0250

2024-08-15 03:15:02.515038: step 456/12160 (epoch 3/80), loss = 1.898069 (44.309 sec/epoch), lr: 0.004000
Evaluating on dev set...
...........................
source: 	 mrr: 0.034556	 ndcg_5: 0.0211	 ndcg_10: 0.0336	 hit@1:0.007965	 hit@5:0.0355	 hit@10: 0.0746
target: 	 mrr: 0.035078	 ndcg_5: 0.0250	 ndcg_10: 0.0332	 hit@1:0.012544	 hit@5:0.0376	 hit@10: 0.0634
source best!
.............
source: 	 mrr: 0.034894	 ndcg_5: 0.0226	 ndcg_10: 0.0355	 hit@1:0.006135	 hit@5:0.0391	 hit@10: 0.0798
target best!
..............target: 	 mrr: 0.038126	 ndcg_5: 0.0298	 ndcg_10: 0.0373	 hit@1:0.013717	 hit@5:0.0453	 hit@10: 0.0686
epoch 3: train_loss = 1.898069, source_mrr = 0.034894, source_hit@10 = 0.0798, source_ndcg@10 = 0.0355, target_mrr = 0.038126, target_hit@10 = 0.0686, target_ndcg@10 = 0.0373

2024-08-15 03:15:46.400366: step 608/12160 (epoch 4/80), loss = 1.875294 (42.796 sec/epoch), lr: 0.004000
Evaluating on dev set...
...........................
source: 	 mrr: 0.037227	 ndcg_5: 0.0270	 ndcg_10: 0.0365	 hit@1:0.010862	 hit@5:0.0434	 hit@10: 0.0731
target: 	 mrr: 0.048300	 ndcg_5: 0.0399	 ndcg_10: 0.0517	 hit@1:0.018815	 hit@5:0.0634	 hit@10: 0.1003
source best!
.............
source: 	 mrr: 0.034730	 ndcg_5: 0.0246	 ndcg_10: 0.0335	 hit@1:0.009969	 hit@5:0.0399	 hit@10: 0.0675
target best!
..............target: 	 mrr: 0.046604	 ndcg_5: 0.0363	 ndcg_10: 0.0525	 hit@1:0.013717	 hit@5:0.0590	 hit@10: 0.1097
epoch 4: train_loss = 1.875294, source_mrr = 0.034730, source_hit@10 = 0.0675, source_ndcg@10 = 0.0335, target_mrr = 0.046604, target_hit@10 = 0.1097, target_ndcg@10 = 0.0525

2024-08-15 03:16:32.045140: step 760/12160 (epoch 5/80), loss = 1.861355 (44.503 sec/epoch), lr: 0.004000
Evaluating on dev set...
...........................
source: 	 mrr: 0.036019	 ndcg_5: 0.0251	 ndcg_10: 0.0341	 hit@1:0.011586	 hit@5:0.0398	 hit@10: 0.0681
target: 	 mrr: 0.052385	 ndcg_5: 0.0461	 ndcg_10: 0.0563	 hit@1:0.017422	 hit@5:0.0753	 hit@10: 0.1073
target best!
..............target: 	 mrr: 0.053075	 ndcg_5: 0.0454	 ndcg_10: 0.0591	 hit@1:0.017147	 hit@5:0.0748	 hit@10: 0.1166
epoch 5: train_loss = 1.861355, source_mrr = 0.036019, source_hit@10 = 0.0681, source_ndcg@10 = 0.0341, target_mrr = 0.053075, target_hit@10 = 0.1166, target_ndcg@10 = 0.0591

2024-08-15 03:17:17.187547: step 912/12160 (epoch 6/80), loss = 1.838805 (43.978 sec/epoch), lr: 0.004000
Evaluating on dev set...
...........................
source: 	 mrr: 0.035780	 ndcg_5: 0.0252	 ndcg_10: 0.0340	 hit@1:0.010862	 hit@5:0.0369	 hit@10: 0.0637
target: 	 mrr: 0.030658	 ndcg_5: 0.0227	 ndcg_10: 0.0310	 hit@1:0.009059	 hit@5:0.0369	 hit@10: 0.0627
epoch 6: train_loss = 1.838805, source_mrr = 0.035780, source_hit@10 = 0.0637, source_ndcg@10 = 0.0340, target_mrr = 0.030658, target_hit@10 = 0.0627, target_ndcg@10 = 0.0310

2024-08-15 03:18:00.321264: step 1064/12160 (epoch 7/80), loss = 1.808732 (42.461 sec/epoch), lr: 0.004000
Evaluating on dev set...
...........................
source: 	 mrr: 0.035675	 ndcg_5: 0.0265	 ndcg_10: 0.0364	 hit@1:0.008689	 hit@5:0.0456	 hit@10: 0.0768
target: 	 mrr: 0.043925	 ndcg_5: 0.0349	 ndcg_10: 0.0454	 hit@1:0.016725	 hit@5:0.0557	 hit@10: 0.0885
epoch 7: train_loss = 1.808732, source_mrr = 0.035675, source_hit@10 = 0.0768, source_ndcg@10 = 0.0364, target_mrr = 0.043925, target_hit@10 = 0.0885, target_ndcg@10 = 0.0454

2024-08-15 03:18:43.500479: step 1216/12160 (epoch 8/80), loss = 1.774909 (42.564 sec/epoch), lr: 0.004000
Evaluating on dev set...
...........................
source: 	 mrr: 0.027264	 ndcg_5: 0.0189	 ndcg_10: 0.0270	 hit@1:0.005793	 hit@5:0.0319	 hit@10: 0.0572
target: 	 mrr: 0.046440	 ndcg_5: 0.0360	 ndcg_10: 0.0522	 hit@1:0.014634	 hit@5:0.0557	 hit@10: 0.1066
epoch 8: train_loss = 1.774909, source_mrr = 0.027264, source_hit@10 = 0.0572, source_ndcg@10 = 0.0270, target_mrr = 0.046440, target_hit@10 = 0.1066, target_ndcg@10 = 0.0522

2024-08-15 03:19:26.676589: step 1368/12160 (epoch 9/80), loss = 1.755310 (42.427 sec/epoch), lr: 0.004000
Evaluating on dev set...
...........................
source: 	 mrr: 0.028845	 ndcg_5: 0.0197	 ndcg_10: 0.0280	 hit@1:0.008689	 hit@5:0.0311	 hit@10: 0.0565
target: 	 mrr: 0.043217	 ndcg_5: 0.0339	 ndcg_10: 0.0463	 hit@1:0.013240	 hit@5:0.0551	 hit@10: 0.0941
epoch 9: train_loss = 1.755310, source_mrr = 0.028845, source_hit@10 = 0.0565, source_ndcg@10 = 0.0280, target_mrr = 0.043217, target_hit@10 = 0.0941, target_ndcg@10 = 0.0463

2024-08-15 03:20:09.685363: step 1520/12160 (epoch 10/80), loss = 1.742606 (42.402 sec/epoch), lr: 0.004000
Evaluating on dev set...
...........................
source: 	 mrr: 0.034401	 ndcg_5: 0.0251	 ndcg_10: 0.0319	 hit@1:0.012310	 hit@5:0.0391	 hit@10: 0.0601
target: 	 mrr: 0.046998	 ndcg_5: 0.0392	 ndcg_10: 0.0521	 hit@1:0.012544	 hit@5:0.0662	 hit@10: 0.1066
epoch 10: train_loss = 1.742606, source_mrr = 0.034401, source_hit@10 = 0.0601, source_ndcg@10 = 0.0319, target_mrr = 0.046998, target_hit@10 = 0.1066, target_ndcg@10 = 0.0521

2024-08-15 03:20:54.123250: step 1672/12160 (epoch 11/80), loss = 1.739966 (43.774 sec/epoch), lr: 0.004000
Evaluating on dev set...
...........................
source: 	 mrr: 0.033482	 ndcg_5: 0.0253	 ndcg_10: 0.0337	 hit@1:0.007965	 hit@5:0.0434	 hit@10: 0.0695
target: 	 mrr: 0.039204	 ndcg_5: 0.0315	 ndcg_10: 0.0407	 hit@1:0.010453	 hit@5:0.0537	 hit@10: 0.0822
epoch 11: train_loss = 1.739966, source_mrr = 0.033482, source_hit@10 = 0.0695, source_ndcg@10 = 0.0337, target_mrr = 0.039204, target_hit@10 = 0.0822, target_ndcg@10 = 0.0407

2024-08-15 03:21:37.859210: step 1824/12160 (epoch 12/80), loss = 1.727759 (43.136 sec/epoch), lr: 0.003800
Evaluating on dev set...
...........................
source: 	 mrr: 0.021038	 ndcg_5: 0.0130	 ndcg_10: 0.0182	 hit@1:0.005793	 hit@5:0.0203	 hit@10: 0.0369
target: 	 mrr: 0.055774	 ndcg_5: 0.0482	 ndcg_10: 0.0636	 hit@1:0.020209	 hit@5:0.0767	 hit@10: 0.1247
target best!
..............target: 	 mrr: 0.056254	 ndcg_5: 0.0501	 ndcg_10: 0.0633	 hit@1:0.019204	 hit@5:0.0830	 hit@10: 0.1241
epoch 12: train_loss = 1.727759, source_mrr = 0.021038, source_hit@10 = 0.0369, source_ndcg@10 = 0.0182, target_mrr = 0.056254, target_hit@10 = 0.1241, target_ndcg@10 = 0.0633

2024-08-15 03:22:21.417810: step 1976/12160 (epoch 13/80), loss = 1.726327 (42.587 sec/epoch), lr: 0.003800
Evaluating on dev set...
...........................
source: 	 mrr: 0.022596	 ndcg_5: 0.0166	 ndcg_10: 0.0211	 hit@1:0.005069	 hit@5:0.0282	 hit@10: 0.0420
target: 	 mrr: 0.038585	 ndcg_5: 0.0270	 ndcg_10: 0.0431	 hit@1:0.011847	 hit@5:0.0439	 hit@10: 0.0948
epoch 13: train_loss = 1.726327, source_mrr = 0.022596, source_hit@10 = 0.0420, source_ndcg@10 = 0.0211, target_mrr = 0.038585, target_hit@10 = 0.0948, target_ndcg@10 = 0.0431

2024-08-15 03:23:05.652962: step 2128/12160 (epoch 14/80), loss = 1.720406 (43.631 sec/epoch), lr: 0.003610
Evaluating on dev set...
...........................
source: 	 mrr: 0.027328	 ndcg_5: 0.0172	 ndcg_10: 0.0260	 hit@1:0.009413	 hit@5:0.0253	 hit@10: 0.0529
target: 	 mrr: 0.049988	 ndcg_5: 0.0408	 ndcg_10: 0.0533	 hit@1:0.017422	 hit@5:0.0634	 hit@10: 0.1024
epoch 14: train_loss = 1.720406, source_mrr = 0.027328, source_hit@10 = 0.0529, source_ndcg@10 = 0.0260, target_mrr = 0.049988, target_hit@10 = 0.1024, target_ndcg@10 = 0.0533

2024-08-15 03:23:51.273335: step 2280/12160 (epoch 15/80), loss = 1.715066 (44.803 sec/epoch), lr: 0.003610
Evaluating on dev set...
...........................
source: 	 mrr: 0.025713	 ndcg_5: 0.0161	 ndcg_10: 0.0240	 hit@1:0.004345	 hit@5:0.0268	 hit@10: 0.0514
target: 	 mrr: 0.054887	 ndcg_5: 0.0432	 ndcg_10: 0.0578	 hit@1:0.022300	 hit@5:0.0634	 hit@10: 0.1087
epoch 15: train_loss = 1.715066, source_mrr = 0.025713, source_hit@10 = 0.0514, source_ndcg@10 = 0.0240, target_mrr = 0.054887, target_hit@10 = 0.1087, target_ndcg@10 = 0.0578

2024-08-15 03:24:36.678554: step 2432/12160 (epoch 16/80), loss = 1.710808 (44.781 sec/epoch), lr: 0.003610
Evaluating on dev set...
...........................
source: 	 mrr: 0.017127	 ndcg_5: 0.0100	 ndcg_10: 0.0151	 hit@1:0.002896	 hit@5:0.0174	 hit@10: 0.0333
target: 	 mrr: 0.044376	 ndcg_5: 0.0339	 ndcg_10: 0.0454	 hit@1:0.013937	 hit@5:0.0530	 hit@10: 0.0885
epoch 16: train_loss = 1.710808, source_mrr = 0.017127, source_hit@10 = 0.0333, source_ndcg@10 = 0.0151, target_mrr = 0.044376, target_hit@10 = 0.0885, target_ndcg@10 = 0.0454

2024-08-15 03:25:22.238047: step 2584/12160 (epoch 17/80), loss = 1.703321 (44.923 sec/epoch), lr: 0.003429
Evaluating on dev set...
...........................
source: 	 mrr: 0.021671	 ndcg_5: 0.0140	 ndcg_10: 0.0211	 hit@1:0.005793	 hit@5:0.0224	 hit@10: 0.0449
target: 	 mrr: 0.039286	 ndcg_5: 0.0304	 ndcg_10: 0.0406	 hit@1:0.011150	 hit@5:0.0502	 hit@10: 0.0822
epoch 17: train_loss = 1.703321, source_mrr = 0.021671, source_hit@10 = 0.0449, source_ndcg@10 = 0.0211, target_mrr = 0.039286, target_hit@10 = 0.0822, target_ndcg@10 = 0.0406

2024-08-15 03:26:08.440082: step 2736/12160 (epoch 18/80), loss = 1.698746 (45.498 sec/epoch), lr: 0.003258
Evaluating on dev set...
...........................
source: 	 mrr: 0.027221	 ndcg_5: 0.0192	 ndcg_10: 0.0254	 hit@1:0.007965	 hit@5:0.0311	 hit@10: 0.0500
target: 	 mrr: 0.054288	 ndcg_5: 0.0440	 ndcg_10: 0.0581	 hit@1:0.022997	 hit@5:0.0655	 hit@10: 0.1094
epoch 18: train_loss = 1.698746, source_mrr = 0.027221, source_hit@10 = 0.0500, source_ndcg@10 = 0.0254, target_mrr = 0.054288, target_hit@10 = 0.1094, target_ndcg@10 = 0.0581

2024-08-15 03:26:54.978613: step 2888/12160 (epoch 19/80), loss = 1.694824 (45.864 sec/epoch), lr: 0.003258
Evaluating on dev set...
...........................
source: 	 mrr: 0.026579	 ndcg_5: 0.0174	 ndcg_10: 0.0249	 hit@1:0.007241	 hit@5:0.0282	 hit@10: 0.0514
target: 	 mrr: 0.046386	 ndcg_5: 0.0370	 ndcg_10: 0.0490	 hit@1:0.014634	 hit@5:0.0599	 hit@10: 0.0969
epoch 19: train_loss = 1.694824, source_mrr = 0.026579, source_hit@10 = 0.0514, source_ndcg@10 = 0.0249, target_mrr = 0.046386, target_hit@10 = 0.0969, target_ndcg@10 = 0.0490

2024-08-15 03:27:41.903511: step 3040/12160 (epoch 20/80), loss = 1.688862 (46.273 sec/epoch), lr: 0.003095
Evaluating on dev set...
...........................
source: 	 mrr: 0.025105	 ndcg_5: 0.0159	 ndcg_10: 0.0226	 hit@1:0.008689	 hit@5:0.0224	 hit@10: 0.0427
target: 	 mrr: 0.058494	 ndcg_5: 0.0534	 ndcg_10: 0.0659	 hit@1:0.021603	 hit@5:0.0836	 hit@10: 0.1233
target best!
..............target: 	 mrr: 0.053161	 ndcg_5: 0.0443	 ndcg_10: 0.0589	 hit@1:0.017833	 hit@5:0.0700	 hit@10: 0.1152
epoch 20: train_loss = 1.688862, source_mrr = 0.025105, source_hit@10 = 0.0427, source_ndcg@10 = 0.0226, target_mrr = 0.053161, target_hit@10 = 0.1152, target_ndcg@10 = 0.0589

2024-08-15 03:28:28.459180: step 3192/12160 (epoch 21/80), loss = 1.684109 (45.695 sec/epoch), lr: 0.003095
Evaluating on dev set...
...........................
source: 	 mrr: 0.025180	 ndcg_5: 0.0179	 ndcg_10: 0.0237	 hit@1:0.005069	 hit@5:0.0319	 hit@10: 0.0492
target: 	 mrr: 0.044924	 ndcg_5: 0.0369	 ndcg_10: 0.0501	 hit@1:0.009756	 hit@5:0.0641	 hit@10: 0.1045
epoch 21: train_loss = 1.684109, source_mrr = 0.025180, source_hit@10 = 0.0492, source_ndcg@10 = 0.0237, target_mrr = 0.044924, target_hit@10 = 0.1045, target_ndcg@10 = 0.0501

2024-08-15 03:29:14.639951: step 3344/12160 (epoch 22/80), loss = 1.681382 (45.561 sec/epoch), lr: 0.002940
Evaluating on dev set...
...........................
source: 	 mrr: 0.016352	 ndcg_5: 0.0102	 ndcg_10: 0.0131	 hit@1:0.003621	 hit@5:0.0181	 hit@10: 0.0275
target: 	 mrr: 0.052995	 ndcg_5: 0.0408	 ndcg_10: 0.0574	 hit@1:0.021603	 hit@5:0.0606	 hit@10: 0.1122
epoch 22: train_loss = 1.681382, source_mrr = 0.016352, source_hit@10 = 0.0275, source_ndcg@10 = 0.0131, target_mrr = 0.052995, target_hit@10 = 0.1122, target_ndcg@10 = 0.0574

2024-08-15 03:30:00.999974: step 3496/12160 (epoch 23/80), loss = 1.673079 (45.717 sec/epoch), lr: 0.002793
Evaluating on dev set...
...........................
source: 	 mrr: 0.018786	 ndcg_5: 0.0124	 ndcg_10: 0.0187	 hit@1:0.002896	 hit@5:0.0224	 hit@10: 0.0427
target: 	 mrr: 0.042170	 ndcg_5: 0.0314	 ndcg_10: 0.0450	 hit@1:0.010453	 hit@5:0.0523	 hit@10: 0.0941
epoch 23: train_loss = 1.673079, source_mrr = 0.018786, source_hit@10 = 0.0427, source_ndcg@10 = 0.0187, target_mrr = 0.042170, target_hit@10 = 0.0941, target_ndcg@10 = 0.0450

2024-08-15 03:30:48.004939: step 3648/12160 (epoch 24/80), loss = 1.667427 (46.271 sec/epoch), lr: 0.002654
Evaluating on dev set...
...........................
source: 	 mrr: 0.018744	 ndcg_5: 0.0116	 ndcg_10: 0.0163	 hit@1:0.005069	 hit@5:0.0174	 hit@10: 0.0319
target: 	 mrr: 0.050594	 ndcg_5: 0.0409	 ndcg_10: 0.0551	 hit@1:0.018815	 hit@5:0.0641	 hit@10: 0.1094
epoch 24: train_loss = 1.667427, source_mrr = 0.018744, source_hit@10 = 0.0319, source_ndcg@10 = 0.0163, target_mrr = 0.050594, target_hit@10 = 0.1094, target_ndcg@10 = 0.0551

2024-08-15 03:31:34.578126: step 3800/12160 (epoch 25/80), loss = 1.664984 (45.887 sec/epoch), lr: 0.002654
Evaluating on dev set...
...........................
source: 	 mrr: 0.026997	 ndcg_5: 0.0175	 ndcg_10: 0.0247	 hit@1:0.006517	 hit@5:0.0290	 hit@10: 0.0514
target: 	 mrr: 0.048349	 ndcg_5: 0.0383	 ndcg_10: 0.0529	 hit@1:0.018815	 hit@5:0.0585	 hit@10: 0.1052
epoch 25: train_loss = 1.664984, source_mrr = 0.026997, source_hit@10 = 0.0514, source_ndcg@10 = 0.0247, target_mrr = 0.048349, target_hit@10 = 0.1052, target_ndcg@10 = 0.0529

2024-08-15 03:32:20.836176: step 3952/12160 (epoch 26/80), loss = 1.661620 (45.590 sec/epoch), lr: 0.002654
Evaluating on dev set...
...........................
source: 	 mrr: 0.025989	 ndcg_5: 0.0173	 ndcg_10: 0.0252	 hit@1:0.008689	 hit@5:0.0253	 hit@10: 0.0500
target: 	 mrr: 0.052014	 ndcg_5: 0.0410	 ndcg_10: 0.0571	 hit@1:0.018815	 hit@5:0.0634	 hit@10: 0.1129
epoch 26: train_loss = 1.661620, source_mrr = 0.025989, source_hit@10 = 0.0500, source_ndcg@10 = 0.0252, target_mrr = 0.052014, target_hit@10 = 0.1129, target_ndcg@10 = 0.0571

2024-08-15 03:33:08.126485: step 4104/12160 (epoch 27/80), loss = 1.664727 (46.659 sec/epoch), lr: 0.002654
Evaluating on dev set...
...........................
source: 	 mrr: 0.018521	 ndcg_5: 0.0109	 ndcg_10: 0.0173	 hit@1:0.002172	 hit@5:0.0196	 hit@10: 0.0391
target: 	 mrr: 0.053837	 ndcg_5: 0.0434	 ndcg_10: 0.0613	 hit@1:0.020906	 hit@5:0.0669	 hit@10: 0.1233
epoch 27: train_loss = 1.664727, source_mrr = 0.018521, source_hit@10 = 0.0391, source_ndcg@10 = 0.0173, target_mrr = 0.053837, target_hit@10 = 0.1233, target_ndcg@10 = 0.0613

2024-08-15 03:33:53.521051: step 4256/12160 (epoch 28/80), loss = 1.652923 (44.692 sec/epoch), lr: 0.002521
Evaluating on dev set...
...........................
source: 	 mrr: 0.023825	 ndcg_5: 0.0164	 ndcg_10: 0.0205	 hit@1:0.008689	 hit@5:0.0239	 hit@10: 0.0369
target: 	 mrr: 0.054951	 ndcg_5: 0.0453	 ndcg_10: 0.0625	 hit@1:0.014634	 hit@5:0.0704	 hit@10: 0.1233
epoch 28: train_loss = 1.652923, source_mrr = 0.023825, source_hit@10 = 0.0369, source_ndcg@10 = 0.0205, target_mrr = 0.054951, target_hit@10 = 0.1233, target_ndcg@10 = 0.0625

2024-08-15 03:34:39.964048: step 4408/12160 (epoch 29/80), loss = 1.653846 (45.700 sec/epoch), lr: 0.002521
Evaluating on dev set...
...........................
source: 	 mrr: 0.025051	 ndcg_5: 0.0175	 ndcg_10: 0.0232	 hit@1:0.005069	 hit@5:0.0297	 hit@10: 0.0478
target: 	 mrr: 0.050073	 ndcg_5: 0.0403	 ndcg_10: 0.0556	 hit@1:0.016028	 hit@5:0.0648	 hit@10: 0.1122
epoch 29: train_loss = 1.653846, source_mrr = 0.025051, source_hit@10 = 0.0478, source_ndcg@10 = 0.0232, target_mrr = 0.050073, target_hit@10 = 0.1122, target_ndcg@10 = 0.0556

2024-08-15 03:35:26.191174: step 4560/12160 (epoch 30/80), loss = 1.648027 (45.574 sec/epoch), lr: 0.002395
Evaluating on dev set...
...........................
source: 	 mrr: 0.032999	 ndcg_5: 0.0228	 ndcg_10: 0.0326	 hit@1:0.010862	 hit@5:0.0369	 hit@10: 0.0673
target: 	 mrr: 0.054968	 ndcg_5: 0.0491	 ndcg_10: 0.0609	 hit@1:0.018815	 hit@5:0.0808	 hit@10: 0.1178
epoch 30: train_loss = 1.648027, source_mrr = 0.032999, source_hit@10 = 0.0673, source_ndcg@10 = 0.0326, target_mrr = 0.054968, target_hit@10 = 0.1178, target_ndcg@10 = 0.0609

2024-08-15 03:36:12.178213: step 4712/12160 (epoch 31/80), loss = 1.640021 (45.337 sec/epoch), lr: 0.002395
Evaluating on dev set...
...........................
source: 	 mrr: 0.028341	 ndcg_5: 0.0197	 ndcg_10: 0.0270	 hit@1:0.005793	 hit@5:0.0340	 hit@10: 0.0572
target: 	 mrr: 0.056760	 ndcg_5: 0.0482	 ndcg_10: 0.0623	 hit@1:0.021603	 hit@5:0.0760	 hit@10: 0.1199
epoch 31: train_loss = 1.640021, source_mrr = 0.028341, source_hit@10 = 0.0572, source_ndcg@10 = 0.0270, target_mrr = 0.056760, target_hit@10 = 0.1199, target_ndcg@10 = 0.0623

2024-08-15 03:36:58.965643: step 4864/12160 (epoch 32/80), loss = 1.632846 (46.088 sec/epoch), lr: 0.002275
Evaluating on dev set...
...........................
source: 	 mrr: 0.019872	 ndcg_5: 0.0110	 ndcg_10: 0.0180	 hit@1:0.003621	 hit@5:0.0174	 hit@10: 0.0391
target: 	 mrr: 0.054361	 ndcg_5: 0.0458	 ndcg_10: 0.0611	 hit@1:0.021603	 hit@5:0.0718	 hit@10: 0.1199
epoch 32: train_loss = 1.632846, source_mrr = 0.019872, source_hit@10 = 0.0391, source_ndcg@10 = 0.0180, target_mrr = 0.054361, target_hit@10 = 0.1199, target_ndcg@10 = 0.0611

2024-08-15 03:37:44.730950: step 5016/12160 (epoch 33/80), loss = 1.624879 (44.983 sec/epoch), lr: 0.002161
Evaluating on dev set...
...........................
source: 	 mrr: 0.039776	 ndcg_5: 0.0304	 ndcg_10: 0.0407	 hit@1:0.013034	 hit@5:0.0485	 hit@10: 0.0804
target: 	 mrr: 0.057460	 ndcg_5: 0.0485	 ndcg_10: 0.0627	 hit@1:0.025087	 hit@5:0.0739	 hit@10: 0.1185
source best!
.............
source: 	 mrr: 0.037980	 ndcg_5: 0.0276	 ndcg_10: 0.0378	 hit@1:0.010736	 hit@5:0.0422	 hit@10: 0.0744
epoch 33: train_loss = 1.624879, source_mrr = 0.037980, source_hit@10 = 0.0744, source_ndcg@10 = 0.0378, target_mrr = 0.057460, target_hit@10 = 0.1185, target_ndcg@10 = 0.0627

2024-08-15 03:38:30.501516: step 5168/12160 (epoch 34/80), loss = 1.620815 (44.835 sec/epoch), lr: 0.002161
Evaluating on dev set...
...........................
source: 	 mrr: 0.026520	 ndcg_5: 0.0187	 ndcg_10: 0.0261	 hit@1:0.005793	 hit@5:0.0304	 hit@10: 0.0536
target: 	 mrr: 0.055410	 ndcg_5: 0.0469	 ndcg_10: 0.0594	 hit@1:0.020209	 hit@5:0.0732	 hit@10: 0.1122
epoch 34: train_loss = 1.620815, source_mrr = 0.026520, source_hit@10 = 0.0536, source_ndcg@10 = 0.0261, target_mrr = 0.055410, target_hit@10 = 0.1122, target_ndcg@10 = 0.0594

2024-08-15 03:39:15.760680: step 5320/12160 (epoch 35/80), loss = 1.611436 (44.597 sec/epoch), lr: 0.002053
Evaluating on dev set...
...........................
source: 	 mrr: 0.036865	 ndcg_5: 0.0274	 ndcg_10: 0.0379	 hit@1:0.008689	 hit@5:0.0463	 hit@10: 0.0789
target: 	 mrr: 0.058391	 ndcg_5: 0.0517	 ndcg_10: 0.0635	 hit@1:0.022300	 hit@5:0.0801	 hit@10: 0.1164
epoch 35: train_loss = 1.611436, source_mrr = 0.036865, source_hit@10 = 0.0789, source_ndcg@10 = 0.0379, target_mrr = 0.058391, target_hit@10 = 0.1164, target_ndcg@10 = 0.0635

2024-08-15 03:40:01.864979: step 5472/12160 (epoch 36/80), loss = 1.611712 (45.469 sec/epoch), lr: 0.002053
Evaluating on dev set...
...........................
source: 	 mrr: 0.039849	 ndcg_5: 0.0282	 ndcg_10: 0.0400	 hit@1:0.012310	 hit@5:0.0434	 hit@10: 0.0804
target: 	 mrr: 0.057426	 ndcg_5: 0.0509	 ndcg_10: 0.0634	 hit@1:0.021603	 hit@5:0.0794	 hit@10: 0.1178
source best!
.............
source: 	 mrr: 0.038659	 ndcg_5: 0.0287	 ndcg_10: 0.0402	 hit@1:0.010736	 hit@5:0.0468	 hit@10: 0.0828
epoch 36: train_loss = 1.611712, source_mrr = 0.038659, source_hit@10 = 0.0828, source_ndcg@10 = 0.0402, target_mrr = 0.057426, target_hit@10 = 0.1178, target_ndcg@10 = 0.0634

2024-08-15 03:40:48.661250: step 5624/12160 (epoch 37/80), loss = 1.608500 (45.857 sec/epoch), lr: 0.002053
Evaluating on dev set...
...........................
source: 	 mrr: 0.029489	 ndcg_5: 0.0207	 ndcg_10: 0.0278	 hit@1:0.009413	 hit@5:0.0319	 hit@10: 0.0536
target: 	 mrr: 0.055816	 ndcg_5: 0.0458	 ndcg_10: 0.0613	 hit@1:0.019512	 hit@5:0.0697	 hit@10: 0.1178
epoch 37: train_loss = 1.608500, source_mrr = 0.029489, source_hit@10 = 0.0536, source_ndcg@10 = 0.0278, target_mrr = 0.055816, target_hit@10 = 0.1178, target_ndcg@10 = 0.0613

2024-08-15 03:41:33.433059: step 5776/12160 (epoch 38/80), loss = 1.600439 (44.002 sec/epoch), lr: 0.001951
Evaluating on dev set...
...........................
source: 	 mrr: 0.042123	 ndcg_5: 0.0296	 ndcg_10: 0.0412	 hit@1:0.017379	 hit@5:0.0420	 hit@10: 0.0782
target: 	 mrr: 0.052184	 ndcg_5: 0.0430	 ndcg_10: 0.0578	 hit@1:0.016725	 hit@5:0.0683	 hit@10: 0.1143
source best!
.............
source: 	 mrr: 0.038987	 ndcg_5: 0.0284	 ndcg_10: 0.0418	 hit@1:0.010736	 hit@5:0.0460	 hit@10: 0.0882
epoch 38: train_loss = 1.600439, source_mrr = 0.038987, source_hit@10 = 0.0882, source_ndcg@10 = 0.0418, target_mrr = 0.052184, target_hit@10 = 0.1143, target_ndcg@10 = 0.0578

2024-08-15 03:42:18.274545: step 5928/12160 (epoch 39/80), loss = 1.598449 (43.948 sec/epoch), lr: 0.001951
Evaluating on dev set...
...........................
source: 	 mrr: 0.037233	 ndcg_5: 0.0258	 ndcg_10: 0.0353	 hit@1:0.010862	 hit@5:0.0391	 hit@10: 0.0688
target: 	 mrr: 0.047975	 ndcg_5: 0.0388	 ndcg_10: 0.0531	 hit@1:0.012544	 hit@5:0.0655	 hit@10: 0.1094
epoch 39: train_loss = 1.598449, source_mrr = 0.037233, source_hit@10 = 0.0688, source_ndcg@10 = 0.0353, target_mrr = 0.047975, target_hit@10 = 0.1094, target_ndcg@10 = 0.0531

2024-08-15 03:43:04.365778: step 6080/12160 (epoch 40/80), loss = 1.596415 (45.271 sec/epoch), lr: 0.001853
Evaluating on dev set...
...........................
source: 	 mrr: 0.035234	 ndcg_5: 0.0253	 ndcg_10: 0.0335	 hit@1:0.013758	 hit@5:0.0369	 hit@10: 0.0623
target: 	 mrr: 0.056299	 ndcg_5: 0.0483	 ndcg_10: 0.0638	 hit@1:0.018118	 hit@5:0.0780	 hit@10: 0.1261
epoch 40: train_loss = 1.596415, source_mrr = 0.035234, source_hit@10 = 0.0623, source_ndcg@10 = 0.0335, target_mrr = 0.056299, target_hit@10 = 0.1261, target_ndcg@10 = 0.0638
shift to transfer learning mode

2024-08-15 03:43:50.081744: step 6232/12160 (epoch 41/80), loss = 1.612063 (45.063 sec/epoch), lr: 0.001853
Evaluating on dev set...
...........................
source: 	 mrr: 0.037056	 ndcg_5: 0.0263	 ndcg_10: 0.0347	 hit@1:0.013758	 hit@5:0.0384	 hit@10: 0.0644
target: 	 mrr: 0.053804	 ndcg_5: 0.0459	 ndcg_10: 0.0593	 hit@1:0.018815	 hit@5:0.0725	 hit@10: 0.1150
epoch 41: train_loss = 1.612063, source_mrr = 0.037056, source_hit@10 = 0.0644, source_ndcg@10 = 0.0347, target_mrr = 0.053804, target_hit@10 = 0.1150, target_ndcg@10 = 0.0593

2024-08-15 03:44:35.302356: step 6384/12160 (epoch 42/80), loss = 1.609035 (44.433 sec/epoch), lr: 0.001761
Evaluating on dev set...
...........................
source: 	 mrr: 0.038044	 ndcg_5: 0.0282	 ndcg_10: 0.0366	 hit@1:0.013034	 hit@5:0.0442	 hit@10: 0.0702
target: 	 mrr: 0.058259	 ndcg_5: 0.0481	 ndcg_10: 0.0631	 hit@1:0.023693	 hit@5:0.0725	 hit@10: 0.1192
epoch 42: train_loss = 1.609035, source_mrr = 0.038044, source_hit@10 = 0.0702, source_ndcg@10 = 0.0366, target_mrr = 0.058259, target_hit@10 = 0.1192, target_ndcg@10 = 0.0631

2024-08-15 03:45:18.801507: step 6536/12160 (epoch 43/80), loss = 1.603548 (42.820 sec/epoch), lr: 0.001761
Evaluating on dev set...
...........................
source: 	 mrr: 0.035409	 ndcg_5: 0.0252	 ndcg_10: 0.0351	 hit@1:0.010862	 hit@5:0.0406	 hit@10: 0.0717
target: 	 mrr: 0.058126	 ndcg_5: 0.0514	 ndcg_10: 0.0628	 hit@1:0.022997	 hit@5:0.0801	 hit@10: 0.1157
epoch 43: train_loss = 1.603548, source_mrr = 0.035409, source_hit@10 = 0.0717, source_ndcg@10 = 0.0351, target_mrr = 0.058126, target_hit@10 = 0.1157, target_ndcg@10 = 0.0628

2024-08-15 03:46:01.776547: step 6688/12160 (epoch 44/80), loss = 1.601096 (42.374 sec/epoch), lr: 0.001672
Evaluating on dev set...
...........................
source: 	 mrr: 0.032545	 ndcg_5: 0.0225	 ndcg_10: 0.0294	 hit@1:0.010862	 hit@5:0.0355	 hit@10: 0.0565
target: 	 mrr: 0.055364	 ndcg_5: 0.0460	 ndcg_10: 0.0614	 hit@1:0.021603	 hit@5:0.0697	 hit@10: 0.1178
epoch 44: train_loss = 1.601096, source_mrr = 0.032545, source_hit@10 = 0.0565, source_ndcg@10 = 0.0294, target_mrr = 0.055364, target_hit@10 = 0.1178, target_ndcg@10 = 0.0614

2024-08-15 03:46:45.394374: step 6840/12160 (epoch 45/80), loss = 1.598039 (43.003 sec/epoch), lr: 0.001589
Evaluating on dev set...
...........................
source: 	 mrr: 0.038263	 ndcg_5: 0.0298	 ndcg_10: 0.0394	 hit@1:0.010862	 hit@5:0.0485	 hit@10: 0.0782
target: 	 mrr: 0.050513	 ndcg_5: 0.0443	 ndcg_10: 0.0569	 hit@1:0.016725	 hit@5:0.0725	 hit@10: 0.1122
epoch 45: train_loss = 1.598039, source_mrr = 0.038263, source_hit@10 = 0.0782, source_ndcg@10 = 0.0394, target_mrr = 0.050513, target_hit@10 = 0.1122, target_ndcg@10 = 0.0569

2024-08-15 03:47:28.998116: step 6992/12160 (epoch 46/80), loss = 1.594198 (43.007 sec/epoch), lr: 0.001589
Evaluating on dev set...
...........................
source: 	 mrr: 0.037426	 ndcg_5: 0.0295	 ndcg_10: 0.0393	 hit@1:0.010138	 hit@5:0.0500	 hit@10: 0.0804
target: 	 mrr: 0.048062	 ndcg_5: 0.0402	 ndcg_10: 0.0545	 hit@1:0.014634	 hit@5:0.0683	 hit@10: 0.1122
epoch 46: train_loss = 1.594198, source_mrr = 0.037426, source_hit@10 = 0.0804, source_ndcg@10 = 0.0393, target_mrr = 0.048062, target_hit@10 = 0.1122, target_ndcg@10 = 0.0545

2024-08-15 03:48:12.269857: step 7144/12160 (epoch 47/80), loss = 1.593182 (42.656 sec/epoch), lr: 0.001509
Evaluating on dev set...
...........................
source: 	 mrr: 0.041996	 ndcg_5: 0.0311	 ndcg_10: 0.0403	 hit@1:0.015930	 hit@5:0.0463	 hit@10: 0.0753
target: 	 mrr: 0.050256	 ndcg_5: 0.0415	 ndcg_10: 0.0539	 hit@1:0.015331	 hit@5:0.0662	 hit@10: 0.1052
epoch 47: train_loss = 1.593182, source_mrr = 0.041996, source_hit@10 = 0.0753, source_ndcg@10 = 0.0403, target_mrr = 0.050256, target_hit@10 = 0.1052, target_ndcg@10 = 0.0539

2024-08-15 03:48:56.679556: step 7296/12160 (epoch 48/80), loss = 1.591589 (43.817 sec/epoch), lr: 0.001509
Evaluating on dev set...
...........................
source: 	 mrr: 0.039963	 ndcg_5: 0.0287	 ndcg_10: 0.0405	 hit@1:0.013034	 hit@5:0.0449	 hit@10: 0.0818
target: 	 mrr: 0.047544	 ndcg_5: 0.0392	 ndcg_10: 0.0529	 hit@1:0.014634	 hit@5:0.0641	 hit@10: 0.1066
epoch 48: train_loss = 1.591589, source_mrr = 0.039963, source_hit@10 = 0.0818, source_ndcg@10 = 0.0405, target_mrr = 0.047544, target_hit@10 = 0.1066, target_ndcg@10 = 0.0529

2024-08-15 03:49:41.689543: step 7448/12160 (epoch 49/80), loss = 1.585078 (44.356 sec/epoch), lr: 0.001434
Evaluating on dev set...
...........................
source: 	 mrr: 0.036931	 ndcg_5: 0.0263	 ndcg_10: 0.0377	 hit@1:0.010138	 hit@5:0.0420	 hit@10: 0.0775
target: 	 mrr: 0.045826	 ndcg_5: 0.0375	 ndcg_10: 0.0487	 hit@1:0.015331	 hit@5:0.0585	 hit@10: 0.0934
epoch 49: train_loss = 1.585078, source_mrr = 0.036931, source_hit@10 = 0.0775, source_ndcg@10 = 0.0377, target_mrr = 0.045826, target_hit@10 = 0.0934, target_ndcg@10 = 0.0487

2024-08-15 03:50:26.329479: step 7600/12160 (epoch 50/80), loss = 1.583169 (44.037 sec/epoch), lr: 0.001362
Evaluating on dev set...
...........................
source: 	 mrr: 0.037209	 ndcg_5: 0.0282	 ndcg_10: 0.0385	 hit@1:0.011586	 hit@5:0.0449	 hit@10: 0.0768
target: 	 mrr: 0.048945	 ndcg_5: 0.0410	 ndcg_10: 0.0537	 hit@1:0.016028	 hit@5:0.0669	 hit@10: 0.1066
epoch 50: train_loss = 1.583169, source_mrr = 0.037209, source_hit@10 = 0.0768, source_ndcg@10 = 0.0385, target_mrr = 0.048945, target_hit@10 = 0.1066, target_ndcg@10 = 0.0537

2024-08-15 03:51:10.211419: step 7752/12160 (epoch 51/80), loss = 1.580041 (43.208 sec/epoch), lr: 0.001362
Evaluating on dev set...
...........................
source: 	 mrr: 0.035332	 ndcg_5: 0.0245	 ndcg_10: 0.0345	 hit@1:0.010862	 hit@5:0.0384	 hit@10: 0.0695
target: 	 mrr: 0.041625	 ndcg_5: 0.0294	 ndcg_10: 0.0446	 hit@1:0.014634	 hit@5:0.0446	 hit@10: 0.0920
epoch 51: train_loss = 1.580041, source_mrr = 0.035332, source_hit@10 = 0.0695, source_ndcg@10 = 0.0345, target_mrr = 0.041625, target_hit@10 = 0.0920, target_ndcg@10 = 0.0446

2024-08-15 03:51:55.764824: step 7904/12160 (epoch 52/80), loss = 1.575967 (44.946 sec/epoch), lr: 0.001294
Evaluating on dev set...
...........................
source: 	 mrr: 0.043114	 ndcg_5: 0.0345	 ndcg_10: 0.0451	 hit@1:0.015206	 hit@5:0.0550	 hit@10: 0.0883
target: 	 mrr: 0.050413	 ndcg_5: 0.0395	 ndcg_10: 0.0543	 hit@1:0.018118	 hit@5:0.0592	 hit@10: 0.1052
source best!
.............
source: 	 mrr: 0.038668	 ndcg_5: 0.0313	 ndcg_10: 0.0407	 hit@1:0.009202	 hit@5:0.0537	 hit@10: 0.0828
epoch 52: train_loss = 1.575967, source_mrr = 0.038668, source_hit@10 = 0.0828, source_ndcg@10 = 0.0407, target_mrr = 0.050413, target_hit@10 = 0.1052, target_ndcg@10 = 0.0543

2024-08-15 03:52:42.186627: step 8056/12160 (epoch 53/80), loss = 1.575043 (45.540 sec/epoch), lr: 0.001294
Evaluating on dev set...
...........................
source: 	 mrr: 0.041987	 ndcg_5: 0.0318	 ndcg_10: 0.0437	 hit@1:0.012310	 hit@5:0.0514	 hit@10: 0.0883
target: 	 mrr: 0.050774	 ndcg_5: 0.0410	 ndcg_10: 0.0559	 hit@1:0.018118	 hit@5:0.0648	 hit@10: 0.1115
epoch 53: train_loss = 1.575043, source_mrr = 0.041987, source_hit@10 = 0.0883, source_ndcg@10 = 0.0437, target_mrr = 0.050774, target_hit@10 = 0.1115, target_ndcg@10 = 0.0559

2024-08-15 03:53:27.815018: step 8208/12160 (epoch 54/80), loss = 1.568583 (44.970 sec/epoch), lr: 0.001229
Evaluating on dev set...
...........................
source: 	 mrr: 0.045612	 ndcg_5: 0.0364	 ndcg_10: 0.0466	 hit@1:0.015206	 hit@5:0.0572	 hit@10: 0.0891
target: 	 mrr: 0.048677	 ndcg_5: 0.0405	 ndcg_10: 0.0495	 hit@1:0.018815	 hit@5:0.0634	 hit@10: 0.0913
source best!
.............
source: 	 mrr: 0.041814	 ndcg_5: 0.0345	 ndcg_10: 0.0438	 hit@1:0.010736	 hit@5:0.0583	 hit@10: 0.0874
epoch 54: train_loss = 1.568583, source_mrr = 0.041814, source_hit@10 = 0.0874, source_ndcg@10 = 0.0438, target_mrr = 0.048677, target_hit@10 = 0.0913, target_ndcg@10 = 0.0495

2024-08-15 03:54:14.701414: step 8360/12160 (epoch 55/80), loss = 1.570770 (45.767 sec/epoch), lr: 0.001229
Evaluating on dev set...
...........................
source: 	 mrr: 0.041761	 ndcg_5: 0.0325	 ndcg_10: 0.0425	 hit@1:0.015930	 hit@5:0.0492	 hit@10: 0.0804
target: 	 mrr: 0.048439	 ndcg_5: 0.0381	 ndcg_10: 0.0521	 hit@1:0.016725	 hit@5:0.0592	 hit@10: 0.1031
epoch 55: train_loss = 1.570770, source_mrr = 0.041761, source_hit@10 = 0.0804, source_ndcg@10 = 0.0425, target_mrr = 0.048439, target_hit@10 = 0.1031, target_ndcg@10 = 0.0521

2024-08-15 03:55:01.220815: step 8512/12160 (epoch 56/80), loss = 1.565632 (45.862 sec/epoch), lr: 0.001168
Evaluating on dev set...
...........................
source: 	 mrr: 0.034908	 ndcg_5: 0.0268	 ndcg_10: 0.0338	 hit@1:0.010862	 hit@5:0.0420	 hit@10: 0.0637
target: 	 mrr: 0.048077	 ndcg_5: 0.0387	 ndcg_10: 0.0514	 hit@1:0.015331	 hit@5:0.0620	 hit@10: 0.1024
epoch 56: train_loss = 1.565632, source_mrr = 0.034908, source_hit@10 = 0.0637, source_ndcg@10 = 0.0338, target_mrr = 0.048077, target_hit@10 = 0.1024, target_ndcg@10 = 0.0514

2024-08-15 03:55:47.683645: step 8664/12160 (epoch 57/80), loss = 1.559874 (45.858 sec/epoch), lr: 0.001110
Evaluating on dev set...
...........................
source: 	 mrr: 0.038545	 ndcg_5: 0.0282	 ndcg_10: 0.0380	 hit@1:0.011586	 hit@5:0.0434	 hit@10: 0.0739
target: 	 mrr: 0.047452	 ndcg_5: 0.0398	 ndcg_10: 0.0497	 hit@1:0.013937	 hit@5:0.0669	 hit@10: 0.0976
epoch 57: train_loss = 1.559874, source_mrr = 0.038545, source_hit@10 = 0.0739, source_ndcg@10 = 0.0380, target_mrr = 0.047452, target_hit@10 = 0.0976, target_ndcg@10 = 0.0497

2024-08-15 03:56:34.242168: step 8816/12160 (epoch 58/80), loss = 1.560542 (45.906 sec/epoch), lr: 0.001110
Evaluating on dev set...
...........................
source: 	 mrr: 0.042213	 ndcg_5: 0.0317	 ndcg_10: 0.0432	 hit@1:0.014482	 hit@5:0.0492	 hit@10: 0.0854
target: 	 mrr: 0.049293	 ndcg_5: 0.0404	 ndcg_10: 0.0533	 hit@1:0.015331	 hit@5:0.0648	 hit@10: 0.1038
epoch 58: train_loss = 1.560542, source_mrr = 0.042213, source_hit@10 = 0.0854, source_ndcg@10 = 0.0432, target_mrr = 0.049293, target_hit@10 = 0.1038, target_ndcg@10 = 0.0533

2024-08-15 03:57:21.598243: step 8968/12160 (epoch 59/80), loss = 1.559043 (46.667 sec/epoch), lr: 0.001110
Evaluating on dev set...
...........................
source: 	 mrr: 0.035910	 ndcg_5: 0.0265	 ndcg_10: 0.0377	 hit@1:0.009413	 hit@5:0.0449	 hit@10: 0.0789
target: 	 mrr: 0.052322	 ndcg_5: 0.0452	 ndcg_10: 0.0573	 hit@1:0.016725	 hit@5:0.0732	 hit@10: 0.1108
epoch 59: train_loss = 1.559043, source_mrr = 0.035910, source_hit@10 = 0.0789, source_ndcg@10 = 0.0377, target_mrr = 0.052322, target_hit@10 = 0.1108, target_ndcg@10 = 0.0573

2024-08-15 03:58:07.362177: step 9120/12160 (epoch 60/80), loss = 1.554511 (45.072 sec/epoch), lr: 0.001054
Evaluating on dev set...
...........................
source: 	 mrr: 0.043148	 ndcg_5: 0.0336	 ndcg_10: 0.0444	 hit@1:0.013758	 hit@5:0.0507	 hit@10: 0.0840
target: 	 mrr: 0.053019	 ndcg_5: 0.0439	 ndcg_10: 0.0597	 hit@1:0.018118	 hit@5:0.0690	 hit@10: 0.1185
epoch 60: train_loss = 1.554511, source_mrr = 0.043148, source_hit@10 = 0.0840, source_ndcg@10 = 0.0444, target_mrr = 0.053019, target_hit@10 = 0.1185, target_ndcg@10 = 0.0597

2024-08-15 03:58:52.990133: step 9272/12160 (epoch 61/80), loss = 1.547891 (44.839 sec/epoch), lr: 0.001054
Evaluating on dev set...
...........................
source: 	 mrr: 0.039294	 ndcg_5: 0.0292	 ndcg_10: 0.0398	 hit@1:0.013758	 hit@5:0.0449	 hit@10: 0.0775
target: 	 mrr: 0.051993	 ndcg_5: 0.0432	 ndcg_10: 0.0587	 hit@1:0.019512	 hit@5:0.0676	 hit@10: 0.1164
epoch 61: train_loss = 1.547891, source_mrr = 0.039294, source_hit@10 = 0.0775, source_ndcg@10 = 0.0398, target_mrr = 0.051993, target_hit@10 = 0.1164, target_ndcg@10 = 0.0587

2024-08-15 03:59:37.962864: step 9424/12160 (epoch 62/80), loss = 1.545423 (44.356 sec/epoch), lr: 0.001001
Evaluating on dev set...
...........................
source: 	 mrr: 0.036015	 ndcg_5: 0.0255	 ndcg_10: 0.0354	 hit@1:0.012310	 hit@5:0.0391	 hit@10: 0.0695
target: 	 mrr: 0.047192	 ndcg_5: 0.0381	 ndcg_10: 0.0496	 hit@1:0.018118	 hit@5:0.0578	 hit@10: 0.0934
epoch 62: train_loss = 1.545423, source_mrr = 0.036015, source_hit@10 = 0.0695, source_ndcg@10 = 0.0354, target_mrr = 0.047192, target_hit@10 = 0.0934, target_ndcg@10 = 0.0496

2024-08-15 04:00:24.520611: step 9576/12160 (epoch 63/80), loss = 1.541153 (45.883 sec/epoch), lr: 0.000951
Evaluating on dev set...
...........................
source: 	 mrr: 0.045879	 ndcg_5: 0.0360	 ndcg_10: 0.0440	 hit@1:0.018103	 hit@5:0.0529	 hit@10: 0.0775
target: 	 mrr: 0.051463	 ndcg_5: 0.0426	 ndcg_10: 0.0558	 hit@1:0.019512	 hit@5:0.0669	 hit@10: 0.1080
source best!
.............
source: 	 mrr: 0.037909	 ndcg_5: 0.0261	 ndcg_10: 0.0358	 hit@1:0.012270	 hit@5:0.0399	 hit@10: 0.0698
epoch 63: train_loss = 1.541153, source_mrr = 0.037909, source_hit@10 = 0.0698, source_ndcg@10 = 0.0358, target_mrr = 0.051463, target_hit@10 = 0.1080, target_ndcg@10 = 0.0558

2024-08-15 04:01:11.139444: step 9728/12160 (epoch 64/80), loss = 1.537601 (45.697 sec/epoch), lr: 0.000951
Evaluating on dev set...
...........................
source: 	 mrr: 0.026986	 ndcg_5: 0.0185	 ndcg_10: 0.0257	 hit@1:0.006517	 hit@5:0.0311	 hit@10: 0.0536
target: 	 mrr: 0.052200	 ndcg_5: 0.0406	 ndcg_10: 0.0536	 hit@1:0.022997	 hit@5:0.0592	 hit@10: 0.0990
epoch 64: train_loss = 1.537601, source_mrr = 0.026986, source_hit@10 = 0.0536, source_ndcg@10 = 0.0257, target_mrr = 0.052200, target_hit@10 = 0.0990, target_ndcg@10 = 0.0536

2024-08-15 04:01:58.667298: step 9880/12160 (epoch 65/80), loss = 1.534660 (46.888 sec/epoch), lr: 0.000904
Evaluating on dev set...
...........................
source: 	 mrr: 0.027553	 ndcg_5: 0.0180	 ndcg_10: 0.0263	 hit@1:0.007965	 hit@5:0.0290	 hit@10: 0.0550
target: 	 mrr: 0.053981	 ndcg_5: 0.0440	 ndcg_10: 0.0585	 hit@1:0.022300	 hit@5:0.0669	 hit@10: 0.1122
epoch 65: train_loss = 1.534660, source_mrr = 0.027553, source_hit@10 = 0.0550, source_ndcg@10 = 0.0263, target_mrr = 0.053981, target_hit@10 = 0.1122, target_ndcg@10 = 0.0585

2024-08-15 04:02:45.288639: step 10032/12160 (epoch 66/80), loss = 1.529604 (45.941 sec/epoch), lr: 0.000904
Evaluating on dev set...
...........................
source: 	 mrr: 0.040906	 ndcg_5: 0.0322	 ndcg_10: 0.0405	 hit@1:0.013034	 hit@5:0.0521	 hit@10: 0.0775
target: 	 mrr: 0.051746	 ndcg_5: 0.0415	 ndcg_10: 0.0561	 hit@1:0.017422	 hit@5:0.0648	 hit@10: 0.1101
epoch 66: train_loss = 1.529604, source_mrr = 0.040906, source_hit@10 = 0.0775, source_ndcg@10 = 0.0405, target_mrr = 0.051746, target_hit@10 = 0.1101, target_ndcg@10 = 0.0561

2024-08-15 04:03:32.375325: step 10184/12160 (epoch 67/80), loss = 1.531776 (46.425 sec/epoch), lr: 0.000904
Evaluating on dev set...
...........................
source: 	 mrr: 0.046428	 ndcg_5: 0.0361	 ndcg_10: 0.0475	 hit@1:0.019551	 hit@5:0.0529	 hit@10: 0.0883
target: 	 mrr: 0.052592	 ndcg_5: 0.0441	 ndcg_10: 0.0565	 hit@1:0.020906	 hit@5:0.0690	 hit@10: 0.1080
source best!
.............
source: 	 mrr: 0.039833	 ndcg_5: 0.0308	 ndcg_10: 0.0391	 hit@1:0.013804	 hit@5:0.0491	 hit@10: 0.0744
epoch 67: train_loss = 1.531776, source_mrr = 0.039833, source_hit@10 = 0.0744, source_ndcg@10 = 0.0391, target_mrr = 0.052592, target_hit@10 = 0.1080, target_ndcg@10 = 0.0565

2024-08-15 04:04:18.518480: step 10336/12160 (epoch 68/80), loss = 1.526265 (45.267 sec/epoch), lr: 0.000904
Evaluating on dev set...
...........................
source: 	 mrr: 0.034177	 ndcg_5: 0.0249	 ndcg_10: 0.0337	 hit@1:0.011586	 hit@5:0.0391	 hit@10: 0.0673
target: 	 mrr: 0.052563	 ndcg_5: 0.0418	 ndcg_10: 0.0578	 hit@1:0.017422	 hit@5:0.0655	 hit@10: 0.1143
epoch 68: train_loss = 1.526265, source_mrr = 0.034177, source_hit@10 = 0.0673, source_ndcg@10 = 0.0337, target_mrr = 0.052563, target_hit@10 = 0.1143, target_ndcg@10 = 0.0578

2024-08-15 04:05:05.210996: step 10488/12160 (epoch 69/80), loss = 1.522750 (46.009 sec/epoch), lr: 0.000859
Evaluating on dev set...
...........................
source: 	 mrr: 0.033796	 ndcg_5: 0.0250	 ndcg_10: 0.0338	 hit@1:0.010138	 hit@5:0.0398	 hit@10: 0.0673
target: 	 mrr: 0.054343	 ndcg_5: 0.0433	 ndcg_10: 0.0573	 hit@1:0.022300	 hit@5:0.0641	 hit@10: 0.1080
epoch 69: train_loss = 1.522750, source_mrr = 0.033796, source_hit@10 = 0.0673, source_ndcg@10 = 0.0338, target_mrr = 0.054343, target_hit@10 = 0.1080, target_ndcg@10 = 0.0573

2024-08-15 04:05:51.578212: step 10640/12160 (epoch 70/80), loss = 1.526306 (45.712 sec/epoch), lr: 0.000859
Evaluating on dev set...
...........................
source: 	 mrr: 0.034425	 ndcg_5: 0.0249	 ndcg_10: 0.0351	 hit@1:0.009413	 hit@5:0.0420	 hit@10: 0.0739
target: 	 mrr: 0.053413	 ndcg_5: 0.0466	 ndcg_10: 0.0601	 hit@1:0.016725	 hit@5:0.0780	 hit@10: 0.1199
epoch 70: train_loss = 1.526306, source_mrr = 0.034425, source_hit@10 = 0.0739, source_ndcg@10 = 0.0351, target_mrr = 0.053413, target_hit@10 = 0.1199, target_ndcg@10 = 0.0601

2024-08-15 04:06:37.060861: step 10792/12160 (epoch 71/80), loss = 1.522300 (44.792 sec/epoch), lr: 0.000816
Evaluating on dev set...
...........................
source: 	 mrr: 0.033268	 ndcg_5: 0.0233	 ndcg_10: 0.0314	 hit@1:0.014482	 hit@5:0.0326	 hit@10: 0.0579
target: 	 mrr: 0.052567	 ndcg_5: 0.0477	 ndcg_10: 0.0580	 hit@1:0.017422	 hit@5:0.0794	 hit@10: 0.1122
epoch 71: train_loss = 1.522300, source_mrr = 0.033268, source_hit@10 = 0.0579, source_ndcg@10 = 0.0314, target_mrr = 0.052567, target_hit@10 = 0.1122, target_ndcg@10 = 0.0580

2024-08-15 04:07:22.724909: step 10944/12160 (epoch 72/80), loss = 1.518636 (44.963 sec/epoch), lr: 0.000775
Evaluating on dev set...
...........................
source: 	 mrr: 0.034644	 ndcg_5: 0.0270	 ndcg_10: 0.0354	 hit@1:0.010138	 hit@5:0.0449	 hit@10: 0.0710
target: 	 mrr: 0.054102	 ndcg_5: 0.0469	 ndcg_10: 0.0595	 hit@1:0.018815	 hit@5:0.0746	 hit@10: 0.1136
epoch 72: train_loss = 1.518636, source_mrr = 0.034644, source_hit@10 = 0.0710, source_ndcg@10 = 0.0354, target_mrr = 0.054102, target_hit@10 = 0.1136, target_ndcg@10 = 0.0595

2024-08-15 04:08:08.379719: step 11096/12160 (epoch 73/80), loss = 1.516875 (45.017 sec/epoch), lr: 0.000775
Evaluating on dev set...
...........................
source: 	 mrr: 0.038855	 ndcg_5: 0.0281	 ndcg_10: 0.0390	 hit@1:0.013034	 hit@5:0.0427	 hit@10: 0.0768
target: 	 mrr: 0.056015	 ndcg_5: 0.0500	 ndcg_10: 0.0609	 hit@1:0.022300	 hit@5:0.0787	 hit@10: 0.1129
epoch 73: train_loss = 1.516875, source_mrr = 0.038855, source_hit@10 = 0.0768, source_ndcg@10 = 0.0390, target_mrr = 0.056015, target_hit@10 = 0.1129, target_ndcg@10 = 0.0609

2024-08-15 04:08:52.773533: step 11248/12160 (epoch 74/80), loss = 1.518001 (43.729 sec/epoch), lr: 0.000775
Evaluating on dev set...
...........................
source: 	 mrr: 0.033670	 ndcg_5: 0.0236	 ndcg_10: 0.0321	 hit@1:0.010862	 hit@5:0.0369	 hit@10: 0.0637
target: 	 mrr: 0.044950	 ndcg_5: 0.0340	 ndcg_10: 0.0464	 hit@1:0.016028	 hit@5:0.0523	 hit@10: 0.0906
epoch 74: train_loss = 1.518001, source_mrr = 0.033670, source_hit@10 = 0.0637, source_ndcg@10 = 0.0321, target_mrr = 0.044950, target_hit@10 = 0.0906, target_ndcg@10 = 0.0464

2024-08-15 04:09:38.325375: step 11400/12160 (epoch 75/80), loss = 1.513945 (44.929 sec/epoch), lr: 0.000736
Evaluating on dev set...
...........................
source: 	 mrr: 0.039792	 ndcg_5: 0.0314	 ndcg_10: 0.0381	 hit@1:0.013758	 hit@5:0.0485	 hit@10: 0.0695
target: 	 mrr: 0.053612	 ndcg_5: 0.0440	 ndcg_10: 0.0561	 hit@1:0.022997	 hit@5:0.0634	 hit@10: 0.1010
epoch 75: train_loss = 1.513945, source_mrr = 0.039792, source_hit@10 = 0.0695, source_ndcg@10 = 0.0381, target_mrr = 0.053612, target_hit@10 = 0.1010, target_ndcg@10 = 0.0561

2024-08-15 04:10:23.485264: step 11552/12160 (epoch 76/80), loss = 1.514149 (44.537 sec/epoch), lr: 0.000736
Evaluating on dev set...
...........................
source: 	 mrr: 0.033173	 ndcg_5: 0.0235	 ndcg_10: 0.0317	 hit@1:0.010862	 hit@5:0.0377	 hit@10: 0.0630
target: 	 mrr: 0.057188	 ndcg_5: 0.0513	 ndcg_10: 0.0630	 hit@1:0.020906	 hit@5:0.0815	 hit@10: 0.1185
epoch 76: train_loss = 1.514149, source_mrr = 0.033173, source_hit@10 = 0.0630, source_ndcg@10 = 0.0317, target_mrr = 0.057188, target_hit@10 = 0.1185, target_ndcg@10 = 0.0630

2024-08-15 04:11:07.976666: step 11704/12160 (epoch 77/80), loss = 1.511218 (43.852 sec/epoch), lr: 0.000699
Evaluating on dev set...
...........................
source: 	 mrr: 0.037792	 ndcg_5: 0.0288	 ndcg_10: 0.0379	 hit@1:0.011586	 hit@5:0.0463	 hit@10: 0.0753
target: 	 mrr: 0.054546	 ndcg_5: 0.0456	 ndcg_10: 0.0586	 hit@1:0.022997	 hit@5:0.0683	 hit@10: 0.1101
epoch 77: train_loss = 1.511218, source_mrr = 0.037792, source_hit@10 = 0.0753, source_ndcg@10 = 0.0379, target_mrr = 0.054546, target_hit@10 = 0.1101, target_ndcg@10 = 0.0586

2024-08-15 04:11:52.982111: step 11856/12160 (epoch 78/80), loss = 1.506403 (44.365 sec/epoch), lr: 0.000699
Evaluating on dev set...
...........................
source: 	 mrr: 0.042942	 ndcg_5: 0.0310	 ndcg_10: 0.0426	 hit@1:0.014482	 hit@5:0.0456	 hit@10: 0.0811
target: 	 mrr: 0.053749	 ndcg_5: 0.0439	 ndcg_10: 0.0593	 hit@1:0.021603	 hit@5:0.0662	 hit@10: 0.1143
epoch 78: train_loss = 1.506403, source_mrr = 0.042942, source_hit@10 = 0.0811, source_ndcg@10 = 0.0426, target_mrr = 0.053749, target_hit@10 = 0.1143, target_ndcg@10 = 0.0593

2024-08-15 04:12:37.472232: step 12008/12160 (epoch 79/80), loss = 1.507025 (43.782 sec/epoch), lr: 0.000699
Evaluating on dev set...
...........................
source: 	 mrr: 0.040884	 ndcg_5: 0.0309	 ndcg_10: 0.0415	 hit@1:0.013758	 hit@5:0.0478	 hit@10: 0.0811
target: 	 mrr: 0.051733	 ndcg_5: 0.0432	 ndcg_10: 0.0577	 hit@1:0.016725	 hit@5:0.0704	 hit@10: 0.1157
epoch 79: train_loss = 1.507025, source_mrr = 0.040884, source_hit@10 = 0.0811, source_ndcg@10 = 0.0415, target_mrr = 0.051733, target_hit@10 = 0.1157, target_ndcg@10 = 0.0577

2024-08-15 04:13:20.127502: step 12160/12160 (epoch 80/80), loss = 1.501403 (42.048 sec/epoch), lr: 0.000664
Evaluating on dev set...
...........................
source: 	 mrr: 0.035071	 ndcg_5: 0.0250	 ndcg_10: 0.0352	 hit@1:0.009413	 hit@5:0.0413	 hit@10: 0.0739
target: 	 mrr: 0.046822	 ndcg_5: 0.0372	 ndcg_10: 0.0512	 hit@1:0.015331	 hit@5:0.0620	 hit@10: 0.1045
epoch 80: train_loss = 1.501403, source_mrr = 0.035071, source_hit@10 = 0.0739, source_ndcg@10 = 0.0352, target_mrr = 0.046822, target_hit@10 = 0.1045, target_ndcg@10 = 0.0512

source best:  source_mrr = 0.045612, source_hit@10 = 0.0891, source_ndcg@10 = 0.0466
target best:  target_mrr = 0.056299, target_hit@10 = 0.1261, target_ndcg@10 = 0.0638
