using gpu:2 to train the model
using gpu:2 to train the model
cuda:2
Namespace(A_split=False, JK='sum', a_fold=100, aggregate=False, alpha=0.4, batch_size=2048, beta_inter=0.2, conv_layers=4, cuda=True, decay_epoch=10, device=device(type='cuda', index=2), device_id='2', domains='game_video', dropout=0.4, epoch=80, feature_dim=126, gamma_intra=0.8, hidden_dim=126, inter_tau=0.2, intra_tau=0.4, lambda_critic=0.1, leakey=0.05, load=False, log='logs.txt', log_epoch=1, lr=0.004, lr_decay=0.95, min_epoch=60, mode='train', model_file=None, model_name='gv', momentum=0.98, num_latent_factors=3, num_negative=100, optim='adam', patience=20, proj_layers=1, projection=1, rectify_epoch=40, residual=1, save=False, save_dir='./saved_models', seed=32, similarity_tau=0.2, step=1, test_sample_number=999, user_batch_size=256, weight_decay=0.0002)
number_user 25025
number_item 12319
real graph loaded!
number_user 19457
number_item 8751
real graph loaded!
graph loaded!
Loading data from game_video with batch size 2048...
unseen test: 0
test length: 1381
unseen test: 0
test length: 1304
unseen test: 0
test length: 1435
unseen test: 0
test length: 1458
source_user_num 25025
target_user_num 19457
source_item_num 12319
target_item_num 8751
shared users id: 1737
test users 226, 217
unseen test: 0
dev length: 1000
unseen test: 0
dev length: 1000
source train data : 155036, target train data: 156091, source test data : 1304, target test data : 1458, source dev data : 1000, target dev data : 1000
2024-08-15 00:06:00.627153: step 152/12160 (epoch 1/80), loss = 2.327027 (43.890 sec/epoch), lr: 0.004000
Evaluating on dev set...
...........................
source: 	 mrr: 0.025266	 ndcg_5: 0.0150	 ndcg_10: 0.0195	 hit@1:0.009413	 hit@5:0.0203	 hit@10: 0.0348
target: 	 mrr: 0.028527	 ndcg_5: 0.0203	 ndcg_10: 0.0287	 hit@1:0.008362	 hit@5:0.0321	 hit@10: 0.0585
source best!
.............
source: 	 mrr: 0.024753	 ndcg_5: 0.0163	 ndcg_10: 0.0217	 hit@1:0.005368	 hit@5:0.0261	 hit@10: 0.0429
target best!
..............target: 	 mrr: 0.031657	 ndcg_5: 0.0242	 ndcg_10: 0.0293	 hit@1:0.012346	 hit@5:0.0357	 hit@10: 0.0521
epoch 1: train_loss = 2.327027, source_mrr = 0.024753, source_hit@10 = 0.0429, source_ndcg@10 = 0.0217, target_mrr = 0.031657, target_hit@10 = 0.0521, target_ndcg@10 = 0.0293

2024-08-15 00:06:42.827276: step 304/12160 (epoch 2/80), loss = 1.955929 (41.136 sec/epoch), lr: 0.004000
Evaluating on dev set...
...........................
source: 	 mrr: 0.031718	 ndcg_5: 0.0210	 ndcg_10: 0.0311	 hit@1:0.005793	 hit@5:0.0369	 hit@10: 0.0681
target: 	 mrr: 0.027306	 ndcg_5: 0.0182	 ndcg_10: 0.0250	 hit@1:0.009756	 hit@5:0.0272	 hit@10: 0.0481
source best!
.............
source: 	 mrr: 0.031959	 ndcg_5: 0.0213	 ndcg_10: 0.0316	 hit@1:0.006902	 hit@5:0.0368	 hit@10: 0.0690
epoch 2: train_loss = 1.955929, source_mrr = 0.031959, source_hit@10 = 0.0690, source_ndcg@10 = 0.0316, target_mrr = 0.027306, target_hit@10 = 0.0481, target_ndcg@10 = 0.0250

2024-08-15 00:07:25.501480: step 456/12160 (epoch 3/80), loss = 1.898069 (41.854 sec/epoch), lr: 0.004000
Evaluating on dev set...
...........................
source: 	 mrr: 0.034556	 ndcg_5: 0.0211	 ndcg_10: 0.0336	 hit@1:0.007965	 hit@5:0.0355	 hit@10: 0.0746
target: 	 mrr: 0.035078	 ndcg_5: 0.0250	 ndcg_10: 0.0332	 hit@1:0.012544	 hit@5:0.0376	 hit@10: 0.0634
source best!
.............
source: 	 mrr: 0.034894	 ndcg_5: 0.0226	 ndcg_10: 0.0355	 hit@1:0.006135	 hit@5:0.0391	 hit@10: 0.0798
target best!
..............target: 	 mrr: 0.038126	 ndcg_5: 0.0298	 ndcg_10: 0.0373	 hit@1:0.013717	 hit@5:0.0453	 hit@10: 0.0686
epoch 3: train_loss = 1.898069, source_mrr = 0.034894, source_hit@10 = 0.0798, source_ndcg@10 = 0.0355, target_mrr = 0.038126, target_hit@10 = 0.0686, target_ndcg@10 = 0.0373

2024-08-15 00:08:07.273183: step 608/12160 (epoch 4/80), loss = 1.875294 (40.702 sec/epoch), lr: 0.004000
Evaluating on dev set...
...........................
source: 	 mrr: 0.037227	 ndcg_5: 0.0270	 ndcg_10: 0.0365	 hit@1:0.010862	 hit@5:0.0434	 hit@10: 0.0731
target: 	 mrr: 0.048300	 ndcg_5: 0.0399	 ndcg_10: 0.0517	 hit@1:0.018815	 hit@5:0.0634	 hit@10: 0.1003
source best!
.............
source: 	 mrr: 0.034730	 ndcg_5: 0.0246	 ndcg_10: 0.0335	 hit@1:0.009969	 hit@5:0.0399	 hit@10: 0.0675
target best!
..............target: 	 mrr: 0.046604	 ndcg_5: 0.0363	 ndcg_10: 0.0525	 hit@1:0.013717	 hit@5:0.0590	 hit@10: 0.1097
epoch 4: train_loss = 1.875294, source_mrr = 0.034730, source_hit@10 = 0.0675, source_ndcg@10 = 0.0335, target_mrr = 0.046604, target_hit@10 = 0.1097, target_ndcg@10 = 0.0525

2024-08-15 00:08:51.053645: step 760/12160 (epoch 5/80), loss = 1.861355 (42.714 sec/epoch), lr: 0.004000
Evaluating on dev set...
...........................
source: 	 mrr: 0.036019	 ndcg_5: 0.0251	 ndcg_10: 0.0341	 hit@1:0.011586	 hit@5:0.0398	 hit@10: 0.0681
target: 	 mrr: 0.052385	 ndcg_5: 0.0461	 ndcg_10: 0.0563	 hit@1:0.017422	 hit@5:0.0753	 hit@10: 0.1073
target best!
..............target: 	 mrr: 0.053075	 ndcg_5: 0.0454	 ndcg_10: 0.0591	 hit@1:0.017147	 hit@5:0.0748	 hit@10: 0.1166
epoch 5: train_loss = 1.861355, source_mrr = 0.036019, source_hit@10 = 0.0681, source_ndcg@10 = 0.0341, target_mrr = 0.053075, target_hit@10 = 0.1166, target_ndcg@10 = 0.0591

2024-08-15 00:09:33.750089: step 912/12160 (epoch 6/80), loss = 1.838805 (41.838 sec/epoch), lr: 0.004000
Evaluating on dev set...
...........................
source: 	 mrr: 0.035780	 ndcg_5: 0.0252	 ndcg_10: 0.0340	 hit@1:0.010862	 hit@5:0.0369	 hit@10: 0.0637
target: 	 mrr: 0.030658	 ndcg_5: 0.0227	 ndcg_10: 0.0310	 hit@1:0.009059	 hit@5:0.0369	 hit@10: 0.0627
epoch 6: train_loss = 1.838805, source_mrr = 0.035780, source_hit@10 = 0.0637, source_ndcg@10 = 0.0340, target_mrr = 0.030658, target_hit@10 = 0.0627, target_ndcg@10 = 0.0310

2024-08-15 00:10:16.172688: step 1064/12160 (epoch 7/80), loss = 1.808732 (41.827 sec/epoch), lr: 0.004000
Evaluating on dev set...
...........................
source: 	 mrr: 0.035675	 ndcg_5: 0.0265	 ndcg_10: 0.0364	 hit@1:0.008689	 hit@5:0.0456	 hit@10: 0.0768
target: 	 mrr: 0.043925	 ndcg_5: 0.0349	 ndcg_10: 0.0454	 hit@1:0.016725	 hit@5:0.0557	 hit@10: 0.0885
epoch 7: train_loss = 1.808732, source_mrr = 0.035675, source_hit@10 = 0.0768, source_ndcg@10 = 0.0364, target_mrr = 0.043925, target_hit@10 = 0.0885, target_ndcg@10 = 0.0454

2024-08-15 00:11:01.125302: step 1216/12160 (epoch 8/80), loss = 1.774909 (44.332 sec/epoch), lr: 0.004000
Evaluating on dev set...
...........................
source: 	 mrr: 0.027264	 ndcg_5: 0.0189	 ndcg_10: 0.0270	 hit@1:0.005793	 hit@5:0.0319	 hit@10: 0.0572
target: 	 mrr: 0.046440	 ndcg_5: 0.0360	 ndcg_10: 0.0522	 hit@1:0.014634	 hit@5:0.0557	 hit@10: 0.1066
epoch 8: train_loss = 1.774909, source_mrr = 0.027264, source_hit@10 = 0.0572, source_ndcg@10 = 0.0270, target_mrr = 0.046440, target_hit@10 = 0.1066, target_ndcg@10 = 0.0522

2024-08-15 00:11:46.189325: step 1368/12160 (epoch 9/80), loss = 1.755310 (44.446 sec/epoch), lr: 0.004000
Evaluating on dev set...
...........................
source: 	 mrr: 0.028845	 ndcg_5: 0.0197	 ndcg_10: 0.0280	 hit@1:0.008689	 hit@5:0.0311	 hit@10: 0.0565
target: 	 mrr: 0.043217	 ndcg_5: 0.0339	 ndcg_10: 0.0463	 hit@1:0.013240	 hit@5:0.0551	 hit@10: 0.0941
epoch 9: train_loss = 1.755310, source_mrr = 0.028845, source_hit@10 = 0.0565, source_ndcg@10 = 0.0280, target_mrr = 0.043217, target_hit@10 = 0.0941, target_ndcg@10 = 0.0463

2024-08-15 00:12:31.281971: step 1520/12160 (epoch 10/80), loss = 1.742606 (44.456 sec/epoch), lr: 0.004000
Evaluating on dev set...
...........................
source: 	 mrr: 0.034401	 ndcg_5: 0.0251	 ndcg_10: 0.0319	 hit@1:0.012310	 hit@5:0.0391	 hit@10: 0.0601
target: 	 mrr: 0.046998	 ndcg_5: 0.0392	 ndcg_10: 0.0521	 hit@1:0.012544	 hit@5:0.0662	 hit@10: 0.1066
epoch 10: train_loss = 1.742606, source_mrr = 0.034401, source_hit@10 = 0.0601, source_ndcg@10 = 0.0319, target_mrr = 0.046998, target_hit@10 = 0.1066, target_ndcg@10 = 0.0521

2024-08-15 00:13:16.348842: step 1672/12160 (epoch 11/80), loss = 1.739966 (44.403 sec/epoch), lr: 0.004000
Evaluating on dev set...
...........................
source: 	 mrr: 0.033482	 ndcg_5: 0.0253	 ndcg_10: 0.0337	 hit@1:0.007965	 hit@5:0.0434	 hit@10: 0.0695
target: 	 mrr: 0.039204	 ndcg_5: 0.0315	 ndcg_10: 0.0407	 hit@1:0.010453	 hit@5:0.0537	 hit@10: 0.0822
epoch 11: train_loss = 1.739966, source_mrr = 0.033482, source_hit@10 = 0.0695, source_ndcg@10 = 0.0337, target_mrr = 0.039204, target_hit@10 = 0.0822, target_ndcg@10 = 0.0407

2024-08-15 00:14:01.651044: step 1824/12160 (epoch 12/80), loss = 1.727759 (44.590 sec/epoch), lr: 0.003800
Evaluating on dev set...
...........................
source: 	 mrr: 0.021038	 ndcg_5: 0.0130	 ndcg_10: 0.0182	 hit@1:0.005793	 hit@5:0.0203	 hit@10: 0.0369
target: 	 mrr: 0.055774	 ndcg_5: 0.0482	 ndcg_10: 0.0636	 hit@1:0.020209	 hit@5:0.0767	 hit@10: 0.1247
target best!
..............target: 	 mrr: 0.056254	 ndcg_5: 0.0501	 ndcg_10: 0.0633	 hit@1:0.019204	 hit@5:0.0830	 hit@10: 0.1241
epoch 12: train_loss = 1.727759, source_mrr = 0.021038, source_hit@10 = 0.0369, source_ndcg@10 = 0.0182, target_mrr = 0.056254, target_hit@10 = 0.1241, target_ndcg@10 = 0.0633

2024-08-15 00:14:47.847550: step 1976/12160 (epoch 13/80), loss = 1.726327 (45.212 sec/epoch), lr: 0.003800
Evaluating on dev set...
...........................
source: 	 mrr: 0.022596	 ndcg_5: 0.0166	 ndcg_10: 0.0211	 hit@1:0.005069	 hit@5:0.0282	 hit@10: 0.0420
target: 	 mrr: 0.038585	 ndcg_5: 0.0270	 ndcg_10: 0.0431	 hit@1:0.011847	 hit@5:0.0439	 hit@10: 0.0948
epoch 13: train_loss = 1.726327, source_mrr = 0.022596, source_hit@10 = 0.0420, source_ndcg@10 = 0.0211, target_mrr = 0.038585, target_hit@10 = 0.0948, target_ndcg@10 = 0.0431

2024-08-15 00:15:33.545514: step 2128/12160 (epoch 14/80), loss = 1.720406 (45.044 sec/epoch), lr: 0.003610
Evaluating on dev set...
...........................
source: 	 mrr: 0.027328	 ndcg_5: 0.0172	 ndcg_10: 0.0260	 hit@1:0.009413	 hit@5:0.0253	 hit@10: 0.0529
target: 	 mrr: 0.049988	 ndcg_5: 0.0408	 ndcg_10: 0.0533	 hit@1:0.017422	 hit@5:0.0634	 hit@10: 0.1024
epoch 14: train_loss = 1.720406, source_mrr = 0.027328, source_hit@10 = 0.0529, source_ndcg@10 = 0.0260, target_mrr = 0.049988, target_hit@10 = 0.1024, target_ndcg@10 = 0.0533

2024-08-15 00:16:20.282938: step 2280/12160 (epoch 15/80), loss = 1.715066 (46.090 sec/epoch), lr: 0.003610
Evaluating on dev set...
...........................
source: 	 mrr: 0.025713	 ndcg_5: 0.0161	 ndcg_10: 0.0240	 hit@1:0.004345	 hit@5:0.0268	 hit@10: 0.0514
target: 	 mrr: 0.054887	 ndcg_5: 0.0432	 ndcg_10: 0.0578	 hit@1:0.022300	 hit@5:0.0634	 hit@10: 0.1087
epoch 15: train_loss = 1.715066, source_mrr = 0.025713, source_hit@10 = 0.0514, source_ndcg@10 = 0.0240, target_mrr = 0.054887, target_hit@10 = 0.1087, target_ndcg@10 = 0.0578

2024-08-15 00:17:07.122980: step 2432/12160 (epoch 16/80), loss = 1.710808 (46.153 sec/epoch), lr: 0.003610
Evaluating on dev set...
...........................
source: 	 mrr: 0.017127	 ndcg_5: 0.0100	 ndcg_10: 0.0151	 hit@1:0.002896	 hit@5:0.0174	 hit@10: 0.0333
target: 	 mrr: 0.044376	 ndcg_5: 0.0339	 ndcg_10: 0.0454	 hit@1:0.013937	 hit@5:0.0530	 hit@10: 0.0885
epoch 16: train_loss = 1.710808, source_mrr = 0.017127, source_hit@10 = 0.0333, source_ndcg@10 = 0.0151, target_mrr = 0.044376, target_hit@10 = 0.0885, target_ndcg@10 = 0.0454

2024-08-15 00:17:53.366230: step 2584/12160 (epoch 17/80), loss = 1.703321 (45.566 sec/epoch), lr: 0.003429
Evaluating on dev set...
...........................
source: 	 mrr: 0.021671	 ndcg_5: 0.0140	 ndcg_10: 0.0211	 hit@1:0.005793	 hit@5:0.0224	 hit@10: 0.0449
target: 	 mrr: 0.039286	 ndcg_5: 0.0304	 ndcg_10: 0.0406	 hit@1:0.011150	 hit@5:0.0502	 hit@10: 0.0822
epoch 17: train_loss = 1.703321, source_mrr = 0.021671, source_hit@10 = 0.0449, source_ndcg@10 = 0.0211, target_mrr = 0.039286, target_hit@10 = 0.0822, target_ndcg@10 = 0.0406

2024-08-15 00:18:39.858996: step 2736/12160 (epoch 18/80), loss = 1.698746 (45.834 sec/epoch), lr: 0.003258
Evaluating on dev set...
...........................
source: 	 mrr: 0.027221	 ndcg_5: 0.0192	 ndcg_10: 0.0254	 hit@1:0.007965	 hit@5:0.0311	 hit@10: 0.0500
target: 	 mrr: 0.054288	 ndcg_5: 0.0440	 ndcg_10: 0.0581	 hit@1:0.022997	 hit@5:0.0655	 hit@10: 0.1094
epoch 18: train_loss = 1.698746, source_mrr = 0.027221, source_hit@10 = 0.0500, source_ndcg@10 = 0.0254, target_mrr = 0.054288, target_hit@10 = 0.1094, target_ndcg@10 = 0.0581

2024-08-15 00:19:26.761052: step 2888/12160 (epoch 19/80), loss = 1.694824 (46.212 sec/epoch), lr: 0.003258
Evaluating on dev set...
...........................
source: 	 mrr: 0.026579	 ndcg_5: 0.0174	 ndcg_10: 0.0249	 hit@1:0.007241	 hit@5:0.0282	 hit@10: 0.0514
target: 	 mrr: 0.046386	 ndcg_5: 0.0370	 ndcg_10: 0.0490	 hit@1:0.014634	 hit@5:0.0599	 hit@10: 0.0969
epoch 19: train_loss = 1.694824, source_mrr = 0.026579, source_hit@10 = 0.0514, source_ndcg@10 = 0.0249, target_mrr = 0.046386, target_hit@10 = 0.0969, target_ndcg@10 = 0.0490

2024-08-15 00:20:13.957053: step 3040/12160 (epoch 20/80), loss = 1.688862 (46.569 sec/epoch), lr: 0.003095
Evaluating on dev set...
...........................
source: 	 mrr: 0.025105	 ndcg_5: 0.0159	 ndcg_10: 0.0226	 hit@1:0.008689	 hit@5:0.0224	 hit@10: 0.0427
target: 	 mrr: 0.058494	 ndcg_5: 0.0534	 ndcg_10: 0.0659	 hit@1:0.021603	 hit@5:0.0836	 hit@10: 0.1233
target best!
..............target: 	 mrr: 0.053161	 ndcg_5: 0.0443	 ndcg_10: 0.0589	 hit@1:0.017833	 hit@5:0.0700	 hit@10: 0.1152
epoch 20: train_loss = 1.688862, source_mrr = 0.025105, source_hit@10 = 0.0427, source_ndcg@10 = 0.0226, target_mrr = 0.053161, target_hit@10 = 0.1152, target_ndcg@10 = 0.0589

2024-08-15 00:21:00.607372: step 3192/12160 (epoch 21/80), loss = 1.684109 (45.698 sec/epoch), lr: 0.003095
Evaluating on dev set...
...........................
source: 	 mrr: 0.025180	 ndcg_5: 0.0179	 ndcg_10: 0.0237	 hit@1:0.005069	 hit@5:0.0319	 hit@10: 0.0492
target: 	 mrr: 0.044924	 ndcg_5: 0.0369	 ndcg_10: 0.0501	 hit@1:0.009756	 hit@5:0.0641	 hit@10: 0.1045
epoch 21: train_loss = 1.684109, source_mrr = 0.025180, source_hit@10 = 0.0492, source_ndcg@10 = 0.0237, target_mrr = 0.044924, target_hit@10 = 0.1045, target_ndcg@10 = 0.0501

2024-08-15 00:21:47.311523: step 3344/12160 (epoch 22/80), loss = 1.681382 (46.034 sec/epoch), lr: 0.002940
Evaluating on dev set...
...........................
source: 	 mrr: 0.016352	 ndcg_5: 0.0102	 ndcg_10: 0.0131	 hit@1:0.003621	 hit@5:0.0181	 hit@10: 0.0275
target: 	 mrr: 0.052995	 ndcg_5: 0.0408	 ndcg_10: 0.0574	 hit@1:0.021603	 hit@5:0.0606	 hit@10: 0.1122
epoch 22: train_loss = 1.681382, source_mrr = 0.016352, source_hit@10 = 0.0275, source_ndcg@10 = 0.0131, target_mrr = 0.052995, target_hit@10 = 0.1122, target_ndcg@10 = 0.0574

2024-08-15 00:22:34.263226: step 3496/12160 (epoch 23/80), loss = 1.673079 (46.280 sec/epoch), lr: 0.002793
Evaluating on dev set...
...........................
source: 	 mrr: 0.018786	 ndcg_5: 0.0124	 ndcg_10: 0.0187	 hit@1:0.002896	 hit@5:0.0224	 hit@10: 0.0427
target: 	 mrr: 0.042170	 ndcg_5: 0.0314	 ndcg_10: 0.0450	 hit@1:0.010453	 hit@5:0.0523	 hit@10: 0.0941
epoch 23: train_loss = 1.673079, source_mrr = 0.018786, source_hit@10 = 0.0427, source_ndcg@10 = 0.0187, target_mrr = 0.042170, target_hit@10 = 0.0941, target_ndcg@10 = 0.0450

2024-08-15 00:23:20.821793: step 3648/12160 (epoch 24/80), loss = 1.667427 (45.891 sec/epoch), lr: 0.002654
Evaluating on dev set...
...........................
source: 	 mrr: 0.018744	 ndcg_5: 0.0116	 ndcg_10: 0.0163	 hit@1:0.005069	 hit@5:0.0174	 hit@10: 0.0319
target: 	 mrr: 0.050594	 ndcg_5: 0.0409	 ndcg_10: 0.0551	 hit@1:0.018815	 hit@5:0.0641	 hit@10: 0.1094
epoch 24: train_loss = 1.667427, source_mrr = 0.018744, source_hit@10 = 0.0319, source_ndcg@10 = 0.0163, target_mrr = 0.050594, target_hit@10 = 0.1094, target_ndcg@10 = 0.0551

2024-08-15 00:24:07.654755: step 3800/12160 (epoch 25/80), loss = 1.664984 (46.136 sec/epoch), lr: 0.002654
Evaluating on dev set...
...........................
source: 	 mrr: 0.026997	 ndcg_5: 0.0175	 ndcg_10: 0.0247	 hit@1:0.006517	 hit@5:0.0290	 hit@10: 0.0514
target: 	 mrr: 0.048349	 ndcg_5: 0.0383	 ndcg_10: 0.0529	 hit@1:0.018815	 hit@5:0.0585	 hit@10: 0.1052
epoch 25: train_loss = 1.664984, source_mrr = 0.026997, source_hit@10 = 0.0514, source_ndcg@10 = 0.0247, target_mrr = 0.048349, target_hit@10 = 0.1052, target_ndcg@10 = 0.0529

2024-08-15 00:24:54.217910: step 3952/12160 (epoch 26/80), loss = 1.661620 (45.854 sec/epoch), lr: 0.002654
Evaluating on dev set...
...........................
source: 	 mrr: 0.025989	 ndcg_5: 0.0173	 ndcg_10: 0.0252	 hit@1:0.008689	 hit@5:0.0253	 hit@10: 0.0500
target: 	 mrr: 0.052014	 ndcg_5: 0.0410	 ndcg_10: 0.0571	 hit@1:0.018815	 hit@5:0.0634	 hit@10: 0.1129
epoch 26: train_loss = 1.661620, source_mrr = 0.025989, source_hit@10 = 0.0500, source_ndcg@10 = 0.0252, target_mrr = 0.052014, target_hit@10 = 0.1129, target_ndcg@10 = 0.0571

2024-08-15 00:25:41.862239: step 4104/12160 (epoch 27/80), loss = 1.664727 (46.965 sec/epoch), lr: 0.002654
Evaluating on dev set...
...........................
source: 	 mrr: 0.018521	 ndcg_5: 0.0109	 ndcg_10: 0.0173	 hit@1:0.002172	 hit@5:0.0196	 hit@10: 0.0391
target: 	 mrr: 0.053837	 ndcg_5: 0.0434	 ndcg_10: 0.0613	 hit@1:0.020906	 hit@5:0.0669	 hit@10: 0.1233
epoch 27: train_loss = 1.664727, source_mrr = 0.018521, source_hit@10 = 0.0391, source_ndcg@10 = 0.0173, target_mrr = 0.053837, target_hit@10 = 0.1233, target_ndcg@10 = 0.0613

2024-08-15 00:26:27.857223: step 4256/12160 (epoch 28/80), loss = 1.652923 (45.186 sec/epoch), lr: 0.002521
Evaluating on dev set...
...........................
source: 	 mrr: 0.023825	 ndcg_5: 0.0164	 ndcg_10: 0.0205	 hit@1:0.008689	 hit@5:0.0239	 hit@10: 0.0369
target: 	 mrr: 0.054951	 ndcg_5: 0.0453	 ndcg_10: 0.0625	 hit@1:0.014634	 hit@5:0.0704	 hit@10: 0.1233
epoch 28: train_loss = 1.652923, source_mrr = 0.023825, source_hit@10 = 0.0369, source_ndcg@10 = 0.0205, target_mrr = 0.054951, target_hit@10 = 0.1233, target_ndcg@10 = 0.0625

2024-08-15 00:27:15.114276: step 4408/12160 (epoch 29/80), loss = 1.653846 (46.574 sec/epoch), lr: 0.002521
Evaluating on dev set...
...........................
source: 	 mrr: 0.025051	 ndcg_5: 0.0175	 ndcg_10: 0.0232	 hit@1:0.005069	 hit@5:0.0297	 hit@10: 0.0478
target: 	 mrr: 0.050073	 ndcg_5: 0.0403	 ndcg_10: 0.0556	 hit@1:0.016028	 hit@5:0.0648	 hit@10: 0.1122
epoch 29: train_loss = 1.653846, source_mrr = 0.025051, source_hit@10 = 0.0478, source_ndcg@10 = 0.0232, target_mrr = 0.050073, target_hit@10 = 0.1122, target_ndcg@10 = 0.0556

2024-08-15 00:28:01.688178: step 4560/12160 (epoch 30/80), loss = 1.648027 (45.941 sec/epoch), lr: 0.002395
Evaluating on dev set...
...........................
source: 	 mrr: 0.032999	 ndcg_5: 0.0228	 ndcg_10: 0.0326	 hit@1:0.010862	 hit@5:0.0369	 hit@10: 0.0673
target: 	 mrr: 0.054968	 ndcg_5: 0.0491	 ndcg_10: 0.0609	 hit@1:0.018815	 hit@5:0.0808	 hit@10: 0.1178
epoch 30: train_loss = 1.648027, source_mrr = 0.032999, source_hit@10 = 0.0673, source_ndcg@10 = 0.0326, target_mrr = 0.054968, target_hit@10 = 0.1178, target_ndcg@10 = 0.0609

2024-08-15 00:28:48.765346: step 4712/12160 (epoch 31/80), loss = 1.640021 (46.445 sec/epoch), lr: 0.002395
Evaluating on dev set...
...........................
source: 	 mrr: 0.028341	 ndcg_5: 0.0197	 ndcg_10: 0.0270	 hit@1:0.005793	 hit@5:0.0340	 hit@10: 0.0572
target: 	 mrr: 0.056760	 ndcg_5: 0.0482	 ndcg_10: 0.0623	 hit@1:0.021603	 hit@5:0.0760	 hit@10: 0.1199
epoch 31: train_loss = 1.640021, source_mrr = 0.028341, source_hit@10 = 0.0572, source_ndcg@10 = 0.0270, target_mrr = 0.056760, target_hit@10 = 0.1199, target_ndcg@10 = 0.0623

2024-08-15 00:29:35.169797: step 4864/12160 (epoch 32/80), loss = 1.632846 (45.761 sec/epoch), lr: 0.002275
Evaluating on dev set...
...........................
source: 	 mrr: 0.019872	 ndcg_5: 0.0110	 ndcg_10: 0.0180	 hit@1:0.003621	 hit@5:0.0174	 hit@10: 0.0391
target: 	 mrr: 0.054361	 ndcg_5: 0.0458	 ndcg_10: 0.0611	 hit@1:0.021603	 hit@5:0.0718	 hit@10: 0.1199
epoch 32: train_loss = 1.632846, source_mrr = 0.019872, source_hit@10 = 0.0391, source_ndcg@10 = 0.0180, target_mrr = 0.054361, target_hit@10 = 0.1199, target_ndcg@10 = 0.0611

2024-08-15 00:30:21.943212: step 5016/12160 (epoch 33/80), loss = 1.624879 (46.007 sec/epoch), lr: 0.002161
Evaluating on dev set...
...........................
source: 	 mrr: 0.039776	 ndcg_5: 0.0304	 ndcg_10: 0.0407	 hit@1:0.013034	 hit@5:0.0485	 hit@10: 0.0804
target: 	 mrr: 0.057460	 ndcg_5: 0.0485	 ndcg_10: 0.0627	 hit@1:0.025087	 hit@5:0.0739	 hit@10: 0.1185
source best!
.............
source: 	 mrr: 0.037980	 ndcg_5: 0.0276	 ndcg_10: 0.0378	 hit@1:0.010736	 hit@5:0.0422	 hit@10: 0.0744
epoch 33: train_loss = 1.624879, source_mrr = 0.037980, source_hit@10 = 0.0744, source_ndcg@10 = 0.0378, target_mrr = 0.057460, target_hit@10 = 0.1185, target_ndcg@10 = 0.0627

2024-08-15 00:31:08.130764: step 5168/12160 (epoch 34/80), loss = 1.620815 (45.266 sec/epoch), lr: 0.002161
Evaluating on dev set...
...........................
source: 	 mrr: 0.026520	 ndcg_5: 0.0187	 ndcg_10: 0.0261	 hit@1:0.005793	 hit@5:0.0304	 hit@10: 0.0536
target: 	 mrr: 0.055410	 ndcg_5: 0.0469	 ndcg_10: 0.0594	 hit@1:0.020209	 hit@5:0.0732	 hit@10: 0.1122
epoch 34: train_loss = 1.620815, source_mrr = 0.026520, source_hit@10 = 0.0536, source_ndcg@10 = 0.0261, target_mrr = 0.055410, target_hit@10 = 0.1122, target_ndcg@10 = 0.0594

2024-08-15 00:31:54.887287: step 5320/12160 (epoch 35/80), loss = 1.611436 (46.102 sec/epoch), lr: 0.002053
Evaluating on dev set...
...........................
source: 	 mrr: 0.036865	 ndcg_5: 0.0274	 ndcg_10: 0.0379	 hit@1:0.008689	 hit@5:0.0463	 hit@10: 0.0789
target: 	 mrr: 0.058391	 ndcg_5: 0.0517	 ndcg_10: 0.0635	 hit@1:0.022300	 hit@5:0.0801	 hit@10: 0.1164
epoch 35: train_loss = 1.611436, source_mrr = 0.036865, source_hit@10 = 0.0789, source_ndcg@10 = 0.0379, target_mrr = 0.058391, target_hit@10 = 0.1164, target_ndcg@10 = 0.0635

2024-08-15 00:32:40.612038: step 5472/12160 (epoch 36/80), loss = 1.611712 (45.096 sec/epoch), lr: 0.002053
Evaluating on dev set...
...........................
source: 	 mrr: 0.039849	 ndcg_5: 0.0282	 ndcg_10: 0.0400	 hit@1:0.012310	 hit@5:0.0434	 hit@10: 0.0804
target: 	 mrr: 0.057426	 ndcg_5: 0.0509	 ndcg_10: 0.0634	 hit@1:0.021603	 hit@5:0.0794	 hit@10: 0.1178
source best!
.............
source: 	 mrr: 0.038659	 ndcg_5: 0.0287	 ndcg_10: 0.0402	 hit@1:0.010736	 hit@5:0.0468	 hit@10: 0.0828
epoch 36: train_loss = 1.611712, source_mrr = 0.038659, source_hit@10 = 0.0828, source_ndcg@10 = 0.0402, target_mrr = 0.057426, target_hit@10 = 0.1178, target_ndcg@10 = 0.0634

2024-08-15 00:33:24.997933: step 5624/12160 (epoch 37/80), loss = 1.608500 (43.497 sec/epoch), lr: 0.002053
Evaluating on dev set...
...........................
source: 	 mrr: 0.029489	 ndcg_5: 0.0207	 ndcg_10: 0.0278	 hit@1:0.009413	 hit@5:0.0319	 hit@10: 0.0536
target: 	 mrr: 0.055816	 ndcg_5: 0.0458	 ndcg_10: 0.0613	 hit@1:0.019512	 hit@5:0.0697	 hit@10: 0.1178
epoch 37: train_loss = 1.608500, source_mrr = 0.029489, source_hit@10 = 0.0536, source_ndcg@10 = 0.0278, target_mrr = 0.055816, target_hit@10 = 0.1178, target_ndcg@10 = 0.0613

2024-08-15 00:34:08.050047: step 5776/12160 (epoch 38/80), loss = 1.600439 (42.452 sec/epoch), lr: 0.001951
Evaluating on dev set...
...........................
source: 	 mrr: 0.042123	 ndcg_5: 0.0296	 ndcg_10: 0.0412	 hit@1:0.017379	 hit@5:0.0420	 hit@10: 0.0782
target: 	 mrr: 0.052184	 ndcg_5: 0.0430	 ndcg_10: 0.0578	 hit@1:0.016725	 hit@5:0.0683	 hit@10: 0.1143
source best!
.............
source: 	 mrr: 0.038987	 ndcg_5: 0.0284	 ndcg_10: 0.0418	 hit@1:0.010736	 hit@5:0.0460	 hit@10: 0.0882
epoch 38: train_loss = 1.600439, source_mrr = 0.038987, source_hit@10 = 0.0882, source_ndcg@10 = 0.0418, target_mrr = 0.052184, target_hit@10 = 0.1143, target_ndcg@10 = 0.0578

2024-08-15 00:34:51.485286: step 5928/12160 (epoch 39/80), loss = 1.598449 (42.592 sec/epoch), lr: 0.001951
Evaluating on dev set...
...........................
source: 	 mrr: 0.037233	 ndcg_5: 0.0258	 ndcg_10: 0.0353	 hit@1:0.010862	 hit@5:0.0391	 hit@10: 0.0688
target: 	 mrr: 0.047975	 ndcg_5: 0.0388	 ndcg_10: 0.0531	 hit@1:0.012544	 hit@5:0.0655	 hit@10: 0.1094
epoch 39: train_loss = 1.598449, source_mrr = 0.037233, source_hit@10 = 0.0688, source_ndcg@10 = 0.0353, target_mrr = 0.047975, target_hit@10 = 0.1094, target_ndcg@10 = 0.0531

2024-08-15 00:35:35.951797: step 6080/12160 (epoch 40/80), loss = 1.596415 (43.837 sec/epoch), lr: 0.001853
Evaluating on dev set...
...........................
source: 	 mrr: 0.035234	 ndcg_5: 0.0253	 ndcg_10: 0.0335	 hit@1:0.013758	 hit@5:0.0369	 hit@10: 0.0623
target: 	 mrr: 0.056299	 ndcg_5: 0.0483	 ndcg_10: 0.0638	 hit@1:0.018118	 hit@5:0.0780	 hit@10: 0.1261
epoch 40: train_loss = 1.596415, source_mrr = 0.035234, source_hit@10 = 0.0623, source_ndcg@10 = 0.0335, target_mrr = 0.056299, target_hit@10 = 0.1261, target_ndcg@10 = 0.0638
shift to transfer learning mode

2024-08-15 00:36:19.607488: step 6232/12160 (epoch 41/80), loss = 1.603337 (43.041 sec/epoch), lr: 0.001853
Evaluating on dev set...
...........................
source: 	 mrr: 0.029361	 ndcg_5: 0.0209	 ndcg_10: 0.0273	 hit@1:0.007965	 hit@5:0.0340	 hit@10: 0.0543
target: 	 mrr: 0.051290	 ndcg_5: 0.0420	 ndcg_10: 0.0553	 hit@1:0.016028	 hit@5:0.0669	 hit@10: 0.1073
epoch 41: train_loss = 1.603337, source_mrr = 0.029361, source_hit@10 = 0.0543, source_ndcg@10 = 0.0273, target_mrr = 0.051290, target_hit@10 = 0.1073, target_ndcg@10 = 0.0553

2024-08-15 00:37:03.354022: step 6384/12160 (epoch 42/80), loss = 1.600430 (43.158 sec/epoch), lr: 0.001761
Evaluating on dev set...
...........................
source: 	 mrr: 0.035007	 ndcg_5: 0.0235	 ndcg_10: 0.0341	 hit@1:0.010862	 hit@5:0.0362	 hit@10: 0.0695
target: 	 mrr: 0.058523	 ndcg_5: 0.0494	 ndcg_10: 0.0621	 hit@1:0.024390	 hit@5:0.0753	 hit@10: 0.1150
target best!
..............target: 	 mrr: 0.057795	 ndcg_5: 0.0509	 ndcg_10: 0.0653	 hit@1:0.019890	 hit@5:0.0823	 hit@10: 0.1269
epoch 42: train_loss = 1.600430, source_mrr = 0.035007, source_hit@10 = 0.0695, source_ndcg@10 = 0.0341, target_mrr = 0.057795, target_hit@10 = 0.1269, target_ndcg@10 = 0.0653

2024-08-15 00:37:49.208681: step 6536/12160 (epoch 43/80), loss = 1.595136 (44.969 sec/epoch), lr: 0.001761
Evaluating on dev set...
...........................
source: 	 mrr: 0.030284	 ndcg_5: 0.0214	 ndcg_10: 0.0305	 hit@1:0.007965	 hit@5:0.0340	 hit@10: 0.0630
target: 	 mrr: 0.058627	 ndcg_5: 0.0496	 ndcg_10: 0.0637	 hit@1:0.025087	 hit@5:0.0739	 hit@10: 0.1171
target best!
..............target: 	 mrr: 0.058396	 ndcg_5: 0.0508	 ndcg_10: 0.0637	 hit@1:0.022634	 hit@5:0.0796	 hit@10: 0.1193
epoch 43: train_loss = 1.595136, source_mrr = 0.030284, source_hit@10 = 0.0630, source_ndcg@10 = 0.0305, target_mrr = 0.058396, target_hit@10 = 0.1193, target_ndcg@10 = 0.0637

2024-08-15 00:38:34.279260: step 6688/12160 (epoch 44/80), loss = 1.592984 (44.163 sec/epoch), lr: 0.001672
Evaluating on dev set...
...........................
source: 	 mrr: 0.033158	 ndcg_5: 0.0244	 ndcg_10: 0.0319	 hit@1:0.009413	 hit@5:0.0413	 hit@10: 0.0644
target: 	 mrr: 0.055420	 ndcg_5: 0.0475	 ndcg_10: 0.0606	 hit@1:0.020906	 hit@5:0.0739	 hit@10: 0.1143
epoch 44: train_loss = 1.592984, source_mrr = 0.033158, source_hit@10 = 0.0644, source_ndcg@10 = 0.0319, target_mrr = 0.055420, target_hit@10 = 0.1143, target_ndcg@10 = 0.0606

2024-08-15 00:39:19.117339: step 6840/12160 (epoch 45/80), loss = 1.589669 (44.230 sec/epoch), lr: 0.001589
Evaluating on dev set...
...........................
source: 	 mrr: 0.037698	 ndcg_5: 0.0274	 ndcg_10: 0.0376	 hit@1:0.011586	 hit@5:0.0434	 hit@10: 0.0753
target: 	 mrr: 0.052338	 ndcg_5: 0.0446	 ndcg_10: 0.0570	 hit@1:0.021603	 hit@5:0.0690	 hit@10: 0.1080
epoch 45: train_loss = 1.589669, source_mrr = 0.037698, source_hit@10 = 0.0753, source_ndcg@10 = 0.0376, target_mrr = 0.052338, target_hit@10 = 0.1080, target_ndcg@10 = 0.0570

2024-08-15 00:40:05.885189: step 6992/12160 (epoch 46/80), loss = 1.586126 (46.066 sec/epoch), lr: 0.001589
Evaluating on dev set...
...........................
source: 	 mrr: 0.037345	 ndcg_5: 0.0244	 ndcg_10: 0.0351	 hit@1:0.011586	 hit@5:0.0369	 hit@10: 0.0702
target: 	 mrr: 0.053466	 ndcg_5: 0.0452	 ndcg_10: 0.0590	 hit@1:0.016725	 hit@5:0.0732	 hit@10: 0.1157
epoch 46: train_loss = 1.586126, source_mrr = 0.037345, source_hit@10 = 0.0702, source_ndcg@10 = 0.0351, target_mrr = 0.053466, target_hit@10 = 0.1157, target_ndcg@10 = 0.0590

2024-08-15 00:40:52.139604: step 7144/12160 (epoch 47/80), loss = 1.587985 (45.468 sec/epoch), lr: 0.001589
Evaluating on dev set...
...........................
source: 	 mrr: 0.042585	 ndcg_5: 0.0287	 ndcg_10: 0.0402	 hit@1:0.017379	 hit@5:0.0391	 hit@10: 0.0746
target: 	 mrr: 0.052573	 ndcg_5: 0.0425	 ndcg_10: 0.0565	 hit@1:0.020209	 hit@5:0.0648	 hit@10: 0.1087
source best!
.............
source: 	 mrr: 0.039808	 ndcg_5: 0.0289	 ndcg_10: 0.0401	 hit@1:0.012270	 hit@5:0.0468	 hit@10: 0.0821
epoch 47: train_loss = 1.587985, source_mrr = 0.039808, source_hit@10 = 0.0821, source_ndcg@10 = 0.0401, target_mrr = 0.052573, target_hit@10 = 0.1087, target_ndcg@10 = 0.0565

2024-08-15 00:41:38.324952: step 7296/12160 (epoch 48/80), loss = 1.584714 (45.267 sec/epoch), lr: 0.001589
Evaluating on dev set...
...........................
source: 	 mrr: 0.036487	 ndcg_5: 0.0260	 ndcg_10: 0.0362	 hit@1:0.012310	 hit@5:0.0391	 hit@10: 0.0710
target: 	 mrr: 0.051077	 ndcg_5: 0.0432	 ndcg_10: 0.0538	 hit@1:0.020209	 hit@5:0.0669	 hit@10: 0.1003
epoch 48: train_loss = 1.584714, source_mrr = 0.036487, source_hit@10 = 0.0710, source_ndcg@10 = 0.0362, target_mrr = 0.051077, target_hit@10 = 0.1003, target_ndcg@10 = 0.0538

2024-08-15 00:42:23.971670: step 7448/12160 (epoch 49/80), loss = 1.578910 (45.013 sec/epoch), lr: 0.001509
Evaluating on dev set...
...........................
source: 	 mrr: 0.039887	 ndcg_5: 0.0320	 ndcg_10: 0.0421	 hit@1:0.013758	 hit@5:0.0521	 hit@10: 0.0840
target: 	 mrr: 0.049051	 ndcg_5: 0.0400	 ndcg_10: 0.0533	 hit@1:0.015331	 hit@5:0.0655	 hit@10: 0.1073
epoch 49: train_loss = 1.578910, source_mrr = 0.039887, source_hit@10 = 0.0840, source_ndcg@10 = 0.0421, target_mrr = 0.049051, target_hit@10 = 0.1073, target_ndcg@10 = 0.0533

2024-08-15 00:43:10.837916: step 7600/12160 (epoch 50/80), loss = 1.576860 (46.233 sec/epoch), lr: 0.001509
Evaluating on dev set...
...........................
source: 	 mrr: 0.034950	 ndcg_5: 0.0245	 ndcg_10: 0.0367	 hit@1:0.008689	 hit@5:0.0398	 hit@10: 0.0775
target: 	 mrr: 0.043142	 ndcg_5: 0.0348	 ndcg_10: 0.0482	 hit@1:0.010453	 hit@5:0.0606	 hit@10: 0.1024
epoch 50: train_loss = 1.576860, source_mrr = 0.034950, source_hit@10 = 0.0775, source_ndcg@10 = 0.0367, target_mrr = 0.043142, target_hit@10 = 0.1024, target_ndcg@10 = 0.0482

2024-08-15 00:43:57.611801: step 7752/12160 (epoch 51/80), loss = 1.574465 (46.105 sec/epoch), lr: 0.001434
Evaluating on dev set...
...........................
source: 	 mrr: 0.038580	 ndcg_5: 0.0282	 ndcg_10: 0.0397	 hit@1:0.010862	 hit@5:0.0456	 hit@10: 0.0811
target: 	 mrr: 0.043604	 ndcg_5: 0.0347	 ndcg_10: 0.0459	 hit@1:0.014634	 hit@5:0.0557	 hit@10: 0.0906
epoch 51: train_loss = 1.574465, source_mrr = 0.038580, source_hit@10 = 0.0811, source_ndcg@10 = 0.0397, target_mrr = 0.043604, target_hit@10 = 0.0906, target_ndcg@10 = 0.0459

2024-08-15 00:44:43.980626: step 7904/12160 (epoch 52/80), loss = 1.574459 (45.717 sec/epoch), lr: 0.001434
Evaluating on dev set...
...........................
source: 	 mrr: 0.042289	 ndcg_5: 0.0353	 ndcg_10: 0.0426	 hit@1:0.012310	 hit@5:0.0594	 hit@10: 0.0825
target: 	 mrr: 0.051648	 ndcg_5: 0.0426	 ndcg_10: 0.0568	 hit@1:0.019512	 hit@5:0.0655	 hit@10: 0.1094
epoch 52: train_loss = 1.574459, source_mrr = 0.042289, source_hit@10 = 0.0825, source_ndcg@10 = 0.0426, target_mrr = 0.051648, target_hit@10 = 0.1094, target_ndcg@10 = 0.0568

2024-08-15 00:45:30.375389: step 8056/12160 (epoch 53/80), loss = 1.573685 (45.725 sec/epoch), lr: 0.001434
Evaluating on dev set...
...........................
source: 	 mrr: 0.036852	 ndcg_5: 0.0281	 ndcg_10: 0.0382	 hit@1:0.008689	 hit@5:0.0478	 hit@10: 0.0789
target: 	 mrr: 0.047263	 ndcg_5: 0.0368	 ndcg_10: 0.0509	 hit@1:0.018815	 hit@5:0.0544	 hit@10: 0.0983
epoch 53: train_loss = 1.573685, source_mrr = 0.036852, source_hit@10 = 0.0789, source_ndcg@10 = 0.0382, target_mrr = 0.047263, target_hit@10 = 0.0983, target_ndcg@10 = 0.0509

2024-08-15 00:46:16.751733: step 8208/12160 (epoch 54/80), loss = 1.563766 (45.696 sec/epoch), lr: 0.001362
Evaluating on dev set...
...........................
source: 	 mrr: 0.040864	 ndcg_5: 0.0312	 ndcg_10: 0.0417	 hit@1:0.010862	 hit@5:0.0521	 hit@10: 0.0847
target: 	 mrr: 0.051416	 ndcg_5: 0.0423	 ndcg_10: 0.0549	 hit@1:0.018118	 hit@5:0.0662	 hit@10: 0.1052
epoch 54: train_loss = 1.563766, source_mrr = 0.040864, source_hit@10 = 0.0847, source_ndcg@10 = 0.0417, target_mrr = 0.051416, target_hit@10 = 0.1052, target_ndcg@10 = 0.0549

2024-08-15 00:47:03.717556: step 8360/12160 (epoch 55/80), loss = 1.566928 (46.337 sec/epoch), lr: 0.001362
Evaluating on dev set...
...........................
source: 	 mrr: 0.029998	 ndcg_5: 0.0221	 ndcg_10: 0.0278	 hit@1:0.009413	 hit@5:0.0362	 hit@10: 0.0536
target: 	 mrr: 0.048475	 ndcg_5: 0.0386	 ndcg_10: 0.0531	 hit@1:0.016725	 hit@5:0.0592	 hit@10: 0.1045
epoch 55: train_loss = 1.566928, source_mrr = 0.029998, source_hit@10 = 0.0536, source_ndcg@10 = 0.0278, target_mrr = 0.048475, target_hit@10 = 0.1045, target_ndcg@10 = 0.0531

2024-08-15 00:47:50.340734: step 8512/12160 (epoch 56/80), loss = 1.562787 (45.940 sec/epoch), lr: 0.001294
Evaluating on dev set...
...........................
source: 	 mrr: 0.037190	 ndcg_5: 0.0282	 ndcg_10: 0.0385	 hit@1:0.009413	 hit@5:0.0478	 hit@10: 0.0797
target: 	 mrr: 0.047845	 ndcg_5: 0.0373	 ndcg_10: 0.0520	 hit@1:0.016028	 hit@5:0.0585	 hit@10: 0.1045
epoch 56: train_loss = 1.562787, source_mrr = 0.037190, source_hit@10 = 0.0797, source_ndcg@10 = 0.0385, target_mrr = 0.047845, target_hit@10 = 0.1045, target_ndcg@10 = 0.0520

2024-08-15 00:48:37.756329: step 8664/12160 (epoch 57/80), loss = 1.556704 (46.722 sec/epoch), lr: 0.001294
Evaluating on dev set...
...........................
source: 	 mrr: 0.039580	 ndcg_5: 0.0295	 ndcg_10: 0.0389	 hit@1:0.014482	 hit@5:0.0456	 hit@10: 0.0753
target: 	 mrr: 0.046495	 ndcg_5: 0.0376	 ndcg_10: 0.0489	 hit@1:0.013240	 hit@5:0.0620	 hit@10: 0.0976
epoch 57: train_loss = 1.556704, source_mrr = 0.039580, source_hit@10 = 0.0753, source_ndcg@10 = 0.0389, target_mrr = 0.046495, target_hit@10 = 0.0976, target_ndcg@10 = 0.0489

2024-08-15 00:49:24.215622: step 8816/12160 (epoch 58/80), loss = 1.557510 (45.776 sec/epoch), lr: 0.001294
Evaluating on dev set...
...........................
source: 	 mrr: 0.037641	 ndcg_5: 0.0271	 ndcg_10: 0.0397	 hit@1:0.007241	 hit@5:0.0471	 hit@10: 0.0862
target: 	 mrr: 0.052948	 ndcg_5: 0.0440	 ndcg_10: 0.0569	 hit@1:0.020209	 hit@5:0.0683	 hit@10: 0.1087
epoch 58: train_loss = 1.557510, source_mrr = 0.037641, source_hit@10 = 0.0862, source_ndcg@10 = 0.0397, target_mrr = 0.052948, target_hit@10 = 0.1087, target_ndcg@10 = 0.0569

2024-08-15 00:50:11.898432: step 8968/12160 (epoch 59/80), loss = 1.556346 (47.027 sec/epoch), lr: 0.001294
Evaluating on dev set...
...........................
source: 	 mrr: 0.041027	 ndcg_5: 0.0276	 ndcg_10: 0.0394	 hit@1:0.015206	 hit@5:0.0398	 hit@10: 0.0768
target: 	 mrr: 0.050207	 ndcg_5: 0.0417	 ndcg_10: 0.0539	 hit@1:0.017422	 hit@5:0.0676	 hit@10: 0.1052
epoch 59: train_loss = 1.556346, source_mrr = 0.041027, source_hit@10 = 0.0768, source_ndcg@10 = 0.0394, target_mrr = 0.050207, target_hit@10 = 0.1052, target_ndcg@10 = 0.0539

2024-08-15 00:50:57.786057: step 9120/12160 (epoch 60/80), loss = 1.556442 (45.237 sec/epoch), lr: 0.001294
Evaluating on dev set...
...........................
source: 	 mrr: 0.044187	 ndcg_5: 0.0334	 ndcg_10: 0.0431	 hit@1:0.017379	 hit@5:0.0485	 hit@10: 0.0782
target: 	 mrr: 0.050778	 ndcg_5: 0.0427	 ndcg_10: 0.0561	 hit@1:0.016725	 hit@5:0.0704	 hit@10: 0.1115
source best!
.............
source: 	 mrr: 0.038294	 ndcg_5: 0.0284	 ndcg_10: 0.0400	 hit@1:0.009969	 hit@5:0.0468	 hit@10: 0.0836
epoch 60: train_loss = 1.556442, source_mrr = 0.038294, source_hit@10 = 0.0836, source_ndcg@10 = 0.0400, target_mrr = 0.050778, target_hit@10 = 0.1115, target_ndcg@10 = 0.0561

2024-08-15 00:51:46.118262: step 9272/12160 (epoch 61/80), loss = 1.552463 (47.166 sec/epoch), lr: 0.001294
Evaluating on dev set...
...........................
source: 	 mrr: 0.036851	 ndcg_5: 0.0286	 ndcg_10: 0.0364	 hit@1:0.012310	 hit@5:0.0456	 hit@10: 0.0695
target: 	 mrr: 0.048101	 ndcg_5: 0.0406	 ndcg_10: 0.0537	 hit@1:0.016028	 hit@5:0.0676	 hit@10: 0.1080
epoch 61: train_loss = 1.552463, source_mrr = 0.036851, source_hit@10 = 0.0695, source_ndcg@10 = 0.0364, target_mrr = 0.048101, target_hit@10 = 0.1080, target_ndcg@10 = 0.0537

2024-08-15 00:52:33.010422: step 9424/12160 (epoch 62/80), loss = 1.551416 (46.105 sec/epoch), lr: 0.001229
Evaluating on dev set...
...........................
source: 	 mrr: 0.043040	 ndcg_5: 0.0339	 ndcg_10: 0.0432	 hit@1:0.015206	 hit@5:0.0521	 hit@10: 0.0811
target: 	 mrr: 0.045997	 ndcg_5: 0.0381	 ndcg_10: 0.0517	 hit@1:0.011847	 hit@5:0.0648	 hit@10: 0.1073
epoch 62: train_loss = 1.551416, source_mrr = 0.043040, source_hit@10 = 0.0811, source_ndcg@10 = 0.0432, target_mrr = 0.045997, target_hit@10 = 0.1073, target_ndcg@10 = 0.0517

2024-08-15 00:53:19.569677: step 9576/12160 (epoch 63/80), loss = 1.550560 (45.885 sec/epoch), lr: 0.001229
Evaluating on dev set...
...........................
source: 	 mrr: 0.039701	 ndcg_5: 0.0299	 ndcg_10: 0.0396	 hit@1:0.010862	 hit@5:0.0478	 hit@10: 0.0782
target: 	 mrr: 0.044920	 ndcg_5: 0.0359	 ndcg_10: 0.0472	 hit@1:0.013937	 hit@5:0.0585	 hit@10: 0.0934
epoch 63: train_loss = 1.550560, source_mrr = 0.039701, source_hit@10 = 0.0782, source_ndcg@10 = 0.0396, target_mrr = 0.044920, target_hit@10 = 0.0934, target_ndcg@10 = 0.0472

2024-08-15 00:54:05.554482: step 9728/12160 (epoch 64/80), loss = 1.546698 (45.338 sec/epoch), lr: 0.001168
Evaluating on dev set...
...........................
source: 	 mrr: 0.023976	 ndcg_5: 0.0155	 ndcg_10: 0.0228	 hit@1:0.005793	 hit@5:0.0268	 hit@10: 0.0492
target: 	 mrr: 0.049221	 ndcg_5: 0.0391	 ndcg_10: 0.0526	 hit@1:0.018118	 hit@5:0.0613	 hit@10: 0.1038
epoch 64: train_loss = 1.546698, source_mrr = 0.023976, source_hit@10 = 0.0492, source_ndcg@10 = 0.0228, target_mrr = 0.049221, target_hit@10 = 0.1038, target_ndcg@10 = 0.0526

2024-08-15 00:54:52.389359: step 9880/12160 (epoch 65/80), loss = 1.542845 (46.218 sec/epoch), lr: 0.001110
Evaluating on dev set...
...........................
source: 	 mrr: 0.034778	 ndcg_5: 0.0267	 ndcg_10: 0.0355	 hit@1:0.010138	 hit@5:0.0442	 hit@10: 0.0717
target: 	 mrr: 0.050255	 ndcg_5: 0.0404	 ndcg_10: 0.0520	 hit@1:0.020209	 hit@5:0.0613	 hit@10: 0.0976
epoch 65: train_loss = 1.542845, source_mrr = 0.034778, source_hit@10 = 0.0717, source_ndcg@10 = 0.0355, target_mrr = 0.050255, target_hit@10 = 0.0976, target_ndcg@10 = 0.0520

2024-08-15 00:55:38.320322: step 10032/12160 (epoch 66/80), loss = 1.535910 (45.249 sec/epoch), lr: 0.001110
Evaluating on dev set...
...........................
source: 	 mrr: 0.045107	 ndcg_5: 0.0353	 ndcg_10: 0.0442	 hit@1:0.016655	 hit@5:0.0536	 hit@10: 0.0811
target: 	 mrr: 0.050822	 ndcg_5: 0.0413	 ndcg_10: 0.0550	 hit@1:0.016028	 hit@5:0.0669	 hit@10: 0.1087
source best!
.............
source: 	 mrr: 0.043168	 ndcg_5: 0.0317	 ndcg_10: 0.0424	 hit@1:0.016871	 hit@5:0.0475	 hit@10: 0.0805
epoch 66: train_loss = 1.535910, source_mrr = 0.043168, source_hit@10 = 0.0805, source_ndcg@10 = 0.0424, target_mrr = 0.050822, target_hit@10 = 0.1087, target_ndcg@10 = 0.0550

2024-08-15 00:56:25.343852: step 10184/12160 (epoch 67/80), loss = 1.536318 (46.155 sec/epoch), lr: 0.001110
Evaluating on dev set...
...........................
source: 	 mrr: 0.038340	 ndcg_5: 0.0302	 ndcg_10: 0.0377	 hit@1:0.011586	 hit@5:0.0492	 hit@10: 0.0731
target: 	 mrr: 0.056795	 ndcg_5: 0.0469	 ndcg_10: 0.0613	 hit@1:0.023693	 hit@5:0.0683	 hit@10: 0.1129
epoch 67: train_loss = 1.536318, source_mrr = 0.038340, source_hit@10 = 0.0731, source_ndcg@10 = 0.0377, target_mrr = 0.056795, target_hit@10 = 0.1129, target_ndcg@10 = 0.0613

2024-08-15 00:57:11.996093: step 10336/12160 (epoch 68/80), loss = 1.531459 (46.002 sec/epoch), lr: 0.001054
Evaluating on dev set...
...........................
source: 	 mrr: 0.040703	 ndcg_5: 0.0333	 ndcg_10: 0.0412	 hit@1:0.013758	 hit@5:0.0529	 hit@10: 0.0775
target: 	 mrr: 0.051437	 ndcg_5: 0.0423	 ndcg_10: 0.0583	 hit@1:0.018118	 hit@5:0.0690	 hit@10: 0.1185
epoch 68: train_loss = 1.531459, source_mrr = 0.040703, source_hit@10 = 0.0775, source_ndcg@10 = 0.0412, target_mrr = 0.051437, target_hit@10 = 0.1185, target_ndcg@10 = 0.0583

2024-08-15 00:57:57.749010: step 10488/12160 (epoch 69/80), loss = 1.530933 (45.134 sec/epoch), lr: 0.001001
Evaluating on dev set...
...........................
source: 	 mrr: 0.034286	 ndcg_5: 0.0251	 ndcg_10: 0.0329	 hit@1:0.011586	 hit@5:0.0391	 hit@10: 0.0637
target: 	 mrr: 0.054554	 ndcg_5: 0.0446	 ndcg_10: 0.0615	 hit@1:0.019512	 hit@5:0.0697	 hit@10: 0.1213
epoch 69: train_loss = 1.530933, source_mrr = 0.034286, source_hit@10 = 0.0637, source_ndcg@10 = 0.0329, target_mrr = 0.054554, target_hit@10 = 0.1213, target_ndcg@10 = 0.0615

2024-08-15 00:58:43.527447: step 10640/12160 (epoch 70/80), loss = 1.526691 (45.103 sec/epoch), lr: 0.000951
Evaluating on dev set...
...........................
source: 	 mrr: 0.041337	 ndcg_5: 0.0321	 ndcg_10: 0.0399	 hit@1:0.015206	 hit@5:0.0500	 hit@10: 0.0746
target: 	 mrr: 0.054533	 ndcg_5: 0.0458	 ndcg_10: 0.0607	 hit@1:0.018815	 hit@5:0.0718	 hit@10: 0.1178
epoch 70: train_loss = 1.526691, source_mrr = 0.041337, source_hit@10 = 0.0746, source_ndcg@10 = 0.0399, target_mrr = 0.054533, target_hit@10 = 0.1178, target_ndcg@10 = 0.0607

2024-08-15 00:59:28.296860: step 10792/12160 (epoch 71/80), loss = 1.524515 (43.986 sec/epoch), lr: 0.000951
Evaluating on dev set...
...........................
source: 	 mrr: 0.037471	 ndcg_5: 0.0294	 ndcg_10: 0.0365	 hit@1:0.011586	 hit@5:0.0463	 hit@10: 0.0681
target: 	 mrr: 0.050814	 ndcg_5: 0.0412	 ndcg_10: 0.0545	 hit@1:0.018815	 hit@5:0.0648	 hit@10: 0.1052
epoch 71: train_loss = 1.524515, source_mrr = 0.037471, source_hit@10 = 0.0681, source_ndcg@10 = 0.0365, target_mrr = 0.050814, target_hit@10 = 0.1052, target_ndcg@10 = 0.0545

2024-08-15 01:00:12.797981: step 10944/12160 (epoch 72/80), loss = 1.518824 (43.827 sec/epoch), lr: 0.000904
Evaluating on dev set...
...........................
source: 	 mrr: 0.042605	 ndcg_5: 0.0338	 ndcg_10: 0.0442	 hit@1:0.015930	 hit@5:0.0507	 hit@10: 0.0833
target: 	 mrr: 0.048154	 ndcg_5: 0.0411	 ndcg_10: 0.0538	 hit@1:0.015331	 hit@5:0.0683	 hit@10: 0.1080
epoch 72: train_loss = 1.518824, source_mrr = 0.042605, source_hit@10 = 0.0833, source_ndcg@10 = 0.0442, target_mrr = 0.048154, target_hit@10 = 0.1080, target_ndcg@10 = 0.0538

2024-08-15 01:00:57.308847: step 11096/12160 (epoch 73/80), loss = 1.519430 (43.901 sec/epoch), lr: 0.000904
Evaluating on dev set...
...........................
source: 	 mrr: 0.042157	 ndcg_5: 0.0330	 ndcg_10: 0.0443	 hit@1:0.013758	 hit@5:0.0536	 hit@10: 0.0891
target: 	 mrr: 0.048441	 ndcg_5: 0.0374	 ndcg_10: 0.0526	 hit@1:0.017422	 hit@5:0.0557	 hit@10: 0.1031
epoch 73: train_loss = 1.519430, source_mrr = 0.042157, source_hit@10 = 0.0891, source_ndcg@10 = 0.0443, target_mrr = 0.048441, target_hit@10 = 0.1031, target_ndcg@10 = 0.0526

2024-08-15 01:01:40.549843: step 11248/12160 (epoch 74/80), loss = 1.517879 (42.617 sec/epoch), lr: 0.000859
Evaluating on dev set...
...........................
source: 	 mrr: 0.032729	 ndcg_5: 0.0244	 ndcg_10: 0.0319	 hit@1:0.010138	 hit@5:0.0384	 hit@10: 0.0623
target: 	 mrr: 0.043447	 ndcg_5: 0.0335	 ndcg_10: 0.0468	 hit@1:0.012544	 hit@5:0.0551	 hit@10: 0.0969
epoch 74: train_loss = 1.517879, source_mrr = 0.032729, source_hit@10 = 0.0623, source_ndcg@10 = 0.0319, target_mrr = 0.043447, target_hit@10 = 0.0969, target_ndcg@10 = 0.0468

2024-08-15 01:02:24.555080: step 11400/12160 (epoch 75/80), loss = 1.511973 (43.369 sec/epoch), lr: 0.000816
Evaluating on dev set...
...........................
source: 	 mrr: 0.037258	 ndcg_5: 0.0302	 ndcg_10: 0.0381	 hit@1:0.011586	 hit@5:0.0485	 hit@10: 0.0739
target: 	 mrr: 0.050499	 ndcg_5: 0.0409	 ndcg_10: 0.0531	 hit@1:0.019512	 hit@5:0.0613	 hit@10: 0.0997
epoch 75: train_loss = 1.511973, source_mrr = 0.037258, source_hit@10 = 0.0739, source_ndcg@10 = 0.0381, target_mrr = 0.050499, target_hit@10 = 0.0997, target_ndcg@10 = 0.0531

2024-08-15 01:03:08.629977: step 11552/12160 (epoch 76/80), loss = 1.508464 (43.484 sec/epoch), lr: 0.000816
Evaluating on dev set...
...........................
source: 	 mrr: 0.040879	 ndcg_5: 0.0312	 ndcg_10: 0.0411	 hit@1:0.015930	 hit@5:0.0463	 hit@10: 0.0775
target: 	 mrr: 0.051026	 ndcg_5: 0.0409	 ndcg_10: 0.0556	 hit@1:0.017422	 hit@5:0.0627	 hit@10: 0.1087
epoch 76: train_loss = 1.508464, source_mrr = 0.040879, source_hit@10 = 0.0775, source_ndcg@10 = 0.0411, target_mrr = 0.051026, target_hit@10 = 0.1087, target_ndcg@10 = 0.0556

2024-08-15 01:03:52.612849: step 11704/12160 (epoch 77/80), loss = 1.508149 (43.359 sec/epoch), lr: 0.000816
Evaluating on dev set...
...........................
source: 	 mrr: 0.036059	 ndcg_5: 0.0263	 ndcg_10: 0.0370	 hit@1:0.013758	 hit@5:0.0391	 hit@10: 0.0724
target: 	 mrr: 0.049280	 ndcg_5: 0.0392	 ndcg_10: 0.0518	 hit@1:0.019512	 hit@5:0.0585	 hit@10: 0.0983
epoch 77: train_loss = 1.508149, source_mrr = 0.036059, source_hit@10 = 0.0724, source_ndcg@10 = 0.0370, target_mrr = 0.049280, target_hit@10 = 0.0983, target_ndcg@10 = 0.0518

2024-08-15 01:04:37.869886: step 11856/12160 (epoch 78/80), loss = 1.501709 (44.622 sec/epoch), lr: 0.000775
Evaluating on dev set...
...........................
source: 	 mrr: 0.041063	 ndcg_5: 0.0339	 ndcg_10: 0.0425	 hit@1:0.013758	 hit@5:0.0529	 hit@10: 0.0804
target: 	 mrr: 0.044960	 ndcg_5: 0.0360	 ndcg_10: 0.0489	 hit@1:0.012544	 hit@5:0.0578	 hit@10: 0.0983
epoch 78: train_loss = 1.501709, source_mrr = 0.041063, source_hit@10 = 0.0804, source_ndcg@10 = 0.0425, target_mrr = 0.044960, target_hit@10 = 0.0983, target_ndcg@10 = 0.0489

2024-08-15 01:05:23.266950: step 12008/12160 (epoch 79/80), loss = 1.502451 (44.769 sec/epoch), lr: 0.000775
Evaluating on dev set...
...........................
source: 	 mrr: 0.041672	 ndcg_5: 0.0340	 ndcg_10: 0.0426	 hit@1:0.013034	 hit@5:0.0543	 hit@10: 0.0811
target: 	 mrr: 0.045495	 ndcg_5: 0.0362	 ndcg_10: 0.0499	 hit@1:0.013240	 hit@5:0.0592	 hit@10: 0.1024
epoch 79: train_loss = 1.502451, source_mrr = 0.041672, source_hit@10 = 0.0811, source_ndcg@10 = 0.0426, target_mrr = 0.045495, target_hit@10 = 0.1024, target_ndcg@10 = 0.0499

2024-08-15 01:06:09.200646: step 12160/12160 (epoch 80/80), loss = 1.501071 (45.249 sec/epoch), lr: 0.000775
Evaluating on dev set...
...........................
source: 	 mrr: 0.031378	 ndcg_5: 0.0221	 ndcg_10: 0.0290	 hit@1:0.010862	 hit@5:0.0340	 hit@10: 0.0558
target: 	 mrr: 0.047940	 ndcg_5: 0.0392	 ndcg_10: 0.0508	 hit@1:0.016725	 hit@5:0.0606	 hit@10: 0.0976
epoch 80: train_loss = 1.501071, source_mrr = 0.031378, source_hit@10 = 0.0558, source_ndcg@10 = 0.0290, target_mrr = 0.047940, target_hit@10 = 0.0976, target_ndcg@10 = 0.0508

source best:  source_mrr = 0.042157, source_hit@10 = 0.0891, source_ndcg@10 = 0.0443
target best:  target_mrr = 0.056299, target_hit@10 = 0.1261, target_ndcg@10 = 0.0638
