using gpu:4 to train the model
using gpu:4 to train the model
cuda:4
Namespace(A_split=False, JK='sum', a_fold=100, aggregate=False, alpha=0.5, batch_size=2048, beta_inter=0.2, conv_layers=4, cuda=True, decay_epoch=10, device=device(type='cuda', index=4), device_id='4', domains='game_video', dropout=0.4, epoch=80, feature_dim=126, gamma_intra=0.8, hidden_dim=126, inter_tau=0.2, intra_tau=0.4, lambda_critic=0.1, leakey=0.05, load=False, log='logs.txt', log_epoch=1, lr=0.004, lr_decay=0.95, min_epoch=60, mode='train', model_file=None, model_name='gv', momentum=0.98, num_latent_factors=3, num_negative=100, optim='adam', patience=20, proj_layers=1, projection=1, rectify_epoch=40, residual=1, save=False, save_dir='./saved_models', seed=32, similarity_tau=0.1, step=2, test_sample_number=999, user_batch_size=256, weight_decay=0.0002)
number_user 25025
number_item 12319
real graph loaded!
number_user 19457
number_item 8751
real graph loaded!
graph loaded!
Loading data from game_video with batch size 2048...
unseen test: 0
test length: 1381
unseen test: 0
test length: 1304
unseen test: 0
test length: 1435
unseen test: 0
test length: 1458
source_user_num 25025
target_user_num 19457
source_item_num 12319
target_item_num 8751
shared users id: 1737
test users 226, 217
unseen test: 0
dev length: 1000
unseen test: 0
dev length: 1000
source train data : 155036, target train data: 156091, source test data : 1304, target test data : 1458, source dev data : 1000, target dev data : 1000
2024-08-14 19:38:15.544960: step 152/12160 (epoch 1/80), loss = 2.327027 (42.327 sec/epoch), lr: 0.004000
Evaluating on dev set...
...........................
source: 	 mrr: 0.025266	 ndcg_5: 0.0150	 ndcg_10: 0.0195	 hit@1:0.009413	 hit@5:0.0203	 hit@10: 0.0348
target: 	 mrr: 0.028527	 ndcg_5: 0.0203	 ndcg_10: 0.0287	 hit@1:0.008362	 hit@5:0.0321	 hit@10: 0.0585
source best!
.............
source: 	 mrr: 0.024753	 ndcg_5: 0.0163	 ndcg_10: 0.0217	 hit@1:0.005368	 hit@5:0.0261	 hit@10: 0.0429
target best!
..............target: 	 mrr: 0.031657	 ndcg_5: 0.0242	 ndcg_10: 0.0293	 hit@1:0.012346	 hit@5:0.0357	 hit@10: 0.0521
epoch 1: train_loss = 2.327027, source_mrr = 0.024753, source_hit@10 = 0.0429, source_ndcg@10 = 0.0217, target_mrr = 0.031657, target_hit@10 = 0.0521, target_ndcg@10 = 0.0293

2024-08-14 19:38:59.550560: step 304/12160 (epoch 2/80), loss = 1.955929 (42.890 sec/epoch), lr: 0.004000
Evaluating on dev set...
...........................
source: 	 mrr: 0.031718	 ndcg_5: 0.0210	 ndcg_10: 0.0311	 hit@1:0.005793	 hit@5:0.0369	 hit@10: 0.0681
target: 	 mrr: 0.027306	 ndcg_5: 0.0182	 ndcg_10: 0.0250	 hit@1:0.009756	 hit@5:0.0272	 hit@10: 0.0481
source best!
.............
source: 	 mrr: 0.031959	 ndcg_5: 0.0213	 ndcg_10: 0.0316	 hit@1:0.006902	 hit@5:0.0368	 hit@10: 0.0690
epoch 2: train_loss = 1.955929, source_mrr = 0.031959, source_hit@10 = 0.0690, source_ndcg@10 = 0.0316, target_mrr = 0.027306, target_hit@10 = 0.0481, target_ndcg@10 = 0.0250

2024-08-14 19:39:45.383728: step 456/12160 (epoch 3/80), loss = 1.898069 (44.981 sec/epoch), lr: 0.004000
Evaluating on dev set...
...........................
source: 	 mrr: 0.034556	 ndcg_5: 0.0211	 ndcg_10: 0.0336	 hit@1:0.007965	 hit@5:0.0355	 hit@10: 0.0746
target: 	 mrr: 0.035078	 ndcg_5: 0.0250	 ndcg_10: 0.0332	 hit@1:0.012544	 hit@5:0.0376	 hit@10: 0.0634
source best!
.............
source: 	 mrr: 0.034894	 ndcg_5: 0.0226	 ndcg_10: 0.0355	 hit@1:0.006135	 hit@5:0.0391	 hit@10: 0.0798
target best!
..............target: 	 mrr: 0.038126	 ndcg_5: 0.0298	 ndcg_10: 0.0373	 hit@1:0.013717	 hit@5:0.0453	 hit@10: 0.0686
epoch 3: train_loss = 1.898069, source_mrr = 0.034894, source_hit@10 = 0.0798, source_ndcg@10 = 0.0355, target_mrr = 0.038126, target_hit@10 = 0.0686, target_ndcg@10 = 0.0373

2024-08-14 19:40:31.541205: step 608/12160 (epoch 4/80), loss = 1.875294 (44.954 sec/epoch), lr: 0.004000
Evaluating on dev set...
...........................
source: 	 mrr: 0.037227	 ndcg_5: 0.0270	 ndcg_10: 0.0365	 hit@1:0.010862	 hit@5:0.0434	 hit@10: 0.0731
target: 	 mrr: 0.048300	 ndcg_5: 0.0399	 ndcg_10: 0.0517	 hit@1:0.018815	 hit@5:0.0634	 hit@10: 0.1003
source best!
.............
source: 	 mrr: 0.034730	 ndcg_5: 0.0246	 ndcg_10: 0.0335	 hit@1:0.009969	 hit@5:0.0399	 hit@10: 0.0675
target best!
..............target: 	 mrr: 0.046604	 ndcg_5: 0.0363	 ndcg_10: 0.0525	 hit@1:0.013717	 hit@5:0.0590	 hit@10: 0.1097
epoch 4: train_loss = 1.875294, source_mrr = 0.034730, source_hit@10 = 0.0675, source_ndcg@10 = 0.0335, target_mrr = 0.046604, target_hit@10 = 0.1097, target_ndcg@10 = 0.0525

2024-08-14 19:41:17.392203: step 760/12160 (epoch 5/80), loss = 1.861355 (44.719 sec/epoch), lr: 0.004000
Evaluating on dev set...
...........................
source: 	 mrr: 0.036019	 ndcg_5: 0.0251	 ndcg_10: 0.0341	 hit@1:0.011586	 hit@5:0.0398	 hit@10: 0.0681
target: 	 mrr: 0.052385	 ndcg_5: 0.0461	 ndcg_10: 0.0563	 hit@1:0.017422	 hit@5:0.0753	 hit@10: 0.1073
target best!
..............target: 	 mrr: 0.053075	 ndcg_5: 0.0454	 ndcg_10: 0.0591	 hit@1:0.017147	 hit@5:0.0748	 hit@10: 0.1166
epoch 5: train_loss = 1.861355, source_mrr = 0.036019, source_hit@10 = 0.0681, source_ndcg@10 = 0.0341, target_mrr = 0.053075, target_hit@10 = 0.1166, target_ndcg@10 = 0.0591

2024-08-14 19:42:03.183003: step 912/12160 (epoch 6/80), loss = 1.838805 (44.895 sec/epoch), lr: 0.004000
Evaluating on dev set...
...........................
source: 	 mrr: 0.035780	 ndcg_5: 0.0252	 ndcg_10: 0.0340	 hit@1:0.010862	 hit@5:0.0369	 hit@10: 0.0637
target: 	 mrr: 0.030658	 ndcg_5: 0.0227	 ndcg_10: 0.0310	 hit@1:0.009059	 hit@5:0.0369	 hit@10: 0.0627
epoch 6: train_loss = 1.838805, source_mrr = 0.035780, source_hit@10 = 0.0637, source_ndcg@10 = 0.0340, target_mrr = 0.030658, target_hit@10 = 0.0627, target_ndcg@10 = 0.0310

2024-08-14 19:42:47.967155: step 1064/12160 (epoch 7/80), loss = 1.808732 (44.168 sec/epoch), lr: 0.004000
Evaluating on dev set...
...........................
source: 	 mrr: 0.035675	 ndcg_5: 0.0265	 ndcg_10: 0.0364	 hit@1:0.008689	 hit@5:0.0456	 hit@10: 0.0768
target: 	 mrr: 0.043925	 ndcg_5: 0.0349	 ndcg_10: 0.0454	 hit@1:0.016725	 hit@5:0.0557	 hit@10: 0.0885
epoch 7: train_loss = 1.808732, source_mrr = 0.035675, source_hit@10 = 0.0768, source_ndcg@10 = 0.0364, target_mrr = 0.043925, target_hit@10 = 0.0885, target_ndcg@10 = 0.0454

2024-08-14 19:43:33.243789: step 1216/12160 (epoch 8/80), loss = 1.774909 (44.594 sec/epoch), lr: 0.004000
Evaluating on dev set...
...........................
source: 	 mrr: 0.027264	 ndcg_5: 0.0189	 ndcg_10: 0.0270	 hit@1:0.005793	 hit@5:0.0319	 hit@10: 0.0572
target: 	 mrr: 0.046440	 ndcg_5: 0.0360	 ndcg_10: 0.0522	 hit@1:0.014634	 hit@5:0.0557	 hit@10: 0.1066
epoch 8: train_loss = 1.774909, source_mrr = 0.027264, source_hit@10 = 0.0572, source_ndcg@10 = 0.0270, target_mrr = 0.046440, target_hit@10 = 0.1066, target_ndcg@10 = 0.0522

2024-08-14 19:44:18.782092: step 1368/12160 (epoch 9/80), loss = 1.755310 (44.880 sec/epoch), lr: 0.004000
Evaluating on dev set...
...........................
source: 	 mrr: 0.028845	 ndcg_5: 0.0197	 ndcg_10: 0.0280	 hit@1:0.008689	 hit@5:0.0311	 hit@10: 0.0565
target: 	 mrr: 0.043217	 ndcg_5: 0.0339	 ndcg_10: 0.0463	 hit@1:0.013240	 hit@5:0.0551	 hit@10: 0.0941
epoch 9: train_loss = 1.755310, source_mrr = 0.028845, source_hit@10 = 0.0565, source_ndcg@10 = 0.0280, target_mrr = 0.043217, target_hit@10 = 0.0941, target_ndcg@10 = 0.0463

2024-08-14 19:45:05.585538: step 1520/12160 (epoch 10/80), loss = 1.742606 (46.106 sec/epoch), lr: 0.004000
Evaluating on dev set...
...........................
source: 	 mrr: 0.034401	 ndcg_5: 0.0251	 ndcg_10: 0.0319	 hit@1:0.012310	 hit@5:0.0391	 hit@10: 0.0601
target: 	 mrr: 0.046998	 ndcg_5: 0.0392	 ndcg_10: 0.0521	 hit@1:0.012544	 hit@5:0.0662	 hit@10: 0.1066
epoch 10: train_loss = 1.742606, source_mrr = 0.034401, source_hit@10 = 0.0601, source_ndcg@10 = 0.0319, target_mrr = 0.046998, target_hit@10 = 0.1066, target_ndcg@10 = 0.0521

2024-08-14 19:45:51.704978: step 1672/12160 (epoch 11/80), loss = 1.739966 (45.341 sec/epoch), lr: 0.004000
Evaluating on dev set...
...........................
source: 	 mrr: 0.033482	 ndcg_5: 0.0253	 ndcg_10: 0.0337	 hit@1:0.007965	 hit@5:0.0434	 hit@10: 0.0695
target: 	 mrr: 0.039204	 ndcg_5: 0.0315	 ndcg_10: 0.0407	 hit@1:0.010453	 hit@5:0.0537	 hit@10: 0.0822
epoch 11: train_loss = 1.739966, source_mrr = 0.033482, source_hit@10 = 0.0695, source_ndcg@10 = 0.0337, target_mrr = 0.039204, target_hit@10 = 0.0822, target_ndcg@10 = 0.0407

2024-08-14 19:46:38.262518: step 1824/12160 (epoch 12/80), loss = 1.727759 (45.727 sec/epoch), lr: 0.003800
Evaluating on dev set...
...........................
source: 	 mrr: 0.021038	 ndcg_5: 0.0130	 ndcg_10: 0.0182	 hit@1:0.005793	 hit@5:0.0203	 hit@10: 0.0369
target: 	 mrr: 0.055774	 ndcg_5: 0.0482	 ndcg_10: 0.0636	 hit@1:0.020209	 hit@5:0.0767	 hit@10: 0.1247
target best!
..............target: 	 mrr: 0.056254	 ndcg_5: 0.0501	 ndcg_10: 0.0633	 hit@1:0.019204	 hit@5:0.0830	 hit@10: 0.1241
epoch 12: train_loss = 1.727759, source_mrr = 0.021038, source_hit@10 = 0.0369, source_ndcg@10 = 0.0182, target_mrr = 0.056254, target_hit@10 = 0.1241, target_ndcg@10 = 0.0633

2024-08-14 19:47:23.557635: step 1976/12160 (epoch 13/80), loss = 1.726327 (44.328 sec/epoch), lr: 0.003800
Evaluating on dev set...
...........................
source: 	 mrr: 0.022596	 ndcg_5: 0.0166	 ndcg_10: 0.0211	 hit@1:0.005069	 hit@5:0.0282	 hit@10: 0.0420
target: 	 mrr: 0.038585	 ndcg_5: 0.0270	 ndcg_10: 0.0431	 hit@1:0.011847	 hit@5:0.0439	 hit@10: 0.0948
epoch 13: train_loss = 1.726327, source_mrr = 0.022596, source_hit@10 = 0.0420, source_ndcg@10 = 0.0211, target_mrr = 0.038585, target_hit@10 = 0.0948, target_ndcg@10 = 0.0431

2024-08-14 19:48:08.717836: step 2128/12160 (epoch 14/80), loss = 1.720406 (44.518 sec/epoch), lr: 0.003610
Evaluating on dev set...
...........................
source: 	 mrr: 0.027328	 ndcg_5: 0.0172	 ndcg_10: 0.0260	 hit@1:0.009413	 hit@5:0.0253	 hit@10: 0.0529
target: 	 mrr: 0.049988	 ndcg_5: 0.0408	 ndcg_10: 0.0533	 hit@1:0.017422	 hit@5:0.0634	 hit@10: 0.1024
epoch 14: train_loss = 1.720406, source_mrr = 0.027328, source_hit@10 = 0.0529, source_ndcg@10 = 0.0260, target_mrr = 0.049988, target_hit@10 = 0.1024, target_ndcg@10 = 0.0533

2024-08-14 19:48:53.728230: step 2280/12160 (epoch 15/80), loss = 1.715066 (44.210 sec/epoch), lr: 0.003610
Evaluating on dev set...
...........................
source: 	 mrr: 0.025713	 ndcg_5: 0.0161	 ndcg_10: 0.0240	 hit@1:0.004345	 hit@5:0.0268	 hit@10: 0.0514
target: 	 mrr: 0.054887	 ndcg_5: 0.0432	 ndcg_10: 0.0578	 hit@1:0.022300	 hit@5:0.0634	 hit@10: 0.1087
epoch 15: train_loss = 1.715066, source_mrr = 0.025713, source_hit@10 = 0.0514, source_ndcg@10 = 0.0240, target_mrr = 0.054887, target_hit@10 = 0.1087, target_ndcg@10 = 0.0578

2024-08-14 19:49:39.582925: step 2432/12160 (epoch 16/80), loss = 1.710808 (45.234 sec/epoch), lr: 0.003610
Evaluating on dev set...
...........................
source: 	 mrr: 0.017127	 ndcg_5: 0.0100	 ndcg_10: 0.0151	 hit@1:0.002896	 hit@5:0.0174	 hit@10: 0.0333
target: 	 mrr: 0.044376	 ndcg_5: 0.0339	 ndcg_10: 0.0454	 hit@1:0.013937	 hit@5:0.0530	 hit@10: 0.0885
epoch 16: train_loss = 1.710808, source_mrr = 0.017127, source_hit@10 = 0.0333, source_ndcg@10 = 0.0151, target_mrr = 0.044376, target_hit@10 = 0.0885, target_ndcg@10 = 0.0454

2024-08-14 19:50:25.336688: step 2584/12160 (epoch 17/80), loss = 1.703321 (45.135 sec/epoch), lr: 0.003429
Evaluating on dev set...
...........................
source: 	 mrr: 0.021671	 ndcg_5: 0.0140	 ndcg_10: 0.0211	 hit@1:0.005793	 hit@5:0.0224	 hit@10: 0.0449
target: 	 mrr: 0.039286	 ndcg_5: 0.0304	 ndcg_10: 0.0406	 hit@1:0.011150	 hit@5:0.0502	 hit@10: 0.0822
epoch 17: train_loss = 1.703321, source_mrr = 0.021671, source_hit@10 = 0.0449, source_ndcg@10 = 0.0211, target_mrr = 0.039286, target_hit@10 = 0.0822, target_ndcg@10 = 0.0406

2024-08-14 19:51:10.362455: step 2736/12160 (epoch 18/80), loss = 1.698746 (44.355 sec/epoch), lr: 0.003258
Evaluating on dev set...
...........................
source: 	 mrr: 0.027221	 ndcg_5: 0.0192	 ndcg_10: 0.0254	 hit@1:0.007965	 hit@5:0.0311	 hit@10: 0.0500
target: 	 mrr: 0.054288	 ndcg_5: 0.0440	 ndcg_10: 0.0581	 hit@1:0.022997	 hit@5:0.0655	 hit@10: 0.1094
epoch 18: train_loss = 1.698746, source_mrr = 0.027221, source_hit@10 = 0.0500, source_ndcg@10 = 0.0254, target_mrr = 0.054288, target_hit@10 = 0.1094, target_ndcg@10 = 0.0581

2024-08-14 19:51:56.125908: step 2888/12160 (epoch 19/80), loss = 1.694824 (45.130 sec/epoch), lr: 0.003258
Evaluating on dev set...
...........................
source: 	 mrr: 0.026579	 ndcg_5: 0.0174	 ndcg_10: 0.0249	 hit@1:0.007241	 hit@5:0.0282	 hit@10: 0.0514
target: 	 mrr: 0.046386	 ndcg_5: 0.0370	 ndcg_10: 0.0490	 hit@1:0.014634	 hit@5:0.0599	 hit@10: 0.0969
epoch 19: train_loss = 1.694824, source_mrr = 0.026579, source_hit@10 = 0.0514, source_ndcg@10 = 0.0249, target_mrr = 0.046386, target_hit@10 = 0.0969, target_ndcg@10 = 0.0490

2024-08-14 19:52:42.320850: step 3040/12160 (epoch 20/80), loss = 1.688862 (45.560 sec/epoch), lr: 0.003095
Evaluating on dev set...
...........................
source: 	 mrr: 0.025105	 ndcg_5: 0.0159	 ndcg_10: 0.0226	 hit@1:0.008689	 hit@5:0.0224	 hit@10: 0.0427
target: 	 mrr: 0.058494	 ndcg_5: 0.0534	 ndcg_10: 0.0659	 hit@1:0.021603	 hit@5:0.0836	 hit@10: 0.1233
target best!
..............target: 	 mrr: 0.053161	 ndcg_5: 0.0443	 ndcg_10: 0.0589	 hit@1:0.017833	 hit@5:0.0700	 hit@10: 0.1152
epoch 20: train_loss = 1.688862, source_mrr = 0.025105, source_hit@10 = 0.0427, source_ndcg@10 = 0.0226, target_mrr = 0.053161, target_hit@10 = 0.1152, target_ndcg@10 = 0.0589

2024-08-14 19:53:27.464702: step 3192/12160 (epoch 21/80), loss = 1.684109 (44.176 sec/epoch), lr: 0.003095
Evaluating on dev set...
...........................
source: 	 mrr: 0.025180	 ndcg_5: 0.0179	 ndcg_10: 0.0237	 hit@1:0.005069	 hit@5:0.0319	 hit@10: 0.0492
target: 	 mrr: 0.044924	 ndcg_5: 0.0369	 ndcg_10: 0.0501	 hit@1:0.009756	 hit@5:0.0641	 hit@10: 0.1045
epoch 21: train_loss = 1.684109, source_mrr = 0.025180, source_hit@10 = 0.0492, source_ndcg@10 = 0.0237, target_mrr = 0.044924, target_hit@10 = 0.1045, target_ndcg@10 = 0.0501

2024-08-14 19:54:13.762029: step 3344/12160 (epoch 22/80), loss = 1.681382 (45.659 sec/epoch), lr: 0.002940
Evaluating on dev set...
...........................
source: 	 mrr: 0.016352	 ndcg_5: 0.0102	 ndcg_10: 0.0131	 hit@1:0.003621	 hit@5:0.0181	 hit@10: 0.0275
target: 	 mrr: 0.052995	 ndcg_5: 0.0408	 ndcg_10: 0.0574	 hit@1:0.021603	 hit@5:0.0606	 hit@10: 0.1122
epoch 22: train_loss = 1.681382, source_mrr = 0.016352, source_hit@10 = 0.0275, source_ndcg@10 = 0.0131, target_mrr = 0.052995, target_hit@10 = 0.1122, target_ndcg@10 = 0.0574

2024-08-14 19:54:59.566408: step 3496/12160 (epoch 23/80), loss = 1.673079 (45.158 sec/epoch), lr: 0.002793
Evaluating on dev set...
...........................
source: 	 mrr: 0.018786	 ndcg_5: 0.0124	 ndcg_10: 0.0187	 hit@1:0.002896	 hit@5:0.0224	 hit@10: 0.0427
target: 	 mrr: 0.042170	 ndcg_5: 0.0314	 ndcg_10: 0.0450	 hit@1:0.010453	 hit@5:0.0523	 hit@10: 0.0941
epoch 23: train_loss = 1.673079, source_mrr = 0.018786, source_hit@10 = 0.0427, source_ndcg@10 = 0.0187, target_mrr = 0.042170, target_hit@10 = 0.0941, target_ndcg@10 = 0.0450

2024-08-14 19:55:45.269034: step 3648/12160 (epoch 24/80), loss = 1.667427 (45.063 sec/epoch), lr: 0.002654
Evaluating on dev set...
...........................
source: 	 mrr: 0.018744	 ndcg_5: 0.0116	 ndcg_10: 0.0163	 hit@1:0.005069	 hit@5:0.0174	 hit@10: 0.0319
target: 	 mrr: 0.050594	 ndcg_5: 0.0409	 ndcg_10: 0.0551	 hit@1:0.018815	 hit@5:0.0641	 hit@10: 0.1094
epoch 24: train_loss = 1.667427, source_mrr = 0.018744, source_hit@10 = 0.0319, source_ndcg@10 = 0.0163, target_mrr = 0.050594, target_hit@10 = 0.1094, target_ndcg@10 = 0.0551

2024-08-14 19:56:30.773508: step 3800/12160 (epoch 25/80), loss = 1.664984 (44.808 sec/epoch), lr: 0.002654
Evaluating on dev set...
...........................
source: 	 mrr: 0.026997	 ndcg_5: 0.0175	 ndcg_10: 0.0247	 hit@1:0.006517	 hit@5:0.0290	 hit@10: 0.0514
target: 	 mrr: 0.048349	 ndcg_5: 0.0383	 ndcg_10: 0.0529	 hit@1:0.018815	 hit@5:0.0585	 hit@10: 0.1052
epoch 25: train_loss = 1.664984, source_mrr = 0.026997, source_hit@10 = 0.0514, source_ndcg@10 = 0.0247, target_mrr = 0.048349, target_hit@10 = 0.1052, target_ndcg@10 = 0.0529

2024-08-14 19:57:16.624404: step 3952/12160 (epoch 26/80), loss = 1.661620 (45.233 sec/epoch), lr: 0.002654
Evaluating on dev set...
...........................
source: 	 mrr: 0.025989	 ndcg_5: 0.0173	 ndcg_10: 0.0252	 hit@1:0.008689	 hit@5:0.0253	 hit@10: 0.0500
target: 	 mrr: 0.052014	 ndcg_5: 0.0410	 ndcg_10: 0.0571	 hit@1:0.018815	 hit@5:0.0634	 hit@10: 0.1129
epoch 26: train_loss = 1.661620, source_mrr = 0.025989, source_hit@10 = 0.0500, source_ndcg@10 = 0.0252, target_mrr = 0.052014, target_hit@10 = 0.1129, target_ndcg@10 = 0.0571

2024-08-14 19:58:02.642227: step 4104/12160 (epoch 27/80), loss = 1.664727 (45.393 sec/epoch), lr: 0.002654
Evaluating on dev set...
...........................
source: 	 mrr: 0.018521	 ndcg_5: 0.0109	 ndcg_10: 0.0173	 hit@1:0.002172	 hit@5:0.0196	 hit@10: 0.0391
target: 	 mrr: 0.053837	 ndcg_5: 0.0434	 ndcg_10: 0.0613	 hit@1:0.020906	 hit@5:0.0669	 hit@10: 0.1233
epoch 27: train_loss = 1.664727, source_mrr = 0.018521, source_hit@10 = 0.0391, source_ndcg@10 = 0.0173, target_mrr = 0.053837, target_hit@10 = 0.1233, target_ndcg@10 = 0.0613

2024-08-14 19:58:47.538204: step 4256/12160 (epoch 28/80), loss = 1.652923 (44.135 sec/epoch), lr: 0.002521
Evaluating on dev set...
...........................
source: 	 mrr: 0.023825	 ndcg_5: 0.0164	 ndcg_10: 0.0205	 hit@1:0.008689	 hit@5:0.0239	 hit@10: 0.0369
target: 	 mrr: 0.054951	 ndcg_5: 0.0453	 ndcg_10: 0.0625	 hit@1:0.014634	 hit@5:0.0704	 hit@10: 0.1233
epoch 28: train_loss = 1.652923, source_mrr = 0.023825, source_hit@10 = 0.0369, source_ndcg@10 = 0.0205, target_mrr = 0.054951, target_hit@10 = 0.1233, target_ndcg@10 = 0.0625

2024-08-14 19:59:31.007064: step 4408/12160 (epoch 29/80), loss = 1.653846 (42.864 sec/epoch), lr: 0.002521
Evaluating on dev set...
...........................
source: 	 mrr: 0.025051	 ndcg_5: 0.0175	 ndcg_10: 0.0232	 hit@1:0.005069	 hit@5:0.0297	 hit@10: 0.0478
target: 	 mrr: 0.050073	 ndcg_5: 0.0403	 ndcg_10: 0.0556	 hit@1:0.016028	 hit@5:0.0648	 hit@10: 0.1122
epoch 29: train_loss = 1.653846, source_mrr = 0.025051, source_hit@10 = 0.0478, source_ndcg@10 = 0.0232, target_mrr = 0.050073, target_hit@10 = 0.1122, target_ndcg@10 = 0.0556

2024-08-14 20:00:15.422804: step 4560/12160 (epoch 30/80), loss = 1.648027 (43.801 sec/epoch), lr: 0.002395
Evaluating on dev set...
...........................
source: 	 mrr: 0.032999	 ndcg_5: 0.0228	 ndcg_10: 0.0326	 hit@1:0.010862	 hit@5:0.0369	 hit@10: 0.0673
target: 	 mrr: 0.054968	 ndcg_5: 0.0491	 ndcg_10: 0.0609	 hit@1:0.018815	 hit@5:0.0808	 hit@10: 0.1178
epoch 30: train_loss = 1.648027, source_mrr = 0.032999, source_hit@10 = 0.0673, source_ndcg@10 = 0.0326, target_mrr = 0.054968, target_hit@10 = 0.1178, target_ndcg@10 = 0.0609

2024-08-14 20:00:56.951024: step 4712/12160 (epoch 31/80), loss = 1.640021 (40.959 sec/epoch), lr: 0.002395
Evaluating on dev set...
...........................
source: 	 mrr: 0.028341	 ndcg_5: 0.0197	 ndcg_10: 0.0270	 hit@1:0.005793	 hit@5:0.0340	 hit@10: 0.0572
target: 	 mrr: 0.056760	 ndcg_5: 0.0482	 ndcg_10: 0.0623	 hit@1:0.021603	 hit@5:0.0760	 hit@10: 0.1199
epoch 31: train_loss = 1.640021, source_mrr = 0.028341, source_hit@10 = 0.0572, source_ndcg@10 = 0.0270, target_mrr = 0.056760, target_hit@10 = 0.1199, target_ndcg@10 = 0.0623

2024-08-14 20:01:39.234877: step 4864/12160 (epoch 32/80), loss = 1.632846 (41.550 sec/epoch), lr: 0.002275
Evaluating on dev set...
...........................
source: 	 mrr: 0.019872	 ndcg_5: 0.0110	 ndcg_10: 0.0180	 hit@1:0.003621	 hit@5:0.0174	 hit@10: 0.0391
target: 	 mrr: 0.054361	 ndcg_5: 0.0458	 ndcg_10: 0.0611	 hit@1:0.021603	 hit@5:0.0718	 hit@10: 0.1199
epoch 32: train_loss = 1.632846, source_mrr = 0.019872, source_hit@10 = 0.0391, source_ndcg@10 = 0.0180, target_mrr = 0.054361, target_hit@10 = 0.1199, target_ndcg@10 = 0.0611

2024-08-14 20:02:22.701601: step 5016/12160 (epoch 33/80), loss = 1.624879 (42.840 sec/epoch), lr: 0.002161
Evaluating on dev set...
...........................
source: 	 mrr: 0.039776	 ndcg_5: 0.0304	 ndcg_10: 0.0407	 hit@1:0.013034	 hit@5:0.0485	 hit@10: 0.0804
target: 	 mrr: 0.057460	 ndcg_5: 0.0485	 ndcg_10: 0.0627	 hit@1:0.025087	 hit@5:0.0739	 hit@10: 0.1185
source best!
.............
source: 	 mrr: 0.037980	 ndcg_5: 0.0276	 ndcg_10: 0.0378	 hit@1:0.010736	 hit@5:0.0422	 hit@10: 0.0744
epoch 33: train_loss = 1.624879, source_mrr = 0.037980, source_hit@10 = 0.0744, source_ndcg@10 = 0.0378, target_mrr = 0.057460, target_hit@10 = 0.1185, target_ndcg@10 = 0.0627

2024-08-14 20:03:04.631173: step 5168/12160 (epoch 34/80), loss = 1.620815 (41.112 sec/epoch), lr: 0.002161
Evaluating on dev set...
...........................
source: 	 mrr: 0.026520	 ndcg_5: 0.0187	 ndcg_10: 0.0261	 hit@1:0.005793	 hit@5:0.0304	 hit@10: 0.0536
target: 	 mrr: 0.055410	 ndcg_5: 0.0469	 ndcg_10: 0.0594	 hit@1:0.020209	 hit@5:0.0732	 hit@10: 0.1122
epoch 34: train_loss = 1.620815, source_mrr = 0.026520, source_hit@10 = 0.0536, source_ndcg@10 = 0.0261, target_mrr = 0.055410, target_hit@10 = 0.1122, target_ndcg@10 = 0.0594

2024-08-14 20:03:47.780170: step 5320/12160 (epoch 35/80), loss = 1.611436 (42.499 sec/epoch), lr: 0.002053
Evaluating on dev set...
...........................
source: 	 mrr: 0.036865	 ndcg_5: 0.0274	 ndcg_10: 0.0379	 hit@1:0.008689	 hit@5:0.0463	 hit@10: 0.0789
target: 	 mrr: 0.058391	 ndcg_5: 0.0517	 ndcg_10: 0.0635	 hit@1:0.022300	 hit@5:0.0801	 hit@10: 0.1164
epoch 35: train_loss = 1.611436, source_mrr = 0.036865, source_hit@10 = 0.0789, source_ndcg@10 = 0.0379, target_mrr = 0.058391, target_hit@10 = 0.1164, target_ndcg@10 = 0.0635

2024-08-14 20:04:30.018004: step 5472/12160 (epoch 36/80), loss = 1.611712 (41.611 sec/epoch), lr: 0.002053
Evaluating on dev set...
...........................
source: 	 mrr: 0.039849	 ndcg_5: 0.0282	 ndcg_10: 0.0400	 hit@1:0.012310	 hit@5:0.0434	 hit@10: 0.0804
target: 	 mrr: 0.057426	 ndcg_5: 0.0509	 ndcg_10: 0.0634	 hit@1:0.021603	 hit@5:0.0794	 hit@10: 0.1178
source best!
.............
source: 	 mrr: 0.038659	 ndcg_5: 0.0287	 ndcg_10: 0.0402	 hit@1:0.010736	 hit@5:0.0468	 hit@10: 0.0828
epoch 36: train_loss = 1.611712, source_mrr = 0.038659, source_hit@10 = 0.0828, source_ndcg@10 = 0.0402, target_mrr = 0.057426, target_hit@10 = 0.1178, target_ndcg@10 = 0.0634

2024-08-14 20:05:12.360875: step 5624/12160 (epoch 37/80), loss = 1.608500 (41.545 sec/epoch), lr: 0.002053
Evaluating on dev set...
...........................
source: 	 mrr: 0.029489	 ndcg_5: 0.0207	 ndcg_10: 0.0278	 hit@1:0.009413	 hit@5:0.0319	 hit@10: 0.0536
target: 	 mrr: 0.055816	 ndcg_5: 0.0458	 ndcg_10: 0.0613	 hit@1:0.019512	 hit@5:0.0697	 hit@10: 0.1178
epoch 37: train_loss = 1.608500, source_mrr = 0.029489, source_hit@10 = 0.0536, source_ndcg@10 = 0.0278, target_mrr = 0.055816, target_hit@10 = 0.1178, target_ndcg@10 = 0.0613

2024-08-14 20:05:56.381442: step 5776/12160 (epoch 38/80), loss = 1.600439 (43.414 sec/epoch), lr: 0.001951
Evaluating on dev set...
...........................
source: 	 mrr: 0.042123	 ndcg_5: 0.0296	 ndcg_10: 0.0412	 hit@1:0.017379	 hit@5:0.0420	 hit@10: 0.0782
target: 	 mrr: 0.052184	 ndcg_5: 0.0430	 ndcg_10: 0.0578	 hit@1:0.016725	 hit@5:0.0683	 hit@10: 0.1143
source best!
.............
source: 	 mrr: 0.038987	 ndcg_5: 0.0284	 ndcg_10: 0.0418	 hit@1:0.010736	 hit@5:0.0460	 hit@10: 0.0882
epoch 38: train_loss = 1.600439, source_mrr = 0.038987, source_hit@10 = 0.0882, source_ndcg@10 = 0.0418, target_mrr = 0.052184, target_hit@10 = 0.1143, target_ndcg@10 = 0.0578

2024-08-14 20:06:42.299098: step 5928/12160 (epoch 39/80), loss = 1.598449 (44.930 sec/epoch), lr: 0.001951
Evaluating on dev set...
...........................
source: 	 mrr: 0.037233	 ndcg_5: 0.0258	 ndcg_10: 0.0353	 hit@1:0.010862	 hit@5:0.0391	 hit@10: 0.0688
target: 	 mrr: 0.047975	 ndcg_5: 0.0388	 ndcg_10: 0.0531	 hit@1:0.012544	 hit@5:0.0655	 hit@10: 0.1094
epoch 39: train_loss = 1.598449, source_mrr = 0.037233, source_hit@10 = 0.0688, source_ndcg@10 = 0.0353, target_mrr = 0.047975, target_hit@10 = 0.1094, target_ndcg@10 = 0.0531

2024-08-14 20:07:27.617029: step 6080/12160 (epoch 40/80), loss = 1.596415 (44.679 sec/epoch), lr: 0.001853
Evaluating on dev set...
...........................
source: 	 mrr: 0.035234	 ndcg_5: 0.0253	 ndcg_10: 0.0335	 hit@1:0.013758	 hit@5:0.0369	 hit@10: 0.0623
target: 	 mrr: 0.056299	 ndcg_5: 0.0483	 ndcg_10: 0.0638	 hit@1:0.018118	 hit@5:0.0780	 hit@10: 0.1261
epoch 40: train_loss = 1.596415, source_mrr = 0.035234, source_hit@10 = 0.0623, source_ndcg@10 = 0.0335, target_mrr = 0.056299, target_hit@10 = 0.1261, target_ndcg@10 = 0.0638
shift to transfer learning mode

2024-08-14 20:08:12.643705: step 6232/12160 (epoch 41/80), loss = 1.598996 (44.362 sec/epoch), lr: 0.001853
Evaluating on dev set...
...........................
source: 	 mrr: 0.034817	 ndcg_5: 0.0240	 ndcg_10: 0.0342	 hit@1:0.012310	 hit@5:0.0355	 hit@10: 0.0673
target: 	 mrr: 0.050310	 ndcg_5: 0.0413	 ndcg_10: 0.0560	 hit@1:0.015331	 hit@5:0.0676	 hit@10: 0.1136
epoch 41: train_loss = 1.598996, source_mrr = 0.034817, source_hit@10 = 0.0673, source_ndcg@10 = 0.0342, target_mrr = 0.050310, target_hit@10 = 0.1136, target_ndcg@10 = 0.0560

2024-08-14 20:08:58.760823: step 6384/12160 (epoch 42/80), loss = 1.595577 (45.496 sec/epoch), lr: 0.001761
Evaluating on dev set...
...........................
source: 	 mrr: 0.034407	 ndcg_5: 0.0236	 ndcg_10: 0.0336	 hit@1:0.010138	 hit@5:0.0377	 hit@10: 0.0681
target: 	 mrr: 0.055782	 ndcg_5: 0.0463	 ndcg_10: 0.0624	 hit@1:0.018815	 hit@5:0.0725	 hit@10: 0.1226
epoch 42: train_loss = 1.595577, source_mrr = 0.034407, source_hit@10 = 0.0681, source_ndcg@10 = 0.0336, target_mrr = 0.055782, target_hit@10 = 0.1226, target_ndcg@10 = 0.0624

2024-08-14 20:09:44.418343: step 6536/12160 (epoch 43/80), loss = 1.590789 (44.984 sec/epoch), lr: 0.001761
Evaluating on dev set...
...........................
source: 	 mrr: 0.030062	 ndcg_5: 0.0219	 ndcg_10: 0.0288	 hit@1:0.009413	 hit@5:0.0355	 hit@10: 0.0565
target: 	 mrr: 0.056858	 ndcg_5: 0.0485	 ndcg_10: 0.0618	 hit@1:0.021603	 hit@5:0.0753	 hit@10: 0.1171
epoch 43: train_loss = 1.590789, source_mrr = 0.030062, source_hit@10 = 0.0565, source_ndcg@10 = 0.0288, target_mrr = 0.056858, target_hit@10 = 0.1171, target_ndcg@10 = 0.0618

2024-08-14 20:10:30.556695: step 6688/12160 (epoch 44/80), loss = 1.587835 (45.525 sec/epoch), lr: 0.001672
Evaluating on dev set...
...........................
source: 	 mrr: 0.031181	 ndcg_5: 0.0221	 ndcg_10: 0.0278	 hit@1:0.008689	 hit@5:0.0355	 hit@10: 0.0536
target: 	 mrr: 0.054541	 ndcg_5: 0.0470	 ndcg_10: 0.0581	 hit@1:0.020906	 hit@5:0.0739	 hit@10: 0.1080
epoch 44: train_loss = 1.587835, source_mrr = 0.031181, source_hit@10 = 0.0536, source_ndcg@10 = 0.0278, target_mrr = 0.054541, target_hit@10 = 0.1080, target_ndcg@10 = 0.0581

2024-08-14 20:11:16.897617: step 6840/12160 (epoch 45/80), loss = 1.583438 (45.710 sec/epoch), lr: 0.001589
Evaluating on dev set...
...........................
source: 	 mrr: 0.038703	 ndcg_5: 0.0295	 ndcg_10: 0.0407	 hit@1:0.012310	 hit@5:0.0478	 hit@10: 0.0833
target: 	 mrr: 0.056005	 ndcg_5: 0.0477	 ndcg_10: 0.0599	 hit@1:0.020209	 hit@5:0.0732	 hit@10: 0.1115
epoch 45: train_loss = 1.583438, source_mrr = 0.038703, source_hit@10 = 0.0833, source_ndcg@10 = 0.0407, target_mrr = 0.056005, target_hit@10 = 0.1115, target_ndcg@10 = 0.0599

2024-08-14 20:12:02.825214: step 6992/12160 (epoch 46/80), loss = 1.580274 (45.266 sec/epoch), lr: 0.001589
Evaluating on dev set...
...........................
source: 	 mrr: 0.038528	 ndcg_5: 0.0275	 ndcg_10: 0.0387	 hit@1:0.012310	 hit@5:0.0434	 hit@10: 0.0782
target: 	 mrr: 0.051022	 ndcg_5: 0.0398	 ndcg_10: 0.0541	 hit@1:0.020209	 hit@5:0.0599	 hit@10: 0.1045
epoch 46: train_loss = 1.580274, source_mrr = 0.038528, source_hit@10 = 0.0782, source_ndcg@10 = 0.0387, target_mrr = 0.051022, target_hit@10 = 0.1045, target_ndcg@10 = 0.0541

2024-08-14 20:12:48.403171: step 7144/12160 (epoch 47/80), loss = 1.580635 (44.908 sec/epoch), lr: 0.001509
Evaluating on dev set...
...........................
source: 	 mrr: 0.040557	 ndcg_5: 0.0292	 ndcg_10: 0.0397	 hit@1:0.013758	 hit@5:0.0449	 hit@10: 0.0768
target: 	 mrr: 0.052891	 ndcg_5: 0.0432	 ndcg_10: 0.0570	 hit@1:0.018815	 hit@5:0.0669	 hit@10: 0.1094
epoch 47: train_loss = 1.580635, source_mrr = 0.040557, source_hit@10 = 0.0768, source_ndcg@10 = 0.0397, target_mrr = 0.052891, target_hit@10 = 0.1094, target_ndcg@10 = 0.0570

2024-08-14 20:13:33.931721: step 7296/12160 (epoch 48/80), loss = 1.577723 (44.845 sec/epoch), lr: 0.001509
Evaluating on dev set...
...........................
source: 	 mrr: 0.041868	 ndcg_5: 0.0293	 ndcg_10: 0.0405	 hit@1:0.016655	 hit@5:0.0427	 hit@10: 0.0782
target: 	 mrr: 0.051550	 ndcg_5: 0.0445	 ndcg_10: 0.0560	 hit@1:0.019512	 hit@5:0.0697	 hit@10: 0.1059
epoch 48: train_loss = 1.577723, source_mrr = 0.041868, source_hit@10 = 0.0782, source_ndcg@10 = 0.0405, target_mrr = 0.051550, target_hit@10 = 0.1059, target_ndcg@10 = 0.0560

2024-08-14 20:14:19.229711: step 7448/12160 (epoch 49/80), loss = 1.571184 (44.678 sec/epoch), lr: 0.001434
Evaluating on dev set...
...........................
source: 	 mrr: 0.038709	 ndcg_5: 0.0291	 ndcg_10: 0.0381	 hit@1:0.010138	 hit@5:0.0471	 hit@10: 0.0753
target: 	 mrr: 0.051398	 ndcg_5: 0.0423	 ndcg_10: 0.0581	 hit@1:0.017422	 hit@5:0.0683	 hit@10: 0.1171
epoch 49: train_loss = 1.571184, source_mrr = 0.038709, source_hit@10 = 0.0753, source_ndcg@10 = 0.0381, target_mrr = 0.051398, target_hit@10 = 0.1171, target_ndcg@10 = 0.0581

2024-08-14 20:15:05.955542: step 7600/12160 (epoch 50/80), loss = 1.568089 (46.074 sec/epoch), lr: 0.001362
Evaluating on dev set...
...........................
source: 	 mrr: 0.038070	 ndcg_5: 0.0302	 ndcg_10: 0.0365	 hit@1:0.013034	 hit@5:0.0471	 hit@10: 0.0666
target: 	 mrr: 0.048637	 ndcg_5: 0.0392	 ndcg_10: 0.0535	 hit@1:0.014634	 hit@5:0.0634	 hit@10: 0.1080
epoch 50: train_loss = 1.568089, source_mrr = 0.038070, source_hit@10 = 0.0666, source_ndcg@10 = 0.0365, target_mrr = 0.048637, target_hit@10 = 0.1080, target_ndcg@10 = 0.0535

2024-08-14 20:15:52.253418: step 7752/12160 (epoch 51/80), loss = 1.563553 (45.624 sec/epoch), lr: 0.001294
Evaluating on dev set...
...........................
source: 	 mrr: 0.038570	 ndcg_5: 0.0270	 ndcg_10: 0.0384	 hit@1:0.011586	 hit@5:0.0427	 hit@10: 0.0782
target: 	 mrr: 0.045223	 ndcg_5: 0.0358	 ndcg_10: 0.0497	 hit@1:0.013240	 hit@5:0.0585	 hit@10: 0.1017
epoch 51: train_loss = 1.563553, source_mrr = 0.038570, source_hit@10 = 0.0782, source_ndcg@10 = 0.0384, target_mrr = 0.045223, target_hit@10 = 0.1017, target_ndcg@10 = 0.0497

2024-08-14 20:16:38.358431: step 7904/12160 (epoch 52/80), loss = 1.561668 (45.492 sec/epoch), lr: 0.001229
Evaluating on dev set...
...........................
source: 	 mrr: 0.041493	 ndcg_5: 0.0310	 ndcg_10: 0.0426	 hit@1:0.013758	 hit@5:0.0485	 hit@10: 0.0847
target: 	 mrr: 0.050678	 ndcg_5: 0.0410	 ndcg_10: 0.0572	 hit@1:0.018118	 hit@5:0.0641	 hit@10: 0.1150
epoch 52: train_loss = 1.561668, source_mrr = 0.041493, source_hit@10 = 0.0847, source_ndcg@10 = 0.0426, target_mrr = 0.050678, target_hit@10 = 0.1150, target_ndcg@10 = 0.0572

2024-08-14 20:17:24.535386: step 8056/12160 (epoch 53/80), loss = 1.559267 (45.515 sec/epoch), lr: 0.001229
Evaluating on dev set...
...........................
source: 	 mrr: 0.043206	 ndcg_5: 0.0354	 ndcg_10: 0.0469	 hit@1:0.011586	 hit@5:0.0601	 hit@10: 0.0956
target: 	 mrr: 0.049213	 ndcg_5: 0.0388	 ndcg_10: 0.0553	 hit@1:0.017422	 hit@5:0.0599	 hit@10: 0.1108
source best!
.............
source: 	 mrr: 0.040116	 ndcg_5: 0.0295	 ndcg_10: 0.0427	 hit@1:0.012270	 hit@5:0.0483	 hit@10: 0.0890
epoch 53: train_loss = 1.559267, source_mrr = 0.040116, source_hit@10 = 0.0890, source_ndcg@10 = 0.0427, target_mrr = 0.049213, target_hit@10 = 0.1108, target_ndcg@10 = 0.0553

2024-08-14 20:18:10.767346: step 8208/12160 (epoch 54/80), loss = 1.551706 (45.347 sec/epoch), lr: 0.001229
Evaluating on dev set...
...........................
source: 	 mrr: 0.039408	 ndcg_5: 0.0271	 ndcg_10: 0.0407	 hit@1:0.011586	 hit@5:0.0427	 hit@10: 0.0854
target: 	 mrr: 0.054750	 ndcg_5: 0.0455	 ndcg_10: 0.0573	 hit@1:0.021603	 hit@5:0.0704	 hit@10: 0.1073
epoch 54: train_loss = 1.551706, source_mrr = 0.039408, source_hit@10 = 0.0854, source_ndcg@10 = 0.0407, target_mrr = 0.054750, target_hit@10 = 0.1073, target_ndcg@10 = 0.0573

2024-08-14 20:18:57.199413: step 8360/12160 (epoch 55/80), loss = 1.555392 (45.724 sec/epoch), lr: 0.001229
Evaluating on dev set...
...........................
source: 	 mrr: 0.033036	 ndcg_5: 0.0218	 ndcg_10: 0.0318	 hit@1:0.010862	 hit@5:0.0340	 hit@10: 0.0644
target: 	 mrr: 0.055098	 ndcg_5: 0.0466	 ndcg_10: 0.0611	 hit@1:0.021603	 hit@5:0.0732	 hit@10: 0.1185
epoch 55: train_loss = 1.555392, source_mrr = 0.033036, source_hit@10 = 0.0644, source_ndcg@10 = 0.0318, target_mrr = 0.055098, target_hit@10 = 0.1185, target_ndcg@10 = 0.0611

2024-08-14 20:19:43.447537: step 8512/12160 (epoch 56/80), loss = 1.552161 (45.591 sec/epoch), lr: 0.001168
Evaluating on dev set...
...........................
source: 	 mrr: 0.032999	 ndcg_5: 0.0236	 ndcg_10: 0.0329	 hit@1:0.007241	 hit@5:0.0406	 hit@10: 0.0695
target: 	 mrr: 0.053879	 ndcg_5: 0.0434	 ndcg_10: 0.0579	 hit@1:0.020209	 hit@5:0.0662	 hit@10: 0.1115
epoch 56: train_loss = 1.552161, source_mrr = 0.032999, source_hit@10 = 0.0695, source_ndcg@10 = 0.0329, target_mrr = 0.053879, target_hit@10 = 0.1115, target_ndcg@10 = 0.0579

2024-08-14 20:20:28.800705: step 8664/12160 (epoch 57/80), loss = 1.544029 (44.695 sec/epoch), lr: 0.001110
Evaluating on dev set...
...........................
source: 	 mrr: 0.039756	 ndcg_5: 0.0309	 ndcg_10: 0.0407	 hit@1:0.010138	 hit@5:0.0536	 hit@10: 0.0840
target: 	 mrr: 0.050913	 ndcg_5: 0.0420	 ndcg_10: 0.0572	 hit@1:0.016725	 hit@5:0.0683	 hit@10: 0.1157
epoch 57: train_loss = 1.544029, source_mrr = 0.039756, source_hit@10 = 0.0840, source_ndcg@10 = 0.0407, target_mrr = 0.050913, target_hit@10 = 0.1157, target_ndcg@10 = 0.0572

2024-08-14 20:21:13.803183: step 8816/12160 (epoch 58/80), loss = 1.544009 (44.355 sec/epoch), lr: 0.001110
Evaluating on dev set...
...........................
source: 	 mrr: 0.035591	 ndcg_5: 0.0249	 ndcg_10: 0.0334	 hit@1:0.013034	 hit@5:0.0377	 hit@10: 0.0637
target: 	 mrr: 0.052965	 ndcg_5: 0.0449	 ndcg_10: 0.0578	 hit@1:0.018118	 hit@5:0.0711	 hit@10: 0.1115
epoch 58: train_loss = 1.544009, source_mrr = 0.035591, source_hit@10 = 0.0637, source_ndcg@10 = 0.0334, target_mrr = 0.052965, target_hit@10 = 0.1115, target_ndcg@10 = 0.0578

2024-08-14 20:21:59.549453: step 8968/12160 (epoch 59/80), loss = 1.540545 (44.932 sec/epoch), lr: 0.001054
Evaluating on dev set...
...........................
source: 	 mrr: 0.035294	 ndcg_5: 0.0289	 ndcg_10: 0.0354	 hit@1:0.010862	 hit@5:0.0485	 hit@10: 0.0688
target: 	 mrr: 0.051243	 ndcg_5: 0.0407	 ndcg_10: 0.0532	 hit@1:0.020209	 hit@5:0.0606	 hit@10: 0.1003
epoch 59: train_loss = 1.540545, source_mrr = 0.035294, source_hit@10 = 0.0688, source_ndcg@10 = 0.0354, target_mrr = 0.051243, target_hit@10 = 0.1003, target_ndcg@10 = 0.0532

2024-08-14 20:22:45.344155: step 9120/12160 (epoch 60/80), loss = 1.535480 (45.120 sec/epoch), lr: 0.001001
Evaluating on dev set...
...........................
source: 	 mrr: 0.038407	 ndcg_5: 0.0309	 ndcg_10: 0.0401	 hit@1:0.011586	 hit@5:0.0500	 hit@10: 0.0789
target: 	 mrr: 0.055030	 ndcg_5: 0.0476	 ndcg_10: 0.0626	 hit@1:0.018118	 hit@5:0.0774	 hit@10: 0.1240
epoch 60: train_loss = 1.535480, source_mrr = 0.038407, source_hit@10 = 0.0789, source_ndcg@10 = 0.0401, target_mrr = 0.055030, target_hit@10 = 0.1240, target_ndcg@10 = 0.0626

2024-08-14 20:23:31.154967: step 9272/12160 (epoch 61/80), loss = 1.530898 (45.120 sec/epoch), lr: 0.001001
Evaluating on dev set...
...........................
source: 	 mrr: 0.034654	 ndcg_5: 0.0290	 ndcg_10: 0.0370	 hit@1:0.008689	 hit@5:0.0507	 hit@10: 0.0753
target: 	 mrr: 0.053818	 ndcg_5: 0.0428	 ndcg_10: 0.0583	 hit@1:0.022997	 hit@5:0.0627	 hit@10: 0.1108
epoch 61: train_loss = 1.530898, source_mrr = 0.034654, source_hit@10 = 0.0753, source_ndcg@10 = 0.0370, target_mrr = 0.053818, target_hit@10 = 0.1108, target_ndcg@10 = 0.0583

2024-08-14 20:24:16.777709: step 9424/12160 (epoch 62/80), loss = 1.530274 (45.010 sec/epoch), lr: 0.000951
Evaluating on dev set...
...........................
source: 	 mrr: 0.042093	 ndcg_5: 0.0341	 ndcg_10: 0.0448	 hit@1:0.013758	 hit@5:0.0543	 hit@10: 0.0891
target: 	 mrr: 0.045957	 ndcg_5: 0.0358	 ndcg_10: 0.0492	 hit@1:0.016725	 hit@5:0.0557	 hit@10: 0.0969
epoch 62: train_loss = 1.530274, source_mrr = 0.042093, source_hit@10 = 0.0891, source_ndcg@10 = 0.0448, target_mrr = 0.045957, target_hit@10 = 0.0969, target_ndcg@10 = 0.0492

2024-08-14 20:25:02.097062: step 9576/12160 (epoch 63/80), loss = 1.525907 (44.691 sec/epoch), lr: 0.000904
Evaluating on dev set...
...........................
source: 	 mrr: 0.045871	 ndcg_5: 0.0359	 ndcg_10: 0.0463	 hit@1:0.017379	 hit@5:0.0550	 hit@10: 0.0869
target: 	 mrr: 0.053267	 ndcg_5: 0.0447	 ndcg_10: 0.0579	 hit@1:0.020906	 hit@5:0.0704	 hit@10: 0.1115
source best!
.............
source: 	 mrr: 0.037853	 ndcg_5: 0.0251	 ndcg_10: 0.0374	 hit@1:0.011503	 hit@5:0.0376	 hit@10: 0.0759
epoch 63: train_loss = 1.525907, source_mrr = 0.037853, source_hit@10 = 0.0759, source_ndcg@10 = 0.0374, target_mrr = 0.053267, target_hit@10 = 0.1115, target_ndcg@10 = 0.0579

2024-08-14 20:25:47.908553: step 9728/12160 (epoch 64/80), loss = 1.521814 (44.854 sec/epoch), lr: 0.000904
Evaluating on dev set...
...........................
source: 	 mrr: 0.040660	 ndcg_5: 0.0303	 ndcg_10: 0.0408	 hit@1:0.015930	 hit@5:0.0456	 hit@10: 0.0789
target: 	 mrr: 0.050369	 ndcg_5: 0.0409	 ndcg_10: 0.0551	 hit@1:0.016725	 hit@5:0.0662	 hit@10: 0.1108
epoch 64: train_loss = 1.521814, source_mrr = 0.040660, source_hit@10 = 0.0789, source_ndcg@10 = 0.0408, target_mrr = 0.050369, target_hit@10 = 0.1108, target_ndcg@10 = 0.0551

2024-08-14 20:26:33.544400: step 9880/12160 (epoch 65/80), loss = 1.515689 (44.934 sec/epoch), lr: 0.000859
Evaluating on dev set...
...........................
source: 	 mrr: 0.037317	 ndcg_5: 0.0267	 ndcg_10: 0.0363	 hit@1:0.013034	 hit@5:0.0398	 hit@10: 0.0702
target: 	 mrr: 0.048214	 ndcg_5: 0.0377	 ndcg_10: 0.0509	 hit@1:0.016028	 hit@5:0.0578	 hit@10: 0.0997
epoch 65: train_loss = 1.515689, source_mrr = 0.037317, source_hit@10 = 0.0702, source_ndcg@10 = 0.0363, target_mrr = 0.048214, target_hit@10 = 0.0997, target_ndcg@10 = 0.0509

2024-08-14 20:27:17.146784: step 10032/12160 (epoch 66/80), loss = 1.507958 (42.925 sec/epoch), lr: 0.000816
Evaluating on dev set...
...........................
source: 	 mrr: 0.035840	 ndcg_5: 0.0285	 ndcg_10: 0.0352	 hit@1:0.015206	 hit@5:0.0420	 hit@10: 0.0630
target: 	 mrr: 0.049426	 ndcg_5: 0.0392	 ndcg_10: 0.0531	 hit@1:0.018118	 hit@5:0.0613	 hit@10: 0.1045
epoch 66: train_loss = 1.507958, source_mrr = 0.035840, source_hit@10 = 0.0630, source_ndcg@10 = 0.0352, target_mrr = 0.049426, target_hit@10 = 0.1045, target_ndcg@10 = 0.0531

2024-08-14 20:28:00.288431: step 10184/12160 (epoch 67/80), loss = 1.506209 (42.546 sec/epoch), lr: 0.000775
Evaluating on dev set...
...........................
source: 	 mrr: 0.039306	 ndcg_5: 0.0318	 ndcg_10: 0.0393	 hit@1:0.013034	 hit@5:0.0492	 hit@10: 0.0731
target: 	 mrr: 0.053236	 ndcg_5: 0.0450	 ndcg_10: 0.0573	 hit@1:0.020209	 hit@5:0.0690	 hit@10: 0.1066
epoch 67: train_loss = 1.506209, source_mrr = 0.039306, source_hit@10 = 0.0731, source_ndcg@10 = 0.0393, target_mrr = 0.053236, target_hit@10 = 0.1066, target_ndcg@10 = 0.0573

2024-08-14 20:28:43.886038: step 10336/12160 (epoch 68/80), loss = 1.502125 (42.962 sec/epoch), lr: 0.000775
Evaluating on dev set...
...........................
source: 	 mrr: 0.040746	 ndcg_5: 0.0322	 ndcg_10: 0.0400	 hit@1:0.015206	 hit@5:0.0500	 hit@10: 0.0746
target: 	 mrr: 0.055058	 ndcg_5: 0.0457	 ndcg_10: 0.0614	 hit@1:0.018815	 hit@5:0.0711	 hit@10: 0.1199
epoch 68: train_loss = 1.502125, source_mrr = 0.040746, source_hit@10 = 0.0746, source_ndcg@10 = 0.0400, target_mrr = 0.055058, target_hit@10 = 0.1199, target_ndcg@10 = 0.0614

2024-08-14 20:29:27.127539: step 10488/12160 (epoch 69/80), loss = 1.500955 (42.649 sec/epoch), lr: 0.000775
Evaluating on dev set...
...........................
source: 	 mrr: 0.033792	 ndcg_5: 0.0252	 ndcg_10: 0.0317	 hit@1:0.012310	 hit@5:0.0384	 hit@10: 0.0587
target: 	 mrr: 0.047672	 ndcg_5: 0.0380	 ndcg_10: 0.0520	 hit@1:0.016028	 hit@5:0.0606	 hit@10: 0.1045
epoch 69: train_loss = 1.500955, source_mrr = 0.033792, source_hit@10 = 0.0587, source_ndcg@10 = 0.0317, target_mrr = 0.047672, target_hit@10 = 0.1045, target_ndcg@10 = 0.0520

2024-08-14 20:30:10.639558: step 10640/12160 (epoch 70/80), loss = 1.500607 (42.910 sec/epoch), lr: 0.000736
Evaluating on dev set...
...........................
source: 	 mrr: 0.033938	 ndcg_5: 0.0251	 ndcg_10: 0.0327	 hit@1:0.011586	 hit@5:0.0384	 hit@10: 0.0623
target: 	 mrr: 0.052135	 ndcg_5: 0.0437	 ndcg_10: 0.0557	 hit@1:0.021603	 hit@5:0.0662	 hit@10: 0.1038
epoch 70: train_loss = 1.500607, source_mrr = 0.033938, source_hit@10 = 0.0623, source_ndcg@10 = 0.0327, target_mrr = 0.052135, target_hit@10 = 0.1038, target_ndcg@10 = 0.0557

2024-08-14 20:30:53.459120: step 10792/12160 (epoch 71/80), loss = 1.495973 (42.186 sec/epoch), lr: 0.000736
Evaluating on dev set...
...........................
source: 	 mrr: 0.022241	 ndcg_5: 0.0135	 ndcg_10: 0.0190	 hit@1:0.002896	 hit@5:0.0224	 hit@10: 0.0398
target: 	 mrr: 0.049182	 ndcg_5: 0.0398	 ndcg_10: 0.0528	 hit@1:0.019512	 hit@5:0.0613	 hit@10: 0.1017
epoch 71: train_loss = 1.495973, source_mrr = 0.022241, source_hit@10 = 0.0398, source_ndcg@10 = 0.0190, target_mrr = 0.049182, target_hit@10 = 0.1017, target_ndcg@10 = 0.0528

2024-08-14 20:31:34.945117: step 10944/12160 (epoch 72/80), loss = 1.493684 (40.892 sec/epoch), lr: 0.000699
Evaluating on dev set...
...........................
source: 	 mrr: 0.042709	 ndcg_5: 0.0331	 ndcg_10: 0.0414	 hit@1:0.016655	 hit@5:0.0478	 hit@10: 0.0739
target: 	 mrr: 0.052548	 ndcg_5: 0.0440	 ndcg_10: 0.0578	 hit@1:0.019512	 hit@5:0.0683	 hit@10: 0.1115
epoch 72: train_loss = 1.493684, source_mrr = 0.042709, source_hit@10 = 0.0739, source_ndcg@10 = 0.0414, target_mrr = 0.052548, target_hit@10 = 0.1115, target_ndcg@10 = 0.0578

2024-08-14 20:32:17.852804: step 11096/12160 (epoch 73/80), loss = 1.493478 (42.307 sec/epoch), lr: 0.000699
Evaluating on dev set...
...........................
source: 	 mrr: 0.036355	 ndcg_5: 0.0268	 ndcg_10: 0.0364	 hit@1:0.011586	 hit@5:0.0434	 hit@10: 0.0731
target: 	 mrr: 0.052101	 ndcg_5: 0.0431	 ndcg_10: 0.0561	 hit@1:0.021603	 hit@5:0.0655	 hit@10: 0.1066
epoch 73: train_loss = 1.493478, source_mrr = 0.036355, source_hit@10 = 0.0731, source_ndcg@10 = 0.0364, target_mrr = 0.052101, target_hit@10 = 0.1066, target_ndcg@10 = 0.0561

2024-08-14 20:33:01.588891: step 11248/12160 (epoch 74/80), loss = 1.492255 (43.140 sec/epoch), lr: 0.000664
Evaluating on dev set...
...........................
source: 	 mrr: 0.033264	 ndcg_5: 0.0226	 ndcg_10: 0.0321	 hit@1:0.010138	 hit@5:0.0355	 hit@10: 0.0652
target: 	 mrr: 0.045441	 ndcg_5: 0.0356	 ndcg_10: 0.0490	 hit@1:0.014634	 hit@5:0.0578	 hit@10: 0.0997
epoch 74: train_loss = 1.492255, source_mrr = 0.033264, source_hit@10 = 0.0652, source_ndcg@10 = 0.0321, target_mrr = 0.045441, target_hit@10 = 0.0997, target_ndcg@10 = 0.0490

2024-08-14 20:33:47.828800: step 11400/12160 (epoch 75/80), loss = 1.487690 (45.637 sec/epoch), lr: 0.000631
Evaluating on dev set...
...........................
source: 	 mrr: 0.034216	 ndcg_5: 0.0226	 ndcg_10: 0.0317	 hit@1:0.010138	 hit@5:0.0348	 hit@10: 0.0637
target: 	 mrr: 0.048841	 ndcg_5: 0.0387	 ndcg_10: 0.0521	 hit@1:0.016028	 hit@5:0.0606	 hit@10: 0.1024
epoch 75: train_loss = 1.487690, source_mrr = 0.034216, source_hit@10 = 0.0637, source_ndcg@10 = 0.0317, target_mrr = 0.048841, target_hit@10 = 0.1024, target_ndcg@10 = 0.0521

2024-08-14 20:34:34.367550: step 11552/12160 (epoch 76/80), loss = 1.483380 (45.862 sec/epoch), lr: 0.000631
Evaluating on dev set...
...........................
source: 	 mrr: 0.027981	 ndcg_5: 0.0164	 ndcg_10: 0.0267	 hit@1:0.005793	 hit@5:0.0275	 hit@10: 0.0601
target: 	 mrr: 0.051286	 ndcg_5: 0.0421	 ndcg_10: 0.0582	 hit@1:0.014634	 hit@5:0.0683	 hit@10: 0.1185
epoch 76: train_loss = 1.483380, source_mrr = 0.027981, source_hit@10 = 0.0601, source_ndcg@10 = 0.0267, target_mrr = 0.051286, target_hit@10 = 0.1185, target_ndcg@10 = 0.0582

2024-08-14 20:35:20.575393: step 11704/12160 (epoch 77/80), loss = 1.482781 (45.579 sec/epoch), lr: 0.000600
Evaluating on dev set...
...........................
source: 	 mrr: 0.036182	 ndcg_5: 0.0234	 ndcg_10: 0.0360	 hit@1:0.010862	 hit@5:0.0362	 hit@10: 0.0753
target: 	 mrr: 0.048726	 ndcg_5: 0.0397	 ndcg_10: 0.0516	 hit@1:0.016725	 hit@5:0.0627	 hit@10: 0.0997
epoch 77: train_loss = 1.482781, source_mrr = 0.036182, source_hit@10 = 0.0753, source_ndcg@10 = 0.0360, target_mrr = 0.048726, target_hit@10 = 0.0997, target_ndcg@10 = 0.0516

2024-08-14 20:36:06.818632: step 11856/12160 (epoch 78/80), loss = 1.478111 (45.622 sec/epoch), lr: 0.000600
Evaluating on dev set...
...........................
source: 	 mrr: 0.031903	 ndcg_5: 0.0194	 ndcg_10: 0.0316	 hit@1:0.007241	 hit@5:0.0319	 hit@10: 0.0695
target: 	 mrr: 0.051570	 ndcg_5: 0.0420	 ndcg_10: 0.0566	 hit@1:0.018815	 hit@5:0.0641	 hit@10: 0.1101
epoch 78: train_loss = 1.478111, source_mrr = 0.031903, source_hit@10 = 0.0695, source_ndcg@10 = 0.0316, target_mrr = 0.051570, target_hit@10 = 0.1101, target_ndcg@10 = 0.0566

2024-08-14 20:36:52.107091: step 12008/12160 (epoch 79/80), loss = 1.477725 (44.597 sec/epoch), lr: 0.000570
Evaluating on dev set...
...........................
source: 	 mrr: 0.035234	 ndcg_5: 0.0269	 ndcg_10: 0.0363	 hit@1:0.009413	 hit@5:0.0463	 hit@10: 0.0753
target: 	 mrr: 0.047959	 ndcg_5: 0.0385	 ndcg_10: 0.0516	 hit@1:0.016028	 hit@5:0.0620	 hit@10: 0.1031
epoch 79: train_loss = 1.477725, source_mrr = 0.035234, source_hit@10 = 0.0753, source_ndcg@10 = 0.0363, target_mrr = 0.047959, target_hit@10 = 0.1031, target_ndcg@10 = 0.0516

2024-08-14 20:37:37.671527: step 12160/12160 (epoch 80/80), loss = 1.476636 (44.866 sec/epoch), lr: 0.000541
Evaluating on dev set...
...........................
source: 	 mrr: 0.033063	 ndcg_5: 0.0238	 ndcg_10: 0.0331	 hit@1:0.010138	 hit@5:0.0391	 hit@10: 0.0681
target: 	 mrr: 0.045798	 ndcg_5: 0.0354	 ndcg_10: 0.0477	 hit@1:0.016725	 hit@5:0.0530	 hit@10: 0.0913
epoch 80: train_loss = 1.476636, source_mrr = 0.033063, source_hit@10 = 0.0681, source_ndcg@10 = 0.0331, target_mrr = 0.045798, target_hit@10 = 0.0913, target_ndcg@10 = 0.0477

source best:  source_mrr = 0.043206, source_hit@10 = 0.0956, source_ndcg@10 = 0.0469
target best:  target_mrr = 0.056299, target_hit@10 = 0.1261, target_ndcg@10 = 0.0638
