using gpu:2 to train the model
using gpu:2 to train the model
cuda:2
Namespace(A_split=False, JK='sum', a_fold=100, aggregate=False, alpha=0.1, batch_size=2048, beta_inter=0.2, conv_layers=4, cuda=True, decay_epoch=10, device=device(type='cuda', index=2), device_id='2', domains='game_video', dropout=0.4, epoch=80, feature_dim=126, gamma_intra=0.8, hidden_dim=126, inter_tau=0.2, intra_tau=0.4, lambda_critic=0.1, leakey=0.05, load=False, log='logs.txt', log_epoch=1, lr=0.004, lr_decay=0.95, min_epoch=60, mode='train', model_file=None, model_name='gv', momentum=0.98, num_latent_factors=3, num_negative=100, optim='adam', patience=20, proj_layers=1, projection=1, rectify_epoch=40, residual=1, save=False, save_dir='./saved_models', seed=32, similarity_tau=0.1, step=5, test_sample_number=999, user_batch_size=256, weight_decay=0.0002)
number_user 25025
number_item 12319
real graph loaded!
number_user 19457
number_item 8751
real graph loaded!
graph loaded!
Loading data from game_video with batch size 2048...
unseen test: 0
test length: 1381
unseen test: 0
test length: 1304
unseen test: 0
test length: 1435
unseen test: 0
test length: 1458
source_user_num 25025
target_user_num 19457
source_item_num 12319
target_item_num 8751
shared users id: 1737
test users 226, 217
unseen test: 0
dev length: 1000
unseen test: 0
dev length: 1000
source train data : 155036, target train data: 156091, source test data : 1304, target test data : 1458, source dev data : 1000, target dev data : 1000
2024-08-14 22:37:27.945195: step 152/12160 (epoch 1/80), loss = 2.327027 (44.658 sec/epoch), lr: 0.004000
Evaluating on dev set...
...........................
source: 	 mrr: 0.025266	 ndcg_5: 0.0150	 ndcg_10: 0.0195	 hit@1:0.009413	 hit@5:0.0203	 hit@10: 0.0348
target: 	 mrr: 0.028527	 ndcg_5: 0.0203	 ndcg_10: 0.0287	 hit@1:0.008362	 hit@5:0.0321	 hit@10: 0.0585
source best!
.............
source: 	 mrr: 0.024753	 ndcg_5: 0.0163	 ndcg_10: 0.0217	 hit@1:0.005368	 hit@5:0.0261	 hit@10: 0.0429
target best!
..............target: 	 mrr: 0.031657	 ndcg_5: 0.0242	 ndcg_10: 0.0293	 hit@1:0.012346	 hit@5:0.0357	 hit@10: 0.0521
epoch 1: train_loss = 2.327027, source_mrr = 0.024753, source_hit@10 = 0.0429, source_ndcg@10 = 0.0217, target_mrr = 0.031657, target_hit@10 = 0.0521, target_ndcg@10 = 0.0293

2024-08-14 22:38:13.944340: step 304/12160 (epoch 2/80), loss = 1.955929 (44.830 sec/epoch), lr: 0.004000
Evaluating on dev set...
...........................
source: 	 mrr: 0.031718	 ndcg_5: 0.0210	 ndcg_10: 0.0311	 hit@1:0.005793	 hit@5:0.0369	 hit@10: 0.0681
target: 	 mrr: 0.027306	 ndcg_5: 0.0182	 ndcg_10: 0.0250	 hit@1:0.009756	 hit@5:0.0272	 hit@10: 0.0481
source best!
.............
source: 	 mrr: 0.031959	 ndcg_5: 0.0213	 ndcg_10: 0.0316	 hit@1:0.006902	 hit@5:0.0368	 hit@10: 0.0690
epoch 2: train_loss = 1.955929, source_mrr = 0.031959, source_hit@10 = 0.0690, source_ndcg@10 = 0.0316, target_mrr = 0.027306, target_hit@10 = 0.0481, target_ndcg@10 = 0.0250

2024-08-14 22:38:58.770080: step 456/12160 (epoch 3/80), loss = 1.898069 (43.959 sec/epoch), lr: 0.004000
Evaluating on dev set...
...........................
source: 	 mrr: 0.034556	 ndcg_5: 0.0211	 ndcg_10: 0.0336	 hit@1:0.007965	 hit@5:0.0355	 hit@10: 0.0746
target: 	 mrr: 0.035078	 ndcg_5: 0.0250	 ndcg_10: 0.0332	 hit@1:0.012544	 hit@5:0.0376	 hit@10: 0.0634
source best!
.............
source: 	 mrr: 0.034894	 ndcg_5: 0.0226	 ndcg_10: 0.0355	 hit@1:0.006135	 hit@5:0.0391	 hit@10: 0.0798
target best!
..............target: 	 mrr: 0.038126	 ndcg_5: 0.0298	 ndcg_10: 0.0373	 hit@1:0.013717	 hit@5:0.0453	 hit@10: 0.0686
epoch 3: train_loss = 1.898069, source_mrr = 0.034894, source_hit@10 = 0.0798, source_ndcg@10 = 0.0355, target_mrr = 0.038126, target_hit@10 = 0.0686, target_ndcg@10 = 0.0373

2024-08-14 22:39:43.896511: step 608/12160 (epoch 4/80), loss = 1.875294 (44.008 sec/epoch), lr: 0.004000
Evaluating on dev set...
...........................
source: 	 mrr: 0.037227	 ndcg_5: 0.0270	 ndcg_10: 0.0365	 hit@1:0.010862	 hit@5:0.0434	 hit@10: 0.0731
target: 	 mrr: 0.048300	 ndcg_5: 0.0399	 ndcg_10: 0.0517	 hit@1:0.018815	 hit@5:0.0634	 hit@10: 0.1003
source best!
.............
source: 	 mrr: 0.034730	 ndcg_5: 0.0246	 ndcg_10: 0.0335	 hit@1:0.009969	 hit@5:0.0399	 hit@10: 0.0675
target best!
..............target: 	 mrr: 0.046604	 ndcg_5: 0.0363	 ndcg_10: 0.0525	 hit@1:0.013717	 hit@5:0.0590	 hit@10: 0.1097
epoch 4: train_loss = 1.875294, source_mrr = 0.034730, source_hit@10 = 0.0675, source_ndcg@10 = 0.0335, target_mrr = 0.046604, target_hit@10 = 0.1097, target_ndcg@10 = 0.0525

2024-08-14 22:40:29.415657: step 760/12160 (epoch 5/80), loss = 1.861355 (44.410 sec/epoch), lr: 0.004000
Evaluating on dev set...
...........................
source: 	 mrr: 0.036019	 ndcg_5: 0.0251	 ndcg_10: 0.0341	 hit@1:0.011586	 hit@5:0.0398	 hit@10: 0.0681
target: 	 mrr: 0.052385	 ndcg_5: 0.0461	 ndcg_10: 0.0563	 hit@1:0.017422	 hit@5:0.0753	 hit@10: 0.1073
target best!
..............target: 	 mrr: 0.053075	 ndcg_5: 0.0454	 ndcg_10: 0.0591	 hit@1:0.017147	 hit@5:0.0748	 hit@10: 0.1166
epoch 5: train_loss = 1.861355, source_mrr = 0.036019, source_hit@10 = 0.0681, source_ndcg@10 = 0.0341, target_mrr = 0.053075, target_hit@10 = 0.1166, target_ndcg@10 = 0.0591

2024-08-14 22:41:14.578516: step 912/12160 (epoch 6/80), loss = 1.838805 (44.252 sec/epoch), lr: 0.004000
Evaluating on dev set...
...........................
source: 	 mrr: 0.035780	 ndcg_5: 0.0252	 ndcg_10: 0.0340	 hit@1:0.010862	 hit@5:0.0369	 hit@10: 0.0637
target: 	 mrr: 0.030658	 ndcg_5: 0.0227	 ndcg_10: 0.0310	 hit@1:0.009059	 hit@5:0.0369	 hit@10: 0.0627
epoch 6: train_loss = 1.838805, source_mrr = 0.035780, source_hit@10 = 0.0637, source_ndcg@10 = 0.0340, target_mrr = 0.030658, target_hit@10 = 0.0627, target_ndcg@10 = 0.0310

2024-08-14 22:41:59.359732: step 1064/12160 (epoch 7/80), loss = 1.808732 (44.124 sec/epoch), lr: 0.004000
Evaluating on dev set...
...........................
source: 	 mrr: 0.035675	 ndcg_5: 0.0265	 ndcg_10: 0.0364	 hit@1:0.008689	 hit@5:0.0456	 hit@10: 0.0768
target: 	 mrr: 0.043925	 ndcg_5: 0.0349	 ndcg_10: 0.0454	 hit@1:0.016725	 hit@5:0.0557	 hit@10: 0.0885
epoch 7: train_loss = 1.808732, source_mrr = 0.035675, source_hit@10 = 0.0768, source_ndcg@10 = 0.0364, target_mrr = 0.043925, target_hit@10 = 0.0885, target_ndcg@10 = 0.0454

2024-08-14 22:42:44.747306: step 1216/12160 (epoch 8/80), loss = 1.774909 (44.755 sec/epoch), lr: 0.004000
Evaluating on dev set...
...........................
source: 	 mrr: 0.027264	 ndcg_5: 0.0189	 ndcg_10: 0.0270	 hit@1:0.005793	 hit@5:0.0319	 hit@10: 0.0572
target: 	 mrr: 0.046440	 ndcg_5: 0.0360	 ndcg_10: 0.0522	 hit@1:0.014634	 hit@5:0.0557	 hit@10: 0.1066
epoch 8: train_loss = 1.774909, source_mrr = 0.027264, source_hit@10 = 0.0572, source_ndcg@10 = 0.0270, target_mrr = 0.046440, target_hit@10 = 0.1066, target_ndcg@10 = 0.0522

2024-08-14 22:43:28.521807: step 1368/12160 (epoch 9/80), loss = 1.755310 (43.151 sec/epoch), lr: 0.004000
Evaluating on dev set...
...........................
source: 	 mrr: 0.028845	 ndcg_5: 0.0197	 ndcg_10: 0.0280	 hit@1:0.008689	 hit@5:0.0311	 hit@10: 0.0565
target: 	 mrr: 0.043217	 ndcg_5: 0.0339	 ndcg_10: 0.0463	 hit@1:0.013240	 hit@5:0.0551	 hit@10: 0.0941
epoch 9: train_loss = 1.755310, source_mrr = 0.028845, source_hit@10 = 0.0565, source_ndcg@10 = 0.0280, target_mrr = 0.043217, target_hit@10 = 0.0941, target_ndcg@10 = 0.0463

2024-08-14 22:44:10.578513: step 1520/12160 (epoch 10/80), loss = 1.742606 (41.393 sec/epoch), lr: 0.004000
Evaluating on dev set...
...........................
source: 	 mrr: 0.034401	 ndcg_5: 0.0251	 ndcg_10: 0.0319	 hit@1:0.012310	 hit@5:0.0391	 hit@10: 0.0601
target: 	 mrr: 0.046998	 ndcg_5: 0.0392	 ndcg_10: 0.0521	 hit@1:0.012544	 hit@5:0.0662	 hit@10: 0.1066
epoch 10: train_loss = 1.742606, source_mrr = 0.034401, source_hit@10 = 0.0601, source_ndcg@10 = 0.0319, target_mrr = 0.046998, target_hit@10 = 0.1066, target_ndcg@10 = 0.0521

2024-08-14 22:44:51.683639: step 1672/12160 (epoch 11/80), loss = 1.739966 (40.500 sec/epoch), lr: 0.004000
Evaluating on dev set...
...........................
source: 	 mrr: 0.033482	 ndcg_5: 0.0253	 ndcg_10: 0.0337	 hit@1:0.007965	 hit@5:0.0434	 hit@10: 0.0695
target: 	 mrr: 0.039204	 ndcg_5: 0.0315	 ndcg_10: 0.0407	 hit@1:0.010453	 hit@5:0.0537	 hit@10: 0.0822
epoch 11: train_loss = 1.739966, source_mrr = 0.033482, source_hit@10 = 0.0695, source_ndcg@10 = 0.0337, target_mrr = 0.039204, target_hit@10 = 0.0822, target_ndcg@10 = 0.0407

2024-08-14 22:45:31.823482: step 1824/12160 (epoch 12/80), loss = 1.727759 (39.566 sec/epoch), lr: 0.003800
Evaluating on dev set...
...........................
source: 	 mrr: 0.021038	 ndcg_5: 0.0130	 ndcg_10: 0.0182	 hit@1:0.005793	 hit@5:0.0203	 hit@10: 0.0369
target: 	 mrr: 0.055774	 ndcg_5: 0.0482	 ndcg_10: 0.0636	 hit@1:0.020209	 hit@5:0.0767	 hit@10: 0.1247
target best!
..............target: 	 mrr: 0.056254	 ndcg_5: 0.0501	 ndcg_10: 0.0633	 hit@1:0.019204	 hit@5:0.0830	 hit@10: 0.1241
epoch 12: train_loss = 1.727759, source_mrr = 0.021038, source_hit@10 = 0.0369, source_ndcg@10 = 0.0182, target_mrr = 0.056254, target_hit@10 = 0.1241, target_ndcg@10 = 0.0633

2024-08-14 22:46:12.786604: step 1976/12160 (epoch 13/80), loss = 1.726327 (40.146 sec/epoch), lr: 0.003800
Evaluating on dev set...
...........................
source: 	 mrr: 0.022596	 ndcg_5: 0.0166	 ndcg_10: 0.0211	 hit@1:0.005069	 hit@5:0.0282	 hit@10: 0.0420
target: 	 mrr: 0.038585	 ndcg_5: 0.0270	 ndcg_10: 0.0431	 hit@1:0.011847	 hit@5:0.0439	 hit@10: 0.0948
epoch 13: train_loss = 1.726327, source_mrr = 0.022596, source_hit@10 = 0.0420, source_ndcg@10 = 0.0211, target_mrr = 0.038585, target_hit@10 = 0.0948, target_ndcg@10 = 0.0431

2024-08-14 22:46:53.403755: step 2128/12160 (epoch 14/80), loss = 1.720406 (39.950 sec/epoch), lr: 0.003610
Evaluating on dev set...
...........................
source: 	 mrr: 0.027328	 ndcg_5: 0.0172	 ndcg_10: 0.0260	 hit@1:0.009413	 hit@5:0.0253	 hit@10: 0.0529
target: 	 mrr: 0.049988	 ndcg_5: 0.0408	 ndcg_10: 0.0533	 hit@1:0.017422	 hit@5:0.0634	 hit@10: 0.1024
epoch 14: train_loss = 1.720406, source_mrr = 0.027328, source_hit@10 = 0.0529, source_ndcg@10 = 0.0260, target_mrr = 0.049988, target_hit@10 = 0.1024, target_ndcg@10 = 0.0533

2024-08-14 22:47:34.493563: step 2280/12160 (epoch 15/80), loss = 1.715066 (40.499 sec/epoch), lr: 0.003610
Evaluating on dev set...
...........................
source: 	 mrr: 0.025713	 ndcg_5: 0.0161	 ndcg_10: 0.0240	 hit@1:0.004345	 hit@5:0.0268	 hit@10: 0.0514
target: 	 mrr: 0.054887	 ndcg_5: 0.0432	 ndcg_10: 0.0578	 hit@1:0.022300	 hit@5:0.0634	 hit@10: 0.1087
epoch 15: train_loss = 1.715066, source_mrr = 0.025713, source_hit@10 = 0.0514, source_ndcg@10 = 0.0240, target_mrr = 0.054887, target_hit@10 = 0.1087, target_ndcg@10 = 0.0578

2024-08-14 22:48:15.115989: step 2432/12160 (epoch 16/80), loss = 1.710808 (40.013 sec/epoch), lr: 0.003610
Evaluating on dev set...
...........................
source: 	 mrr: 0.017127	 ndcg_5: 0.0100	 ndcg_10: 0.0151	 hit@1:0.002896	 hit@5:0.0174	 hit@10: 0.0333
target: 	 mrr: 0.044376	 ndcg_5: 0.0339	 ndcg_10: 0.0454	 hit@1:0.013937	 hit@5:0.0530	 hit@10: 0.0885
epoch 16: train_loss = 1.710808, source_mrr = 0.017127, source_hit@10 = 0.0333, source_ndcg@10 = 0.0151, target_mrr = 0.044376, target_hit@10 = 0.0885, target_ndcg@10 = 0.0454

2024-08-14 22:48:56.060066: step 2584/12160 (epoch 17/80), loss = 1.703321 (40.366 sec/epoch), lr: 0.003429
Evaluating on dev set...
...........................
source: 	 mrr: 0.021671	 ndcg_5: 0.0140	 ndcg_10: 0.0211	 hit@1:0.005793	 hit@5:0.0224	 hit@10: 0.0449
target: 	 mrr: 0.039286	 ndcg_5: 0.0304	 ndcg_10: 0.0406	 hit@1:0.011150	 hit@5:0.0502	 hit@10: 0.0822
epoch 17: train_loss = 1.703321, source_mrr = 0.021671, source_hit@10 = 0.0449, source_ndcg@10 = 0.0211, target_mrr = 0.039286, target_hit@10 = 0.0822, target_ndcg@10 = 0.0406

2024-08-14 22:49:39.677427: step 2736/12160 (epoch 18/80), loss = 1.698746 (43.015 sec/epoch), lr: 0.003258
Evaluating on dev set...
...........................
source: 	 mrr: 0.027221	 ndcg_5: 0.0192	 ndcg_10: 0.0254	 hit@1:0.007965	 hit@5:0.0311	 hit@10: 0.0500
target: 	 mrr: 0.054288	 ndcg_5: 0.0440	 ndcg_10: 0.0581	 hit@1:0.022997	 hit@5:0.0655	 hit@10: 0.1094
epoch 18: train_loss = 1.698746, source_mrr = 0.027221, source_hit@10 = 0.0500, source_ndcg@10 = 0.0254, target_mrr = 0.054288, target_hit@10 = 0.1094, target_ndcg@10 = 0.0581

2024-08-14 22:50:24.174184: step 2888/12160 (epoch 19/80), loss = 1.694824 (43.904 sec/epoch), lr: 0.003258
Evaluating on dev set...
...........................
source: 	 mrr: 0.026579	 ndcg_5: 0.0174	 ndcg_10: 0.0249	 hit@1:0.007241	 hit@5:0.0282	 hit@10: 0.0514
target: 	 mrr: 0.046386	 ndcg_5: 0.0370	 ndcg_10: 0.0490	 hit@1:0.014634	 hit@5:0.0599	 hit@10: 0.0969
epoch 19: train_loss = 1.694824, source_mrr = 0.026579, source_hit@10 = 0.0514, source_ndcg@10 = 0.0249, target_mrr = 0.046386, target_hit@10 = 0.0969, target_ndcg@10 = 0.0490

2024-08-14 22:51:08.897778: step 3040/12160 (epoch 20/80), loss = 1.688862 (44.075 sec/epoch), lr: 0.003095
Evaluating on dev set...
...........................
source: 	 mrr: 0.025105	 ndcg_5: 0.0159	 ndcg_10: 0.0226	 hit@1:0.008689	 hit@5:0.0224	 hit@10: 0.0427
target: 	 mrr: 0.058494	 ndcg_5: 0.0534	 ndcg_10: 0.0659	 hit@1:0.021603	 hit@5:0.0836	 hit@10: 0.1233
target best!
..............target: 	 mrr: 0.053161	 ndcg_5: 0.0443	 ndcg_10: 0.0589	 hit@1:0.017833	 hit@5:0.0700	 hit@10: 0.1152
epoch 20: train_loss = 1.688862, source_mrr = 0.025105, source_hit@10 = 0.0427, source_ndcg@10 = 0.0226, target_mrr = 0.053161, target_hit@10 = 0.1152, target_ndcg@10 = 0.0589

2024-08-14 22:51:53.948234: step 3192/12160 (epoch 21/80), loss = 1.684109 (44.099 sec/epoch), lr: 0.003095
Evaluating on dev set...
...........................
source: 	 mrr: 0.025180	 ndcg_5: 0.0179	 ndcg_10: 0.0237	 hit@1:0.005069	 hit@5:0.0319	 hit@10: 0.0492
target: 	 mrr: 0.044924	 ndcg_5: 0.0369	 ndcg_10: 0.0501	 hit@1:0.009756	 hit@5:0.0641	 hit@10: 0.1045
epoch 21: train_loss = 1.684109, source_mrr = 0.025180, source_hit@10 = 0.0492, source_ndcg@10 = 0.0237, target_mrr = 0.044924, target_hit@10 = 0.1045, target_ndcg@10 = 0.0501

2024-08-14 22:52:38.776128: step 3344/12160 (epoch 22/80), loss = 1.681382 (44.151 sec/epoch), lr: 0.002940
Evaluating on dev set...
...........................
source: 	 mrr: 0.016352	 ndcg_5: 0.0102	 ndcg_10: 0.0131	 hit@1:0.003621	 hit@5:0.0181	 hit@10: 0.0275
target: 	 mrr: 0.052995	 ndcg_5: 0.0408	 ndcg_10: 0.0574	 hit@1:0.021603	 hit@5:0.0606	 hit@10: 0.1122
epoch 22: train_loss = 1.681382, source_mrr = 0.016352, source_hit@10 = 0.0275, source_ndcg@10 = 0.0131, target_mrr = 0.052995, target_hit@10 = 0.1122, target_ndcg@10 = 0.0574

2024-08-14 22:53:23.193511: step 3496/12160 (epoch 23/80), loss = 1.673079 (43.742 sec/epoch), lr: 0.002793
Evaluating on dev set...
...........................
source: 	 mrr: 0.018786	 ndcg_5: 0.0124	 ndcg_10: 0.0187	 hit@1:0.002896	 hit@5:0.0224	 hit@10: 0.0427
target: 	 mrr: 0.042170	 ndcg_5: 0.0314	 ndcg_10: 0.0450	 hit@1:0.010453	 hit@5:0.0523	 hit@10: 0.0941
epoch 23: train_loss = 1.673079, source_mrr = 0.018786, source_hit@10 = 0.0427, source_ndcg@10 = 0.0187, target_mrr = 0.042170, target_hit@10 = 0.0941, target_ndcg@10 = 0.0450

2024-08-14 22:54:07.827211: step 3648/12160 (epoch 24/80), loss = 1.667427 (43.994 sec/epoch), lr: 0.002654
Evaluating on dev set...
...........................
source: 	 mrr: 0.018744	 ndcg_5: 0.0116	 ndcg_10: 0.0163	 hit@1:0.005069	 hit@5:0.0174	 hit@10: 0.0319
target: 	 mrr: 0.050594	 ndcg_5: 0.0409	 ndcg_10: 0.0551	 hit@1:0.018815	 hit@5:0.0641	 hit@10: 0.1094
epoch 24: train_loss = 1.667427, source_mrr = 0.018744, source_hit@10 = 0.0319, source_ndcg@10 = 0.0163, target_mrr = 0.050594, target_hit@10 = 0.1094, target_ndcg@10 = 0.0551

2024-08-14 22:54:52.981006: step 3800/12160 (epoch 25/80), loss = 1.664984 (44.458 sec/epoch), lr: 0.002654
Evaluating on dev set...
...........................
source: 	 mrr: 0.026997	 ndcg_5: 0.0175	 ndcg_10: 0.0247	 hit@1:0.006517	 hit@5:0.0290	 hit@10: 0.0514
target: 	 mrr: 0.048349	 ndcg_5: 0.0383	 ndcg_10: 0.0529	 hit@1:0.018815	 hit@5:0.0585	 hit@10: 0.1052
epoch 25: train_loss = 1.664984, source_mrr = 0.026997, source_hit@10 = 0.0514, source_ndcg@10 = 0.0247, target_mrr = 0.048349, target_hit@10 = 0.1052, target_ndcg@10 = 0.0529

2024-08-14 22:55:37.664324: step 3952/12160 (epoch 26/80), loss = 1.661620 (44.048 sec/epoch), lr: 0.002654
Evaluating on dev set...
...........................
source: 	 mrr: 0.025989	 ndcg_5: 0.0173	 ndcg_10: 0.0252	 hit@1:0.008689	 hit@5:0.0253	 hit@10: 0.0500
target: 	 mrr: 0.052014	 ndcg_5: 0.0410	 ndcg_10: 0.0571	 hit@1:0.018815	 hit@5:0.0634	 hit@10: 0.1129
epoch 26: train_loss = 1.661620, source_mrr = 0.025989, source_hit@10 = 0.0500, source_ndcg@10 = 0.0252, target_mrr = 0.052014, target_hit@10 = 0.1129, target_ndcg@10 = 0.0571

2024-08-14 22:56:22.640575: step 4104/12160 (epoch 27/80), loss = 1.664727 (44.342 sec/epoch), lr: 0.002654
Evaluating on dev set...
...........................
source: 	 mrr: 0.018521	 ndcg_5: 0.0109	 ndcg_10: 0.0173	 hit@1:0.002172	 hit@5:0.0196	 hit@10: 0.0391
target: 	 mrr: 0.053837	 ndcg_5: 0.0434	 ndcg_10: 0.0613	 hit@1:0.020906	 hit@5:0.0669	 hit@10: 0.1233
epoch 27: train_loss = 1.664727, source_mrr = 0.018521, source_hit@10 = 0.0391, source_ndcg@10 = 0.0173, target_mrr = 0.053837, target_hit@10 = 0.1233, target_ndcg@10 = 0.0613

2024-08-14 22:57:07.219791: step 4256/12160 (epoch 28/80), loss = 1.652923 (43.877 sec/epoch), lr: 0.002521
Evaluating on dev set...
...........................
source: 	 mrr: 0.023825	 ndcg_5: 0.0164	 ndcg_10: 0.0205	 hit@1:0.008689	 hit@5:0.0239	 hit@10: 0.0369
target: 	 mrr: 0.054951	 ndcg_5: 0.0453	 ndcg_10: 0.0625	 hit@1:0.014634	 hit@5:0.0704	 hit@10: 0.1233
epoch 28: train_loss = 1.652923, source_mrr = 0.023825, source_hit@10 = 0.0369, source_ndcg@10 = 0.0205, target_mrr = 0.054951, target_hit@10 = 0.1233, target_ndcg@10 = 0.0625

2024-08-14 22:57:52.053440: step 4408/12160 (epoch 29/80), loss = 1.653846 (44.212 sec/epoch), lr: 0.002521
Evaluating on dev set...
...........................
source: 	 mrr: 0.025051	 ndcg_5: 0.0175	 ndcg_10: 0.0232	 hit@1:0.005069	 hit@5:0.0297	 hit@10: 0.0478
target: 	 mrr: 0.050073	 ndcg_5: 0.0403	 ndcg_10: 0.0556	 hit@1:0.016028	 hit@5:0.0648	 hit@10: 0.1122
epoch 29: train_loss = 1.653846, source_mrr = 0.025051, source_hit@10 = 0.0478, source_ndcg@10 = 0.0232, target_mrr = 0.050073, target_hit@10 = 0.1122, target_ndcg@10 = 0.0556

2024-08-14 22:58:36.792501: step 4560/12160 (epoch 30/80), loss = 1.648027 (44.110 sec/epoch), lr: 0.002395
Evaluating on dev set...
...........................
source: 	 mrr: 0.032999	 ndcg_5: 0.0228	 ndcg_10: 0.0326	 hit@1:0.010862	 hit@5:0.0369	 hit@10: 0.0673
target: 	 mrr: 0.054968	 ndcg_5: 0.0491	 ndcg_10: 0.0609	 hit@1:0.018815	 hit@5:0.0808	 hit@10: 0.1178
epoch 30: train_loss = 1.648027, source_mrr = 0.032999, source_hit@10 = 0.0673, source_ndcg@10 = 0.0326, target_mrr = 0.054968, target_hit@10 = 0.1178, target_ndcg@10 = 0.0609

2024-08-14 22:59:21.351616: step 4712/12160 (epoch 31/80), loss = 1.640021 (43.936 sec/epoch), lr: 0.002395
Evaluating on dev set...
...........................
source: 	 mrr: 0.028341	 ndcg_5: 0.0197	 ndcg_10: 0.0270	 hit@1:0.005793	 hit@5:0.0340	 hit@10: 0.0572
target: 	 mrr: 0.056760	 ndcg_5: 0.0482	 ndcg_10: 0.0623	 hit@1:0.021603	 hit@5:0.0760	 hit@10: 0.1199
epoch 31: train_loss = 1.640021, source_mrr = 0.028341, source_hit@10 = 0.0572, source_ndcg@10 = 0.0270, target_mrr = 0.056760, target_hit@10 = 0.1199, target_ndcg@10 = 0.0623

2024-08-14 23:00:06.333501: step 4864/12160 (epoch 32/80), loss = 1.632846 (44.363 sec/epoch), lr: 0.002275
Evaluating on dev set...
...........................
source: 	 mrr: 0.019872	 ndcg_5: 0.0110	 ndcg_10: 0.0180	 hit@1:0.003621	 hit@5:0.0174	 hit@10: 0.0391
target: 	 mrr: 0.054361	 ndcg_5: 0.0458	 ndcg_10: 0.0611	 hit@1:0.021603	 hit@5:0.0718	 hit@10: 0.1199
epoch 32: train_loss = 1.632846, source_mrr = 0.019872, source_hit@10 = 0.0391, source_ndcg@10 = 0.0180, target_mrr = 0.054361, target_hit@10 = 0.1199, target_ndcg@10 = 0.0611

2024-08-14 23:00:50.908656: step 5016/12160 (epoch 33/80), loss = 1.624879 (43.974 sec/epoch), lr: 0.002161
Evaluating on dev set...
...........................
source: 	 mrr: 0.039776	 ndcg_5: 0.0304	 ndcg_10: 0.0407	 hit@1:0.013034	 hit@5:0.0485	 hit@10: 0.0804
target: 	 mrr: 0.057460	 ndcg_5: 0.0485	 ndcg_10: 0.0627	 hit@1:0.025087	 hit@5:0.0739	 hit@10: 0.1185
source best!
.............
source: 	 mrr: 0.037980	 ndcg_5: 0.0276	 ndcg_10: 0.0378	 hit@1:0.010736	 hit@5:0.0422	 hit@10: 0.0744
epoch 33: train_loss = 1.624879, source_mrr = 0.037980, source_hit@10 = 0.0744, source_ndcg@10 = 0.0378, target_mrr = 0.057460, target_hit@10 = 0.1185, target_ndcg@10 = 0.0627

2024-08-14 23:01:36.013263: step 5168/12160 (epoch 34/80), loss = 1.620815 (44.173 sec/epoch), lr: 0.002161
Evaluating on dev set...
...........................
source: 	 mrr: 0.026520	 ndcg_5: 0.0187	 ndcg_10: 0.0261	 hit@1:0.005793	 hit@5:0.0304	 hit@10: 0.0536
target: 	 mrr: 0.055410	 ndcg_5: 0.0469	 ndcg_10: 0.0594	 hit@1:0.020209	 hit@5:0.0732	 hit@10: 0.1122
epoch 34: train_loss = 1.620815, source_mrr = 0.026520, source_hit@10 = 0.0536, source_ndcg@10 = 0.0261, target_mrr = 0.055410, target_hit@10 = 0.1122, target_ndcg@10 = 0.0594

2024-08-14 23:02:20.986563: step 5320/12160 (epoch 35/80), loss = 1.611436 (44.281 sec/epoch), lr: 0.002053
Evaluating on dev set...
...........................
source: 	 mrr: 0.036865	 ndcg_5: 0.0274	 ndcg_10: 0.0379	 hit@1:0.008689	 hit@5:0.0463	 hit@10: 0.0789
target: 	 mrr: 0.058391	 ndcg_5: 0.0517	 ndcg_10: 0.0635	 hit@1:0.022300	 hit@5:0.0801	 hit@10: 0.1164
epoch 35: train_loss = 1.611436, source_mrr = 0.036865, source_hit@10 = 0.0789, source_ndcg@10 = 0.0379, target_mrr = 0.058391, target_hit@10 = 0.1164, target_ndcg@10 = 0.0635

2024-08-14 23:03:05.632783: step 5472/12160 (epoch 36/80), loss = 1.611712 (43.989 sec/epoch), lr: 0.002053
Evaluating on dev set...
...........................
source: 	 mrr: 0.039849	 ndcg_5: 0.0282	 ndcg_10: 0.0400	 hit@1:0.012310	 hit@5:0.0434	 hit@10: 0.0804
target: 	 mrr: 0.057426	 ndcg_5: 0.0509	 ndcg_10: 0.0634	 hit@1:0.021603	 hit@5:0.0794	 hit@10: 0.1178
source best!
.............
source: 	 mrr: 0.038659	 ndcg_5: 0.0287	 ndcg_10: 0.0402	 hit@1:0.010736	 hit@5:0.0468	 hit@10: 0.0828
epoch 36: train_loss = 1.611712, source_mrr = 0.038659, source_hit@10 = 0.0828, source_ndcg@10 = 0.0402, target_mrr = 0.057426, target_hit@10 = 0.1178, target_ndcg@10 = 0.0634

2024-08-14 23:03:50.866998: step 5624/12160 (epoch 37/80), loss = 1.608500 (44.337 sec/epoch), lr: 0.002053
Evaluating on dev set...
...........................
source: 	 mrr: 0.029489	 ndcg_5: 0.0207	 ndcg_10: 0.0278	 hit@1:0.009413	 hit@5:0.0319	 hit@10: 0.0536
target: 	 mrr: 0.055816	 ndcg_5: 0.0458	 ndcg_10: 0.0613	 hit@1:0.019512	 hit@5:0.0697	 hit@10: 0.1178
epoch 37: train_loss = 1.608500, source_mrr = 0.029489, source_hit@10 = 0.0536, source_ndcg@10 = 0.0278, target_mrr = 0.055816, target_hit@10 = 0.1178, target_ndcg@10 = 0.0613

2024-08-14 23:04:35.037569: step 5776/12160 (epoch 38/80), loss = 1.600439 (43.495 sec/epoch), lr: 0.001951
Evaluating on dev set...
...........................
source: 	 mrr: 0.042123	 ndcg_5: 0.0296	 ndcg_10: 0.0412	 hit@1:0.017379	 hit@5:0.0420	 hit@10: 0.0782
target: 	 mrr: 0.052184	 ndcg_5: 0.0430	 ndcg_10: 0.0578	 hit@1:0.016725	 hit@5:0.0683	 hit@10: 0.1143
source best!
.............
source: 	 mrr: 0.038987	 ndcg_5: 0.0284	 ndcg_10: 0.0418	 hit@1:0.010736	 hit@5:0.0460	 hit@10: 0.0882
epoch 38: train_loss = 1.600439, source_mrr = 0.038987, source_hit@10 = 0.0882, source_ndcg@10 = 0.0418, target_mrr = 0.052184, target_hit@10 = 0.1143, target_ndcg@10 = 0.0578

2024-08-14 23:05:19.782199: step 5928/12160 (epoch 39/80), loss = 1.598449 (43.844 sec/epoch), lr: 0.001951
Evaluating on dev set...
...........................
source: 	 mrr: 0.037233	 ndcg_5: 0.0258	 ndcg_10: 0.0353	 hit@1:0.010862	 hit@5:0.0391	 hit@10: 0.0688
target: 	 mrr: 0.047975	 ndcg_5: 0.0388	 ndcg_10: 0.0531	 hit@1:0.012544	 hit@5:0.0655	 hit@10: 0.1094
epoch 39: train_loss = 1.598449, source_mrr = 0.037233, source_hit@10 = 0.0688, source_ndcg@10 = 0.0353, target_mrr = 0.047975, target_hit@10 = 0.1094, target_ndcg@10 = 0.0531

2024-08-14 23:06:04.757644: step 6080/12160 (epoch 40/80), loss = 1.596415 (44.334 sec/epoch), lr: 0.001853
Evaluating on dev set...
...........................
source: 	 mrr: 0.035234	 ndcg_5: 0.0253	 ndcg_10: 0.0335	 hit@1:0.013758	 hit@5:0.0369	 hit@10: 0.0623
target: 	 mrr: 0.056299	 ndcg_5: 0.0483	 ndcg_10: 0.0638	 hit@1:0.018118	 hit@5:0.0780	 hit@10: 0.1261
epoch 40: train_loss = 1.596415, source_mrr = 0.035234, source_hit@10 = 0.0623, source_ndcg@10 = 0.0335, target_mrr = 0.056299, target_hit@10 = 0.1261, target_ndcg@10 = 0.0638
shift to transfer learning mode

2024-08-14 23:06:49.646669: step 6232/12160 (epoch 41/80), loss = 1.615557 (44.223 sec/epoch), lr: 0.001853
Evaluating on dev set...
...........................
source: 	 mrr: 0.036368	 ndcg_5: 0.0251	 ndcg_10: 0.0349	 hit@1:0.013034	 hit@5:0.0369	 hit@10: 0.0673
target: 	 mrr: 0.052196	 ndcg_5: 0.0420	 ndcg_10: 0.0551	 hit@1:0.020209	 hit@5:0.0634	 hit@10: 0.1045
epoch 41: train_loss = 1.615557, source_mrr = 0.036368, source_hit@10 = 0.0673, source_ndcg@10 = 0.0349, target_mrr = 0.052196, target_hit@10 = 0.1045, target_ndcg@10 = 0.0551

2024-08-14 23:07:34.254019: step 6384/12160 (epoch 42/80), loss = 1.612349 (43.948 sec/epoch), lr: 0.001761
Evaluating on dev set...
...........................
source: 	 mrr: 0.039661	 ndcg_5: 0.0296	 ndcg_10: 0.0397	 hit@1:0.012310	 hit@5:0.0471	 hit@10: 0.0789
target: 	 mrr: 0.056300	 ndcg_5: 0.0465	 ndcg_10: 0.0597	 hit@1:0.022300	 hit@5:0.0704	 hit@10: 0.1115
epoch 42: train_loss = 1.612349, source_mrr = 0.039661, source_hit@10 = 0.0789, source_ndcg@10 = 0.0397, target_mrr = 0.056300, target_hit@10 = 0.1115, target_ndcg@10 = 0.0597

2024-08-14 23:08:19.054765: step 6536/12160 (epoch 43/80), loss = 1.607780 (44.130 sec/epoch), lr: 0.001761
Evaluating on dev set...
...........................
source: 	 mrr: 0.032761	 ndcg_5: 0.0225	 ndcg_10: 0.0302	 hit@1:0.010862	 hit@5:0.0340	 hit@10: 0.0579
target: 	 mrr: 0.055589	 ndcg_5: 0.0479	 ndcg_10: 0.0602	 hit@1:0.019512	 hit@5:0.0760	 hit@10: 0.1143
epoch 43: train_loss = 1.607780, source_mrr = 0.032761, source_hit@10 = 0.0579, source_ndcg@10 = 0.0302, target_mrr = 0.055589, target_hit@10 = 0.1143, target_ndcg@10 = 0.0602

2024-08-14 23:09:03.336879: step 6688/12160 (epoch 44/80), loss = 1.604759 (43.636 sec/epoch), lr: 0.001672
Evaluating on dev set...
...........................
source: 	 mrr: 0.027386	 ndcg_5: 0.0190	 ndcg_10: 0.0257	 hit@1:0.005793	 hit@5:0.0333	 hit@10: 0.0543
target: 	 mrr: 0.050426	 ndcg_5: 0.0414	 ndcg_10: 0.0557	 hit@1:0.017422	 hit@5:0.0669	 hit@10: 0.1108
epoch 44: train_loss = 1.604759, source_mrr = 0.027386, source_hit@10 = 0.0543, source_ndcg@10 = 0.0257, target_mrr = 0.050426, target_hit@10 = 0.1108, target_ndcg@10 = 0.0557

2024-08-14 23:09:48.404704: step 6840/12160 (epoch 45/80), loss = 1.601661 (44.332 sec/epoch), lr: 0.001589
Evaluating on dev set...
...........................
source: 	 mrr: 0.037326	 ndcg_5: 0.0289	 ndcg_10: 0.0382	 hit@1:0.011586	 hit@5:0.0478	 hit@10: 0.0768
target: 	 mrr: 0.055508	 ndcg_5: 0.0473	 ndcg_10: 0.0591	 hit@1:0.020209	 hit@5:0.0732	 hit@10: 0.1101
epoch 45: train_loss = 1.601661, source_mrr = 0.037326, source_hit@10 = 0.0768, source_ndcg@10 = 0.0382, target_mrr = 0.055508, target_hit@10 = 0.1101, target_ndcg@10 = 0.0591

2024-08-14 23:10:33.168790: step 6992/12160 (epoch 46/80), loss = 1.599110 (44.075 sec/epoch), lr: 0.001589
Evaluating on dev set...
...........................
source: 	 mrr: 0.034483	 ndcg_5: 0.0254	 ndcg_10: 0.0349	 hit@1:0.009413	 hit@5:0.0420	 hit@10: 0.0717
target: 	 mrr: 0.052903	 ndcg_5: 0.0423	 ndcg_10: 0.0579	 hit@1:0.019512	 hit@5:0.0648	 hit@10: 0.1136
epoch 46: train_loss = 1.599110, source_mrr = 0.034483, source_hit@10 = 0.0717, source_ndcg@10 = 0.0349, target_mrr = 0.052903, target_hit@10 = 0.1136, target_ndcg@10 = 0.0579

2024-08-14 23:11:16.644539: step 7144/12160 (epoch 47/80), loss = 1.598769 (42.851 sec/epoch), lr: 0.001509
Evaluating on dev set...
...........................
source: 	 mrr: 0.036863	 ndcg_5: 0.0258	 ndcg_10: 0.0374	 hit@1:0.009413	 hit@5:0.0413	 hit@10: 0.0775
target: 	 mrr: 0.056438	 ndcg_5: 0.0480	 ndcg_10: 0.0631	 hit@1:0.018815	 hit@5:0.0753	 hit@10: 0.1233
epoch 47: train_loss = 1.598769, source_mrr = 0.036863, source_hit@10 = 0.0775, source_ndcg@10 = 0.0374, target_mrr = 0.056438, target_hit@10 = 0.1233, target_ndcg@10 = 0.0631

2024-08-14 23:11:58.806811: step 7296/12160 (epoch 48/80), loss = 1.596769 (41.532 sec/epoch), lr: 0.001509
Evaluating on dev set...
...........................
source: 	 mrr: 0.035601	 ndcg_5: 0.0233	 ndcg_10: 0.0343	 hit@1:0.010138	 hit@5:0.0377	 hit@10: 0.0717
target: 	 mrr: 0.054240	 ndcg_5: 0.0467	 ndcg_10: 0.0570	 hit@1:0.020209	 hit@5:0.0718	 hit@10: 0.1038
epoch 48: train_loss = 1.596769, source_mrr = 0.035601, source_hit@10 = 0.0717, source_ndcg@10 = 0.0343, target_mrr = 0.054240, target_hit@10 = 0.1038, target_ndcg@10 = 0.0570

2024-08-14 23:12:40.797022: step 7448/12160 (epoch 49/80), loss = 1.589596 (41.419 sec/epoch), lr: 0.001434
Evaluating on dev set...
...........................
source: 	 mrr: 0.038097	 ndcg_5: 0.0294	 ndcg_10: 0.0399	 hit@1:0.010862	 hit@5:0.0485	 hit@10: 0.0811
target: 	 mrr: 0.049697	 ndcg_5: 0.0398	 ndcg_10: 0.0549	 hit@1:0.016725	 hit@5:0.0627	 hit@10: 0.1094
epoch 49: train_loss = 1.589596, source_mrr = 0.038097, source_hit@10 = 0.0811, source_ndcg@10 = 0.0399, target_mrr = 0.049697, target_hit@10 = 0.1094, target_ndcg@10 = 0.0549

2024-08-14 23:13:21.925878: step 7600/12160 (epoch 50/80), loss = 1.586983 (40.547 sec/epoch), lr: 0.001362
Evaluating on dev set...
...........................
source: 	 mrr: 0.039147	 ndcg_5: 0.0316	 ndcg_10: 0.0402	 hit@1:0.011586	 hit@5:0.0521	 hit@10: 0.0789
target: 	 mrr: 0.049498	 ndcg_5: 0.0403	 ndcg_10: 0.0560	 hit@1:0.016028	 hit@5:0.0676	 hit@10: 0.1164
epoch 50: train_loss = 1.586983, source_mrr = 0.039147, source_hit@10 = 0.0789, source_ndcg@10 = 0.0402, target_mrr = 0.049498, target_hit@10 = 0.1164, target_ndcg@10 = 0.0560

2024-08-14 23:14:03.464782: step 7752/12160 (epoch 51/80), loss = 1.584954 (40.843 sec/epoch), lr: 0.001362
Evaluating on dev set...
...........................
source: 	 mrr: 0.036466	 ndcg_5: 0.0270	 ndcg_10: 0.0364	 hit@1:0.010138	 hit@5:0.0449	 hit@10: 0.0739
target: 	 mrr: 0.051411	 ndcg_5: 0.0420	 ndcg_10: 0.0542	 hit@1:0.019512	 hit@5:0.0655	 hit@10: 0.1038
epoch 51: train_loss = 1.584954, source_mrr = 0.036466, source_hit@10 = 0.0739, source_ndcg@10 = 0.0364, target_mrr = 0.051411, target_hit@10 = 0.1038, target_ndcg@10 = 0.0542

2024-08-14 23:14:45.004080: step 7904/12160 (epoch 52/80), loss = 1.580992 (40.904 sec/epoch), lr: 0.001294
Evaluating on dev set...
...........................
source: 	 mrr: 0.035168	 ndcg_5: 0.0251	 ndcg_10: 0.0365	 hit@1:0.008689	 hit@5:0.0413	 hit@10: 0.0768
target: 	 mrr: 0.058186	 ndcg_5: 0.0479	 ndcg_10: 0.0600	 hit@1:0.025087	 hit@5:0.0697	 hit@10: 0.1073
epoch 52: train_loss = 1.580992, source_mrr = 0.035168, source_hit@10 = 0.0768, source_ndcg@10 = 0.0365, target_mrr = 0.058186, target_hit@10 = 0.1073, target_ndcg@10 = 0.0600

2024-08-14 23:15:26.484994: step 8056/12160 (epoch 53/80), loss = 1.579013 (40.900 sec/epoch), lr: 0.001294
Evaluating on dev set...
...........................
source: 	 mrr: 0.040239	 ndcg_5: 0.0303	 ndcg_10: 0.0418	 hit@1:0.011586	 hit@5:0.0485	 hit@10: 0.0840
target: 	 mrr: 0.050896	 ndcg_5: 0.0400	 ndcg_10: 0.0549	 hit@1:0.018815	 hit@5:0.0613	 hit@10: 0.1080
epoch 53: train_loss = 1.579013, source_mrr = 0.040239, source_hit@10 = 0.0840, source_ndcg@10 = 0.0418, target_mrr = 0.050896, target_hit@10 = 0.1080, target_ndcg@10 = 0.0549

2024-08-14 23:16:08.383548: step 8208/12160 (epoch 54/80), loss = 1.570663 (41.307 sec/epoch), lr: 0.001229
Evaluating on dev set...
...........................
source: 	 mrr: 0.038657	 ndcg_5: 0.0285	 ndcg_10: 0.0403	 hit@1:0.010138	 hit@5:0.0471	 hit@10: 0.0847
target: 	 mrr: 0.050707	 ndcg_5: 0.0413	 ndcg_10: 0.0546	 hit@1:0.018118	 hit@5:0.0641	 hit@10: 0.1059
epoch 54: train_loss = 1.570663, source_mrr = 0.038657, source_hit@10 = 0.0847, source_ndcg@10 = 0.0403, target_mrr = 0.050707, target_hit@10 = 0.1059, target_ndcg@10 = 0.0546

2024-08-14 23:16:51.204124: step 8360/12160 (epoch 55/80), loss = 1.570740 (42.200 sec/epoch), lr: 0.001168
Evaluating on dev set...
...........................
source: 	 mrr: 0.032544	 ndcg_5: 0.0228	 ndcg_10: 0.0332	 hit@1:0.008689	 hit@5:0.0377	 hit@10: 0.0695
target: 	 mrr: 0.048983	 ndcg_5: 0.0387	 ndcg_10: 0.0521	 hit@1:0.017422	 hit@5:0.0606	 hit@10: 0.1024
epoch 55: train_loss = 1.570740, source_mrr = 0.032544, source_hit@10 = 0.0695, source_ndcg@10 = 0.0332, target_mrr = 0.048983, target_hit@10 = 0.1024, target_ndcg@10 = 0.0521

2024-08-14 23:17:35.740545: step 8512/12160 (epoch 56/80), loss = 1.564110 (43.936 sec/epoch), lr: 0.001110
Evaluating on dev set...
...........................
source: 	 mrr: 0.031730	 ndcg_5: 0.0241	 ndcg_10: 0.0326	 hit@1:0.007965	 hit@5:0.0406	 hit@10: 0.0666
target: 	 mrr: 0.051679	 ndcg_5: 0.0430	 ndcg_10: 0.0589	 hit@1:0.014634	 hit@5:0.0704	 hit@10: 0.1199
epoch 56: train_loss = 1.564110, source_mrr = 0.031730, source_hit@10 = 0.0666, source_ndcg@10 = 0.0326, target_mrr = 0.051679, target_hit@10 = 0.1199, target_ndcg@10 = 0.0589

2024-08-14 23:18:21.259895: step 8664/12160 (epoch 57/80), loss = 1.558339 (44.858 sec/epoch), lr: 0.001110
Evaluating on dev set...
...........................
source: 	 mrr: 0.039544	 ndcg_5: 0.0297	 ndcg_10: 0.0395	 hit@1:0.010138	 hit@5:0.0492	 hit@10: 0.0789
target: 	 mrr: 0.048274	 ndcg_5: 0.0375	 ndcg_10: 0.0521	 hit@1:0.015331	 hit@5:0.0592	 hit@10: 0.1045
epoch 57: train_loss = 1.558339, source_mrr = 0.039544, source_hit@10 = 0.0789, source_ndcg@10 = 0.0395, target_mrr = 0.048274, target_hit@10 = 0.1045, target_ndcg@10 = 0.0521

2024-08-14 23:19:06.942433: step 8816/12160 (epoch 58/80), loss = 1.562343 (45.029 sec/epoch), lr: 0.001110
Evaluating on dev set...
...........................
source: 	 mrr: 0.041998	 ndcg_5: 0.0307	 ndcg_10: 0.0427	 hit@1:0.014482	 hit@5:0.0478	 hit@10: 0.0854
target: 	 mrr: 0.053845	 ndcg_5: 0.0443	 ndcg_10: 0.0544	 hit@1:0.025087	 hit@5:0.0627	 hit@10: 0.0948
epoch 58: train_loss = 1.562343, source_mrr = 0.041998, source_hit@10 = 0.0854, source_ndcg@10 = 0.0427, target_mrr = 0.053845, target_hit@10 = 0.0948, target_ndcg@10 = 0.0544

2024-08-14 23:19:51.999646: step 8968/12160 (epoch 59/80), loss = 1.558758 (44.446 sec/epoch), lr: 0.001110
Evaluating on dev set...
...........................
source: 	 mrr: 0.037662	 ndcg_5: 0.0281	 ndcg_10: 0.0390	 hit@1:0.010138	 hit@5:0.0471	 hit@10: 0.0804
target: 	 mrr: 0.052697	 ndcg_5: 0.0423	 ndcg_10: 0.0578	 hit@1:0.021603	 hit@5:0.0648	 hit@10: 0.1136
epoch 59: train_loss = 1.558758, source_mrr = 0.037662, source_hit@10 = 0.0804, source_ndcg@10 = 0.0390, target_mrr = 0.052697, target_hit@10 = 0.1136, target_ndcg@10 = 0.0578

2024-08-14 23:20:37.555682: step 9120/12160 (epoch 60/80), loss = 1.556883 (44.905 sec/epoch), lr: 0.001054
Evaluating on dev set...
...........................
source: 	 mrr: 0.045458	 ndcg_5: 0.0377	 ndcg_10: 0.0460	 hit@1:0.016655	 hit@5:0.0601	 hit@10: 0.0862
target: 	 mrr: 0.058278	 ndcg_5: 0.0492	 ndcg_10: 0.0636	 hit@1:0.025784	 hit@5:0.0739	 hit@10: 0.1185
source best!
.............
source: 	 mrr: 0.042514	 ndcg_5: 0.0331	 ndcg_10: 0.0433	 hit@1:0.013804	 hit@5:0.0521	 hit@10: 0.0836
epoch 60: train_loss = 1.556883, source_mrr = 0.042514, source_hit@10 = 0.0836, source_ndcg@10 = 0.0433, target_mrr = 0.058278, target_hit@10 = 0.1185, target_ndcg@10 = 0.0636

2024-08-14 23:21:23.608496: step 9272/12160 (epoch 61/80), loss = 1.551313 (45.043 sec/epoch), lr: 0.001054
Evaluating on dev set...
...........................
source: 	 mrr: 0.033094	 ndcg_5: 0.0243	 ndcg_10: 0.0340	 hit@1:0.007965	 hit@5:0.0398	 hit@10: 0.0702
target: 	 mrr: 0.043317	 ndcg_5: 0.0353	 ndcg_10: 0.0485	 hit@1:0.011847	 hit@5:0.0592	 hit@10: 0.1003
epoch 61: train_loss = 1.551313, source_mrr = 0.033094, source_hit@10 = 0.0702, source_ndcg@10 = 0.0340, target_mrr = 0.043317, target_hit@10 = 0.1003, target_ndcg@10 = 0.0485

2024-08-14 23:22:09.635858: step 9424/12160 (epoch 62/80), loss = 1.550997 (45.416 sec/epoch), lr: 0.001001
Evaluating on dev set...
...........................
source: 	 mrr: 0.033315	 ndcg_5: 0.0231	 ndcg_10: 0.0329	 hit@1:0.007965	 hit@5:0.0377	 hit@10: 0.0681
target: 	 mrr: 0.040926	 ndcg_5: 0.0304	 ndcg_10: 0.0439	 hit@1:0.012544	 hit@5:0.0495	 hit@10: 0.0913
epoch 62: train_loss = 1.550997, source_mrr = 0.033315, source_hit@10 = 0.0681, source_ndcg@10 = 0.0329, target_mrr = 0.040926, target_hit@10 = 0.0913, target_ndcg@10 = 0.0439

2024-08-14 23:22:55.688237: step 9576/12160 (epoch 63/80), loss = 1.546204 (45.404 sec/epoch), lr: 0.000951
Evaluating on dev set...
...........................
source: 	 mrr: 0.036060	 ndcg_5: 0.0262	 ndcg_10: 0.0369	 hit@1:0.009413	 hit@5:0.0427	 hit@10: 0.0768
target: 	 mrr: 0.056889	 ndcg_5: 0.0477	 ndcg_10: 0.0602	 hit@1:0.023693	 hit@5:0.0718	 hit@10: 0.1108
epoch 63: train_loss = 1.546204, source_mrr = 0.036060, source_hit@10 = 0.0768, source_ndcg@10 = 0.0369, target_mrr = 0.056889, target_hit@10 = 0.1108, target_ndcg@10 = 0.0602

2024-08-14 23:23:41.066516: step 9728/12160 (epoch 64/80), loss = 1.546923 (44.728 sec/epoch), lr: 0.000951
Evaluating on dev set...
...........................
source: 	 mrr: 0.033716	 ndcg_5: 0.0220	 ndcg_10: 0.0340	 hit@1:0.008689	 hit@5:0.0362	 hit@10: 0.0746
target: 	 mrr: 0.045628	 ndcg_5: 0.0341	 ndcg_10: 0.0506	 hit@1:0.013937	 hit@5:0.0544	 hit@10: 0.1052
epoch 64: train_loss = 1.546923, source_mrr = 0.033716, source_hit@10 = 0.0746, source_ndcg@10 = 0.0340, target_mrr = 0.045628, target_hit@10 = 0.1052, target_ndcg@10 = 0.0506

2024-08-14 23:24:25.812890: step 9880/12160 (epoch 65/80), loss = 1.542809 (44.121 sec/epoch), lr: 0.000904
Evaluating on dev set...
...........................
source: 	 mrr: 0.040230	 ndcg_5: 0.0330	 ndcg_10: 0.0416	 hit@1:0.013758	 hit@5:0.0521	 hit@10: 0.0789
target: 	 mrr: 0.053565	 ndcg_5: 0.0464	 ndcg_10: 0.0595	 hit@1:0.019512	 hit@5:0.0732	 hit@10: 0.1143
epoch 65: train_loss = 1.542809, source_mrr = 0.040230, source_hit@10 = 0.0789, source_ndcg@10 = 0.0416, target_mrr = 0.053565, target_hit@10 = 0.1143, target_ndcg@10 = 0.0595

2024-08-14 23:25:11.308163: step 10032/12160 (epoch 66/80), loss = 1.536771 (44.863 sec/epoch), lr: 0.000904
Evaluating on dev set...
...........................
source: 	 mrr: 0.039986	 ndcg_5: 0.0314	 ndcg_10: 0.0414	 hit@1:0.015206	 hit@5:0.0463	 hit@10: 0.0782
target: 	 mrr: 0.050105	 ndcg_5: 0.0387	 ndcg_10: 0.0547	 hit@1:0.016028	 hit@5:0.0599	 hit@10: 0.1101
epoch 66: train_loss = 1.536771, source_mrr = 0.039986, source_hit@10 = 0.0782, source_ndcg@10 = 0.0414, target_mrr = 0.050105, target_hit@10 = 0.1101, target_ndcg@10 = 0.0547

2024-08-14 23:25:56.717848: step 10184/12160 (epoch 67/80), loss = 1.535006 (44.727 sec/epoch), lr: 0.000859
Evaluating on dev set...
...........................
source: 	 mrr: 0.043756	 ndcg_5: 0.0360	 ndcg_10: 0.0442	 hit@1:0.015930	 hit@5:0.0565	 hit@10: 0.0825
target: 	 mrr: 0.054858	 ndcg_5: 0.0469	 ndcg_10: 0.0616	 hit@1:0.018118	 hit@5:0.0746	 hit@10: 0.1206
epoch 67: train_loss = 1.535006, source_mrr = 0.043756, source_hit@10 = 0.0825, source_ndcg@10 = 0.0442, target_mrr = 0.054858, target_hit@10 = 0.1206, target_ndcg@10 = 0.0616

2024-08-14 23:26:42.195955: step 10336/12160 (epoch 68/80), loss = 1.528888 (44.817 sec/epoch), lr: 0.000859
Evaluating on dev set...
...........................
source: 	 mrr: 0.030506	 ndcg_5: 0.0216	 ndcg_10: 0.0291	 hit@1:0.009413	 hit@5:0.0340	 hit@10: 0.0572
target: 	 mrr: 0.049217	 ndcg_5: 0.0408	 ndcg_10: 0.0529	 hit@1:0.014634	 hit@5:0.0662	 hit@10: 0.1038
epoch 68: train_loss = 1.528888, source_mrr = 0.030506, source_hit@10 = 0.0572, source_ndcg@10 = 0.0291, target_mrr = 0.049217, target_hit@10 = 0.1038, target_ndcg@10 = 0.0529

2024-08-14 23:27:27.489999: step 10488/12160 (epoch 69/80), loss = 1.525881 (44.625 sec/epoch), lr: 0.000816
Evaluating on dev set...
...........................
source: 	 mrr: 0.030713	 ndcg_5: 0.0226	 ndcg_10: 0.0299	 hit@1:0.009413	 hit@5:0.0362	 hit@10: 0.0594
target: 	 mrr: 0.049200	 ndcg_5: 0.0388	 ndcg_10: 0.0522	 hit@1:0.018118	 hit@5:0.0592	 hit@10: 0.1003
epoch 69: train_loss = 1.525881, source_mrr = 0.030713, source_hit@10 = 0.0594, source_ndcg@10 = 0.0299, target_mrr = 0.049200, target_hit@10 = 0.1003, target_ndcg@10 = 0.0522

2024-08-14 23:28:12.996246: step 10640/12160 (epoch 70/80), loss = 1.528275 (44.883 sec/epoch), lr: 0.000816
Evaluating on dev set...
...........................
source: 	 mrr: 0.031226	 ndcg_5: 0.0211	 ndcg_10: 0.0287	 hit@1:0.010138	 hit@5:0.0319	 hit@10: 0.0550
target: 	 mrr: 0.055246	 ndcg_5: 0.0482	 ndcg_10: 0.0596	 hit@1:0.020209	 hit@5:0.0760	 hit@10: 0.1115
epoch 70: train_loss = 1.528275, source_mrr = 0.031226, source_hit@10 = 0.0550, source_ndcg@10 = 0.0287, target_mrr = 0.055246, target_hit@10 = 0.1115, target_ndcg@10 = 0.0596

2024-08-14 23:28:58.373228: step 10792/12160 (epoch 71/80), loss = 1.522848 (44.698 sec/epoch), lr: 0.000816
Evaluating on dev set...
...........................
source: 	 mrr: 0.032673	 ndcg_5: 0.0247	 ndcg_10: 0.0311	 hit@1:0.010138	 hit@5:0.0384	 hit@10: 0.0587
target: 	 mrr: 0.051510	 ndcg_5: 0.0420	 ndcg_10: 0.0569	 hit@1:0.021603	 hit@5:0.0634	 hit@10: 0.1101
epoch 71: train_loss = 1.522848, source_mrr = 0.032673, source_hit@10 = 0.0587, source_ndcg@10 = 0.0311, target_mrr = 0.051510, target_hit@10 = 0.1101, target_ndcg@10 = 0.0569

2024-08-14 23:29:43.991279: step 10944/12160 (epoch 72/80), loss = 1.518141 (44.949 sec/epoch), lr: 0.000775
Evaluating on dev set...
...........................
source: 	 mrr: 0.040815	 ndcg_5: 0.0293	 ndcg_10: 0.0398	 hit@1:0.015206	 hit@5:0.0427	 hit@10: 0.0760
target: 	 mrr: 0.053568	 ndcg_5: 0.0443	 ndcg_10: 0.0567	 hit@1:0.016725	 hit@5:0.0697	 hit@10: 0.1087
epoch 72: train_loss = 1.518141, source_mrr = 0.040815, source_hit@10 = 0.0760, source_ndcg@10 = 0.0398, target_mrr = 0.053568, target_hit@10 = 0.1087, target_ndcg@10 = 0.0567

2024-08-14 23:30:29.250583: step 11096/12160 (epoch 73/80), loss = 1.518949 (44.620 sec/epoch), lr: 0.000775
Evaluating on dev set...
...........................
source: 	 mrr: 0.039901	 ndcg_5: 0.0296	 ndcg_10: 0.0400	 hit@1:0.013758	 hit@5:0.0471	 hit@10: 0.0789
target: 	 mrr: 0.052860	 ndcg_5: 0.0436	 ndcg_10: 0.0575	 hit@1:0.018815	 hit@5:0.0683	 hit@10: 0.1115
epoch 73: train_loss = 1.518949, source_mrr = 0.039901, source_hit@10 = 0.0789, source_ndcg@10 = 0.0400, target_mrr = 0.052860, target_hit@10 = 0.1115, target_ndcg@10 = 0.0575

2024-08-14 23:31:15.155845: step 11248/12160 (epoch 74/80), loss = 1.518532 (45.292 sec/epoch), lr: 0.000736
Evaluating on dev set...
...........................
source: 	 mrr: 0.033596	 ndcg_5: 0.0252	 ndcg_10: 0.0321	 hit@1:0.011586	 hit@5:0.0398	 hit@10: 0.0615
target: 	 mrr: 0.043890	 ndcg_5: 0.0335	 ndcg_10: 0.0449	 hit@1:0.014634	 hit@5:0.0530	 hit@10: 0.0878
epoch 74: train_loss = 1.518532, source_mrr = 0.033596, source_hit@10 = 0.0615, source_ndcg@10 = 0.0321, target_mrr = 0.043890, target_hit@10 = 0.0878, target_ndcg@10 = 0.0449

2024-08-14 23:32:01.241565: step 11400/12160 (epoch 75/80), loss = 1.515818 (45.442 sec/epoch), lr: 0.000699
Evaluating on dev set...
...........................
source: 	 mrr: 0.039080	 ndcg_5: 0.0284	 ndcg_10: 0.0387	 hit@1:0.012310	 hit@5:0.0434	 hit@10: 0.0760
target: 	 mrr: 0.048672	 ndcg_5: 0.0388	 ndcg_10: 0.0533	 hit@1:0.016725	 hit@5:0.0627	 hit@10: 0.1080
epoch 75: train_loss = 1.515818, source_mrr = 0.039080, source_hit@10 = 0.0760, source_ndcg@10 = 0.0387, target_mrr = 0.048672, target_hit@10 = 0.1080, target_ndcg@10 = 0.0533

2024-08-14 23:32:47.025153: step 11552/12160 (epoch 76/80), loss = 1.515258 (45.079 sec/epoch), lr: 0.000699
Evaluating on dev set...
...........................
source: 	 mrr: 0.040249	 ndcg_5: 0.0316	 ndcg_10: 0.0388	 hit@1:0.013758	 hit@5:0.0485	 hit@10: 0.0710
target: 	 mrr: 0.053285	 ndcg_5: 0.0456	 ndcg_10: 0.0595	 hit@1:0.016725	 hit@5:0.0746	 hit@10: 0.1185
epoch 76: train_loss = 1.515258, source_mrr = 0.040249, source_hit@10 = 0.0710, source_ndcg@10 = 0.0388, target_mrr = 0.053285, target_hit@10 = 0.1185, target_ndcg@10 = 0.0595

2024-08-14 23:33:32.292101: step 11704/12160 (epoch 77/80), loss = 1.514824 (44.491 sec/epoch), lr: 0.000699
Evaluating on dev set...
...........................
source: 	 mrr: 0.037496	 ndcg_5: 0.0302	 ndcg_10: 0.0358	 hit@1:0.015206	 hit@5:0.0456	 hit@10: 0.0630
target: 	 mrr: 0.057260	 ndcg_5: 0.0474	 ndcg_10: 0.0597	 hit@1:0.025087	 hit@5:0.0697	 hit@10: 0.1080
epoch 77: train_loss = 1.514824, source_mrr = 0.037496, source_hit@10 = 0.0630, source_ndcg@10 = 0.0358, target_mrr = 0.057260, target_hit@10 = 0.1080, target_ndcg@10 = 0.0597

2024-08-14 23:34:17.625550: step 11856/12160 (epoch 78/80), loss = 1.510386 (44.737 sec/epoch), lr: 0.000699
Evaluating on dev set...
...........................
source: 	 mrr: 0.036970	 ndcg_5: 0.0289	 ndcg_10: 0.0358	 hit@1:0.012310	 hit@5:0.0449	 hit@10: 0.0666
target: 	 mrr: 0.053415	 ndcg_5: 0.0437	 ndcg_10: 0.0590	 hit@1:0.019512	 hit@5:0.0683	 hit@10: 0.1164
epoch 78: train_loss = 1.510386, source_mrr = 0.036970, source_hit@10 = 0.0666, source_ndcg@10 = 0.0358, target_mrr = 0.053415, target_hit@10 = 0.1164, target_ndcg@10 = 0.0590

2024-08-14 23:35:03.729363: step 12008/12160 (epoch 79/80), loss = 1.510488 (45.464 sec/epoch), lr: 0.000664
Evaluating on dev set...
...........................
source: 	 mrr: 0.041263	 ndcg_5: 0.0325	 ndcg_10: 0.0409	 hit@1:0.015930	 hit@5:0.0478	 hit@10: 0.0739
target: 	 mrr: 0.055836	 ndcg_5: 0.0455	 ndcg_10: 0.0617	 hit@1:0.020906	 hit@5:0.0704	 hit@10: 0.1213
epoch 79: train_loss = 1.510488, source_mrr = 0.041263, source_hit@10 = 0.0739, source_ndcg@10 = 0.0409, target_mrr = 0.055836, target_hit@10 = 0.1213, target_ndcg@10 = 0.0617

2024-08-14 23:35:49.126961: step 12160/12160 (epoch 80/80), loss = 1.506396 (44.694 sec/epoch), lr: 0.000664
Evaluating on dev set...
...........................
source: 	 mrr: 0.029955	 ndcg_5: 0.0201	 ndcg_10: 0.0277	 hit@1:0.008689	 hit@5:0.0319	 hit@10: 0.0558
target: 	 mrr: 0.052845	 ndcg_5: 0.0414	 ndcg_10: 0.0568	 hit@1:0.018118	 hit@5:0.0648	 hit@10: 0.1122
epoch 80: train_loss = 1.506396, source_mrr = 0.029955, source_hit@10 = 0.0558, source_ndcg@10 = 0.0277, target_mrr = 0.052845, target_hit@10 = 0.1122, target_ndcg@10 = 0.0568

source best:  source_mrr = 0.045458, source_hit@10 = 0.0862, source_ndcg@10 = 0.0460
target best:  target_mrr = 0.056299, target_hit@10 = 0.1261, target_ndcg@10 = 0.0638
