using gpu:3 to train the model
using gpu:3 to train the model
cuda:3
Namespace(A_split=False, JK='sum', a_fold=100, aggregate=False, alpha=0.6, batch_size=2048, beta_inter=0.2, conv_layers=4, cuda=True, decay_epoch=10, device=device(type='cuda', index=3), device_id='3', domains='game_video', dropout=0.4, epoch=80, feature_dim=126, gamma_intra=0.8, hidden_dim=126, inter_tau=0.2, intra_tau=0.4, lambda_critic=0.1, leakey=0.05, load=False, log='logs.txt', log_epoch=1, lr=0.004, lr_decay=0.95, min_epoch=60, mode='train', model_file=None, model_name='gv', momentum=0.98, num_latent_factors=3, num_negative=100, optim='adam', patience=20, proj_layers=1, projection=1, rectify_epoch=40, residual=1, save=False, save_dir='./saved_models', seed=32, similarity_tau=0.2, step=2, test_sample_number=999, user_batch_size=256, weight_decay=0.0002)
number_user 25025
number_item 12319
real graph loaded!
number_user 19457
number_item 8751
real graph loaded!
graph loaded!
Loading data from game_video with batch size 2048...
unseen test: 0
test length: 1381
unseen test: 0
test length: 1304
unseen test: 0
test length: 1435
unseen test: 0
test length: 1458
source_user_num 25025
target_user_num 19457
source_item_num 12319
target_item_num 8751
shared users id: 1737
test users 226, 217
unseen test: 0
dev length: 1000
unseen test: 0
dev length: 1000
source train data : 155036, target train data: 156091, source test data : 1304, target test data : 1458, source dev data : 1000, target dev data : 1000
2024-08-15 01:08:56.323680: step 152/12160 (epoch 1/80), loss = 2.327027 (45.855 sec/epoch), lr: 0.004000
Evaluating on dev set...
...........................
source: 	 mrr: 0.025266	 ndcg_5: 0.0150	 ndcg_10: 0.0195	 hit@1:0.009413	 hit@5:0.0203	 hit@10: 0.0348
target: 	 mrr: 0.028527	 ndcg_5: 0.0203	 ndcg_10: 0.0287	 hit@1:0.008362	 hit@5:0.0321	 hit@10: 0.0585
source best!
.............
source: 	 mrr: 0.024753	 ndcg_5: 0.0163	 ndcg_10: 0.0217	 hit@1:0.005368	 hit@5:0.0261	 hit@10: 0.0429
target best!
..............target: 	 mrr: 0.031657	 ndcg_5: 0.0242	 ndcg_10: 0.0293	 hit@1:0.012346	 hit@5:0.0357	 hit@10: 0.0521
epoch 1: train_loss = 2.327027, source_mrr = 0.024753, source_hit@10 = 0.0429, source_ndcg@10 = 0.0217, target_mrr = 0.031657, target_hit@10 = 0.0521, target_ndcg@10 = 0.0293

2024-08-15 01:09:43.322144: step 304/12160 (epoch 2/80), loss = 1.955929 (45.614 sec/epoch), lr: 0.004000
Evaluating on dev set...
...........................
source: 	 mrr: 0.031718	 ndcg_5: 0.0210	 ndcg_10: 0.0311	 hit@1:0.005793	 hit@5:0.0369	 hit@10: 0.0681
target: 	 mrr: 0.027306	 ndcg_5: 0.0182	 ndcg_10: 0.0250	 hit@1:0.009756	 hit@5:0.0272	 hit@10: 0.0481
source best!
.............
source: 	 mrr: 0.031959	 ndcg_5: 0.0213	 ndcg_10: 0.0316	 hit@1:0.006902	 hit@5:0.0368	 hit@10: 0.0690
epoch 2: train_loss = 1.955929, source_mrr = 0.031959, source_hit@10 = 0.0690, source_ndcg@10 = 0.0316, target_mrr = 0.027306, target_hit@10 = 0.0481, target_ndcg@10 = 0.0250

2024-08-15 01:10:29.489726: step 456/12160 (epoch 3/80), loss = 1.898069 (45.267 sec/epoch), lr: 0.004000
Evaluating on dev set...
...........................
source: 	 mrr: 0.034556	 ndcg_5: 0.0211	 ndcg_10: 0.0336	 hit@1:0.007965	 hit@5:0.0355	 hit@10: 0.0746
target: 	 mrr: 0.035078	 ndcg_5: 0.0250	 ndcg_10: 0.0332	 hit@1:0.012544	 hit@5:0.0376	 hit@10: 0.0634
source best!
.............
source: 	 mrr: 0.034894	 ndcg_5: 0.0226	 ndcg_10: 0.0355	 hit@1:0.006135	 hit@5:0.0391	 hit@10: 0.0798
target best!
..............target: 	 mrr: 0.038126	 ndcg_5: 0.0298	 ndcg_10: 0.0373	 hit@1:0.013717	 hit@5:0.0453	 hit@10: 0.0686
epoch 3: train_loss = 1.898069, source_mrr = 0.034894, source_hit@10 = 0.0798, source_ndcg@10 = 0.0355, target_mrr = 0.038126, target_hit@10 = 0.0686, target_ndcg@10 = 0.0373

2024-08-15 01:11:16.069782: step 608/12160 (epoch 4/80), loss = 1.875294 (45.411 sec/epoch), lr: 0.004000
Evaluating on dev set...
...........................
source: 	 mrr: 0.037227	 ndcg_5: 0.0270	 ndcg_10: 0.0365	 hit@1:0.010862	 hit@5:0.0434	 hit@10: 0.0731
target: 	 mrr: 0.048300	 ndcg_5: 0.0399	 ndcg_10: 0.0517	 hit@1:0.018815	 hit@5:0.0634	 hit@10: 0.1003
source best!
.............
source: 	 mrr: 0.034730	 ndcg_5: 0.0246	 ndcg_10: 0.0335	 hit@1:0.009969	 hit@5:0.0399	 hit@10: 0.0675
target best!
..............target: 	 mrr: 0.046604	 ndcg_5: 0.0363	 ndcg_10: 0.0525	 hit@1:0.013717	 hit@5:0.0590	 hit@10: 0.1097
epoch 4: train_loss = 1.875294, source_mrr = 0.034730, source_hit@10 = 0.0675, source_ndcg@10 = 0.0335, target_mrr = 0.046604, target_hit@10 = 0.1097, target_ndcg@10 = 0.0525

2024-08-15 01:12:02.935944: step 760/12160 (epoch 5/80), loss = 1.861355 (45.706 sec/epoch), lr: 0.004000
Evaluating on dev set...
...........................
source: 	 mrr: 0.036019	 ndcg_5: 0.0251	 ndcg_10: 0.0341	 hit@1:0.011586	 hit@5:0.0398	 hit@10: 0.0681
target: 	 mrr: 0.052385	 ndcg_5: 0.0461	 ndcg_10: 0.0563	 hit@1:0.017422	 hit@5:0.0753	 hit@10: 0.1073
target best!
..............target: 	 mrr: 0.053075	 ndcg_5: 0.0454	 ndcg_10: 0.0591	 hit@1:0.017147	 hit@5:0.0748	 hit@10: 0.1166
epoch 5: train_loss = 1.861355, source_mrr = 0.036019, source_hit@10 = 0.0681, source_ndcg@10 = 0.0341, target_mrr = 0.053075, target_hit@10 = 0.1166, target_ndcg@10 = 0.0591

2024-08-15 01:12:49.654460: step 912/12160 (epoch 6/80), loss = 1.838805 (45.782 sec/epoch), lr: 0.004000
Evaluating on dev set...
...........................
source: 	 mrr: 0.035780	 ndcg_5: 0.0252	 ndcg_10: 0.0340	 hit@1:0.010862	 hit@5:0.0369	 hit@10: 0.0637
target: 	 mrr: 0.030658	 ndcg_5: 0.0227	 ndcg_10: 0.0310	 hit@1:0.009059	 hit@5:0.0369	 hit@10: 0.0627
epoch 6: train_loss = 1.838805, source_mrr = 0.035780, source_hit@10 = 0.0637, source_ndcg@10 = 0.0340, target_mrr = 0.030658, target_hit@10 = 0.0627, target_ndcg@10 = 0.0310

2024-08-15 01:13:36.472220: step 1064/12160 (epoch 7/80), loss = 1.808732 (46.158 sec/epoch), lr: 0.004000
Evaluating on dev set...
...........................
source: 	 mrr: 0.035675	 ndcg_5: 0.0265	 ndcg_10: 0.0364	 hit@1:0.008689	 hit@5:0.0456	 hit@10: 0.0768
target: 	 mrr: 0.043925	 ndcg_5: 0.0349	 ndcg_10: 0.0454	 hit@1:0.016725	 hit@5:0.0557	 hit@10: 0.0885
epoch 7: train_loss = 1.808732, source_mrr = 0.035675, source_hit@10 = 0.0768, source_ndcg@10 = 0.0364, target_mrr = 0.043925, target_hit@10 = 0.0885, target_ndcg@10 = 0.0454

2024-08-15 01:14:23.329089: step 1216/12160 (epoch 8/80), loss = 1.774909 (46.212 sec/epoch), lr: 0.004000
Evaluating on dev set...
...........................
source: 	 mrr: 0.027264	 ndcg_5: 0.0189	 ndcg_10: 0.0270	 hit@1:0.005793	 hit@5:0.0319	 hit@10: 0.0572
target: 	 mrr: 0.046440	 ndcg_5: 0.0360	 ndcg_10: 0.0522	 hit@1:0.014634	 hit@5:0.0557	 hit@10: 0.1066
epoch 8: train_loss = 1.774909, source_mrr = 0.027264, source_hit@10 = 0.0572, source_ndcg@10 = 0.0270, target_mrr = 0.046440, target_hit@10 = 0.1066, target_ndcg@10 = 0.0522

2024-08-15 01:15:09.753942: step 1368/12160 (epoch 9/80), loss = 1.755310 (45.775 sec/epoch), lr: 0.004000
Evaluating on dev set...
...........................
source: 	 mrr: 0.028845	 ndcg_5: 0.0197	 ndcg_10: 0.0280	 hit@1:0.008689	 hit@5:0.0311	 hit@10: 0.0565
target: 	 mrr: 0.043217	 ndcg_5: 0.0339	 ndcg_10: 0.0463	 hit@1:0.013240	 hit@5:0.0551	 hit@10: 0.0941
epoch 9: train_loss = 1.755310, source_mrr = 0.028845, source_hit@10 = 0.0565, source_ndcg@10 = 0.0280, target_mrr = 0.043217, target_hit@10 = 0.0941, target_ndcg@10 = 0.0463

2024-08-15 01:15:55.817512: step 1520/12160 (epoch 10/80), loss = 1.742606 (45.393 sec/epoch), lr: 0.004000
Evaluating on dev set...
...........................
source: 	 mrr: 0.034401	 ndcg_5: 0.0251	 ndcg_10: 0.0319	 hit@1:0.012310	 hit@5:0.0391	 hit@10: 0.0601
target: 	 mrr: 0.046998	 ndcg_5: 0.0392	 ndcg_10: 0.0521	 hit@1:0.012544	 hit@5:0.0662	 hit@10: 0.1066
epoch 10: train_loss = 1.742606, source_mrr = 0.034401, source_hit@10 = 0.0601, source_ndcg@10 = 0.0319, target_mrr = 0.046998, target_hit@10 = 0.1066, target_ndcg@10 = 0.0521

2024-08-15 01:16:42.612255: step 1672/12160 (epoch 11/80), loss = 1.739966 (45.982 sec/epoch), lr: 0.004000
Evaluating on dev set...
...........................
source: 	 mrr: 0.033482	 ndcg_5: 0.0253	 ndcg_10: 0.0337	 hit@1:0.007965	 hit@5:0.0434	 hit@10: 0.0695
target: 	 mrr: 0.039204	 ndcg_5: 0.0315	 ndcg_10: 0.0407	 hit@1:0.010453	 hit@5:0.0537	 hit@10: 0.0822
epoch 11: train_loss = 1.739966, source_mrr = 0.033482, source_hit@10 = 0.0695, source_ndcg@10 = 0.0337, target_mrr = 0.039204, target_hit@10 = 0.0822, target_ndcg@10 = 0.0407

2024-08-15 01:17:28.412936: step 1824/12160 (epoch 12/80), loss = 1.727759 (45.121 sec/epoch), lr: 0.003800
Evaluating on dev set...
...........................
source: 	 mrr: 0.021038	 ndcg_5: 0.0130	 ndcg_10: 0.0182	 hit@1:0.005793	 hit@5:0.0203	 hit@10: 0.0369
target: 	 mrr: 0.055774	 ndcg_5: 0.0482	 ndcg_10: 0.0636	 hit@1:0.020209	 hit@5:0.0767	 hit@10: 0.1247
target best!
..............target: 	 mrr: 0.056254	 ndcg_5: 0.0501	 ndcg_10: 0.0633	 hit@1:0.019204	 hit@5:0.0830	 hit@10: 0.1241
epoch 12: train_loss = 1.727759, source_mrr = 0.021038, source_hit@10 = 0.0369, source_ndcg@10 = 0.0182, target_mrr = 0.056254, target_hit@10 = 0.1241, target_ndcg@10 = 0.0633

2024-08-15 01:18:16.680994: step 1976/12160 (epoch 13/80), loss = 1.726327 (47.115 sec/epoch), lr: 0.003800
Evaluating on dev set...
...........................
source: 	 mrr: 0.022596	 ndcg_5: 0.0166	 ndcg_10: 0.0211	 hit@1:0.005069	 hit@5:0.0282	 hit@10: 0.0420
target: 	 mrr: 0.038585	 ndcg_5: 0.0270	 ndcg_10: 0.0431	 hit@1:0.011847	 hit@5:0.0439	 hit@10: 0.0948
epoch 13: train_loss = 1.726327, source_mrr = 0.022596, source_hit@10 = 0.0420, source_ndcg@10 = 0.0211, target_mrr = 0.038585, target_hit@10 = 0.0948, target_ndcg@10 = 0.0431

2024-08-15 01:19:03.055753: step 2128/12160 (epoch 14/80), loss = 1.720406 (45.698 sec/epoch), lr: 0.003610
Evaluating on dev set...
...........................
source: 	 mrr: 0.027328	 ndcg_5: 0.0172	 ndcg_10: 0.0260	 hit@1:0.009413	 hit@5:0.0253	 hit@10: 0.0529
target: 	 mrr: 0.049988	 ndcg_5: 0.0408	 ndcg_10: 0.0533	 hit@1:0.017422	 hit@5:0.0634	 hit@10: 0.1024
epoch 14: train_loss = 1.720406, source_mrr = 0.027328, source_hit@10 = 0.0529, source_ndcg@10 = 0.0260, target_mrr = 0.049988, target_hit@10 = 0.1024, target_ndcg@10 = 0.0533

2024-08-15 01:19:51.046676: step 2280/12160 (epoch 15/80), loss = 1.715066 (47.337 sec/epoch), lr: 0.003610
Evaluating on dev set...
...........................
source: 	 mrr: 0.025713	 ndcg_5: 0.0161	 ndcg_10: 0.0240	 hit@1:0.004345	 hit@5:0.0268	 hit@10: 0.0514
target: 	 mrr: 0.054887	 ndcg_5: 0.0432	 ndcg_10: 0.0578	 hit@1:0.022300	 hit@5:0.0634	 hit@10: 0.1087
epoch 15: train_loss = 1.715066, source_mrr = 0.025713, source_hit@10 = 0.0514, source_ndcg@10 = 0.0240, target_mrr = 0.054887, target_hit@10 = 0.1087, target_ndcg@10 = 0.0578

2024-08-15 01:20:38.261893: step 2432/12160 (epoch 16/80), loss = 1.710808 (46.539 sec/epoch), lr: 0.003610
Evaluating on dev set...
...........................
source: 	 mrr: 0.017127	 ndcg_5: 0.0100	 ndcg_10: 0.0151	 hit@1:0.002896	 hit@5:0.0174	 hit@10: 0.0333
target: 	 mrr: 0.044376	 ndcg_5: 0.0339	 ndcg_10: 0.0454	 hit@1:0.013937	 hit@5:0.0530	 hit@10: 0.0885
epoch 16: train_loss = 1.710808, source_mrr = 0.017127, source_hit@10 = 0.0333, source_ndcg@10 = 0.0151, target_mrr = 0.044376, target_hit@10 = 0.0885, target_ndcg@10 = 0.0454

2024-08-15 01:21:25.854450: step 2584/12160 (epoch 17/80), loss = 1.703321 (46.848 sec/epoch), lr: 0.003429
Evaluating on dev set...
...........................
source: 	 mrr: 0.021671	 ndcg_5: 0.0140	 ndcg_10: 0.0211	 hit@1:0.005793	 hit@5:0.0224	 hit@10: 0.0449
target: 	 mrr: 0.039286	 ndcg_5: 0.0304	 ndcg_10: 0.0406	 hit@1:0.011150	 hit@5:0.0502	 hit@10: 0.0822
epoch 17: train_loss = 1.703321, source_mrr = 0.021671, source_hit@10 = 0.0449, source_ndcg@10 = 0.0211, target_mrr = 0.039286, target_hit@10 = 0.0822, target_ndcg@10 = 0.0406

2024-08-15 01:22:12.178281: step 2736/12160 (epoch 18/80), loss = 1.698746 (45.634 sec/epoch), lr: 0.003258
Evaluating on dev set...
...........................
source: 	 mrr: 0.027221	 ndcg_5: 0.0192	 ndcg_10: 0.0254	 hit@1:0.007965	 hit@5:0.0311	 hit@10: 0.0500
target: 	 mrr: 0.054288	 ndcg_5: 0.0440	 ndcg_10: 0.0581	 hit@1:0.022997	 hit@5:0.0655	 hit@10: 0.1094
epoch 18: train_loss = 1.698746, source_mrr = 0.027221, source_hit@10 = 0.0500, source_ndcg@10 = 0.0254, target_mrr = 0.054288, target_hit@10 = 0.1094, target_ndcg@10 = 0.0581

2024-08-15 01:22:58.789149: step 2888/12160 (epoch 19/80), loss = 1.694824 (45.946 sec/epoch), lr: 0.003258
Evaluating on dev set...
...........................
source: 	 mrr: 0.026579	 ndcg_5: 0.0174	 ndcg_10: 0.0249	 hit@1:0.007241	 hit@5:0.0282	 hit@10: 0.0514
target: 	 mrr: 0.046386	 ndcg_5: 0.0370	 ndcg_10: 0.0490	 hit@1:0.014634	 hit@5:0.0599	 hit@10: 0.0969
epoch 19: train_loss = 1.694824, source_mrr = 0.026579, source_hit@10 = 0.0514, source_ndcg@10 = 0.0249, target_mrr = 0.046386, target_hit@10 = 0.0969, target_ndcg@10 = 0.0490

2024-08-15 01:23:44.815678: step 3040/12160 (epoch 20/80), loss = 1.688862 (45.329 sec/epoch), lr: 0.003095
Evaluating on dev set...
...........................
source: 	 mrr: 0.025105	 ndcg_5: 0.0159	 ndcg_10: 0.0226	 hit@1:0.008689	 hit@5:0.0224	 hit@10: 0.0427
target: 	 mrr: 0.058494	 ndcg_5: 0.0534	 ndcg_10: 0.0659	 hit@1:0.021603	 hit@5:0.0836	 hit@10: 0.1233
target best!
..............target: 	 mrr: 0.053161	 ndcg_5: 0.0443	 ndcg_10: 0.0589	 hit@1:0.017833	 hit@5:0.0700	 hit@10: 0.1152
epoch 20: train_loss = 1.688862, source_mrr = 0.025105, source_hit@10 = 0.0427, source_ndcg@10 = 0.0226, target_mrr = 0.053161, target_hit@10 = 0.1152, target_ndcg@10 = 0.0589

2024-08-15 01:24:31.315335: step 3192/12160 (epoch 21/80), loss = 1.684109 (45.520 sec/epoch), lr: 0.003095
Evaluating on dev set...
...........................
source: 	 mrr: 0.025180	 ndcg_5: 0.0179	 ndcg_10: 0.0237	 hit@1:0.005069	 hit@5:0.0319	 hit@10: 0.0492
target: 	 mrr: 0.044924	 ndcg_5: 0.0369	 ndcg_10: 0.0501	 hit@1:0.009756	 hit@5:0.0641	 hit@10: 0.1045
epoch 21: train_loss = 1.684109, source_mrr = 0.025180, source_hit@10 = 0.0492, source_ndcg@10 = 0.0237, target_mrr = 0.044924, target_hit@10 = 0.1045, target_ndcg@10 = 0.0501

2024-08-15 01:25:18.022577: step 3344/12160 (epoch 22/80), loss = 1.681382 (46.014 sec/epoch), lr: 0.002940
Evaluating on dev set...
...........................
source: 	 mrr: 0.016352	 ndcg_5: 0.0102	 ndcg_10: 0.0131	 hit@1:0.003621	 hit@5:0.0181	 hit@10: 0.0275
target: 	 mrr: 0.052995	 ndcg_5: 0.0408	 ndcg_10: 0.0574	 hit@1:0.021603	 hit@5:0.0606	 hit@10: 0.1122
epoch 22: train_loss = 1.681382, source_mrr = 0.016352, source_hit@10 = 0.0275, source_ndcg@10 = 0.0131, target_mrr = 0.052995, target_hit@10 = 0.1122, target_ndcg@10 = 0.0574

2024-08-15 01:26:04.144683: step 3496/12160 (epoch 23/80), loss = 1.673079 (45.458 sec/epoch), lr: 0.002793
Evaluating on dev set...
...........................
source: 	 mrr: 0.018786	 ndcg_5: 0.0124	 ndcg_10: 0.0187	 hit@1:0.002896	 hit@5:0.0224	 hit@10: 0.0427
target: 	 mrr: 0.042170	 ndcg_5: 0.0314	 ndcg_10: 0.0450	 hit@1:0.010453	 hit@5:0.0523	 hit@10: 0.0941
epoch 23: train_loss = 1.673079, source_mrr = 0.018786, source_hit@10 = 0.0427, source_ndcg@10 = 0.0187, target_mrr = 0.042170, target_hit@10 = 0.0941, target_ndcg@10 = 0.0450

2024-08-15 01:26:49.533898: step 3648/12160 (epoch 24/80), loss = 1.667427 (44.719 sec/epoch), lr: 0.002654
Evaluating on dev set...
...........................
source: 	 mrr: 0.018744	 ndcg_5: 0.0116	 ndcg_10: 0.0163	 hit@1:0.005069	 hit@5:0.0174	 hit@10: 0.0319
target: 	 mrr: 0.050594	 ndcg_5: 0.0409	 ndcg_10: 0.0551	 hit@1:0.018815	 hit@5:0.0641	 hit@10: 0.1094
epoch 24: train_loss = 1.667427, source_mrr = 0.018744, source_hit@10 = 0.0319, source_ndcg@10 = 0.0163, target_mrr = 0.050594, target_hit@10 = 0.1094, target_ndcg@10 = 0.0551

2024-08-15 01:27:35.040988: step 3800/12160 (epoch 25/80), loss = 1.664984 (44.869 sec/epoch), lr: 0.002654
Evaluating on dev set...
...........................
source: 	 mrr: 0.026997	 ndcg_5: 0.0175	 ndcg_10: 0.0247	 hit@1:0.006517	 hit@5:0.0290	 hit@10: 0.0514
target: 	 mrr: 0.048349	 ndcg_5: 0.0383	 ndcg_10: 0.0529	 hit@1:0.018815	 hit@5:0.0585	 hit@10: 0.1052
epoch 25: train_loss = 1.664984, source_mrr = 0.026997, source_hit@10 = 0.0514, source_ndcg@10 = 0.0247, target_mrr = 0.048349, target_hit@10 = 0.1052, target_ndcg@10 = 0.0529

2024-08-15 01:28:17.954769: step 3952/12160 (epoch 26/80), loss = 1.661620 (42.148 sec/epoch), lr: 0.002654
Evaluating on dev set...
...........................
source: 	 mrr: 0.025989	 ndcg_5: 0.0173	 ndcg_10: 0.0252	 hit@1:0.008689	 hit@5:0.0253	 hit@10: 0.0500
target: 	 mrr: 0.052014	 ndcg_5: 0.0410	 ndcg_10: 0.0571	 hit@1:0.018815	 hit@5:0.0634	 hit@10: 0.1129
epoch 26: train_loss = 1.661620, source_mrr = 0.025989, source_hit@10 = 0.0500, source_ndcg@10 = 0.0252, target_mrr = 0.052014, target_hit@10 = 0.1129, target_ndcg@10 = 0.0571

2024-08-15 01:29:00.516725: step 4104/12160 (epoch 27/80), loss = 1.664727 (41.936 sec/epoch), lr: 0.002654
Evaluating on dev set...
...........................
source: 	 mrr: 0.018521	 ndcg_5: 0.0109	 ndcg_10: 0.0173	 hit@1:0.002172	 hit@5:0.0196	 hit@10: 0.0391
target: 	 mrr: 0.053837	 ndcg_5: 0.0434	 ndcg_10: 0.0613	 hit@1:0.020906	 hit@5:0.0669	 hit@10: 0.1233
epoch 27: train_loss = 1.664727, source_mrr = 0.018521, source_hit@10 = 0.0391, source_ndcg@10 = 0.0173, target_mrr = 0.053837, target_hit@10 = 0.1233, target_ndcg@10 = 0.0613

2024-08-15 01:29:45.371531: step 4256/12160 (epoch 28/80), loss = 1.652923 (44.090 sec/epoch), lr: 0.002521
Evaluating on dev set...
...........................
source: 	 mrr: 0.023825	 ndcg_5: 0.0164	 ndcg_10: 0.0205	 hit@1:0.008689	 hit@5:0.0239	 hit@10: 0.0369
target: 	 mrr: 0.054951	 ndcg_5: 0.0453	 ndcg_10: 0.0625	 hit@1:0.014634	 hit@5:0.0704	 hit@10: 0.1233
epoch 28: train_loss = 1.652923, source_mrr = 0.023825, source_hit@10 = 0.0369, source_ndcg@10 = 0.0205, target_mrr = 0.054951, target_hit@10 = 0.1233, target_ndcg@10 = 0.0625

2024-08-15 01:30:28.567647: step 4408/12160 (epoch 29/80), loss = 1.653846 (42.563 sec/epoch), lr: 0.002521
Evaluating on dev set...
...........................
source: 	 mrr: 0.025051	 ndcg_5: 0.0175	 ndcg_10: 0.0232	 hit@1:0.005069	 hit@5:0.0297	 hit@10: 0.0478
target: 	 mrr: 0.050073	 ndcg_5: 0.0403	 ndcg_10: 0.0556	 hit@1:0.016028	 hit@5:0.0648	 hit@10: 0.1122
epoch 29: train_loss = 1.653846, source_mrr = 0.025051, source_hit@10 = 0.0478, source_ndcg@10 = 0.0232, target_mrr = 0.050073, target_hit@10 = 0.1122, target_ndcg@10 = 0.0556

2024-08-15 01:31:11.702353: step 4560/12160 (epoch 30/80), loss = 1.648027 (42.443 sec/epoch), lr: 0.002395
Evaluating on dev set...
...........................
source: 	 mrr: 0.032999	 ndcg_5: 0.0228	 ndcg_10: 0.0326	 hit@1:0.010862	 hit@5:0.0369	 hit@10: 0.0673
target: 	 mrr: 0.054968	 ndcg_5: 0.0491	 ndcg_10: 0.0609	 hit@1:0.018815	 hit@5:0.0808	 hit@10: 0.1178
epoch 30: train_loss = 1.648027, source_mrr = 0.032999, source_hit@10 = 0.0673, source_ndcg@10 = 0.0326, target_mrr = 0.054968, target_hit@10 = 0.1178, target_ndcg@10 = 0.0609

2024-08-15 01:31:55.350231: step 4712/12160 (epoch 31/80), loss = 1.640021 (43.026 sec/epoch), lr: 0.002395
Evaluating on dev set...
...........................
source: 	 mrr: 0.028341	 ndcg_5: 0.0197	 ndcg_10: 0.0270	 hit@1:0.005793	 hit@5:0.0340	 hit@10: 0.0572
target: 	 mrr: 0.056760	 ndcg_5: 0.0482	 ndcg_10: 0.0623	 hit@1:0.021603	 hit@5:0.0760	 hit@10: 0.1199
epoch 31: train_loss = 1.640021, source_mrr = 0.028341, source_hit@10 = 0.0572, source_ndcg@10 = 0.0270, target_mrr = 0.056760, target_hit@10 = 0.1199, target_ndcg@10 = 0.0623

2024-08-15 01:32:39.697873: step 4864/12160 (epoch 32/80), loss = 1.632846 (43.719 sec/epoch), lr: 0.002275
Evaluating on dev set...
...........................
source: 	 mrr: 0.019872	 ndcg_5: 0.0110	 ndcg_10: 0.0180	 hit@1:0.003621	 hit@5:0.0174	 hit@10: 0.0391
target: 	 mrr: 0.054361	 ndcg_5: 0.0458	 ndcg_10: 0.0611	 hit@1:0.021603	 hit@5:0.0718	 hit@10: 0.1199
epoch 32: train_loss = 1.632846, source_mrr = 0.019872, source_hit@10 = 0.0391, source_ndcg@10 = 0.0180, target_mrr = 0.054361, target_hit@10 = 0.1199, target_ndcg@10 = 0.0611

2024-08-15 01:33:25.261598: step 5016/12160 (epoch 33/80), loss = 1.624879 (44.929 sec/epoch), lr: 0.002161
Evaluating on dev set...
...........................
source: 	 mrr: 0.039776	 ndcg_5: 0.0304	 ndcg_10: 0.0407	 hit@1:0.013034	 hit@5:0.0485	 hit@10: 0.0804
target: 	 mrr: 0.057460	 ndcg_5: 0.0485	 ndcg_10: 0.0627	 hit@1:0.025087	 hit@5:0.0739	 hit@10: 0.1185
source best!
.............
source: 	 mrr: 0.037980	 ndcg_5: 0.0276	 ndcg_10: 0.0378	 hit@1:0.010736	 hit@5:0.0422	 hit@10: 0.0744
epoch 33: train_loss = 1.624879, source_mrr = 0.037980, source_hit@10 = 0.0744, source_ndcg@10 = 0.0378, target_mrr = 0.057460, target_hit@10 = 0.1185, target_ndcg@10 = 0.0627

2024-08-15 01:34:12.037034: step 5168/12160 (epoch 34/80), loss = 1.620815 (45.907 sec/epoch), lr: 0.002161
Evaluating on dev set...
...........................
source: 	 mrr: 0.026520	 ndcg_5: 0.0187	 ndcg_10: 0.0261	 hit@1:0.005793	 hit@5:0.0304	 hit@10: 0.0536
target: 	 mrr: 0.055410	 ndcg_5: 0.0469	 ndcg_10: 0.0594	 hit@1:0.020209	 hit@5:0.0732	 hit@10: 0.1122
epoch 34: train_loss = 1.620815, source_mrr = 0.026520, source_hit@10 = 0.0536, source_ndcg@10 = 0.0261, target_mrr = 0.055410, target_hit@10 = 0.1122, target_ndcg@10 = 0.0594

2024-08-15 01:34:58.264096: step 5320/12160 (epoch 35/80), loss = 1.611436 (45.547 sec/epoch), lr: 0.002053
Evaluating on dev set...
...........................
source: 	 mrr: 0.036865	 ndcg_5: 0.0274	 ndcg_10: 0.0379	 hit@1:0.008689	 hit@5:0.0463	 hit@10: 0.0789
target: 	 mrr: 0.058391	 ndcg_5: 0.0517	 ndcg_10: 0.0635	 hit@1:0.022300	 hit@5:0.0801	 hit@10: 0.1164
epoch 35: train_loss = 1.611436, source_mrr = 0.036865, source_hit@10 = 0.0789, source_ndcg@10 = 0.0379, target_mrr = 0.058391, target_hit@10 = 0.1164, target_ndcg@10 = 0.0635

2024-08-15 01:35:44.322927: step 5472/12160 (epoch 36/80), loss = 1.611712 (45.394 sec/epoch), lr: 0.002053
Evaluating on dev set...
...........................
source: 	 mrr: 0.039849	 ndcg_5: 0.0282	 ndcg_10: 0.0400	 hit@1:0.012310	 hit@5:0.0434	 hit@10: 0.0804
target: 	 mrr: 0.057426	 ndcg_5: 0.0509	 ndcg_10: 0.0634	 hit@1:0.021603	 hit@5:0.0794	 hit@10: 0.1178
source best!
.............
source: 	 mrr: 0.038659	 ndcg_5: 0.0287	 ndcg_10: 0.0402	 hit@1:0.010736	 hit@5:0.0468	 hit@10: 0.0828
epoch 36: train_loss = 1.611712, source_mrr = 0.038659, source_hit@10 = 0.0828, source_ndcg@10 = 0.0402, target_mrr = 0.057426, target_hit@10 = 0.1178, target_ndcg@10 = 0.0634

2024-08-15 01:36:31.666096: step 5624/12160 (epoch 37/80), loss = 1.608500 (46.411 sec/epoch), lr: 0.002053
Evaluating on dev set...
...........................
source: 	 mrr: 0.029489	 ndcg_5: 0.0207	 ndcg_10: 0.0278	 hit@1:0.009413	 hit@5:0.0319	 hit@10: 0.0536
target: 	 mrr: 0.055816	 ndcg_5: 0.0458	 ndcg_10: 0.0613	 hit@1:0.019512	 hit@5:0.0697	 hit@10: 0.1178
epoch 37: train_loss = 1.608500, source_mrr = 0.029489, source_hit@10 = 0.0536, source_ndcg@10 = 0.0278, target_mrr = 0.055816, target_hit@10 = 0.1178, target_ndcg@10 = 0.0613

2024-08-15 01:37:17.484205: step 5776/12160 (epoch 38/80), loss = 1.600439 (45.061 sec/epoch), lr: 0.001951
Evaluating on dev set...
...........................
source: 	 mrr: 0.042123	 ndcg_5: 0.0296	 ndcg_10: 0.0412	 hit@1:0.017379	 hit@5:0.0420	 hit@10: 0.0782
target: 	 mrr: 0.052184	 ndcg_5: 0.0430	 ndcg_10: 0.0578	 hit@1:0.016725	 hit@5:0.0683	 hit@10: 0.1143
source best!
.............
source: 	 mrr: 0.038987	 ndcg_5: 0.0284	 ndcg_10: 0.0418	 hit@1:0.010736	 hit@5:0.0460	 hit@10: 0.0882
epoch 38: train_loss = 1.600439, source_mrr = 0.038987, source_hit@10 = 0.0882, source_ndcg@10 = 0.0418, target_mrr = 0.052184, target_hit@10 = 0.1143, target_ndcg@10 = 0.0578

2024-08-15 01:38:03.344111: step 5928/12160 (epoch 39/80), loss = 1.598449 (44.900 sec/epoch), lr: 0.001951
Evaluating on dev set...
...........................
source: 	 mrr: 0.037233	 ndcg_5: 0.0258	 ndcg_10: 0.0353	 hit@1:0.010862	 hit@5:0.0391	 hit@10: 0.0688
target: 	 mrr: 0.047975	 ndcg_5: 0.0388	 ndcg_10: 0.0531	 hit@1:0.012544	 hit@5:0.0655	 hit@10: 0.1094
epoch 39: train_loss = 1.598449, source_mrr = 0.037233, source_hit@10 = 0.0688, source_ndcg@10 = 0.0353, target_mrr = 0.047975, target_hit@10 = 0.1094, target_ndcg@10 = 0.0531

2024-08-15 01:38:49.347949: step 6080/12160 (epoch 40/80), loss = 1.596415 (45.346 sec/epoch), lr: 0.001853
Evaluating on dev set...
...........................
source: 	 mrr: 0.035234	 ndcg_5: 0.0253	 ndcg_10: 0.0335	 hit@1:0.013758	 hit@5:0.0369	 hit@10: 0.0623
target: 	 mrr: 0.056299	 ndcg_5: 0.0483	 ndcg_10: 0.0638	 hit@1:0.018118	 hit@5:0.0780	 hit@10: 0.1261
epoch 40: train_loss = 1.596415, source_mrr = 0.035234, source_hit@10 = 0.0623, source_ndcg@10 = 0.0335, target_mrr = 0.056299, target_hit@10 = 0.1261, target_ndcg@10 = 0.0638
shift to transfer learning mode

2024-08-15 01:39:36.203079: step 6232/12160 (epoch 41/80), loss = 1.604827 (46.156 sec/epoch), lr: 0.001853
Evaluating on dev set...
...........................
source: 	 mrr: 0.034771	 ndcg_5: 0.0243	 ndcg_10: 0.0327	 hit@1:0.011586	 hit@5:0.0369	 hit@10: 0.0630
target: 	 mrr: 0.052963	 ndcg_5: 0.0473	 ndcg_10: 0.0574	 hit@1:0.017422	 hit@5:0.0780	 hit@10: 0.1101
epoch 41: train_loss = 1.604827, source_mrr = 0.034771, source_hit@10 = 0.0630, source_ndcg@10 = 0.0327, target_mrr = 0.052963, target_hit@10 = 0.1101, target_ndcg@10 = 0.0574

2024-08-15 01:40:24.390214: step 6384/12160 (epoch 42/80), loss = 1.601683 (47.459 sec/epoch), lr: 0.001761
Evaluating on dev set...
...........................
source: 	 mrr: 0.037467	 ndcg_5: 0.0265	 ndcg_10: 0.0350	 hit@1:0.011586	 hit@5:0.0420	 hit@10: 0.0681
target: 	 mrr: 0.059680	 ndcg_5: 0.0489	 ndcg_10: 0.0634	 hit@1:0.027178	 hit@5:0.0711	 hit@10: 0.1164
target best!
..............target: 	 mrr: 0.057383	 ndcg_5: 0.0521	 ndcg_10: 0.0637	 hit@1:0.017147	 hit@5:0.0864	 hit@10: 0.1221
epoch 42: train_loss = 1.601683, source_mrr = 0.037467, source_hit@10 = 0.0681, source_ndcg@10 = 0.0350, target_mrr = 0.057383, target_hit@10 = 0.1221, target_ndcg@10 = 0.0637

2024-08-15 01:41:11.062209: step 6536/12160 (epoch 43/80), loss = 1.596873 (45.703 sec/epoch), lr: 0.001761
Evaluating on dev set...
...........................
source: 	 mrr: 0.018810	 ndcg_5: 0.0108	 ndcg_10: 0.0168	 hit@1:0.001448	 hit@5:0.0203	 hit@10: 0.0391
target: 	 mrr: 0.054614	 ndcg_5: 0.0482	 ndcg_10: 0.0608	 hit@1:0.020209	 hit@5:0.0774	 hit@10: 0.1164
epoch 43: train_loss = 1.596873, source_mrr = 0.018810, source_hit@10 = 0.0391, source_ndcg@10 = 0.0168, target_mrr = 0.054614, target_hit@10 = 0.1164, target_ndcg@10 = 0.0608

2024-08-15 01:41:57.879227: step 6688/12160 (epoch 44/80), loss = 1.594675 (46.147 sec/epoch), lr: 0.001672
Evaluating on dev set...
...........................
source: 	 mrr: 0.033043	 ndcg_5: 0.0238	 ndcg_10: 0.0335	 hit@1:0.007241	 hit@5:0.0406	 hit@10: 0.0710
target: 	 mrr: 0.052993	 ndcg_5: 0.0450	 ndcg_10: 0.0585	 hit@1:0.017422	 hit@5:0.0725	 hit@10: 0.1143
epoch 44: train_loss = 1.594675, source_mrr = 0.033043, source_hit@10 = 0.0710, source_ndcg@10 = 0.0335, target_mrr = 0.052993, target_hit@10 = 0.1143, target_ndcg@10 = 0.0585

2024-08-15 01:42:43.363531: step 6840/12160 (epoch 45/80), loss = 1.591478 (44.798 sec/epoch), lr: 0.001672
Evaluating on dev set...
...........................
source: 	 mrr: 0.040363	 ndcg_5: 0.0300	 ndcg_10: 0.0416	 hit@1:0.012310	 hit@5:0.0478	 hit@10: 0.0840
target: 	 mrr: 0.053285	 ndcg_5: 0.0462	 ndcg_10: 0.0608	 hit@1:0.016725	 hit@5:0.0753	 hit@10: 0.1213
epoch 45: train_loss = 1.591478, source_mrr = 0.040363, source_hit@10 = 0.0840, source_ndcg@10 = 0.0416, target_mrr = 0.053285, target_hit@10 = 0.1213, target_ndcg@10 = 0.0608

2024-08-15 01:43:29.564979: step 6992/12160 (epoch 46/80), loss = 1.590871 (45.561 sec/epoch), lr: 0.001672
Evaluating on dev set...
...........................
source: 	 mrr: 0.042815	 ndcg_5: 0.0331	 ndcg_10: 0.0414	 hit@1:0.015206	 hit@5:0.0514	 hit@10: 0.0768
target: 	 mrr: 0.049399	 ndcg_5: 0.0394	 ndcg_10: 0.0546	 hit@1:0.018118	 hit@5:0.0606	 hit@10: 0.1080
source best!
.............
source: 	 mrr: 0.039333	 ndcg_5: 0.0296	 ndcg_10: 0.0402	 hit@1:0.010736	 hit@5:0.0498	 hit@10: 0.0828
epoch 46: train_loss = 1.590871, source_mrr = 0.039333, source_hit@10 = 0.0828, source_ndcg@10 = 0.0402, target_mrr = 0.049399, target_hit@10 = 0.1080, target_ndcg@10 = 0.0546

2024-08-15 01:44:15.140364: step 7144/12160 (epoch 47/80), loss = 1.589325 (44.671 sec/epoch), lr: 0.001589
Evaluating on dev set...
...........................
source: 	 mrr: 0.044187	 ndcg_5: 0.0342	 ndcg_10: 0.0423	 hit@1:0.016655	 hit@5:0.0521	 hit@10: 0.0775
target: 	 mrr: 0.053823	 ndcg_5: 0.0454	 ndcg_10: 0.0571	 hit@1:0.021603	 hit@5:0.0690	 hit@10: 0.1059
source best!
.............
source: 	 mrr: 0.039867	 ndcg_5: 0.0279	 ndcg_10: 0.0383	 hit@1:0.014571	 hit@5:0.0414	 hit@10: 0.0744
epoch 47: train_loss = 1.589325, source_mrr = 0.039867, source_hit@10 = 0.0744, source_ndcg@10 = 0.0383, target_mrr = 0.053823, target_hit@10 = 0.1059, target_ndcg@10 = 0.0571

2024-08-15 01:45:01.497864: step 7296/12160 (epoch 48/80), loss = 1.587203 (45.416 sec/epoch), lr: 0.001589
Evaluating on dev set...
...........................
source: 	 mrr: 0.035171	 ndcg_5: 0.0237	 ndcg_10: 0.0351	 hit@1:0.008689	 hit@5:0.0398	 hit@10: 0.0753
target: 	 mrr: 0.052656	 ndcg_5: 0.0444	 ndcg_10: 0.0567	 hit@1:0.019512	 hit@5:0.0683	 hit@10: 0.1066
epoch 48: train_loss = 1.587203, source_mrr = 0.035171, source_hit@10 = 0.0753, source_ndcg@10 = 0.0351, target_mrr = 0.052656, target_hit@10 = 0.1066, target_ndcg@10 = 0.0567

2024-08-15 01:45:48.610200: step 7448/12160 (epoch 49/80), loss = 1.581163 (46.458 sec/epoch), lr: 0.001509
Evaluating on dev set...
...........................
source: 	 mrr: 0.038212	 ndcg_5: 0.0292	 ndcg_10: 0.0372	 hit@1:0.010862	 hit@5:0.0463	 hit@10: 0.0717
target: 	 mrr: 0.048907	 ndcg_5: 0.0370	 ndcg_10: 0.0518	 hit@1:0.017422	 hit@5:0.0557	 hit@10: 0.1017
epoch 49: train_loss = 1.581163, source_mrr = 0.038212, source_hit@10 = 0.0717, source_ndcg@10 = 0.0372, target_mrr = 0.048907, target_hit@10 = 0.1017, target_ndcg@10 = 0.0518

2024-08-15 01:46:35.326096: step 7600/12160 (epoch 50/80), loss = 1.576333 (46.041 sec/epoch), lr: 0.001434
Evaluating on dev set...
...........................
source: 	 mrr: 0.036524	 ndcg_5: 0.0263	 ndcg_10: 0.0374	 hit@1:0.010138	 hit@5:0.0427	 hit@10: 0.0775
target: 	 mrr: 0.046550	 ndcg_5: 0.0366	 ndcg_10: 0.0520	 hit@1:0.013937	 hit@5:0.0606	 hit@10: 0.1087
epoch 50: train_loss = 1.576333, source_mrr = 0.036524, source_hit@10 = 0.0775, source_ndcg@10 = 0.0374, target_mrr = 0.046550, target_hit@10 = 0.1087, target_ndcg@10 = 0.0520

2024-08-15 01:47:21.879041: step 7752/12160 (epoch 51/80), loss = 1.572842 (45.879 sec/epoch), lr: 0.001362
Evaluating on dev set...
...........................
source: 	 mrr: 0.037820	 ndcg_5: 0.0258	 ndcg_10: 0.0378	 hit@1:0.010138	 hit@5:0.0398	 hit@10: 0.0768
target: 	 mrr: 0.048873	 ndcg_5: 0.0370	 ndcg_10: 0.0544	 hit@1:0.019512	 hit@5:0.0557	 hit@10: 0.1108
epoch 51: train_loss = 1.572842, source_mrr = 0.037820, source_hit@10 = 0.0768, source_ndcg@10 = 0.0378, target_mrr = 0.048873, target_hit@10 = 0.1108, target_ndcg@10 = 0.0544

2024-08-15 01:48:07.974800: step 7904/12160 (epoch 52/80), loss = 1.571107 (45.440 sec/epoch), lr: 0.001362
Evaluating on dev set...
...........................
source: 	 mrr: 0.037282	 ndcg_5: 0.0289	 ndcg_10: 0.0398	 hit@1:0.009413	 hit@5:0.0492	 hit@10: 0.0833
target: 	 mrr: 0.051788	 ndcg_5: 0.0423	 ndcg_10: 0.0556	 hit@1:0.020906	 hit@5:0.0641	 hit@10: 0.1059
epoch 52: train_loss = 1.571107, source_mrr = 0.037282, source_hit@10 = 0.0833, source_ndcg@10 = 0.0398, target_mrr = 0.051788, target_hit@10 = 0.1059, target_ndcg@10 = 0.0556

2024-08-15 01:48:54.346541: step 8056/12160 (epoch 53/80), loss = 1.570723 (45.715 sec/epoch), lr: 0.001362
Evaluating on dev set...
...........................
source: 	 mrr: 0.033377	 ndcg_5: 0.0229	 ndcg_10: 0.0363	 hit@1:0.007965	 hit@5:0.0391	 hit@10: 0.0811
target: 	 mrr: 0.052029	 ndcg_5: 0.0416	 ndcg_10: 0.0586	 hit@1:0.019512	 hit@5:0.0641	 hit@10: 0.1171
epoch 53: train_loss = 1.570723, source_mrr = 0.033377, source_hit@10 = 0.0811, source_ndcg@10 = 0.0363, target_mrr = 0.052029, target_hit@10 = 0.1171, target_ndcg@10 = 0.0586

2024-08-15 01:49:41.424410: step 8208/12160 (epoch 54/80), loss = 1.562548 (46.266 sec/epoch), lr: 0.001294
Evaluating on dev set...
...........................
source: 	 mrr: 0.041017	 ndcg_5: 0.0307	 ndcg_10: 0.0421	 hit@1:0.010862	 hit@5:0.0507	 hit@10: 0.0862
target: 	 mrr: 0.050869	 ndcg_5: 0.0406	 ndcg_10: 0.0537	 hit@1:0.018118	 hit@5:0.0620	 hit@10: 0.1024
epoch 54: train_loss = 1.562548, source_mrr = 0.041017, source_hit@10 = 0.0862, source_ndcg@10 = 0.0421, target_mrr = 0.050869, target_hit@10 = 0.1024, target_ndcg@10 = 0.0537

2024-08-15 01:50:28.225844: step 8360/12160 (epoch 55/80), loss = 1.564516 (46.131 sec/epoch), lr: 0.001294
Evaluating on dev set...
...........................
source: 	 mrr: 0.039607	 ndcg_5: 0.0311	 ndcg_10: 0.0396	 hit@1:0.010138	 hit@5:0.0521	 hit@10: 0.0789
target: 	 mrr: 0.051567	 ndcg_5: 0.0432	 ndcg_10: 0.0555	 hit@1:0.016725	 hit@5:0.0697	 hit@10: 0.1080
epoch 55: train_loss = 1.564516, source_mrr = 0.039607, source_hit@10 = 0.0789, source_ndcg@10 = 0.0396, target_mrr = 0.051567, target_hit@10 = 0.1080, target_ndcg@10 = 0.0555

2024-08-15 01:51:13.778120: step 8512/12160 (epoch 56/80), loss = 1.560625 (44.892 sec/epoch), lr: 0.001229
Evaluating on dev set...
...........................
source: 	 mrr: 0.033719	 ndcg_5: 0.0251	 ndcg_10: 0.0342	 hit@1:0.010138	 hit@5:0.0413	 hit@10: 0.0702
target: 	 mrr: 0.045979	 ndcg_5: 0.0353	 ndcg_10: 0.0488	 hit@1:0.015331	 hit@5:0.0551	 hit@10: 0.0969
epoch 56: train_loss = 1.560625, source_mrr = 0.033719, source_hit@10 = 0.0702, source_ndcg@10 = 0.0342, target_mrr = 0.045979, target_hit@10 = 0.0969, target_ndcg@10 = 0.0488

2024-08-15 01:52:00.609228: step 8664/12160 (epoch 57/80), loss = 1.553809 (46.157 sec/epoch), lr: 0.001168
Evaluating on dev set...
...........................
source: 	 mrr: 0.039021	 ndcg_5: 0.0279	 ndcg_10: 0.0409	 hit@1:0.010138	 hit@5:0.0478	 hit@10: 0.0883
target: 	 mrr: 0.043479	 ndcg_5: 0.0322	 ndcg_10: 0.0465	 hit@1:0.011847	 hit@5:0.0523	 hit@10: 0.0969
epoch 57: train_loss = 1.553809, source_mrr = 0.039021, source_hit@10 = 0.0883, source_ndcg@10 = 0.0409, target_mrr = 0.043479, target_hit@10 = 0.0969, target_ndcg@10 = 0.0465

2024-08-15 01:52:46.353277: step 8816/12160 (epoch 58/80), loss = 1.553148 (45.004 sec/epoch), lr: 0.001168
Evaluating on dev set...
...........................
source: 	 mrr: 0.033955	 ndcg_5: 0.0248	 ndcg_10: 0.0329	 hit@1:0.010862	 hit@5:0.0398	 hit@10: 0.0652
target: 	 mrr: 0.046969	 ndcg_5: 0.0387	 ndcg_10: 0.0508	 hit@1:0.014634	 hit@5:0.0627	 hit@10: 0.1003
epoch 58: train_loss = 1.553148, source_mrr = 0.033955, source_hit@10 = 0.0652, source_ndcg@10 = 0.0329, target_mrr = 0.046969, target_hit@10 = 0.1003, target_ndcg@10 = 0.0508

2024-08-15 01:53:30.732399: step 8968/12160 (epoch 59/80), loss = 1.549697 (43.717 sec/epoch), lr: 0.001110
Evaluating on dev set...
...........................
source: 	 mrr: 0.034920	 ndcg_5: 0.0251	 ndcg_10: 0.0339	 hit@1:0.010862	 hit@5:0.0391	 hit@10: 0.0659
target: 	 mrr: 0.052068	 ndcg_5: 0.0438	 ndcg_10: 0.0576	 hit@1:0.018815	 hit@5:0.0697	 hit@10: 0.1122
epoch 59: train_loss = 1.549697, source_mrr = 0.034920, source_hit@10 = 0.0659, source_ndcg@10 = 0.0339, target_mrr = 0.052068, target_hit@10 = 0.1122, target_ndcg@10 = 0.0576

2024-08-15 01:54:17.433078: step 9120/12160 (epoch 60/80), loss = 1.547363 (45.868 sec/epoch), lr: 0.001110
Evaluating on dev set...
...........................
source: 	 mrr: 0.042298	 ndcg_5: 0.0347	 ndcg_10: 0.0435	 hit@1:0.013758	 hit@5:0.0558	 hit@10: 0.0840
target: 	 mrr: 0.050640	 ndcg_5: 0.0403	 ndcg_10: 0.0556	 hit@1:0.018815	 hit@5:0.0620	 hit@10: 0.1087
epoch 60: train_loss = 1.547363, source_mrr = 0.042298, source_hit@10 = 0.0840, source_ndcg@10 = 0.0435, target_mrr = 0.050640, target_hit@10 = 0.1087, target_ndcg@10 = 0.0556

2024-08-15 01:55:03.727127: step 9272/12160 (epoch 61/80), loss = 1.541754 (45.496 sec/epoch), lr: 0.001110
Evaluating on dev set...
...........................
source: 	 mrr: 0.031595	 ndcg_5: 0.0241	 ndcg_10: 0.0313	 hit@1:0.008689	 hit@5:0.0398	 hit@10: 0.0623
target: 	 mrr: 0.048383	 ndcg_5: 0.0378	 ndcg_10: 0.0530	 hit@1:0.018118	 hit@5:0.0585	 hit@10: 0.1052
epoch 61: train_loss = 1.541754, source_mrr = 0.031595, source_hit@10 = 0.0623, source_ndcg@10 = 0.0313, target_mrr = 0.048383, target_hit@10 = 0.1052, target_ndcg@10 = 0.0530

2024-08-15 01:55:47.439590: step 9424/12160 (epoch 62/80), loss = 1.542164 (43.100 sec/epoch), lr: 0.001054
Evaluating on dev set...
...........................
source: 	 mrr: 0.043771	 ndcg_5: 0.0336	 ndcg_10: 0.0445	 hit@1:0.016655	 hit@5:0.0507	 hit@10: 0.0847
target: 	 mrr: 0.043385	 ndcg_5: 0.0334	 ndcg_10: 0.0455	 hit@1:0.013937	 hit@5:0.0530	 hit@10: 0.0913
epoch 62: train_loss = 1.542164, source_mrr = 0.043771, source_hit@10 = 0.0847, source_ndcg@10 = 0.0445, target_mrr = 0.043385, target_hit@10 = 0.0913, target_ndcg@10 = 0.0455

2024-08-15 01:56:30.833607: step 9576/12160 (epoch 63/80), loss = 1.539550 (42.775 sec/epoch), lr: 0.001054
Evaluating on dev set...
...........................
source: 	 mrr: 0.042647	 ndcg_5: 0.0342	 ndcg_10: 0.0452	 hit@1:0.015206	 hit@5:0.0536	 hit@10: 0.0883
target: 	 mrr: 0.049429	 ndcg_5: 0.0387	 ndcg_10: 0.0541	 hit@1:0.019512	 hit@5:0.0599	 hit@10: 0.1080
epoch 63: train_loss = 1.539550, source_mrr = 0.042647, source_hit@10 = 0.0883, source_ndcg@10 = 0.0452, target_mrr = 0.049429, target_hit@10 = 0.1080, target_ndcg@10 = 0.0541

2024-08-15 01:57:14.784015: step 9728/12160 (epoch 64/80), loss = 1.539773 (43.326 sec/epoch), lr: 0.001054
Evaluating on dev set...
...........................
source: 	 mrr: 0.031367	 ndcg_5: 0.0235	 ndcg_10: 0.0309	 hit@1:0.006517	 hit@5:0.0406	 hit@10: 0.0637
target: 	 mrr: 0.046665	 ndcg_5: 0.0380	 ndcg_10: 0.0491	 hit@1:0.014634	 hit@5:0.0599	 hit@10: 0.0948
epoch 64: train_loss = 1.539773, source_mrr = 0.031367, source_hit@10 = 0.0637, source_ndcg@10 = 0.0309, target_mrr = 0.046665, target_hit@10 = 0.0948, target_ndcg@10 = 0.0491

2024-08-15 01:57:57.780966: step 9880/12160 (epoch 65/80), loss = 1.535486 (42.363 sec/epoch), lr: 0.001001
Evaluating on dev set...
...........................
source: 	 mrr: 0.031369	 ndcg_5: 0.0225	 ndcg_10: 0.0311	 hit@1:0.010138	 hit@5:0.0355	 hit@10: 0.0630
target: 	 mrr: 0.044783	 ndcg_5: 0.0347	 ndcg_10: 0.0488	 hit@1:0.014634	 hit@5:0.0557	 hit@10: 0.0997
epoch 65: train_loss = 1.535486, source_mrr = 0.031369, source_hit@10 = 0.0630, source_ndcg@10 = 0.0311, target_mrr = 0.044783, target_hit@10 = 0.0997, target_ndcg@10 = 0.0488

2024-08-15 01:58:42.312135: step 10032/12160 (epoch 66/80), loss = 1.529753 (43.766 sec/epoch), lr: 0.000951
Evaluating on dev set...
...........................
source: 	 mrr: 0.021059	 ndcg_5: 0.0137	 ndcg_10: 0.0200	 hit@1:0.003621	 hit@5:0.0239	 hit@10: 0.0442
target: 	 mrr: 0.048217	 ndcg_5: 0.0373	 ndcg_10: 0.0498	 hit@1:0.018118	 hit@5:0.0551	 hit@10: 0.0941
epoch 66: train_loss = 1.529753, source_mrr = 0.021059, source_hit@10 = 0.0442, source_ndcg@10 = 0.0200, target_mrr = 0.048217, target_hit@10 = 0.0941, target_ndcg@10 = 0.0498

2024-08-15 01:59:28.224433: step 10184/12160 (epoch 67/80), loss = 1.527730 (45.260 sec/epoch), lr: 0.000904
Evaluating on dev set...
...........................
source: 	 mrr: 0.050719	 ndcg_5: 0.0406	 ndcg_10: 0.0510	 hit@1:0.022448	 hit@5:0.0608	 hit@10: 0.0934
target: 	 mrr: 0.049770	 ndcg_5: 0.0434	 ndcg_10: 0.0521	 hit@1:0.019512	 hit@5:0.0683	 hit@10: 0.0955
source best!
.............
source: 	 mrr: 0.038697	 ndcg_5: 0.0301	 ndcg_10: 0.0393	 hit@1:0.008436	 hit@5:0.0537	 hit@10: 0.0828
epoch 67: train_loss = 1.527730, source_mrr = 0.038697, source_hit@10 = 0.0828, source_ndcg@10 = 0.0393, target_mrr = 0.049770, target_hit@10 = 0.0955, target_ndcg@10 = 0.0521

2024-08-15 02:00:13.778827: step 10336/12160 (epoch 68/80), loss = 1.525127 (44.694 sec/epoch), lr: 0.000904
Evaluating on dev set...
...........................
source: 	 mrr: 0.040433	 ndcg_5: 0.0328	 ndcg_10: 0.0414	 hit@1:0.010138	 hit@5:0.0550	 hit@10: 0.0811
target: 	 mrr: 0.055636	 ndcg_5: 0.0466	 ndcg_10: 0.0596	 hit@1:0.024390	 hit@5:0.0690	 hit@10: 0.1101
epoch 68: train_loss = 1.525127, source_mrr = 0.040433, source_hit@10 = 0.0811, source_ndcg@10 = 0.0414, target_mrr = 0.055636, target_hit@10 = 0.1101, target_ndcg@10 = 0.0596

2024-08-15 02:00:58.822252: step 10488/12160 (epoch 69/80), loss = 1.523544 (44.322 sec/epoch), lr: 0.000859
Evaluating on dev set...
...........................
source: 	 mrr: 0.026239	 ndcg_5: 0.0184	 ndcg_10: 0.0266	 hit@1:0.007241	 hit@5:0.0290	 hit@10: 0.0543
target: 	 mrr: 0.054107	 ndcg_5: 0.0459	 ndcg_10: 0.0596	 hit@1:0.021603	 hit@5:0.0718	 hit@10: 0.1143
epoch 69: train_loss = 1.523544, source_mrr = 0.026239, source_hit@10 = 0.0543, source_ndcg@10 = 0.0266, target_mrr = 0.054107, target_hit@10 = 0.1143, target_ndcg@10 = 0.0596

2024-08-15 02:01:44.475129: step 10640/12160 (epoch 70/80), loss = 1.522711 (45.000 sec/epoch), lr: 0.000816
Evaluating on dev set...
...........................
source: 	 mrr: 0.027316	 ndcg_5: 0.0191	 ndcg_10: 0.0264	 hit@1:0.007241	 hit@5:0.0311	 hit@10: 0.0536
target: 	 mrr: 0.054119	 ndcg_5: 0.0448	 ndcg_10: 0.0583	 hit@1:0.022997	 hit@5:0.0676	 hit@10: 0.1101
epoch 70: train_loss = 1.522711, source_mrr = 0.027316, source_hit@10 = 0.0536, source_ndcg@10 = 0.0264, target_mrr = 0.054119, target_hit@10 = 0.1101, target_ndcg@10 = 0.0583

2024-08-15 02:02:30.870068: step 10792/12160 (epoch 71/80), loss = 1.518773 (45.679 sec/epoch), lr: 0.000816
Evaluating on dev set...
...........................
source: 	 mrr: 0.027633	 ndcg_5: 0.0186	 ndcg_10: 0.0254	 hit@1:0.007965	 hit@5:0.0290	 hit@10: 0.0500
target: 	 mrr: 0.046156	 ndcg_5: 0.0374	 ndcg_10: 0.0502	 hit@1:0.013240	 hit@5:0.0613	 hit@10: 0.1010
epoch 71: train_loss = 1.518773, source_mrr = 0.027633, source_hit@10 = 0.0500, source_ndcg@10 = 0.0254, target_mrr = 0.046156, target_hit@10 = 0.1010, target_ndcg@10 = 0.0502

2024-08-15 02:03:17.721712: step 10944/12160 (epoch 72/80), loss = 1.516610 (46.109 sec/epoch), lr: 0.000775
Evaluating on dev set...
...........................
source: 	 mrr: 0.029235	 ndcg_5: 0.0202	 ndcg_10: 0.0303	 hit@1:0.007241	 hit@5:0.0340	 hit@10: 0.0652
target: 	 mrr: 0.049163	 ndcg_5: 0.0394	 ndcg_10: 0.0515	 hit@1:0.017422	 hit@5:0.0599	 hit@10: 0.0969
epoch 72: train_loss = 1.516610, source_mrr = 0.029235, source_hit@10 = 0.0652, source_ndcg@10 = 0.0303, target_mrr = 0.049163, target_hit@10 = 0.0969, target_ndcg@10 = 0.0515

2024-08-15 02:04:03.763527: step 11096/12160 (epoch 73/80), loss = 1.517170 (45.359 sec/epoch), lr: 0.000775
Evaluating on dev set...
...........................
source: 	 mrr: 0.034805	 ndcg_5: 0.0239	 ndcg_10: 0.0343	 hit@1:0.010138	 hit@5:0.0369	 hit@10: 0.0695
target: 	 mrr: 0.052910	 ndcg_5: 0.0434	 ndcg_10: 0.0554	 hit@1:0.022300	 hit@5:0.0641	 hit@10: 0.1017
epoch 73: train_loss = 1.517170, source_mrr = 0.034805, source_hit@10 = 0.0695, source_ndcg@10 = 0.0343, target_mrr = 0.052910, target_hit@10 = 0.1017, target_ndcg@10 = 0.0554

2024-08-15 02:04:49.578841: step 11248/12160 (epoch 74/80), loss = 1.516345 (45.170 sec/epoch), lr: 0.000775
Evaluating on dev set...
...........................
source: 	 mrr: 0.037342	 ndcg_5: 0.0268	 ndcg_10: 0.0356	 hit@1:0.013758	 hit@5:0.0398	 hit@10: 0.0673
target: 	 mrr: 0.048265	 ndcg_5: 0.0380	 ndcg_10: 0.0511	 hit@1:0.016725	 hit@5:0.0585	 hit@10: 0.0997
epoch 74: train_loss = 1.516345, source_mrr = 0.037342, source_hit@10 = 0.0673, source_ndcg@10 = 0.0356, target_mrr = 0.048265, target_hit@10 = 0.0997, target_ndcg@10 = 0.0511

2024-08-15 02:05:35.545901: step 11400/12160 (epoch 75/80), loss = 1.510239 (45.304 sec/epoch), lr: 0.000736
Evaluating on dev set...
...........................
source: 	 mrr: 0.035796	 ndcg_5: 0.0252	 ndcg_10: 0.0352	 hit@1:0.011586	 hit@5:0.0377	 hit@10: 0.0681
target: 	 mrr: 0.055668	 ndcg_5: 0.0468	 ndcg_10: 0.0615	 hit@1:0.022997	 hit@5:0.0725	 hit@10: 0.1178
epoch 75: train_loss = 1.510239, source_mrr = 0.035796, source_hit@10 = 0.0681, source_ndcg@10 = 0.0352, target_mrr = 0.055668, target_hit@10 = 0.1178, target_ndcg@10 = 0.0615

2024-08-15 02:06:22.267649: step 11552/12160 (epoch 76/80), loss = 1.506323 (46.091 sec/epoch), lr: 0.000736
Evaluating on dev set...
...........................
source: 	 mrr: 0.043080	 ndcg_5: 0.0331	 ndcg_10: 0.0416	 hit@1:0.018827	 hit@5:0.0485	 hit@10: 0.0753
target: 	 mrr: 0.052541	 ndcg_5: 0.0426	 ndcg_10: 0.0579	 hit@1:0.018118	 hit@5:0.0676	 hit@10: 0.1143
epoch 76: train_loss = 1.506323, source_mrr = 0.043080, source_hit@10 = 0.0753, source_ndcg@10 = 0.0416, target_mrr = 0.052541, target_hit@10 = 0.1143, target_ndcg@10 = 0.0579

2024-08-15 02:07:08.291238: step 11704/12160 (epoch 77/80), loss = 1.506919 (45.369 sec/epoch), lr: 0.000736
Evaluating on dev set...
...........................
source: 	 mrr: 0.037064	 ndcg_5: 0.0290	 ndcg_10: 0.0378	 hit@1:0.010138	 hit@5:0.0449	 hit@10: 0.0724
target: 	 mrr: 0.051887	 ndcg_5: 0.0441	 ndcg_10: 0.0576	 hit@1:0.017422	 hit@5:0.0711	 hit@10: 0.1136
epoch 77: train_loss = 1.506919, source_mrr = 0.037064, source_hit@10 = 0.0724, source_ndcg@10 = 0.0378, target_mrr = 0.051887, target_hit@10 = 0.1136, target_ndcg@10 = 0.0576

2024-08-15 02:07:54.576663: step 11856/12160 (epoch 78/80), loss = 1.502222 (45.633 sec/epoch), lr: 0.000699
Evaluating on dev set...
...........................
source: 	 mrr: 0.035164	 ndcg_5: 0.0254	 ndcg_10: 0.0364	 hit@1:0.008689	 hit@5:0.0413	 hit@10: 0.0746
target: 	 mrr: 0.054153	 ndcg_5: 0.0459	 ndcg_10: 0.0562	 hit@1:0.021603	 hit@5:0.0697	 hit@10: 0.1017
epoch 78: train_loss = 1.502222, source_mrr = 0.035164, source_hit@10 = 0.0746, source_ndcg@10 = 0.0364, target_mrr = 0.054153, target_hit@10 = 0.1017, target_ndcg@10 = 0.0562

2024-08-15 02:08:40.307042: step 12008/12160 (epoch 79/80), loss = 1.501151 (45.018 sec/epoch), lr: 0.000699
Evaluating on dev set...
...........................
source: 	 mrr: 0.040858	 ndcg_5: 0.0335	 ndcg_10: 0.0404	 hit@1:0.013758	 hit@5:0.0521	 hit@10: 0.0739
target: 	 mrr: 0.041468	 ndcg_5: 0.0323	 ndcg_10: 0.0460	 hit@1:0.009059	 hit@5:0.0585	 hit@10: 0.1010
epoch 79: train_loss = 1.501151, source_mrr = 0.040858, source_hit@10 = 0.0739, source_ndcg@10 = 0.0404, target_mrr = 0.041468, target_hit@10 = 0.1010, target_ndcg@10 = 0.0460

2024-08-15 02:09:26.399043: step 12160/12160 (epoch 80/80), loss = 1.494333 (45.475 sec/epoch), lr: 0.000664
Evaluating on dev set...
...........................
source: 	 mrr: 0.033653	 ndcg_5: 0.0246	 ndcg_10: 0.0342	 hit@1:0.010138	 hit@5:0.0398	 hit@10: 0.0695
target: 	 mrr: 0.047504	 ndcg_5: 0.0361	 ndcg_10: 0.0492	 hit@1:0.017422	 hit@5:0.0551	 hit@10: 0.0962
epoch 80: train_loss = 1.494333, source_mrr = 0.033653, source_hit@10 = 0.0695, source_ndcg@10 = 0.0342, target_mrr = 0.047504, target_hit@10 = 0.0962, target_ndcg@10 = 0.0492

source best:  source_mrr = 0.050719, source_hit@10 = 0.0934, source_ndcg@10 = 0.0510
target best:  target_mrr = 0.056299, target_hit@10 = 0.1261, target_ndcg@10 = 0.0638
