using gpu:2 to train the model
using gpu:2 to train the model
cuda:2
Namespace(A_split=False, JK='sum', a_fold=100, aggregate=False, alpha=0.1, batch_size=2048, beta_inter=0.2, conv_layers=4, cuda=True, decay_epoch=10, device=device(type='cuda', index=2), device_id='2', domains='game_video', dropout=0.4, epoch=80, feature_dim=126, gamma_intra=0.8, hidden_dim=126, inter_tau=0.2, intra_tau=0.4, lambda_critic=0.1, leakey=0.05, load=False, log='logs.txt', log_epoch=1, lr=0.004, lr_decay=0.95, min_epoch=60, mode='train', model_file=None, model_name='gv', momentum=0.98, num_latent_factors=3, num_negative=100, optim='adam', patience=20, proj_layers=1, projection=1, rectify_epoch=40, residual=1, save=False, save_dir='./saved_models', seed=32, similarity_tau=0.1, step=4, test_sample_number=999, user_batch_size=256, weight_decay=0.0002)
number_user 25025
number_item 12319
real graph loaded!
number_user 19457
number_item 8751
real graph loaded!
graph loaded!
Loading data from game_video with batch size 2048...
unseen test: 0
test length: 1381
unseen test: 0
test length: 1304
unseen test: 0
test length: 1435
unseen test: 0
test length: 1458
source_user_num 25025
target_user_num 19457
source_item_num 12319
target_item_num 8751
shared users id: 1737
test users 226, 217
unseen test: 0
dev length: 1000
unseen test: 0
dev length: 1000
source train data : 155036, target train data: 156091, source test data : 1304, target test data : 1458, source dev data : 1000, target dev data : 1000
2024-08-14 21:36:12.082586: step 152/12160 (epoch 1/80), loss = 2.327027 (44.837 sec/epoch), lr: 0.004000
Evaluating on dev set...
...........................
source: 	 mrr: 0.025266	 ndcg_5: 0.0150	 ndcg_10: 0.0195	 hit@1:0.009413	 hit@5:0.0203	 hit@10: 0.0348
target: 	 mrr: 0.028527	 ndcg_5: 0.0203	 ndcg_10: 0.0287	 hit@1:0.008362	 hit@5:0.0321	 hit@10: 0.0585
source best!
.............
source: 	 mrr: 0.024753	 ndcg_5: 0.0163	 ndcg_10: 0.0217	 hit@1:0.005368	 hit@5:0.0261	 hit@10: 0.0429
target best!
..............target: 	 mrr: 0.031657	 ndcg_5: 0.0242	 ndcg_10: 0.0293	 hit@1:0.012346	 hit@5:0.0357	 hit@10: 0.0521
epoch 1: train_loss = 2.327027, source_mrr = 0.024753, source_hit@10 = 0.0429, source_ndcg@10 = 0.0217, target_mrr = 0.031657, target_hit@10 = 0.0521, target_ndcg@10 = 0.0293

2024-08-14 21:36:58.374668: step 304/12160 (epoch 2/80), loss = 1.955929 (45.156 sec/epoch), lr: 0.004000
Evaluating on dev set...
...........................
source: 	 mrr: 0.031718	 ndcg_5: 0.0210	 ndcg_10: 0.0311	 hit@1:0.005793	 hit@5:0.0369	 hit@10: 0.0681
target: 	 mrr: 0.027306	 ndcg_5: 0.0182	 ndcg_10: 0.0250	 hit@1:0.009756	 hit@5:0.0272	 hit@10: 0.0481
source best!
.............
source: 	 mrr: 0.031959	 ndcg_5: 0.0213	 ndcg_10: 0.0316	 hit@1:0.006902	 hit@5:0.0368	 hit@10: 0.0690
epoch 2: train_loss = 1.955929, source_mrr = 0.031959, source_hit@10 = 0.0690, source_ndcg@10 = 0.0316, target_mrr = 0.027306, target_hit@10 = 0.0481, target_ndcg@10 = 0.0250

2024-08-14 21:37:43.543993: step 456/12160 (epoch 3/80), loss = 1.898069 (44.304 sec/epoch), lr: 0.004000
Evaluating on dev set...
...........................
source: 	 mrr: 0.034556	 ndcg_5: 0.0211	 ndcg_10: 0.0336	 hit@1:0.007965	 hit@5:0.0355	 hit@10: 0.0746
target: 	 mrr: 0.035078	 ndcg_5: 0.0250	 ndcg_10: 0.0332	 hit@1:0.012544	 hit@5:0.0376	 hit@10: 0.0634
source best!
.............
source: 	 mrr: 0.034894	 ndcg_5: 0.0226	 ndcg_10: 0.0355	 hit@1:0.006135	 hit@5:0.0391	 hit@10: 0.0798
target best!
..............target: 	 mrr: 0.038126	 ndcg_5: 0.0298	 ndcg_10: 0.0373	 hit@1:0.013717	 hit@5:0.0453	 hit@10: 0.0686
epoch 3: train_loss = 1.898069, source_mrr = 0.034894, source_hit@10 = 0.0798, source_ndcg@10 = 0.0355, target_mrr = 0.038126, target_hit@10 = 0.0686, target_ndcg@10 = 0.0373

2024-08-14 21:38:29.928857: step 608/12160 (epoch 4/80), loss = 1.875294 (45.305 sec/epoch), lr: 0.004000
Evaluating on dev set...
...........................
source: 	 mrr: 0.037227	 ndcg_5: 0.0270	 ndcg_10: 0.0365	 hit@1:0.010862	 hit@5:0.0434	 hit@10: 0.0731
target: 	 mrr: 0.048300	 ndcg_5: 0.0399	 ndcg_10: 0.0517	 hit@1:0.018815	 hit@5:0.0634	 hit@10: 0.1003
source best!
.............
source: 	 mrr: 0.034730	 ndcg_5: 0.0246	 ndcg_10: 0.0335	 hit@1:0.009969	 hit@5:0.0399	 hit@10: 0.0675
target best!
..............target: 	 mrr: 0.046604	 ndcg_5: 0.0363	 ndcg_10: 0.0525	 hit@1:0.013717	 hit@5:0.0590	 hit@10: 0.1097
epoch 4: train_loss = 1.875294, source_mrr = 0.034730, source_hit@10 = 0.0675, source_ndcg@10 = 0.0335, target_mrr = 0.046604, target_hit@10 = 0.1097, target_ndcg@10 = 0.0525

2024-08-14 21:39:15.605809: step 760/12160 (epoch 5/80), loss = 1.861355 (44.517 sec/epoch), lr: 0.004000
Evaluating on dev set...
...........................
source: 	 mrr: 0.036019	 ndcg_5: 0.0251	 ndcg_10: 0.0341	 hit@1:0.011586	 hit@5:0.0398	 hit@10: 0.0681
target: 	 mrr: 0.052385	 ndcg_5: 0.0461	 ndcg_10: 0.0563	 hit@1:0.017422	 hit@5:0.0753	 hit@10: 0.1073
target best!
..............target: 	 mrr: 0.053075	 ndcg_5: 0.0454	 ndcg_10: 0.0591	 hit@1:0.017147	 hit@5:0.0748	 hit@10: 0.1166
epoch 5: train_loss = 1.861355, source_mrr = 0.036019, source_hit@10 = 0.0681, source_ndcg@10 = 0.0341, target_mrr = 0.053075, target_hit@10 = 0.1166, target_ndcg@10 = 0.0591

2024-08-14 21:40:02.797621: step 912/12160 (epoch 6/80), loss = 1.838805 (46.246 sec/epoch), lr: 0.004000
Evaluating on dev set...
...........................
source: 	 mrr: 0.035780	 ndcg_5: 0.0252	 ndcg_10: 0.0340	 hit@1:0.010862	 hit@5:0.0369	 hit@10: 0.0637
target: 	 mrr: 0.030658	 ndcg_5: 0.0227	 ndcg_10: 0.0310	 hit@1:0.009059	 hit@5:0.0369	 hit@10: 0.0627
epoch 6: train_loss = 1.838805, source_mrr = 0.035780, source_hit@10 = 0.0637, source_ndcg@10 = 0.0340, target_mrr = 0.030658, target_hit@10 = 0.0627, target_ndcg@10 = 0.0310

2024-08-14 21:40:47.655126: step 1064/12160 (epoch 7/80), loss = 1.808732 (44.209 sec/epoch), lr: 0.004000
Evaluating on dev set...
...........................
source: 	 mrr: 0.035675	 ndcg_5: 0.0265	 ndcg_10: 0.0364	 hit@1:0.008689	 hit@5:0.0456	 hit@10: 0.0768
target: 	 mrr: 0.043925	 ndcg_5: 0.0349	 ndcg_10: 0.0454	 hit@1:0.016725	 hit@5:0.0557	 hit@10: 0.0885
epoch 7: train_loss = 1.808732, source_mrr = 0.035675, source_hit@10 = 0.0768, source_ndcg@10 = 0.0364, target_mrr = 0.043925, target_hit@10 = 0.0885, target_ndcg@10 = 0.0454

2024-08-14 21:41:33.002012: step 1216/12160 (epoch 8/80), loss = 1.774909 (44.708 sec/epoch), lr: 0.004000
Evaluating on dev set...
...........................
source: 	 mrr: 0.027264	 ndcg_5: 0.0189	 ndcg_10: 0.0270	 hit@1:0.005793	 hit@5:0.0319	 hit@10: 0.0572
target: 	 mrr: 0.046440	 ndcg_5: 0.0360	 ndcg_10: 0.0522	 hit@1:0.014634	 hit@5:0.0557	 hit@10: 0.1066
epoch 8: train_loss = 1.774909, source_mrr = 0.027264, source_hit@10 = 0.0572, source_ndcg@10 = 0.0270, target_mrr = 0.046440, target_hit@10 = 0.1066, target_ndcg@10 = 0.0522

2024-08-14 21:42:18.526632: step 1368/12160 (epoch 9/80), loss = 1.755310 (44.869 sec/epoch), lr: 0.004000
Evaluating on dev set...
...........................
source: 	 mrr: 0.028845	 ndcg_5: 0.0197	 ndcg_10: 0.0280	 hit@1:0.008689	 hit@5:0.0311	 hit@10: 0.0565
target: 	 mrr: 0.043217	 ndcg_5: 0.0339	 ndcg_10: 0.0463	 hit@1:0.013240	 hit@5:0.0551	 hit@10: 0.0941
epoch 9: train_loss = 1.755310, source_mrr = 0.028845, source_hit@10 = 0.0565, source_ndcg@10 = 0.0280, target_mrr = 0.043217, target_hit@10 = 0.0941, target_ndcg@10 = 0.0463

2024-08-14 21:43:03.953337: step 1520/12160 (epoch 10/80), loss = 1.742606 (44.766 sec/epoch), lr: 0.004000
Evaluating on dev set...
...........................
source: 	 mrr: 0.034401	 ndcg_5: 0.0251	 ndcg_10: 0.0319	 hit@1:0.012310	 hit@5:0.0391	 hit@10: 0.0601
target: 	 mrr: 0.046998	 ndcg_5: 0.0392	 ndcg_10: 0.0521	 hit@1:0.012544	 hit@5:0.0662	 hit@10: 0.1066
epoch 10: train_loss = 1.742606, source_mrr = 0.034401, source_hit@10 = 0.0601, source_ndcg@10 = 0.0319, target_mrr = 0.046998, target_hit@10 = 0.1066, target_ndcg@10 = 0.0521

2024-08-14 21:43:49.358177: step 1672/12160 (epoch 11/80), loss = 1.739966 (44.722 sec/epoch), lr: 0.004000
Evaluating on dev set...
...........................
source: 	 mrr: 0.033482	 ndcg_5: 0.0253	 ndcg_10: 0.0337	 hit@1:0.007965	 hit@5:0.0434	 hit@10: 0.0695
target: 	 mrr: 0.039204	 ndcg_5: 0.0315	 ndcg_10: 0.0407	 hit@1:0.010453	 hit@5:0.0537	 hit@10: 0.0822
epoch 11: train_loss = 1.739966, source_mrr = 0.033482, source_hit@10 = 0.0695, source_ndcg@10 = 0.0337, target_mrr = 0.039204, target_hit@10 = 0.0822, target_ndcg@10 = 0.0407

2024-08-14 21:44:35.468863: step 1824/12160 (epoch 12/80), loss = 1.727759 (45.485 sec/epoch), lr: 0.003800
Evaluating on dev set...
...........................
source: 	 mrr: 0.021038	 ndcg_5: 0.0130	 ndcg_10: 0.0182	 hit@1:0.005793	 hit@5:0.0203	 hit@10: 0.0369
target: 	 mrr: 0.055774	 ndcg_5: 0.0482	 ndcg_10: 0.0636	 hit@1:0.020209	 hit@5:0.0767	 hit@10: 0.1247
target best!
..............target: 	 mrr: 0.056254	 ndcg_5: 0.0501	 ndcg_10: 0.0633	 hit@1:0.019204	 hit@5:0.0830	 hit@10: 0.1241
epoch 12: train_loss = 1.727759, source_mrr = 0.021038, source_hit@10 = 0.0369, source_ndcg@10 = 0.0182, target_mrr = 0.056254, target_hit@10 = 0.1241, target_ndcg@10 = 0.0633

2024-08-14 21:45:20.872743: step 1976/12160 (epoch 13/80), loss = 1.726327 (44.475 sec/epoch), lr: 0.003800
Evaluating on dev set...
...........................
source: 	 mrr: 0.022596	 ndcg_5: 0.0166	 ndcg_10: 0.0211	 hit@1:0.005069	 hit@5:0.0282	 hit@10: 0.0420
target: 	 mrr: 0.038585	 ndcg_5: 0.0270	 ndcg_10: 0.0431	 hit@1:0.011847	 hit@5:0.0439	 hit@10: 0.0948
epoch 13: train_loss = 1.726327, source_mrr = 0.022596, source_hit@10 = 0.0420, source_ndcg@10 = 0.0211, target_mrr = 0.038585, target_hit@10 = 0.0948, target_ndcg@10 = 0.0431

2024-08-14 21:46:06.759512: step 2128/12160 (epoch 14/80), loss = 1.720406 (45.177 sec/epoch), lr: 0.003610
Evaluating on dev set...
...........................
source: 	 mrr: 0.027328	 ndcg_5: 0.0172	 ndcg_10: 0.0260	 hit@1:0.009413	 hit@5:0.0253	 hit@10: 0.0529
target: 	 mrr: 0.049988	 ndcg_5: 0.0408	 ndcg_10: 0.0533	 hit@1:0.017422	 hit@5:0.0634	 hit@10: 0.1024
epoch 14: train_loss = 1.720406, source_mrr = 0.027328, source_hit@10 = 0.0529, source_ndcg@10 = 0.0260, target_mrr = 0.049988, target_hit@10 = 0.1024, target_ndcg@10 = 0.0533

2024-08-14 21:46:51.982619: step 2280/12160 (epoch 15/80), loss = 1.715066 (44.556 sec/epoch), lr: 0.003610
Evaluating on dev set...
...........................
source: 	 mrr: 0.025713	 ndcg_5: 0.0161	 ndcg_10: 0.0240	 hit@1:0.004345	 hit@5:0.0268	 hit@10: 0.0514
target: 	 mrr: 0.054887	 ndcg_5: 0.0432	 ndcg_10: 0.0578	 hit@1:0.022300	 hit@5:0.0634	 hit@10: 0.1087
epoch 15: train_loss = 1.715066, source_mrr = 0.025713, source_hit@10 = 0.0514, source_ndcg@10 = 0.0240, target_mrr = 0.054887, target_hit@10 = 0.1087, target_ndcg@10 = 0.0578

2024-08-14 21:47:36.919705: step 2432/12160 (epoch 16/80), loss = 1.710808 (44.332 sec/epoch), lr: 0.003610
Evaluating on dev set...
...........................
source: 	 mrr: 0.017127	 ndcg_5: 0.0100	 ndcg_10: 0.0151	 hit@1:0.002896	 hit@5:0.0174	 hit@10: 0.0333
target: 	 mrr: 0.044376	 ndcg_5: 0.0339	 ndcg_10: 0.0454	 hit@1:0.013937	 hit@5:0.0530	 hit@10: 0.0885
epoch 16: train_loss = 1.710808, source_mrr = 0.017127, source_hit@10 = 0.0333, source_ndcg@10 = 0.0151, target_mrr = 0.044376, target_hit@10 = 0.0885, target_ndcg@10 = 0.0454

2024-08-14 21:48:22.097417: step 2584/12160 (epoch 17/80), loss = 1.703321 (44.474 sec/epoch), lr: 0.003429
Evaluating on dev set...
...........................
source: 	 mrr: 0.021671	 ndcg_5: 0.0140	 ndcg_10: 0.0211	 hit@1:0.005793	 hit@5:0.0224	 hit@10: 0.0449
target: 	 mrr: 0.039286	 ndcg_5: 0.0304	 ndcg_10: 0.0406	 hit@1:0.011150	 hit@5:0.0502	 hit@10: 0.0822
epoch 17: train_loss = 1.703321, source_mrr = 0.021671, source_hit@10 = 0.0449, source_ndcg@10 = 0.0211, target_mrr = 0.039286, target_hit@10 = 0.0822, target_ndcg@10 = 0.0406

2024-08-14 21:49:05.980455: step 2736/12160 (epoch 18/80), loss = 1.698746 (43.254 sec/epoch), lr: 0.003258
Evaluating on dev set...
...........................
source: 	 mrr: 0.027221	 ndcg_5: 0.0192	 ndcg_10: 0.0254	 hit@1:0.007965	 hit@5:0.0311	 hit@10: 0.0500
target: 	 mrr: 0.054288	 ndcg_5: 0.0440	 ndcg_10: 0.0581	 hit@1:0.022997	 hit@5:0.0655	 hit@10: 0.1094
epoch 18: train_loss = 1.698746, source_mrr = 0.027221, source_hit@10 = 0.0500, source_ndcg@10 = 0.0254, target_mrr = 0.054288, target_hit@10 = 0.1094, target_ndcg@10 = 0.0581

2024-08-14 21:49:47.620207: step 2888/12160 (epoch 19/80), loss = 1.694824 (41.060 sec/epoch), lr: 0.003258
Evaluating on dev set...
...........................
source: 	 mrr: 0.026579	 ndcg_5: 0.0174	 ndcg_10: 0.0249	 hit@1:0.007241	 hit@5:0.0282	 hit@10: 0.0514
target: 	 mrr: 0.046386	 ndcg_5: 0.0370	 ndcg_10: 0.0490	 hit@1:0.014634	 hit@5:0.0599	 hit@10: 0.0969
epoch 19: train_loss = 1.694824, source_mrr = 0.026579, source_hit@10 = 0.0514, source_ndcg@10 = 0.0249, target_mrr = 0.046386, target_hit@10 = 0.0969, target_ndcg@10 = 0.0490

2024-08-14 21:50:30.032598: step 3040/12160 (epoch 20/80), loss = 1.688862 (41.818 sec/epoch), lr: 0.003095
Evaluating on dev set...
...........................
source: 	 mrr: 0.025105	 ndcg_5: 0.0159	 ndcg_10: 0.0226	 hit@1:0.008689	 hit@5:0.0224	 hit@10: 0.0427
target: 	 mrr: 0.058494	 ndcg_5: 0.0534	 ndcg_10: 0.0659	 hit@1:0.021603	 hit@5:0.0836	 hit@10: 0.1233
target best!
..............target: 	 mrr: 0.053161	 ndcg_5: 0.0443	 ndcg_10: 0.0589	 hit@1:0.017833	 hit@5:0.0700	 hit@10: 0.1152
epoch 20: train_loss = 1.688862, source_mrr = 0.025105, source_hit@10 = 0.0427, source_ndcg@10 = 0.0226, target_mrr = 0.053161, target_hit@10 = 0.1152, target_ndcg@10 = 0.0589

2024-08-14 21:51:12.395188: step 3192/12160 (epoch 21/80), loss = 1.684109 (41.521 sec/epoch), lr: 0.003095
Evaluating on dev set...
...........................
source: 	 mrr: 0.025180	 ndcg_5: 0.0179	 ndcg_10: 0.0237	 hit@1:0.005069	 hit@5:0.0319	 hit@10: 0.0492
target: 	 mrr: 0.044924	 ndcg_5: 0.0369	 ndcg_10: 0.0501	 hit@1:0.009756	 hit@5:0.0641	 hit@10: 0.1045
epoch 21: train_loss = 1.684109, source_mrr = 0.025180, source_hit@10 = 0.0492, source_ndcg@10 = 0.0237, target_mrr = 0.044924, target_hit@10 = 0.1045, target_ndcg@10 = 0.0501

2024-08-14 21:51:54.490759: step 3344/12160 (epoch 22/80), loss = 1.681382 (41.496 sec/epoch), lr: 0.002940
Evaluating on dev set...
...........................
source: 	 mrr: 0.016352	 ndcg_5: 0.0102	 ndcg_10: 0.0131	 hit@1:0.003621	 hit@5:0.0181	 hit@10: 0.0275
target: 	 mrr: 0.052995	 ndcg_5: 0.0408	 ndcg_10: 0.0574	 hit@1:0.021603	 hit@5:0.0606	 hit@10: 0.1122
epoch 22: train_loss = 1.681382, source_mrr = 0.016352, source_hit@10 = 0.0275, source_ndcg@10 = 0.0131, target_mrr = 0.052995, target_hit@10 = 0.1122, target_ndcg@10 = 0.0574

2024-08-14 21:52:36.734996: step 3496/12160 (epoch 23/80), loss = 1.673079 (41.646 sec/epoch), lr: 0.002793
Evaluating on dev set...
...........................
source: 	 mrr: 0.018786	 ndcg_5: 0.0124	 ndcg_10: 0.0187	 hit@1:0.002896	 hit@5:0.0224	 hit@10: 0.0427
target: 	 mrr: 0.042170	 ndcg_5: 0.0314	 ndcg_10: 0.0450	 hit@1:0.010453	 hit@5:0.0523	 hit@10: 0.0941
epoch 23: train_loss = 1.673079, source_mrr = 0.018786, source_hit@10 = 0.0427, source_ndcg@10 = 0.0187, target_mrr = 0.042170, target_hit@10 = 0.0941, target_ndcg@10 = 0.0450

2024-08-14 21:53:19.479750: step 3648/12160 (epoch 24/80), loss = 1.667427 (42.147 sec/epoch), lr: 0.002654
Evaluating on dev set...
...........................
source: 	 mrr: 0.018744	 ndcg_5: 0.0116	 ndcg_10: 0.0163	 hit@1:0.005069	 hit@5:0.0174	 hit@10: 0.0319
target: 	 mrr: 0.050594	 ndcg_5: 0.0409	 ndcg_10: 0.0551	 hit@1:0.018815	 hit@5:0.0641	 hit@10: 0.1094
epoch 24: train_loss = 1.667427, source_mrr = 0.018744, source_hit@10 = 0.0319, source_ndcg@10 = 0.0163, target_mrr = 0.050594, target_hit@10 = 0.1094, target_ndcg@10 = 0.0551

2024-08-14 21:54:01.823841: step 3800/12160 (epoch 25/80), loss = 1.664984 (41.595 sec/epoch), lr: 0.002654
Evaluating on dev set...
...........................
source: 	 mrr: 0.026997	 ndcg_5: 0.0175	 ndcg_10: 0.0247	 hit@1:0.006517	 hit@5:0.0290	 hit@10: 0.0514
target: 	 mrr: 0.048349	 ndcg_5: 0.0383	 ndcg_10: 0.0529	 hit@1:0.018815	 hit@5:0.0585	 hit@10: 0.1052
epoch 25: train_loss = 1.664984, source_mrr = 0.026997, source_hit@10 = 0.0514, source_ndcg@10 = 0.0247, target_mrr = 0.048349, target_hit@10 = 0.1052, target_ndcg@10 = 0.0529

2024-08-14 21:54:43.246510: step 3952/12160 (epoch 26/80), loss = 1.661620 (40.798 sec/epoch), lr: 0.002654
Evaluating on dev set...
...........................
source: 	 mrr: 0.025989	 ndcg_5: 0.0173	 ndcg_10: 0.0252	 hit@1:0.008689	 hit@5:0.0253	 hit@10: 0.0500
target: 	 mrr: 0.052014	 ndcg_5: 0.0410	 ndcg_10: 0.0571	 hit@1:0.018815	 hit@5:0.0634	 hit@10: 0.1129
epoch 26: train_loss = 1.661620, source_mrr = 0.025989, source_hit@10 = 0.0500, source_ndcg@10 = 0.0252, target_mrr = 0.052014, target_hit@10 = 0.1129, target_ndcg@10 = 0.0571

2024-08-14 21:55:27.179510: step 4104/12160 (epoch 27/80), loss = 1.664727 (43.310 sec/epoch), lr: 0.002654
Evaluating on dev set...
...........................
source: 	 mrr: 0.018521	 ndcg_5: 0.0109	 ndcg_10: 0.0173	 hit@1:0.002172	 hit@5:0.0196	 hit@10: 0.0391
target: 	 mrr: 0.053837	 ndcg_5: 0.0434	 ndcg_10: 0.0613	 hit@1:0.020906	 hit@5:0.0669	 hit@10: 0.1233
epoch 27: train_loss = 1.664727, source_mrr = 0.018521, source_hit@10 = 0.0391, source_ndcg@10 = 0.0173, target_mrr = 0.053837, target_hit@10 = 0.1233, target_ndcg@10 = 0.0613

2024-08-14 21:56:13.019868: step 4256/12160 (epoch 28/80), loss = 1.652923 (45.197 sec/epoch), lr: 0.002521
Evaluating on dev set...
...........................
source: 	 mrr: 0.023825	 ndcg_5: 0.0164	 ndcg_10: 0.0205	 hit@1:0.008689	 hit@5:0.0239	 hit@10: 0.0369
target: 	 mrr: 0.054951	 ndcg_5: 0.0453	 ndcg_10: 0.0625	 hit@1:0.014634	 hit@5:0.0704	 hit@10: 0.1233
epoch 28: train_loss = 1.652923, source_mrr = 0.023825, source_hit@10 = 0.0369, source_ndcg@10 = 0.0205, target_mrr = 0.054951, target_hit@10 = 0.1233, target_ndcg@10 = 0.0625

2024-08-14 21:56:57.675228: step 4408/12160 (epoch 29/80), loss = 1.653846 (44.037 sec/epoch), lr: 0.002521
Evaluating on dev set...
...........................
source: 	 mrr: 0.025051	 ndcg_5: 0.0175	 ndcg_10: 0.0232	 hit@1:0.005069	 hit@5:0.0297	 hit@10: 0.0478
target: 	 mrr: 0.050073	 ndcg_5: 0.0403	 ndcg_10: 0.0556	 hit@1:0.016028	 hit@5:0.0648	 hit@10: 0.1122
epoch 29: train_loss = 1.653846, source_mrr = 0.025051, source_hit@10 = 0.0478, source_ndcg@10 = 0.0232, target_mrr = 0.050073, target_hit@10 = 0.1122, target_ndcg@10 = 0.0556

2024-08-14 21:57:42.712078: step 4560/12160 (epoch 30/80), loss = 1.648027 (44.399 sec/epoch), lr: 0.002395
Evaluating on dev set...
...........................
source: 	 mrr: 0.032999	 ndcg_5: 0.0228	 ndcg_10: 0.0326	 hit@1:0.010862	 hit@5:0.0369	 hit@10: 0.0673
target: 	 mrr: 0.054968	 ndcg_5: 0.0491	 ndcg_10: 0.0609	 hit@1:0.018815	 hit@5:0.0808	 hit@10: 0.1178
epoch 30: train_loss = 1.648027, source_mrr = 0.032999, source_hit@10 = 0.0673, source_ndcg@10 = 0.0326, target_mrr = 0.054968, target_hit@10 = 0.1178, target_ndcg@10 = 0.0609

2024-08-14 21:58:27.703237: step 4712/12160 (epoch 31/80), loss = 1.640021 (44.352 sec/epoch), lr: 0.002395
Evaluating on dev set...
...........................
source: 	 mrr: 0.028341	 ndcg_5: 0.0197	 ndcg_10: 0.0270	 hit@1:0.005793	 hit@5:0.0340	 hit@10: 0.0572
target: 	 mrr: 0.056760	 ndcg_5: 0.0482	 ndcg_10: 0.0623	 hit@1:0.021603	 hit@5:0.0760	 hit@10: 0.1199
epoch 31: train_loss = 1.640021, source_mrr = 0.028341, source_hit@10 = 0.0572, source_ndcg@10 = 0.0270, target_mrr = 0.056760, target_hit@10 = 0.1199, target_ndcg@10 = 0.0623

2024-08-14 21:59:12.530739: step 4864/12160 (epoch 32/80), loss = 1.632846 (44.177 sec/epoch), lr: 0.002275
Evaluating on dev set...
...........................
source: 	 mrr: 0.019872	 ndcg_5: 0.0110	 ndcg_10: 0.0180	 hit@1:0.003621	 hit@5:0.0174	 hit@10: 0.0391
target: 	 mrr: 0.054361	 ndcg_5: 0.0458	 ndcg_10: 0.0611	 hit@1:0.021603	 hit@5:0.0718	 hit@10: 0.1199
epoch 32: train_loss = 1.632846, source_mrr = 0.019872, source_hit@10 = 0.0391, source_ndcg@10 = 0.0180, target_mrr = 0.054361, target_hit@10 = 0.1199, target_ndcg@10 = 0.0611

2024-08-14 21:59:57.861143: step 5016/12160 (epoch 33/80), loss = 1.624879 (44.705 sec/epoch), lr: 0.002161
Evaluating on dev set...
...........................
source: 	 mrr: 0.039776	 ndcg_5: 0.0304	 ndcg_10: 0.0407	 hit@1:0.013034	 hit@5:0.0485	 hit@10: 0.0804
target: 	 mrr: 0.057460	 ndcg_5: 0.0485	 ndcg_10: 0.0627	 hit@1:0.025087	 hit@5:0.0739	 hit@10: 0.1185
source best!
.............
source: 	 mrr: 0.037980	 ndcg_5: 0.0276	 ndcg_10: 0.0378	 hit@1:0.010736	 hit@5:0.0422	 hit@10: 0.0744
epoch 33: train_loss = 1.624879, source_mrr = 0.037980, source_hit@10 = 0.0744, source_ndcg@10 = 0.0378, target_mrr = 0.057460, target_hit@10 = 0.1185, target_ndcg@10 = 0.0627

2024-08-14 22:00:43.450182: step 5168/12160 (epoch 34/80), loss = 1.620815 (44.707 sec/epoch), lr: 0.002161
Evaluating on dev set...
...........................
source: 	 mrr: 0.026520	 ndcg_5: 0.0187	 ndcg_10: 0.0261	 hit@1:0.005793	 hit@5:0.0304	 hit@10: 0.0536
target: 	 mrr: 0.055410	 ndcg_5: 0.0469	 ndcg_10: 0.0594	 hit@1:0.020209	 hit@5:0.0732	 hit@10: 0.1122
epoch 34: train_loss = 1.620815, source_mrr = 0.026520, source_hit@10 = 0.0536, source_ndcg@10 = 0.0261, target_mrr = 0.055410, target_hit@10 = 0.1122, target_ndcg@10 = 0.0594

2024-08-14 22:01:28.092569: step 5320/12160 (epoch 35/80), loss = 1.611436 (44.014 sec/epoch), lr: 0.002053
Evaluating on dev set...
...........................
source: 	 mrr: 0.036865	 ndcg_5: 0.0274	 ndcg_10: 0.0379	 hit@1:0.008689	 hit@5:0.0463	 hit@10: 0.0789
target: 	 mrr: 0.058391	 ndcg_5: 0.0517	 ndcg_10: 0.0635	 hit@1:0.022300	 hit@5:0.0801	 hit@10: 0.1164
epoch 35: train_loss = 1.611436, source_mrr = 0.036865, source_hit@10 = 0.0789, source_ndcg@10 = 0.0379, target_mrr = 0.058391, target_hit@10 = 0.1164, target_ndcg@10 = 0.0635

2024-08-14 22:02:14.005083: step 5472/12160 (epoch 36/80), loss = 1.611712 (45.277 sec/epoch), lr: 0.002053
Evaluating on dev set...
...........................
source: 	 mrr: 0.039849	 ndcg_5: 0.0282	 ndcg_10: 0.0400	 hit@1:0.012310	 hit@5:0.0434	 hit@10: 0.0804
target: 	 mrr: 0.057426	 ndcg_5: 0.0509	 ndcg_10: 0.0634	 hit@1:0.021603	 hit@5:0.0794	 hit@10: 0.1178
source best!
.............
source: 	 mrr: 0.038659	 ndcg_5: 0.0287	 ndcg_10: 0.0402	 hit@1:0.010736	 hit@5:0.0468	 hit@10: 0.0828
epoch 36: train_loss = 1.611712, source_mrr = 0.038659, source_hit@10 = 0.0828, source_ndcg@10 = 0.0402, target_mrr = 0.057426, target_hit@10 = 0.1178, target_ndcg@10 = 0.0634

2024-08-14 22:02:59.726446: step 5624/12160 (epoch 37/80), loss = 1.608500 (44.799 sec/epoch), lr: 0.002053
Evaluating on dev set...
...........................
source: 	 mrr: 0.029489	 ndcg_5: 0.0207	 ndcg_10: 0.0278	 hit@1:0.009413	 hit@5:0.0319	 hit@10: 0.0536
target: 	 mrr: 0.055816	 ndcg_5: 0.0458	 ndcg_10: 0.0613	 hit@1:0.019512	 hit@5:0.0697	 hit@10: 0.1178
epoch 37: train_loss = 1.608500, source_mrr = 0.029489, source_hit@10 = 0.0536, source_ndcg@10 = 0.0278, target_mrr = 0.055816, target_hit@10 = 0.1178, target_ndcg@10 = 0.0613

2024-08-14 22:03:45.003635: step 5776/12160 (epoch 38/80), loss = 1.600439 (44.647 sec/epoch), lr: 0.001951
Evaluating on dev set...
...........................
source: 	 mrr: 0.042123	 ndcg_5: 0.0296	 ndcg_10: 0.0412	 hit@1:0.017379	 hit@5:0.0420	 hit@10: 0.0782
target: 	 mrr: 0.052184	 ndcg_5: 0.0430	 ndcg_10: 0.0578	 hit@1:0.016725	 hit@5:0.0683	 hit@10: 0.1143
source best!
.............
source: 	 mrr: 0.038987	 ndcg_5: 0.0284	 ndcg_10: 0.0418	 hit@1:0.010736	 hit@5:0.0460	 hit@10: 0.0882
epoch 38: train_loss = 1.600439, source_mrr = 0.038987, source_hit@10 = 0.0882, source_ndcg@10 = 0.0418, target_mrr = 0.052184, target_hit@10 = 0.1143, target_ndcg@10 = 0.0578

2024-08-14 22:04:31.612370: step 5928/12160 (epoch 39/80), loss = 1.598449 (45.709 sec/epoch), lr: 0.001951
Evaluating on dev set...
...........................
source: 	 mrr: 0.037233	 ndcg_5: 0.0258	 ndcg_10: 0.0353	 hit@1:0.010862	 hit@5:0.0391	 hit@10: 0.0688
target: 	 mrr: 0.047975	 ndcg_5: 0.0388	 ndcg_10: 0.0531	 hit@1:0.012544	 hit@5:0.0655	 hit@10: 0.1094
epoch 39: train_loss = 1.598449, source_mrr = 0.037233, source_hit@10 = 0.0688, source_ndcg@10 = 0.0353, target_mrr = 0.047975, target_hit@10 = 0.1094, target_ndcg@10 = 0.0531

2024-08-14 22:05:17.365182: step 6080/12160 (epoch 40/80), loss = 1.596415 (45.125 sec/epoch), lr: 0.001853
Evaluating on dev set...
...........................
source: 	 mrr: 0.035234	 ndcg_5: 0.0253	 ndcg_10: 0.0335	 hit@1:0.013758	 hit@5:0.0369	 hit@10: 0.0623
target: 	 mrr: 0.056299	 ndcg_5: 0.0483	 ndcg_10: 0.0638	 hit@1:0.018118	 hit@5:0.0780	 hit@10: 0.1261
epoch 40: train_loss = 1.596415, source_mrr = 0.035234, source_hit@10 = 0.0623, source_ndcg@10 = 0.0335, target_mrr = 0.056299, target_hit@10 = 0.1261, target_ndcg@10 = 0.0638
shift to transfer learning mode

2024-08-14 22:06:04.381319: step 6232/12160 (epoch 41/80), loss = 1.612562 (46.238 sec/epoch), lr: 0.001853
Evaluating on dev set...
...........................
source: 	 mrr: 0.038319	 ndcg_5: 0.0276	 ndcg_10: 0.0381	 hit@1:0.012310	 hit@5:0.0420	 hit@10: 0.0753
target: 	 mrr: 0.051486	 ndcg_5: 0.0434	 ndcg_10: 0.0562	 hit@1:0.015331	 hit@5:0.0711	 hit@10: 0.1108
epoch 41: train_loss = 1.612562, source_mrr = 0.038319, source_hit@10 = 0.0753, source_ndcg@10 = 0.0381, target_mrr = 0.051486, target_hit@10 = 0.1108, target_ndcg@10 = 0.0562

2024-08-14 22:06:50.294431: step 6384/12160 (epoch 42/80), loss = 1.609538 (45.212 sec/epoch), lr: 0.001761
Evaluating on dev set...
...........................
source: 	 mrr: 0.036460	 ndcg_5: 0.0255	 ndcg_10: 0.0344	 hit@1:0.010138	 hit@5:0.0406	 hit@10: 0.0681
target: 	 mrr: 0.053861	 ndcg_5: 0.0435	 ndcg_10: 0.0570	 hit@1:0.019512	 hit@5:0.0669	 hit@10: 0.1087
epoch 42: train_loss = 1.609538, source_mrr = 0.036460, source_hit@10 = 0.0681, source_ndcg@10 = 0.0344, target_mrr = 0.053861, target_hit@10 = 0.1087, target_ndcg@10 = 0.0570

2024-08-14 22:07:36.220693: step 6536/12160 (epoch 43/80), loss = 1.604981 (45.301 sec/epoch), lr: 0.001761
Evaluating on dev set...
...........................
source: 	 mrr: 0.027927	 ndcg_5: 0.0177	 ndcg_10: 0.0253	 hit@1:0.005069	 hit@5:0.0297	 hit@10: 0.0536
target: 	 mrr: 0.056426	 ndcg_5: 0.0509	 ndcg_10: 0.0625	 hit@1:0.022300	 hit@5:0.0801	 hit@10: 0.1171
epoch 43: train_loss = 1.604981, source_mrr = 0.027927, source_hit@10 = 0.0536, source_ndcg@10 = 0.0253, target_mrr = 0.056426, target_hit@10 = 0.1171, target_ndcg@10 = 0.0625

2024-08-14 22:08:22.324034: step 6688/12160 (epoch 44/80), loss = 1.601793 (45.435 sec/epoch), lr: 0.001672
Evaluating on dev set...
...........................
source: 	 mrr: 0.039563	 ndcg_5: 0.0287	 ndcg_10: 0.0426	 hit@1:0.011586	 hit@5:0.0456	 hit@10: 0.0883
target: 	 mrr: 0.054459	 ndcg_5: 0.0454	 ndcg_10: 0.0592	 hit@1:0.019512	 hit@5:0.0711	 hit@10: 0.1136
epoch 44: train_loss = 1.601793, source_mrr = 0.039563, source_hit@10 = 0.0883, source_ndcg@10 = 0.0426, target_mrr = 0.054459, target_hit@10 = 0.1136, target_ndcg@10 = 0.0592

2024-08-14 22:09:08.738448: step 6840/12160 (epoch 45/80), loss = 1.600877 (45.710 sec/epoch), lr: 0.001672
Evaluating on dev set...
...........................
source: 	 mrr: 0.039510	 ndcg_5: 0.0309	 ndcg_10: 0.0395	 hit@1:0.010862	 hit@5:0.0507	 hit@10: 0.0775
target: 	 mrr: 0.052479	 ndcg_5: 0.0454	 ndcg_10: 0.0584	 hit@1:0.017422	 hit@5:0.0732	 hit@10: 0.1143
epoch 45: train_loss = 1.600877, source_mrr = 0.039510, source_hit@10 = 0.0775, source_ndcg@10 = 0.0395, target_mrr = 0.052479, target_hit@10 = 0.1143, target_ndcg@10 = 0.0584

2024-08-14 22:09:53.826364: step 6992/12160 (epoch 46/80), loss = 1.596231 (44.441 sec/epoch), lr: 0.001589
Evaluating on dev set...
...........................
source: 	 mrr: 0.033394	 ndcg_5: 0.0248	 ndcg_10: 0.0338	 hit@1:0.009413	 hit@5:0.0413	 hit@10: 0.0695
target: 	 mrr: 0.048360	 ndcg_5: 0.0399	 ndcg_10: 0.0529	 hit@1:0.016028	 hit@5:0.0648	 hit@10: 0.1052
epoch 46: train_loss = 1.596231, source_mrr = 0.033394, source_hit@10 = 0.0695, source_ndcg@10 = 0.0338, target_mrr = 0.048360, target_hit@10 = 0.1052, target_ndcg@10 = 0.0529

2024-08-14 22:10:40.014705: step 7144/12160 (epoch 47/80), loss = 1.593938 (45.413 sec/epoch), lr: 0.001509
Evaluating on dev set...
...........................
source: 	 mrr: 0.041831	 ndcg_5: 0.0302	 ndcg_10: 0.0428	 hit@1:0.014482	 hit@5:0.0463	 hit@10: 0.0862
target: 	 mrr: 0.052074	 ndcg_5: 0.0448	 ndcg_10: 0.0567	 hit@1:0.018118	 hit@5:0.0732	 hit@10: 0.1108
epoch 47: train_loss = 1.593938, source_mrr = 0.041831, source_hit@10 = 0.0862, source_ndcg@10 = 0.0428, target_mrr = 0.052074, target_hit@10 = 0.1108, target_ndcg@10 = 0.0567

2024-08-14 22:11:26.003026: step 7296/12160 (epoch 48/80), loss = 1.590737 (45.353 sec/epoch), lr: 0.001509
Evaluating on dev set...
...........................
source: 	 mrr: 0.040697	 ndcg_5: 0.0304	 ndcg_10: 0.0399	 hit@1:0.014482	 hit@5:0.0463	 hit@10: 0.0760
target: 	 mrr: 0.054486	 ndcg_5: 0.0456	 ndcg_10: 0.0578	 hit@1:0.020906	 hit@5:0.0690	 hit@10: 0.1073
epoch 48: train_loss = 1.590737, source_mrr = 0.040697, source_hit@10 = 0.0760, source_ndcg@10 = 0.0399, target_mrr = 0.054486, target_hit@10 = 0.1073, target_ndcg@10 = 0.0578

2024-08-14 22:12:12.235065: step 7448/12160 (epoch 49/80), loss = 1.588514 (45.623 sec/epoch), lr: 0.001509
Evaluating on dev set...
...........................
source: 	 mrr: 0.040850	 ndcg_5: 0.0313	 ndcg_10: 0.0414	 hit@1:0.012310	 hit@5:0.0521	 hit@10: 0.0840
target: 	 mrr: 0.051764	 ndcg_5: 0.0406	 ndcg_10: 0.0554	 hit@1:0.020906	 hit@5:0.0606	 hit@10: 0.1066
epoch 49: train_loss = 1.588514, source_mrr = 0.040850, source_hit@10 = 0.0840, source_ndcg@10 = 0.0414, target_mrr = 0.051764, target_hit@10 = 0.1066, target_ndcg@10 = 0.0554

2024-08-14 22:12:58.373553: step 7600/12160 (epoch 50/80), loss = 1.585174 (45.366 sec/epoch), lr: 0.001434
Evaluating on dev set...
...........................
source: 	 mrr: 0.040259	 ndcg_5: 0.0314	 ndcg_10: 0.0401	 hit@1:0.013034	 hit@5:0.0507	 hit@10: 0.0775
target: 	 mrr: 0.049394	 ndcg_5: 0.0400	 ndcg_10: 0.0565	 hit@1:0.016725	 hit@5:0.0648	 hit@10: 0.1171
epoch 50: train_loss = 1.585174, source_mrr = 0.040259, source_hit@10 = 0.0775, source_ndcg@10 = 0.0401, target_mrr = 0.049394, target_hit@10 = 0.1171, target_ndcg@10 = 0.0565

2024-08-14 22:13:44.126585: step 7752/12160 (epoch 51/80), loss = 1.582455 (45.058 sec/epoch), lr: 0.001362
Evaluating on dev set...
...........................
source: 	 mrr: 0.040873	 ndcg_5: 0.0304	 ndcg_10: 0.0402	 hit@1:0.013758	 hit@5:0.0471	 hit@10: 0.0775
target: 	 mrr: 0.048484	 ndcg_5: 0.0407	 ndcg_10: 0.0509	 hit@1:0.016725	 hit@5:0.0641	 hit@10: 0.0955
epoch 51: train_loss = 1.582455, source_mrr = 0.040873, source_hit@10 = 0.0775, source_ndcg@10 = 0.0402, target_mrr = 0.048484, target_hit@10 = 0.0955, target_ndcg@10 = 0.0509

2024-08-14 22:14:31.584576: step 7904/12160 (epoch 52/80), loss = 1.577862 (46.672 sec/epoch), lr: 0.001294
Evaluating on dev set...
...........................
source: 	 mrr: 0.040883	 ndcg_5: 0.0328	 ndcg_10: 0.0414	 hit@1:0.012310	 hit@5:0.0543	 hit@10: 0.0811
target: 	 mrr: 0.049951	 ndcg_5: 0.0377	 ndcg_10: 0.0522	 hit@1:0.020906	 hit@5:0.0537	 hit@10: 0.0990
epoch 52: train_loss = 1.577862, source_mrr = 0.040883, source_hit@10 = 0.0811, source_ndcg@10 = 0.0414, target_mrr = 0.049951, target_hit@10 = 0.0990, target_ndcg@10 = 0.0522

2024-08-14 22:15:16.561312: step 8056/12160 (epoch 53/80), loss = 1.577112 (44.295 sec/epoch), lr: 0.001294
Evaluating on dev set...
...........................
source: 	 mrr: 0.041669	 ndcg_5: 0.0325	 ndcg_10: 0.0420	 hit@1:0.013758	 hit@5:0.0536	 hit@10: 0.0825
target: 	 mrr: 0.052225	 ndcg_5: 0.0410	 ndcg_10: 0.0548	 hit@1:0.020906	 hit@5:0.0599	 hit@10: 0.1031
epoch 53: train_loss = 1.577112, source_mrr = 0.041669, source_hit@10 = 0.0825, source_ndcg@10 = 0.0420, target_mrr = 0.052225, target_hit@10 = 0.1031, target_ndcg@10 = 0.0548

2024-08-14 22:16:01.737844: step 8208/12160 (epoch 54/80), loss = 1.570073 (44.523 sec/epoch), lr: 0.001294
Evaluating on dev set...
...........................
source: 	 mrr: 0.044868	 ndcg_5: 0.0346	 ndcg_10: 0.0447	 hit@1:0.018103	 hit@5:0.0529	 hit@10: 0.0847
target: 	 mrr: 0.051739	 ndcg_5: 0.0416	 ndcg_10: 0.0554	 hit@1:0.017422	 hit@5:0.0648	 hit@10: 0.1080
source best!
.............
source: 	 mrr: 0.041792	 ndcg_5: 0.0336	 ndcg_10: 0.0419	 hit@1:0.011503	 hit@5:0.0560	 hit@10: 0.0821
epoch 54: train_loss = 1.570073, source_mrr = 0.041792, source_hit@10 = 0.0821, source_ndcg@10 = 0.0419, target_mrr = 0.051739, target_hit@10 = 0.1080, target_ndcg@10 = 0.0554

2024-08-14 22:16:44.500682: step 8360/12160 (epoch 55/80), loss = 1.572089 (41.913 sec/epoch), lr: 0.001294
Evaluating on dev set...
...........................
source: 	 mrr: 0.041401	 ndcg_5: 0.0328	 ndcg_10: 0.0408	 hit@1:0.014482	 hit@5:0.0521	 hit@10: 0.0768
target: 	 mrr: 0.049840	 ndcg_5: 0.0407	 ndcg_10: 0.0540	 hit@1:0.018118	 hit@5:0.0648	 hit@10: 0.1059
epoch 55: train_loss = 1.572089, source_mrr = 0.041401, source_hit@10 = 0.0768, source_ndcg@10 = 0.0408, target_mrr = 0.049840, target_hit@10 = 0.1059, target_ndcg@10 = 0.0540

2024-08-14 22:17:26.877721: step 8512/12160 (epoch 56/80), loss = 1.570246 (41.774 sec/epoch), lr: 0.001229
Evaluating on dev set...
...........................
source: 	 mrr: 0.037934	 ndcg_5: 0.0285	 ndcg_10: 0.0397	 hit@1:0.010862	 hit@5:0.0478	 hit@10: 0.0833
target: 	 mrr: 0.047772	 ndcg_5: 0.0377	 ndcg_10: 0.0503	 hit@1:0.016725	 hit@5:0.0599	 hit@10: 0.0990
epoch 56: train_loss = 1.570246, source_mrr = 0.037934, source_hit@10 = 0.0833, source_ndcg@10 = 0.0397, target_mrr = 0.047772, target_hit@10 = 0.0990, target_ndcg@10 = 0.0503

2024-08-14 22:18:08.674882: step 8664/12160 (epoch 57/80), loss = 1.561155 (41.046 sec/epoch), lr: 0.001168
Evaluating on dev set...
...........................
source: 	 mrr: 0.040039	 ndcg_5: 0.0311	 ndcg_10: 0.0424	 hit@1:0.010138	 hit@5:0.0529	 hit@10: 0.0883
target: 	 mrr: 0.052338	 ndcg_5: 0.0459	 ndcg_10: 0.0573	 hit@1:0.017422	 hit@5:0.0760	 hit@10: 0.1122
epoch 57: train_loss = 1.561155, source_mrr = 0.040039, source_hit@10 = 0.0883, source_ndcg@10 = 0.0424, target_mrr = 0.052338, target_hit@10 = 0.1122, target_ndcg@10 = 0.0573

2024-08-14 22:18:52.407919: step 8816/12160 (epoch 58/80), loss = 1.561063 (43.109 sec/epoch), lr: 0.001168
Evaluating on dev set...
...........................
source: 	 mrr: 0.032960	 ndcg_5: 0.0242	 ndcg_10: 0.0312	 hit@1:0.007965	 hit@5:0.0413	 hit@10: 0.0630
target: 	 mrr: 0.052532	 ndcg_5: 0.0447	 ndcg_10: 0.0561	 hit@1:0.020209	 hit@5:0.0697	 hit@10: 0.1045
epoch 58: train_loss = 1.561063, source_mrr = 0.032960, source_hit@10 = 0.0630, source_ndcg@10 = 0.0312, target_mrr = 0.052532, target_hit@10 = 0.1045, target_ndcg@10 = 0.0561

2024-08-14 22:19:35.812263: step 8968/12160 (epoch 59/80), loss = 1.557467 (42.830 sec/epoch), lr: 0.001110
Evaluating on dev set...
...........................
source: 	 mrr: 0.032768	 ndcg_5: 0.0255	 ndcg_10: 0.0323	 hit@1:0.006517	 hit@5:0.0456	 hit@10: 0.0666
target: 	 mrr: 0.047926	 ndcg_5: 0.0393	 ndcg_10: 0.0509	 hit@1:0.016028	 hit@5:0.0613	 hit@10: 0.0976
epoch 59: train_loss = 1.557467, source_mrr = 0.032768, source_hit@10 = 0.0666, source_ndcg@10 = 0.0323, target_mrr = 0.047926, target_hit@10 = 0.0976, target_ndcg@10 = 0.0509

2024-08-14 22:20:18.119386: step 9120/12160 (epoch 60/80), loss = 1.553080 (41.659 sec/epoch), lr: 0.001054
Evaluating on dev set...
...........................
source: 	 mrr: 0.044446	 ndcg_5: 0.0350	 ndcg_10: 0.0442	 hit@1:0.017379	 hit@5:0.0529	 hit@10: 0.0818
target: 	 mrr: 0.054172	 ndcg_5: 0.0445	 ndcg_10: 0.0594	 hit@1:0.019512	 hit@5:0.0683	 hit@10: 0.1150
epoch 60: train_loss = 1.553080, source_mrr = 0.044446, source_hit@10 = 0.0818, source_ndcg@10 = 0.0442, target_mrr = 0.054172, target_hit@10 = 0.1150, target_ndcg@10 = 0.0594

2024-08-14 22:21:01.179349: step 9272/12160 (epoch 61/80), loss = 1.546447 (42.462 sec/epoch), lr: 0.001054
Evaluating on dev set...
...........................
source: 	 mrr: 0.039281	 ndcg_5: 0.0313	 ndcg_10: 0.0412	 hit@1:0.012310	 hit@5:0.0500	 hit@10: 0.0811
target: 	 mrr: 0.050745	 ndcg_5: 0.0400	 ndcg_10: 0.0562	 hit@1:0.020209	 hit@5:0.0613	 hit@10: 0.1115
epoch 61: train_loss = 1.546447, source_mrr = 0.039281, source_hit@10 = 0.0811, source_ndcg@10 = 0.0412, target_mrr = 0.050745, target_hit@10 = 0.1115, target_ndcg@10 = 0.0562

2024-08-14 22:21:44.905057: step 9424/12160 (epoch 62/80), loss = 1.544631 (43.122 sec/epoch), lr: 0.001001
Evaluating on dev set...
...........................
source: 	 mrr: 0.039949	 ndcg_5: 0.0289	 ndcg_10: 0.0363	 hit@1:0.016655	 hit@5:0.0406	 hit@10: 0.0637
target: 	 mrr: 0.042908	 ndcg_5: 0.0336	 ndcg_10: 0.0478	 hit@1:0.013240	 hit@5:0.0564	 hit@10: 0.1003
epoch 62: train_loss = 1.544631, source_mrr = 0.039949, source_hit@10 = 0.0637, source_ndcg@10 = 0.0363, target_mrr = 0.042908, target_hit@10 = 0.1003, target_ndcg@10 = 0.0478

2024-08-14 22:22:28.882286: step 9576/12160 (epoch 63/80), loss = 1.539846 (43.368 sec/epoch), lr: 0.000951
Evaluating on dev set...
...........................
source: 	 mrr: 0.045101	 ndcg_5: 0.0357	 ndcg_10: 0.0446	 hit@1:0.019551	 hit@5:0.0529	 hit@10: 0.0804
target: 	 mrr: 0.051454	 ndcg_5: 0.0422	 ndcg_10: 0.0559	 hit@1:0.019512	 hit@5:0.0662	 hit@10: 0.1094
source best!
.............
source: 	 mrr: 0.040438	 ndcg_5: 0.0303	 ndcg_10: 0.0397	 hit@1:0.013037	 hit@5:0.0483	 hit@10: 0.0775
epoch 63: train_loss = 1.539846, source_mrr = 0.040438, source_hit@10 = 0.0775, source_ndcg@10 = 0.0397, target_mrr = 0.051454, target_hit@10 = 0.1094, target_ndcg@10 = 0.0559

2024-08-14 22:23:14.434953: step 9728/12160 (epoch 64/80), loss = 1.539469 (44.721 sec/epoch), lr: 0.000951
Evaluating on dev set...
...........................
source: 	 mrr: 0.033375	 ndcg_5: 0.0227	 ndcg_10: 0.0328	 hit@1:0.010138	 hit@5:0.0348	 hit@10: 0.0666
target: 	 mrr: 0.049505	 ndcg_5: 0.0382	 ndcg_10: 0.0545	 hit@1:0.017422	 hit@5:0.0592	 hit@10: 0.1094
epoch 64: train_loss = 1.539469, source_mrr = 0.033375, source_hit@10 = 0.0666, source_ndcg@10 = 0.0328, target_mrr = 0.049505, target_hit@10 = 0.1094, target_ndcg@10 = 0.0545

2024-08-14 22:24:00.086854: step 9880/12160 (epoch 65/80), loss = 1.536882 (45.014 sec/epoch), lr: 0.000904
Evaluating on dev set...
...........................
source: 	 mrr: 0.037319	 ndcg_5: 0.0274	 ndcg_10: 0.0365	 hit@1:0.013034	 hit@5:0.0420	 hit@10: 0.0702
target: 	 mrr: 0.050966	 ndcg_5: 0.0413	 ndcg_10: 0.0560	 hit@1:0.016725	 hit@5:0.0662	 hit@10: 0.1115
epoch 65: train_loss = 1.536882, source_mrr = 0.037319, source_hit@10 = 0.0702, source_ndcg@10 = 0.0365, target_mrr = 0.050966, target_hit@10 = 0.1115, target_ndcg@10 = 0.0560

2024-08-14 22:24:45.648611: step 10032/12160 (epoch 66/80), loss = 1.528580 (44.865 sec/epoch), lr: 0.000904
Evaluating on dev set...
...........................
source: 	 mrr: 0.036585	 ndcg_5: 0.0285	 ndcg_10: 0.0372	 hit@1:0.013034	 hit@5:0.0434	 hit@10: 0.0695
target: 	 mrr: 0.049749	 ndcg_5: 0.0415	 ndcg_10: 0.0529	 hit@1:0.016028	 hit@5:0.0662	 hit@10: 0.1017
epoch 66: train_loss = 1.528580, source_mrr = 0.036585, source_hit@10 = 0.0695, source_ndcg@10 = 0.0372, target_mrr = 0.049749, target_hit@10 = 0.1017, target_ndcg@10 = 0.0529

2024-08-14 22:25:30.940961: step 10184/12160 (epoch 67/80), loss = 1.529883 (44.656 sec/epoch), lr: 0.000859
Evaluating on dev set...
...........................
source: 	 mrr: 0.035490	 ndcg_5: 0.0276	 ndcg_10: 0.0337	 hit@1:0.013034	 hit@5:0.0413	 hit@10: 0.0601
target: 	 mrr: 0.056171	 ndcg_5: 0.0486	 ndcg_10: 0.0596	 hit@1:0.023693	 hit@5:0.0739	 hit@10: 0.1080
epoch 67: train_loss = 1.529883, source_mrr = 0.035490, source_hit@10 = 0.0601, source_ndcg@10 = 0.0337, target_mrr = 0.056171, target_hit@10 = 0.1080, target_ndcg@10 = 0.0596

2024-08-14 22:26:16.267147: step 10336/12160 (epoch 68/80), loss = 1.527317 (44.701 sec/epoch), lr: 0.000859
Evaluating on dev set...
...........................
source: 	 mrr: 0.036711	 ndcg_5: 0.0276	 ndcg_10: 0.0370	 hit@1:0.011586	 hit@5:0.0434	 hit@10: 0.0724
target: 	 mrr: 0.050669	 ndcg_5: 0.0421	 ndcg_10: 0.0549	 hit@1:0.018815	 hit@5:0.0648	 hit@10: 0.1052
epoch 68: train_loss = 1.527317, source_mrr = 0.036711, source_hit@10 = 0.0724, source_ndcg@10 = 0.0370, target_mrr = 0.050669, target_hit@10 = 0.1052, target_ndcg@10 = 0.0549

2024-08-14 22:27:02.414286: step 10488/12160 (epoch 69/80), loss = 1.526746 (45.460 sec/epoch), lr: 0.000816
Evaluating on dev set...
...........................
source: 	 mrr: 0.032791	 ndcg_5: 0.0241	 ndcg_10: 0.0326	 hit@1:0.009413	 hit@5:0.0398	 hit@10: 0.0659
target: 	 mrr: 0.052786	 ndcg_5: 0.0449	 ndcg_10: 0.0577	 hit@1:0.020209	 hit@5:0.0697	 hit@10: 0.1101
epoch 69: train_loss = 1.526746, source_mrr = 0.032791, source_hit@10 = 0.0659, source_ndcg@10 = 0.0326, target_mrr = 0.052786, target_hit@10 = 0.1101, target_ndcg@10 = 0.0577

2024-08-14 22:27:48.740495: step 10640/12160 (epoch 70/80), loss = 1.524291 (45.662 sec/epoch), lr: 0.000775
Evaluating on dev set...
...........................
source: 	 mrr: 0.027512	 ndcg_5: 0.0180	 ndcg_10: 0.0257	 hit@1:0.007241	 hit@5:0.0297	 hit@10: 0.0543
target: 	 mrr: 0.053721	 ndcg_5: 0.0441	 ndcg_10: 0.0578	 hit@1:0.022300	 hit@5:0.0655	 hit@10: 0.1080
epoch 70: train_loss = 1.524291, source_mrr = 0.027512, source_hit@10 = 0.0543, source_ndcg@10 = 0.0257, target_mrr = 0.053721, target_hit@10 = 0.1080, target_ndcg@10 = 0.0578

2024-08-14 22:28:34.393585: step 10792/12160 (epoch 71/80), loss = 1.522021 (44.871 sec/epoch), lr: 0.000736
Evaluating on dev set...
...........................
source: 	 mrr: 0.032011	 ndcg_5: 0.0229	 ndcg_10: 0.0294	 hit@1:0.010862	 hit@5:0.0355	 hit@10: 0.0558
target: 	 mrr: 0.053702	 ndcg_5: 0.0472	 ndcg_10: 0.0596	 hit@1:0.019512	 hit@5:0.0760	 hit@10: 0.1150
epoch 71: train_loss = 1.522021, source_mrr = 0.032011, source_hit@10 = 0.0558, source_ndcg@10 = 0.0294, target_mrr = 0.053702, target_hit@10 = 0.1150, target_ndcg@10 = 0.0596

2024-08-14 22:29:20.155902: step 10944/12160 (epoch 72/80), loss = 1.518032 (45.037 sec/epoch), lr: 0.000736
Evaluating on dev set...
...........................
source: 	 mrr: 0.038990	 ndcg_5: 0.0298	 ndcg_10: 0.0394	 hit@1:0.014482	 hit@5:0.0463	 hit@10: 0.0760
target: 	 mrr: 0.055451	 ndcg_5: 0.0505	 ndcg_10: 0.0616	 hit@1:0.022300	 hit@5:0.0801	 hit@10: 0.1150
epoch 72: train_loss = 1.518032, source_mrr = 0.038990, source_hit@10 = 0.0760, source_ndcg@10 = 0.0394, target_mrr = 0.055451, target_hit@10 = 0.1150, target_ndcg@10 = 0.0616

2024-08-14 22:30:06.398904: step 11096/12160 (epoch 73/80), loss = 1.520992 (45.532 sec/epoch), lr: 0.000736
Evaluating on dev set...
...........................
source: 	 mrr: 0.038356	 ndcg_5: 0.0272	 ndcg_10: 0.0372	 hit@1:0.013758	 hit@5:0.0420	 hit@10: 0.0731
target: 	 mrr: 0.052958	 ndcg_5: 0.0427	 ndcg_10: 0.0566	 hit@1:0.020209	 hit@5:0.0641	 hit@10: 0.1073
epoch 73: train_loss = 1.520992, source_mrr = 0.038356, source_hit@10 = 0.0731, source_ndcg@10 = 0.0372, target_mrr = 0.052958, target_hit@10 = 0.1073, target_ndcg@10 = 0.0566

2024-08-14 22:30:53.058766: step 11248/12160 (epoch 74/80), loss = 1.517825 (46.016 sec/epoch), lr: 0.000699
Evaluating on dev set...
...........................
source: 	 mrr: 0.033445	 ndcg_5: 0.0228	 ndcg_10: 0.0328	 hit@1:0.010138	 hit@5:0.0340	 hit@10: 0.0652
target: 	 mrr: 0.048286	 ndcg_5: 0.0368	 ndcg_10: 0.0501	 hit@1:0.017422	 hit@5:0.0564	 hit@10: 0.0976
epoch 74: train_loss = 1.517825, source_mrr = 0.033445, source_hit@10 = 0.0652, source_ndcg@10 = 0.0328, target_mrr = 0.048286, target_hit@10 = 0.0976, target_ndcg@10 = 0.0501

2024-08-14 22:31:39.548404: step 11400/12160 (epoch 75/80), loss = 1.508604 (45.853 sec/epoch), lr: 0.000664
Evaluating on dev set...
...........................
source: 	 mrr: 0.038996	 ndcg_5: 0.0290	 ndcg_10: 0.0376	 hit@1:0.015206	 hit@5:0.0420	 hit@10: 0.0688
target: 	 mrr: 0.050331	 ndcg_5: 0.0400	 ndcg_10: 0.0554	 hit@1:0.019512	 hit@5:0.0627	 hit@10: 0.1115
epoch 75: train_loss = 1.508604, source_mrr = 0.038996, source_hit@10 = 0.0688, source_ndcg@10 = 0.0376, target_mrr = 0.050331, target_hit@10 = 0.1115, target_ndcg@10 = 0.0554

2024-08-14 22:32:24.408327: step 11552/12160 (epoch 76/80), loss = 1.507323 (44.200 sec/epoch), lr: 0.000664
Evaluating on dev set...
...........................
source: 	 mrr: 0.040025	 ndcg_5: 0.0295	 ndcg_10: 0.0385	 hit@1:0.014482	 hit@5:0.0442	 hit@10: 0.0724
target: 	 mrr: 0.056905	 ndcg_5: 0.0476	 ndcg_10: 0.0625	 hit@1:0.022997	 hit@5:0.0739	 hit@10: 0.1206
epoch 76: train_loss = 1.507323, source_mrr = 0.040025, source_hit@10 = 0.0724, source_ndcg@10 = 0.0385, target_mrr = 0.056905, target_hit@10 = 0.1206, target_ndcg@10 = 0.0625

2024-08-14 22:33:09.435810: step 11704/12160 (epoch 77/80), loss = 1.507407 (44.364 sec/epoch), lr: 0.000664
Evaluating on dev set...
...........................
source: 	 mrr: 0.038639	 ndcg_5: 0.0292	 ndcg_10: 0.0372	 hit@1:0.014482	 hit@5:0.0449	 hit@10: 0.0695
target: 	 mrr: 0.056712	 ndcg_5: 0.0478	 ndcg_10: 0.0605	 hit@1:0.025087	 hit@5:0.0704	 hit@10: 0.1101
epoch 77: train_loss = 1.507407, source_mrr = 0.038639, source_hit@10 = 0.0695, source_ndcg@10 = 0.0372, target_mrr = 0.056712, target_hit@10 = 0.1101, target_ndcg@10 = 0.0605

2024-08-14 22:33:55.598051: step 11856/12160 (epoch 78/80), loss = 1.502657 (45.541 sec/epoch), lr: 0.000631
Evaluating on dev set...
...........................
source: 	 mrr: 0.038687	 ndcg_5: 0.0289	 ndcg_10: 0.0375	 hit@1:0.012310	 hit@5:0.0449	 hit@10: 0.0710
target: 	 mrr: 0.057054	 ndcg_5: 0.0474	 ndcg_10: 0.0613	 hit@1:0.022997	 hit@5:0.0711	 hit@10: 0.1136
epoch 78: train_loss = 1.502657, source_mrr = 0.038687, source_hit@10 = 0.0710, source_ndcg@10 = 0.0375, target_mrr = 0.057054, target_hit@10 = 0.1136, target_ndcg@10 = 0.0613

2024-08-14 22:34:42.203892: step 12008/12160 (epoch 79/80), loss = 1.499407 (45.960 sec/epoch), lr: 0.000631
Evaluating on dev set...
...........................
source: 	 mrr: 0.040430	 ndcg_5: 0.0307	 ndcg_10: 0.0395	 hit@1:0.015206	 hit@5:0.0463	 hit@10: 0.0739
target: 	 mrr: 0.045878	 ndcg_5: 0.0339	 ndcg_10: 0.0487	 hit@1:0.015331	 hit@5:0.0516	 hit@10: 0.0976
epoch 79: train_loss = 1.499407, source_mrr = 0.040430, source_hit@10 = 0.0739, source_ndcg@10 = 0.0395, target_mrr = 0.045878, target_hit@10 = 0.0976, target_ndcg@10 = 0.0487

2024-08-14 22:35:28.774362: step 12160/12160 (epoch 80/80), loss = 1.495935 (45.930 sec/epoch), lr: 0.000600
Evaluating on dev set...
...........................
source: 	 mrr: 0.036321	 ndcg_5: 0.0248	 ndcg_10: 0.0356	 hit@1:0.014482	 hit@5:0.0355	 hit@10: 0.0695
target: 	 mrr: 0.045972	 ndcg_5: 0.0368	 ndcg_10: 0.0499	 hit@1:0.014634	 hit@5:0.0592	 hit@10: 0.1003
epoch 80: train_loss = 1.495935, source_mrr = 0.036321, source_hit@10 = 0.0695, source_ndcg@10 = 0.0356, target_mrr = 0.045972, target_hit@10 = 0.1003, target_ndcg@10 = 0.0499

source best:  source_mrr = 0.039563, source_hit@10 = 0.0883, source_ndcg@10 = 0.0426
target best:  target_mrr = 0.056299, target_hit@10 = 0.1261, target_ndcg@10 = 0.0638
