using gpu:3 to train the model
using gpu:3 to train the model
cuda:3
Namespace(A_split=False, JK='sum', a_fold=100, aggregate=False, alpha=0.3, batch_size=2048, beta_inter=0.2, conv_layers=4, cuda=True, decay_epoch=10, device=device(type='cuda', index=3), device_id='3', domains='game_video', dropout=0.4, epoch=80, feature_dim=126, gamma_intra=0.8, hidden_dim=126, inter_tau=0.2, intra_tau=0.4, lambda_critic=0.1, leakey=0.05, load=False, log='logs.txt', log_epoch=1, lr=0.004, lr_decay=0.95, min_epoch=60, mode='train', model_file=None, model_name='gv', momentum=0.98, num_latent_factors=3, num_negative=100, optim='adam', patience=20, proj_layers=1, projection=1, rectify_epoch=40, residual=1, save=False, save_dir='./saved_models', seed=32, similarity_tau=0.1, step=2, test_sample_number=999, user_batch_size=256, weight_decay=0.0002)
number_user 25025
number_item 12319
real graph loaded!
number_user 19457
number_item 8751
real graph loaded!
graph loaded!
Loading data from game_video with batch size 2048...
unseen test: 0
test length: 1381
unseen test: 0
test length: 1304
unseen test: 0
test length: 1435
unseen test: 0
test length: 1458
source_user_num 25025
target_user_num 19457
source_item_num 12319
target_item_num 8751
shared users id: 1737
test users 226, 217
unseen test: 0
dev length: 1000
unseen test: 0
dev length: 1000
source train data : 155036, target train data: 156091, source test data : 1304, target test data : 1458, source dev data : 1000, target dev data : 1000
2024-08-14 19:39:32.494404: step 152/12160 (epoch 1/80), loss = 2.327027 (44.874 sec/epoch), lr: 0.004000
Evaluating on dev set...
...........................
source: 	 mrr: 0.025266	 ndcg_5: 0.0150	 ndcg_10: 0.0195	 hit@1:0.009413	 hit@5:0.0203	 hit@10: 0.0348
target: 	 mrr: 0.028527	 ndcg_5: 0.0203	 ndcg_10: 0.0287	 hit@1:0.008362	 hit@5:0.0321	 hit@10: 0.0585
source best!
.............
source: 	 mrr: 0.024753	 ndcg_5: 0.0163	 ndcg_10: 0.0217	 hit@1:0.005368	 hit@5:0.0261	 hit@10: 0.0429
target best!
..............target: 	 mrr: 0.031657	 ndcg_5: 0.0242	 ndcg_10: 0.0293	 hit@1:0.012346	 hit@5:0.0357	 hit@10: 0.0521
epoch 1: train_loss = 2.327027, source_mrr = 0.024753, source_hit@10 = 0.0429, source_ndcg@10 = 0.0217, target_mrr = 0.031657, target_hit@10 = 0.0521, target_ndcg@10 = 0.0293

2024-08-14 19:40:19.322894: step 304/12160 (epoch 2/80), loss = 1.955929 (45.657 sec/epoch), lr: 0.004000
Evaluating on dev set...
...........................
source: 	 mrr: 0.031718	 ndcg_5: 0.0210	 ndcg_10: 0.0311	 hit@1:0.005793	 hit@5:0.0369	 hit@10: 0.0681
target: 	 mrr: 0.027306	 ndcg_5: 0.0182	 ndcg_10: 0.0250	 hit@1:0.009756	 hit@5:0.0272	 hit@10: 0.0481
source best!
.............
source: 	 mrr: 0.031959	 ndcg_5: 0.0213	 ndcg_10: 0.0316	 hit@1:0.006902	 hit@5:0.0368	 hit@10: 0.0690
epoch 2: train_loss = 1.955929, source_mrr = 0.031959, source_hit@10 = 0.0690, source_ndcg@10 = 0.0316, target_mrr = 0.027306, target_hit@10 = 0.0481, target_ndcg@10 = 0.0250

2024-08-14 19:41:05.637427: step 456/12160 (epoch 3/80), loss = 1.898069 (45.386 sec/epoch), lr: 0.004000
Evaluating on dev set...
...........................
source: 	 mrr: 0.034556	 ndcg_5: 0.0211	 ndcg_10: 0.0336	 hit@1:0.007965	 hit@5:0.0355	 hit@10: 0.0746
target: 	 mrr: 0.035078	 ndcg_5: 0.0250	 ndcg_10: 0.0332	 hit@1:0.012544	 hit@5:0.0376	 hit@10: 0.0634
source best!
.............
source: 	 mrr: 0.034894	 ndcg_5: 0.0226	 ndcg_10: 0.0355	 hit@1:0.006135	 hit@5:0.0391	 hit@10: 0.0798
target best!
..............target: 	 mrr: 0.038126	 ndcg_5: 0.0298	 ndcg_10: 0.0373	 hit@1:0.013717	 hit@5:0.0453	 hit@10: 0.0686
epoch 3: train_loss = 1.898069, source_mrr = 0.034894, source_hit@10 = 0.0798, source_ndcg@10 = 0.0355, target_mrr = 0.038126, target_hit@10 = 0.0686, target_ndcg@10 = 0.0373

2024-08-14 19:41:52.595205: step 608/12160 (epoch 4/80), loss = 1.875294 (45.686 sec/epoch), lr: 0.004000
Evaluating on dev set...
...........................
source: 	 mrr: 0.037227	 ndcg_5: 0.0270	 ndcg_10: 0.0365	 hit@1:0.010862	 hit@5:0.0434	 hit@10: 0.0731
target: 	 mrr: 0.048300	 ndcg_5: 0.0399	 ndcg_10: 0.0517	 hit@1:0.018815	 hit@5:0.0634	 hit@10: 0.1003
source best!
.............
source: 	 mrr: 0.034730	 ndcg_5: 0.0246	 ndcg_10: 0.0335	 hit@1:0.009969	 hit@5:0.0399	 hit@10: 0.0675
target best!
..............target: 	 mrr: 0.046604	 ndcg_5: 0.0363	 ndcg_10: 0.0525	 hit@1:0.013717	 hit@5:0.0590	 hit@10: 0.1097
epoch 4: train_loss = 1.875294, source_mrr = 0.034730, source_hit@10 = 0.0675, source_ndcg@10 = 0.0335, target_mrr = 0.046604, target_hit@10 = 0.1097, target_ndcg@10 = 0.0525

2024-08-14 19:42:39.236272: step 760/12160 (epoch 5/80), loss = 1.861355 (45.474 sec/epoch), lr: 0.004000
Evaluating on dev set...
...........................
source: 	 mrr: 0.036019	 ndcg_5: 0.0251	 ndcg_10: 0.0341	 hit@1:0.011586	 hit@5:0.0398	 hit@10: 0.0681
target: 	 mrr: 0.052385	 ndcg_5: 0.0461	 ndcg_10: 0.0563	 hit@1:0.017422	 hit@5:0.0753	 hit@10: 0.1073
target best!
..............target: 	 mrr: 0.053075	 ndcg_5: 0.0454	 ndcg_10: 0.0591	 hit@1:0.017147	 hit@5:0.0748	 hit@10: 0.1166
epoch 5: train_loss = 1.861355, source_mrr = 0.036019, source_hit@10 = 0.0681, source_ndcg@10 = 0.0341, target_mrr = 0.053075, target_hit@10 = 0.1166, target_ndcg@10 = 0.0591

2024-08-14 19:43:26.791997: step 912/12160 (epoch 6/80), loss = 1.838805 (46.608 sec/epoch), lr: 0.004000
Evaluating on dev set...
...........................
source: 	 mrr: 0.035780	 ndcg_5: 0.0252	 ndcg_10: 0.0340	 hit@1:0.010862	 hit@5:0.0369	 hit@10: 0.0637
target: 	 mrr: 0.030658	 ndcg_5: 0.0227	 ndcg_10: 0.0310	 hit@1:0.009059	 hit@5:0.0369	 hit@10: 0.0627
epoch 6: train_loss = 1.838805, source_mrr = 0.035780, source_hit@10 = 0.0637, source_ndcg@10 = 0.0340, target_mrr = 0.030658, target_hit@10 = 0.0627, target_ndcg@10 = 0.0310

2024-08-14 19:44:12.322705: step 1064/12160 (epoch 7/80), loss = 1.808732 (44.794 sec/epoch), lr: 0.004000
Evaluating on dev set...
...........................
source: 	 mrr: 0.035675	 ndcg_5: 0.0265	 ndcg_10: 0.0364	 hit@1:0.008689	 hit@5:0.0456	 hit@10: 0.0768
target: 	 mrr: 0.043925	 ndcg_5: 0.0349	 ndcg_10: 0.0454	 hit@1:0.016725	 hit@5:0.0557	 hit@10: 0.0885
epoch 7: train_loss = 1.808732, source_mrr = 0.035675, source_hit@10 = 0.0768, source_ndcg@10 = 0.0364, target_mrr = 0.043925, target_hit@10 = 0.0885, target_ndcg@10 = 0.0454

2024-08-14 19:44:58.565440: step 1216/12160 (epoch 8/80), loss = 1.774909 (45.570 sec/epoch), lr: 0.004000
Evaluating on dev set...
...........................
source: 	 mrr: 0.027264	 ndcg_5: 0.0189	 ndcg_10: 0.0270	 hit@1:0.005793	 hit@5:0.0319	 hit@10: 0.0572
target: 	 mrr: 0.046440	 ndcg_5: 0.0360	 ndcg_10: 0.0522	 hit@1:0.014634	 hit@5:0.0557	 hit@10: 0.1066
epoch 8: train_loss = 1.774909, source_mrr = 0.027264, source_hit@10 = 0.0572, source_ndcg@10 = 0.0270, target_mrr = 0.046440, target_hit@10 = 0.1066, target_ndcg@10 = 0.0522

2024-08-14 19:45:45.377674: step 1368/12160 (epoch 9/80), loss = 1.755310 (46.081 sec/epoch), lr: 0.004000
Evaluating on dev set...
...........................
source: 	 mrr: 0.028845	 ndcg_5: 0.0197	 ndcg_10: 0.0280	 hit@1:0.008689	 hit@5:0.0311	 hit@10: 0.0565
target: 	 mrr: 0.043217	 ndcg_5: 0.0339	 ndcg_10: 0.0463	 hit@1:0.013240	 hit@5:0.0551	 hit@10: 0.0941
epoch 9: train_loss = 1.755310, source_mrr = 0.028845, source_hit@10 = 0.0565, source_ndcg@10 = 0.0280, target_mrr = 0.043217, target_hit@10 = 0.0941, target_ndcg@10 = 0.0463

2024-08-14 19:46:31.021467: step 1520/12160 (epoch 10/80), loss = 1.742606 (44.893 sec/epoch), lr: 0.004000
Evaluating on dev set...
...........................
source: 	 mrr: 0.034401	 ndcg_5: 0.0251	 ndcg_10: 0.0319	 hit@1:0.012310	 hit@5:0.0391	 hit@10: 0.0601
target: 	 mrr: 0.046998	 ndcg_5: 0.0392	 ndcg_10: 0.0521	 hit@1:0.012544	 hit@5:0.0662	 hit@10: 0.1066
epoch 10: train_loss = 1.742606, source_mrr = 0.034401, source_hit@10 = 0.0601, source_ndcg@10 = 0.0319, target_mrr = 0.046998, target_hit@10 = 0.1066, target_ndcg@10 = 0.0521

2024-08-14 19:47:17.189218: step 1672/12160 (epoch 11/80), loss = 1.739966 (45.448 sec/epoch), lr: 0.004000
Evaluating on dev set...
...........................
source: 	 mrr: 0.033482	 ndcg_5: 0.0253	 ndcg_10: 0.0337	 hit@1:0.007965	 hit@5:0.0434	 hit@10: 0.0695
target: 	 mrr: 0.039204	 ndcg_5: 0.0315	 ndcg_10: 0.0407	 hit@1:0.010453	 hit@5:0.0537	 hit@10: 0.0822
epoch 11: train_loss = 1.739966, source_mrr = 0.033482, source_hit@10 = 0.0695, source_ndcg@10 = 0.0337, target_mrr = 0.039204, target_hit@10 = 0.0822, target_ndcg@10 = 0.0407

2024-08-14 19:48:03.657890: step 1824/12160 (epoch 12/80), loss = 1.727759 (45.770 sec/epoch), lr: 0.003800
Evaluating on dev set...
...........................
source: 	 mrr: 0.021038	 ndcg_5: 0.0130	 ndcg_10: 0.0182	 hit@1:0.005793	 hit@5:0.0203	 hit@10: 0.0369
target: 	 mrr: 0.055774	 ndcg_5: 0.0482	 ndcg_10: 0.0636	 hit@1:0.020209	 hit@5:0.0767	 hit@10: 0.1247
target best!
..............target: 	 mrr: 0.056254	 ndcg_5: 0.0501	 ndcg_10: 0.0633	 hit@1:0.019204	 hit@5:0.0830	 hit@10: 0.1241
epoch 12: train_loss = 1.727759, source_mrr = 0.021038, source_hit@10 = 0.0369, source_ndcg@10 = 0.0182, target_mrr = 0.056254, target_hit@10 = 0.1241, target_ndcg@10 = 0.0633

2024-08-14 19:48:49.974179: step 1976/12160 (epoch 13/80), loss = 1.726327 (45.330 sec/epoch), lr: 0.003800
Evaluating on dev set...
...........................
source: 	 mrr: 0.022596	 ndcg_5: 0.0166	 ndcg_10: 0.0211	 hit@1:0.005069	 hit@5:0.0282	 hit@10: 0.0420
target: 	 mrr: 0.038585	 ndcg_5: 0.0270	 ndcg_10: 0.0431	 hit@1:0.011847	 hit@5:0.0439	 hit@10: 0.0948
epoch 13: train_loss = 1.726327, source_mrr = 0.022596, source_hit@10 = 0.0420, source_ndcg@10 = 0.0211, target_mrr = 0.038585, target_hit@10 = 0.0948, target_ndcg@10 = 0.0431

2024-08-14 19:49:37.314066: step 2128/12160 (epoch 14/80), loss = 1.720406 (46.657 sec/epoch), lr: 0.003610
Evaluating on dev set...
...........................
source: 	 mrr: 0.027328	 ndcg_5: 0.0172	 ndcg_10: 0.0260	 hit@1:0.009413	 hit@5:0.0253	 hit@10: 0.0529
target: 	 mrr: 0.049988	 ndcg_5: 0.0408	 ndcg_10: 0.0533	 hit@1:0.017422	 hit@5:0.0634	 hit@10: 0.1024
epoch 14: train_loss = 1.720406, source_mrr = 0.027328, source_hit@10 = 0.0529, source_ndcg@10 = 0.0260, target_mrr = 0.049988, target_hit@10 = 0.1024, target_ndcg@10 = 0.0533

2024-08-14 19:50:23.937965: step 2280/12160 (epoch 15/80), loss = 1.715066 (45.936 sec/epoch), lr: 0.003610
Evaluating on dev set...
...........................
source: 	 mrr: 0.025713	 ndcg_5: 0.0161	 ndcg_10: 0.0240	 hit@1:0.004345	 hit@5:0.0268	 hit@10: 0.0514
target: 	 mrr: 0.054887	 ndcg_5: 0.0432	 ndcg_10: 0.0578	 hit@1:0.022300	 hit@5:0.0634	 hit@10: 0.1087
epoch 15: train_loss = 1.715066, source_mrr = 0.025713, source_hit@10 = 0.0514, source_ndcg@10 = 0.0240, target_mrr = 0.054887, target_hit@10 = 0.1087, target_ndcg@10 = 0.0578

2024-08-14 19:51:10.650564: step 2432/12160 (epoch 16/80), loss = 1.710808 (46.023 sec/epoch), lr: 0.003610
Evaluating on dev set...
...........................
source: 	 mrr: 0.017127	 ndcg_5: 0.0100	 ndcg_10: 0.0151	 hit@1:0.002896	 hit@5:0.0174	 hit@10: 0.0333
target: 	 mrr: 0.044376	 ndcg_5: 0.0339	 ndcg_10: 0.0454	 hit@1:0.013937	 hit@5:0.0530	 hit@10: 0.0885
epoch 16: train_loss = 1.710808, source_mrr = 0.017127, source_hit@10 = 0.0333, source_ndcg@10 = 0.0151, target_mrr = 0.044376, target_hit@10 = 0.0885, target_ndcg@10 = 0.0454

2024-08-14 19:51:56.705223: step 2584/12160 (epoch 17/80), loss = 1.703321 (45.409 sec/epoch), lr: 0.003429
Evaluating on dev set...
...........................
source: 	 mrr: 0.021671	 ndcg_5: 0.0140	 ndcg_10: 0.0211	 hit@1:0.005793	 hit@5:0.0224	 hit@10: 0.0449
target: 	 mrr: 0.039286	 ndcg_5: 0.0304	 ndcg_10: 0.0406	 hit@1:0.011150	 hit@5:0.0502	 hit@10: 0.0822
epoch 17: train_loss = 1.703321, source_mrr = 0.021671, source_hit@10 = 0.0449, source_ndcg@10 = 0.0211, target_mrr = 0.039286, target_hit@10 = 0.0822, target_ndcg@10 = 0.0406

2024-08-14 19:52:43.113656: step 2736/12160 (epoch 18/80), loss = 1.698746 (45.768 sec/epoch), lr: 0.003258
Evaluating on dev set...
...........................
source: 	 mrr: 0.027221	 ndcg_5: 0.0192	 ndcg_10: 0.0254	 hit@1:0.007965	 hit@5:0.0311	 hit@10: 0.0500
target: 	 mrr: 0.054288	 ndcg_5: 0.0440	 ndcg_10: 0.0581	 hit@1:0.022997	 hit@5:0.0655	 hit@10: 0.1094
epoch 18: train_loss = 1.698746, source_mrr = 0.027221, source_hit@10 = 0.0500, source_ndcg@10 = 0.0254, target_mrr = 0.054288, target_hit@10 = 0.1094, target_ndcg@10 = 0.0581

2024-08-14 19:53:29.198829: step 2888/12160 (epoch 19/80), loss = 1.694824 (45.402 sec/epoch), lr: 0.003258
Evaluating on dev set...
...........................
source: 	 mrr: 0.026579	 ndcg_5: 0.0174	 ndcg_10: 0.0249	 hit@1:0.007241	 hit@5:0.0282	 hit@10: 0.0514
target: 	 mrr: 0.046386	 ndcg_5: 0.0370	 ndcg_10: 0.0490	 hit@1:0.014634	 hit@5:0.0599	 hit@10: 0.0969
epoch 19: train_loss = 1.694824, source_mrr = 0.026579, source_hit@10 = 0.0514, source_ndcg@10 = 0.0249, target_mrr = 0.046386, target_hit@10 = 0.0969, target_ndcg@10 = 0.0490

2024-08-14 19:54:16.366948: step 3040/12160 (epoch 20/80), loss = 1.688862 (46.326 sec/epoch), lr: 0.003095
Evaluating on dev set...
...........................
source: 	 mrr: 0.025105	 ndcg_5: 0.0159	 ndcg_10: 0.0226	 hit@1:0.008689	 hit@5:0.0224	 hit@10: 0.0427
target: 	 mrr: 0.058494	 ndcg_5: 0.0534	 ndcg_10: 0.0659	 hit@1:0.021603	 hit@5:0.0836	 hit@10: 0.1233
target best!
..............target: 	 mrr: 0.053161	 ndcg_5: 0.0443	 ndcg_10: 0.0589	 hit@1:0.017833	 hit@5:0.0700	 hit@10: 0.1152
epoch 20: train_loss = 1.688862, source_mrr = 0.025105, source_hit@10 = 0.0427, source_ndcg@10 = 0.0226, target_mrr = 0.053161, target_hit@10 = 0.1152, target_ndcg@10 = 0.0589

2024-08-14 19:55:02.499763: step 3192/12160 (epoch 21/80), loss = 1.684109 (45.170 sec/epoch), lr: 0.003095
Evaluating on dev set...
...........................
source: 	 mrr: 0.025180	 ndcg_5: 0.0179	 ndcg_10: 0.0237	 hit@1:0.005069	 hit@5:0.0319	 hit@10: 0.0492
target: 	 mrr: 0.044924	 ndcg_5: 0.0369	 ndcg_10: 0.0501	 hit@1:0.009756	 hit@5:0.0641	 hit@10: 0.1045
epoch 21: train_loss = 1.684109, source_mrr = 0.025180, source_hit@10 = 0.0492, source_ndcg@10 = 0.0237, target_mrr = 0.044924, target_hit@10 = 0.1045, target_ndcg@10 = 0.0501

2024-08-14 19:55:48.588167: step 3344/12160 (epoch 22/80), loss = 1.681382 (45.454 sec/epoch), lr: 0.002940
Evaluating on dev set...
...........................
source: 	 mrr: 0.016352	 ndcg_5: 0.0102	 ndcg_10: 0.0131	 hit@1:0.003621	 hit@5:0.0181	 hit@10: 0.0275
target: 	 mrr: 0.052995	 ndcg_5: 0.0408	 ndcg_10: 0.0574	 hit@1:0.021603	 hit@5:0.0606	 hit@10: 0.1122
epoch 22: train_loss = 1.681382, source_mrr = 0.016352, source_hit@10 = 0.0275, source_ndcg@10 = 0.0131, target_mrr = 0.052995, target_hit@10 = 0.1122, target_ndcg@10 = 0.0574

2024-08-14 19:56:35.568543: step 3496/12160 (epoch 23/80), loss = 1.673079 (46.326 sec/epoch), lr: 0.002793
Evaluating on dev set...
...........................
source: 	 mrr: 0.018786	 ndcg_5: 0.0124	 ndcg_10: 0.0187	 hit@1:0.002896	 hit@5:0.0224	 hit@10: 0.0427
target: 	 mrr: 0.042170	 ndcg_5: 0.0314	 ndcg_10: 0.0450	 hit@1:0.010453	 hit@5:0.0523	 hit@10: 0.0941
epoch 23: train_loss = 1.673079, source_mrr = 0.018786, source_hit@10 = 0.0427, source_ndcg@10 = 0.0187, target_mrr = 0.042170, target_hit@10 = 0.0941, target_ndcg@10 = 0.0450

2024-08-14 19:57:22.387990: step 3648/12160 (epoch 24/80), loss = 1.667427 (46.129 sec/epoch), lr: 0.002654
Evaluating on dev set...
...........................
source: 	 mrr: 0.018744	 ndcg_5: 0.0116	 ndcg_10: 0.0163	 hit@1:0.005069	 hit@5:0.0174	 hit@10: 0.0319
target: 	 mrr: 0.050594	 ndcg_5: 0.0409	 ndcg_10: 0.0551	 hit@1:0.018815	 hit@5:0.0641	 hit@10: 0.1094
epoch 24: train_loss = 1.667427, source_mrr = 0.018744, source_hit@10 = 0.0319, source_ndcg@10 = 0.0163, target_mrr = 0.050594, target_hit@10 = 0.1094, target_ndcg@10 = 0.0551

2024-08-14 19:58:08.576193: step 3800/12160 (epoch 25/80), loss = 1.664984 (45.525 sec/epoch), lr: 0.002654
Evaluating on dev set...
...........................
source: 	 mrr: 0.026997	 ndcg_5: 0.0175	 ndcg_10: 0.0247	 hit@1:0.006517	 hit@5:0.0290	 hit@10: 0.0514
target: 	 mrr: 0.048349	 ndcg_5: 0.0383	 ndcg_10: 0.0529	 hit@1:0.018815	 hit@5:0.0585	 hit@10: 0.1052
epoch 25: train_loss = 1.664984, source_mrr = 0.026997, source_hit@10 = 0.0514, source_ndcg@10 = 0.0247, target_mrr = 0.048349, target_hit@10 = 0.1052, target_ndcg@10 = 0.0529

2024-08-14 19:58:54.028832: step 3952/12160 (epoch 26/80), loss = 1.661620 (44.780 sec/epoch), lr: 0.002654
Evaluating on dev set...
...........................
source: 	 mrr: 0.025989	 ndcg_5: 0.0173	 ndcg_10: 0.0252	 hit@1:0.008689	 hit@5:0.0253	 hit@10: 0.0500
target: 	 mrr: 0.052014	 ndcg_5: 0.0410	 ndcg_10: 0.0571	 hit@1:0.018815	 hit@5:0.0634	 hit@10: 0.1129
epoch 26: train_loss = 1.661620, source_mrr = 0.025989, source_hit@10 = 0.0500, source_ndcg@10 = 0.0252, target_mrr = 0.052014, target_hit@10 = 0.1129, target_ndcg@10 = 0.0571

2024-08-14 19:59:38.009895: step 4104/12160 (epoch 27/80), loss = 1.664727 (43.331 sec/epoch), lr: 0.002654
Evaluating on dev set...
...........................
source: 	 mrr: 0.018521	 ndcg_5: 0.0109	 ndcg_10: 0.0173	 hit@1:0.002172	 hit@5:0.0196	 hit@10: 0.0391
target: 	 mrr: 0.053837	 ndcg_5: 0.0434	 ndcg_10: 0.0613	 hit@1:0.020906	 hit@5:0.0669	 hit@10: 0.1233
epoch 27: train_loss = 1.664727, source_mrr = 0.018521, source_hit@10 = 0.0391, source_ndcg@10 = 0.0173, target_mrr = 0.053837, target_hit@10 = 0.1233, target_ndcg@10 = 0.0613

2024-08-14 20:00:23.073074: step 4256/12160 (epoch 28/80), loss = 1.652923 (44.377 sec/epoch), lr: 0.002521
Evaluating on dev set...
...........................
source: 	 mrr: 0.023825	 ndcg_5: 0.0164	 ndcg_10: 0.0205	 hit@1:0.008689	 hit@5:0.0239	 hit@10: 0.0369
target: 	 mrr: 0.054951	 ndcg_5: 0.0453	 ndcg_10: 0.0625	 hit@1:0.014634	 hit@5:0.0704	 hit@10: 0.1233
epoch 28: train_loss = 1.652923, source_mrr = 0.023825, source_hit@10 = 0.0369, source_ndcg@10 = 0.0205, target_mrr = 0.054951, target_hit@10 = 0.1233, target_ndcg@10 = 0.0625

2024-08-14 20:01:08.401841: step 4408/12160 (epoch 29/80), loss = 1.653846 (44.562 sec/epoch), lr: 0.002521
Evaluating on dev set...
...........................
source: 	 mrr: 0.025051	 ndcg_5: 0.0175	 ndcg_10: 0.0232	 hit@1:0.005069	 hit@5:0.0297	 hit@10: 0.0478
target: 	 mrr: 0.050073	 ndcg_5: 0.0403	 ndcg_10: 0.0556	 hit@1:0.016028	 hit@5:0.0648	 hit@10: 0.1122
epoch 29: train_loss = 1.653846, source_mrr = 0.025051, source_hit@10 = 0.0478, source_ndcg@10 = 0.0232, target_mrr = 0.050073, target_hit@10 = 0.1122, target_ndcg@10 = 0.0556

2024-08-14 20:01:51.539698: step 4560/12160 (epoch 30/80), loss = 1.648027 (42.504 sec/epoch), lr: 0.002395
Evaluating on dev set...
...........................
source: 	 mrr: 0.032999	 ndcg_5: 0.0228	 ndcg_10: 0.0326	 hit@1:0.010862	 hit@5:0.0369	 hit@10: 0.0673
target: 	 mrr: 0.054968	 ndcg_5: 0.0491	 ndcg_10: 0.0609	 hit@1:0.018815	 hit@5:0.0808	 hit@10: 0.1178
epoch 30: train_loss = 1.648027, source_mrr = 0.032999, source_hit@10 = 0.0673, source_ndcg@10 = 0.0326, target_mrr = 0.054968, target_hit@10 = 0.1178, target_ndcg@10 = 0.0609

2024-08-14 20:02:35.288048: step 4712/12160 (epoch 31/80), loss = 1.640021 (43.115 sec/epoch), lr: 0.002395
Evaluating on dev set...
...........................
source: 	 mrr: 0.028341	 ndcg_5: 0.0197	 ndcg_10: 0.0270	 hit@1:0.005793	 hit@5:0.0340	 hit@10: 0.0572
target: 	 mrr: 0.056760	 ndcg_5: 0.0482	 ndcg_10: 0.0623	 hit@1:0.021603	 hit@5:0.0760	 hit@10: 0.1199
epoch 31: train_loss = 1.640021, source_mrr = 0.028341, source_hit@10 = 0.0572, source_ndcg@10 = 0.0270, target_mrr = 0.056760, target_hit@10 = 0.1199, target_ndcg@10 = 0.0623

2024-08-14 20:03:17.789576: step 4864/12160 (epoch 32/80), loss = 1.632846 (41.878 sec/epoch), lr: 0.002275
Evaluating on dev set...
...........................
source: 	 mrr: 0.019872	 ndcg_5: 0.0110	 ndcg_10: 0.0180	 hit@1:0.003621	 hit@5:0.0174	 hit@10: 0.0391
target: 	 mrr: 0.054361	 ndcg_5: 0.0458	 ndcg_10: 0.0611	 hit@1:0.021603	 hit@5:0.0718	 hit@10: 0.1199
epoch 32: train_loss = 1.632846, source_mrr = 0.019872, source_hit@10 = 0.0391, source_ndcg@10 = 0.0180, target_mrr = 0.054361, target_hit@10 = 0.1199, target_ndcg@10 = 0.0611

2024-08-14 20:04:00.372672: step 5016/12160 (epoch 33/80), loss = 1.624879 (41.944 sec/epoch), lr: 0.002161
Evaluating on dev set...
...........................
source: 	 mrr: 0.039776	 ndcg_5: 0.0304	 ndcg_10: 0.0407	 hit@1:0.013034	 hit@5:0.0485	 hit@10: 0.0804
target: 	 mrr: 0.057460	 ndcg_5: 0.0485	 ndcg_10: 0.0627	 hit@1:0.025087	 hit@5:0.0739	 hit@10: 0.1185
source best!
.............
source: 	 mrr: 0.037980	 ndcg_5: 0.0276	 ndcg_10: 0.0378	 hit@1:0.010736	 hit@5:0.0422	 hit@10: 0.0744
epoch 33: train_loss = 1.624879, source_mrr = 0.037980, source_hit@10 = 0.0744, source_ndcg@10 = 0.0378, target_mrr = 0.057460, target_hit@10 = 0.1185, target_ndcg@10 = 0.0627

2024-08-14 20:04:42.894854: step 5168/12160 (epoch 34/80), loss = 1.620815 (41.633 sec/epoch), lr: 0.002161
Evaluating on dev set...
...........................
source: 	 mrr: 0.026520	 ndcg_5: 0.0187	 ndcg_10: 0.0261	 hit@1:0.005793	 hit@5:0.0304	 hit@10: 0.0536
target: 	 mrr: 0.055410	 ndcg_5: 0.0469	 ndcg_10: 0.0594	 hit@1:0.020209	 hit@5:0.0732	 hit@10: 0.1122
epoch 34: train_loss = 1.620815, source_mrr = 0.026520, source_hit@10 = 0.0536, source_ndcg@10 = 0.0261, target_mrr = 0.055410, target_hit@10 = 0.1122, target_ndcg@10 = 0.0594

2024-08-14 20:05:26.654850: step 5320/12160 (epoch 35/80), loss = 1.611436 (43.127 sec/epoch), lr: 0.002053
Evaluating on dev set...
...........................
source: 	 mrr: 0.036865	 ndcg_5: 0.0274	 ndcg_10: 0.0379	 hit@1:0.008689	 hit@5:0.0463	 hit@10: 0.0789
target: 	 mrr: 0.058391	 ndcg_5: 0.0517	 ndcg_10: 0.0635	 hit@1:0.022300	 hit@5:0.0801	 hit@10: 0.1164
epoch 35: train_loss = 1.611436, source_mrr = 0.036865, source_hit@10 = 0.0789, source_ndcg@10 = 0.0379, target_mrr = 0.058391, target_hit@10 = 0.1164, target_ndcg@10 = 0.0635

2024-08-14 20:06:10.484173: step 5472/12160 (epoch 36/80), loss = 1.611712 (43.195 sec/epoch), lr: 0.002053
Evaluating on dev set...
...........................
source: 	 mrr: 0.039849	 ndcg_5: 0.0282	 ndcg_10: 0.0400	 hit@1:0.012310	 hit@5:0.0434	 hit@10: 0.0804
target: 	 mrr: 0.057426	 ndcg_5: 0.0509	 ndcg_10: 0.0634	 hit@1:0.021603	 hit@5:0.0794	 hit@10: 0.1178
source best!
.............
source: 	 mrr: 0.038659	 ndcg_5: 0.0287	 ndcg_10: 0.0402	 hit@1:0.010736	 hit@5:0.0468	 hit@10: 0.0828
epoch 36: train_loss = 1.611712, source_mrr = 0.038659, source_hit@10 = 0.0828, source_ndcg@10 = 0.0402, target_mrr = 0.057426, target_hit@10 = 0.1178, target_ndcg@10 = 0.0634

2024-08-14 20:06:56.363136: step 5624/12160 (epoch 37/80), loss = 1.608500 (44.965 sec/epoch), lr: 0.002053
Evaluating on dev set...
...........................
source: 	 mrr: 0.029489	 ndcg_5: 0.0207	 ndcg_10: 0.0278	 hit@1:0.009413	 hit@5:0.0319	 hit@10: 0.0536
target: 	 mrr: 0.055816	 ndcg_5: 0.0458	 ndcg_10: 0.0613	 hit@1:0.019512	 hit@5:0.0697	 hit@10: 0.1178
epoch 37: train_loss = 1.608500, source_mrr = 0.029489, source_hit@10 = 0.0536, source_ndcg@10 = 0.0278, target_mrr = 0.055816, target_hit@10 = 0.1178, target_ndcg@10 = 0.0613

2024-08-14 20:07:41.869667: step 5776/12160 (epoch 38/80), loss = 1.600439 (44.817 sec/epoch), lr: 0.001951
Evaluating on dev set...
...........................
source: 	 mrr: 0.042123	 ndcg_5: 0.0296	 ndcg_10: 0.0412	 hit@1:0.017379	 hit@5:0.0420	 hit@10: 0.0782
target: 	 mrr: 0.052184	 ndcg_5: 0.0430	 ndcg_10: 0.0578	 hit@1:0.016725	 hit@5:0.0683	 hit@10: 0.1143
source best!
.............
source: 	 mrr: 0.038987	 ndcg_5: 0.0284	 ndcg_10: 0.0418	 hit@1:0.010736	 hit@5:0.0460	 hit@10: 0.0882
epoch 38: train_loss = 1.600439, source_mrr = 0.038987, source_hit@10 = 0.0882, source_ndcg@10 = 0.0418, target_mrr = 0.052184, target_hit@10 = 0.1143, target_ndcg@10 = 0.0578

2024-08-14 20:08:28.299171: step 5928/12160 (epoch 39/80), loss = 1.598449 (45.501 sec/epoch), lr: 0.001951
Evaluating on dev set...
...........................
source: 	 mrr: 0.037233	 ndcg_5: 0.0258	 ndcg_10: 0.0353	 hit@1:0.010862	 hit@5:0.0391	 hit@10: 0.0688
target: 	 mrr: 0.047975	 ndcg_5: 0.0388	 ndcg_10: 0.0531	 hit@1:0.012544	 hit@5:0.0655	 hit@10: 0.1094
epoch 39: train_loss = 1.598449, source_mrr = 0.037233, source_hit@10 = 0.0688, source_ndcg@10 = 0.0353, target_mrr = 0.047975, target_hit@10 = 0.1094, target_ndcg@10 = 0.0531

2024-08-14 20:09:14.097862: step 6080/12160 (epoch 40/80), loss = 1.596415 (45.119 sec/epoch), lr: 0.001853
Evaluating on dev set...
...........................
source: 	 mrr: 0.035234	 ndcg_5: 0.0253	 ndcg_10: 0.0335	 hit@1:0.013758	 hit@5:0.0369	 hit@10: 0.0623
target: 	 mrr: 0.056299	 ndcg_5: 0.0483	 ndcg_10: 0.0638	 hit@1:0.018118	 hit@5:0.0780	 hit@10: 0.1261
epoch 40: train_loss = 1.596415, source_mrr = 0.035234, source_hit@10 = 0.0623, source_ndcg@10 = 0.0335, target_mrr = 0.056299, target_hit@10 = 0.1261, target_ndcg@10 = 0.0638
shift to transfer learning mode

2024-08-14 20:10:00.509441: step 6232/12160 (epoch 41/80), loss = 1.601734 (45.749 sec/epoch), lr: 0.001853
Evaluating on dev set...
...........................
source: 	 mrr: 0.035878	 ndcg_5: 0.0235	 ndcg_10: 0.0351	 hit@1:0.013034	 hit@5:0.0340	 hit@10: 0.0702
target: 	 mrr: 0.050679	 ndcg_5: 0.0428	 ndcg_10: 0.0573	 hit@1:0.013937	 hit@5:0.0725	 hit@10: 0.1178
epoch 41: train_loss = 1.601734, source_mrr = 0.035878, source_hit@10 = 0.0702, source_ndcg@10 = 0.0351, target_mrr = 0.050679, target_hit@10 = 0.1178, target_ndcg@10 = 0.0573

2024-08-14 20:10:47.092629: step 6384/12160 (epoch 42/80), loss = 1.598669 (45.892 sec/epoch), lr: 0.001761
Evaluating on dev set...
...........................
source: 	 mrr: 0.033905	 ndcg_5: 0.0229	 ndcg_10: 0.0322	 hit@1:0.010862	 hit@5:0.0355	 hit@10: 0.0644
target: 	 mrr: 0.053407	 ndcg_5: 0.0435	 ndcg_10: 0.0578	 hit@1:0.021603	 hit@5:0.0662	 hit@10: 0.1108
epoch 42: train_loss = 1.598669, source_mrr = 0.033905, source_hit@10 = 0.0644, source_ndcg@10 = 0.0322, target_mrr = 0.053407, target_hit@10 = 0.1108, target_ndcg@10 = 0.0578

2024-08-14 20:11:33.588934: step 6536/12160 (epoch 43/80), loss = 1.593293 (45.793 sec/epoch), lr: 0.001761
Evaluating on dev set...
...........................
source: 	 mrr: 0.028337	 ndcg_5: 0.0187	 ndcg_10: 0.0259	 hit@1:0.005793	 hit@5:0.0319	 hit@10: 0.0543
target: 	 mrr: 0.051490	 ndcg_5: 0.0457	 ndcg_10: 0.0558	 hit@1:0.018815	 hit@5:0.0746	 hit@10: 0.1059
epoch 43: train_loss = 1.593293, source_mrr = 0.028337, source_hit@10 = 0.0543, source_ndcg@10 = 0.0259, target_mrr = 0.051490, target_hit@10 = 0.1059, target_ndcg@10 = 0.0558

2024-08-14 20:12:20.344308: step 6688/12160 (epoch 44/80), loss = 1.590053 (46.053 sec/epoch), lr: 0.001672
Evaluating on dev set...
...........................
source: 	 mrr: 0.034836	 ndcg_5: 0.0247	 ndcg_10: 0.0370	 hit@1:0.009413	 hit@5:0.0413	 hit@10: 0.0797
target: 	 mrr: 0.053557	 ndcg_5: 0.0455	 ndcg_10: 0.0583	 hit@1:0.019512	 hit@5:0.0725	 hit@10: 0.1129
epoch 44: train_loss = 1.590053, source_mrr = 0.034836, source_hit@10 = 0.0797, source_ndcg@10 = 0.0370, target_mrr = 0.053557, target_hit@10 = 0.1129, target_ndcg@10 = 0.0583

2024-08-14 20:13:06.646412: step 6840/12160 (epoch 45/80), loss = 1.588644 (45.635 sec/epoch), lr: 0.001672
Evaluating on dev set...
...........................
source: 	 mrr: 0.034240	 ndcg_5: 0.0249	 ndcg_10: 0.0347	 hit@1:0.007965	 hit@5:0.0420	 hit@10: 0.0724
target: 	 mrr: 0.049876	 ndcg_5: 0.0416	 ndcg_10: 0.0557	 hit@1:0.017422	 hit@5:0.0669	 hit@10: 0.1108
epoch 45: train_loss = 1.588644, source_mrr = 0.034240, source_hit@10 = 0.0724, source_ndcg@10 = 0.0347, target_mrr = 0.049876, target_hit@10 = 0.1108, target_ndcg@10 = 0.0557

2024-08-14 20:13:53.235648: step 6992/12160 (epoch 46/80), loss = 1.583448 (45.899 sec/epoch), lr: 0.001589
Evaluating on dev set...
...........................
source: 	 mrr: 0.035761	 ndcg_5: 0.0267	 ndcg_10: 0.0343	 hit@1:0.014482	 hit@5:0.0398	 hit@10: 0.0637
target: 	 mrr: 0.055453	 ndcg_5: 0.0460	 ndcg_10: 0.0617	 hit@1:0.019512	 hit@5:0.0718	 hit@10: 0.1206
epoch 46: train_loss = 1.583448, source_mrr = 0.035761, source_hit@10 = 0.0637, source_ndcg@10 = 0.0343, target_mrr = 0.055453, target_hit@10 = 0.1206, target_ndcg@10 = 0.0617

2024-08-14 20:14:39.703679: step 7144/12160 (epoch 47/80), loss = 1.585933 (45.766 sec/epoch), lr: 0.001589
Evaluating on dev set...
...........................
source: 	 mrr: 0.040642	 ndcg_5: 0.0301	 ndcg_10: 0.0387	 hit@1:0.014482	 hit@5:0.0471	 hit@10: 0.0746
target: 	 mrr: 0.058977	 ndcg_5: 0.0500	 ndcg_10: 0.0635	 hit@1:0.024390	 hit@5:0.0753	 hit@10: 0.1178
target best!
..............target: 	 mrr: 0.060303	 ndcg_5: 0.0498	 ndcg_10: 0.0662	 hit@1:0.026749	 hit@5:0.0727	 hit@10: 0.1235
epoch 47: train_loss = 1.585933, source_mrr = 0.040642, source_hit@10 = 0.0746, source_ndcg@10 = 0.0387, target_mrr = 0.060303, target_hit@10 = 0.1235, target_ndcg@10 = 0.0662

2024-08-14 20:15:26.324676: step 7296/12160 (epoch 48/80), loss = 1.584200 (45.665 sec/epoch), lr: 0.001589
Evaluating on dev set...
...........................
source: 	 mrr: 0.042250	 ndcg_5: 0.0308	 ndcg_10: 0.0425	 hit@1:0.015206	 hit@5:0.0478	 hit@10: 0.0847
target: 	 mrr: 0.055091	 ndcg_5: 0.0482	 ndcg_10: 0.0582	 hit@1:0.020906	 hit@5:0.0753	 hit@10: 0.1066
source best!
.............
source: 	 mrr: 0.038815	 ndcg_5: 0.0267	 ndcg_10: 0.0391	 hit@1:0.012270	 hit@5:0.0429	 hit@10: 0.0821
epoch 48: train_loss = 1.584200, source_mrr = 0.038815, source_hit@10 = 0.0821, source_ndcg@10 = 0.0391, target_mrr = 0.055091, target_hit@10 = 0.1066, target_ndcg@10 = 0.0582

2024-08-14 20:16:12.310089: step 7448/12160 (epoch 49/80), loss = 1.577934 (45.098 sec/epoch), lr: 0.001509
Evaluating on dev set...
...........................
source: 	 mrr: 0.040241	 ndcg_5: 0.0302	 ndcg_10: 0.0397	 hit@1:0.013758	 hit@5:0.0463	 hit@10: 0.0768
target: 	 mrr: 0.059978	 ndcg_5: 0.0519	 ndcg_10: 0.0677	 hit@1:0.022300	 hit@5:0.0815	 hit@10: 0.1303
target best!
..............target: 	 mrr: 0.064051	 ndcg_5: 0.0551	 ndcg_10: 0.0705	 hit@1:0.026749	 hit@5:0.0830	 hit@10: 0.1303
epoch 49: train_loss = 1.577934, source_mrr = 0.040241, source_hit@10 = 0.0768, source_ndcg@10 = 0.0397, target_mrr = 0.064051, target_hit@10 = 0.1303, target_ndcg@10 = 0.0705

2024-08-14 20:16:58.504525: step 7600/12160 (epoch 50/80), loss = 1.576853 (45.169 sec/epoch), lr: 0.001509
Evaluating on dev set...
...........................
source: 	 mrr: 0.036608	 ndcg_5: 0.0278	 ndcg_10: 0.0375	 hit@1:0.010862	 hit@5:0.0442	 hit@10: 0.0746
target: 	 mrr: 0.048976	 ndcg_5: 0.0386	 ndcg_10: 0.0550	 hit@1:0.016725	 hit@5:0.0613	 hit@10: 0.1122
epoch 50: train_loss = 1.576853, source_mrr = 0.036608, source_hit@10 = 0.0746, source_ndcg@10 = 0.0375, target_mrr = 0.048976, target_hit@10 = 0.1122, target_ndcg@10 = 0.0550

2024-08-14 20:17:45.367624: step 7752/12160 (epoch 51/80), loss = 1.572188 (46.210 sec/epoch), lr: 0.001434
Evaluating on dev set...
...........................
source: 	 mrr: 0.037618	 ndcg_5: 0.0261	 ndcg_10: 0.0379	 hit@1:0.010862	 hit@5:0.0427	 hit@10: 0.0789
target: 	 mrr: 0.047691	 ndcg_5: 0.0396	 ndcg_10: 0.0532	 hit@1:0.016028	 hit@5:0.0648	 hit@10: 0.1073
epoch 51: train_loss = 1.572188, source_mrr = 0.037618, source_hit@10 = 0.0789, source_ndcg@10 = 0.0379, target_mrr = 0.047691, target_hit@10 = 0.1073, target_ndcg@10 = 0.0532

2024-08-14 20:18:31.796767: step 7904/12160 (epoch 52/80), loss = 1.569919 (45.718 sec/epoch), lr: 0.001362
Evaluating on dev set...
...........................
source: 	 mrr: 0.034731	 ndcg_5: 0.0269	 ndcg_10: 0.0358	 hit@1:0.010138	 hit@5:0.0442	 hit@10: 0.0724
target: 	 mrr: 0.053445	 ndcg_5: 0.0459	 ndcg_10: 0.0598	 hit@1:0.018815	 hit@5:0.0725	 hit@10: 0.1157
epoch 52: train_loss = 1.569919, source_mrr = 0.034731, source_hit@10 = 0.0724, source_ndcg@10 = 0.0358, target_mrr = 0.053445, target_hit@10 = 0.1157, target_ndcg@10 = 0.0598

2024-08-14 20:19:18.490358: step 8056/12160 (epoch 53/80), loss = 1.567859 (46.038 sec/epoch), lr: 0.001362
Evaluating on dev set...
...........................
source: 	 mrr: 0.039616	 ndcg_5: 0.0294	 ndcg_10: 0.0407	 hit@1:0.010862	 hit@5:0.0485	 hit@10: 0.0840
target: 	 mrr: 0.050782	 ndcg_5: 0.0435	 ndcg_10: 0.0563	 hit@1:0.016725	 hit@5:0.0697	 hit@10: 0.1094
epoch 53: train_loss = 1.567859, source_mrr = 0.039616, source_hit@10 = 0.0840, source_ndcg@10 = 0.0407, target_mrr = 0.050782, target_hit@10 = 0.1094, target_ndcg@10 = 0.0563

2024-08-14 20:20:05.249378: step 8208/12160 (epoch 54/80), loss = 1.561230 (46.092 sec/epoch), lr: 0.001362
Evaluating on dev set...
...........................
source: 	 mrr: 0.042667	 ndcg_5: 0.0321	 ndcg_10: 0.0447	 hit@1:0.013034	 hit@5:0.0514	 hit@10: 0.0912
target: 	 mrr: 0.048164	 ndcg_5: 0.0402	 ndcg_10: 0.0517	 hit@1:0.015331	 hit@5:0.0641	 hit@10: 0.0997
source best!
.............
source: 	 mrr: 0.040176	 ndcg_5: 0.0308	 ndcg_10: 0.0436	 hit@1:0.008436	 hit@5:0.0521	 hit@10: 0.0920
epoch 54: train_loss = 1.561230, source_mrr = 0.040176, source_hit@10 = 0.0920, source_ndcg@10 = 0.0436, target_mrr = 0.048164, target_hit@10 = 0.0997, target_ndcg@10 = 0.0517

2024-08-14 20:20:51.444958: step 8360/12160 (epoch 55/80), loss = 1.563148 (45.306 sec/epoch), lr: 0.001362
Evaluating on dev set...
...........................
source: 	 mrr: 0.033934	 ndcg_5: 0.0251	 ndcg_10: 0.0325	 hit@1:0.009413	 hit@5:0.0406	 hit@10: 0.0637
target: 	 mrr: 0.046581	 ndcg_5: 0.0359	 ndcg_10: 0.0487	 hit@1:0.016725	 hit@5:0.0544	 hit@10: 0.0948
epoch 55: train_loss = 1.563148, source_mrr = 0.033934, source_hit@10 = 0.0637, source_ndcg@10 = 0.0325, target_mrr = 0.046581, target_hit@10 = 0.0948, target_ndcg@10 = 0.0487

2024-08-14 20:21:38.171651: step 8512/12160 (epoch 56/80), loss = 1.560388 (46.057 sec/epoch), lr: 0.001294
Evaluating on dev set...
...........................
source: 	 mrr: 0.031514	 ndcg_5: 0.0237	 ndcg_10: 0.0316	 hit@1:0.007241	 hit@5:0.0413	 hit@10: 0.0659
target: 	 mrr: 0.040741	 ndcg_5: 0.0298	 ndcg_10: 0.0431	 hit@1:0.010453	 hit@5:0.0495	 hit@10: 0.0906
epoch 56: train_loss = 1.560388, source_mrr = 0.031514, source_hit@10 = 0.0659, source_ndcg@10 = 0.0316, target_mrr = 0.040741, target_hit@10 = 0.0906, target_ndcg@10 = 0.0431

2024-08-14 20:22:25.379904: step 8664/12160 (epoch 57/80), loss = 1.552518 (46.509 sec/epoch), lr: 0.001229
Evaluating on dev set...
...........................
source: 	 mrr: 0.039661	 ndcg_5: 0.0294	 ndcg_10: 0.0406	 hit@1:0.009413	 hit@5:0.0471	 hit@10: 0.0825
target: 	 mrr: 0.041795	 ndcg_5: 0.0341	 ndcg_10: 0.0457	 hit@1:0.010453	 hit@5:0.0578	 hit@10: 0.0941
epoch 57: train_loss = 1.552518, source_mrr = 0.039661, source_hit@10 = 0.0825, source_ndcg@10 = 0.0406, target_mrr = 0.041795, target_hit@10 = 0.0941, target_ndcg@10 = 0.0457

2024-08-14 20:23:11.794682: step 8816/12160 (epoch 58/80), loss = 1.552290 (45.717 sec/epoch), lr: 0.001229
Evaluating on dev set...
...........................
source: 	 mrr: 0.037967	 ndcg_5: 0.0279	 ndcg_10: 0.0397	 hit@1:0.012310	 hit@5:0.0449	 hit@10: 0.0825
target: 	 mrr: 0.047588	 ndcg_5: 0.0396	 ndcg_10: 0.0491	 hit@1:0.017422	 hit@5:0.0613	 hit@10: 0.0906
epoch 58: train_loss = 1.552290, source_mrr = 0.037967, source_hit@10 = 0.0825, source_ndcg@10 = 0.0397, target_mrr = 0.047588, target_hit@10 = 0.0906, target_ndcg@10 = 0.0491

2024-08-14 20:23:58.326291: step 8968/12160 (epoch 59/80), loss = 1.550827 (45.864 sec/epoch), lr: 0.001229
Evaluating on dev set...
...........................
source: 	 mrr: 0.035035	 ndcg_5: 0.0240	 ndcg_10: 0.0336	 hit@1:0.008689	 hit@5:0.0377	 hit@10: 0.0673
target: 	 mrr: 0.050957	 ndcg_5: 0.0412	 ndcg_10: 0.0535	 hit@1:0.018118	 hit@5:0.0634	 hit@10: 0.1010
epoch 59: train_loss = 1.550827, source_mrr = 0.035035, source_hit@10 = 0.0673, source_ndcg@10 = 0.0336, target_mrr = 0.050957, target_hit@10 = 0.1010, target_ndcg@10 = 0.0535

2024-08-14 20:24:44.601185: step 9120/12160 (epoch 60/80), loss = 1.548172 (45.575 sec/epoch), lr: 0.001229
Evaluating on dev set...
...........................
source: 	 mrr: 0.039783	 ndcg_5: 0.0318	 ndcg_10: 0.0404	 hit@1:0.010138	 hit@5:0.0529	 hit@10: 0.0797
target: 	 mrr: 0.054024	 ndcg_5: 0.0437	 ndcg_10: 0.0601	 hit@1:0.019512	 hit@5:0.0669	 hit@10: 0.1185
epoch 60: train_loss = 1.548172, source_mrr = 0.039783, source_hit@10 = 0.0797, source_ndcg@10 = 0.0404, target_mrr = 0.054024, target_hit@10 = 0.1185, target_ndcg@10 = 0.0601

2024-08-14 20:25:31.162919: step 9272/12160 (epoch 61/80), loss = 1.543884 (45.909 sec/epoch), lr: 0.001229
Evaluating on dev set...
...........................
source: 	 mrr: 0.025845	 ndcg_5: 0.0174	 ndcg_10: 0.0260	 hit@1:0.005793	 hit@5:0.0290	 hit@10: 0.0558
target: 	 mrr: 0.052341	 ndcg_5: 0.0429	 ndcg_10: 0.0569	 hit@1:0.019512	 hit@5:0.0662	 hit@10: 0.1101
epoch 61: train_loss = 1.543884, source_mrr = 0.025845, source_hit@10 = 0.0558, source_ndcg@10 = 0.0260, target_mrr = 0.052341, target_hit@10 = 0.1101, target_ndcg@10 = 0.0569

2024-08-14 20:26:17.858025: step 9424/12160 (epoch 62/80), loss = 1.543182 (45.853 sec/epoch), lr: 0.001168
Evaluating on dev set...
...........................
source: 	 mrr: 0.040093	 ndcg_5: 0.0291	 ndcg_10: 0.0398	 hit@1:0.012310	 hit@5:0.0449	 hit@10: 0.0775
target: 	 mrr: 0.050199	 ndcg_5: 0.0408	 ndcg_10: 0.0530	 hit@1:0.018118	 hit@5:0.0641	 hit@10: 0.1017
epoch 62: train_loss = 1.543182, source_mrr = 0.040093, source_hit@10 = 0.0775, source_ndcg@10 = 0.0398, target_mrr = 0.050199, target_hit@10 = 0.1017, target_ndcg@10 = 0.0530

2024-08-14 20:27:02.414553: step 9576/12160 (epoch 63/80), loss = 1.540958 (43.861 sec/epoch), lr: 0.001168
Evaluating on dev set...
...........................
source: 	 mrr: 0.041297	 ndcg_5: 0.0304	 ndcg_10: 0.0420	 hit@1:0.017379	 hit@5:0.0442	 hit@10: 0.0804
target: 	 mrr: 0.054140	 ndcg_5: 0.0453	 ndcg_10: 0.0602	 hit@1:0.019512	 hit@5:0.0718	 hit@10: 0.1178
epoch 63: train_loss = 1.540958, source_mrr = 0.041297, source_hit@10 = 0.0804, source_ndcg@10 = 0.0420, target_mrr = 0.054140, target_hit@10 = 0.1178, target_ndcg@10 = 0.0602

2024-08-14 20:27:48.241100: step 9728/12160 (epoch 64/80), loss = 1.541355 (45.140 sec/epoch), lr: 0.001168
Evaluating on dev set...
...........................
source: 	 mrr: 0.031788	 ndcg_5: 0.0241	 ndcg_10: 0.0322	 hit@1:0.006517	 hit@5:0.0398	 hit@10: 0.0652
target: 	 mrr: 0.048795	 ndcg_5: 0.0397	 ndcg_10: 0.0533	 hit@1:0.014634	 hit@5:0.0662	 hit@10: 0.1080
epoch 64: train_loss = 1.541355, source_mrr = 0.031788, source_hit@10 = 0.0652, source_ndcg@10 = 0.0322, target_mrr = 0.048795, target_hit@10 = 0.1080, target_ndcg@10 = 0.0533

2024-08-14 20:28:32.319446: step 9880/12160 (epoch 65/80), loss = 1.538060 (43.433 sec/epoch), lr: 0.001110
Evaluating on dev set...
...........................
source: 	 mrr: 0.039648	 ndcg_5: 0.0316	 ndcg_10: 0.0394	 hit@1:0.013758	 hit@5:0.0500	 hit@10: 0.0746
target: 	 mrr: 0.051075	 ndcg_5: 0.0405	 ndcg_10: 0.0542	 hit@1:0.018815	 hit@5:0.0620	 hit@10: 0.1045
epoch 65: train_loss = 1.538060, source_mrr = 0.039648, source_hit@10 = 0.0746, source_ndcg@10 = 0.0394, target_mrr = 0.051075, target_hit@10 = 0.1045, target_ndcg@10 = 0.0542

2024-08-14 20:29:15.033498: step 10032/12160 (epoch 66/80), loss = 1.533277 (42.078 sec/epoch), lr: 0.001110
Evaluating on dev set...
...........................
source: 	 mrr: 0.039734	 ndcg_5: 0.0312	 ndcg_10: 0.0418	 hit@1:0.012310	 hit@5:0.0485	 hit@10: 0.0818
target: 	 mrr: 0.048757	 ndcg_5: 0.0373	 ndcg_10: 0.0523	 hit@1:0.017422	 hit@5:0.0564	 hit@10: 0.1031
epoch 66: train_loss = 1.533277, source_mrr = 0.039734, source_hit@10 = 0.0818, source_ndcg@10 = 0.0418, target_mrr = 0.048757, target_hit@10 = 0.1031, target_ndcg@10 = 0.0523

2024-08-14 20:29:58.566277: step 10184/12160 (epoch 67/80), loss = 1.531873 (42.888 sec/epoch), lr: 0.001054
Evaluating on dev set...
...........................
source: 	 mrr: 0.043671	 ndcg_5: 0.0311	 ndcg_10: 0.0420	 hit@1:0.018103	 hit@5:0.0427	 hit@10: 0.0760
target: 	 mrr: 0.050918	 ndcg_5: 0.0442	 ndcg_10: 0.0558	 hit@1:0.015331	 hit@5:0.0732	 hit@10: 0.1094
source best!
.............
source: 	 mrr: 0.035873	 ndcg_5: 0.0243	 ndcg_10: 0.0358	 hit@1:0.010736	 hit@5:0.0376	 hit@10: 0.0729
epoch 67: train_loss = 1.531873, source_mrr = 0.035873, source_hit@10 = 0.0729, source_ndcg@10 = 0.0358, target_mrr = 0.050918, target_hit@10 = 0.1094, target_ndcg@10 = 0.0558

2024-08-14 20:30:40.772186: step 10336/12160 (epoch 68/80), loss = 1.528457 (41.372 sec/epoch), lr: 0.001054
Evaluating on dev set...
...........................
source: 	 mrr: 0.037456	 ndcg_5: 0.0275	 ndcg_10: 0.0383	 hit@1:0.011586	 hit@5:0.0434	 hit@10: 0.0775
target: 	 mrr: 0.055405	 ndcg_5: 0.0479	 ndcg_10: 0.0611	 hit@1:0.017422	 hit@5:0.0780	 hit@10: 0.1192
epoch 68: train_loss = 1.528457, source_mrr = 0.037456, source_hit@10 = 0.0775, source_ndcg@10 = 0.0383, target_mrr = 0.055405, target_hit@10 = 0.1192, target_ndcg@10 = 0.0611

2024-08-14 20:31:24.671218: step 10488/12160 (epoch 69/80), loss = 1.526628 (43.269 sec/epoch), lr: 0.001001
Evaluating on dev set...
...........................
source: 	 mrr: 0.034059	 ndcg_5: 0.0238	 ndcg_10: 0.0322	 hit@1:0.012310	 hit@5:0.0362	 hit@10: 0.0623
target: 	 mrr: 0.056688	 ndcg_5: 0.0505	 ndcg_10: 0.0623	 hit@1:0.019512	 hit@5:0.0822	 hit@10: 0.1192
epoch 69: train_loss = 1.526628, source_mrr = 0.034059, source_hit@10 = 0.0623, source_ndcg@10 = 0.0322, target_mrr = 0.056688, target_hit@10 = 0.1192, target_ndcg@10 = 0.0623

2024-08-14 20:32:07.942020: step 10640/12160 (epoch 70/80), loss = 1.524026 (42.625 sec/epoch), lr: 0.000951
Evaluating on dev set...
...........................
source: 	 mrr: 0.034450	 ndcg_5: 0.0257	 ndcg_10: 0.0354	 hit@1:0.007965	 hit@5:0.0434	 hit@10: 0.0739
target: 	 mrr: 0.051785	 ndcg_5: 0.0431	 ndcg_10: 0.0567	 hit@1:0.016725	 hit@5:0.0697	 hit@10: 0.1115
epoch 70: train_loss = 1.524026, source_mrr = 0.034450, source_hit@10 = 0.0739, source_ndcg@10 = 0.0354, target_mrr = 0.051785, target_hit@10 = 0.1115, target_ndcg@10 = 0.0567

2024-08-14 20:32:52.012782: step 10792/12160 (epoch 71/80), loss = 1.516969 (43.396 sec/epoch), lr: 0.000904
Evaluating on dev set...
...........................
source: 	 mrr: 0.034564	 ndcg_5: 0.0242	 ndcg_10: 0.0333	 hit@1:0.011586	 hit@5:0.0377	 hit@10: 0.0659
target: 	 mrr: 0.053540	 ndcg_5: 0.0438	 ndcg_10: 0.0567	 hit@1:0.020209	 hit@5:0.0683	 hit@10: 0.1087
epoch 71: train_loss = 1.516969, source_mrr = 0.034564, source_hit@10 = 0.0659, source_ndcg@10 = 0.0333, target_mrr = 0.053540, target_hit@10 = 0.1087, target_ndcg@10 = 0.0567

2024-08-14 20:33:37.941859: step 10944/12160 (epoch 72/80), loss = 1.513136 (45.300 sec/epoch), lr: 0.000904
Evaluating on dev set...
...........................
source: 	 mrr: 0.038394	 ndcg_5: 0.0293	 ndcg_10: 0.0383	 hit@1:0.011586	 hit@5:0.0471	 hit@10: 0.0753
target: 	 mrr: 0.055504	 ndcg_5: 0.0464	 ndcg_10: 0.0606	 hit@1:0.019512	 hit@5:0.0732	 hit@10: 0.1171
epoch 72: train_loss = 1.513136, source_mrr = 0.038394, source_hit@10 = 0.0753, source_ndcg@10 = 0.0383, target_mrr = 0.055504, target_hit@10 = 0.1171, target_ndcg@10 = 0.0606

2024-08-14 20:34:24.534120: step 11096/12160 (epoch 73/80), loss = 1.514605 (45.915 sec/epoch), lr: 0.000904
Evaluating on dev set...
...........................
source: 	 mrr: 0.038347	 ndcg_5: 0.0296	 ndcg_10: 0.0400	 hit@1:0.010862	 hit@5:0.0485	 hit@10: 0.0811
target: 	 mrr: 0.050355	 ndcg_5: 0.0414	 ndcg_10: 0.0538	 hit@1:0.016725	 hit@5:0.0655	 hit@10: 0.1045
epoch 73: train_loss = 1.514605, source_mrr = 0.038347, source_hit@10 = 0.0811, source_ndcg@10 = 0.0400, target_mrr = 0.050355, target_hit@10 = 0.1045, target_ndcg@10 = 0.0538

2024-08-14 20:35:11.724966: step 11248/12160 (epoch 74/80), loss = 1.513160 (46.534 sec/epoch), lr: 0.000859
Evaluating on dev set...
...........................
source: 	 mrr: 0.036721	 ndcg_5: 0.0275	 ndcg_10: 0.0364	 hit@1:0.012310	 hit@5:0.0442	 hit@10: 0.0717
target: 	 mrr: 0.049050	 ndcg_5: 0.0371	 ndcg_10: 0.0532	 hit@1:0.019512	 hit@5:0.0564	 hit@10: 0.1066
epoch 74: train_loss = 1.513160, source_mrr = 0.036721, source_hit@10 = 0.0717, source_ndcg@10 = 0.0364, target_mrr = 0.049050, target_hit@10 = 0.1066, target_ndcg@10 = 0.0532

2024-08-14 20:35:59.058235: step 11400/12160 (epoch 75/80), loss = 1.506695 (46.671 sec/epoch), lr: 0.000816
Evaluating on dev set...
...........................
source: 	 mrr: 0.040555	 ndcg_5: 0.0293	 ndcg_10: 0.0397	 hit@1:0.015206	 hit@5:0.0434	 hit@10: 0.0760
target: 	 mrr: 0.053439	 ndcg_5: 0.0445	 ndcg_10: 0.0557	 hit@1:0.019512	 hit@5:0.0690	 hit@10: 0.1038
epoch 75: train_loss = 1.506695, source_mrr = 0.040555, source_hit@10 = 0.0760, source_ndcg@10 = 0.0397, target_mrr = 0.053439, target_hit@10 = 0.1038, target_ndcg@10 = 0.0557

2024-08-14 20:36:45.628216: step 11552/12160 (epoch 76/80), loss = 1.506169 (45.771 sec/epoch), lr: 0.000816
Evaluating on dev set...
...........................
source: 	 mrr: 0.034467	 ndcg_5: 0.0276	 ndcg_10: 0.0362	 hit@1:0.008689	 hit@5:0.0463	 hit@10: 0.0731
target: 	 mrr: 0.052390	 ndcg_5: 0.0454	 ndcg_10: 0.0589	 hit@1:0.017422	 hit@5:0.0753	 hit@10: 0.1171
epoch 76: train_loss = 1.506169, source_mrr = 0.034467, source_hit@10 = 0.0731, source_ndcg@10 = 0.0362, target_mrr = 0.052390, target_hit@10 = 0.1171, target_ndcg@10 = 0.0589

2024-08-14 20:37:32.262131: step 11704/12160 (epoch 77/80), loss = 1.500490 (45.926 sec/epoch), lr: 0.000775
Evaluating on dev set...
...........................
source: 	 mrr: 0.032096	 ndcg_5: 0.0240	 ndcg_10: 0.0327	 hit@1:0.007965	 hit@5:0.0391	 hit@10: 0.0666
target: 	 mrr: 0.054504	 ndcg_5: 0.0458	 ndcg_10: 0.0598	 hit@1:0.020906	 hit@5:0.0718	 hit@10: 0.1150
epoch 77: train_loss = 1.500490, source_mrr = 0.032096, source_hit@10 = 0.0666, source_ndcg@10 = 0.0327, target_mrr = 0.054504, target_hit@10 = 0.1150, target_ndcg@10 = 0.0598

2024-08-14 20:38:18.065344: step 11856/12160 (epoch 78/80), loss = 1.495899 (45.113 sec/epoch), lr: 0.000736
Evaluating on dev set...
...........................
source: 	 mrr: 0.040128	 ndcg_5: 0.0316	 ndcg_10: 0.0397	 hit@1:0.013034	 hit@5:0.0492	 hit@10: 0.0746
target: 	 mrr: 0.053447	 ndcg_5: 0.0449	 ndcg_10: 0.0562	 hit@1:0.020906	 hit@5:0.0669	 hit@10: 0.1024
epoch 78: train_loss = 1.495899, source_mrr = 0.040128, source_hit@10 = 0.0746, source_ndcg@10 = 0.0397, target_mrr = 0.053447, target_hit@10 = 0.1024, target_ndcg@10 = 0.0562

2024-08-14 20:39:02.542428: step 12008/12160 (epoch 79/80), loss = 1.494799 (43.833 sec/epoch), lr: 0.000736
Evaluating on dev set...
...........................
source: 	 mrr: 0.040661	 ndcg_5: 0.0319	 ndcg_10: 0.0417	 hit@1:0.012310	 hit@5:0.0507	 hit@10: 0.0818
target: 	 mrr: 0.055126	 ndcg_5: 0.0450	 ndcg_10: 0.0611	 hit@1:0.019512	 hit@5:0.0711	 hit@10: 0.1206
epoch 79: train_loss = 1.494799, source_mrr = 0.040661, source_hit@10 = 0.0818, source_ndcg@10 = 0.0417, target_mrr = 0.055126, target_hit@10 = 0.1206, target_ndcg@10 = 0.0611

2024-08-14 20:39:48.775563: step 12160/12160 (epoch 80/80), loss = 1.493086 (45.568 sec/epoch), lr: 0.000736
Evaluating on dev set...
...........................
source: 	 mrr: 0.040231	 ndcg_5: 0.0314	 ndcg_10: 0.0427	 hit@1:0.013034	 hit@5:0.0514	 hit@10: 0.0869
target: 	 mrr: 0.057992	 ndcg_5: 0.0486	 ndcg_10: 0.0643	 hit@1:0.021603	 hit@5:0.0746	 hit@10: 0.1240
epoch 80: train_loss = 1.493086, source_mrr = 0.040231, source_hit@10 = 0.0869, source_ndcg@10 = 0.0427, target_mrr = 0.057992, target_hit@10 = 0.1240, target_ndcg@10 = 0.0643

source best:  source_mrr = 0.042667, source_hit@10 = 0.0912, source_ndcg@10 = 0.0447
target best:  target_mrr = 0.059978, target_hit@10 = 0.1303, target_ndcg@10 = 0.0677
