using gpu:4 to train the model
using gpu:4 to train the model
cuda:4
Namespace(A_split=False, JK='sum', a_fold=100, aggregate=False, alpha=0.5, batch_size=2048, beta_inter=0.2, conv_layers=4, cuda=True, decay_epoch=10, device=device(type='cuda', index=4), device_id='4', domains='game_video', dropout=0.4, epoch=80, feature_dim=126, gamma_intra=0.8, hidden_dim=126, inter_tau=0.2, intra_tau=0.4, lambda_critic=0.1, leakey=0.05, load=False, log='logs.txt', log_epoch=1, lr=0.004, lr_decay=0.95, min_epoch=60, mode='train', model_file=None, model_name='gv', momentum=0.98, num_latent_factors=3, num_negative=100, optim='adam', patience=20, proj_layers=1, projection=1, rectify_epoch=40, residual=1, save=False, save_dir='./saved_models', seed=32, similarity_tau=0.1, step=4, test_sample_number=999, user_batch_size=256, weight_decay=0.0002)
number_user 25025
number_item 12319
real graph loaded!
number_user 19457
number_item 8751
real graph loaded!
graph loaded!
Loading data from game_video with batch size 2048...
unseen test: 0
test length: 1381
unseen test: 0
test length: 1304
unseen test: 0
test length: 1435
unseen test: 0
test length: 1458
source_user_num 25025
target_user_num 19457
source_item_num 12319
target_item_num 8751
shared users id: 1737
test users 226, 217
unseen test: 0
dev length: 1000
unseen test: 0
dev length: 1000
source train data : 155036, target train data: 156091, source test data : 1304, target test data : 1458, source dev data : 1000, target dev data : 1000
2024-08-14 21:42:36.169023: step 152/12160 (epoch 1/80), loss = 2.327027 (44.226 sec/epoch), lr: 0.004000
Evaluating on dev set...
...........................
source: 	 mrr: 0.025266	 ndcg_5: 0.0150	 ndcg_10: 0.0195	 hit@1:0.009413	 hit@5:0.0203	 hit@10: 0.0348
target: 	 mrr: 0.028527	 ndcg_5: 0.0203	 ndcg_10: 0.0287	 hit@1:0.008362	 hit@5:0.0321	 hit@10: 0.0585
source best!
.............
source: 	 mrr: 0.024753	 ndcg_5: 0.0163	 ndcg_10: 0.0217	 hit@1:0.005368	 hit@5:0.0261	 hit@10: 0.0429
target best!
..............target: 	 mrr: 0.031657	 ndcg_5: 0.0242	 ndcg_10: 0.0293	 hit@1:0.012346	 hit@5:0.0357	 hit@10: 0.0521
epoch 1: train_loss = 2.327027, source_mrr = 0.024753, source_hit@10 = 0.0429, source_ndcg@10 = 0.0217, target_mrr = 0.031657, target_hit@10 = 0.0521, target_ndcg@10 = 0.0293

2024-08-14 21:43:22.541256: step 304/12160 (epoch 2/80), loss = 1.955929 (45.252 sec/epoch), lr: 0.004000
Evaluating on dev set...
...........................
source: 	 mrr: 0.031718	 ndcg_5: 0.0210	 ndcg_10: 0.0311	 hit@1:0.005793	 hit@5:0.0369	 hit@10: 0.0681
target: 	 mrr: 0.027306	 ndcg_5: 0.0182	 ndcg_10: 0.0250	 hit@1:0.009756	 hit@5:0.0272	 hit@10: 0.0481
source best!
.............
source: 	 mrr: 0.031959	 ndcg_5: 0.0213	 ndcg_10: 0.0316	 hit@1:0.006902	 hit@5:0.0368	 hit@10: 0.0690
epoch 2: train_loss = 1.955929, source_mrr = 0.031959, source_hit@10 = 0.0690, source_ndcg@10 = 0.0316, target_mrr = 0.027306, target_hit@10 = 0.0481, target_ndcg@10 = 0.0250

2024-08-14 21:44:08.261826: step 456/12160 (epoch 3/80), loss = 1.898069 (44.831 sec/epoch), lr: 0.004000
Evaluating on dev set...
...........................
source: 	 mrr: 0.034556	 ndcg_5: 0.0211	 ndcg_10: 0.0336	 hit@1:0.007965	 hit@5:0.0355	 hit@10: 0.0746
target: 	 mrr: 0.035078	 ndcg_5: 0.0250	 ndcg_10: 0.0332	 hit@1:0.012544	 hit@5:0.0376	 hit@10: 0.0634
source best!
.............
source: 	 mrr: 0.034894	 ndcg_5: 0.0226	 ndcg_10: 0.0355	 hit@1:0.006135	 hit@5:0.0391	 hit@10: 0.0798
target best!
..............target: 	 mrr: 0.038126	 ndcg_5: 0.0298	 ndcg_10: 0.0373	 hit@1:0.013717	 hit@5:0.0453	 hit@10: 0.0686
epoch 3: train_loss = 1.898069, source_mrr = 0.034894, source_hit@10 = 0.0798, source_ndcg@10 = 0.0355, target_mrr = 0.038126, target_hit@10 = 0.0686, target_ndcg@10 = 0.0373

2024-08-14 21:44:54.189873: step 608/12160 (epoch 4/80), loss = 1.875294 (44.819 sec/epoch), lr: 0.004000
Evaluating on dev set...
...........................
source: 	 mrr: 0.037227	 ndcg_5: 0.0270	 ndcg_10: 0.0365	 hit@1:0.010862	 hit@5:0.0434	 hit@10: 0.0731
target: 	 mrr: 0.048300	 ndcg_5: 0.0399	 ndcg_10: 0.0517	 hit@1:0.018815	 hit@5:0.0634	 hit@10: 0.1003
source best!
.............
source: 	 mrr: 0.034730	 ndcg_5: 0.0246	 ndcg_10: 0.0335	 hit@1:0.009969	 hit@5:0.0399	 hit@10: 0.0675
target best!
..............target: 	 mrr: 0.046604	 ndcg_5: 0.0363	 ndcg_10: 0.0525	 hit@1:0.013717	 hit@5:0.0590	 hit@10: 0.1097
epoch 4: train_loss = 1.875294, source_mrr = 0.034730, source_hit@10 = 0.0675, source_ndcg@10 = 0.0335, target_mrr = 0.046604, target_hit@10 = 0.1097, target_ndcg@10 = 0.0525

2024-08-14 21:45:40.550053: step 760/12160 (epoch 5/80), loss = 1.861355 (45.132 sec/epoch), lr: 0.004000
Evaluating on dev set...
...........................
source: 	 mrr: 0.036019	 ndcg_5: 0.0251	 ndcg_10: 0.0341	 hit@1:0.011586	 hit@5:0.0398	 hit@10: 0.0681
target: 	 mrr: 0.052385	 ndcg_5: 0.0461	 ndcg_10: 0.0563	 hit@1:0.017422	 hit@5:0.0753	 hit@10: 0.1073
target best!
..............target: 	 mrr: 0.053075	 ndcg_5: 0.0454	 ndcg_10: 0.0591	 hit@1:0.017147	 hit@5:0.0748	 hit@10: 0.1166
epoch 5: train_loss = 1.861355, source_mrr = 0.036019, source_hit@10 = 0.0681, source_ndcg@10 = 0.0341, target_mrr = 0.053075, target_hit@10 = 0.1166, target_ndcg@10 = 0.0591

2024-08-14 21:46:26.603380: step 912/12160 (epoch 6/80), loss = 1.838805 (45.177 sec/epoch), lr: 0.004000
Evaluating on dev set...
...........................
source: 	 mrr: 0.035780	 ndcg_5: 0.0252	 ndcg_10: 0.0340	 hit@1:0.010862	 hit@5:0.0369	 hit@10: 0.0637
target: 	 mrr: 0.030658	 ndcg_5: 0.0227	 ndcg_10: 0.0310	 hit@1:0.009059	 hit@5:0.0369	 hit@10: 0.0627
epoch 6: train_loss = 1.838805, source_mrr = 0.035780, source_hit@10 = 0.0637, source_ndcg@10 = 0.0340, target_mrr = 0.030658, target_hit@10 = 0.0627, target_ndcg@10 = 0.0310

2024-08-14 21:47:12.662417: step 1064/12160 (epoch 7/80), loss = 1.808732 (45.439 sec/epoch), lr: 0.004000
Evaluating on dev set...
...........................
source: 	 mrr: 0.035675	 ndcg_5: 0.0265	 ndcg_10: 0.0364	 hit@1:0.008689	 hit@5:0.0456	 hit@10: 0.0768
target: 	 mrr: 0.043925	 ndcg_5: 0.0349	 ndcg_10: 0.0454	 hit@1:0.016725	 hit@5:0.0557	 hit@10: 0.0885
epoch 7: train_loss = 1.808732, source_mrr = 0.035675, source_hit@10 = 0.0768, source_ndcg@10 = 0.0364, target_mrr = 0.043925, target_hit@10 = 0.0885, target_ndcg@10 = 0.0454

2024-08-14 21:47:57.750175: step 1216/12160 (epoch 8/80), loss = 1.774909 (44.462 sec/epoch), lr: 0.004000
Evaluating on dev set...
...........................
source: 	 mrr: 0.027264	 ndcg_5: 0.0189	 ndcg_10: 0.0270	 hit@1:0.005793	 hit@5:0.0319	 hit@10: 0.0572
target: 	 mrr: 0.046440	 ndcg_5: 0.0360	 ndcg_10: 0.0522	 hit@1:0.014634	 hit@5:0.0557	 hit@10: 0.1066
epoch 8: train_loss = 1.774909, source_mrr = 0.027264, source_hit@10 = 0.0572, source_ndcg@10 = 0.0270, target_mrr = 0.046440, target_hit@10 = 0.1066, target_ndcg@10 = 0.0522

2024-08-14 21:48:42.887802: step 1368/12160 (epoch 9/80), loss = 1.755310 (44.505 sec/epoch), lr: 0.004000
Evaluating on dev set...
...........................
source: 	 mrr: 0.028845	 ndcg_5: 0.0197	 ndcg_10: 0.0280	 hit@1:0.008689	 hit@5:0.0311	 hit@10: 0.0565
target: 	 mrr: 0.043217	 ndcg_5: 0.0339	 ndcg_10: 0.0463	 hit@1:0.013240	 hit@5:0.0551	 hit@10: 0.0941
epoch 9: train_loss = 1.755310, source_mrr = 0.028845, source_hit@10 = 0.0565, source_ndcg@10 = 0.0280, target_mrr = 0.043217, target_hit@10 = 0.0941, target_ndcg@10 = 0.0463

2024-08-14 21:49:25.567100: step 1520/12160 (epoch 10/80), loss = 1.742606 (42.054 sec/epoch), lr: 0.004000
Evaluating on dev set...
...........................
source: 	 mrr: 0.034401	 ndcg_5: 0.0251	 ndcg_10: 0.0319	 hit@1:0.012310	 hit@5:0.0391	 hit@10: 0.0601
target: 	 mrr: 0.046998	 ndcg_5: 0.0392	 ndcg_10: 0.0521	 hit@1:0.012544	 hit@5:0.0662	 hit@10: 0.1066
epoch 10: train_loss = 1.742606, source_mrr = 0.034401, source_hit@10 = 0.0601, source_ndcg@10 = 0.0319, target_mrr = 0.046998, target_hit@10 = 0.1066, target_ndcg@10 = 0.0521

2024-08-14 21:50:07.512401: step 1672/12160 (epoch 11/80), loss = 1.739966 (41.368 sec/epoch), lr: 0.004000
Evaluating on dev set...
...........................
source: 	 mrr: 0.033482	 ndcg_5: 0.0253	 ndcg_10: 0.0337	 hit@1:0.007965	 hit@5:0.0434	 hit@10: 0.0695
target: 	 mrr: 0.039204	 ndcg_5: 0.0315	 ndcg_10: 0.0407	 hit@1:0.010453	 hit@5:0.0537	 hit@10: 0.0822
epoch 11: train_loss = 1.739966, source_mrr = 0.033482, source_hit@10 = 0.0695, source_ndcg@10 = 0.0337, target_mrr = 0.039204, target_hit@10 = 0.0822, target_ndcg@10 = 0.0407

2024-08-14 21:50:49.525240: step 1824/12160 (epoch 12/80), loss = 1.727759 (41.407 sec/epoch), lr: 0.003800
Evaluating on dev set...
...........................
source: 	 mrr: 0.021038	 ndcg_5: 0.0130	 ndcg_10: 0.0182	 hit@1:0.005793	 hit@5:0.0203	 hit@10: 0.0369
target: 	 mrr: 0.055774	 ndcg_5: 0.0482	 ndcg_10: 0.0636	 hit@1:0.020209	 hit@5:0.0767	 hit@10: 0.1247
target best!
..............target: 	 mrr: 0.056254	 ndcg_5: 0.0501	 ndcg_10: 0.0633	 hit@1:0.019204	 hit@5:0.0830	 hit@10: 0.1241
epoch 12: train_loss = 1.727759, source_mrr = 0.021038, source_hit@10 = 0.0369, source_ndcg@10 = 0.0182, target_mrr = 0.056254, target_hit@10 = 0.1241, target_ndcg@10 = 0.0633

2024-08-14 21:51:31.837828: step 1976/12160 (epoch 13/80), loss = 1.726327 (41.493 sec/epoch), lr: 0.003800
Evaluating on dev set...
...........................
source: 	 mrr: 0.022596	 ndcg_5: 0.0166	 ndcg_10: 0.0211	 hit@1:0.005069	 hit@5:0.0282	 hit@10: 0.0420
target: 	 mrr: 0.038585	 ndcg_5: 0.0270	 ndcg_10: 0.0431	 hit@1:0.011847	 hit@5:0.0439	 hit@10: 0.0948
epoch 13: train_loss = 1.726327, source_mrr = 0.022596, source_hit@10 = 0.0420, source_ndcg@10 = 0.0211, target_mrr = 0.038585, target_hit@10 = 0.0948, target_ndcg@10 = 0.0431

2024-08-14 21:52:13.268553: step 2128/12160 (epoch 14/80), loss = 1.720406 (40.835 sec/epoch), lr: 0.003610
Evaluating on dev set...
...........................
source: 	 mrr: 0.027328	 ndcg_5: 0.0172	 ndcg_10: 0.0260	 hit@1:0.009413	 hit@5:0.0253	 hit@10: 0.0529
target: 	 mrr: 0.049988	 ndcg_5: 0.0408	 ndcg_10: 0.0533	 hit@1:0.017422	 hit@5:0.0634	 hit@10: 0.1024
epoch 14: train_loss = 1.720406, source_mrr = 0.027328, source_hit@10 = 0.0529, source_ndcg@10 = 0.0260, target_mrr = 0.049988, target_hit@10 = 0.1024, target_ndcg@10 = 0.0533

2024-08-14 21:52:54.754225: step 2280/12160 (epoch 15/80), loss = 1.715066 (40.890 sec/epoch), lr: 0.003610
Evaluating on dev set...
...........................
source: 	 mrr: 0.025713	 ndcg_5: 0.0161	 ndcg_10: 0.0240	 hit@1:0.004345	 hit@5:0.0268	 hit@10: 0.0514
target: 	 mrr: 0.054887	 ndcg_5: 0.0432	 ndcg_10: 0.0578	 hit@1:0.022300	 hit@5:0.0634	 hit@10: 0.1087
epoch 15: train_loss = 1.715066, source_mrr = 0.025713, source_hit@10 = 0.0514, source_ndcg@10 = 0.0240, target_mrr = 0.054887, target_hit@10 = 0.1087, target_ndcg@10 = 0.0578

2024-08-14 21:53:37.101995: step 2432/12160 (epoch 16/80), loss = 1.710808 (41.765 sec/epoch), lr: 0.003610
Evaluating on dev set...
...........................
source: 	 mrr: 0.017127	 ndcg_5: 0.0100	 ndcg_10: 0.0151	 hit@1:0.002896	 hit@5:0.0174	 hit@10: 0.0333
target: 	 mrr: 0.044376	 ndcg_5: 0.0339	 ndcg_10: 0.0454	 hit@1:0.013937	 hit@5:0.0530	 hit@10: 0.0885
epoch 16: train_loss = 1.710808, source_mrr = 0.017127, source_hit@10 = 0.0333, source_ndcg@10 = 0.0151, target_mrr = 0.044376, target_hit@10 = 0.0885, target_ndcg@10 = 0.0454

2024-08-14 21:54:19.289603: step 2584/12160 (epoch 17/80), loss = 1.703321 (41.598 sec/epoch), lr: 0.003429
Evaluating on dev set...
...........................
source: 	 mrr: 0.021671	 ndcg_5: 0.0140	 ndcg_10: 0.0211	 hit@1:0.005793	 hit@5:0.0224	 hit@10: 0.0449
target: 	 mrr: 0.039286	 ndcg_5: 0.0304	 ndcg_10: 0.0406	 hit@1:0.011150	 hit@5:0.0502	 hit@10: 0.0822
epoch 17: train_loss = 1.703321, source_mrr = 0.021671, source_hit@10 = 0.0449, source_ndcg@10 = 0.0211, target_mrr = 0.039286, target_hit@10 = 0.0822, target_ndcg@10 = 0.0406

2024-08-14 21:55:02.186077: step 2736/12160 (epoch 18/80), loss = 1.698746 (42.325 sec/epoch), lr: 0.003258
Evaluating on dev set...
...........................
source: 	 mrr: 0.027221	 ndcg_5: 0.0192	 ndcg_10: 0.0254	 hit@1:0.007965	 hit@5:0.0311	 hit@10: 0.0500
target: 	 mrr: 0.054288	 ndcg_5: 0.0440	 ndcg_10: 0.0581	 hit@1:0.022997	 hit@5:0.0655	 hit@10: 0.1094
epoch 18: train_loss = 1.698746, source_mrr = 0.027221, source_hit@10 = 0.0500, source_ndcg@10 = 0.0254, target_mrr = 0.054288, target_hit@10 = 0.1094, target_ndcg@10 = 0.0581

2024-08-14 21:55:48.439858: step 2888/12160 (epoch 19/80), loss = 1.694824 (45.587 sec/epoch), lr: 0.003258
Evaluating on dev set...
...........................
source: 	 mrr: 0.026579	 ndcg_5: 0.0174	 ndcg_10: 0.0249	 hit@1:0.007241	 hit@5:0.0282	 hit@10: 0.0514
target: 	 mrr: 0.046386	 ndcg_5: 0.0370	 ndcg_10: 0.0490	 hit@1:0.014634	 hit@5:0.0599	 hit@10: 0.0969
epoch 19: train_loss = 1.694824, source_mrr = 0.026579, source_hit@10 = 0.0514, source_ndcg@10 = 0.0249, target_mrr = 0.046386, target_hit@10 = 0.0969, target_ndcg@10 = 0.0490

2024-08-14 21:56:34.105514: step 3040/12160 (epoch 20/80), loss = 1.688862 (45.054 sec/epoch), lr: 0.003095
Evaluating on dev set...
...........................
source: 	 mrr: 0.025105	 ndcg_5: 0.0159	 ndcg_10: 0.0226	 hit@1:0.008689	 hit@5:0.0224	 hit@10: 0.0427
target: 	 mrr: 0.058494	 ndcg_5: 0.0534	 ndcg_10: 0.0659	 hit@1:0.021603	 hit@5:0.0836	 hit@10: 0.1233
target best!
..............target: 	 mrr: 0.053161	 ndcg_5: 0.0443	 ndcg_10: 0.0589	 hit@1:0.017833	 hit@5:0.0700	 hit@10: 0.1152
epoch 20: train_loss = 1.688862, source_mrr = 0.025105, source_hit@10 = 0.0427, source_ndcg@10 = 0.0226, target_mrr = 0.053161, target_hit@10 = 0.1152, target_ndcg@10 = 0.0589

2024-08-14 21:57:20.815482: step 3192/12160 (epoch 21/80), loss = 1.684109 (45.803 sec/epoch), lr: 0.003095
Evaluating on dev set...
...........................
source: 	 mrr: 0.025180	 ndcg_5: 0.0179	 ndcg_10: 0.0237	 hit@1:0.005069	 hit@5:0.0319	 hit@10: 0.0492
target: 	 mrr: 0.044924	 ndcg_5: 0.0369	 ndcg_10: 0.0501	 hit@1:0.009756	 hit@5:0.0641	 hit@10: 0.1045
epoch 21: train_loss = 1.684109, source_mrr = 0.025180, source_hit@10 = 0.0492, source_ndcg@10 = 0.0237, target_mrr = 0.044924, target_hit@10 = 0.1045, target_ndcg@10 = 0.0501

2024-08-14 21:58:06.969782: step 3344/12160 (epoch 22/80), loss = 1.681382 (45.457 sec/epoch), lr: 0.002940
Evaluating on dev set...
...........................
source: 	 mrr: 0.016352	 ndcg_5: 0.0102	 ndcg_10: 0.0131	 hit@1:0.003621	 hit@5:0.0181	 hit@10: 0.0275
target: 	 mrr: 0.052995	 ndcg_5: 0.0408	 ndcg_10: 0.0574	 hit@1:0.021603	 hit@5:0.0606	 hit@10: 0.1122
epoch 22: train_loss = 1.681382, source_mrr = 0.016352, source_hit@10 = 0.0275, source_ndcg@10 = 0.0131, target_mrr = 0.052995, target_hit@10 = 0.1122, target_ndcg@10 = 0.0574

2024-08-14 21:58:52.838245: step 3496/12160 (epoch 23/80), loss = 1.673079 (45.229 sec/epoch), lr: 0.002793
Evaluating on dev set...
...........................
source: 	 mrr: 0.018786	 ndcg_5: 0.0124	 ndcg_10: 0.0187	 hit@1:0.002896	 hit@5:0.0224	 hit@10: 0.0427
target: 	 mrr: 0.042170	 ndcg_5: 0.0314	 ndcg_10: 0.0450	 hit@1:0.010453	 hit@5:0.0523	 hit@10: 0.0941
epoch 23: train_loss = 1.673079, source_mrr = 0.018786, source_hit@10 = 0.0427, source_ndcg@10 = 0.0187, target_mrr = 0.042170, target_hit@10 = 0.0941, target_ndcg@10 = 0.0450

2024-08-14 21:59:38.996246: step 3648/12160 (epoch 24/80), loss = 1.667427 (45.472 sec/epoch), lr: 0.002654
Evaluating on dev set...
...........................
source: 	 mrr: 0.018744	 ndcg_5: 0.0116	 ndcg_10: 0.0163	 hit@1:0.005069	 hit@5:0.0174	 hit@10: 0.0319
target: 	 mrr: 0.050594	 ndcg_5: 0.0409	 ndcg_10: 0.0551	 hit@1:0.018815	 hit@5:0.0641	 hit@10: 0.1094
epoch 24: train_loss = 1.667427, source_mrr = 0.018744, source_hit@10 = 0.0319, source_ndcg@10 = 0.0163, target_mrr = 0.050594, target_hit@10 = 0.1094, target_ndcg@10 = 0.0551

2024-08-14 22:00:25.538006: step 3800/12160 (epoch 25/80), loss = 1.664984 (45.850 sec/epoch), lr: 0.002654
Evaluating on dev set...
...........................
source: 	 mrr: 0.026997	 ndcg_5: 0.0175	 ndcg_10: 0.0247	 hit@1:0.006517	 hit@5:0.0290	 hit@10: 0.0514
target: 	 mrr: 0.048349	 ndcg_5: 0.0383	 ndcg_10: 0.0529	 hit@1:0.018815	 hit@5:0.0585	 hit@10: 0.1052
epoch 25: train_loss = 1.664984, source_mrr = 0.026997, source_hit@10 = 0.0514, source_ndcg@10 = 0.0247, target_mrr = 0.048349, target_hit@10 = 0.1052, target_ndcg@10 = 0.0529

2024-08-14 22:01:11.624959: step 3952/12160 (epoch 26/80), loss = 1.661620 (45.325 sec/epoch), lr: 0.002654
Evaluating on dev set...
...........................
source: 	 mrr: 0.025989	 ndcg_5: 0.0173	 ndcg_10: 0.0252	 hit@1:0.008689	 hit@5:0.0253	 hit@10: 0.0500
target: 	 mrr: 0.052014	 ndcg_5: 0.0410	 ndcg_10: 0.0571	 hit@1:0.018815	 hit@5:0.0634	 hit@10: 0.1129
epoch 26: train_loss = 1.661620, source_mrr = 0.025989, source_hit@10 = 0.0500, source_ndcg@10 = 0.0252, target_mrr = 0.052014, target_hit@10 = 0.1129, target_ndcg@10 = 0.0571

2024-08-14 22:01:57.425271: step 4104/12160 (epoch 27/80), loss = 1.664727 (45.102 sec/epoch), lr: 0.002654
Evaluating on dev set...
...........................
source: 	 mrr: 0.018521	 ndcg_5: 0.0109	 ndcg_10: 0.0173	 hit@1:0.002172	 hit@5:0.0196	 hit@10: 0.0391
target: 	 mrr: 0.053837	 ndcg_5: 0.0434	 ndcg_10: 0.0613	 hit@1:0.020906	 hit@5:0.0669	 hit@10: 0.1233
epoch 27: train_loss = 1.664727, source_mrr = 0.018521, source_hit@10 = 0.0391, source_ndcg@10 = 0.0173, target_mrr = 0.053837, target_hit@10 = 0.1233, target_ndcg@10 = 0.0613

2024-08-14 22:02:43.099915: step 4256/12160 (epoch 28/80), loss = 1.652923 (44.967 sec/epoch), lr: 0.002521
Evaluating on dev set...
...........................
source: 	 mrr: 0.023825	 ndcg_5: 0.0164	 ndcg_10: 0.0205	 hit@1:0.008689	 hit@5:0.0239	 hit@10: 0.0369
target: 	 mrr: 0.054951	 ndcg_5: 0.0453	 ndcg_10: 0.0625	 hit@1:0.014634	 hit@5:0.0704	 hit@10: 0.1233
epoch 28: train_loss = 1.652923, source_mrr = 0.023825, source_hit@10 = 0.0369, source_ndcg@10 = 0.0205, target_mrr = 0.054951, target_hit@10 = 0.1233, target_ndcg@10 = 0.0625

2024-08-14 22:03:29.166046: step 4408/12160 (epoch 29/80), loss = 1.653846 (45.427 sec/epoch), lr: 0.002521
Evaluating on dev set...
...........................
source: 	 mrr: 0.025051	 ndcg_5: 0.0175	 ndcg_10: 0.0232	 hit@1:0.005069	 hit@5:0.0297	 hit@10: 0.0478
target: 	 mrr: 0.050073	 ndcg_5: 0.0403	 ndcg_10: 0.0556	 hit@1:0.016028	 hit@5:0.0648	 hit@10: 0.1122
epoch 29: train_loss = 1.653846, source_mrr = 0.025051, source_hit@10 = 0.0478, source_ndcg@10 = 0.0232, target_mrr = 0.050073, target_hit@10 = 0.1122, target_ndcg@10 = 0.0556

2024-08-14 22:04:14.769751: step 4560/12160 (epoch 30/80), loss = 1.648027 (44.965 sec/epoch), lr: 0.002395
Evaluating on dev set...
...........................
source: 	 mrr: 0.032999	 ndcg_5: 0.0228	 ndcg_10: 0.0326	 hit@1:0.010862	 hit@5:0.0369	 hit@10: 0.0673
target: 	 mrr: 0.054968	 ndcg_5: 0.0491	 ndcg_10: 0.0609	 hit@1:0.018815	 hit@5:0.0808	 hit@10: 0.1178
epoch 30: train_loss = 1.648027, source_mrr = 0.032999, source_hit@10 = 0.0673, source_ndcg@10 = 0.0326, target_mrr = 0.054968, target_hit@10 = 0.1178, target_ndcg@10 = 0.0609

2024-08-14 22:05:00.894632: step 4712/12160 (epoch 31/80), loss = 1.640021 (45.499 sec/epoch), lr: 0.002395
Evaluating on dev set...
...........................
source: 	 mrr: 0.028341	 ndcg_5: 0.0197	 ndcg_10: 0.0270	 hit@1:0.005793	 hit@5:0.0340	 hit@10: 0.0572
target: 	 mrr: 0.056760	 ndcg_5: 0.0482	 ndcg_10: 0.0623	 hit@1:0.021603	 hit@5:0.0760	 hit@10: 0.1199
epoch 31: train_loss = 1.640021, source_mrr = 0.028341, source_hit@10 = 0.0572, source_ndcg@10 = 0.0270, target_mrr = 0.056760, target_hit@10 = 0.1199, target_ndcg@10 = 0.0623

2024-08-14 22:05:46.936825: step 4864/12160 (epoch 32/80), loss = 1.632846 (45.390 sec/epoch), lr: 0.002275
Evaluating on dev set...
...........................
source: 	 mrr: 0.019872	 ndcg_5: 0.0110	 ndcg_10: 0.0180	 hit@1:0.003621	 hit@5:0.0174	 hit@10: 0.0391
target: 	 mrr: 0.054361	 ndcg_5: 0.0458	 ndcg_10: 0.0611	 hit@1:0.021603	 hit@5:0.0718	 hit@10: 0.1199
epoch 32: train_loss = 1.632846, source_mrr = 0.019872, source_hit@10 = 0.0391, source_ndcg@10 = 0.0180, target_mrr = 0.054361, target_hit@10 = 0.1199, target_ndcg@10 = 0.0611

2024-08-14 22:06:31.887083: step 5016/12160 (epoch 33/80), loss = 1.624879 (44.308 sec/epoch), lr: 0.002161
Evaluating on dev set...
...........................
source: 	 mrr: 0.039776	 ndcg_5: 0.0304	 ndcg_10: 0.0407	 hit@1:0.013034	 hit@5:0.0485	 hit@10: 0.0804
target: 	 mrr: 0.057460	 ndcg_5: 0.0485	 ndcg_10: 0.0627	 hit@1:0.025087	 hit@5:0.0739	 hit@10: 0.1185
source best!
.............
source: 	 mrr: 0.037980	 ndcg_5: 0.0276	 ndcg_10: 0.0378	 hit@1:0.010736	 hit@5:0.0422	 hit@10: 0.0744
epoch 33: train_loss = 1.624879, source_mrr = 0.037980, source_hit@10 = 0.0744, source_ndcg@10 = 0.0378, target_mrr = 0.057460, target_hit@10 = 0.1185, target_ndcg@10 = 0.0627

2024-08-14 22:07:17.751959: step 5168/12160 (epoch 34/80), loss = 1.620815 (44.966 sec/epoch), lr: 0.002161
Evaluating on dev set...
...........................
source: 	 mrr: 0.026520	 ndcg_5: 0.0187	 ndcg_10: 0.0261	 hit@1:0.005793	 hit@5:0.0304	 hit@10: 0.0536
target: 	 mrr: 0.055410	 ndcg_5: 0.0469	 ndcg_10: 0.0594	 hit@1:0.020209	 hit@5:0.0732	 hit@10: 0.1122
epoch 34: train_loss = 1.620815, source_mrr = 0.026520, source_hit@10 = 0.0536, source_ndcg@10 = 0.0261, target_mrr = 0.055410, target_hit@10 = 0.1122, target_ndcg@10 = 0.0594

2024-08-14 22:08:03.963541: step 5320/12160 (epoch 35/80), loss = 1.611436 (45.537 sec/epoch), lr: 0.002053
Evaluating on dev set...
...........................
source: 	 mrr: 0.036865	 ndcg_5: 0.0274	 ndcg_10: 0.0379	 hit@1:0.008689	 hit@5:0.0463	 hit@10: 0.0789
target: 	 mrr: 0.058391	 ndcg_5: 0.0517	 ndcg_10: 0.0635	 hit@1:0.022300	 hit@5:0.0801	 hit@10: 0.1164
epoch 35: train_loss = 1.611436, source_mrr = 0.036865, source_hit@10 = 0.0789, source_ndcg@10 = 0.0379, target_mrr = 0.058391, target_hit@10 = 0.1164, target_ndcg@10 = 0.0635

2024-08-14 22:08:49.721866: step 5472/12160 (epoch 36/80), loss = 1.611712 (45.073 sec/epoch), lr: 0.002053
Evaluating on dev set...
...........................
source: 	 mrr: 0.039849	 ndcg_5: 0.0282	 ndcg_10: 0.0400	 hit@1:0.012310	 hit@5:0.0434	 hit@10: 0.0804
target: 	 mrr: 0.057426	 ndcg_5: 0.0509	 ndcg_10: 0.0634	 hit@1:0.021603	 hit@5:0.0794	 hit@10: 0.1178
source best!
.............
source: 	 mrr: 0.038659	 ndcg_5: 0.0287	 ndcg_10: 0.0402	 hit@1:0.010736	 hit@5:0.0468	 hit@10: 0.0828
epoch 36: train_loss = 1.611712, source_mrr = 0.038659, source_hit@10 = 0.0828, source_ndcg@10 = 0.0402, target_mrr = 0.057426, target_hit@10 = 0.1178, target_ndcg@10 = 0.0634

2024-08-14 22:09:35.605570: step 5624/12160 (epoch 37/80), loss = 1.608500 (44.998 sec/epoch), lr: 0.002053
Evaluating on dev set...
...........................
source: 	 mrr: 0.029489	 ndcg_5: 0.0207	 ndcg_10: 0.0278	 hit@1:0.009413	 hit@5:0.0319	 hit@10: 0.0536
target: 	 mrr: 0.055816	 ndcg_5: 0.0458	 ndcg_10: 0.0613	 hit@1:0.019512	 hit@5:0.0697	 hit@10: 0.1178
epoch 37: train_loss = 1.608500, source_mrr = 0.029489, source_hit@10 = 0.0536, source_ndcg@10 = 0.0278, target_mrr = 0.055816, target_hit@10 = 0.1178, target_ndcg@10 = 0.0613

2024-08-14 22:10:22.105417: step 5776/12160 (epoch 38/80), loss = 1.600439 (45.797 sec/epoch), lr: 0.001951
Evaluating on dev set...
...........................
source: 	 mrr: 0.042123	 ndcg_5: 0.0296	 ndcg_10: 0.0412	 hit@1:0.017379	 hit@5:0.0420	 hit@10: 0.0782
target: 	 mrr: 0.052184	 ndcg_5: 0.0430	 ndcg_10: 0.0578	 hit@1:0.016725	 hit@5:0.0683	 hit@10: 0.1143
source best!
.............
source: 	 mrr: 0.038987	 ndcg_5: 0.0284	 ndcg_10: 0.0418	 hit@1:0.010736	 hit@5:0.0460	 hit@10: 0.0882
epoch 38: train_loss = 1.600439, source_mrr = 0.038987, source_hit@10 = 0.0882, source_ndcg@10 = 0.0418, target_mrr = 0.052184, target_hit@10 = 0.1143, target_ndcg@10 = 0.0578

2024-08-14 22:11:08.690674: step 5928/12160 (epoch 39/80), loss = 1.598449 (45.619 sec/epoch), lr: 0.001951
Evaluating on dev set...
...........................
source: 	 mrr: 0.037233	 ndcg_5: 0.0258	 ndcg_10: 0.0353	 hit@1:0.010862	 hit@5:0.0391	 hit@10: 0.0688
target: 	 mrr: 0.047975	 ndcg_5: 0.0388	 ndcg_10: 0.0531	 hit@1:0.012544	 hit@5:0.0655	 hit@10: 0.1094
epoch 39: train_loss = 1.598449, source_mrr = 0.037233, source_hit@10 = 0.0688, source_ndcg@10 = 0.0353, target_mrr = 0.047975, target_hit@10 = 0.1094, target_ndcg@10 = 0.0531

2024-08-14 22:11:54.642217: step 6080/12160 (epoch 40/80), loss = 1.596415 (45.216 sec/epoch), lr: 0.001853
Evaluating on dev set...
...........................
source: 	 mrr: 0.035234	 ndcg_5: 0.0253	 ndcg_10: 0.0335	 hit@1:0.013758	 hit@5:0.0369	 hit@10: 0.0623
target: 	 mrr: 0.056299	 ndcg_5: 0.0483	 ndcg_10: 0.0638	 hit@1:0.018118	 hit@5:0.0780	 hit@10: 0.1261
epoch 40: train_loss = 1.596415, source_mrr = 0.035234, source_hit@10 = 0.0623, source_ndcg@10 = 0.0335, target_mrr = 0.056299, target_hit@10 = 0.1261, target_ndcg@10 = 0.0638
shift to transfer learning mode

2024-08-14 22:12:41.097932: step 6232/12160 (epoch 41/80), loss = 1.603306 (45.783 sec/epoch), lr: 0.001853
Evaluating on dev set...
...........................
source: 	 mrr: 0.039974	 ndcg_5: 0.0276	 ndcg_10: 0.0397	 hit@1:0.014482	 hit@5:0.0420	 hit@10: 0.0797
target: 	 mrr: 0.051636	 ndcg_5: 0.0420	 ndcg_10: 0.0580	 hit@1:0.017422	 hit@5:0.0662	 hit@10: 0.1164
epoch 41: train_loss = 1.603306, source_mrr = 0.039974, source_hit@10 = 0.0797, source_ndcg@10 = 0.0397, target_mrr = 0.051636, target_hit@10 = 0.1164, target_ndcg@10 = 0.0580

2024-08-14 22:13:27.693693: step 6384/12160 (epoch 42/80), loss = 1.603034 (45.926 sec/epoch), lr: 0.001853
Evaluating on dev set...
...........................
source: 	 mrr: 0.036628	 ndcg_5: 0.0264	 ndcg_10: 0.0349	 hit@1:0.010862	 hit@5:0.0420	 hit@10: 0.0681
target: 	 mrr: 0.059288	 ndcg_5: 0.0474	 ndcg_10: 0.0633	 hit@1:0.025784	 hit@5:0.0676	 hit@10: 0.1171
target best!
..............target: 	 mrr: 0.058757	 ndcg_5: 0.0506	 ndcg_10: 0.0660	 hit@1:0.020576	 hit@5:0.0796	 hit@10: 0.1269
epoch 42: train_loss = 1.603034, source_mrr = 0.036628, source_hit@10 = 0.0681, source_ndcg@10 = 0.0349, target_mrr = 0.058757, target_hit@10 = 0.1269, target_ndcg@10 = 0.0660

2024-08-14 22:14:14.403936: step 6536/12160 (epoch 43/80), loss = 1.598486 (45.819 sec/epoch), lr: 0.001853
Evaluating on dev set...
...........................
source: 	 mrr: 0.022380	 ndcg_5: 0.0146	 ndcg_10: 0.0218	 hit@1:0.003621	 hit@5:0.0268	 hit@10: 0.0492
target: 	 mrr: 0.054822	 ndcg_5: 0.0468	 ndcg_10: 0.0616	 hit@1:0.019512	 hit@5:0.0746	 hit@10: 0.1206
epoch 43: train_loss = 1.598486, source_mrr = 0.022380, source_hit@10 = 0.0492, source_ndcg@10 = 0.0218, target_mrr = 0.054822, target_hit@10 = 0.1206, target_ndcg@10 = 0.0616

2024-08-14 22:15:00.825484: step 6688/12160 (epoch 44/80), loss = 1.595474 (45.702 sec/epoch), lr: 0.001761
Evaluating on dev set...
...........................
source: 	 mrr: 0.037828	 ndcg_5: 0.0269	 ndcg_10: 0.0370	 hit@1:0.010862	 hit@5:0.0434	 hit@10: 0.0746
target: 	 mrr: 0.051295	 ndcg_5: 0.0410	 ndcg_10: 0.0561	 hit@1:0.018118	 hit@5:0.0620	 hit@10: 0.1087
epoch 44: train_loss = 1.595474, source_mrr = 0.037828, source_hit@10 = 0.0746, source_ndcg@10 = 0.0370, target_mrr = 0.051295, target_hit@10 = 0.1087, target_ndcg@10 = 0.0561

2024-08-14 22:15:46.957956: step 6840/12160 (epoch 45/80), loss = 1.594162 (45.481 sec/epoch), lr: 0.001761
Evaluating on dev set...
...........................
source: 	 mrr: 0.033687	 ndcg_5: 0.0219	 ndcg_10: 0.0330	 hit@1:0.008689	 hit@5:0.0348	 hit@10: 0.0695
target: 	 mrr: 0.050893	 ndcg_5: 0.0426	 ndcg_10: 0.0569	 hit@1:0.015331	 hit@5:0.0676	 hit@10: 0.1122
epoch 45: train_loss = 1.594162, source_mrr = 0.033687, source_hit@10 = 0.0695, source_ndcg@10 = 0.0330, target_mrr = 0.050893, target_hit@10 = 0.1122, target_ndcg@10 = 0.0569

2024-08-14 22:16:30.006173: step 6992/12160 (epoch 46/80), loss = 1.589271 (42.457 sec/epoch), lr: 0.001672
Evaluating on dev set...
...........................
source: 	 mrr: 0.028438	 ndcg_5: 0.0191	 ndcg_10: 0.0271	 hit@1:0.005793	 hit@5:0.0319	 hit@10: 0.0565
target: 	 mrr: 0.044771	 ndcg_5: 0.0363	 ndcg_10: 0.0477	 hit@1:0.013240	 hit@5:0.0578	 hit@10: 0.0941
epoch 46: train_loss = 1.589271, source_mrr = 0.028438, source_hit@10 = 0.0565, source_ndcg@10 = 0.0271, target_mrr = 0.044771, target_hit@10 = 0.0941, target_ndcg@10 = 0.0477

2024-08-14 22:17:13.015094: step 7144/12160 (epoch 47/80), loss = 1.588209 (42.358 sec/epoch), lr: 0.001589
Evaluating on dev set...
...........................
source: 	 mrr: 0.039736	 ndcg_5: 0.0277	 ndcg_10: 0.0406	 hit@1:0.013034	 hit@5:0.0434	 hit@10: 0.0840
target: 	 mrr: 0.051502	 ndcg_5: 0.0414	 ndcg_10: 0.0552	 hit@1:0.019512	 hit@5:0.0641	 hit@10: 0.1066
epoch 47: train_loss = 1.588209, source_mrr = 0.039736, source_hit@10 = 0.0840, source_ndcg@10 = 0.0406, target_mrr = 0.051502, target_hit@10 = 0.1066, target_ndcg@10 = 0.0552

2024-08-14 22:17:55.691907: step 7296/12160 (epoch 48/80), loss = 1.585354 (42.097 sec/epoch), lr: 0.001589
Evaluating on dev set...
...........................
source: 	 mrr: 0.042107	 ndcg_5: 0.0328	 ndcg_10: 0.0421	 hit@1:0.015206	 hit@5:0.0536	 hit@10: 0.0833
target: 	 mrr: 0.057346	 ndcg_5: 0.0493	 ndcg_10: 0.0616	 hit@1:0.021603	 hit@5:0.0746	 hit@10: 0.1129
epoch 48: train_loss = 1.585354, source_mrr = 0.042107, source_hit@10 = 0.0833, source_ndcg@10 = 0.0421, target_mrr = 0.057346, target_hit@10 = 0.1129, target_ndcg@10 = 0.0616

2024-08-14 22:18:38.689567: step 7448/12160 (epoch 49/80), loss = 1.582154 (42.369 sec/epoch), lr: 0.001589
Evaluating on dev set...
...........................
source: 	 mrr: 0.043423	 ndcg_5: 0.0316	 ndcg_10: 0.0442	 hit@1:0.015206	 hit@5:0.0478	 hit@10: 0.0869
target: 	 mrr: 0.051019	 ndcg_5: 0.0425	 ndcg_10: 0.0583	 hit@1:0.016028	 hit@5:0.0690	 hit@10: 0.1185
source best!
.............
source: 	 mrr: 0.037912	 ndcg_5: 0.0261	 ndcg_10: 0.0361	 hit@1:0.010736	 hit@5:0.0414	 hit@10: 0.0729
epoch 49: train_loss = 1.582154, source_mrr = 0.037912, source_hit@10 = 0.0729, source_ndcg@10 = 0.0361, target_mrr = 0.051019, target_hit@10 = 0.1185, target_ndcg@10 = 0.0583

2024-08-14 22:19:21.217002: step 7600/12160 (epoch 50/80), loss = 1.578472 (41.720 sec/epoch), lr: 0.001509
Evaluating on dev set...
...........................
source: 	 mrr: 0.040402	 ndcg_5: 0.0305	 ndcg_10: 0.0424	 hit@1:0.012310	 hit@5:0.0492	 hit@10: 0.0862
target: 	 mrr: 0.047506	 ndcg_5: 0.0370	 ndcg_10: 0.0540	 hit@1:0.013937	 hit@5:0.0606	 hit@10: 0.1136
epoch 50: train_loss = 1.578472, source_mrr = 0.040402, source_hit@10 = 0.0862, source_ndcg@10 = 0.0424, target_mrr = 0.047506, target_hit@10 = 0.1136, target_ndcg@10 = 0.0540

2024-08-14 22:20:03.059160: step 7752/12160 (epoch 51/80), loss = 1.575260 (41.244 sec/epoch), lr: 0.001434
Evaluating on dev set...
...........................
source: 	 mrr: 0.042484	 ndcg_5: 0.0300	 ndcg_10: 0.0424	 hit@1:0.013758	 hit@5:0.0463	 hit@10: 0.0847
target: 	 mrr: 0.048816	 ndcg_5: 0.0408	 ndcg_10: 0.0529	 hit@1:0.018815	 hit@5:0.0634	 hit@10: 0.1010
epoch 51: train_loss = 1.575260, source_mrr = 0.042484, source_hit@10 = 0.0847, source_ndcg@10 = 0.0424, target_mrr = 0.048816, target_hit@10 = 0.1010, target_ndcg@10 = 0.0529

2024-08-14 22:20:44.824660: step 7904/12160 (epoch 52/80), loss = 1.574445 (41.142 sec/epoch), lr: 0.001434
Evaluating on dev set...
...........................
source: 	 mrr: 0.037828	 ndcg_5: 0.0284	 ndcg_10: 0.0404	 hit@1:0.009413	 hit@5:0.0485	 hit@10: 0.0854
target: 	 mrr: 0.053883	 ndcg_5: 0.0448	 ndcg_10: 0.0594	 hit@1:0.020906	 hit@5:0.0704	 hit@10: 0.1157
epoch 52: train_loss = 1.574445, source_mrr = 0.037828, source_hit@10 = 0.0854, source_ndcg@10 = 0.0404, target_mrr = 0.053883, target_hit@10 = 0.1157, target_ndcg@10 = 0.0594

2024-08-14 22:21:27.389725: step 8056/12160 (epoch 53/80), loss = 1.573284 (41.975 sec/epoch), lr: 0.001434
Evaluating on dev set...
...........................
source: 	 mrr: 0.039676	 ndcg_5: 0.0270	 ndcg_10: 0.0385	 hit@1:0.011586	 hit@5:0.0406	 hit@10: 0.0760
target: 	 mrr: 0.049240	 ndcg_5: 0.0419	 ndcg_10: 0.0548	 hit@1:0.018118	 hit@5:0.0669	 hit@10: 0.1073
epoch 53: train_loss = 1.573284, source_mrr = 0.039676, source_hit@10 = 0.0760, source_ndcg@10 = 0.0385, target_mrr = 0.049240, target_hit@10 = 0.1073, target_ndcg@10 = 0.0548

2024-08-14 22:22:10.051861: step 8208/12160 (epoch 54/80), loss = 1.566036 (42.090 sec/epoch), lr: 0.001362
Evaluating on dev set...
...........................
source: 	 mrr: 0.045562	 ndcg_5: 0.0351	 ndcg_10: 0.0470	 hit@1:0.014482	 hit@5:0.0543	 hit@10: 0.0927
target: 	 mrr: 0.053544	 ndcg_5: 0.0436	 ndcg_10: 0.0552	 hit@1:0.022997	 hit@5:0.0648	 hit@10: 0.1010
source best!
.............
source: 	 mrr: 0.039229	 ndcg_5: 0.0289	 ndcg_10: 0.0417	 hit@1:0.008436	 hit@5:0.0483	 hit@10: 0.0890
epoch 54: train_loss = 1.566036, source_mrr = 0.039229, source_hit@10 = 0.0890, source_ndcg@10 = 0.0417, target_mrr = 0.053544, target_hit@10 = 0.1010, target_ndcg@10 = 0.0552

2024-08-14 22:22:55.903940: step 8360/12160 (epoch 55/80), loss = 1.567818 (45.038 sec/epoch), lr: 0.001362
Evaluating on dev set...
...........................
source: 	 mrr: 0.034780	 ndcg_5: 0.0248	 ndcg_10: 0.0344	 hit@1:0.009413	 hit@5:0.0391	 hit@10: 0.0695
target: 	 mrr: 0.046489	 ndcg_5: 0.0364	 ndcg_10: 0.0490	 hit@1:0.015331	 hit@5:0.0571	 hit@10: 0.0962
epoch 55: train_loss = 1.567818, source_mrr = 0.034780, source_hit@10 = 0.0695, source_ndcg@10 = 0.0344, target_mrr = 0.046489, target_hit@10 = 0.0962, target_ndcg@10 = 0.0490

2024-08-14 22:23:41.614706: step 8512/12160 (epoch 56/80), loss = 1.563016 (45.113 sec/epoch), lr: 0.001294
Evaluating on dev set...
...........................
source: 	 mrr: 0.034688	 ndcg_5: 0.0235	 ndcg_10: 0.0356	 hit@1:0.009413	 hit@5:0.0369	 hit@10: 0.0746
target: 	 mrr: 0.041886	 ndcg_5: 0.0321	 ndcg_10: 0.0447	 hit@1:0.009059	 hit@5:0.0544	 hit@10: 0.0934
epoch 56: train_loss = 1.563016, source_mrr = 0.034688, source_hit@10 = 0.0746, source_ndcg@10 = 0.0356, target_mrr = 0.041886, target_hit@10 = 0.0934, target_ndcg@10 = 0.0447

2024-08-14 22:24:27.814272: step 8664/12160 (epoch 57/80), loss = 1.555581 (45.577 sec/epoch), lr: 0.001229
Evaluating on dev set...
...........................
source: 	 mrr: 0.038704	 ndcg_5: 0.0274	 ndcg_10: 0.0413	 hit@1:0.007241	 hit@5:0.0471	 hit@10: 0.0898
target: 	 mrr: 0.049234	 ndcg_5: 0.0414	 ndcg_10: 0.0531	 hit@1:0.015331	 hit@5:0.0683	 hit@10: 0.1045
epoch 57: train_loss = 1.555581, source_mrr = 0.038704, source_hit@10 = 0.0898, source_ndcg@10 = 0.0413, target_mrr = 0.049234, target_hit@10 = 0.1045, target_ndcg@10 = 0.0531

2024-08-14 22:25:13.801707: step 8816/12160 (epoch 58/80), loss = 1.556533 (45.377 sec/epoch), lr: 0.001229
Evaluating on dev set...
...........................
source: 	 mrr: 0.043303	 ndcg_5: 0.0325	 ndcg_10: 0.0431	 hit@1:0.013758	 hit@5:0.0500	 hit@10: 0.0833
target: 	 mrr: 0.044835	 ndcg_5: 0.0352	 ndcg_10: 0.0476	 hit@1:0.014634	 hit@5:0.0571	 hit@10: 0.0962
epoch 58: train_loss = 1.556533, source_mrr = 0.043303, source_hit@10 = 0.0833, source_ndcg@10 = 0.0431, target_mrr = 0.044835, target_hit@10 = 0.0962, target_ndcg@10 = 0.0476

2024-08-14 22:26:00.282611: step 8968/12160 (epoch 59/80), loss = 1.556284 (45.777 sec/epoch), lr: 0.001229
Evaluating on dev set...
...........................
source: 	 mrr: 0.035067	 ndcg_5: 0.0274	 ndcg_10: 0.0366	 hit@1:0.010138	 hit@5:0.0471	 hit@10: 0.0760
target: 	 mrr: 0.049360	 ndcg_5: 0.0384	 ndcg_10: 0.0509	 hit@1:0.020209	 hit@5:0.0571	 hit@10: 0.0962
epoch 59: train_loss = 1.556284, source_mrr = 0.035067, source_hit@10 = 0.0760, source_ndcg@10 = 0.0366, target_mrr = 0.049360, target_hit@10 = 0.0962, target_ndcg@10 = 0.0509

2024-08-14 22:26:46.748184: step 9120/12160 (epoch 60/80), loss = 1.555121 (45.785 sec/epoch), lr: 0.001168
Evaluating on dev set...
...........................
source: 	 mrr: 0.036793	 ndcg_5: 0.0302	 ndcg_10: 0.0383	 hit@1:0.009413	 hit@5:0.0507	 hit@10: 0.0760
target: 	 mrr: 0.052246	 ndcg_5: 0.0438	 ndcg_10: 0.0574	 hit@1:0.018118	 hit@5:0.0711	 hit@10: 0.1136
epoch 60: train_loss = 1.555121, source_mrr = 0.036793, source_hit@10 = 0.0760, source_ndcg@10 = 0.0383, target_mrr = 0.052246, target_hit@10 = 0.1136, target_ndcg@10 = 0.0574

2024-08-14 22:27:33.014574: step 9272/12160 (epoch 61/80), loss = 1.548186 (45.682 sec/epoch), lr: 0.001168
Evaluating on dev set...
...........................
source: 	 mrr: 0.032453	 ndcg_5: 0.0237	 ndcg_10: 0.0324	 hit@1:0.010138	 hit@5:0.0391	 hit@10: 0.0666
target: 	 mrr: 0.056422	 ndcg_5: 0.0488	 ndcg_10: 0.0620	 hit@1:0.022300	 hit@5:0.0774	 hit@10: 0.1185
epoch 61: train_loss = 1.548186, source_mrr = 0.032453, source_hit@10 = 0.0666, source_ndcg@10 = 0.0324, target_mrr = 0.056422, target_hit@10 = 0.1185, target_ndcg@10 = 0.0620

2024-08-14 22:28:19.765524: step 9424/12160 (epoch 62/80), loss = 1.546496 (46.033 sec/epoch), lr: 0.001110
Evaluating on dev set...
...........................
source: 	 mrr: 0.041255	 ndcg_5: 0.0302	 ndcg_10: 0.0428	 hit@1:0.011586	 hit@5:0.0471	 hit@10: 0.0854
target: 	 mrr: 0.045175	 ndcg_5: 0.0351	 ndcg_10: 0.0496	 hit@1:0.014634	 hit@5:0.0557	 hit@10: 0.1010
epoch 62: train_loss = 1.546496, source_mrr = 0.041255, source_hit@10 = 0.0854, source_ndcg@10 = 0.0428, target_mrr = 0.045175, target_hit@10 = 0.1010, target_ndcg@10 = 0.0496

2024-08-14 22:29:05.980977: step 9576/12160 (epoch 63/80), loss = 1.543684 (45.565 sec/epoch), lr: 0.001054
Evaluating on dev set...
...........................
source: 	 mrr: 0.043900	 ndcg_5: 0.0329	 ndcg_10: 0.0416	 hit@1:0.015930	 hit@5:0.0492	 hit@10: 0.0760
target: 	 mrr: 0.049606	 ndcg_5: 0.0415	 ndcg_10: 0.0555	 hit@1:0.015331	 hit@5:0.0676	 hit@10: 0.1108
epoch 63: train_loss = 1.543684, source_mrr = 0.043900, source_hit@10 = 0.0760, source_ndcg@10 = 0.0416, target_mrr = 0.049606, target_hit@10 = 0.1108, target_ndcg@10 = 0.0555

2024-08-14 22:29:52.370182: step 9728/12160 (epoch 64/80), loss = 1.542028 (45.737 sec/epoch), lr: 0.001054
Evaluating on dev set...
...........................
source: 	 mrr: 0.029557	 ndcg_5: 0.0179	 ndcg_10: 0.0285	 hit@1:0.007965	 hit@5:0.0282	 hit@10: 0.0608
target: 	 mrr: 0.048508	 ndcg_5: 0.0394	 ndcg_10: 0.0519	 hit@1:0.016725	 hit@5:0.0627	 hit@10: 0.1017
epoch 64: train_loss = 1.542028, source_mrr = 0.029557, source_hit@10 = 0.0608, source_ndcg@10 = 0.0285, target_mrr = 0.048508, target_hit@10 = 0.1017, target_ndcg@10 = 0.0519

2024-08-14 22:30:38.867465: step 9880/12160 (epoch 65/80), loss = 1.539007 (45.891 sec/epoch), lr: 0.001001
Evaluating on dev set...
...........................
source: 	 mrr: 0.038776	 ndcg_5: 0.0289	 ndcg_10: 0.0390	 hit@1:0.010862	 hit@5:0.0456	 hit@10: 0.0775
target: 	 mrr: 0.045997	 ndcg_5: 0.0349	 ndcg_10: 0.0492	 hit@1:0.015331	 hit@5:0.0544	 hit@10: 0.0990
epoch 65: train_loss = 1.539007, source_mrr = 0.038776, source_hit@10 = 0.0775, source_ndcg@10 = 0.0390, target_mrr = 0.045997, target_hit@10 = 0.0990, target_ndcg@10 = 0.0492

2024-08-14 22:31:25.452552: step 10032/12160 (epoch 66/80), loss = 1.533097 (45.933 sec/epoch), lr: 0.001001
Evaluating on dev set...
...........................
source: 	 mrr: 0.036637	 ndcg_5: 0.0276	 ndcg_10: 0.0369	 hit@1:0.010862	 hit@5:0.0449	 hit@10: 0.0739
target: 	 mrr: 0.050619	 ndcg_5: 0.0408	 ndcg_10: 0.0545	 hit@1:0.017422	 hit@5:0.0641	 hit@10: 0.1073
epoch 66: train_loss = 1.533097, source_mrr = 0.036637, source_hit@10 = 0.0739, source_ndcg@10 = 0.0369, target_mrr = 0.050619, target_hit@10 = 0.1073, target_ndcg@10 = 0.0545

2024-08-14 22:32:11.794050: step 10184/12160 (epoch 67/80), loss = 1.532549 (45.664 sec/epoch), lr: 0.001001
Evaluating on dev set...
...........................
source: 	 mrr: 0.050213	 ndcg_5: 0.0376	 ndcg_10: 0.0497	 hit@1:0.022448	 hit@5:0.0514	 hit@10: 0.0891
target: 	 mrr: 0.048279	 ndcg_5: 0.0385	 ndcg_10: 0.0525	 hit@1:0.018815	 hit@5:0.0578	 hit@10: 0.1017
source best!
.............
source: 	 mrr: 0.042773	 ndcg_5: 0.0322	 ndcg_10: 0.0438	 hit@1:0.011503	 hit@5:0.0521	 hit@10: 0.0882
epoch 67: train_loss = 1.532549, source_mrr = 0.042773, source_hit@10 = 0.0882, source_ndcg@10 = 0.0438, target_mrr = 0.048279, target_hit@10 = 0.1017, target_ndcg@10 = 0.0525

2024-08-14 22:32:58.299631: step 10336/12160 (epoch 68/80), loss = 1.529418 (45.620 sec/epoch), lr: 0.001001
Evaluating on dev set...
...........................
source: 	 mrr: 0.044165	 ndcg_5: 0.0357	 ndcg_10: 0.0451	 hit@1:0.016655	 hit@5:0.0558	 hit@10: 0.0847
target: 	 mrr: 0.050827	 ndcg_5: 0.0442	 ndcg_10: 0.0574	 hit@1:0.014634	 hit@5:0.0746	 hit@10: 0.1157
epoch 68: train_loss = 1.529418, source_mrr = 0.044165, source_hit@10 = 0.0847, source_ndcg@10 = 0.0451, target_mrr = 0.050827, target_hit@10 = 0.1157, target_ndcg@10 = 0.0574

2024-08-14 22:33:44.856096: step 10488/12160 (epoch 69/80), loss = 1.528194 (45.937 sec/epoch), lr: 0.000951
Evaluating on dev set...
...........................
source: 	 mrr: 0.039677	 ndcg_5: 0.0292	 ndcg_10: 0.0391	 hit@1:0.015930	 hit@5:0.0427	 hit@10: 0.0739
target: 	 mrr: 0.048834	 ndcg_5: 0.0390	 ndcg_10: 0.0546	 hit@1:0.016028	 hit@5:0.0634	 hit@10: 0.1122
epoch 69: train_loss = 1.528194, source_mrr = 0.039677, source_hit@10 = 0.0739, source_ndcg@10 = 0.0391, target_mrr = 0.048834, target_hit@10 = 0.1122, target_ndcg@10 = 0.0546

2024-08-14 22:34:31.169299: step 10640/12160 (epoch 70/80), loss = 1.528428 (45.668 sec/epoch), lr: 0.000904
Evaluating on dev set...
...........................
source: 	 mrr: 0.038851	 ndcg_5: 0.0302	 ndcg_10: 0.0386	 hit@1:0.014482	 hit@5:0.0471	 hit@10: 0.0731
target: 	 mrr: 0.053625	 ndcg_5: 0.0445	 ndcg_10: 0.0589	 hit@1:0.021603	 hit@5:0.0690	 hit@10: 0.1136
epoch 70: train_loss = 1.528428, source_mrr = 0.038851, source_hit@10 = 0.0731, source_ndcg@10 = 0.0386, target_mrr = 0.053625, target_hit@10 = 0.1136, target_ndcg@10 = 0.0589

2024-08-14 22:35:16.746432: step 10792/12160 (epoch 71/80), loss = 1.523160 (44.914 sec/epoch), lr: 0.000904
Evaluating on dev set...
...........................
source: 	 mrr: 0.038577	 ndcg_5: 0.0286	 ndcg_10: 0.0385	 hit@1:0.013758	 hit@5:0.0427	 hit@10: 0.0731
target: 	 mrr: 0.051988	 ndcg_5: 0.0420	 ndcg_10: 0.0568	 hit@1:0.018118	 hit@5:0.0648	 hit@10: 0.1108
epoch 71: train_loss = 1.523160, source_mrr = 0.038577, source_hit@10 = 0.0731, source_ndcg@10 = 0.0385, target_mrr = 0.051988, target_hit@10 = 0.1108, target_ndcg@10 = 0.0568

2024-08-14 22:36:04.209520: step 10944/12160 (epoch 72/80), loss = 1.519079 (46.763 sec/epoch), lr: 0.000859
Evaluating on dev set...
...........................
source: 	 mrr: 0.044896	 ndcg_5: 0.0353	 ndcg_10: 0.0442	 hit@1:0.018827	 hit@5:0.0521	 hit@10: 0.0797
target: 	 mrr: 0.053909	 ndcg_5: 0.0455	 ndcg_10: 0.0589	 hit@1:0.018815	 hit@5:0.0725	 hit@10: 0.1143
epoch 72: train_loss = 1.519079, source_mrr = 0.044896, source_hit@10 = 0.0797, source_ndcg@10 = 0.0442, target_mrr = 0.053909, target_hit@10 = 0.1143, target_ndcg@10 = 0.0589

2024-08-14 22:36:50.737586: step 11096/12160 (epoch 73/80), loss = 1.519324 (45.813 sec/epoch), lr: 0.000859
Evaluating on dev set...
...........................
source: 	 mrr: 0.037723	 ndcg_5: 0.0277	 ndcg_10: 0.0346	 hit@1:0.013758	 hit@5:0.0406	 hit@10: 0.0623
target: 	 mrr: 0.054865	 ndcg_5: 0.0458	 ndcg_10: 0.0599	 hit@1:0.019512	 hit@5:0.0725	 hit@10: 0.1164
epoch 73: train_loss = 1.519324, source_mrr = 0.037723, source_hit@10 = 0.0623, source_ndcg@10 = 0.0346, target_mrr = 0.054865, target_hit@10 = 0.1164, target_ndcg@10 = 0.0599

2024-08-14 22:37:38.223864: step 11248/12160 (epoch 74/80), loss = 1.519158 (46.773 sec/epoch), lr: 0.000816
Evaluating on dev set...
...........................
source: 	 mrr: 0.034772	 ndcg_5: 0.0259	 ndcg_10: 0.0350	 hit@1:0.010138	 hit@5:0.0420	 hit@10: 0.0710
target: 	 mrr: 0.049944	 ndcg_5: 0.0386	 ndcg_10: 0.0531	 hit@1:0.018118	 hit@5:0.0578	 hit@10: 0.1038
epoch 74: train_loss = 1.519158, source_mrr = 0.034772, source_hit@10 = 0.0710, source_ndcg@10 = 0.0350, target_mrr = 0.049944, target_hit@10 = 0.1038, target_ndcg@10 = 0.0531

2024-08-14 22:38:25.470011: step 11400/12160 (epoch 75/80), loss = 1.513064 (46.594 sec/epoch), lr: 0.000775
Evaluating on dev set...
...........................
source: 	 mrr: 0.042891	 ndcg_5: 0.0338	 ndcg_10: 0.0437	 hit@1:0.015930	 hit@5:0.0521	 hit@10: 0.0833
target: 	 mrr: 0.056284	 ndcg_5: 0.0456	 ndcg_10: 0.0590	 hit@1:0.025087	 hit@5:0.0655	 hit@10: 0.1073
epoch 75: train_loss = 1.513064, source_mrr = 0.042891, source_hit@10 = 0.0833, source_ndcg@10 = 0.0437, target_mrr = 0.056284, target_hit@10 = 0.1073, target_ndcg@10 = 0.0590

2024-08-14 22:39:11.799487: step 11552/12160 (epoch 76/80), loss = 1.511600 (45.606 sec/epoch), lr: 0.000775
Evaluating on dev set...
...........................
source: 	 mrr: 0.038506	 ndcg_5: 0.0297	 ndcg_10: 0.0376	 hit@1:0.015206	 hit@5:0.0442	 hit@10: 0.0688
target: 	 mrr: 0.052852	 ndcg_5: 0.0442	 ndcg_10: 0.0577	 hit@1:0.018815	 hit@5:0.0697	 hit@10: 0.1115
epoch 76: train_loss = 1.511600, source_mrr = 0.038506, source_hit@10 = 0.0688, source_ndcg@10 = 0.0376, target_mrr = 0.052852, target_hit@10 = 0.1115, target_ndcg@10 = 0.0577

2024-08-14 22:39:58.959442: step 11704/12160 (epoch 77/80), loss = 1.508778 (46.472 sec/epoch), lr: 0.000736
Evaluating on dev set...
...........................
source: 	 mrr: 0.036199	 ndcg_5: 0.0273	 ndcg_10: 0.0333	 hit@1:0.015206	 hit@5:0.0391	 hit@10: 0.0579
target: 	 mrr: 0.054949	 ndcg_5: 0.0448	 ndcg_10: 0.0590	 hit@1:0.022300	 hit@5:0.0676	 hit@10: 0.1115
epoch 77: train_loss = 1.508778, source_mrr = 0.036199, source_hit@10 = 0.0579, source_ndcg@10 = 0.0333, target_mrr = 0.054949, target_hit@10 = 0.1115, target_ndcg@10 = 0.0590

2024-08-14 22:40:45.253417: step 11856/12160 (epoch 78/80), loss = 1.504492 (45.667 sec/epoch), lr: 0.000699
Evaluating on dev set...
...........................
source: 	 mrr: 0.034391	 ndcg_5: 0.0273	 ndcg_10: 0.0350	 hit@1:0.008689	 hit@5:0.0442	 hit@10: 0.0688
target: 	 mrr: 0.057537	 ndcg_5: 0.0482	 ndcg_10: 0.0603	 hit@1:0.025087	 hit@5:0.0704	 hit@10: 0.1080
epoch 78: train_loss = 1.504492, source_mrr = 0.034391, source_hit@10 = 0.0688, source_ndcg@10 = 0.0350, target_mrr = 0.057537, target_hit@10 = 0.1080, target_ndcg@10 = 0.0603

2024-08-14 22:41:32.765820: step 12008/12160 (epoch 79/80), loss = 1.504251 (46.724 sec/epoch), lr: 0.000699
Evaluating on dev set...
...........................
source: 	 mrr: 0.037524	 ndcg_5: 0.0287	 ndcg_10: 0.0368	 hit@1:0.013758	 hit@5:0.0442	 hit@10: 0.0695
target: 	 mrr: 0.057210	 ndcg_5: 0.0482	 ndcg_10: 0.0622	 hit@1:0.022997	 hit@5:0.0739	 hit@10: 0.1178
epoch 79: train_loss = 1.504251, source_mrr = 0.037524, source_hit@10 = 0.0695, source_ndcg@10 = 0.0368, target_mrr = 0.057210, target_hit@10 = 0.1178, target_ndcg@10 = 0.0622

2024-08-14 22:42:20.175375: step 12160/12160 (epoch 80/80), loss = 1.501437 (46.734 sec/epoch), lr: 0.000699
Evaluating on dev set...
...........................
source: 	 mrr: 0.031757	 ndcg_5: 0.0211	 ndcg_10: 0.0306	 hit@1:0.009413	 hit@5:0.0333	 hit@10: 0.0630
target: 	 mrr: 0.054899	 ndcg_5: 0.0449	 ndcg_10: 0.0606	 hit@1:0.022300	 hit@5:0.0683	 hit@10: 0.1171
epoch 80: train_loss = 1.501437, source_mrr = 0.031757, source_hit@10 = 0.0630, source_ndcg@10 = 0.0306, target_mrr = 0.054899, target_hit@10 = 0.1171, target_ndcg@10 = 0.0606

source best:  source_mrr = 0.045562, source_hit@10 = 0.0927, source_ndcg@10 = 0.0470
target best:  target_mrr = 0.056299, target_hit@10 = 0.1261, target_ndcg@10 = 0.0638
