using gpu:3 to train the model
using gpu:3 to train the model
cuda:3
Namespace(A_split=False, JK='sum', a_fold=100, aggregate=False, alpha=0.3, batch_size=2048, beta_inter=0.2, conv_layers=4, cuda=True, decay_epoch=10, device=device(type='cuda', index=3), device_id='3', domains='game_video', dropout=0.4, epoch=80, feature_dim=126, gamma_intra=0.8, hidden_dim=126, inter_tau=0.2, intra_tau=0.4, lambda_critic=0.1, leakey=0.05, load=False, log='logs.txt', log_epoch=1, lr=0.004, lr_decay=0.95, min_epoch=60, mode='train', model_file=None, model_name='gv', momentum=0.98, num_latent_factors=3, num_negative=100, optim='adam', patience=20, proj_layers=1, projection=1, rectify_epoch=40, residual=1, save=False, save_dir='./saved_models', seed=32, similarity_tau=0.1, step=4, test_sample_number=999, user_batch_size=256, weight_decay=0.0002)
number_user 25025
number_item 12319
real graph loaded!
number_user 19457
number_item 8751
real graph loaded!
graph loaded!
Loading data from game_video with batch size 2048...
unseen test: 0
test length: 1381
unseen test: 0
test length: 1304
unseen test: 0
test length: 1435
unseen test: 0
test length: 1458
source_user_num 25025
target_user_num 19457
source_item_num 12319
target_item_num 8751
shared users id: 1737
test users 226, 217
unseen test: 0
dev length: 1000
unseen test: 0
dev length: 1000
source train data : 155036, target train data: 156091, source test data : 1304, target test data : 1458, source dev data : 1000, target dev data : 1000
2024-08-14 21:43:34.829763: step 152/12160 (epoch 1/80), loss = 2.327027 (44.787 sec/epoch), lr: 0.004000
Evaluating on dev set...
...........................
source: 	 mrr: 0.025266	 ndcg_5: 0.0150	 ndcg_10: 0.0195	 hit@1:0.009413	 hit@5:0.0203	 hit@10: 0.0348
target: 	 mrr: 0.028527	 ndcg_5: 0.0203	 ndcg_10: 0.0287	 hit@1:0.008362	 hit@5:0.0321	 hit@10: 0.0585
source best!
.............
source: 	 mrr: 0.024753	 ndcg_5: 0.0163	 ndcg_10: 0.0217	 hit@1:0.005368	 hit@5:0.0261	 hit@10: 0.0429
target best!
..............target: 	 mrr: 0.031657	 ndcg_5: 0.0242	 ndcg_10: 0.0293	 hit@1:0.012346	 hit@5:0.0357	 hit@10: 0.0521
epoch 1: train_loss = 2.327027, source_mrr = 0.024753, source_hit@10 = 0.0429, source_ndcg@10 = 0.0217, target_mrr = 0.031657, target_hit@10 = 0.0521, target_ndcg@10 = 0.0293

2024-08-14 21:44:21.098964: step 304/12160 (epoch 2/80), loss = 1.955929 (45.110 sec/epoch), lr: 0.004000
Evaluating on dev set...
...........................
source: 	 mrr: 0.031718	 ndcg_5: 0.0210	 ndcg_10: 0.0311	 hit@1:0.005793	 hit@5:0.0369	 hit@10: 0.0681
target: 	 mrr: 0.027306	 ndcg_5: 0.0182	 ndcg_10: 0.0250	 hit@1:0.009756	 hit@5:0.0272	 hit@10: 0.0481
source best!
.............
source: 	 mrr: 0.031959	 ndcg_5: 0.0213	 ndcg_10: 0.0316	 hit@1:0.006902	 hit@5:0.0368	 hit@10: 0.0690
epoch 2: train_loss = 1.955929, source_mrr = 0.031959, source_hit@10 = 0.0690, source_ndcg@10 = 0.0316, target_mrr = 0.027306, target_hit@10 = 0.0481, target_ndcg@10 = 0.0250

2024-08-14 21:45:06.675804: step 456/12160 (epoch 3/80), loss = 1.898069 (44.667 sec/epoch), lr: 0.004000
Evaluating on dev set...
...........................
source: 	 mrr: 0.034556	 ndcg_5: 0.0211	 ndcg_10: 0.0336	 hit@1:0.007965	 hit@5:0.0355	 hit@10: 0.0746
target: 	 mrr: 0.035078	 ndcg_5: 0.0250	 ndcg_10: 0.0332	 hit@1:0.012544	 hit@5:0.0376	 hit@10: 0.0634
source best!
.............
source: 	 mrr: 0.034894	 ndcg_5: 0.0226	 ndcg_10: 0.0355	 hit@1:0.006135	 hit@5:0.0391	 hit@10: 0.0798
target best!
..............target: 	 mrr: 0.038126	 ndcg_5: 0.0298	 ndcg_10: 0.0373	 hit@1:0.013717	 hit@5:0.0453	 hit@10: 0.0686
epoch 3: train_loss = 1.898069, source_mrr = 0.034894, source_hit@10 = 0.0798, source_ndcg@10 = 0.0355, target_mrr = 0.038126, target_hit@10 = 0.0686, target_ndcg@10 = 0.0373

2024-08-14 21:45:53.008168: step 608/12160 (epoch 4/80), loss = 1.875294 (45.228 sec/epoch), lr: 0.004000
Evaluating on dev set...
...........................
source: 	 mrr: 0.037227	 ndcg_5: 0.0270	 ndcg_10: 0.0365	 hit@1:0.010862	 hit@5:0.0434	 hit@10: 0.0731
target: 	 mrr: 0.048300	 ndcg_5: 0.0399	 ndcg_10: 0.0517	 hit@1:0.018815	 hit@5:0.0634	 hit@10: 0.1003
source best!
.............
source: 	 mrr: 0.034730	 ndcg_5: 0.0246	 ndcg_10: 0.0335	 hit@1:0.009969	 hit@5:0.0399	 hit@10: 0.0675
target best!
..............target: 	 mrr: 0.046604	 ndcg_5: 0.0363	 ndcg_10: 0.0525	 hit@1:0.013717	 hit@5:0.0590	 hit@10: 0.1097
epoch 4: train_loss = 1.875294, source_mrr = 0.034730, source_hit@10 = 0.0675, source_ndcg@10 = 0.0335, target_mrr = 0.046604, target_hit@10 = 0.1097, target_ndcg@10 = 0.0525

2024-08-14 21:46:39.463171: step 760/12160 (epoch 5/80), loss = 1.861355 (45.328 sec/epoch), lr: 0.004000
Evaluating on dev set...
...........................
source: 	 mrr: 0.036019	 ndcg_5: 0.0251	 ndcg_10: 0.0341	 hit@1:0.011586	 hit@5:0.0398	 hit@10: 0.0681
target: 	 mrr: 0.052385	 ndcg_5: 0.0461	 ndcg_10: 0.0563	 hit@1:0.017422	 hit@5:0.0753	 hit@10: 0.1073
target best!
..............target: 	 mrr: 0.053075	 ndcg_5: 0.0454	 ndcg_10: 0.0591	 hit@1:0.017147	 hit@5:0.0748	 hit@10: 0.1166
epoch 5: train_loss = 1.861355, source_mrr = 0.036019, source_hit@10 = 0.0681, source_ndcg@10 = 0.0341, target_mrr = 0.053075, target_hit@10 = 0.1166, target_ndcg@10 = 0.0591

2024-08-14 21:47:26.550967: step 912/12160 (epoch 6/80), loss = 1.838805 (45.928 sec/epoch), lr: 0.004000
Evaluating on dev set...
...........................
source: 	 mrr: 0.035780	 ndcg_5: 0.0252	 ndcg_10: 0.0340	 hit@1:0.010862	 hit@5:0.0369	 hit@10: 0.0637
target: 	 mrr: 0.030658	 ndcg_5: 0.0227	 ndcg_10: 0.0310	 hit@1:0.009059	 hit@5:0.0369	 hit@10: 0.0627
epoch 6: train_loss = 1.838805, source_mrr = 0.035780, source_hit@10 = 0.0637, source_ndcg@10 = 0.0340, target_mrr = 0.030658, target_hit@10 = 0.0627, target_ndcg@10 = 0.0310

2024-08-14 21:48:12.979223: step 1064/12160 (epoch 7/80), loss = 1.808732 (45.811 sec/epoch), lr: 0.004000
Evaluating on dev set...
...........................
source: 	 mrr: 0.035675	 ndcg_5: 0.0265	 ndcg_10: 0.0364	 hit@1:0.008689	 hit@5:0.0456	 hit@10: 0.0768
target: 	 mrr: 0.043925	 ndcg_5: 0.0349	 ndcg_10: 0.0454	 hit@1:0.016725	 hit@5:0.0557	 hit@10: 0.0885
epoch 7: train_loss = 1.808732, source_mrr = 0.035675, source_hit@10 = 0.0768, source_ndcg@10 = 0.0364, target_mrr = 0.043925, target_hit@10 = 0.0885, target_ndcg@10 = 0.0454

2024-08-14 21:48:57.988877: step 1216/12160 (epoch 8/80), loss = 1.774909 (44.237 sec/epoch), lr: 0.004000
Evaluating on dev set...
...........................
source: 	 mrr: 0.027264	 ndcg_5: 0.0189	 ndcg_10: 0.0270	 hit@1:0.005793	 hit@5:0.0319	 hit@10: 0.0572
target: 	 mrr: 0.046440	 ndcg_5: 0.0360	 ndcg_10: 0.0522	 hit@1:0.014634	 hit@5:0.0557	 hit@10: 0.1066
epoch 8: train_loss = 1.774909, source_mrr = 0.027264, source_hit@10 = 0.0572, source_ndcg@10 = 0.0270, target_mrr = 0.046440, target_hit@10 = 0.1066, target_ndcg@10 = 0.0522

2024-08-14 21:49:42.368764: step 1368/12160 (epoch 9/80), loss = 1.755310 (43.629 sec/epoch), lr: 0.004000
Evaluating on dev set...
...........................
source: 	 mrr: 0.028845	 ndcg_5: 0.0197	 ndcg_10: 0.0280	 hit@1:0.008689	 hit@5:0.0311	 hit@10: 0.0565
target: 	 mrr: 0.043217	 ndcg_5: 0.0339	 ndcg_10: 0.0463	 hit@1:0.013240	 hit@5:0.0551	 hit@10: 0.0941
epoch 9: train_loss = 1.755310, source_mrr = 0.028845, source_hit@10 = 0.0565, source_ndcg@10 = 0.0280, target_mrr = 0.043217, target_hit@10 = 0.0941, target_ndcg@10 = 0.0463

2024-08-14 21:50:25.491446: step 1520/12160 (epoch 10/80), loss = 1.742606 (42.364 sec/epoch), lr: 0.004000
Evaluating on dev set...
...........................
source: 	 mrr: 0.034401	 ndcg_5: 0.0251	 ndcg_10: 0.0319	 hit@1:0.012310	 hit@5:0.0391	 hit@10: 0.0601
target: 	 mrr: 0.046998	 ndcg_5: 0.0392	 ndcg_10: 0.0521	 hit@1:0.012544	 hit@5:0.0662	 hit@10: 0.1066
epoch 10: train_loss = 1.742606, source_mrr = 0.034401, source_hit@10 = 0.0601, source_ndcg@10 = 0.0319, target_mrr = 0.046998, target_hit@10 = 0.1066, target_ndcg@10 = 0.0521

2024-08-14 21:51:08.092715: step 1672/12160 (epoch 11/80), loss = 1.739966 (41.995 sec/epoch), lr: 0.004000
Evaluating on dev set...
...........................
source: 	 mrr: 0.033482	 ndcg_5: 0.0253	 ndcg_10: 0.0337	 hit@1:0.007965	 hit@5:0.0434	 hit@10: 0.0695
target: 	 mrr: 0.039204	 ndcg_5: 0.0315	 ndcg_10: 0.0407	 hit@1:0.010453	 hit@5:0.0537	 hit@10: 0.0822
epoch 11: train_loss = 1.739966, source_mrr = 0.033482, source_hit@10 = 0.0695, source_ndcg@10 = 0.0337, target_mrr = 0.039204, target_hit@10 = 0.0822, target_ndcg@10 = 0.0407

2024-08-14 21:51:50.358975: step 1824/12160 (epoch 12/80), loss = 1.727759 (41.633 sec/epoch), lr: 0.003800
Evaluating on dev set...
...........................
source: 	 mrr: 0.021038	 ndcg_5: 0.0130	 ndcg_10: 0.0182	 hit@1:0.005793	 hit@5:0.0203	 hit@10: 0.0369
target: 	 mrr: 0.055774	 ndcg_5: 0.0482	 ndcg_10: 0.0636	 hit@1:0.020209	 hit@5:0.0767	 hit@10: 0.1247
target best!
..............target: 	 mrr: 0.056254	 ndcg_5: 0.0501	 ndcg_10: 0.0633	 hit@1:0.019204	 hit@5:0.0830	 hit@10: 0.1241
epoch 12: train_loss = 1.727759, source_mrr = 0.021038, source_hit@10 = 0.0369, source_ndcg@10 = 0.0182, target_mrr = 0.056254, target_hit@10 = 0.1241, target_ndcg@10 = 0.0633

2024-08-14 21:52:34.289530: step 1976/12160 (epoch 13/80), loss = 1.726327 (43.066 sec/epoch), lr: 0.003800
Evaluating on dev set...
...........................
source: 	 mrr: 0.022596	 ndcg_5: 0.0166	 ndcg_10: 0.0211	 hit@1:0.005069	 hit@5:0.0282	 hit@10: 0.0420
target: 	 mrr: 0.038585	 ndcg_5: 0.0270	 ndcg_10: 0.0431	 hit@1:0.011847	 hit@5:0.0439	 hit@10: 0.0948
epoch 13: train_loss = 1.726327, source_mrr = 0.022596, source_hit@10 = 0.0420, source_ndcg@10 = 0.0211, target_mrr = 0.038585, target_hit@10 = 0.0948, target_ndcg@10 = 0.0431

2024-08-14 21:53:19.132206: step 2128/12160 (epoch 14/80), loss = 1.720406 (44.242 sec/epoch), lr: 0.003610
Evaluating on dev set...
...........................
source: 	 mrr: 0.027328	 ndcg_5: 0.0172	 ndcg_10: 0.0260	 hit@1:0.009413	 hit@5:0.0253	 hit@10: 0.0529
target: 	 mrr: 0.049988	 ndcg_5: 0.0408	 ndcg_10: 0.0533	 hit@1:0.017422	 hit@5:0.0634	 hit@10: 0.1024
epoch 14: train_loss = 1.720406, source_mrr = 0.027328, source_hit@10 = 0.0529, source_ndcg@10 = 0.0260, target_mrr = 0.049988, target_hit@10 = 0.1024, target_ndcg@10 = 0.0533

2024-08-14 21:54:02.784868: step 2280/12160 (epoch 15/80), loss = 1.715066 (43.010 sec/epoch), lr: 0.003610
Evaluating on dev set...
...........................
source: 	 mrr: 0.025713	 ndcg_5: 0.0161	 ndcg_10: 0.0240	 hit@1:0.004345	 hit@5:0.0268	 hit@10: 0.0514
target: 	 mrr: 0.054887	 ndcg_5: 0.0432	 ndcg_10: 0.0578	 hit@1:0.022300	 hit@5:0.0634	 hit@10: 0.1087
epoch 15: train_loss = 1.715066, source_mrr = 0.025713, source_hit@10 = 0.0514, source_ndcg@10 = 0.0240, target_mrr = 0.054887, target_hit@10 = 0.1087, target_ndcg@10 = 0.0578

2024-08-14 21:54:46.383718: step 2432/12160 (epoch 16/80), loss = 1.710808 (43.015 sec/epoch), lr: 0.003610
Evaluating on dev set...
...........................
source: 	 mrr: 0.017127	 ndcg_5: 0.0100	 ndcg_10: 0.0151	 hit@1:0.002896	 hit@5:0.0174	 hit@10: 0.0333
target: 	 mrr: 0.044376	 ndcg_5: 0.0339	 ndcg_10: 0.0454	 hit@1:0.013937	 hit@5:0.0530	 hit@10: 0.0885
epoch 16: train_loss = 1.710808, source_mrr = 0.017127, source_hit@10 = 0.0333, source_ndcg@10 = 0.0151, target_mrr = 0.044376, target_hit@10 = 0.0885, target_ndcg@10 = 0.0454

2024-08-14 21:55:32.436974: step 2584/12160 (epoch 17/80), loss = 1.703321 (45.419 sec/epoch), lr: 0.003429
Evaluating on dev set...
...........................
source: 	 mrr: 0.021671	 ndcg_5: 0.0140	 ndcg_10: 0.0211	 hit@1:0.005793	 hit@5:0.0224	 hit@10: 0.0449
target: 	 mrr: 0.039286	 ndcg_5: 0.0304	 ndcg_10: 0.0406	 hit@1:0.011150	 hit@5:0.0502	 hit@10: 0.0822
epoch 17: train_loss = 1.703321, source_mrr = 0.021671, source_hit@10 = 0.0449, source_ndcg@10 = 0.0211, target_mrr = 0.039286, target_hit@10 = 0.0822, target_ndcg@10 = 0.0406

2024-08-14 21:56:18.613822: step 2736/12160 (epoch 18/80), loss = 1.698746 (45.492 sec/epoch), lr: 0.003258
Evaluating on dev set...
...........................
source: 	 mrr: 0.027221	 ndcg_5: 0.0192	 ndcg_10: 0.0254	 hit@1:0.007965	 hit@5:0.0311	 hit@10: 0.0500
target: 	 mrr: 0.054288	 ndcg_5: 0.0440	 ndcg_10: 0.0581	 hit@1:0.022997	 hit@5:0.0655	 hit@10: 0.1094
epoch 18: train_loss = 1.698746, source_mrr = 0.027221, source_hit@10 = 0.0500, source_ndcg@10 = 0.0254, target_mrr = 0.054288, target_hit@10 = 0.1094, target_ndcg@10 = 0.0581

2024-08-14 21:57:04.781541: step 2888/12160 (epoch 19/80), loss = 1.694824 (45.507 sec/epoch), lr: 0.003258
Evaluating on dev set...
...........................
source: 	 mrr: 0.026579	 ndcg_5: 0.0174	 ndcg_10: 0.0249	 hit@1:0.007241	 hit@5:0.0282	 hit@10: 0.0514
target: 	 mrr: 0.046386	 ndcg_5: 0.0370	 ndcg_10: 0.0490	 hit@1:0.014634	 hit@5:0.0599	 hit@10: 0.0969
epoch 19: train_loss = 1.694824, source_mrr = 0.026579, source_hit@10 = 0.0514, source_ndcg@10 = 0.0249, target_mrr = 0.046386, target_hit@10 = 0.0969, target_ndcg@10 = 0.0490

2024-08-14 21:57:51.681584: step 3040/12160 (epoch 20/80), loss = 1.688862 (46.112 sec/epoch), lr: 0.003095
Evaluating on dev set...
...........................
source: 	 mrr: 0.025105	 ndcg_5: 0.0159	 ndcg_10: 0.0226	 hit@1:0.008689	 hit@5:0.0224	 hit@10: 0.0427
target: 	 mrr: 0.058494	 ndcg_5: 0.0534	 ndcg_10: 0.0659	 hit@1:0.021603	 hit@5:0.0836	 hit@10: 0.1233
target best!
..............target: 	 mrr: 0.053161	 ndcg_5: 0.0443	 ndcg_10: 0.0589	 hit@1:0.017833	 hit@5:0.0700	 hit@10: 0.1152
epoch 20: train_loss = 1.688862, source_mrr = 0.025105, source_hit@10 = 0.0427, source_ndcg@10 = 0.0226, target_mrr = 0.053161, target_hit@10 = 0.1152, target_ndcg@10 = 0.0589

2024-08-14 21:58:38.481940: step 3192/12160 (epoch 21/80), loss = 1.684109 (45.767 sec/epoch), lr: 0.003095
Evaluating on dev set...
...........................
source: 	 mrr: 0.025180	 ndcg_5: 0.0179	 ndcg_10: 0.0237	 hit@1:0.005069	 hit@5:0.0319	 hit@10: 0.0492
target: 	 mrr: 0.044924	 ndcg_5: 0.0369	 ndcg_10: 0.0501	 hit@1:0.009756	 hit@5:0.0641	 hit@10: 0.1045
epoch 21: train_loss = 1.684109, source_mrr = 0.025180, source_hit@10 = 0.0492, source_ndcg@10 = 0.0237, target_mrr = 0.044924, target_hit@10 = 0.1045, target_ndcg@10 = 0.0501

2024-08-14 21:59:25.055444: step 3344/12160 (epoch 22/80), loss = 1.681382 (45.909 sec/epoch), lr: 0.002940
Evaluating on dev set...
...........................
source: 	 mrr: 0.016352	 ndcg_5: 0.0102	 ndcg_10: 0.0131	 hit@1:0.003621	 hit@5:0.0181	 hit@10: 0.0275
target: 	 mrr: 0.052995	 ndcg_5: 0.0408	 ndcg_10: 0.0574	 hit@1:0.021603	 hit@5:0.0606	 hit@10: 0.1122
epoch 22: train_loss = 1.681382, source_mrr = 0.016352, source_hit@10 = 0.0275, source_ndcg@10 = 0.0131, target_mrr = 0.052995, target_hit@10 = 0.1122, target_ndcg@10 = 0.0574

2024-08-14 22:00:11.138529: step 3496/12160 (epoch 23/80), loss = 1.673079 (45.432 sec/epoch), lr: 0.002793
Evaluating on dev set...
...........................
source: 	 mrr: 0.018786	 ndcg_5: 0.0124	 ndcg_10: 0.0187	 hit@1:0.002896	 hit@5:0.0224	 hit@10: 0.0427
target: 	 mrr: 0.042170	 ndcg_5: 0.0314	 ndcg_10: 0.0450	 hit@1:0.010453	 hit@5:0.0523	 hit@10: 0.0941
epoch 23: train_loss = 1.673079, source_mrr = 0.018786, source_hit@10 = 0.0427, source_ndcg@10 = 0.0187, target_mrr = 0.042170, target_hit@10 = 0.0941, target_ndcg@10 = 0.0450

2024-08-14 22:00:57.214513: step 3648/12160 (epoch 24/80), loss = 1.667427 (45.408 sec/epoch), lr: 0.002654
Evaluating on dev set...
...........................
source: 	 mrr: 0.018744	 ndcg_5: 0.0116	 ndcg_10: 0.0163	 hit@1:0.005069	 hit@5:0.0174	 hit@10: 0.0319
target: 	 mrr: 0.050594	 ndcg_5: 0.0409	 ndcg_10: 0.0551	 hit@1:0.018815	 hit@5:0.0641	 hit@10: 0.1094
epoch 24: train_loss = 1.667427, source_mrr = 0.018744, source_hit@10 = 0.0319, source_ndcg@10 = 0.0163, target_mrr = 0.050594, target_hit@10 = 0.1094, target_ndcg@10 = 0.0551

2024-08-14 22:01:43.291785: step 3800/12160 (epoch 25/80), loss = 1.664984 (45.443 sec/epoch), lr: 0.002654
Evaluating on dev set...
...........................
source: 	 mrr: 0.026997	 ndcg_5: 0.0175	 ndcg_10: 0.0247	 hit@1:0.006517	 hit@5:0.0290	 hit@10: 0.0514
target: 	 mrr: 0.048349	 ndcg_5: 0.0383	 ndcg_10: 0.0529	 hit@1:0.018815	 hit@5:0.0585	 hit@10: 0.1052
epoch 25: train_loss = 1.664984, source_mrr = 0.026997, source_hit@10 = 0.0514, source_ndcg@10 = 0.0247, target_mrr = 0.048349, target_hit@10 = 0.1052, target_ndcg@10 = 0.0529

2024-08-14 22:02:29.703024: step 3952/12160 (epoch 26/80), loss = 1.661620 (45.694 sec/epoch), lr: 0.002654
Evaluating on dev set...
...........................
source: 	 mrr: 0.025989	 ndcg_5: 0.0173	 ndcg_10: 0.0252	 hit@1:0.008689	 hit@5:0.0253	 hit@10: 0.0500
target: 	 mrr: 0.052014	 ndcg_5: 0.0410	 ndcg_10: 0.0571	 hit@1:0.018815	 hit@5:0.0634	 hit@10: 0.1129
epoch 26: train_loss = 1.661620, source_mrr = 0.025989, source_hit@10 = 0.0500, source_ndcg@10 = 0.0252, target_mrr = 0.052014, target_hit@10 = 0.1129, target_ndcg@10 = 0.0571

2024-08-14 22:03:16.533618: step 4104/12160 (epoch 27/80), loss = 1.664727 (46.142 sec/epoch), lr: 0.002654
Evaluating on dev set...
...........................
source: 	 mrr: 0.018521	 ndcg_5: 0.0109	 ndcg_10: 0.0173	 hit@1:0.002172	 hit@5:0.0196	 hit@10: 0.0391
target: 	 mrr: 0.053837	 ndcg_5: 0.0434	 ndcg_10: 0.0613	 hit@1:0.020906	 hit@5:0.0669	 hit@10: 0.1233
epoch 27: train_loss = 1.664727, source_mrr = 0.018521, source_hit@10 = 0.0391, source_ndcg@10 = 0.0173, target_mrr = 0.053837, target_hit@10 = 0.1233, target_ndcg@10 = 0.0613

2024-08-14 22:04:02.740089: step 4256/12160 (epoch 28/80), loss = 1.652923 (45.359 sec/epoch), lr: 0.002521
Evaluating on dev set...
...........................
source: 	 mrr: 0.023825	 ndcg_5: 0.0164	 ndcg_10: 0.0205	 hit@1:0.008689	 hit@5:0.0239	 hit@10: 0.0369
target: 	 mrr: 0.054951	 ndcg_5: 0.0453	 ndcg_10: 0.0625	 hit@1:0.014634	 hit@5:0.0704	 hit@10: 0.1233
epoch 28: train_loss = 1.652923, source_mrr = 0.023825, source_hit@10 = 0.0369, source_ndcg@10 = 0.0205, target_mrr = 0.054951, target_hit@10 = 0.1233, target_ndcg@10 = 0.0625

2024-08-14 22:04:48.947034: step 4408/12160 (epoch 29/80), loss = 1.653846 (45.581 sec/epoch), lr: 0.002521
Evaluating on dev set...
...........................
source: 	 mrr: 0.025051	 ndcg_5: 0.0175	 ndcg_10: 0.0232	 hit@1:0.005069	 hit@5:0.0297	 hit@10: 0.0478
target: 	 mrr: 0.050073	 ndcg_5: 0.0403	 ndcg_10: 0.0556	 hit@1:0.016028	 hit@5:0.0648	 hit@10: 0.1122
epoch 29: train_loss = 1.653846, source_mrr = 0.025051, source_hit@10 = 0.0478, source_ndcg@10 = 0.0232, target_mrr = 0.050073, target_hit@10 = 0.1122, target_ndcg@10 = 0.0556

2024-08-14 22:05:35.534262: step 4560/12160 (epoch 30/80), loss = 1.648027 (45.905 sec/epoch), lr: 0.002395
Evaluating on dev set...
...........................
source: 	 mrr: 0.032999	 ndcg_5: 0.0228	 ndcg_10: 0.0326	 hit@1:0.010862	 hit@5:0.0369	 hit@10: 0.0673
target: 	 mrr: 0.054968	 ndcg_5: 0.0491	 ndcg_10: 0.0609	 hit@1:0.018815	 hit@5:0.0808	 hit@10: 0.1178
epoch 30: train_loss = 1.648027, source_mrr = 0.032999, source_hit@10 = 0.0673, source_ndcg@10 = 0.0326, target_mrr = 0.054968, target_hit@10 = 0.1178, target_ndcg@10 = 0.0609

2024-08-14 22:06:22.000698: step 4712/12160 (epoch 31/80), loss = 1.640021 (45.811 sec/epoch), lr: 0.002395
Evaluating on dev set...
...........................
source: 	 mrr: 0.028341	 ndcg_5: 0.0197	 ndcg_10: 0.0270	 hit@1:0.005793	 hit@5:0.0340	 hit@10: 0.0572
target: 	 mrr: 0.056760	 ndcg_5: 0.0482	 ndcg_10: 0.0623	 hit@1:0.021603	 hit@5:0.0760	 hit@10: 0.1199
epoch 31: train_loss = 1.640021, source_mrr = 0.028341, source_hit@10 = 0.0572, source_ndcg@10 = 0.0270, target_mrr = 0.056760, target_hit@10 = 0.1199, target_ndcg@10 = 0.0623

2024-08-14 22:07:09.303507: step 4864/12160 (epoch 32/80), loss = 1.632846 (46.646 sec/epoch), lr: 0.002275
Evaluating on dev set...
...........................
source: 	 mrr: 0.019872	 ndcg_5: 0.0110	 ndcg_10: 0.0180	 hit@1:0.003621	 hit@5:0.0174	 hit@10: 0.0391
target: 	 mrr: 0.054361	 ndcg_5: 0.0458	 ndcg_10: 0.0611	 hit@1:0.021603	 hit@5:0.0718	 hit@10: 0.1199
epoch 32: train_loss = 1.632846, source_mrr = 0.019872, source_hit@10 = 0.0391, source_ndcg@10 = 0.0180, target_mrr = 0.054361, target_hit@10 = 0.1199, target_ndcg@10 = 0.0611

2024-08-14 22:07:54.621155: step 5016/12160 (epoch 33/80), loss = 1.624879 (44.639 sec/epoch), lr: 0.002161
Evaluating on dev set...
...........................
source: 	 mrr: 0.039776	 ndcg_5: 0.0304	 ndcg_10: 0.0407	 hit@1:0.013034	 hit@5:0.0485	 hit@10: 0.0804
target: 	 mrr: 0.057460	 ndcg_5: 0.0485	 ndcg_10: 0.0627	 hit@1:0.025087	 hit@5:0.0739	 hit@10: 0.1185
source best!
.............
source: 	 mrr: 0.037980	 ndcg_5: 0.0276	 ndcg_10: 0.0378	 hit@1:0.010736	 hit@5:0.0422	 hit@10: 0.0744
epoch 33: train_loss = 1.624879, source_mrr = 0.037980, source_hit@10 = 0.0744, source_ndcg@10 = 0.0378, target_mrr = 0.057460, target_hit@10 = 0.1185, target_ndcg@10 = 0.0627

2024-08-14 22:08:40.864534: step 5168/12160 (epoch 34/80), loss = 1.620815 (45.341 sec/epoch), lr: 0.002161
Evaluating on dev set...
...........................
source: 	 mrr: 0.026520	 ndcg_5: 0.0187	 ndcg_10: 0.0261	 hit@1:0.005793	 hit@5:0.0304	 hit@10: 0.0536
target: 	 mrr: 0.055410	 ndcg_5: 0.0469	 ndcg_10: 0.0594	 hit@1:0.020209	 hit@5:0.0732	 hit@10: 0.1122
epoch 34: train_loss = 1.620815, source_mrr = 0.026520, source_hit@10 = 0.0536, source_ndcg@10 = 0.0261, target_mrr = 0.055410, target_hit@10 = 0.1122, target_ndcg@10 = 0.0594

2024-08-14 22:09:26.532684: step 5320/12160 (epoch 35/80), loss = 1.611436 (45.015 sec/epoch), lr: 0.002053
Evaluating on dev set...
...........................
source: 	 mrr: 0.036865	 ndcg_5: 0.0274	 ndcg_10: 0.0379	 hit@1:0.008689	 hit@5:0.0463	 hit@10: 0.0789
target: 	 mrr: 0.058391	 ndcg_5: 0.0517	 ndcg_10: 0.0635	 hit@1:0.022300	 hit@5:0.0801	 hit@10: 0.1164
epoch 35: train_loss = 1.611436, source_mrr = 0.036865, source_hit@10 = 0.0789, source_ndcg@10 = 0.0379, target_mrr = 0.058391, target_hit@10 = 0.1164, target_ndcg@10 = 0.0635

2024-08-14 22:10:12.348193: step 5472/12160 (epoch 36/80), loss = 1.611712 (45.184 sec/epoch), lr: 0.002053
Evaluating on dev set...
...........................
source: 	 mrr: 0.039849	 ndcg_5: 0.0282	 ndcg_10: 0.0400	 hit@1:0.012310	 hit@5:0.0434	 hit@10: 0.0804
target: 	 mrr: 0.057426	 ndcg_5: 0.0509	 ndcg_10: 0.0634	 hit@1:0.021603	 hit@5:0.0794	 hit@10: 0.1178
source best!
.............
source: 	 mrr: 0.038659	 ndcg_5: 0.0287	 ndcg_10: 0.0402	 hit@1:0.010736	 hit@5:0.0468	 hit@10: 0.0828
epoch 36: train_loss = 1.611712, source_mrr = 0.038659, source_hit@10 = 0.0828, source_ndcg@10 = 0.0402, target_mrr = 0.057426, target_hit@10 = 0.1178, target_ndcg@10 = 0.0634

2024-08-14 22:10:59.501859: step 5624/12160 (epoch 37/80), loss = 1.608500 (46.273 sec/epoch), lr: 0.002053
Evaluating on dev set...
...........................
source: 	 mrr: 0.029489	 ndcg_5: 0.0207	 ndcg_10: 0.0278	 hit@1:0.009413	 hit@5:0.0319	 hit@10: 0.0536
target: 	 mrr: 0.055816	 ndcg_5: 0.0458	 ndcg_10: 0.0613	 hit@1:0.019512	 hit@5:0.0697	 hit@10: 0.1178
epoch 37: train_loss = 1.608500, source_mrr = 0.029489, source_hit@10 = 0.0536, source_ndcg@10 = 0.0278, target_mrr = 0.055816, target_hit@10 = 0.1178, target_ndcg@10 = 0.0613

2024-08-14 22:11:45.909760: step 5776/12160 (epoch 38/80), loss = 1.600439 (45.744 sec/epoch), lr: 0.001951
Evaluating on dev set...
...........................
source: 	 mrr: 0.042123	 ndcg_5: 0.0296	 ndcg_10: 0.0412	 hit@1:0.017379	 hit@5:0.0420	 hit@10: 0.0782
target: 	 mrr: 0.052184	 ndcg_5: 0.0430	 ndcg_10: 0.0578	 hit@1:0.016725	 hit@5:0.0683	 hit@10: 0.1143
source best!
.............
source: 	 mrr: 0.038987	 ndcg_5: 0.0284	 ndcg_10: 0.0418	 hit@1:0.010736	 hit@5:0.0460	 hit@10: 0.0882
epoch 38: train_loss = 1.600439, source_mrr = 0.038987, source_hit@10 = 0.0882, source_ndcg@10 = 0.0418, target_mrr = 0.052184, target_hit@10 = 0.1143, target_ndcg@10 = 0.0578

2024-08-14 22:12:32.831092: step 5928/12160 (epoch 39/80), loss = 1.598449 (46.018 sec/epoch), lr: 0.001951
Evaluating on dev set...
...........................
source: 	 mrr: 0.037233	 ndcg_5: 0.0258	 ndcg_10: 0.0353	 hit@1:0.010862	 hit@5:0.0391	 hit@10: 0.0688
target: 	 mrr: 0.047975	 ndcg_5: 0.0388	 ndcg_10: 0.0531	 hit@1:0.012544	 hit@5:0.0655	 hit@10: 0.1094
epoch 39: train_loss = 1.598449, source_mrr = 0.037233, source_hit@10 = 0.0688, source_ndcg@10 = 0.0353, target_mrr = 0.047975, target_hit@10 = 0.1094, target_ndcg@10 = 0.0531

2024-08-14 22:13:19.179541: step 6080/12160 (epoch 40/80), loss = 1.596415 (45.721 sec/epoch), lr: 0.001853
Evaluating on dev set...
...........................
source: 	 mrr: 0.035234	 ndcg_5: 0.0253	 ndcg_10: 0.0335	 hit@1:0.013758	 hit@5:0.0369	 hit@10: 0.0623
target: 	 mrr: 0.056299	 ndcg_5: 0.0483	 ndcg_10: 0.0638	 hit@1:0.018118	 hit@5:0.0780	 hit@10: 0.1261
epoch 40: train_loss = 1.596415, source_mrr = 0.035234, source_hit@10 = 0.0623, source_ndcg@10 = 0.0335, target_mrr = 0.056299, target_hit@10 = 0.1261, target_ndcg@10 = 0.0638
shift to transfer learning mode

2024-08-14 22:14:05.687632: step 6232/12160 (epoch 41/80), loss = 1.607895 (45.825 sec/epoch), lr: 0.001853
Evaluating on dev set...
...........................
source: 	 mrr: 0.035649	 ndcg_5: 0.0265	 ndcg_10: 0.0341	 hit@1:0.013034	 hit@5:0.0406	 hit@10: 0.0644
target: 	 mrr: 0.050775	 ndcg_5: 0.0409	 ndcg_10: 0.0540	 hit@1:0.016725	 hit@5:0.0641	 hit@10: 0.1045
epoch 41: train_loss = 1.607895, source_mrr = 0.035649, source_hit@10 = 0.0644, source_ndcg@10 = 0.0341, target_mrr = 0.050775, target_hit@10 = 0.1045, target_ndcg@10 = 0.0540

2024-08-14 22:14:52.772032: step 6384/12160 (epoch 42/80), loss = 1.604926 (46.442 sec/epoch), lr: 0.001761
Evaluating on dev set...
...........................
source: 	 mrr: 0.037315	 ndcg_5: 0.0276	 ndcg_10: 0.0364	 hit@1:0.011586	 hit@5:0.0456	 hit@10: 0.0731
target: 	 mrr: 0.051442	 ndcg_5: 0.0403	 ndcg_10: 0.0564	 hit@1:0.018118	 hit@5:0.0613	 hit@10: 0.1115
epoch 42: train_loss = 1.604926, source_mrr = 0.037315, source_hit@10 = 0.0731, source_ndcg@10 = 0.0364, target_mrr = 0.051442, target_hit@10 = 0.1115, target_ndcg@10 = 0.0564

2024-08-14 22:15:39.319987: step 6536/12160 (epoch 43/80), loss = 1.599978 (45.890 sec/epoch), lr: 0.001761
Evaluating on dev set...
...........................
source: 	 mrr: 0.027718	 ndcg_5: 0.0193	 ndcg_10: 0.0265	 hit@1:0.005069	 hit@5:0.0340	 hit@10: 0.0565
target: 	 mrr: 0.053548	 ndcg_5: 0.0473	 ndcg_10: 0.0588	 hit@1:0.018815	 hit@5:0.0753	 hit@10: 0.1115
epoch 43: train_loss = 1.599978, source_mrr = 0.027718, source_hit@10 = 0.0565, source_ndcg@10 = 0.0265, target_mrr = 0.053548, target_hit@10 = 0.1115, target_ndcg@10 = 0.0588

2024-08-14 22:16:23.949750: step 6688/12160 (epoch 44/80), loss = 1.596389 (43.991 sec/epoch), lr: 0.001672
Evaluating on dev set...
...........................
source: 	 mrr: 0.030720	 ndcg_5: 0.0212	 ndcg_10: 0.0292	 hit@1:0.007965	 hit@5:0.0348	 hit@10: 0.0594
target: 	 mrr: 0.054123	 ndcg_5: 0.0456	 ndcg_10: 0.0599	 hit@1:0.020906	 hit@5:0.0718	 hit@10: 0.1164
epoch 44: train_loss = 1.596389, source_mrr = 0.030720, source_hit@10 = 0.0594, source_ndcg@10 = 0.0292, target_mrr = 0.054123, target_hit@10 = 0.1164, target_ndcg@10 = 0.0599

2024-08-14 22:17:08.128824: step 6840/12160 (epoch 45/80), loss = 1.595688 (43.565 sec/epoch), lr: 0.001672
Evaluating on dev set...
...........................
source: 	 mrr: 0.040506	 ndcg_5: 0.0310	 ndcg_10: 0.0425	 hit@1:0.010138	 hit@5:0.0514	 hit@10: 0.0869
target: 	 mrr: 0.052499	 ndcg_5: 0.0435	 ndcg_10: 0.0597	 hit@1:0.018118	 hit@5:0.0690	 hit@10: 0.1199
epoch 45: train_loss = 1.595688, source_mrr = 0.040506, source_hit@10 = 0.0869, source_ndcg@10 = 0.0425, target_mrr = 0.052499, target_hit@10 = 0.1199, target_ndcg@10 = 0.0597

2024-08-14 22:17:52.502398: step 6992/12160 (epoch 46/80), loss = 1.592663 (43.602 sec/epoch), lr: 0.001672
Evaluating on dev set...
...........................
source: 	 mrr: 0.039193	 ndcg_5: 0.0286	 ndcg_10: 0.0388	 hit@1:0.013034	 hit@5:0.0449	 hit@10: 0.0768
target: 	 mrr: 0.051518	 ndcg_5: 0.0434	 ndcg_10: 0.0562	 hit@1:0.017422	 hit@5:0.0704	 hit@10: 0.1101
epoch 46: train_loss = 1.592663, source_mrr = 0.039193, source_hit@10 = 0.0768, source_ndcg@10 = 0.0388, target_mrr = 0.051518, target_hit@10 = 0.1101, target_ndcg@10 = 0.0562

2024-08-14 22:18:36.604032: step 7144/12160 (epoch 47/80), loss = 1.592598 (43.479 sec/epoch), lr: 0.001589
Evaluating on dev set...
...........................
source: 	 mrr: 0.038955	 ndcg_5: 0.0290	 ndcg_10: 0.0382	 hit@1:0.008689	 hit@5:0.0478	 hit@10: 0.0760
target: 	 mrr: 0.054270	 ndcg_5: 0.0455	 ndcg_10: 0.0589	 hit@1:0.020209	 hit@5:0.0718	 hit@10: 0.1129
epoch 47: train_loss = 1.592598, source_mrr = 0.038955, source_hit@10 = 0.0760, source_ndcg@10 = 0.0382, target_mrr = 0.054270, target_hit@10 = 0.1129, target_ndcg@10 = 0.0589

2024-08-14 22:19:20.285871: step 7296/12160 (epoch 48/80), loss = 1.590117 (43.067 sec/epoch), lr: 0.001589
Evaluating on dev set...
...........................
source: 	 mrr: 0.039649	 ndcg_5: 0.0278	 ndcg_10: 0.0371	 hit@1:0.013034	 hit@5:0.0420	 hit@10: 0.0717
target: 	 mrr: 0.052220	 ndcg_5: 0.0415	 ndcg_10: 0.0551	 hit@1:0.020209	 hit@5:0.0606	 hit@10: 0.1031
epoch 48: train_loss = 1.590117, source_mrr = 0.039649, source_hit@10 = 0.0717, source_ndcg@10 = 0.0371, target_mrr = 0.052220, target_hit@10 = 0.1031, target_ndcg@10 = 0.0551

2024-08-14 22:20:03.991232: step 7448/12160 (epoch 49/80), loss = 1.583697 (43.105 sec/epoch), lr: 0.001509
Evaluating on dev set...
...........................
source: 	 mrr: 0.040298	 ndcg_5: 0.0303	 ndcg_10: 0.0405	 hit@1:0.013034	 hit@5:0.0463	 hit@10: 0.0782
target: 	 mrr: 0.050095	 ndcg_5: 0.0392	 ndcg_10: 0.0541	 hit@1:0.018815	 hit@5:0.0585	 hit@10: 0.1045
epoch 49: train_loss = 1.583697, source_mrr = 0.040298, source_hit@10 = 0.0782, source_ndcg@10 = 0.0405, target_mrr = 0.050095, target_hit@10 = 0.1045, target_ndcg@10 = 0.0541

2024-08-14 22:20:47.092649: step 7600/12160 (epoch 50/80), loss = 1.580030 (42.436 sec/epoch), lr: 0.001434
Evaluating on dev set...
...........................
source: 	 mrr: 0.037560	 ndcg_5: 0.0280	 ndcg_10: 0.0387	 hit@1:0.012310	 hit@5:0.0449	 hit@10: 0.0782
target: 	 mrr: 0.052665	 ndcg_5: 0.0436	 ndcg_10: 0.0555	 hit@1:0.021603	 hit@5:0.0655	 hit@10: 0.1024
epoch 50: train_loss = 1.580030, source_mrr = 0.037560, source_hit@10 = 0.0782, source_ndcg@10 = 0.0387, target_mrr = 0.052665, target_hit@10 = 0.1024, target_ndcg@10 = 0.0555

2024-08-14 22:21:31.357096: step 7752/12160 (epoch 51/80), loss = 1.575958 (43.675 sec/epoch), lr: 0.001362
Evaluating on dev set...
...........................
source: 	 mrr: 0.043048	 ndcg_5: 0.0324	 ndcg_10: 0.0414	 hit@1:0.016655	 hit@5:0.0492	 hit@10: 0.0768
target: 	 mrr: 0.050579	 ndcg_5: 0.0398	 ndcg_10: 0.0536	 hit@1:0.020209	 hit@5:0.0613	 hit@10: 0.1038
source best!
.............
source: 	 mrr: 0.038163	 ndcg_5: 0.0256	 ndcg_10: 0.0375	 hit@1:0.012270	 hit@5:0.0399	 hit@10: 0.0775
epoch 51: train_loss = 1.575958, source_mrr = 0.038163, source_hit@10 = 0.0775, source_ndcg@10 = 0.0375, target_mrr = 0.050579, target_hit@10 = 0.1038, target_ndcg@10 = 0.0536

2024-08-14 22:22:16.210833: step 7904/12160 (epoch 52/80), loss = 1.575023 (43.983 sec/epoch), lr: 0.001362
Evaluating on dev set...
...........................
source: 	 mrr: 0.034696	 ndcg_5: 0.0250	 ndcg_10: 0.0352	 hit@1:0.010862	 hit@5:0.0391	 hit@10: 0.0702
target: 	 mrr: 0.053819	 ndcg_5: 0.0439	 ndcg_10: 0.0578	 hit@1:0.021603	 hit@5:0.0662	 hit@10: 0.1094
epoch 52: train_loss = 1.575023, source_mrr = 0.034696, source_hit@10 = 0.0702, source_ndcg@10 = 0.0352, target_mrr = 0.053819, target_hit@10 = 0.1094, target_ndcg@10 = 0.0578

2024-08-14 22:23:02.636616: step 8056/12160 (epoch 53/80), loss = 1.569316 (45.660 sec/epoch), lr: 0.001294
Evaluating on dev set...
...........................
source: 	 mrr: 0.040753	 ndcg_5: 0.0310	 ndcg_10: 0.0419	 hit@1:0.010138	 hit@5:0.0514	 hit@10: 0.0854
target: 	 mrr: 0.048564	 ndcg_5: 0.0369	 ndcg_10: 0.0521	 hit@1:0.017422	 hit@5:0.0551	 hit@10: 0.1017
epoch 53: train_loss = 1.569316, source_mrr = 0.040753, source_hit@10 = 0.0854, source_ndcg@10 = 0.0419, target_mrr = 0.048564, target_hit@10 = 0.1017, target_ndcg@10 = 0.0521

2024-08-14 22:23:49.592673: step 8208/12160 (epoch 54/80), loss = 1.563583 (46.328 sec/epoch), lr: 0.001294
Evaluating on dev set...
...........................
source: 	 mrr: 0.041236	 ndcg_5: 0.0313	 ndcg_10: 0.0418	 hit@1:0.010138	 hit@5:0.0514	 hit@10: 0.0847
target: 	 mrr: 0.050754	 ndcg_5: 0.0391	 ndcg_10: 0.0520	 hit@1:0.020906	 hit@5:0.0551	 hit@10: 0.0948
epoch 54: train_loss = 1.563583, source_mrr = 0.041236, source_hit@10 = 0.0847, source_ndcg@10 = 0.0418, target_mrr = 0.050754, target_hit@10 = 0.0948, target_ndcg@10 = 0.0520

2024-08-14 22:24:35.857445: step 8360/12160 (epoch 55/80), loss = 1.567307 (45.643 sec/epoch), lr: 0.001294
Evaluating on dev set...
...........................
source: 	 mrr: 0.036899	 ndcg_5: 0.0276	 ndcg_10: 0.0378	 hit@1:0.010138	 hit@5:0.0471	 hit@10: 0.0782
target: 	 mrr: 0.050664	 ndcg_5: 0.0394	 ndcg_10: 0.0519	 hit@1:0.020906	 hit@5:0.0578	 hit@10: 0.0962
epoch 55: train_loss = 1.567307, source_mrr = 0.036899, source_hit@10 = 0.0782, source_ndcg@10 = 0.0378, target_mrr = 0.050664, target_hit@10 = 0.0962, target_ndcg@10 = 0.0519

2024-08-14 22:25:22.055451: step 8512/12160 (epoch 56/80), loss = 1.562846 (45.523 sec/epoch), lr: 0.001229
Evaluating on dev set...
...........................
source: 	 mrr: 0.036593	 ndcg_5: 0.0271	 ndcg_10: 0.0363	 hit@1:0.010862	 hit@5:0.0449	 hit@10: 0.0739
target: 	 mrr: 0.049559	 ndcg_5: 0.0386	 ndcg_10: 0.0540	 hit@1:0.017422	 hit@5:0.0599	 hit@10: 0.1080
epoch 56: train_loss = 1.562846, source_mrr = 0.036593, source_hit@10 = 0.0739, source_ndcg@10 = 0.0363, target_mrr = 0.049559, target_hit@10 = 0.1080, target_ndcg@10 = 0.0540

2024-08-14 22:26:08.007138: step 8664/12160 (epoch 57/80), loss = 1.555867 (45.105 sec/epoch), lr: 0.001168
Evaluating on dev set...
...........................
source: 	 mrr: 0.038791	 ndcg_5: 0.0286	 ndcg_10: 0.0407	 hit@1:0.009413	 hit@5:0.0478	 hit@10: 0.0854
target: 	 mrr: 0.048278	 ndcg_5: 0.0371	 ndcg_10: 0.0521	 hit@1:0.016028	 hit@5:0.0578	 hit@10: 0.1038
epoch 57: train_loss = 1.555867, source_mrr = 0.038791, source_hit@10 = 0.0854, source_ndcg@10 = 0.0407, target_mrr = 0.048278, target_hit@10 = 0.1038, target_ndcg@10 = 0.0521

2024-08-14 22:26:54.672077: step 8816/12160 (epoch 58/80), loss = 1.558316 (46.029 sec/epoch), lr: 0.001168
Evaluating on dev set...
...........................
source: 	 mrr: 0.034604	 ndcg_5: 0.0254	 ndcg_10: 0.0338	 hit@1:0.010138	 hit@5:0.0420	 hit@10: 0.0688
target: 	 mrr: 0.047391	 ndcg_5: 0.0403	 ndcg_10: 0.0485	 hit@1:0.016725	 hit@5:0.0648	 hit@10: 0.0906
epoch 58: train_loss = 1.558316, source_mrr = 0.034604, source_hit@10 = 0.0688, source_ndcg@10 = 0.0338, target_mrr = 0.047391, target_hit@10 = 0.0906, target_ndcg@10 = 0.0485

2024-08-14 22:27:42.457543: step 8968/12160 (epoch 59/80), loss = 1.557674 (47.078 sec/epoch), lr: 0.001110
Evaluating on dev set...
...........................
source: 	 mrr: 0.036157	 ndcg_5: 0.0272	 ndcg_10: 0.0376	 hit@1:0.008689	 hit@5:0.0456	 hit@10: 0.0782
target: 	 mrr: 0.056732	 ndcg_5: 0.0456	 ndcg_10: 0.0609	 hit@1:0.022300	 hit@5:0.0669	 hit@10: 0.1150
epoch 59: train_loss = 1.557674, source_mrr = 0.036157, source_hit@10 = 0.0782, source_ndcg@10 = 0.0376, target_mrr = 0.056732, target_hit@10 = 0.1150, target_ndcg@10 = 0.0609

2024-08-14 22:28:29.269755: step 9120/12160 (epoch 60/80), loss = 1.553414 (46.120 sec/epoch), lr: 0.001110
Evaluating on dev set...
...........................
source: 	 mrr: 0.038691	 ndcg_5: 0.0303	 ndcg_10: 0.0387	 hit@1:0.014482	 hit@5:0.0478	 hit@10: 0.0739
target: 	 mrr: 0.058835	 ndcg_5: 0.0489	 ndcg_10: 0.0638	 hit@1:0.024390	 hit@5:0.0725	 hit@10: 0.1192
target best!
..............target: 	 mrr: 0.055848	 ndcg_5: 0.0454	 ndcg_10: 0.0610	 hit@1:0.019890	 hit@5:0.0693	 hit@10: 0.1173
epoch 60: train_loss = 1.553414, source_mrr = 0.038691, source_hit@10 = 0.0739, source_ndcg@10 = 0.0387, target_mrr = 0.055848, target_hit@10 = 0.1173, target_ndcg@10 = 0.0610

2024-08-14 22:29:16.367849: step 9272/12160 (epoch 61/80), loss = 1.546070 (46.140 sec/epoch), lr: 0.001110
Evaluating on dev set...
...........................
source: 	 mrr: 0.025139	 ndcg_5: 0.0185	 ndcg_10: 0.0240	 hit@1:0.002896	 hit@5:0.0340	 hit@10: 0.0514
target: 	 mrr: 0.052405	 ndcg_5: 0.0436	 ndcg_10: 0.0570	 hit@1:0.021603	 hit@5:0.0662	 hit@10: 0.1087
epoch 61: train_loss = 1.546070, source_mrr = 0.025139, source_hit@10 = 0.0514, source_ndcg@10 = 0.0240, target_mrr = 0.052405, target_hit@10 = 0.1087, target_ndcg@10 = 0.0570

2024-08-14 22:30:03.178560: step 9424/12160 (epoch 62/80), loss = 1.547474 (46.175 sec/epoch), lr: 0.001054
Evaluating on dev set...
...........................
source: 	 mrr: 0.037326	 ndcg_5: 0.0295	 ndcg_10: 0.0367	 hit@1:0.010862	 hit@5:0.0492	 hit@10: 0.0717
target: 	 mrr: 0.043623	 ndcg_5: 0.0344	 ndcg_10: 0.0483	 hit@1:0.013240	 hit@5:0.0564	 hit@10: 0.0997
epoch 62: train_loss = 1.547474, source_mrr = 0.037326, source_hit@10 = 0.0717, source_ndcg@10 = 0.0367, target_mrr = 0.043623, target_hit@10 = 0.0997, target_ndcg@10 = 0.0483

2024-08-14 22:30:49.520565: step 9576/12160 (epoch 63/80), loss = 1.545653 (45.693 sec/epoch), lr: 0.001054
Evaluating on dev set...
...........................
source: 	 mrr: 0.039111	 ndcg_5: 0.0301	 ndcg_10: 0.0392	 hit@1:0.013034	 hit@5:0.0456	 hit@10: 0.0746
target: 	 mrr: 0.043537	 ndcg_5: 0.0373	 ndcg_10: 0.0483	 hit@1:0.010453	 hit@5:0.0648	 hit@10: 0.0997
epoch 63: train_loss = 1.545653, source_mrr = 0.039111, source_hit@10 = 0.0746, source_ndcg@10 = 0.0392, target_mrr = 0.043537, target_hit@10 = 0.0997, target_ndcg@10 = 0.0483

2024-08-14 22:31:35.190144: step 9728/12160 (epoch 64/80), loss = 1.544841 (44.998 sec/epoch), lr: 0.001054
Evaluating on dev set...
...........................
source: 	 mrr: 0.030885	 ndcg_5: 0.0210	 ndcg_10: 0.0296	 hit@1:0.007965	 hit@5:0.0348	 hit@10: 0.0623
target: 	 mrr: 0.044116	 ndcg_5: 0.0358	 ndcg_10: 0.0491	 hit@1:0.011847	 hit@5:0.0613	 hit@10: 0.1031
epoch 64: train_loss = 1.544841, source_mrr = 0.030885, source_hit@10 = 0.0623, source_ndcg@10 = 0.0296, target_mrr = 0.044116, target_hit@10 = 0.1031, target_ndcg@10 = 0.0491

2024-08-14 22:32:21.961104: step 9880/12160 (epoch 65/80), loss = 1.542023 (46.120 sec/epoch), lr: 0.001001
Evaluating on dev set...
...........................
source: 	 mrr: 0.037564	 ndcg_5: 0.0292	 ndcg_10: 0.0383	 hit@1:0.013034	 hit@5:0.0463	 hit@10: 0.0746
target: 	 mrr: 0.046577	 ndcg_5: 0.0382	 ndcg_10: 0.0511	 hit@1:0.014634	 hit@5:0.0634	 hit@10: 0.1045
epoch 65: train_loss = 1.542023, source_mrr = 0.037564, source_hit@10 = 0.0746, source_ndcg@10 = 0.0383, target_mrr = 0.046577, target_hit@10 = 0.1045, target_ndcg@10 = 0.0511

2024-08-14 22:33:08.312640: step 10032/12160 (epoch 66/80), loss = 1.536016 (45.657 sec/epoch), lr: 0.001001
Evaluating on dev set...
...........................
source: 	 mrr: 0.036577	 ndcg_5: 0.0283	 ndcg_10: 0.0368	 hit@1:0.010862	 hit@5:0.0449	 hit@10: 0.0717
target: 	 mrr: 0.049285	 ndcg_5: 0.0391	 ndcg_10: 0.0526	 hit@1:0.016725	 hit@5:0.0620	 hit@10: 0.1045
epoch 66: train_loss = 1.536016, source_mrr = 0.036577, source_hit@10 = 0.0717, source_ndcg@10 = 0.0368, target_mrr = 0.049285, target_hit@10 = 0.1045, target_ndcg@10 = 0.0526

2024-08-14 22:33:55.430284: step 10184/12160 (epoch 67/80), loss = 1.536011 (46.473 sec/epoch), lr: 0.001001
Evaluating on dev set...
...........................
source: 	 mrr: 0.045693	 ndcg_5: 0.0367	 ndcg_10: 0.0453	 hit@1:0.017379	 hit@5:0.0536	 hit@10: 0.0811
target: 	 mrr: 0.053091	 ndcg_5: 0.0439	 ndcg_10: 0.0573	 hit@1:0.020209	 hit@5:0.0676	 hit@10: 0.1087
source best!
.............
source: 	 mrr: 0.037835	 ndcg_5: 0.0274	 ndcg_10: 0.0362	 hit@1:0.012270	 hit@5:0.0422	 hit@10: 0.0690
epoch 67: train_loss = 1.536011, source_mrr = 0.037835, source_hit@10 = 0.0690, source_ndcg@10 = 0.0362, target_mrr = 0.053091, target_hit@10 = 0.1087, target_ndcg@10 = 0.0573

2024-08-14 22:34:42.827000: step 10336/12160 (epoch 68/80), loss = 1.530842 (46.547 sec/epoch), lr: 0.001001
Evaluating on dev set...
...........................
source: 	 mrr: 0.039835	 ndcg_5: 0.0289	 ndcg_10: 0.0392	 hit@1:0.011586	 hit@5:0.0456	 hit@10: 0.0782
target: 	 mrr: 0.051186	 ndcg_5: 0.0412	 ndcg_10: 0.0568	 hit@1:0.018815	 hit@5:0.0648	 hit@10: 0.1136
epoch 68: train_loss = 1.530842, source_mrr = 0.039835, source_hit@10 = 0.0782, source_ndcg@10 = 0.0392, target_mrr = 0.051186, target_hit@10 = 0.1136, target_ndcg@10 = 0.0568

2024-08-14 22:35:29.582166: step 10488/12160 (epoch 69/80), loss = 1.529411 (45.873 sec/epoch), lr: 0.000951
Evaluating on dev set...
...........................
source: 	 mrr: 0.030790	 ndcg_5: 0.0216	 ndcg_10: 0.0303	 hit@1:0.008689	 hit@5:0.0340	 hit@10: 0.0608
target: 	 mrr: 0.050982	 ndcg_5: 0.0434	 ndcg_10: 0.0558	 hit@1:0.019512	 hit@5:0.0676	 hit@10: 0.1066
epoch 69: train_loss = 1.529411, source_mrr = 0.030790, source_hit@10 = 0.0608, source_ndcg@10 = 0.0303, target_mrr = 0.050982, target_hit@10 = 0.1066, target_ndcg@10 = 0.0558

2024-08-14 22:36:16.093004: step 10640/12160 (epoch 70/80), loss = 1.526885 (45.816 sec/epoch), lr: 0.000904
Evaluating on dev set...
...........................
source: 	 mrr: 0.032615	 ndcg_5: 0.0225	 ndcg_10: 0.0308	 hit@1:0.009413	 hit@5:0.0355	 hit@10: 0.0615
target: 	 mrr: 0.054189	 ndcg_5: 0.0460	 ndcg_10: 0.0581	 hit@1:0.020209	 hit@5:0.0725	 hit@10: 0.1101
epoch 70: train_loss = 1.526885, source_mrr = 0.032615, source_hit@10 = 0.0615, source_ndcg@10 = 0.0308, target_mrr = 0.054189, target_hit@10 = 0.1101, target_ndcg@10 = 0.0581

2024-08-14 22:37:02.584057: step 10792/12160 (epoch 71/80), loss = 1.522522 (45.816 sec/epoch), lr: 0.000904
Evaluating on dev set...
...........................
source: 	 mrr: 0.033284	 ndcg_5: 0.0239	 ndcg_10: 0.0301	 hit@1:0.010862	 hit@5:0.0362	 hit@10: 0.0558
target: 	 mrr: 0.047477	 ndcg_5: 0.0388	 ndcg_10: 0.0511	 hit@1:0.016028	 hit@5:0.0627	 hit@10: 0.1010
epoch 71: train_loss = 1.522522, source_mrr = 0.033284, source_hit@10 = 0.0558, source_ndcg@10 = 0.0301, target_mrr = 0.047477, target_hit@10 = 0.1010, target_ndcg@10 = 0.0511

2024-08-14 22:37:49.119072: step 10944/12160 (epoch 72/80), loss = 1.517615 (45.862 sec/epoch), lr: 0.000859
Evaluating on dev set...
...........................
source: 	 mrr: 0.043483	 ndcg_5: 0.0325	 ndcg_10: 0.0434	 hit@1:0.015206	 hit@5:0.0500	 hit@10: 0.0833
target: 	 mrr: 0.051730	 ndcg_5: 0.0436	 ndcg_10: 0.0570	 hit@1:0.014634	 hit@5:0.0718	 hit@10: 0.1136
epoch 72: train_loss = 1.517615, source_mrr = 0.043483, source_hit@10 = 0.0833, source_ndcg@10 = 0.0434, target_mrr = 0.051730, target_hit@10 = 0.1136, target_ndcg@10 = 0.0570

2024-08-14 22:38:35.386649: step 11096/12160 (epoch 73/80), loss = 1.515923 (45.594 sec/epoch), lr: 0.000859
Evaluating on dev set...
...........................
source: 	 mrr: 0.041610	 ndcg_5: 0.0320	 ndcg_10: 0.0412	 hit@1:0.016655	 hit@5:0.0478	 hit@10: 0.0768
target: 	 mrr: 0.050288	 ndcg_5: 0.0415	 ndcg_10: 0.0529	 hit@1:0.019512	 hit@5:0.0641	 hit@10: 0.0997
epoch 73: train_loss = 1.515923, source_mrr = 0.041610, source_hit@10 = 0.0768, source_ndcg@10 = 0.0412, target_mrr = 0.050288, target_hit@10 = 0.0997, target_ndcg@10 = 0.0529

2024-08-14 22:39:22.108370: step 11248/12160 (epoch 74/80), loss = 1.515229 (46.101 sec/epoch), lr: 0.000816
Evaluating on dev set...
...........................
source: 	 mrr: 0.038964	 ndcg_5: 0.0277	 ndcg_10: 0.0374	 hit@1:0.018103	 hit@5:0.0362	 hit@10: 0.0666
target: 	 mrr: 0.045660	 ndcg_5: 0.0354	 ndcg_10: 0.0467	 hit@1:0.016725	 hit@5:0.0544	 hit@10: 0.0899
epoch 74: train_loss = 1.515229, source_mrr = 0.038964, source_hit@10 = 0.0666, source_ndcg@10 = 0.0374, target_mrr = 0.045660, target_hit@10 = 0.0899, target_ndcg@10 = 0.0467

2024-08-14 22:40:08.754899: step 11400/12160 (epoch 75/80), loss = 1.509559 (46.012 sec/epoch), lr: 0.000775
Evaluating on dev set...
...........................
source: 	 mrr: 0.043374	 ndcg_5: 0.0346	 ndcg_10: 0.0448	 hit@1:0.015930	 hit@5:0.0529	 hit@10: 0.0847
target: 	 mrr: 0.053431	 ndcg_5: 0.0448	 ndcg_10: 0.0574	 hit@1:0.019512	 hit@5:0.0711	 hit@10: 0.1101
epoch 75: train_loss = 1.509559, source_mrr = 0.043374, source_hit@10 = 0.0847, source_ndcg@10 = 0.0448, target_mrr = 0.053431, target_hit@10 = 0.1101, target_ndcg@10 = 0.0574

2024-08-14 22:40:55.812357: step 11552/12160 (epoch 76/80), loss = 1.510921 (46.430 sec/epoch), lr: 0.000775
Evaluating on dev set...
...........................
source: 	 mrr: 0.037600	 ndcg_5: 0.0274	 ndcg_10: 0.0398	 hit@1:0.009413	 hit@5:0.0442	 hit@10: 0.0825
target: 	 mrr: 0.050038	 ndcg_5: 0.0412	 ndcg_10: 0.0562	 hit@1:0.015331	 hit@5:0.0683	 hit@10: 0.1150
epoch 76: train_loss = 1.510921, source_mrr = 0.037600, source_hit@10 = 0.0825, source_ndcg@10 = 0.0398, target_mrr = 0.050038, target_hit@10 = 0.1150, target_ndcg@10 = 0.0562

2024-08-14 22:41:41.989399: step 11704/12160 (epoch 77/80), loss = 1.507488 (45.523 sec/epoch), lr: 0.000736
Evaluating on dev set...
...........................
source: 	 mrr: 0.030925	 ndcg_5: 0.0236	 ndcg_10: 0.0304	 hit@1:0.009413	 hit@5:0.0377	 hit@10: 0.0587
target: 	 mrr: 0.051775	 ndcg_5: 0.0433	 ndcg_10: 0.0540	 hit@1:0.019512	 hit@5:0.0669	 hit@10: 0.1003
epoch 77: train_loss = 1.507488, source_mrr = 0.030925, source_hit@10 = 0.0587, source_ndcg@10 = 0.0304, target_mrr = 0.051775, target_hit@10 = 0.1003, target_ndcg@10 = 0.0540

2024-08-14 22:42:28.055907: step 11856/12160 (epoch 78/80), loss = 1.503401 (45.428 sec/epoch), lr: 0.000699
Evaluating on dev set...
...........................
source: 	 mrr: 0.039419	 ndcg_5: 0.0275	 ndcg_10: 0.0393	 hit@1:0.013034	 hit@5:0.0420	 hit@10: 0.0797
target: 	 mrr: 0.057490	 ndcg_5: 0.0475	 ndcg_10: 0.0617	 hit@1:0.024390	 hit@5:0.0704	 hit@10: 0.1150
epoch 78: train_loss = 1.503401, source_mrr = 0.039419, source_hit@10 = 0.0797, source_ndcg@10 = 0.0393, target_mrr = 0.057490, target_hit@10 = 0.1150, target_ndcg@10 = 0.0617

2024-08-14 22:43:13.622161: step 12008/12160 (epoch 79/80), loss = 1.503781 (44.904 sec/epoch), lr: 0.000699
Evaluating on dev set...
...........................
source: 	 mrr: 0.030518	 ndcg_5: 0.0219	 ndcg_10: 0.0296	 hit@1:0.009413	 hit@5:0.0340	 hit@10: 0.0579
target: 	 mrr: 0.054642	 ndcg_5: 0.0456	 ndcg_10: 0.0584	 hit@1:0.022300	 hit@5:0.0711	 hit@10: 0.1108
epoch 79: train_loss = 1.503781, source_mrr = 0.030518, source_hit@10 = 0.0579, source_ndcg@10 = 0.0296, target_mrr = 0.054642, target_hit@10 = 0.1108, target_ndcg@10 = 0.0584

2024-08-14 22:43:56.568229: step 12160/12160 (epoch 80/80), loss = 1.498657 (42.324 sec/epoch), lr: 0.000664
Evaluating on dev set...
...........................
source: 	 mrr: 0.037126	 ndcg_5: 0.0265	 ndcg_10: 0.0373	 hit@1:0.013758	 hit@5:0.0406	 hit@10: 0.0746
target: 	 mrr: 0.051742	 ndcg_5: 0.0416	 ndcg_10: 0.0568	 hit@1:0.017422	 hit@5:0.0662	 hit@10: 0.1136
epoch 80: train_loss = 1.498657, source_mrr = 0.037126, source_hit@10 = 0.0746, source_ndcg@10 = 0.0373, target_mrr = 0.051742, target_hit@10 = 0.1136, target_ndcg@10 = 0.0568

source best:  source_mrr = 0.040506, source_hit@10 = 0.0869, source_ndcg@10 = 0.0425
target best:  target_mrr = 0.056299, target_hit@10 = 0.1261, target_ndcg@10 = 0.0638
