using gpu:3 to train the model
using gpu:3 to train the model
cuda:3
Namespace(A_split=False, JK='sum', a_fold=100, aggregate=False, alpha=0.6, batch_size=2048, beta_inter=0.2, conv_layers=4, cuda=True, decay_epoch=10, device=device(type='cuda', index=3), device_id='3', domains='game_video', dropout=0.4, epoch=80, feature_dim=126, gamma_intra=0.8, hidden_dim=126, inter_tau=0.2, intra_tau=0.4, lambda_critic=0.1, leakey=0.05, load=False, log='logs.txt', log_epoch=1, lr=0.004, lr_decay=0.95, min_epoch=60, mode='train', model_file=None, model_name='gv', momentum=0.98, num_latent_factors=3, num_negative=100, optim='adam', patience=20, proj_layers=1, projection=1, rectify_epoch=40, residual=1, save=False, save_dir='./saved_models', seed=32, similarity_tau=0.2, step=5, test_sample_number=999, user_batch_size=256, weight_decay=0.0002)
number_user 25025
number_item 12319
real graph loaded!
number_user 19457
number_item 8751
real graph loaded!
graph loaded!
Loading data from game_video with batch size 2048...
unseen test: 0
test length: 1381
unseen test: 0
test length: 1304
unseen test: 0
test length: 1435
unseen test: 0
test length: 1458
source_user_num 25025
target_user_num 19457
source_item_num 12319
target_item_num 8751
shared users id: 1737
test users 226, 217
unseen test: 0
dev length: 1000
unseen test: 0
dev length: 1000
source train data : 155036, target train data: 156091, source test data : 1304, target test data : 1458, source dev data : 1000, target dev data : 1000
2024-08-15 04:15:16.490716: step 152/12160 (epoch 1/80), loss = 2.327027 (44.455 sec/epoch), lr: 0.004000
Evaluating on dev set...
...........................
source: 	 mrr: 0.025266	 ndcg_5: 0.0150	 ndcg_10: 0.0195	 hit@1:0.009413	 hit@5:0.0203	 hit@10: 0.0348
target: 	 mrr: 0.028527	 ndcg_5: 0.0203	 ndcg_10: 0.0287	 hit@1:0.008362	 hit@5:0.0321	 hit@10: 0.0585
source best!
.............
source: 	 mrr: 0.024753	 ndcg_5: 0.0163	 ndcg_10: 0.0217	 hit@1:0.005368	 hit@5:0.0261	 hit@10: 0.0429
target best!
..............target: 	 mrr: 0.031657	 ndcg_5: 0.0242	 ndcg_10: 0.0293	 hit@1:0.012346	 hit@5:0.0357	 hit@10: 0.0521
epoch 1: train_loss = 2.327027, source_mrr = 0.024753, source_hit@10 = 0.0429, source_ndcg@10 = 0.0217, target_mrr = 0.031657, target_hit@10 = 0.0521, target_ndcg@10 = 0.0293

2024-08-15 04:16:03.512099: step 304/12160 (epoch 2/80), loss = 1.955929 (45.864 sec/epoch), lr: 0.004000
Evaluating on dev set...
...........................
source: 	 mrr: 0.031718	 ndcg_5: 0.0210	 ndcg_10: 0.0311	 hit@1:0.005793	 hit@5:0.0369	 hit@10: 0.0681
target: 	 mrr: 0.027306	 ndcg_5: 0.0182	 ndcg_10: 0.0250	 hit@1:0.009756	 hit@5:0.0272	 hit@10: 0.0481
source best!
.............
source: 	 mrr: 0.031959	 ndcg_5: 0.0213	 ndcg_10: 0.0316	 hit@1:0.006902	 hit@5:0.0368	 hit@10: 0.0690
epoch 2: train_loss = 1.955929, source_mrr = 0.031959, source_hit@10 = 0.0690, source_ndcg@10 = 0.0316, target_mrr = 0.027306, target_hit@10 = 0.0481, target_ndcg@10 = 0.0250

2024-08-15 04:16:48.981132: step 456/12160 (epoch 3/80), loss = 1.898069 (44.387 sec/epoch), lr: 0.004000
Evaluating on dev set...
...........................
source: 	 mrr: 0.034556	 ndcg_5: 0.0211	 ndcg_10: 0.0336	 hit@1:0.007965	 hit@5:0.0355	 hit@10: 0.0746
target: 	 mrr: 0.035078	 ndcg_5: 0.0250	 ndcg_10: 0.0332	 hit@1:0.012544	 hit@5:0.0376	 hit@10: 0.0634
source best!
.............
source: 	 mrr: 0.034894	 ndcg_5: 0.0226	 ndcg_10: 0.0355	 hit@1:0.006135	 hit@5:0.0391	 hit@10: 0.0798
target best!
..............target: 	 mrr: 0.038126	 ndcg_5: 0.0298	 ndcg_10: 0.0373	 hit@1:0.013717	 hit@5:0.0453	 hit@10: 0.0686
epoch 3: train_loss = 1.898069, source_mrr = 0.034894, source_hit@10 = 0.0798, source_ndcg@10 = 0.0355, target_mrr = 0.038126, target_hit@10 = 0.0686, target_ndcg@10 = 0.0373

2024-08-15 04:17:35.093641: step 608/12160 (epoch 4/80), loss = 1.875294 (44.921 sec/epoch), lr: 0.004000
Evaluating on dev set...
...........................
source: 	 mrr: 0.037227	 ndcg_5: 0.0270	 ndcg_10: 0.0365	 hit@1:0.010862	 hit@5:0.0434	 hit@10: 0.0731
target: 	 mrr: 0.048300	 ndcg_5: 0.0399	 ndcg_10: 0.0517	 hit@1:0.018815	 hit@5:0.0634	 hit@10: 0.1003
source best!
.............
source: 	 mrr: 0.034730	 ndcg_5: 0.0246	 ndcg_10: 0.0335	 hit@1:0.009969	 hit@5:0.0399	 hit@10: 0.0675
target best!
..............target: 	 mrr: 0.046604	 ndcg_5: 0.0363	 ndcg_10: 0.0525	 hit@1:0.013717	 hit@5:0.0590	 hit@10: 0.1097
epoch 4: train_loss = 1.875294, source_mrr = 0.034730, source_hit@10 = 0.0675, source_ndcg@10 = 0.0335, target_mrr = 0.046604, target_hit@10 = 0.1097, target_ndcg@10 = 0.0525

2024-08-15 04:18:20.684986: step 760/12160 (epoch 5/80), loss = 1.861355 (44.409 sec/epoch), lr: 0.004000
Evaluating on dev set...
...........................
source: 	 mrr: 0.036019	 ndcg_5: 0.0251	 ndcg_10: 0.0341	 hit@1:0.011586	 hit@5:0.0398	 hit@10: 0.0681
target: 	 mrr: 0.052385	 ndcg_5: 0.0461	 ndcg_10: 0.0563	 hit@1:0.017422	 hit@5:0.0753	 hit@10: 0.1073
target best!
..............target: 	 mrr: 0.053075	 ndcg_5: 0.0454	 ndcg_10: 0.0591	 hit@1:0.017147	 hit@5:0.0748	 hit@10: 0.1166
epoch 5: train_loss = 1.861355, source_mrr = 0.036019, source_hit@10 = 0.0681, source_ndcg@10 = 0.0341, target_mrr = 0.053075, target_hit@10 = 0.1166, target_ndcg@10 = 0.0591

2024-08-15 04:19:06.101959: step 912/12160 (epoch 6/80), loss = 1.838805 (44.493 sec/epoch), lr: 0.004000
Evaluating on dev set...
...........................
source: 	 mrr: 0.035780	 ndcg_5: 0.0252	 ndcg_10: 0.0340	 hit@1:0.010862	 hit@5:0.0369	 hit@10: 0.0637
target: 	 mrr: 0.030658	 ndcg_5: 0.0227	 ndcg_10: 0.0310	 hit@1:0.009059	 hit@5:0.0369	 hit@10: 0.0627
epoch 6: train_loss = 1.838805, source_mrr = 0.035780, source_hit@10 = 0.0637, source_ndcg@10 = 0.0340, target_mrr = 0.030658, target_hit@10 = 0.0627, target_ndcg@10 = 0.0310

2024-08-15 04:19:52.804574: step 1064/12160 (epoch 7/80), loss = 1.808732 (46.025 sec/epoch), lr: 0.004000
Evaluating on dev set...
...........................
source: 	 mrr: 0.035675	 ndcg_5: 0.0265	 ndcg_10: 0.0364	 hit@1:0.008689	 hit@5:0.0456	 hit@10: 0.0768
target: 	 mrr: 0.043925	 ndcg_5: 0.0349	 ndcg_10: 0.0454	 hit@1:0.016725	 hit@5:0.0557	 hit@10: 0.0885
epoch 7: train_loss = 1.808732, source_mrr = 0.035675, source_hit@10 = 0.0768, source_ndcg@10 = 0.0364, target_mrr = 0.043925, target_hit@10 = 0.0885, target_ndcg@10 = 0.0454

2024-08-15 04:20:40.370491: step 1216/12160 (epoch 8/80), loss = 1.774909 (46.883 sec/epoch), lr: 0.004000
Evaluating on dev set...
...........................
source: 	 mrr: 0.027264	 ndcg_5: 0.0189	 ndcg_10: 0.0270	 hit@1:0.005793	 hit@5:0.0319	 hit@10: 0.0572
target: 	 mrr: 0.046440	 ndcg_5: 0.0360	 ndcg_10: 0.0522	 hit@1:0.014634	 hit@5:0.0557	 hit@10: 0.1066
epoch 8: train_loss = 1.774909, source_mrr = 0.027264, source_hit@10 = 0.0572, source_ndcg@10 = 0.0270, target_mrr = 0.046440, target_hit@10 = 0.1066, target_ndcg@10 = 0.0522

2024-08-15 04:21:26.853574: step 1368/12160 (epoch 9/80), loss = 1.755310 (45.749 sec/epoch), lr: 0.004000
Evaluating on dev set...
...........................
source: 	 mrr: 0.028845	 ndcg_5: 0.0197	 ndcg_10: 0.0280	 hit@1:0.008689	 hit@5:0.0311	 hit@10: 0.0565
target: 	 mrr: 0.043217	 ndcg_5: 0.0339	 ndcg_10: 0.0463	 hit@1:0.013240	 hit@5:0.0551	 hit@10: 0.0941
epoch 9: train_loss = 1.755310, source_mrr = 0.028845, source_hit@10 = 0.0565, source_ndcg@10 = 0.0280, target_mrr = 0.043217, target_hit@10 = 0.0941, target_ndcg@10 = 0.0463

2024-08-15 04:22:14.296527: step 1520/12160 (epoch 10/80), loss = 1.742606 (46.596 sec/epoch), lr: 0.004000
Evaluating on dev set...
...........................
source: 	 mrr: 0.034401	 ndcg_5: 0.0251	 ndcg_10: 0.0319	 hit@1:0.012310	 hit@5:0.0391	 hit@10: 0.0601
target: 	 mrr: 0.046998	 ndcg_5: 0.0392	 ndcg_10: 0.0521	 hit@1:0.012544	 hit@5:0.0662	 hit@10: 0.1066
epoch 10: train_loss = 1.742606, source_mrr = 0.034401, source_hit@10 = 0.0601, source_ndcg@10 = 0.0319, target_mrr = 0.046998, target_hit@10 = 0.1066, target_ndcg@10 = 0.0521

2024-08-15 04:23:01.046696: step 1672/12160 (epoch 11/80), loss = 1.739966 (46.119 sec/epoch), lr: 0.004000
Evaluating on dev set...
...........................
source: 	 mrr: 0.033482	 ndcg_5: 0.0253	 ndcg_10: 0.0337	 hit@1:0.007965	 hit@5:0.0434	 hit@10: 0.0695
target: 	 mrr: 0.039204	 ndcg_5: 0.0315	 ndcg_10: 0.0407	 hit@1:0.010453	 hit@5:0.0537	 hit@10: 0.0822
epoch 11: train_loss = 1.739966, source_mrr = 0.033482, source_hit@10 = 0.0695, source_ndcg@10 = 0.0337, target_mrr = 0.039204, target_hit@10 = 0.0822, target_ndcg@10 = 0.0407

2024-08-15 04:23:47.648598: step 1824/12160 (epoch 12/80), loss = 1.727759 (45.970 sec/epoch), lr: 0.003800
Evaluating on dev set...
...........................
source: 	 mrr: 0.021038	 ndcg_5: 0.0130	 ndcg_10: 0.0182	 hit@1:0.005793	 hit@5:0.0203	 hit@10: 0.0369
target: 	 mrr: 0.055774	 ndcg_5: 0.0482	 ndcg_10: 0.0636	 hit@1:0.020209	 hit@5:0.0767	 hit@10: 0.1247
target best!
..............target: 	 mrr: 0.056254	 ndcg_5: 0.0501	 ndcg_10: 0.0633	 hit@1:0.019204	 hit@5:0.0830	 hit@10: 0.1241
epoch 12: train_loss = 1.727759, source_mrr = 0.021038, source_hit@10 = 0.0369, source_ndcg@10 = 0.0182, target_mrr = 0.056254, target_hit@10 = 0.1241, target_ndcg@10 = 0.0633

2024-08-15 04:24:34.895765: step 1976/12160 (epoch 13/80), loss = 1.726327 (46.234 sec/epoch), lr: 0.003800
Evaluating on dev set...
...........................
source: 	 mrr: 0.022596	 ndcg_5: 0.0166	 ndcg_10: 0.0211	 hit@1:0.005069	 hit@5:0.0282	 hit@10: 0.0420
target: 	 mrr: 0.038585	 ndcg_5: 0.0270	 ndcg_10: 0.0431	 hit@1:0.011847	 hit@5:0.0439	 hit@10: 0.0948
epoch 13: train_loss = 1.726327, source_mrr = 0.022596, source_hit@10 = 0.0420, source_ndcg@10 = 0.0211, target_mrr = 0.038585, target_hit@10 = 0.0948, target_ndcg@10 = 0.0431

2024-08-15 04:25:21.360095: step 2128/12160 (epoch 14/80), loss = 1.720406 (45.759 sec/epoch), lr: 0.003610
Evaluating on dev set...
...........................
source: 	 mrr: 0.027328	 ndcg_5: 0.0172	 ndcg_10: 0.0260	 hit@1:0.009413	 hit@5:0.0253	 hit@10: 0.0529
target: 	 mrr: 0.049988	 ndcg_5: 0.0408	 ndcg_10: 0.0533	 hit@1:0.017422	 hit@5:0.0634	 hit@10: 0.1024
epoch 14: train_loss = 1.720406, source_mrr = 0.027328, source_hit@10 = 0.0529, source_ndcg@10 = 0.0260, target_mrr = 0.049988, target_hit@10 = 0.1024, target_ndcg@10 = 0.0533

2024-08-15 04:26:08.256704: step 2280/12160 (epoch 15/80), loss = 1.715066 (46.229 sec/epoch), lr: 0.003610
Evaluating on dev set...
...........................
source: 	 mrr: 0.025713	 ndcg_5: 0.0161	 ndcg_10: 0.0240	 hit@1:0.004345	 hit@5:0.0268	 hit@10: 0.0514
target: 	 mrr: 0.054887	 ndcg_5: 0.0432	 ndcg_10: 0.0578	 hit@1:0.022300	 hit@5:0.0634	 hit@10: 0.1087
epoch 15: train_loss = 1.715066, source_mrr = 0.025713, source_hit@10 = 0.0514, source_ndcg@10 = 0.0240, target_mrr = 0.054887, target_hit@10 = 0.1087, target_ndcg@10 = 0.0578

2024-08-15 04:26:56.250384: step 2432/12160 (epoch 16/80), loss = 1.710808 (47.149 sec/epoch), lr: 0.003610
Evaluating on dev set...
...........................
source: 	 mrr: 0.017127	 ndcg_5: 0.0100	 ndcg_10: 0.0151	 hit@1:0.002896	 hit@5:0.0174	 hit@10: 0.0333
target: 	 mrr: 0.044376	 ndcg_5: 0.0339	 ndcg_10: 0.0454	 hit@1:0.013937	 hit@5:0.0530	 hit@10: 0.0885
epoch 16: train_loss = 1.710808, source_mrr = 0.017127, source_hit@10 = 0.0333, source_ndcg@10 = 0.0151, target_mrr = 0.044376, target_hit@10 = 0.0885, target_ndcg@10 = 0.0454

2024-08-15 04:27:43.366711: step 2584/12160 (epoch 17/80), loss = 1.703321 (46.462 sec/epoch), lr: 0.003429
Evaluating on dev set...
...........................
source: 	 mrr: 0.021671	 ndcg_5: 0.0140	 ndcg_10: 0.0211	 hit@1:0.005793	 hit@5:0.0224	 hit@10: 0.0449
target: 	 mrr: 0.039286	 ndcg_5: 0.0304	 ndcg_10: 0.0406	 hit@1:0.011150	 hit@5:0.0502	 hit@10: 0.0822
epoch 17: train_loss = 1.703321, source_mrr = 0.021671, source_hit@10 = 0.0449, source_ndcg@10 = 0.0211, target_mrr = 0.039286, target_hit@10 = 0.0822, target_ndcg@10 = 0.0406

2024-08-15 04:28:30.199274: step 2736/12160 (epoch 18/80), loss = 1.698746 (46.059 sec/epoch), lr: 0.003258
Evaluating on dev set...
...........................
source: 	 mrr: 0.027221	 ndcg_5: 0.0192	 ndcg_10: 0.0254	 hit@1:0.007965	 hit@5:0.0311	 hit@10: 0.0500
target: 	 mrr: 0.054288	 ndcg_5: 0.0440	 ndcg_10: 0.0581	 hit@1:0.022997	 hit@5:0.0655	 hit@10: 0.1094
epoch 18: train_loss = 1.698746, source_mrr = 0.027221, source_hit@10 = 0.0500, source_ndcg@10 = 0.0254, target_mrr = 0.054288, target_hit@10 = 0.1094, target_ndcg@10 = 0.0581

2024-08-15 04:29:17.915208: step 2888/12160 (epoch 19/80), loss = 1.694824 (47.067 sec/epoch), lr: 0.003258
Evaluating on dev set...
...........................
source: 	 mrr: 0.026579	 ndcg_5: 0.0174	 ndcg_10: 0.0249	 hit@1:0.007241	 hit@5:0.0282	 hit@10: 0.0514
target: 	 mrr: 0.046386	 ndcg_5: 0.0370	 ndcg_10: 0.0490	 hit@1:0.014634	 hit@5:0.0599	 hit@10: 0.0969
epoch 19: train_loss = 1.694824, source_mrr = 0.026579, source_hit@10 = 0.0514, source_ndcg@10 = 0.0249, target_mrr = 0.046386, target_hit@10 = 0.0969, target_ndcg@10 = 0.0490

2024-08-15 04:30:05.204275: step 3040/12160 (epoch 20/80), loss = 1.688862 (46.640 sec/epoch), lr: 0.003095
Evaluating on dev set...
...........................
source: 	 mrr: 0.025105	 ndcg_5: 0.0159	 ndcg_10: 0.0226	 hit@1:0.008689	 hit@5:0.0224	 hit@10: 0.0427
target: 	 mrr: 0.058494	 ndcg_5: 0.0534	 ndcg_10: 0.0659	 hit@1:0.021603	 hit@5:0.0836	 hit@10: 0.1233
target best!
..............target: 	 mrr: 0.053161	 ndcg_5: 0.0443	 ndcg_10: 0.0589	 hit@1:0.017833	 hit@5:0.0700	 hit@10: 0.1152
epoch 20: train_loss = 1.688862, source_mrr = 0.025105, source_hit@10 = 0.0427, source_ndcg@10 = 0.0226, target_mrr = 0.053161, target_hit@10 = 0.1152, target_ndcg@10 = 0.0589

2024-08-15 04:30:51.644217: step 3192/12160 (epoch 21/80), loss = 1.684109 (45.498 sec/epoch), lr: 0.003095
Evaluating on dev set...
...........................
source: 	 mrr: 0.025180	 ndcg_5: 0.0179	 ndcg_10: 0.0237	 hit@1:0.005069	 hit@5:0.0319	 hit@10: 0.0492
target: 	 mrr: 0.044924	 ndcg_5: 0.0369	 ndcg_10: 0.0501	 hit@1:0.009756	 hit@5:0.0641	 hit@10: 0.1045
epoch 21: train_loss = 1.684109, source_mrr = 0.025180, source_hit@10 = 0.0492, source_ndcg@10 = 0.0237, target_mrr = 0.044924, target_hit@10 = 0.1045, target_ndcg@10 = 0.0501

2024-08-15 04:31:38.034743: step 3344/12160 (epoch 22/80), loss = 1.681382 (45.754 sec/epoch), lr: 0.002940
Evaluating on dev set...
...........................
source: 	 mrr: 0.016352	 ndcg_5: 0.0102	 ndcg_10: 0.0131	 hit@1:0.003621	 hit@5:0.0181	 hit@10: 0.0275
target: 	 mrr: 0.052995	 ndcg_5: 0.0408	 ndcg_10: 0.0574	 hit@1:0.021603	 hit@5:0.0606	 hit@10: 0.1122
epoch 22: train_loss = 1.681382, source_mrr = 0.016352, source_hit@10 = 0.0275, source_ndcg@10 = 0.0131, target_mrr = 0.052995, target_hit@10 = 0.1122, target_ndcg@10 = 0.0574

2024-08-15 04:32:24.561445: step 3496/12160 (epoch 23/80), loss = 1.673079 (45.845 sec/epoch), lr: 0.002793
Evaluating on dev set...
...........................
source: 	 mrr: 0.018786	 ndcg_5: 0.0124	 ndcg_10: 0.0187	 hit@1:0.002896	 hit@5:0.0224	 hit@10: 0.0427
target: 	 mrr: 0.042170	 ndcg_5: 0.0314	 ndcg_10: 0.0450	 hit@1:0.010453	 hit@5:0.0523	 hit@10: 0.0941
epoch 23: train_loss = 1.673079, source_mrr = 0.018786, source_hit@10 = 0.0427, source_ndcg@10 = 0.0187, target_mrr = 0.042170, target_hit@10 = 0.0941, target_ndcg@10 = 0.0450

2024-08-15 04:33:12.237586: step 3648/12160 (epoch 24/80), loss = 1.667427 (47.028 sec/epoch), lr: 0.002654
Evaluating on dev set...
...........................
source: 	 mrr: 0.018744	 ndcg_5: 0.0116	 ndcg_10: 0.0163	 hit@1:0.005069	 hit@5:0.0174	 hit@10: 0.0319
target: 	 mrr: 0.050594	 ndcg_5: 0.0409	 ndcg_10: 0.0551	 hit@1:0.018815	 hit@5:0.0641	 hit@10: 0.1094
epoch 24: train_loss = 1.667427, source_mrr = 0.018744, source_hit@10 = 0.0319, source_ndcg@10 = 0.0163, target_mrr = 0.050594, target_hit@10 = 0.1094, target_ndcg@10 = 0.0551

2024-08-15 04:34:00.164793: step 3800/12160 (epoch 25/80), loss = 1.664984 (47.240 sec/epoch), lr: 0.002654
Evaluating on dev set...
...........................
source: 	 mrr: 0.026997	 ndcg_5: 0.0175	 ndcg_10: 0.0247	 hit@1:0.006517	 hit@5:0.0290	 hit@10: 0.0514
target: 	 mrr: 0.048349	 ndcg_5: 0.0383	 ndcg_10: 0.0529	 hit@1:0.018815	 hit@5:0.0585	 hit@10: 0.1052
epoch 25: train_loss = 1.664984, source_mrr = 0.026997, source_hit@10 = 0.0514, source_ndcg@10 = 0.0247, target_mrr = 0.048349, target_hit@10 = 0.1052, target_ndcg@10 = 0.0529

2024-08-15 04:34:47.905857: step 3952/12160 (epoch 26/80), loss = 1.661620 (47.106 sec/epoch), lr: 0.002654
Evaluating on dev set...
...........................
source: 	 mrr: 0.025989	 ndcg_5: 0.0173	 ndcg_10: 0.0252	 hit@1:0.008689	 hit@5:0.0253	 hit@10: 0.0500
target: 	 mrr: 0.052014	 ndcg_5: 0.0410	 ndcg_10: 0.0571	 hit@1:0.018815	 hit@5:0.0634	 hit@10: 0.1129
epoch 26: train_loss = 1.661620, source_mrr = 0.025989, source_hit@10 = 0.0500, source_ndcg@10 = 0.0252, target_mrr = 0.052014, target_hit@10 = 0.1129, target_ndcg@10 = 0.0571

2024-08-15 04:35:35.405279: step 4104/12160 (epoch 27/80), loss = 1.664727 (46.853 sec/epoch), lr: 0.002654
Evaluating on dev set...
...........................
source: 	 mrr: 0.018521	 ndcg_5: 0.0109	 ndcg_10: 0.0173	 hit@1:0.002172	 hit@5:0.0196	 hit@10: 0.0391
target: 	 mrr: 0.053837	 ndcg_5: 0.0434	 ndcg_10: 0.0613	 hit@1:0.020906	 hit@5:0.0669	 hit@10: 0.1233
epoch 27: train_loss = 1.664727, source_mrr = 0.018521, source_hit@10 = 0.0391, source_ndcg@10 = 0.0173, target_mrr = 0.053837, target_hit@10 = 0.1233, target_ndcg@10 = 0.0613

2024-08-15 04:36:20.792018: step 4256/12160 (epoch 28/80), loss = 1.652923 (44.741 sec/epoch), lr: 0.002521
Evaluating on dev set...
...........................
source: 	 mrr: 0.023825	 ndcg_5: 0.0164	 ndcg_10: 0.0205	 hit@1:0.008689	 hit@5:0.0239	 hit@10: 0.0369
target: 	 mrr: 0.054951	 ndcg_5: 0.0453	 ndcg_10: 0.0625	 hit@1:0.014634	 hit@5:0.0704	 hit@10: 0.1233
epoch 28: train_loss = 1.652923, source_mrr = 0.023825, source_hit@10 = 0.0369, source_ndcg@10 = 0.0205, target_mrr = 0.054951, target_hit@10 = 0.1233, target_ndcg@10 = 0.0625

2024-08-15 04:37:07.029999: step 4408/12160 (epoch 29/80), loss = 1.653846 (45.432 sec/epoch), lr: 0.002521
Evaluating on dev set...
...........................
source: 	 mrr: 0.025051	 ndcg_5: 0.0175	 ndcg_10: 0.0232	 hit@1:0.005069	 hit@5:0.0297	 hit@10: 0.0478
target: 	 mrr: 0.050073	 ndcg_5: 0.0403	 ndcg_10: 0.0556	 hit@1:0.016028	 hit@5:0.0648	 hit@10: 0.1122
epoch 29: train_loss = 1.653846, source_mrr = 0.025051, source_hit@10 = 0.0478, source_ndcg@10 = 0.0232, target_mrr = 0.050073, target_hit@10 = 0.1122, target_ndcg@10 = 0.0556

2024-08-15 04:37:52.744791: step 4560/12160 (epoch 30/80), loss = 1.648027 (45.046 sec/epoch), lr: 0.002395
Evaluating on dev set...
...........................
source: 	 mrr: 0.032999	 ndcg_5: 0.0228	 ndcg_10: 0.0326	 hit@1:0.010862	 hit@5:0.0369	 hit@10: 0.0673
target: 	 mrr: 0.054968	 ndcg_5: 0.0491	 ndcg_10: 0.0609	 hit@1:0.018815	 hit@5:0.0808	 hit@10: 0.1178
epoch 30: train_loss = 1.648027, source_mrr = 0.032999, source_hit@10 = 0.0673, source_ndcg@10 = 0.0326, target_mrr = 0.054968, target_hit@10 = 0.1178, target_ndcg@10 = 0.0609

2024-08-15 04:38:39.337523: step 4712/12160 (epoch 31/80), loss = 1.640021 (45.968 sec/epoch), lr: 0.002395
Evaluating on dev set...
...........................
source: 	 mrr: 0.028341	 ndcg_5: 0.0197	 ndcg_10: 0.0270	 hit@1:0.005793	 hit@5:0.0340	 hit@10: 0.0572
target: 	 mrr: 0.056760	 ndcg_5: 0.0482	 ndcg_10: 0.0623	 hit@1:0.021603	 hit@5:0.0760	 hit@10: 0.1199
epoch 31: train_loss = 1.640021, source_mrr = 0.028341, source_hit@10 = 0.0572, source_ndcg@10 = 0.0270, target_mrr = 0.056760, target_hit@10 = 0.1199, target_ndcg@10 = 0.0623

2024-08-15 04:39:25.172789: step 4864/12160 (epoch 32/80), loss = 1.632846 (45.187 sec/epoch), lr: 0.002275
Evaluating on dev set...
...........................
source: 	 mrr: 0.019872	 ndcg_5: 0.0110	 ndcg_10: 0.0180	 hit@1:0.003621	 hit@5:0.0174	 hit@10: 0.0391
target: 	 mrr: 0.054361	 ndcg_5: 0.0458	 ndcg_10: 0.0611	 hit@1:0.021603	 hit@5:0.0718	 hit@10: 0.1199
epoch 32: train_loss = 1.632846, source_mrr = 0.019872, source_hit@10 = 0.0391, source_ndcg@10 = 0.0180, target_mrr = 0.054361, target_hit@10 = 0.1199, target_ndcg@10 = 0.0611

2024-08-15 04:40:11.656900: step 5016/12160 (epoch 33/80), loss = 1.624879 (45.770 sec/epoch), lr: 0.002161
Evaluating on dev set...
...........................
source: 	 mrr: 0.039776	 ndcg_5: 0.0304	 ndcg_10: 0.0407	 hit@1:0.013034	 hit@5:0.0485	 hit@10: 0.0804
target: 	 mrr: 0.057460	 ndcg_5: 0.0485	 ndcg_10: 0.0627	 hit@1:0.025087	 hit@5:0.0739	 hit@10: 0.1185
source best!
.............
source: 	 mrr: 0.037980	 ndcg_5: 0.0276	 ndcg_10: 0.0378	 hit@1:0.010736	 hit@5:0.0422	 hit@10: 0.0744
epoch 33: train_loss = 1.624879, source_mrr = 0.037980, source_hit@10 = 0.0744, source_ndcg@10 = 0.0378, target_mrr = 0.057460, target_hit@10 = 0.1185, target_ndcg@10 = 0.0627

2024-08-15 04:40:58.154838: step 5168/12160 (epoch 34/80), loss = 1.620815 (45.425 sec/epoch), lr: 0.002161
Evaluating on dev set...
...........................
source: 	 mrr: 0.026520	 ndcg_5: 0.0187	 ndcg_10: 0.0261	 hit@1:0.005793	 hit@5:0.0304	 hit@10: 0.0536
target: 	 mrr: 0.055410	 ndcg_5: 0.0469	 ndcg_10: 0.0594	 hit@1:0.020209	 hit@5:0.0732	 hit@10: 0.1122
epoch 34: train_loss = 1.620815, source_mrr = 0.026520, source_hit@10 = 0.0536, source_ndcg@10 = 0.0261, target_mrr = 0.055410, target_hit@10 = 0.1122, target_ndcg@10 = 0.0594

2024-08-15 04:41:44.010053: step 5320/12160 (epoch 35/80), loss = 1.611436 (45.074 sec/epoch), lr: 0.002053
Evaluating on dev set...
...........................
source: 	 mrr: 0.036865	 ndcg_5: 0.0274	 ndcg_10: 0.0379	 hit@1:0.008689	 hit@5:0.0463	 hit@10: 0.0789
target: 	 mrr: 0.058391	 ndcg_5: 0.0517	 ndcg_10: 0.0635	 hit@1:0.022300	 hit@5:0.0801	 hit@10: 0.1164
epoch 35: train_loss = 1.611436, source_mrr = 0.036865, source_hit@10 = 0.0789, source_ndcg@10 = 0.0379, target_mrr = 0.058391, target_hit@10 = 0.1164, target_ndcg@10 = 0.0635

2024-08-15 04:42:30.288173: step 5472/12160 (epoch 36/80), loss = 1.611712 (45.619 sec/epoch), lr: 0.002053
Evaluating on dev set...
...........................
source: 	 mrr: 0.039849	 ndcg_5: 0.0282	 ndcg_10: 0.0400	 hit@1:0.012310	 hit@5:0.0434	 hit@10: 0.0804
target: 	 mrr: 0.057426	 ndcg_5: 0.0509	 ndcg_10: 0.0634	 hit@1:0.021603	 hit@5:0.0794	 hit@10: 0.1178
source best!
.............
source: 	 mrr: 0.038659	 ndcg_5: 0.0287	 ndcg_10: 0.0402	 hit@1:0.010736	 hit@5:0.0468	 hit@10: 0.0828
epoch 36: train_loss = 1.611712, source_mrr = 0.038659, source_hit@10 = 0.0828, source_ndcg@10 = 0.0402, target_mrr = 0.057426, target_hit@10 = 0.1178, target_ndcg@10 = 0.0634

2024-08-15 04:43:16.593563: step 5624/12160 (epoch 37/80), loss = 1.608500 (45.393 sec/epoch), lr: 0.002053
Evaluating on dev set...
...........................
source: 	 mrr: 0.029489	 ndcg_5: 0.0207	 ndcg_10: 0.0278	 hit@1:0.009413	 hit@5:0.0319	 hit@10: 0.0536
target: 	 mrr: 0.055816	 ndcg_5: 0.0458	 ndcg_10: 0.0613	 hit@1:0.019512	 hit@5:0.0697	 hit@10: 0.1178
epoch 37: train_loss = 1.608500, source_mrr = 0.029489, source_hit@10 = 0.0536, source_ndcg@10 = 0.0278, target_mrr = 0.055816, target_hit@10 = 0.1178, target_ndcg@10 = 0.0613

2024-08-15 04:44:02.084217: step 5776/12160 (epoch 38/80), loss = 1.600439 (44.837 sec/epoch), lr: 0.001951
Evaluating on dev set...
...........................
source: 	 mrr: 0.042123	 ndcg_5: 0.0296	 ndcg_10: 0.0412	 hit@1:0.017379	 hit@5:0.0420	 hit@10: 0.0782
target: 	 mrr: 0.052184	 ndcg_5: 0.0430	 ndcg_10: 0.0578	 hit@1:0.016725	 hit@5:0.0683	 hit@10: 0.1143
source best!
.............
source: 	 mrr: 0.038987	 ndcg_5: 0.0284	 ndcg_10: 0.0418	 hit@1:0.010736	 hit@5:0.0460	 hit@10: 0.0882
epoch 38: train_loss = 1.600439, source_mrr = 0.038987, source_hit@10 = 0.0882, source_ndcg@10 = 0.0418, target_mrr = 0.052184, target_hit@10 = 0.1143, target_ndcg@10 = 0.0578

2024-08-15 04:44:48.594571: step 5928/12160 (epoch 39/80), loss = 1.598449 (45.375 sec/epoch), lr: 0.001951
Evaluating on dev set...
...........................
source: 	 mrr: 0.037233	 ndcg_5: 0.0258	 ndcg_10: 0.0353	 hit@1:0.010862	 hit@5:0.0391	 hit@10: 0.0688
target: 	 mrr: 0.047975	 ndcg_5: 0.0388	 ndcg_10: 0.0531	 hit@1:0.012544	 hit@5:0.0655	 hit@10: 0.1094
epoch 39: train_loss = 1.598449, source_mrr = 0.037233, source_hit@10 = 0.0688, source_ndcg@10 = 0.0353, target_mrr = 0.047975, target_hit@10 = 0.1094, target_ndcg@10 = 0.0531

2024-08-15 04:45:34.877618: step 6080/12160 (epoch 40/80), loss = 1.596415 (45.642 sec/epoch), lr: 0.001853
Evaluating on dev set...
...........................
source: 	 mrr: 0.035234	 ndcg_5: 0.0253	 ndcg_10: 0.0335	 hit@1:0.013758	 hit@5:0.0369	 hit@10: 0.0623
target: 	 mrr: 0.056299	 ndcg_5: 0.0483	 ndcg_10: 0.0638	 hit@1:0.018118	 hit@5:0.0780	 hit@10: 0.1261
epoch 40: train_loss = 1.596415, source_mrr = 0.035234, source_hit@10 = 0.0623, source_ndcg@10 = 0.0335, target_mrr = 0.056299, target_hit@10 = 0.1261, target_ndcg@10 = 0.0638
shift to transfer learning mode

2024-08-15 04:46:20.603100: step 6232/12160 (epoch 41/80), loss = 1.614658 (45.065 sec/epoch), lr: 0.001853
Evaluating on dev set...
...........................
source: 	 mrr: 0.039293	 ndcg_5: 0.0294	 ndcg_10: 0.0405	 hit@1:0.013758	 hit@5:0.0463	 hit@10: 0.0811
target: 	 mrr: 0.050570	 ndcg_5: 0.0425	 ndcg_10: 0.0548	 hit@1:0.016028	 hit@5:0.0690	 hit@10: 0.1073
epoch 41: train_loss = 1.614658, source_mrr = 0.039293, source_hit@10 = 0.0811, source_ndcg@10 = 0.0405, target_mrr = 0.050570, target_hit@10 = 0.1073, target_ndcg@10 = 0.0548

2024-08-15 04:47:07.096332: step 6384/12160 (epoch 42/80), loss = 1.611875 (45.785 sec/epoch), lr: 0.001761
Evaluating on dev set...
...........................
source: 	 mrr: 0.037549	 ndcg_5: 0.0267	 ndcg_10: 0.0364	 hit@1:0.010862	 hit@5:0.0420	 hit@10: 0.0724
target: 	 mrr: 0.056928	 ndcg_5: 0.0485	 ndcg_10: 0.0618	 hit@1:0.022300	 hit@5:0.0746	 hit@10: 0.1164
epoch 42: train_loss = 1.611875, source_mrr = 0.037549, source_hit@10 = 0.0724, source_ndcg@10 = 0.0364, target_mrr = 0.056928, target_hit@10 = 0.1164, target_ndcg@10 = 0.0618

2024-08-15 04:47:54.794392: step 6536/12160 (epoch 43/80), loss = 1.606165 (47.047 sec/epoch), lr: 0.001761
Evaluating on dev set...
...........................
source: 	 mrr: 0.028597	 ndcg_5: 0.0193	 ndcg_10: 0.0290	 hit@1:0.007241	 hit@5:0.0319	 hit@10: 0.0623
target: 	 mrr: 0.056083	 ndcg_5: 0.0474	 ndcg_10: 0.0599	 hit@1:0.021603	 hit@5:0.0718	 hit@10: 0.1101
epoch 43: train_loss = 1.606165, source_mrr = 0.028597, source_hit@10 = 0.0623, source_ndcg@10 = 0.0290, target_mrr = 0.056083, target_hit@10 = 0.1101, target_ndcg@10 = 0.0599

2024-08-15 04:48:42.434332: step 6688/12160 (epoch 44/80), loss = 1.603428 (46.925 sec/epoch), lr: 0.001672
Evaluating on dev set...
...........................
source: 	 mrr: 0.027318	 ndcg_5: 0.0182	 ndcg_10: 0.0255	 hit@1:0.007241	 hit@5:0.0297	 hit@10: 0.0529
target: 	 mrr: 0.054605	 ndcg_5: 0.0452	 ndcg_10: 0.0603	 hit@1:0.022300	 hit@5:0.0683	 hit@10: 0.1150
epoch 44: train_loss = 1.603428, source_mrr = 0.027318, source_hit@10 = 0.0529, source_ndcg@10 = 0.0255, target_mrr = 0.054605, target_hit@10 = 0.1150, target_ndcg@10 = 0.0603

2024-08-15 04:49:29.611860: step 6840/12160 (epoch 45/80), loss = 1.599465 (46.496 sec/epoch), lr: 0.001589
Evaluating on dev set...
...........................
source: 	 mrr: 0.031165	 ndcg_5: 0.0224	 ndcg_10: 0.0308	 hit@1:0.008689	 hit@5:0.0369	 hit@10: 0.0630
target: 	 mrr: 0.049465	 ndcg_5: 0.0414	 ndcg_10: 0.0541	 hit@1:0.015331	 hit@5:0.0676	 hit@10: 0.1073
epoch 45: train_loss = 1.599465, source_mrr = 0.031165, source_hit@10 = 0.0630, source_ndcg@10 = 0.0308, target_mrr = 0.049465, target_hit@10 = 0.1073, target_ndcg@10 = 0.0541

2024-08-15 04:50:17.508878: step 6992/12160 (epoch 46/80), loss = 1.594248 (47.211 sec/epoch), lr: 0.001509
Evaluating on dev set...
...........................
source: 	 mrr: 0.038418	 ndcg_5: 0.0279	 ndcg_10: 0.0381	 hit@1:0.012310	 hit@5:0.0449	 hit@10: 0.0768
target: 	 mrr: 0.051694	 ndcg_5: 0.0408	 ndcg_10: 0.0562	 hit@1:0.018815	 hit@5:0.0641	 hit@10: 0.1122
epoch 46: train_loss = 1.594248, source_mrr = 0.038418, source_hit@10 = 0.0768, source_ndcg@10 = 0.0381, target_mrr = 0.051694, target_hit@10 = 0.1122, target_ndcg@10 = 0.0562

2024-08-15 04:51:04.036598: step 7144/12160 (epoch 47/80), loss = 1.594678 (45.867 sec/epoch), lr: 0.001509
Evaluating on dev set...
...........................
source: 	 mrr: 0.041511	 ndcg_5: 0.0292	 ndcg_10: 0.0407	 hit@1:0.014482	 hit@5:0.0434	 hit@10: 0.0797
target: 	 mrr: 0.052088	 ndcg_5: 0.0451	 ndcg_10: 0.0549	 hit@1:0.019512	 hit@5:0.0711	 hit@10: 0.1010
epoch 47: train_loss = 1.594678, source_mrr = 0.041511, source_hit@10 = 0.0797, source_ndcg@10 = 0.0407, target_mrr = 0.052088, target_hit@10 = 0.1010, target_ndcg@10 = 0.0549

2024-08-15 04:51:51.540294: step 7296/12160 (epoch 48/80), loss = 1.592755 (46.820 sec/epoch), lr: 0.001509
Evaluating on dev set...
...........................
source: 	 mrr: 0.030241	 ndcg_5: 0.0208	 ndcg_10: 0.0292	 hit@1:0.007965	 hit@5:0.0326	 hit@10: 0.0587
target: 	 mrr: 0.051687	 ndcg_5: 0.0435	 ndcg_10: 0.0557	 hit@1:0.019512	 hit@5:0.0662	 hit@10: 0.1038
epoch 48: train_loss = 1.592755, source_mrr = 0.030241, source_hit@10 = 0.0587, source_ndcg@10 = 0.0292, target_mrr = 0.051687, target_hit@10 = 0.1038, target_ndcg@10 = 0.0557

2024-08-15 04:52:38.338023: step 7448/12160 (epoch 49/80), loss = 1.586080 (46.105 sec/epoch), lr: 0.001434
Evaluating on dev set...
...........................
source: 	 mrr: 0.037878	 ndcg_5: 0.0286	 ndcg_10: 0.0366	 hit@1:0.013034	 hit@5:0.0449	 hit@10: 0.0695
target: 	 mrr: 0.052410	 ndcg_5: 0.0419	 ndcg_10: 0.0576	 hit@1:0.018815	 hit@5:0.0648	 hit@10: 0.1129
epoch 49: train_loss = 1.586080, source_mrr = 0.037878, source_hit@10 = 0.0695, source_ndcg@10 = 0.0366, target_mrr = 0.052410, target_hit@10 = 0.1129, target_ndcg@10 = 0.0576

2024-08-15 04:53:25.358439: step 7600/12160 (epoch 50/80), loss = 1.584229 (46.306 sec/epoch), lr: 0.001434
Evaluating on dev set...
...........................
source: 	 mrr: 0.036010	 ndcg_5: 0.0241	 ndcg_10: 0.0338	 hit@1:0.010138	 hit@5:0.0384	 hit@10: 0.0681
target: 	 mrr: 0.044649	 ndcg_5: 0.0368	 ndcg_10: 0.0467	 hit@1:0.012544	 hit@5:0.0627	 hit@10: 0.0934
epoch 50: train_loss = 1.584229, source_mrr = 0.036010, source_hit@10 = 0.0681, source_ndcg@10 = 0.0338, target_mrr = 0.044649, target_hit@10 = 0.0934, target_ndcg@10 = 0.0467

2024-08-15 04:54:12.786471: step 7752/12160 (epoch 51/80), loss = 1.582135 (46.585 sec/epoch), lr: 0.001362
Evaluating on dev set...
...........................
source: 	 mrr: 0.035451	 ndcg_5: 0.0255	 ndcg_10: 0.0341	 hit@1:0.008689	 hit@5:0.0413	 hit@10: 0.0681
target: 	 mrr: 0.045019	 ndcg_5: 0.0359	 ndcg_10: 0.0472	 hit@1:0.015331	 hit@5:0.0571	 hit@10: 0.0927
epoch 51: train_loss = 1.582135, source_mrr = 0.035451, source_hit@10 = 0.0681, source_ndcg@10 = 0.0341, target_mrr = 0.045019, target_hit@10 = 0.0927, target_ndcg@10 = 0.0472

2024-08-15 04:54:59.762390: step 7904/12160 (epoch 52/80), loss = 1.580033 (46.329 sec/epoch), lr: 0.001294
Evaluating on dev set...
...........................
source: 	 mrr: 0.040307	 ndcg_5: 0.0298	 ndcg_10: 0.0408	 hit@1:0.013034	 hit@5:0.0471	 hit@10: 0.0811
target: 	 mrr: 0.056004	 ndcg_5: 0.0466	 ndcg_10: 0.0630	 hit@1:0.020209	 hit@5:0.0725	 hit@10: 0.1233
epoch 52: train_loss = 1.580033, source_mrr = 0.040307, source_hit@10 = 0.0811, source_ndcg@10 = 0.0408, target_mrr = 0.056004, target_hit@10 = 0.1233, target_ndcg@10 = 0.0630

2024-08-15 04:55:47.065092: step 8056/12160 (epoch 53/80), loss = 1.576993 (46.649 sec/epoch), lr: 0.001294
Evaluating on dev set...
...........................
source: 	 mrr: 0.039376	 ndcg_5: 0.0288	 ndcg_10: 0.0402	 hit@1:0.010862	 hit@5:0.0463	 hit@10: 0.0811
target: 	 mrr: 0.055566	 ndcg_5: 0.0461	 ndcg_10: 0.0617	 hit@1:0.022300	 hit@5:0.0711	 hit@10: 0.1199
epoch 53: train_loss = 1.576993, source_mrr = 0.039376, source_hit@10 = 0.0811, source_ndcg@10 = 0.0402, target_mrr = 0.055566, target_hit@10 = 0.1199, target_ndcg@10 = 0.0617

2024-08-15 04:56:34.016111: step 8208/12160 (epoch 54/80), loss = 1.569334 (46.278 sec/epoch), lr: 0.001229
Evaluating on dev set...
...........................
source: 	 mrr: 0.041430	 ndcg_5: 0.0317	 ndcg_10: 0.0406	 hit@1:0.013758	 hit@5:0.0507	 hit@10: 0.0782
target: 	 mrr: 0.052175	 ndcg_5: 0.0405	 ndcg_10: 0.0544	 hit@1:0.021603	 hit@5:0.0585	 hit@10: 0.1017
epoch 54: train_loss = 1.569334, source_mrr = 0.041430, source_hit@10 = 0.0782, source_ndcg@10 = 0.0406, target_mrr = 0.052175, target_hit@10 = 0.1017, target_ndcg@10 = 0.0544

2024-08-15 04:57:21.535595: step 8360/12160 (epoch 55/80), loss = 1.570312 (46.772 sec/epoch), lr: 0.001168
Evaluating on dev set...
...........................
source: 	 mrr: 0.035644	 ndcg_5: 0.0257	 ndcg_10: 0.0351	 hit@1:0.012310	 hit@5:0.0391	 hit@10: 0.0688
target: 	 mrr: 0.053734	 ndcg_5: 0.0444	 ndcg_10: 0.0550	 hit@1:0.022300	 hit@5:0.0655	 hit@10: 0.0983
epoch 55: train_loss = 1.570312, source_mrr = 0.035644, source_hit@10 = 0.0688, source_ndcg@10 = 0.0351, target_mrr = 0.053734, target_hit@10 = 0.0983, target_ndcg@10 = 0.0550

2024-08-15 04:58:08.649695: step 8512/12160 (epoch 56/80), loss = 1.564278 (46.457 sec/epoch), lr: 0.001110
Evaluating on dev set...
...........................
source: 	 mrr: 0.032975	 ndcg_5: 0.0230	 ndcg_10: 0.0349	 hit@1:0.007241	 hit@5:0.0384	 hit@10: 0.0760
target: 	 mrr: 0.047418	 ndcg_5: 0.0391	 ndcg_10: 0.0532	 hit@1:0.014634	 hit@5:0.0634	 hit@10: 0.1066
epoch 56: train_loss = 1.564278, source_mrr = 0.032975, source_hit@10 = 0.0760, source_ndcg@10 = 0.0349, target_mrr = 0.047418, target_hit@10 = 0.1066, target_ndcg@10 = 0.0532

2024-08-15 04:58:55.360812: step 8664/12160 (epoch 57/80), loss = 1.557221 (46.025 sec/epoch), lr: 0.001054
Evaluating on dev set...
...........................
source: 	 mrr: 0.038935	 ndcg_5: 0.0294	 ndcg_10: 0.0389	 hit@1:0.012310	 hit@5:0.0485	 hit@10: 0.0782
target: 	 mrr: 0.048635	 ndcg_5: 0.0380	 ndcg_10: 0.0511	 hit@1:0.018815	 hit@5:0.0571	 hit@10: 0.0983
epoch 57: train_loss = 1.557221, source_mrr = 0.038935, source_hit@10 = 0.0782, source_ndcg@10 = 0.0389, target_mrr = 0.048635, target_hit@10 = 0.0983, target_ndcg@10 = 0.0511

2024-08-15 04:59:41.176652: step 8816/12160 (epoch 58/80), loss = 1.557622 (45.128 sec/epoch), lr: 0.001054
Evaluating on dev set...
...........................
source: 	 mrr: 0.040332	 ndcg_5: 0.0322	 ndcg_10: 0.0412	 hit@1:0.012310	 hit@5:0.0536	 hit@10: 0.0818
target: 	 mrr: 0.055317	 ndcg_5: 0.0459	 ndcg_10: 0.0571	 hit@1:0.025087	 hit@5:0.0662	 hit@10: 0.1010
epoch 58: train_loss = 1.557622, source_mrr = 0.040332, source_hit@10 = 0.0818, source_ndcg@10 = 0.0412, target_mrr = 0.055317, target_hit@10 = 0.1010, target_ndcg@10 = 0.0571

2024-08-15 05:00:27.939336: step 8968/12160 (epoch 59/80), loss = 1.556965 (46.134 sec/epoch), lr: 0.001054
Evaluating on dev set...
...........................
source: 	 mrr: 0.037487	 ndcg_5: 0.0271	 ndcg_10: 0.0382	 hit@1:0.009413	 hit@5:0.0449	 hit@10: 0.0789
target: 	 mrr: 0.053227	 ndcg_5: 0.0439	 ndcg_10: 0.0570	 hit@1:0.021603	 hit@5:0.0669	 hit@10: 0.1073
epoch 59: train_loss = 1.556965, source_mrr = 0.037487, source_hit@10 = 0.0789, source_ndcg@10 = 0.0382, target_mrr = 0.053227, target_hit@10 = 0.1073, target_ndcg@10 = 0.0570

2024-08-15 05:01:14.555402: step 9120/12160 (epoch 60/80), loss = 1.552453 (45.928 sec/epoch), lr: 0.001001
Evaluating on dev set...
...........................
source: 	 mrr: 0.043398	 ndcg_5: 0.0315	 ndcg_10: 0.0411	 hit@1:0.016655	 hit@5:0.0449	 hit@10: 0.0753
target: 	 mrr: 0.051997	 ndcg_5: 0.0423	 ndcg_10: 0.0572	 hit@1:0.018118	 hit@5:0.0655	 hit@10: 0.1122
source best!
.............
source: 	 mrr: 0.040312	 ndcg_5: 0.0295	 ndcg_10: 0.0446	 hit@1:0.009202	 hit@5:0.0491	 hit@10: 0.0966
epoch 60: train_loss = 1.552453, source_mrr = 0.040312, source_hit@10 = 0.0966, source_ndcg@10 = 0.0446, target_mrr = 0.051997, target_hit@10 = 0.1122, target_ndcg@10 = 0.0572

2024-08-15 05:02:01.442504: step 9272/12160 (epoch 61/80), loss = 1.546110 (45.999 sec/epoch), lr: 0.001001
Evaluating on dev set...
...........................
source: 	 mrr: 0.036564	 ndcg_5: 0.0278	 ndcg_10: 0.0366	 hit@1:0.009413	 hit@5:0.0449	 hit@10: 0.0724
target: 	 mrr: 0.050451	 ndcg_5: 0.0425	 ndcg_10: 0.0563	 hit@1:0.016725	 hit@5:0.0683	 hit@10: 0.1115
epoch 61: train_loss = 1.546110, source_mrr = 0.036564, source_hit@10 = 0.0724, source_ndcg@10 = 0.0366, target_mrr = 0.050451, target_hit@10 = 0.1115, target_ndcg@10 = 0.0563

2024-08-15 05:02:48.325381: step 9424/12160 (epoch 62/80), loss = 1.544530 (46.215 sec/epoch), lr: 0.000951
Evaluating on dev set...
...........................
source: 	 mrr: 0.036052	 ndcg_5: 0.0272	 ndcg_10: 0.0362	 hit@1:0.010862	 hit@5:0.0442	 hit@10: 0.0724
target: 	 mrr: 0.050313	 ndcg_5: 0.0398	 ndcg_10: 0.0555	 hit@1:0.018118	 hit@5:0.0613	 hit@10: 0.1108
epoch 62: train_loss = 1.544530, source_mrr = 0.036052, source_hit@10 = 0.0724, source_ndcg@10 = 0.0362, target_mrr = 0.050313, target_hit@10 = 0.1108, target_ndcg@10 = 0.0555

2024-08-15 05:03:34.392797: step 9576/12160 (epoch 63/80), loss = 1.539552 (45.377 sec/epoch), lr: 0.000904
Evaluating on dev set...
...........................
source: 	 mrr: 0.042171	 ndcg_5: 0.0358	 ndcg_10: 0.0417	 hit@1:0.016655	 hit@5:0.0550	 hit@10: 0.0739
target: 	 mrr: 0.051422	 ndcg_5: 0.0428	 ndcg_10: 0.0574	 hit@1:0.016028	 hit@5:0.0697	 hit@10: 0.1150
epoch 63: train_loss = 1.539552, source_mrr = 0.042171, source_hit@10 = 0.0739, source_ndcg@10 = 0.0417, target_mrr = 0.051422, target_hit@10 = 0.1150, target_ndcg@10 = 0.0574

2024-08-15 05:04:19.293894: step 9728/12160 (epoch 64/80), loss = 1.538181 (44.265 sec/epoch), lr: 0.000904
Evaluating on dev set...
...........................
source: 	 mrr: 0.032273	 ndcg_5: 0.0218	 ndcg_10: 0.0318	 hit@1:0.007965	 hit@5:0.0369	 hit@10: 0.0681
target: 	 mrr: 0.054102	 ndcg_5: 0.0455	 ndcg_10: 0.0597	 hit@1:0.018118	 hit@5:0.0725	 hit@10: 0.1178
epoch 64: train_loss = 1.538181, source_mrr = 0.032273, source_hit@10 = 0.0681, source_ndcg@10 = 0.0318, target_mrr = 0.054102, target_hit@10 = 0.1178, target_ndcg@10 = 0.0597

2024-08-15 05:05:05.476072: step 9880/12160 (epoch 65/80), loss = 1.533894 (45.495 sec/epoch), lr: 0.000859
Evaluating on dev set...
...........................
source: 	 mrr: 0.040690	 ndcg_5: 0.0308	 ndcg_10: 0.0410	 hit@1:0.012310	 hit@5:0.0485	 hit@10: 0.0797
target: 	 mrr: 0.053718	 ndcg_5: 0.0439	 ndcg_10: 0.0582	 hit@1:0.021603	 hit@5:0.0669	 hit@10: 0.1122
epoch 65: train_loss = 1.533894, source_mrr = 0.040690, source_hit@10 = 0.0797, source_ndcg@10 = 0.0410, target_mrr = 0.053718, target_hit@10 = 0.1122, target_ndcg@10 = 0.0582

2024-08-15 05:05:51.300414: step 10032/12160 (epoch 66/80), loss = 1.529300 (45.173 sec/epoch), lr: 0.000859
Evaluating on dev set...
...........................
source: 	 mrr: 0.039178	 ndcg_5: 0.0309	 ndcg_10: 0.0395	 hit@1:0.012310	 hit@5:0.0492	 hit@10: 0.0760
target: 	 mrr: 0.053728	 ndcg_5: 0.0424	 ndcg_10: 0.0583	 hit@1:0.020906	 hit@5:0.0627	 hit@10: 0.1129
epoch 66: train_loss = 1.529300, source_mrr = 0.039178, source_hit@10 = 0.0760, source_ndcg@10 = 0.0395, target_mrr = 0.053728, target_hit@10 = 0.1129, target_ndcg@10 = 0.0583

2024-08-15 05:06:36.522618: step 10184/12160 (epoch 67/80), loss = 1.529711 (44.520 sec/epoch), lr: 0.000816
Evaluating on dev set...
...........................
source: 	 mrr: 0.042525	 ndcg_5: 0.0335	 ndcg_10: 0.0448	 hit@1:0.013758	 hit@5:0.0529	 hit@10: 0.0883
target: 	 mrr: 0.052828	 ndcg_5: 0.0454	 ndcg_10: 0.0604	 hit@1:0.016725	 hit@5:0.0746	 hit@10: 0.1213
epoch 67: train_loss = 1.529711, source_mrr = 0.042525, source_hit@10 = 0.0883, source_ndcg@10 = 0.0448, target_mrr = 0.052828, target_hit@10 = 0.1213, target_ndcg@10 = 0.0604

2024-08-15 05:07:23.041046: step 10336/12160 (epoch 68/80), loss = 1.526803 (45.823 sec/epoch), lr: 0.000816
Evaluating on dev set...
...........................
source: 	 mrr: 0.042031	 ndcg_5: 0.0335	 ndcg_10: 0.0434	 hit@1:0.013758	 hit@5:0.0536	 hit@10: 0.0840
target: 	 mrr: 0.054005	 ndcg_5: 0.0453	 ndcg_10: 0.0612	 hit@1:0.018118	 hit@5:0.0725	 hit@10: 0.1233
epoch 68: train_loss = 1.526803, source_mrr = 0.042031, source_hit@10 = 0.0840, source_ndcg@10 = 0.0434, target_mrr = 0.054005, target_hit@10 = 0.1233, target_ndcg@10 = 0.0612

2024-08-15 05:08:09.079583: step 10488/12160 (epoch 69/80), loss = 1.525928 (45.412 sec/epoch), lr: 0.000816
Evaluating on dev set...
...........................
source: 	 mrr: 0.033067	 ndcg_5: 0.0229	 ndcg_10: 0.0328	 hit@1:0.011586	 hit@5:0.0340	 hit@10: 0.0644
target: 	 mrr: 0.053368	 ndcg_5: 0.0424	 ndcg_10: 0.0597	 hit@1:0.018815	 hit@5:0.0655	 hit@10: 0.1192
epoch 69: train_loss = 1.525928, source_mrr = 0.033067, source_hit@10 = 0.0644, source_ndcg@10 = 0.0328, target_mrr = 0.053368, target_hit@10 = 0.1192, target_ndcg@10 = 0.0597

2024-08-15 05:08:54.510902: step 10640/12160 (epoch 70/80), loss = 1.524639 (44.793 sec/epoch), lr: 0.000775
Evaluating on dev set...
...........................
source: 	 mrr: 0.034975	 ndcg_5: 0.0252	 ndcg_10: 0.0357	 hit@1:0.009413	 hit@5:0.0413	 hit@10: 0.0746
target: 	 mrr: 0.054130	 ndcg_5: 0.0454	 ndcg_10: 0.0577	 hit@1:0.020209	 hit@5:0.0704	 hit@10: 0.1080
epoch 70: train_loss = 1.524639, source_mrr = 0.034975, source_hit@10 = 0.0746, source_ndcg@10 = 0.0357, target_mrr = 0.054130, target_hit@10 = 0.1080, target_ndcg@10 = 0.0577

2024-08-15 05:09:39.801311: step 10792/12160 (epoch 71/80), loss = 1.521038 (44.632 sec/epoch), lr: 0.000775
Evaluating on dev set...
...........................
source: 	 mrr: 0.040990	 ndcg_5: 0.0312	 ndcg_10: 0.0418	 hit@1:0.013758	 hit@5:0.0485	 hit@10: 0.0811
target: 	 mrr: 0.051466	 ndcg_5: 0.0434	 ndcg_10: 0.0558	 hit@1:0.015331	 hit@5:0.0704	 hit@10: 0.1094
epoch 71: train_loss = 1.521038, source_mrr = 0.040990, source_hit@10 = 0.0811, source_ndcg@10 = 0.0418, target_mrr = 0.051466, target_hit@10 = 0.1094, target_ndcg@10 = 0.0558

2024-08-15 05:10:24.691016: step 10944/12160 (epoch 72/80), loss = 1.517244 (44.171 sec/epoch), lr: 0.000775
Evaluating on dev set...
...........................
source: 	 mrr: 0.040433	 ndcg_5: 0.0292	 ndcg_10: 0.0411	 hit@1:0.013034	 hit@5:0.0456	 hit@10: 0.0825
target: 	 mrr: 0.050709	 ndcg_5: 0.0414	 ndcg_10: 0.0548	 hit@1:0.015331	 hit@5:0.0655	 hit@10: 0.1066
epoch 72: train_loss = 1.517244, source_mrr = 0.040433, source_hit@10 = 0.0825, source_ndcg@10 = 0.0411, target_mrr = 0.050709, target_hit@10 = 0.1066, target_ndcg@10 = 0.0548

2024-08-15 05:11:09.575642: step 11096/12160 (epoch 73/80), loss = 1.514406 (44.259 sec/epoch), lr: 0.000736
Evaluating on dev set...
...........................
source: 	 mrr: 0.039851	 ndcg_5: 0.0299	 ndcg_10: 0.0406	 hit@1:0.013034	 hit@5:0.0463	 hit@10: 0.0797
target: 	 mrr: 0.048192	 ndcg_5: 0.0399	 ndcg_10: 0.0517	 hit@1:0.016725	 hit@5:0.0648	 hit@10: 0.1017
epoch 73: train_loss = 1.514406, source_mrr = 0.039851, source_hit@10 = 0.0797, source_ndcg@10 = 0.0406, target_mrr = 0.048192, target_hit@10 = 0.1017, target_ndcg@10 = 0.0517

2024-08-15 05:11:54.888825: step 11248/12160 (epoch 74/80), loss = 1.514877 (44.650 sec/epoch), lr: 0.000699
Evaluating on dev set...
...........................
source: 	 mrr: 0.032781	 ndcg_5: 0.0242	 ndcg_10: 0.0335	 hit@1:0.007965	 hit@5:0.0413	 hit@10: 0.0702
target: 	 mrr: 0.051512	 ndcg_5: 0.0408	 ndcg_10: 0.0543	 hit@1:0.022300	 hit@5:0.0613	 hit@10: 0.1031
epoch 74: train_loss = 1.514877, source_mrr = 0.032781, source_hit@10 = 0.0702, source_ndcg@10 = 0.0335, target_mrr = 0.051512, target_hit@10 = 0.1031, target_ndcg@10 = 0.0543

2024-08-15 05:12:40.477894: step 11400/12160 (epoch 75/80), loss = 1.506505 (44.946 sec/epoch), lr: 0.000664
Evaluating on dev set...
...........................
source: 	 mrr: 0.040656	 ndcg_5: 0.0330	 ndcg_10: 0.0421	 hit@1:0.013034	 hit@5:0.0543	 hit@10: 0.0833
target: 	 mrr: 0.049625	 ndcg_5: 0.0395	 ndcg_10: 0.0527	 hit@1:0.019512	 hit@5:0.0606	 hit@10: 0.1017
epoch 75: train_loss = 1.506505, source_mrr = 0.040656, source_hit@10 = 0.0833, source_ndcg@10 = 0.0421, target_mrr = 0.049625, target_hit@10 = 0.1017, target_ndcg@10 = 0.0527

2024-08-15 05:13:27.177777: step 11552/12160 (epoch 76/80), loss = 1.509074 (46.037 sec/epoch), lr: 0.000664
Evaluating on dev set...
...........................
source: 	 mrr: 0.038818	 ndcg_5: 0.0302	 ndcg_10: 0.0402	 hit@1:0.010862	 hit@5:0.0492	 hit@10: 0.0811
target: 	 mrr: 0.057879	 ndcg_5: 0.0493	 ndcg_10: 0.0628	 hit@1:0.022300	 hit@5:0.0753	 hit@10: 0.1178
epoch 76: train_loss = 1.509074, source_mrr = 0.038818, source_hit@10 = 0.0811, source_ndcg@10 = 0.0402, target_mrr = 0.057879, target_hit@10 = 0.1178, target_ndcg@10 = 0.0628

2024-08-15 05:14:13.269200: step 11704/12160 (epoch 77/80), loss = 1.507706 (45.401 sec/epoch), lr: 0.000664
Evaluating on dev set...
...........................
source: 	 mrr: 0.029680	 ndcg_5: 0.0214	 ndcg_10: 0.0285	 hit@1:0.008689	 hit@5:0.0362	 hit@10: 0.0587
target: 	 mrr: 0.053291	 ndcg_5: 0.0452	 ndcg_10: 0.0580	 hit@1:0.021603	 hit@5:0.0690	 hit@10: 0.1094
epoch 77: train_loss = 1.507706, source_mrr = 0.029680, source_hit@10 = 0.0587, source_ndcg@10 = 0.0285, target_mrr = 0.053291, target_hit@10 = 0.1094, target_ndcg@10 = 0.0580

2024-08-15 05:14:59.305236: step 11856/12160 (epoch 78/80), loss = 1.505730 (45.351 sec/epoch), lr: 0.000631
Evaluating on dev set...
...........................
source: 	 mrr: 0.034299	 ndcg_5: 0.0247	 ndcg_10: 0.0349	 hit@1:0.009413	 hit@5:0.0391	 hit@10: 0.0710
target: 	 mrr: 0.055877	 ndcg_5: 0.0480	 ndcg_10: 0.0599	 hit@1:0.025784	 hit@5:0.0725	 hit@10: 0.1101
epoch 78: train_loss = 1.505730, source_mrr = 0.034299, source_hit@10 = 0.0710, source_ndcg@10 = 0.0349, target_mrr = 0.055877, target_hit@10 = 0.1101, target_ndcg@10 = 0.0599

2024-08-15 05:15:45.729441: step 12008/12160 (epoch 79/80), loss = 1.507869 (45.767 sec/epoch), lr: 0.000631
Evaluating on dev set...
...........................
source: 	 mrr: 0.032928	 ndcg_5: 0.0231	 ndcg_10: 0.0331	 hit@1:0.009413	 hit@5:0.0369	 hit@10: 0.0681
target: 	 mrr: 0.053902	 ndcg_5: 0.0447	 ndcg_10: 0.0603	 hit@1:0.022300	 hit@5:0.0683	 hit@10: 0.1178
epoch 79: train_loss = 1.507869, source_mrr = 0.032928, source_hit@10 = 0.0681, source_ndcg@10 = 0.0331, target_mrr = 0.053902, target_hit@10 = 0.1178, target_ndcg@10 = 0.0603

2024-08-15 05:16:32.300590: step 12160/12160 (epoch 80/80), loss = 1.504648 (45.900 sec/epoch), lr: 0.000600
Evaluating on dev set...
...........................
source: 	 mrr: 0.036655	 ndcg_5: 0.0265	 ndcg_10: 0.0363	 hit@1:0.012310	 hit@5:0.0406	 hit@10: 0.0710
target: 	 mrr: 0.053111	 ndcg_5: 0.0445	 ndcg_10: 0.0555	 hit@1:0.021603	 hit@5:0.0683	 hit@10: 0.1024
epoch 80: train_loss = 1.504648, source_mrr = 0.036655, source_hit@10 = 0.0710, source_ndcg@10 = 0.0363, target_mrr = 0.053111, target_hit@10 = 0.1024, target_ndcg@10 = 0.0555

source best:  source_mrr = 0.042525, source_hit@10 = 0.0883, source_ndcg@10 = 0.0448
target best:  target_mrr = 0.056299, target_hit@10 = 0.1261, target_ndcg@10 = 0.0638
