using gpu:4 to train the model
using gpu:4 to train the model
cuda:4
Namespace(A_split=False, JK='sum', a_fold=100, aggregate=False, alpha=0.5, batch_size=2048, beta_inter=0.2, conv_layers=4, cuda=True, decay_epoch=10, device=device(type='cuda', index=4), device_id='4', domains='game_video', dropout=0.4, epoch=80, feature_dim=126, gamma_intra=0.8, hidden_dim=126, inter_tau=0.2, intra_tau=0.4, lambda_critic=0.1, leakey=0.05, load=False, log='logs.txt', log_epoch=1, lr=0.004, lr_decay=0.95, min_epoch=60, mode='train', model_file=None, model_name='gv', momentum=0.98, num_latent_factors=3, num_negative=100, optim='adam', patience=20, proj_layers=1, projection=1, rectify_epoch=40, residual=1, save=False, save_dir='./saved_models', seed=32, similarity_tau=0.1, step=3, test_sample_number=999, user_batch_size=256, weight_decay=0.0002)
number_user 25025
number_item 12319
real graph loaded!
number_user 19457
number_item 8751
real graph loaded!
graph loaded!
Loading data from game_video with batch size 2048...
unseen test: 0
test length: 1381
unseen test: 0
test length: 1304
unseen test: 0
test length: 1435
unseen test: 0
test length: 1458
source_user_num 25025
target_user_num 19457
source_item_num 12319
target_item_num 8751
shared users id: 1737
test users 226, 217
unseen test: 0
dev length: 1000
unseen test: 0
dev length: 1000
source train data : 155036, target train data: 156091, source test data : 1304, target test data : 1458, source dev data : 1000, target dev data : 1000
2024-08-14 20:39:37.515173: step 152/12160 (epoch 1/80), loss = 2.327027 (46.222 sec/epoch), lr: 0.004000
Evaluating on dev set...
...........................
source: 	 mrr: 0.025266	 ndcg_5: 0.0150	 ndcg_10: 0.0195	 hit@1:0.009413	 hit@5:0.0203	 hit@10: 0.0348
target: 	 mrr: 0.028527	 ndcg_5: 0.0203	 ndcg_10: 0.0287	 hit@1:0.008362	 hit@5:0.0321	 hit@10: 0.0585
source best!
.............
source: 	 mrr: 0.024753	 ndcg_5: 0.0163	 ndcg_10: 0.0217	 hit@1:0.005368	 hit@5:0.0261	 hit@10: 0.0429
target best!
..............target: 	 mrr: 0.031657	 ndcg_5: 0.0242	 ndcg_10: 0.0293	 hit@1:0.012346	 hit@5:0.0357	 hit@10: 0.0521
epoch 1: train_loss = 2.327027, source_mrr = 0.024753, source_hit@10 = 0.0429, source_ndcg@10 = 0.0217, target_mrr = 0.031657, target_hit@10 = 0.0521, target_ndcg@10 = 0.0293

2024-08-14 20:40:23.545600: step 304/12160 (epoch 2/80), loss = 1.955929 (44.850 sec/epoch), lr: 0.004000
Evaluating on dev set...
...........................
source: 	 mrr: 0.031718	 ndcg_5: 0.0210	 ndcg_10: 0.0311	 hit@1:0.005793	 hit@5:0.0369	 hit@10: 0.0681
target: 	 mrr: 0.027306	 ndcg_5: 0.0182	 ndcg_10: 0.0250	 hit@1:0.009756	 hit@5:0.0272	 hit@10: 0.0481
source best!
.............
source: 	 mrr: 0.031959	 ndcg_5: 0.0213	 ndcg_10: 0.0316	 hit@1:0.006902	 hit@5:0.0368	 hit@10: 0.0690
epoch 2: train_loss = 1.955929, source_mrr = 0.031959, source_hit@10 = 0.0690, source_ndcg@10 = 0.0316, target_mrr = 0.027306, target_hit@10 = 0.0481, target_ndcg@10 = 0.0250

2024-08-14 20:41:10.221665: step 456/12160 (epoch 3/80), loss = 1.898069 (45.764 sec/epoch), lr: 0.004000
Evaluating on dev set...
...........................
source: 	 mrr: 0.034556	 ndcg_5: 0.0211	 ndcg_10: 0.0336	 hit@1:0.007965	 hit@5:0.0355	 hit@10: 0.0746
target: 	 mrr: 0.035078	 ndcg_5: 0.0250	 ndcg_10: 0.0332	 hit@1:0.012544	 hit@5:0.0376	 hit@10: 0.0634
source best!
.............
source: 	 mrr: 0.034894	 ndcg_5: 0.0226	 ndcg_10: 0.0355	 hit@1:0.006135	 hit@5:0.0391	 hit@10: 0.0798
target best!
..............target: 	 mrr: 0.038126	 ndcg_5: 0.0298	 ndcg_10: 0.0373	 hit@1:0.013717	 hit@5:0.0453	 hit@10: 0.0686
epoch 3: train_loss = 1.898069, source_mrr = 0.034894, source_hit@10 = 0.0798, source_ndcg@10 = 0.0355, target_mrr = 0.038126, target_hit@10 = 0.0686, target_ndcg@10 = 0.0373

2024-08-14 20:41:56.952319: step 608/12160 (epoch 4/80), loss = 1.875294 (45.587 sec/epoch), lr: 0.004000
Evaluating on dev set...
...........................
source: 	 mrr: 0.037227	 ndcg_5: 0.0270	 ndcg_10: 0.0365	 hit@1:0.010862	 hit@5:0.0434	 hit@10: 0.0731
target: 	 mrr: 0.048300	 ndcg_5: 0.0399	 ndcg_10: 0.0517	 hit@1:0.018815	 hit@5:0.0634	 hit@10: 0.1003
source best!
.............
source: 	 mrr: 0.034730	 ndcg_5: 0.0246	 ndcg_10: 0.0335	 hit@1:0.009969	 hit@5:0.0399	 hit@10: 0.0675
target best!
..............target: 	 mrr: 0.046604	 ndcg_5: 0.0363	 ndcg_10: 0.0525	 hit@1:0.013717	 hit@5:0.0590	 hit@10: 0.1097
epoch 4: train_loss = 1.875294, source_mrr = 0.034730, source_hit@10 = 0.0675, source_ndcg@10 = 0.0335, target_mrr = 0.046604, target_hit@10 = 0.1097, target_ndcg@10 = 0.0525

2024-08-14 20:42:44.671347: step 760/12160 (epoch 5/80), loss = 1.861355 (46.583 sec/epoch), lr: 0.004000
Evaluating on dev set...
...........................
source: 	 mrr: 0.036019	 ndcg_5: 0.0251	 ndcg_10: 0.0341	 hit@1:0.011586	 hit@5:0.0398	 hit@10: 0.0681
target: 	 mrr: 0.052385	 ndcg_5: 0.0461	 ndcg_10: 0.0563	 hit@1:0.017422	 hit@5:0.0753	 hit@10: 0.1073
target best!
..............target: 	 mrr: 0.053075	 ndcg_5: 0.0454	 ndcg_10: 0.0591	 hit@1:0.017147	 hit@5:0.0748	 hit@10: 0.1166
epoch 5: train_loss = 1.861355, source_mrr = 0.036019, source_hit@10 = 0.0681, source_ndcg@10 = 0.0341, target_mrr = 0.053075, target_hit@10 = 0.1166, target_ndcg@10 = 0.0591

2024-08-14 20:43:31.217091: step 912/12160 (epoch 6/80), loss = 1.838805 (45.558 sec/epoch), lr: 0.004000
Evaluating on dev set...
...........................
source: 	 mrr: 0.035780	 ndcg_5: 0.0252	 ndcg_10: 0.0340	 hit@1:0.010862	 hit@5:0.0369	 hit@10: 0.0637
target: 	 mrr: 0.030658	 ndcg_5: 0.0227	 ndcg_10: 0.0310	 hit@1:0.009059	 hit@5:0.0369	 hit@10: 0.0627
epoch 6: train_loss = 1.838805, source_mrr = 0.035780, source_hit@10 = 0.0637, source_ndcg@10 = 0.0340, target_mrr = 0.030658, target_hit@10 = 0.0627, target_ndcg@10 = 0.0310

2024-08-14 20:44:18.196995: step 1064/12160 (epoch 7/80), loss = 1.808732 (46.368 sec/epoch), lr: 0.004000
Evaluating on dev set...
...........................
source: 	 mrr: 0.035675	 ndcg_5: 0.0265	 ndcg_10: 0.0364	 hit@1:0.008689	 hit@5:0.0456	 hit@10: 0.0768
target: 	 mrr: 0.043925	 ndcg_5: 0.0349	 ndcg_10: 0.0454	 hit@1:0.016725	 hit@5:0.0557	 hit@10: 0.0885
epoch 7: train_loss = 1.808732, source_mrr = 0.035675, source_hit@10 = 0.0768, source_ndcg@10 = 0.0364, target_mrr = 0.043925, target_hit@10 = 0.0885, target_ndcg@10 = 0.0454

2024-08-14 20:45:04.487194: step 1216/12160 (epoch 8/80), loss = 1.774909 (45.587 sec/epoch), lr: 0.004000
Evaluating on dev set...
...........................
source: 	 mrr: 0.027264	 ndcg_5: 0.0189	 ndcg_10: 0.0270	 hit@1:0.005793	 hit@5:0.0319	 hit@10: 0.0572
target: 	 mrr: 0.046440	 ndcg_5: 0.0360	 ndcg_10: 0.0522	 hit@1:0.014634	 hit@5:0.0557	 hit@10: 0.1066
epoch 8: train_loss = 1.774909, source_mrr = 0.027264, source_hit@10 = 0.0572, source_ndcg@10 = 0.0270, target_mrr = 0.046440, target_hit@10 = 0.1066, target_ndcg@10 = 0.0522

2024-08-14 20:45:51.543517: step 1368/12160 (epoch 9/80), loss = 1.755310 (46.376 sec/epoch), lr: 0.004000
Evaluating on dev set...
...........................
source: 	 mrr: 0.028845	 ndcg_5: 0.0197	 ndcg_10: 0.0280	 hit@1:0.008689	 hit@5:0.0311	 hit@10: 0.0565
target: 	 mrr: 0.043217	 ndcg_5: 0.0339	 ndcg_10: 0.0463	 hit@1:0.013240	 hit@5:0.0551	 hit@10: 0.0941
epoch 9: train_loss = 1.755310, source_mrr = 0.028845, source_hit@10 = 0.0565, source_ndcg@10 = 0.0280, target_mrr = 0.043217, target_hit@10 = 0.0941, target_ndcg@10 = 0.0463

2024-08-14 20:46:38.617086: step 1520/12160 (epoch 10/80), loss = 1.742606 (46.458 sec/epoch), lr: 0.004000
Evaluating on dev set...
...........................
source: 	 mrr: 0.034401	 ndcg_5: 0.0251	 ndcg_10: 0.0319	 hit@1:0.012310	 hit@5:0.0391	 hit@10: 0.0601
target: 	 mrr: 0.046998	 ndcg_5: 0.0392	 ndcg_10: 0.0521	 hit@1:0.012544	 hit@5:0.0662	 hit@10: 0.1066
epoch 10: train_loss = 1.742606, source_mrr = 0.034401, source_hit@10 = 0.0601, source_ndcg@10 = 0.0319, target_mrr = 0.046998, target_hit@10 = 0.1066, target_ndcg@10 = 0.0521

2024-08-14 20:47:25.823785: step 1672/12160 (epoch 11/80), loss = 1.739966 (46.578 sec/epoch), lr: 0.004000
Evaluating on dev set...
...........................
source: 	 mrr: 0.033482	 ndcg_5: 0.0253	 ndcg_10: 0.0337	 hit@1:0.007965	 hit@5:0.0434	 hit@10: 0.0695
target: 	 mrr: 0.039204	 ndcg_5: 0.0315	 ndcg_10: 0.0407	 hit@1:0.010453	 hit@5:0.0537	 hit@10: 0.0822
epoch 11: train_loss = 1.739966, source_mrr = 0.033482, source_hit@10 = 0.0695, source_ndcg@10 = 0.0337, target_mrr = 0.039204, target_hit@10 = 0.0822, target_ndcg@10 = 0.0407

2024-08-14 20:48:12.903622: step 1824/12160 (epoch 12/80), loss = 1.727759 (46.385 sec/epoch), lr: 0.003800
Evaluating on dev set...
...........................
source: 	 mrr: 0.021038	 ndcg_5: 0.0130	 ndcg_10: 0.0182	 hit@1:0.005793	 hit@5:0.0203	 hit@10: 0.0369
target: 	 mrr: 0.055774	 ndcg_5: 0.0482	 ndcg_10: 0.0636	 hit@1:0.020209	 hit@5:0.0767	 hit@10: 0.1247
target best!
..............target: 	 mrr: 0.056254	 ndcg_5: 0.0501	 ndcg_10: 0.0633	 hit@1:0.019204	 hit@5:0.0830	 hit@10: 0.1241
epoch 12: train_loss = 1.727759, source_mrr = 0.021038, source_hit@10 = 0.0369, source_ndcg@10 = 0.0182, target_mrr = 0.056254, target_hit@10 = 0.1241, target_ndcg@10 = 0.0633

2024-08-14 20:49:00.280560: step 1976/12160 (epoch 13/80), loss = 1.726327 (46.312 sec/epoch), lr: 0.003800
Evaluating on dev set...
...........................
source: 	 mrr: 0.022596	 ndcg_5: 0.0166	 ndcg_10: 0.0211	 hit@1:0.005069	 hit@5:0.0282	 hit@10: 0.0420
target: 	 mrr: 0.038585	 ndcg_5: 0.0270	 ndcg_10: 0.0431	 hit@1:0.011847	 hit@5:0.0439	 hit@10: 0.0948
epoch 13: train_loss = 1.726327, source_mrr = 0.022596, source_hit@10 = 0.0420, source_ndcg@10 = 0.0211, target_mrr = 0.038585, target_hit@10 = 0.0948, target_ndcg@10 = 0.0431

2024-08-14 20:49:46.929275: step 2128/12160 (epoch 14/80), loss = 1.720406 (45.958 sec/epoch), lr: 0.003610
Evaluating on dev set...
...........................
source: 	 mrr: 0.027328	 ndcg_5: 0.0172	 ndcg_10: 0.0260	 hit@1:0.009413	 hit@5:0.0253	 hit@10: 0.0529
target: 	 mrr: 0.049988	 ndcg_5: 0.0408	 ndcg_10: 0.0533	 hit@1:0.017422	 hit@5:0.0634	 hit@10: 0.1024
epoch 14: train_loss = 1.720406, source_mrr = 0.027328, source_hit@10 = 0.0529, source_ndcg@10 = 0.0260, target_mrr = 0.049988, target_hit@10 = 0.1024, target_ndcg@10 = 0.0533

2024-08-14 20:50:33.667680: step 2280/12160 (epoch 15/80), loss = 1.715066 (46.085 sec/epoch), lr: 0.003610
Evaluating on dev set...
...........................
source: 	 mrr: 0.025713	 ndcg_5: 0.0161	 ndcg_10: 0.0240	 hit@1:0.004345	 hit@5:0.0268	 hit@10: 0.0514
target: 	 mrr: 0.054887	 ndcg_5: 0.0432	 ndcg_10: 0.0578	 hit@1:0.022300	 hit@5:0.0634	 hit@10: 0.1087
epoch 15: train_loss = 1.715066, source_mrr = 0.025713, source_hit@10 = 0.0514, source_ndcg@10 = 0.0240, target_mrr = 0.054887, target_hit@10 = 0.1087, target_ndcg@10 = 0.0578

2024-08-14 20:51:20.286640: step 2432/12160 (epoch 16/80), loss = 1.710808 (45.949 sec/epoch), lr: 0.003610
Evaluating on dev set...
...........................
source: 	 mrr: 0.017127	 ndcg_5: 0.0100	 ndcg_10: 0.0151	 hit@1:0.002896	 hit@5:0.0174	 hit@10: 0.0333
target: 	 mrr: 0.044376	 ndcg_5: 0.0339	 ndcg_10: 0.0454	 hit@1:0.013937	 hit@5:0.0530	 hit@10: 0.0885
epoch 16: train_loss = 1.710808, source_mrr = 0.017127, source_hit@10 = 0.0333, source_ndcg@10 = 0.0151, target_mrr = 0.044376, target_hit@10 = 0.0885, target_ndcg@10 = 0.0454

2024-08-14 20:52:07.218199: step 2584/12160 (epoch 17/80), loss = 1.703321 (46.248 sec/epoch), lr: 0.003429
Evaluating on dev set...
...........................
source: 	 mrr: 0.021671	 ndcg_5: 0.0140	 ndcg_10: 0.0211	 hit@1:0.005793	 hit@5:0.0224	 hit@10: 0.0449
target: 	 mrr: 0.039286	 ndcg_5: 0.0304	 ndcg_10: 0.0406	 hit@1:0.011150	 hit@5:0.0502	 hit@10: 0.0822
epoch 17: train_loss = 1.703321, source_mrr = 0.021671, source_hit@10 = 0.0449, source_ndcg@10 = 0.0211, target_mrr = 0.039286, target_hit@10 = 0.0822, target_ndcg@10 = 0.0406

2024-08-14 20:52:53.860743: step 2736/12160 (epoch 18/80), loss = 1.698746 (45.998 sec/epoch), lr: 0.003258
Evaluating on dev set...
...........................
source: 	 mrr: 0.027221	 ndcg_5: 0.0192	 ndcg_10: 0.0254	 hit@1:0.007965	 hit@5:0.0311	 hit@10: 0.0500
target: 	 mrr: 0.054288	 ndcg_5: 0.0440	 ndcg_10: 0.0581	 hit@1:0.022997	 hit@5:0.0655	 hit@10: 0.1094
epoch 18: train_loss = 1.698746, source_mrr = 0.027221, source_hit@10 = 0.0500, source_ndcg@10 = 0.0254, target_mrr = 0.054288, target_hit@10 = 0.1094, target_ndcg@10 = 0.0581

2024-08-14 20:53:40.540350: step 2888/12160 (epoch 19/80), loss = 1.694824 (46.031 sec/epoch), lr: 0.003258
Evaluating on dev set...
...........................
source: 	 mrr: 0.026579	 ndcg_5: 0.0174	 ndcg_10: 0.0249	 hit@1:0.007241	 hit@5:0.0282	 hit@10: 0.0514
target: 	 mrr: 0.046386	 ndcg_5: 0.0370	 ndcg_10: 0.0490	 hit@1:0.014634	 hit@5:0.0599	 hit@10: 0.0969
epoch 19: train_loss = 1.694824, source_mrr = 0.026579, source_hit@10 = 0.0514, source_ndcg@10 = 0.0249, target_mrr = 0.046386, target_hit@10 = 0.0969, target_ndcg@10 = 0.0490

2024-08-14 20:54:25.330031: step 3040/12160 (epoch 20/80), loss = 1.688862 (44.126 sec/epoch), lr: 0.003095
Evaluating on dev set...
...........................
source: 	 mrr: 0.025105	 ndcg_5: 0.0159	 ndcg_10: 0.0226	 hit@1:0.008689	 hit@5:0.0224	 hit@10: 0.0427
target: 	 mrr: 0.058494	 ndcg_5: 0.0534	 ndcg_10: 0.0659	 hit@1:0.021603	 hit@5:0.0836	 hit@10: 0.1233
target best!
..............target: 	 mrr: 0.053161	 ndcg_5: 0.0443	 ndcg_10: 0.0589	 hit@1:0.017833	 hit@5:0.0700	 hit@10: 0.1152
epoch 20: train_loss = 1.688862, source_mrr = 0.025105, source_hit@10 = 0.0427, source_ndcg@10 = 0.0226, target_mrr = 0.053161, target_hit@10 = 0.1152, target_ndcg@10 = 0.0589

2024-08-14 20:55:07.656933: step 3192/12160 (epoch 21/80), loss = 1.684109 (41.458 sec/epoch), lr: 0.003095
Evaluating on dev set...
...........................
source: 	 mrr: 0.025180	 ndcg_5: 0.0179	 ndcg_10: 0.0237	 hit@1:0.005069	 hit@5:0.0319	 hit@10: 0.0492
target: 	 mrr: 0.044924	 ndcg_5: 0.0369	 ndcg_10: 0.0501	 hit@1:0.009756	 hit@5:0.0641	 hit@10: 0.1045
epoch 21: train_loss = 1.684109, source_mrr = 0.025180, source_hit@10 = 0.0492, source_ndcg@10 = 0.0237, target_mrr = 0.044924, target_hit@10 = 0.1045, target_ndcg@10 = 0.0501

2024-08-14 20:55:49.837012: step 3344/12160 (epoch 22/80), loss = 1.681382 (41.513 sec/epoch), lr: 0.002940
Evaluating on dev set...
...........................
source: 	 mrr: 0.016352	 ndcg_5: 0.0102	 ndcg_10: 0.0131	 hit@1:0.003621	 hit@5:0.0181	 hit@10: 0.0275
target: 	 mrr: 0.052995	 ndcg_5: 0.0408	 ndcg_10: 0.0574	 hit@1:0.021603	 hit@5:0.0606	 hit@10: 0.1122
epoch 22: train_loss = 1.681382, source_mrr = 0.016352, source_hit@10 = 0.0275, source_ndcg@10 = 0.0131, target_mrr = 0.052995, target_hit@10 = 0.1122, target_ndcg@10 = 0.0574

2024-08-14 20:56:32.940739: step 3496/12160 (epoch 23/80), loss = 1.673079 (42.476 sec/epoch), lr: 0.002793
Evaluating on dev set...
...........................
source: 	 mrr: 0.018786	 ndcg_5: 0.0124	 ndcg_10: 0.0187	 hit@1:0.002896	 hit@5:0.0224	 hit@10: 0.0427
target: 	 mrr: 0.042170	 ndcg_5: 0.0314	 ndcg_10: 0.0450	 hit@1:0.010453	 hit@5:0.0523	 hit@10: 0.0941
epoch 23: train_loss = 1.673079, source_mrr = 0.018786, source_hit@10 = 0.0427, source_ndcg@10 = 0.0187, target_mrr = 0.042170, target_hit@10 = 0.0941, target_ndcg@10 = 0.0450

2024-08-14 20:57:15.064610: step 3648/12160 (epoch 24/80), loss = 1.667427 (41.496 sec/epoch), lr: 0.002654
Evaluating on dev set...
...........................
source: 	 mrr: 0.018744	 ndcg_5: 0.0116	 ndcg_10: 0.0163	 hit@1:0.005069	 hit@5:0.0174	 hit@10: 0.0319
target: 	 mrr: 0.050594	 ndcg_5: 0.0409	 ndcg_10: 0.0551	 hit@1:0.018815	 hit@5:0.0641	 hit@10: 0.1094
epoch 24: train_loss = 1.667427, source_mrr = 0.018744, source_hit@10 = 0.0319, source_ndcg@10 = 0.0163, target_mrr = 0.050594, target_hit@10 = 0.1094, target_ndcg@10 = 0.0551

2024-08-14 20:57:57.892272: step 3800/12160 (epoch 25/80), loss = 1.664984 (42.191 sec/epoch), lr: 0.002654
Evaluating on dev set...
...........................
source: 	 mrr: 0.026997	 ndcg_5: 0.0175	 ndcg_10: 0.0247	 hit@1:0.006517	 hit@5:0.0290	 hit@10: 0.0514
target: 	 mrr: 0.048349	 ndcg_5: 0.0383	 ndcg_10: 0.0529	 hit@1:0.018815	 hit@5:0.0585	 hit@10: 0.1052
epoch 25: train_loss = 1.664984, source_mrr = 0.026997, source_hit@10 = 0.0514, source_ndcg@10 = 0.0247, target_mrr = 0.048349, target_hit@10 = 0.1052, target_ndcg@10 = 0.0529

2024-08-14 20:58:39.920859: step 3952/12160 (epoch 26/80), loss = 1.661620 (41.371 sec/epoch), lr: 0.002654
Evaluating on dev set...
...........................
source: 	 mrr: 0.025989	 ndcg_5: 0.0173	 ndcg_10: 0.0252	 hit@1:0.008689	 hit@5:0.0253	 hit@10: 0.0500
target: 	 mrr: 0.052014	 ndcg_5: 0.0410	 ndcg_10: 0.0571	 hit@1:0.018815	 hit@5:0.0634	 hit@10: 0.1129
epoch 26: train_loss = 1.661620, source_mrr = 0.025989, source_hit@10 = 0.0500, source_ndcg@10 = 0.0252, target_mrr = 0.052014, target_hit@10 = 0.1129, target_ndcg@10 = 0.0571

2024-08-14 20:59:22.386263: step 4104/12160 (epoch 27/80), loss = 1.664727 (41.849 sec/epoch), lr: 0.002654
Evaluating on dev set...
...........................
source: 	 mrr: 0.018521	 ndcg_5: 0.0109	 ndcg_10: 0.0173	 hit@1:0.002172	 hit@5:0.0196	 hit@10: 0.0391
target: 	 mrr: 0.053837	 ndcg_5: 0.0434	 ndcg_10: 0.0613	 hit@1:0.020906	 hit@5:0.0669	 hit@10: 0.1233
epoch 27: train_loss = 1.664727, source_mrr = 0.018521, source_hit@10 = 0.0391, source_ndcg@10 = 0.0173, target_mrr = 0.053837, target_hit@10 = 0.1233, target_ndcg@10 = 0.0613

2024-08-14 21:00:05.012451: step 4256/12160 (epoch 28/80), loss = 1.652923 (41.994 sec/epoch), lr: 0.002521
Evaluating on dev set...
...........................
source: 	 mrr: 0.023825	 ndcg_5: 0.0164	 ndcg_10: 0.0205	 hit@1:0.008689	 hit@5:0.0239	 hit@10: 0.0369
target: 	 mrr: 0.054951	 ndcg_5: 0.0453	 ndcg_10: 0.0625	 hit@1:0.014634	 hit@5:0.0704	 hit@10: 0.1233
epoch 28: train_loss = 1.652923, source_mrr = 0.023825, source_hit@10 = 0.0369, source_ndcg@10 = 0.0205, target_mrr = 0.054951, target_hit@10 = 0.1233, target_ndcg@10 = 0.0625

2024-08-14 21:00:51.257335: step 4408/12160 (epoch 29/80), loss = 1.653846 (45.609 sec/epoch), lr: 0.002521
Evaluating on dev set...
...........................
source: 	 mrr: 0.025051	 ndcg_5: 0.0175	 ndcg_10: 0.0232	 hit@1:0.005069	 hit@5:0.0297	 hit@10: 0.0478
target: 	 mrr: 0.050073	 ndcg_5: 0.0403	 ndcg_10: 0.0556	 hit@1:0.016028	 hit@5:0.0648	 hit@10: 0.1122
epoch 29: train_loss = 1.653846, source_mrr = 0.025051, source_hit@10 = 0.0478, source_ndcg@10 = 0.0232, target_mrr = 0.050073, target_hit@10 = 0.1122, target_ndcg@10 = 0.0556

2024-08-14 21:01:38.299850: step 4560/12160 (epoch 30/80), loss = 1.648027 (46.397 sec/epoch), lr: 0.002395
Evaluating on dev set...
...........................
source: 	 mrr: 0.032999	 ndcg_5: 0.0228	 ndcg_10: 0.0326	 hit@1:0.010862	 hit@5:0.0369	 hit@10: 0.0673
target: 	 mrr: 0.054968	 ndcg_5: 0.0491	 ndcg_10: 0.0609	 hit@1:0.018815	 hit@5:0.0808	 hit@10: 0.1178
epoch 30: train_loss = 1.648027, source_mrr = 0.032999, source_hit@10 = 0.0673, source_ndcg@10 = 0.0326, target_mrr = 0.054968, target_hit@10 = 0.1178, target_ndcg@10 = 0.0609

2024-08-14 21:02:25.560404: step 4712/12160 (epoch 31/80), loss = 1.640021 (46.590 sec/epoch), lr: 0.002395
Evaluating on dev set...
...........................
source: 	 mrr: 0.028341	 ndcg_5: 0.0197	 ndcg_10: 0.0270	 hit@1:0.005793	 hit@5:0.0340	 hit@10: 0.0572
target: 	 mrr: 0.056760	 ndcg_5: 0.0482	 ndcg_10: 0.0623	 hit@1:0.021603	 hit@5:0.0760	 hit@10: 0.1199
epoch 31: train_loss = 1.640021, source_mrr = 0.028341, source_hit@10 = 0.0572, source_ndcg@10 = 0.0270, target_mrr = 0.056760, target_hit@10 = 0.1199, target_ndcg@10 = 0.0623

2024-08-14 21:03:12.739331: step 4864/12160 (epoch 32/80), loss = 1.632846 (46.502 sec/epoch), lr: 0.002275
Evaluating on dev set...
...........................
source: 	 mrr: 0.019872	 ndcg_5: 0.0110	 ndcg_10: 0.0180	 hit@1:0.003621	 hit@5:0.0174	 hit@10: 0.0391
target: 	 mrr: 0.054361	 ndcg_5: 0.0458	 ndcg_10: 0.0611	 hit@1:0.021603	 hit@5:0.0718	 hit@10: 0.1199
epoch 32: train_loss = 1.632846, source_mrr = 0.019872, source_hit@10 = 0.0391, source_ndcg@10 = 0.0180, target_mrr = 0.054361, target_hit@10 = 0.1199, target_ndcg@10 = 0.0611

2024-08-14 21:03:59.924788: step 5016/12160 (epoch 33/80), loss = 1.624879 (46.444 sec/epoch), lr: 0.002161
Evaluating on dev set...
...........................
source: 	 mrr: 0.039776	 ndcg_5: 0.0304	 ndcg_10: 0.0407	 hit@1:0.013034	 hit@5:0.0485	 hit@10: 0.0804
target: 	 mrr: 0.057460	 ndcg_5: 0.0485	 ndcg_10: 0.0627	 hit@1:0.025087	 hit@5:0.0739	 hit@10: 0.1185
source best!
.............
source: 	 mrr: 0.037980	 ndcg_5: 0.0276	 ndcg_10: 0.0378	 hit@1:0.010736	 hit@5:0.0422	 hit@10: 0.0744
epoch 33: train_loss = 1.624879, source_mrr = 0.037980, source_hit@10 = 0.0744, source_ndcg@10 = 0.0378, target_mrr = 0.057460, target_hit@10 = 0.1185, target_ndcg@10 = 0.0627

2024-08-14 21:04:47.000005: step 5168/12160 (epoch 34/80), loss = 1.620815 (46.125 sec/epoch), lr: 0.002161
Evaluating on dev set...
...........................
source: 	 mrr: 0.026520	 ndcg_5: 0.0187	 ndcg_10: 0.0261	 hit@1:0.005793	 hit@5:0.0304	 hit@10: 0.0536
target: 	 mrr: 0.055410	 ndcg_5: 0.0469	 ndcg_10: 0.0594	 hit@1:0.020209	 hit@5:0.0732	 hit@10: 0.1122
epoch 34: train_loss = 1.620815, source_mrr = 0.026520, source_hit@10 = 0.0536, source_ndcg@10 = 0.0261, target_mrr = 0.055410, target_hit@10 = 0.1122, target_ndcg@10 = 0.0594

2024-08-14 21:05:33.872535: step 5320/12160 (epoch 35/80), loss = 1.611436 (46.218 sec/epoch), lr: 0.002053
Evaluating on dev set...
...........................
source: 	 mrr: 0.036865	 ndcg_5: 0.0274	 ndcg_10: 0.0379	 hit@1:0.008689	 hit@5:0.0463	 hit@10: 0.0789
target: 	 mrr: 0.058391	 ndcg_5: 0.0517	 ndcg_10: 0.0635	 hit@1:0.022300	 hit@5:0.0801	 hit@10: 0.1164
epoch 35: train_loss = 1.611436, source_mrr = 0.036865, source_hit@10 = 0.0789, source_ndcg@10 = 0.0379, target_mrr = 0.058391, target_hit@10 = 0.1164, target_ndcg@10 = 0.0635

2024-08-14 21:06:20.769188: step 5472/12160 (epoch 36/80), loss = 1.611712 (46.227 sec/epoch), lr: 0.002053
Evaluating on dev set...
...........................
source: 	 mrr: 0.039849	 ndcg_5: 0.0282	 ndcg_10: 0.0400	 hit@1:0.012310	 hit@5:0.0434	 hit@10: 0.0804
target: 	 mrr: 0.057426	 ndcg_5: 0.0509	 ndcg_10: 0.0634	 hit@1:0.021603	 hit@5:0.0794	 hit@10: 0.1178
source best!
.............
source: 	 mrr: 0.038659	 ndcg_5: 0.0287	 ndcg_10: 0.0402	 hit@1:0.010736	 hit@5:0.0468	 hit@10: 0.0828
epoch 36: train_loss = 1.611712, source_mrr = 0.038659, source_hit@10 = 0.0828, source_ndcg@10 = 0.0402, target_mrr = 0.057426, target_hit@10 = 0.1178, target_ndcg@10 = 0.0634

2024-08-14 21:07:07.682072: step 5624/12160 (epoch 37/80), loss = 1.608500 (46.004 sec/epoch), lr: 0.002053
Evaluating on dev set...
...........................
source: 	 mrr: 0.029489	 ndcg_5: 0.0207	 ndcg_10: 0.0278	 hit@1:0.009413	 hit@5:0.0319	 hit@10: 0.0536
target: 	 mrr: 0.055816	 ndcg_5: 0.0458	 ndcg_10: 0.0613	 hit@1:0.019512	 hit@5:0.0697	 hit@10: 0.1178
epoch 37: train_loss = 1.608500, source_mrr = 0.029489, source_hit@10 = 0.0536, source_ndcg@10 = 0.0278, target_mrr = 0.055816, target_hit@10 = 0.1178, target_ndcg@10 = 0.0613

2024-08-14 21:07:53.702096: step 5776/12160 (epoch 38/80), loss = 1.600439 (45.368 sec/epoch), lr: 0.001951
Evaluating on dev set...
...........................
source: 	 mrr: 0.042123	 ndcg_5: 0.0296	 ndcg_10: 0.0412	 hit@1:0.017379	 hit@5:0.0420	 hit@10: 0.0782
target: 	 mrr: 0.052184	 ndcg_5: 0.0430	 ndcg_10: 0.0578	 hit@1:0.016725	 hit@5:0.0683	 hit@10: 0.1143
source best!
.............
source: 	 mrr: 0.038987	 ndcg_5: 0.0284	 ndcg_10: 0.0418	 hit@1:0.010736	 hit@5:0.0460	 hit@10: 0.0882
epoch 38: train_loss = 1.600439, source_mrr = 0.038987, source_hit@10 = 0.0882, source_ndcg@10 = 0.0418, target_mrr = 0.052184, target_hit@10 = 0.1143, target_ndcg@10 = 0.0578

2024-08-14 21:08:40.576894: step 5928/12160 (epoch 39/80), loss = 1.598449 (45.979 sec/epoch), lr: 0.001951
Evaluating on dev set...
...........................
source: 	 mrr: 0.037233	 ndcg_5: 0.0258	 ndcg_10: 0.0353	 hit@1:0.010862	 hit@5:0.0391	 hit@10: 0.0688
target: 	 mrr: 0.047975	 ndcg_5: 0.0388	 ndcg_10: 0.0531	 hit@1:0.012544	 hit@5:0.0655	 hit@10: 0.1094
epoch 39: train_loss = 1.598449, source_mrr = 0.037233, source_hit@10 = 0.0688, source_ndcg@10 = 0.0353, target_mrr = 0.047975, target_hit@10 = 0.1094, target_ndcg@10 = 0.0531

2024-08-14 21:09:27.595910: step 6080/12160 (epoch 40/80), loss = 1.596415 (46.350 sec/epoch), lr: 0.001853
Evaluating on dev set...
...........................
source: 	 mrr: 0.035234	 ndcg_5: 0.0253	 ndcg_10: 0.0335	 hit@1:0.013758	 hit@5:0.0369	 hit@10: 0.0623
target: 	 mrr: 0.056299	 ndcg_5: 0.0483	 ndcg_10: 0.0638	 hit@1:0.018118	 hit@5:0.0780	 hit@10: 0.1261
epoch 40: train_loss = 1.596415, source_mrr = 0.035234, source_hit@10 = 0.0623, source_ndcg@10 = 0.0335, target_mrr = 0.056299, target_hit@10 = 0.1261, target_ndcg@10 = 0.0638
shift to transfer learning mode

2024-08-14 21:10:15.300317: step 6232/12160 (epoch 41/80), loss = 1.601272 (46.951 sec/epoch), lr: 0.001853
Evaluating on dev set...
...........................
source: 	 mrr: 0.039298	 ndcg_5: 0.0301	 ndcg_10: 0.0367	 hit@1:0.014482	 hit@5:0.0471	 hit@10: 0.0673
target: 	 mrr: 0.053929	 ndcg_5: 0.0451	 ndcg_10: 0.0586	 hit@1:0.016725	 hit@5:0.0711	 hit@10: 0.1122
epoch 41: train_loss = 1.601272, source_mrr = 0.039298, source_hit@10 = 0.0673, source_ndcg@10 = 0.0367, target_mrr = 0.053929, target_hit@10 = 0.1122, target_ndcg@10 = 0.0586

2024-08-14 21:11:03.016003: step 6384/12160 (epoch 42/80), loss = 1.600737 (47.054 sec/epoch), lr: 0.001853
Evaluating on dev set...
...........................
source: 	 mrr: 0.033404	 ndcg_5: 0.0231	 ndcg_10: 0.0318	 hit@1:0.010138	 hit@5:0.0369	 hit@10: 0.0644
target: 	 mrr: 0.060419	 ndcg_5: 0.0511	 ndcg_10: 0.0654	 hit@1:0.027178	 hit@5:0.0760	 hit@10: 0.1206
target best!
..............target: 	 mrr: 0.058683	 ndcg_5: 0.0520	 ndcg_10: 0.0653	 hit@1:0.019890	 hit@5:0.0816	 hit@10: 0.1235
epoch 42: train_loss = 1.600737, source_mrr = 0.033404, source_hit@10 = 0.0644, source_ndcg@10 = 0.0318, target_mrr = 0.058683, target_hit@10 = 0.1235, target_ndcg@10 = 0.0653

2024-08-14 21:11:50.825173: step 6536/12160 (epoch 43/80), loss = 1.596521 (46.851 sec/epoch), lr: 0.001853
Evaluating on dev set...
...........................
source: 	 mrr: 0.029029	 ndcg_5: 0.0195	 ndcg_10: 0.0274	 hit@1:0.008689	 hit@5:0.0304	 hit@10: 0.0550
target: 	 mrr: 0.049397	 ndcg_5: 0.0408	 ndcg_10: 0.0550	 hit@1:0.013937	 hit@5:0.0655	 hit@10: 0.1094
epoch 43: train_loss = 1.596521, source_mrr = 0.029029, source_hit@10 = 0.0550, source_ndcg@10 = 0.0274, target_mrr = 0.049397, target_hit@10 = 0.1094, target_ndcg@10 = 0.0550

2024-08-14 21:12:38.100128: step 6688/12160 (epoch 44/80), loss = 1.594178 (46.597 sec/epoch), lr: 0.001761
Evaluating on dev set...
...........................
source: 	 mrr: 0.041589	 ndcg_5: 0.0311	 ndcg_10: 0.0428	 hit@1:0.013758	 hit@5:0.0492	 hit@10: 0.0854
target: 	 mrr: 0.052787	 ndcg_5: 0.0447	 ndcg_10: 0.0579	 hit@1:0.018815	 hit@5:0.0718	 hit@10: 0.1122
epoch 44: train_loss = 1.594178, source_mrr = 0.041589, source_hit@10 = 0.0854, source_ndcg@10 = 0.0428, target_mrr = 0.052787, target_hit@10 = 0.1122, target_ndcg@10 = 0.0579

2024-08-14 21:13:25.829278: step 6840/12160 (epoch 45/80), loss = 1.591866 (47.072 sec/epoch), lr: 0.001761
Evaluating on dev set...
...........................
source: 	 mrr: 0.040464	 ndcg_5: 0.0317	 ndcg_10: 0.0418	 hit@1:0.014482	 hit@5:0.0514	 hit@10: 0.0833
target: 	 mrr: 0.052803	 ndcg_5: 0.0443	 ndcg_10: 0.0573	 hit@1:0.018118	 hit@5:0.0711	 hit@10: 0.1108
epoch 45: train_loss = 1.591866, source_mrr = 0.040464, source_hit@10 = 0.0833, source_ndcg@10 = 0.0418, target_mrr = 0.052803, target_hit@10 = 0.1108, target_ndcg@10 = 0.0573

2024-08-14 21:14:13.522420: step 6992/12160 (epoch 46/80), loss = 1.586336 (47.045 sec/epoch), lr: 0.001672
Evaluating on dev set...
...........................
source: 	 mrr: 0.035559	 ndcg_5: 0.0253	 ndcg_10: 0.0361	 hit@1:0.009413	 hit@5:0.0406	 hit@10: 0.0739
target: 	 mrr: 0.051825	 ndcg_5: 0.0428	 ndcg_10: 0.0556	 hit@1:0.018118	 hit@5:0.0669	 hit@10: 0.1066
epoch 46: train_loss = 1.586336, source_mrr = 0.035559, source_hit@10 = 0.0739, source_ndcg@10 = 0.0361, target_mrr = 0.051825, target_hit@10 = 0.1066, target_ndcg@10 = 0.0556

2024-08-14 21:15:00.962369: step 7144/12160 (epoch 47/80), loss = 1.585402 (46.717 sec/epoch), lr: 0.001589
Evaluating on dev set...
...........................
source: 	 mrr: 0.041116	 ndcg_5: 0.0309	 ndcg_10: 0.0393	 hit@1:0.015206	 hit@5:0.0471	 hit@10: 0.0739
target: 	 mrr: 0.051282	 ndcg_5: 0.0412	 ndcg_10: 0.0553	 hit@1:0.017422	 hit@5:0.0655	 hit@10: 0.1087
epoch 47: train_loss = 1.585402, source_mrr = 0.041116, source_hit@10 = 0.0739, source_ndcg@10 = 0.0393, target_mrr = 0.051282, target_hit@10 = 0.1087, target_ndcg@10 = 0.0553

2024-08-14 21:15:49.136871: step 7296/12160 (epoch 48/80), loss = 1.583057 (47.488 sec/epoch), lr: 0.001589
Evaluating on dev set...
...........................
source: 	 mrr: 0.043637	 ndcg_5: 0.0332	 ndcg_10: 0.0438	 hit@1:0.017379	 hit@5:0.0485	 hit@10: 0.0818
target: 	 mrr: 0.050158	 ndcg_5: 0.0405	 ndcg_10: 0.0546	 hit@1:0.017422	 hit@5:0.0627	 hit@10: 0.1066
source best!
.............
source: 	 mrr: 0.032879	 ndcg_5: 0.0234	 ndcg_10: 0.0334	 hit@1:0.007669	 hit@5:0.0422	 hit@10: 0.0736
epoch 48: train_loss = 1.583057, source_mrr = 0.032879, source_hit@10 = 0.0736, source_ndcg@10 = 0.0334, target_mrr = 0.050158, target_hit@10 = 0.1066, target_ndcg@10 = 0.0546

2024-08-14 21:16:36.668164: step 7448/12160 (epoch 49/80), loss = 1.579321 (46.561 sec/epoch), lr: 0.001589
Evaluating on dev set...
...........................
source: 	 mrr: 0.040554	 ndcg_5: 0.0312	 ndcg_10: 0.0411	 hit@1:0.013034	 hit@5:0.0485	 hit@10: 0.0789
target: 	 mrr: 0.054636	 ndcg_5: 0.0440	 ndcg_10: 0.0619	 hit@1:0.017422	 hit@5:0.0697	 hit@10: 0.1247
epoch 49: train_loss = 1.579321, source_mrr = 0.040554, source_hit@10 = 0.0789, source_ndcg@10 = 0.0411, target_mrr = 0.054636, target_hit@10 = 0.1247, target_ndcg@10 = 0.0619

2024-08-14 21:17:23.729083: step 7600/12160 (epoch 50/80), loss = 1.578997 (46.399 sec/epoch), lr: 0.001589
Evaluating on dev set...
...........................
source: 	 mrr: 0.039159	 ndcg_5: 0.0290	 ndcg_10: 0.0398	 hit@1:0.010138	 hit@5:0.0485	 hit@10: 0.0825
target: 	 mrr: 0.051196	 ndcg_5: 0.0459	 ndcg_10: 0.0585	 hit@1:0.013937	 hit@5:0.0801	 hit@10: 0.1192
epoch 50: train_loss = 1.578997, source_mrr = 0.039159, source_hit@10 = 0.0825, source_ndcg@10 = 0.0398, target_mrr = 0.051196, target_hit@10 = 0.1192, target_ndcg@10 = 0.0585

2024-08-14 21:18:11.476643: step 7752/12160 (epoch 51/80), loss = 1.574652 (47.094 sec/epoch), lr: 0.001509
Evaluating on dev set...
...........................
source: 	 mrr: 0.038129	 ndcg_5: 0.0276	 ndcg_10: 0.0390	 hit@1:0.010138	 hit@5:0.0449	 hit@10: 0.0804
target: 	 mrr: 0.046404	 ndcg_5: 0.0375	 ndcg_10: 0.0522	 hit@1:0.011847	 hit@5:0.0620	 hit@10: 0.1080
epoch 51: train_loss = 1.574652, source_mrr = 0.038129, source_hit@10 = 0.0804, source_ndcg@10 = 0.0390, target_mrr = 0.046404, target_hit@10 = 0.1080, target_ndcg@10 = 0.0522

2024-08-14 21:18:58.787809: step 7904/12160 (epoch 52/80), loss = 1.571653 (46.622 sec/epoch), lr: 0.001434
Evaluating on dev set...
...........................
source: 	 mrr: 0.042207	 ndcg_5: 0.0344	 ndcg_10: 0.0424	 hit@1:0.013758	 hit@5:0.0550	 hit@10: 0.0804
target: 	 mrr: 0.052613	 ndcg_5: 0.0424	 ndcg_10: 0.0569	 hit@1:0.019512	 hit@5:0.0641	 hit@10: 0.1094
epoch 52: train_loss = 1.571653, source_mrr = 0.042207, source_hit@10 = 0.0804, source_ndcg@10 = 0.0424, target_mrr = 0.052613, target_hit@10 = 0.1094, target_ndcg@10 = 0.0569

2024-08-14 21:19:46.090277: step 8056/12160 (epoch 53/80), loss = 1.569667 (46.632 sec/epoch), lr: 0.001434
Evaluating on dev set...
...........................
source: 	 mrr: 0.039329	 ndcg_5: 0.0277	 ndcg_10: 0.0400	 hit@1:0.012310	 hit@5:0.0434	 hit@10: 0.0825
target: 	 mrr: 0.048288	 ndcg_5: 0.0390	 ndcg_10: 0.0514	 hit@1:0.020209	 hit@5:0.0592	 hit@10: 0.0976
epoch 53: train_loss = 1.569667, source_mrr = 0.039329, source_hit@10 = 0.0825, source_ndcg@10 = 0.0400, target_mrr = 0.048288, target_hit@10 = 0.0976, target_ndcg@10 = 0.0514

2024-08-14 21:20:33.854153: step 8208/12160 (epoch 54/80), loss = 1.560994 (47.118 sec/epoch), lr: 0.001362
Evaluating on dev set...
...........................
source: 	 mrr: 0.042947	 ndcg_5: 0.0301	 ndcg_10: 0.0433	 hit@1:0.015930	 hit@5:0.0456	 hit@10: 0.0862
target: 	 mrr: 0.056442	 ndcg_5: 0.0473	 ndcg_10: 0.0605	 hit@1:0.022300	 hit@5:0.0711	 hit@10: 0.1122
epoch 54: train_loss = 1.560994, source_mrr = 0.042947, source_hit@10 = 0.0862, source_ndcg@10 = 0.0433, target_mrr = 0.056442, target_hit@10 = 0.1122, target_ndcg@10 = 0.0605

2024-08-14 21:21:21.015202: step 8360/12160 (epoch 55/80), loss = 1.562249 (46.491 sec/epoch), lr: 0.001362
Evaluating on dev set...
...........................
source: 	 mrr: 0.033943	 ndcg_5: 0.0242	 ndcg_10: 0.0350	 hit@1:0.009413	 hit@5:0.0406	 hit@10: 0.0746
target: 	 mrr: 0.047345	 ndcg_5: 0.0380	 ndcg_10: 0.0535	 hit@1:0.015331	 hit@5:0.0620	 hit@10: 0.1101
epoch 55: train_loss = 1.562249, source_mrr = 0.033943, source_hit@10 = 0.0746, source_ndcg@10 = 0.0350, target_mrr = 0.047345, target_hit@10 = 0.1101, target_ndcg@10 = 0.0535

2024-08-14 21:22:04.011848: step 8512/12160 (epoch 56/80), loss = 1.558955 (42.311 sec/epoch), lr: 0.001294
Evaluating on dev set...
...........................
source: 	 mrr: 0.038610	 ndcg_5: 0.0279	 ndcg_10: 0.0414	 hit@1:0.009413	 hit@5:0.0463	 hit@10: 0.0876
target: 	 mrr: 0.048397	 ndcg_5: 0.0393	 ndcg_10: 0.0529	 hit@1:0.016028	 hit@5:0.0641	 hit@10: 0.1066
epoch 56: train_loss = 1.558955, source_mrr = 0.038610, source_hit@10 = 0.0876, source_ndcg@10 = 0.0414, target_mrr = 0.048397, target_hit@10 = 0.1066, target_ndcg@10 = 0.0529

2024-08-14 21:22:47.312522: step 8664/12160 (epoch 57/80), loss = 1.555304 (42.688 sec/epoch), lr: 0.001294
Evaluating on dev set...
...........................
source: 	 mrr: 0.041523	 ndcg_5: 0.0324	 ndcg_10: 0.0425	 hit@1:0.008689	 hit@5:0.0550	 hit@10: 0.0869
target: 	 mrr: 0.049686	 ndcg_5: 0.0392	 ndcg_10: 0.0524	 hit@1:0.018118	 hit@5:0.0606	 hit@10: 0.1010
epoch 57: train_loss = 1.555304, source_mrr = 0.041523, source_hit@10 = 0.0869, source_ndcg@10 = 0.0425, target_mrr = 0.049686, target_hit@10 = 0.1010, target_ndcg@10 = 0.0524

2024-08-14 21:23:30.763747: step 8816/12160 (epoch 58/80), loss = 1.554154 (42.852 sec/epoch), lr: 0.001294
Evaluating on dev set...
...........................
source: 	 mrr: 0.043540	 ndcg_5: 0.0343	 ndcg_10: 0.0458	 hit@1:0.014482	 hit@5:0.0565	 hit@10: 0.0927
target: 	 mrr: 0.044268	 ndcg_5: 0.0349	 ndcg_10: 0.0468	 hit@1:0.013240	 hit@5:0.0564	 hit@10: 0.0934
epoch 58: train_loss = 1.554154, source_mrr = 0.043540, source_hit@10 = 0.0927, source_ndcg@10 = 0.0458, target_mrr = 0.044268, target_hit@10 = 0.0934, target_ndcg@10 = 0.0468

2024-08-14 21:24:14.298077: step 8968/12160 (epoch 59/80), loss = 1.551104 (42.925 sec/epoch), lr: 0.001229
Evaluating on dev set...
...........................
source: 	 mrr: 0.037568	 ndcg_5: 0.0276	 ndcg_10: 0.0361	 hit@1:0.013758	 hit@5:0.0420	 hit@10: 0.0688
target: 	 mrr: 0.048864	 ndcg_5: 0.0398	 ndcg_10: 0.0514	 hit@1:0.017422	 hit@5:0.0627	 hit@10: 0.0990
epoch 59: train_loss = 1.551104, source_mrr = 0.037568, source_hit@10 = 0.0688, source_ndcg@10 = 0.0361, target_mrr = 0.048864, target_hit@10 = 0.0990, target_ndcg@10 = 0.0514

2024-08-14 21:24:58.792328: step 9120/12160 (epoch 60/80), loss = 1.549724 (43.889 sec/epoch), lr: 0.001168
Evaluating on dev set...
...........................
source: 	 mrr: 0.040700	 ndcg_5: 0.0313	 ndcg_10: 0.0444	 hit@1:0.012310	 hit@5:0.0507	 hit@10: 0.0912
target: 	 mrr: 0.046577	 ndcg_5: 0.0382	 ndcg_10: 0.0522	 hit@1:0.014634	 hit@5:0.0606	 hit@10: 0.1052
epoch 60: train_loss = 1.549724, source_mrr = 0.040700, source_hit@10 = 0.0912, source_ndcg@10 = 0.0444, target_mrr = 0.046577, target_hit@10 = 0.1052, target_ndcg@10 = 0.0522

2024-08-14 21:25:42.718647: step 9272/12160 (epoch 61/80), loss = 1.544505 (43.278 sec/epoch), lr: 0.001168
Evaluating on dev set...
...........................
source: 	 mrr: 0.036249	 ndcg_5: 0.0289	 ndcg_10: 0.0375	 hit@1:0.010862	 hit@5:0.0471	 hit@10: 0.0739
target: 	 mrr: 0.054618	 ndcg_5: 0.0445	 ndcg_10: 0.0611	 hit@1:0.019512	 hit@5:0.0697	 hit@10: 0.1206
epoch 61: train_loss = 1.544505, source_mrr = 0.036249, source_hit@10 = 0.0739, source_ndcg@10 = 0.0375, target_mrr = 0.054618, target_hit@10 = 0.1206, target_ndcg@10 = 0.0611

2024-08-14 21:26:25.521035: step 9424/12160 (epoch 62/80), loss = 1.547427 (42.198 sec/epoch), lr: 0.001168
Evaluating on dev set...
...........................
source: 	 mrr: 0.032544	 ndcg_5: 0.0233	 ndcg_10: 0.0314	 hit@1:0.009413	 hit@5:0.0391	 hit@10: 0.0644
target: 	 mrr: 0.045406	 ndcg_5: 0.0338	 ndcg_10: 0.0488	 hit@1:0.016725	 hit@5:0.0516	 hit@10: 0.0983
epoch 62: train_loss = 1.547427, source_mrr = 0.032544, source_hit@10 = 0.0644, source_ndcg@10 = 0.0314, target_mrr = 0.045406, target_hit@10 = 0.0983, target_ndcg@10 = 0.0488

2024-08-14 21:27:08.753220: step 9576/12160 (epoch 63/80), loss = 1.541984 (42.592 sec/epoch), lr: 0.001110
Evaluating on dev set...
...........................
source: 	 mrr: 0.040046	 ndcg_5: 0.0313	 ndcg_10: 0.0418	 hit@1:0.010862	 hit@5:0.0521	 hit@10: 0.0847
target: 	 mrr: 0.051893	 ndcg_5: 0.0432	 ndcg_10: 0.0578	 hit@1:0.019512	 hit@5:0.0683	 hit@10: 0.1143
epoch 63: train_loss = 1.541984, source_mrr = 0.040046, source_hit@10 = 0.0847, source_ndcg@10 = 0.0418, target_mrr = 0.051893, target_hit@10 = 0.1143, target_ndcg@10 = 0.0578

2024-08-14 21:27:53.774665: step 9728/12160 (epoch 64/80), loss = 1.540580 (44.421 sec/epoch), lr: 0.001110
Evaluating on dev set...
...........................
source: 	 mrr: 0.037653	 ndcg_5: 0.0273	 ndcg_10: 0.0379	 hit@1:0.011586	 hit@5:0.0434	 hit@10: 0.0768
target: 	 mrr: 0.056075	 ndcg_5: 0.0467	 ndcg_10: 0.0605	 hit@1:0.021603	 hit@5:0.0725	 hit@10: 0.1157
epoch 64: train_loss = 1.540580, source_mrr = 0.037653, source_hit@10 = 0.0768, source_ndcg@10 = 0.0379, target_mrr = 0.056075, target_hit@10 = 0.1157, target_ndcg@10 = 0.0605

2024-08-14 21:28:41.588969: step 9880/12160 (epoch 65/80), loss = 1.539836 (47.118 sec/epoch), lr: 0.001110
Evaluating on dev set...
...........................
source: 	 mrr: 0.040352	 ndcg_5: 0.0310	 ndcg_10: 0.0413	 hit@1:0.014482	 hit@5:0.0485	 hit@10: 0.0811
target: 	 mrr: 0.051001	 ndcg_5: 0.0410	 ndcg_10: 0.0558	 hit@1:0.018118	 hit@5:0.0627	 hit@10: 0.1080
epoch 65: train_loss = 1.539836, source_mrr = 0.040352, source_hit@10 = 0.0811, source_ndcg@10 = 0.0413, target_mrr = 0.051001, target_hit@10 = 0.1080, target_ndcg@10 = 0.0558

2024-08-14 21:29:29.054382: step 10032/12160 (epoch 66/80), loss = 1.531947 (46.727 sec/epoch), lr: 0.001054
Evaluating on dev set...
...........................
source: 	 mrr: 0.039317	 ndcg_5: 0.0306	 ndcg_10: 0.0397	 hit@1:0.010862	 hit@5:0.0500	 hit@10: 0.0782
target: 	 mrr: 0.053102	 ndcg_5: 0.0432	 ndcg_10: 0.0558	 hit@1:0.022997	 hit@5:0.0655	 hit@10: 0.1045
epoch 66: train_loss = 1.531947, source_mrr = 0.039317, source_hit@10 = 0.0782, source_ndcg@10 = 0.0397, target_mrr = 0.053102, target_hit@10 = 0.1045, target_ndcg@10 = 0.0558

2024-08-14 21:30:16.496580: step 10184/12160 (epoch 67/80), loss = 1.533524 (46.794 sec/epoch), lr: 0.001054
Evaluating on dev set...
...........................
source: 	 mrr: 0.048953	 ndcg_5: 0.0392	 ndcg_10: 0.0504	 hit@1:0.020275	 hit@5:0.0594	 hit@10: 0.0941
target: 	 mrr: 0.054439	 ndcg_5: 0.0466	 ndcg_10: 0.0588	 hit@1:0.019512	 hit@5:0.0746	 hit@10: 0.1115
source best!
.............
source: 	 mrr: 0.038616	 ndcg_5: 0.0286	 ndcg_10: 0.0379	 hit@1:0.010736	 hit@5:0.0475	 hit@10: 0.0767
epoch 67: train_loss = 1.533524, source_mrr = 0.038616, source_hit@10 = 0.0767, source_ndcg@10 = 0.0379, target_mrr = 0.054439, target_hit@10 = 0.1115, target_ndcg@10 = 0.0588

2024-08-14 21:31:04.756073: step 10336/12160 (epoch 68/80), loss = 1.529727 (47.313 sec/epoch), lr: 0.001054
Evaluating on dev set...
...........................
source: 	 mrr: 0.033496	 ndcg_5: 0.0235	 ndcg_10: 0.0338	 hit@1:0.009413	 hit@5:0.0391	 hit@10: 0.0702
target: 	 mrr: 0.054678	 ndcg_5: 0.0452	 ndcg_10: 0.0586	 hit@1:0.022300	 hit@5:0.0683	 hit@10: 0.1101
epoch 68: train_loss = 1.529727, source_mrr = 0.033496, source_hit@10 = 0.0702, source_ndcg@10 = 0.0338, target_mrr = 0.054678, target_hit@10 = 0.1101, target_ndcg@10 = 0.0586

2024-08-14 21:31:52.860776: step 10488/12160 (epoch 69/80), loss = 1.525454 (47.377 sec/epoch), lr: 0.001001
Evaluating on dev set...
...........................
source: 	 mrr: 0.028471	 ndcg_5: 0.0201	 ndcg_10: 0.0273	 hit@1:0.007965	 hit@5:0.0326	 hit@10: 0.0550
target: 	 mrr: 0.052193	 ndcg_5: 0.0431	 ndcg_10: 0.0557	 hit@1:0.020906	 hit@5:0.0669	 hit@10: 0.1059
epoch 69: train_loss = 1.525454, source_mrr = 0.028471, source_hit@10 = 0.0550, source_ndcg@10 = 0.0273, target_mrr = 0.052193, target_hit@10 = 0.1059, target_ndcg@10 = 0.0557

2024-08-14 21:32:40.209937: step 10640/12160 (epoch 70/80), loss = 1.523849 (46.715 sec/epoch), lr: 0.000951
Evaluating on dev set...
...........................
source: 	 mrr: 0.030149	 ndcg_5: 0.0210	 ndcg_10: 0.0310	 hit@1:0.006517	 hit@5:0.0355	 hit@10: 0.0666
target: 	 mrr: 0.053857	 ndcg_5: 0.0452	 ndcg_10: 0.0593	 hit@1:0.018815	 hit@5:0.0697	 hit@10: 0.1136
epoch 70: train_loss = 1.523849, source_mrr = 0.030149, source_hit@10 = 0.0666, source_ndcg@10 = 0.0310, target_mrr = 0.053857, target_hit@10 = 0.1136, target_ndcg@10 = 0.0593

2024-08-14 21:33:27.986248: step 10792/12160 (epoch 71/80), loss = 1.519729 (47.082 sec/epoch), lr: 0.000951
Evaluating on dev set...
...........................
source: 	 mrr: 0.034381	 ndcg_5: 0.0257	 ndcg_10: 0.0343	 hit@1:0.010862	 hit@5:0.0413	 hit@10: 0.0673
target: 	 mrr: 0.047401	 ndcg_5: 0.0379	 ndcg_10: 0.0516	 hit@1:0.014634	 hit@5:0.0606	 hit@10: 0.1031
epoch 71: train_loss = 1.519729, source_mrr = 0.034381, source_hit@10 = 0.0673, source_ndcg@10 = 0.0343, target_mrr = 0.047401, target_hit@10 = 0.1031, target_ndcg@10 = 0.0516

2024-08-14 21:34:15.749431: step 10944/12160 (epoch 72/80), loss = 1.514611 (47.061 sec/epoch), lr: 0.000904
Evaluating on dev set...
...........................
source: 	 mrr: 0.040332	 ndcg_5: 0.0316	 ndcg_10: 0.0397	 hit@1:0.010862	 hit@5:0.0521	 hit@10: 0.0768
target: 	 mrr: 0.047880	 ndcg_5: 0.0393	 ndcg_10: 0.0526	 hit@1:0.014634	 hit@5:0.0627	 hit@10: 0.1031
epoch 72: train_loss = 1.514611, source_mrr = 0.040332, source_hit@10 = 0.0768, source_ndcg@10 = 0.0397, target_mrr = 0.047880, target_hit@10 = 0.1031, target_ndcg@10 = 0.0526

2024-08-14 21:35:02.749964: step 11096/12160 (epoch 73/80), loss = 1.515549 (46.369 sec/epoch), lr: 0.000904
Evaluating on dev set...
...........................
source: 	 mrr: 0.039913	 ndcg_5: 0.0295	 ndcg_10: 0.0376	 hit@1:0.015206	 hit@5:0.0442	 hit@10: 0.0695
target: 	 mrr: 0.049275	 ndcg_5: 0.0406	 ndcg_10: 0.0546	 hit@1:0.018815	 hit@5:0.0620	 hit@10: 0.1059
epoch 73: train_loss = 1.515549, source_mrr = 0.039913, source_hit@10 = 0.0695, source_ndcg@10 = 0.0376, target_mrr = 0.049275, target_hit@10 = 0.1059, target_ndcg@10 = 0.0546

2024-08-14 21:35:50.956545: step 11248/12160 (epoch 74/80), loss = 1.515992 (47.469 sec/epoch), lr: 0.000904
Evaluating on dev set...
...........................
source: 	 mrr: 0.031506	 ndcg_5: 0.0217	 ndcg_10: 0.0290	 hit@1:0.010138	 hit@5:0.0333	 hit@10: 0.0565
target: 	 mrr: 0.041371	 ndcg_5: 0.0319	 ndcg_10: 0.0434	 hit@1:0.011847	 hit@5:0.0523	 hit@10: 0.0878
epoch 74: train_loss = 1.515992, source_mrr = 0.031506, source_hit@10 = 0.0565, source_ndcg@10 = 0.0290, target_mrr = 0.041371, target_hit@10 = 0.0878, target_ndcg@10 = 0.0434

2024-08-14 21:36:38.518864: step 11400/12160 (epoch 75/80), loss = 1.510495 (46.843 sec/epoch), lr: 0.000859
Evaluating on dev set...
...........................
source: 	 mrr: 0.043534	 ndcg_5: 0.0331	 ndcg_10: 0.0450	 hit@1:0.015930	 hit@5:0.0485	 hit@10: 0.0862
target: 	 mrr: 0.051609	 ndcg_5: 0.0417	 ndcg_10: 0.0556	 hit@1:0.018815	 hit@5:0.0641	 hit@10: 0.1073
epoch 75: train_loss = 1.510495, source_mrr = 0.043534, source_hit@10 = 0.0862, source_ndcg@10 = 0.0450, target_mrr = 0.051609, target_hit@10 = 0.1073, target_ndcg@10 = 0.0556

2024-08-14 21:37:26.037497: step 11552/12160 (epoch 76/80), loss = 1.509969 (46.893 sec/epoch), lr: 0.000859
Evaluating on dev set...
...........................
source: 	 mrr: 0.035144	 ndcg_5: 0.0261	 ndcg_10: 0.0353	 hit@1:0.011586	 hit@5:0.0420	 hit@10: 0.0702
target: 	 mrr: 0.047480	 ndcg_5: 0.0393	 ndcg_10: 0.0519	 hit@1:0.015331	 hit@5:0.0641	 hit@10: 0.1031
epoch 76: train_loss = 1.509969, source_mrr = 0.035144, source_hit@10 = 0.0702, source_ndcg@10 = 0.0353, target_mrr = 0.047480, target_hit@10 = 0.1031, target_ndcg@10 = 0.0519

2024-08-14 21:38:14.100684: step 11704/12160 (epoch 77/80), loss = 1.506682 (47.337 sec/epoch), lr: 0.000816
Evaluating on dev set...
...........................
source: 	 mrr: 0.036173	 ndcg_5: 0.0292	 ndcg_10: 0.0378	 hit@1:0.010862	 hit@5:0.0500	 hit@10: 0.0775
target: 	 mrr: 0.042990	 ndcg_5: 0.0322	 ndcg_10: 0.0456	 hit@1:0.010453	 hit@5:0.0523	 hit@10: 0.0934
epoch 77: train_loss = 1.506682, source_mrr = 0.036173, source_hit@10 = 0.0775, source_ndcg@10 = 0.0378, target_mrr = 0.042990, target_hit@10 = 0.0934, target_ndcg@10 = 0.0456

2024-08-14 21:39:02.298703: step 11856/12160 (epoch 78/80), loss = 1.503063 (47.526 sec/epoch), lr: 0.000775
Evaluating on dev set...
...........................
source: 	 mrr: 0.039255	 ndcg_5: 0.0285	 ndcg_10: 0.0364	 hit@1:0.012310	 hit@5:0.0434	 hit@10: 0.0681
target: 	 mrr: 0.051840	 ndcg_5: 0.0436	 ndcg_10: 0.0559	 hit@1:0.020209	 hit@5:0.0683	 hit@10: 0.1073
epoch 78: train_loss = 1.503063, source_mrr = 0.039255, source_hit@10 = 0.0681, source_ndcg@10 = 0.0364, target_mrr = 0.051840, target_hit@10 = 0.1073, target_ndcg@10 = 0.0559

2024-08-14 21:39:50.155099: step 12008/12160 (epoch 79/80), loss = 1.502485 (47.201 sec/epoch), lr: 0.000775
Evaluating on dev set...
...........................
source: 	 mrr: 0.039577	 ndcg_5: 0.0311	 ndcg_10: 0.0403	 hit@1:0.012310	 hit@5:0.0492	 hit@10: 0.0775
target: 	 mrr: 0.051943	 ndcg_5: 0.0428	 ndcg_10: 0.0555	 hit@1:0.017422	 hit@5:0.0683	 hit@10: 0.1080
epoch 79: train_loss = 1.502485, source_mrr = 0.039577, source_hit@10 = 0.0775, source_ndcg@10 = 0.0403, target_mrr = 0.051943, target_hit@10 = 0.1080, target_ndcg@10 = 0.0555

2024-08-14 21:40:37.668717: step 12160/12160 (epoch 80/80), loss = 1.500260 (46.829 sec/epoch), lr: 0.000775
Evaluating on dev set...
...........................
source: 	 mrr: 0.034528	 ndcg_5: 0.0245	 ndcg_10: 0.0356	 hit@1:0.009413	 hit@5:0.0384	 hit@10: 0.0739
target: 	 mrr: 0.049738	 ndcg_5: 0.0407	 ndcg_10: 0.0536	 hit@1:0.017422	 hit@5:0.0662	 hit@10: 0.1059
epoch 80: train_loss = 1.500260, source_mrr = 0.034528, source_hit@10 = 0.0739, source_ndcg@10 = 0.0356, target_mrr = 0.049738, target_hit@10 = 0.1059, target_ndcg@10 = 0.0536

source best:  source_mrr = 0.048953, source_hit@10 = 0.0941, source_ndcg@10 = 0.0504
target best:  target_mrr = 0.056299, target_hit@10 = 0.1261, target_ndcg@10 = 0.0638
