using gpu:2 to train the model
using gpu:2 to train the model
cuda:2
Namespace(A_split=False, JK='sum', a_fold=100, aggregate=False, alpha=0.4, batch_size=2048, beta_inter=0.2, conv_layers=4, cuda=True, decay_epoch=10, device=device(type='cuda', index=2), device_id='2', domains='game_video', dropout=0.4, epoch=80, feature_dim=126, gamma_intra=0.8, hidden_dim=126, inter_tau=0.2, intra_tau=0.4, lambda_critic=0.1, leakey=0.05, load=False, log='logs.txt', log_epoch=1, lr=0.004, lr_decay=0.95, min_epoch=60, mode='train', model_file=None, model_name='gv', momentum=0.98, num_latent_factors=3, num_negative=100, optim='adam', patience=20, proj_layers=1, projection=1, rectify_epoch=40, residual=1, save=False, save_dir='./saved_models', seed=32, similarity_tau=0.2, step=4, test_sample_number=999, user_batch_size=256, weight_decay=0.0002)
number_user 25025
number_item 12319
real graph loaded!
number_user 19457
number_item 8751
real graph loaded!
graph loaded!
Loading data from game_video with batch size 2048...
unseen test: 0
test length: 1381
unseen test: 0
test length: 1304
unseen test: 0
test length: 1435
unseen test: 0
test length: 1458
source_user_num 25025
target_user_num 19457
source_item_num 12319
target_item_num 8751
shared users id: 1737
test users 226, 217
unseen test: 0
dev length: 1000
unseen test: 0
dev length: 1000
source train data : 155036, target train data: 156091, source test data : 1304, target test data : 1458, source dev data : 1000, target dev data : 1000
2024-08-15 03:12:30.444872: step 152/12160 (epoch 1/80), loss = 2.327027 (44.262 sec/epoch), lr: 0.004000
Evaluating on dev set...
...........................
source: 	 mrr: 0.025266	 ndcg_5: 0.0150	 ndcg_10: 0.0195	 hit@1:0.009413	 hit@5:0.0203	 hit@10: 0.0348
target: 	 mrr: 0.028527	 ndcg_5: 0.0203	 ndcg_10: 0.0287	 hit@1:0.008362	 hit@5:0.0321	 hit@10: 0.0585
source best!
.............
source: 	 mrr: 0.024753	 ndcg_5: 0.0163	 ndcg_10: 0.0217	 hit@1:0.005368	 hit@5:0.0261	 hit@10: 0.0429
target best!
..............target: 	 mrr: 0.031657	 ndcg_5: 0.0242	 ndcg_10: 0.0293	 hit@1:0.012346	 hit@5:0.0357	 hit@10: 0.0521
epoch 1: train_loss = 2.327027, source_mrr = 0.024753, source_hit@10 = 0.0429, source_ndcg@10 = 0.0217, target_mrr = 0.031657, target_hit@10 = 0.0521, target_ndcg@10 = 0.0293

2024-08-15 03:13:16.422532: step 304/12160 (epoch 2/80), loss = 1.955929 (44.737 sec/epoch), lr: 0.004000
Evaluating on dev set...
...........................
source: 	 mrr: 0.031718	 ndcg_5: 0.0210	 ndcg_10: 0.0311	 hit@1:0.005793	 hit@5:0.0369	 hit@10: 0.0681
target: 	 mrr: 0.027306	 ndcg_5: 0.0182	 ndcg_10: 0.0250	 hit@1:0.009756	 hit@5:0.0272	 hit@10: 0.0481
source best!
.............
source: 	 mrr: 0.031959	 ndcg_5: 0.0213	 ndcg_10: 0.0316	 hit@1:0.006902	 hit@5:0.0368	 hit@10: 0.0690
epoch 2: train_loss = 1.955929, source_mrr = 0.031959, source_hit@10 = 0.0690, source_ndcg@10 = 0.0316, target_mrr = 0.027306, target_hit@10 = 0.0481, target_ndcg@10 = 0.0250

2024-08-15 03:14:01.879558: step 456/12160 (epoch 3/80), loss = 1.898069 (44.564 sec/epoch), lr: 0.004000
Evaluating on dev set...
...........................
source: 	 mrr: 0.034556	 ndcg_5: 0.0211	 ndcg_10: 0.0336	 hit@1:0.007965	 hit@5:0.0355	 hit@10: 0.0746
target: 	 mrr: 0.035078	 ndcg_5: 0.0250	 ndcg_10: 0.0332	 hit@1:0.012544	 hit@5:0.0376	 hit@10: 0.0634
source best!
.............
source: 	 mrr: 0.034894	 ndcg_5: 0.0226	 ndcg_10: 0.0355	 hit@1:0.006135	 hit@5:0.0391	 hit@10: 0.0798
target best!
..............target: 	 mrr: 0.038126	 ndcg_5: 0.0298	 ndcg_10: 0.0373	 hit@1:0.013717	 hit@5:0.0453	 hit@10: 0.0686
epoch 3: train_loss = 1.898069, source_mrr = 0.034894, source_hit@10 = 0.0798, source_ndcg@10 = 0.0355, target_mrr = 0.038126, target_hit@10 = 0.0686, target_ndcg@10 = 0.0373

2024-08-15 03:14:46.915199: step 608/12160 (epoch 4/80), loss = 1.875294 (43.884 sec/epoch), lr: 0.004000
Evaluating on dev set...
...........................
source: 	 mrr: 0.037227	 ndcg_5: 0.0270	 ndcg_10: 0.0365	 hit@1:0.010862	 hit@5:0.0434	 hit@10: 0.0731
target: 	 mrr: 0.048300	 ndcg_5: 0.0399	 ndcg_10: 0.0517	 hit@1:0.018815	 hit@5:0.0634	 hit@10: 0.1003
source best!
.............
source: 	 mrr: 0.034730	 ndcg_5: 0.0246	 ndcg_10: 0.0335	 hit@1:0.009969	 hit@5:0.0399	 hit@10: 0.0675
target best!
..............target: 	 mrr: 0.046604	 ndcg_5: 0.0363	 ndcg_10: 0.0525	 hit@1:0.013717	 hit@5:0.0590	 hit@10: 0.1097
epoch 4: train_loss = 1.875294, source_mrr = 0.034730, source_hit@10 = 0.0675, source_ndcg@10 = 0.0335, target_mrr = 0.046604, target_hit@10 = 0.1097, target_ndcg@10 = 0.0525

2024-08-15 03:15:32.172640: step 760/12160 (epoch 5/80), loss = 1.861355 (44.150 sec/epoch), lr: 0.004000
Evaluating on dev set...
...........................
source: 	 mrr: 0.036019	 ndcg_5: 0.0251	 ndcg_10: 0.0341	 hit@1:0.011586	 hit@5:0.0398	 hit@10: 0.0681
target: 	 mrr: 0.052385	 ndcg_5: 0.0461	 ndcg_10: 0.0563	 hit@1:0.017422	 hit@5:0.0753	 hit@10: 0.1073
target best!
..............target: 	 mrr: 0.053075	 ndcg_5: 0.0454	 ndcg_10: 0.0591	 hit@1:0.017147	 hit@5:0.0748	 hit@10: 0.1166
epoch 5: train_loss = 1.861355, source_mrr = 0.036019, source_hit@10 = 0.0681, source_ndcg@10 = 0.0341, target_mrr = 0.053075, target_hit@10 = 0.1166, target_ndcg@10 = 0.0591

2024-08-15 03:16:16.327491: step 912/12160 (epoch 6/80), loss = 1.838805 (43.286 sec/epoch), lr: 0.004000
Evaluating on dev set...
...........................
source: 	 mrr: 0.035780	 ndcg_5: 0.0252	 ndcg_10: 0.0340	 hit@1:0.010862	 hit@5:0.0369	 hit@10: 0.0637
target: 	 mrr: 0.030658	 ndcg_5: 0.0227	 ndcg_10: 0.0310	 hit@1:0.009059	 hit@5:0.0369	 hit@10: 0.0627
epoch 6: train_loss = 1.838805, source_mrr = 0.035780, source_hit@10 = 0.0637, source_ndcg@10 = 0.0340, target_mrr = 0.030658, target_hit@10 = 0.0627, target_ndcg@10 = 0.0310

2024-08-15 03:17:02.343218: step 1064/12160 (epoch 7/80), loss = 1.808732 (45.393 sec/epoch), lr: 0.004000
Evaluating on dev set...
...........................
source: 	 mrr: 0.035675	 ndcg_5: 0.0265	 ndcg_10: 0.0364	 hit@1:0.008689	 hit@5:0.0456	 hit@10: 0.0768
target: 	 mrr: 0.043925	 ndcg_5: 0.0349	 ndcg_10: 0.0454	 hit@1:0.016725	 hit@5:0.0557	 hit@10: 0.0885
epoch 7: train_loss = 1.808732, source_mrr = 0.035675, source_hit@10 = 0.0768, source_ndcg@10 = 0.0364, target_mrr = 0.043925, target_hit@10 = 0.0885, target_ndcg@10 = 0.0454

2024-08-15 03:17:47.024315: step 1216/12160 (epoch 8/80), loss = 1.774909 (44.079 sec/epoch), lr: 0.004000
Evaluating on dev set...
...........................
source: 	 mrr: 0.027264	 ndcg_5: 0.0189	 ndcg_10: 0.0270	 hit@1:0.005793	 hit@5:0.0319	 hit@10: 0.0572
target: 	 mrr: 0.046440	 ndcg_5: 0.0360	 ndcg_10: 0.0522	 hit@1:0.014634	 hit@5:0.0557	 hit@10: 0.1066
epoch 8: train_loss = 1.774909, source_mrr = 0.027264, source_hit@10 = 0.0572, source_ndcg@10 = 0.0270, target_mrr = 0.046440, target_hit@10 = 0.1066, target_ndcg@10 = 0.0522

2024-08-15 03:18:30.337196: step 1368/12160 (epoch 9/80), loss = 1.755310 (42.522 sec/epoch), lr: 0.004000
Evaluating on dev set...
...........................
source: 	 mrr: 0.028845	 ndcg_5: 0.0197	 ndcg_10: 0.0280	 hit@1:0.008689	 hit@5:0.0311	 hit@10: 0.0565
target: 	 mrr: 0.043217	 ndcg_5: 0.0339	 ndcg_10: 0.0463	 hit@1:0.013240	 hit@5:0.0551	 hit@10: 0.0941
epoch 9: train_loss = 1.755310, source_mrr = 0.028845, source_hit@10 = 0.0565, source_ndcg@10 = 0.0280, target_mrr = 0.043217, target_hit@10 = 0.0941, target_ndcg@10 = 0.0463

2024-08-15 03:19:12.120434: step 1520/12160 (epoch 10/80), loss = 1.742606 (41.180 sec/epoch), lr: 0.004000
Evaluating on dev set...
...........................
source: 	 mrr: 0.034401	 ndcg_5: 0.0251	 ndcg_10: 0.0319	 hit@1:0.012310	 hit@5:0.0391	 hit@10: 0.0601
target: 	 mrr: 0.046998	 ndcg_5: 0.0392	 ndcg_10: 0.0521	 hit@1:0.012544	 hit@5:0.0662	 hit@10: 0.1066
epoch 10: train_loss = 1.742606, source_mrr = 0.034401, source_hit@10 = 0.0601, source_ndcg@10 = 0.0319, target_mrr = 0.046998, target_hit@10 = 0.1066, target_ndcg@10 = 0.0521

2024-08-15 03:19:55.457869: step 1672/12160 (epoch 11/80), loss = 1.739966 (42.734 sec/epoch), lr: 0.004000
Evaluating on dev set...
...........................
source: 	 mrr: 0.033482	 ndcg_5: 0.0253	 ndcg_10: 0.0337	 hit@1:0.007965	 hit@5:0.0434	 hit@10: 0.0695
target: 	 mrr: 0.039204	 ndcg_5: 0.0315	 ndcg_10: 0.0407	 hit@1:0.010453	 hit@5:0.0537	 hit@10: 0.0822
epoch 11: train_loss = 1.739966, source_mrr = 0.033482, source_hit@10 = 0.0695, source_ndcg@10 = 0.0337, target_mrr = 0.039204, target_hit@10 = 0.0822, target_ndcg@10 = 0.0407

2024-08-15 03:20:39.583713: step 1824/12160 (epoch 12/80), loss = 1.727759 (43.522 sec/epoch), lr: 0.003800
Evaluating on dev set...
...........................
source: 	 mrr: 0.021038	 ndcg_5: 0.0130	 ndcg_10: 0.0182	 hit@1:0.005793	 hit@5:0.0203	 hit@10: 0.0369
target: 	 mrr: 0.055774	 ndcg_5: 0.0482	 ndcg_10: 0.0636	 hit@1:0.020209	 hit@5:0.0767	 hit@10: 0.1247
target best!
..............target: 	 mrr: 0.056254	 ndcg_5: 0.0501	 ndcg_10: 0.0633	 hit@1:0.019204	 hit@5:0.0830	 hit@10: 0.1241
epoch 12: train_loss = 1.727759, source_mrr = 0.021038, source_hit@10 = 0.0369, source_ndcg@10 = 0.0182, target_mrr = 0.056254, target_hit@10 = 0.1241, target_ndcg@10 = 0.0633

2024-08-15 03:21:23.565120: step 1976/12160 (epoch 13/80), loss = 1.726327 (43.136 sec/epoch), lr: 0.003800
Evaluating on dev set...
...........................
source: 	 mrr: 0.022596	 ndcg_5: 0.0166	 ndcg_10: 0.0211	 hit@1:0.005069	 hit@5:0.0282	 hit@10: 0.0420
target: 	 mrr: 0.038585	 ndcg_5: 0.0270	 ndcg_10: 0.0431	 hit@1:0.011847	 hit@5:0.0439	 hit@10: 0.0948
epoch 13: train_loss = 1.726327, source_mrr = 0.022596, source_hit@10 = 0.0420, source_ndcg@10 = 0.0211, target_mrr = 0.038585, target_hit@10 = 0.0948, target_ndcg@10 = 0.0431

2024-08-15 03:22:07.855654: step 2128/12160 (epoch 14/80), loss = 1.720406 (43.673 sec/epoch), lr: 0.003610
Evaluating on dev set...
...........................
source: 	 mrr: 0.027328	 ndcg_5: 0.0172	 ndcg_10: 0.0260	 hit@1:0.009413	 hit@5:0.0253	 hit@10: 0.0529
target: 	 mrr: 0.049988	 ndcg_5: 0.0408	 ndcg_10: 0.0533	 hit@1:0.017422	 hit@5:0.0634	 hit@10: 0.1024
epoch 14: train_loss = 1.720406, source_mrr = 0.027328, source_hit@10 = 0.0529, source_ndcg@10 = 0.0260, target_mrr = 0.049988, target_hit@10 = 0.1024, target_ndcg@10 = 0.0533

2024-08-15 03:22:51.313121: step 2280/12160 (epoch 15/80), loss = 1.715066 (42.805 sec/epoch), lr: 0.003610
Evaluating on dev set...
...........................
source: 	 mrr: 0.025713	 ndcg_5: 0.0161	 ndcg_10: 0.0240	 hit@1:0.004345	 hit@5:0.0268	 hit@10: 0.0514
target: 	 mrr: 0.054887	 ndcg_5: 0.0432	 ndcg_10: 0.0578	 hit@1:0.022300	 hit@5:0.0634	 hit@10: 0.1087
epoch 15: train_loss = 1.715066, source_mrr = 0.025713, source_hit@10 = 0.0514, source_ndcg@10 = 0.0240, target_mrr = 0.054887, target_hit@10 = 0.1087, target_ndcg@10 = 0.0578

2024-08-15 03:23:35.124311: step 2432/12160 (epoch 16/80), loss = 1.710808 (43.190 sec/epoch), lr: 0.003610
Evaluating on dev set...
...........................
source: 	 mrr: 0.017127	 ndcg_5: 0.0100	 ndcg_10: 0.0151	 hit@1:0.002896	 hit@5:0.0174	 hit@10: 0.0333
target: 	 mrr: 0.044376	 ndcg_5: 0.0339	 ndcg_10: 0.0454	 hit@1:0.013937	 hit@5:0.0530	 hit@10: 0.0885
epoch 16: train_loss = 1.710808, source_mrr = 0.017127, source_hit@10 = 0.0333, source_ndcg@10 = 0.0151, target_mrr = 0.044376, target_hit@10 = 0.0885, target_ndcg@10 = 0.0454

2024-08-15 03:24:20.095346: step 2584/12160 (epoch 17/80), loss = 1.703321 (44.329 sec/epoch), lr: 0.003429
Evaluating on dev set...
...........................
source: 	 mrr: 0.021671	 ndcg_5: 0.0140	 ndcg_10: 0.0211	 hit@1:0.005793	 hit@5:0.0224	 hit@10: 0.0449
target: 	 mrr: 0.039286	 ndcg_5: 0.0304	 ndcg_10: 0.0406	 hit@1:0.011150	 hit@5:0.0502	 hit@10: 0.0822
epoch 17: train_loss = 1.703321, source_mrr = 0.021671, source_hit@10 = 0.0449, source_ndcg@10 = 0.0211, target_mrr = 0.039286, target_hit@10 = 0.0822, target_ndcg@10 = 0.0406

2024-08-15 03:25:05.786956: step 2736/12160 (epoch 18/80), loss = 1.698746 (45.015 sec/epoch), lr: 0.003258
Evaluating on dev set...
...........................
source: 	 mrr: 0.027221	 ndcg_5: 0.0192	 ndcg_10: 0.0254	 hit@1:0.007965	 hit@5:0.0311	 hit@10: 0.0500
target: 	 mrr: 0.054288	 ndcg_5: 0.0440	 ndcg_10: 0.0581	 hit@1:0.022997	 hit@5:0.0655	 hit@10: 0.1094
epoch 18: train_loss = 1.698746, source_mrr = 0.027221, source_hit@10 = 0.0500, source_ndcg@10 = 0.0254, target_mrr = 0.054288, target_hit@10 = 0.1094, target_ndcg@10 = 0.0581

2024-08-15 03:25:52.595318: step 2888/12160 (epoch 19/80), loss = 1.694824 (46.147 sec/epoch), lr: 0.003258
Evaluating on dev set...
...........................
source: 	 mrr: 0.026579	 ndcg_5: 0.0174	 ndcg_10: 0.0249	 hit@1:0.007241	 hit@5:0.0282	 hit@10: 0.0514
target: 	 mrr: 0.046386	 ndcg_5: 0.0370	 ndcg_10: 0.0490	 hit@1:0.014634	 hit@5:0.0599	 hit@10: 0.0969
epoch 19: train_loss = 1.694824, source_mrr = 0.026579, source_hit@10 = 0.0514, source_ndcg@10 = 0.0249, target_mrr = 0.046386, target_hit@10 = 0.0969, target_ndcg@10 = 0.0490

2024-08-15 03:26:38.416160: step 3040/12160 (epoch 20/80), loss = 1.688862 (45.205 sec/epoch), lr: 0.003095
Evaluating on dev set...
...........................
source: 	 mrr: 0.025105	 ndcg_5: 0.0159	 ndcg_10: 0.0226	 hit@1:0.008689	 hit@5:0.0224	 hit@10: 0.0427
target: 	 mrr: 0.058494	 ndcg_5: 0.0534	 ndcg_10: 0.0659	 hit@1:0.021603	 hit@5:0.0836	 hit@10: 0.1233
target best!
..............target: 	 mrr: 0.053161	 ndcg_5: 0.0443	 ndcg_10: 0.0589	 hit@1:0.017833	 hit@5:0.0700	 hit@10: 0.1152
epoch 20: train_loss = 1.688862, source_mrr = 0.025105, source_hit@10 = 0.0427, source_ndcg@10 = 0.0226, target_mrr = 0.053161, target_hit@10 = 0.1152, target_ndcg@10 = 0.0589

2024-08-15 03:27:24.045639: step 3192/12160 (epoch 21/80), loss = 1.684109 (44.738 sec/epoch), lr: 0.003095
Evaluating on dev set...
...........................
source: 	 mrr: 0.025180	 ndcg_5: 0.0179	 ndcg_10: 0.0237	 hit@1:0.005069	 hit@5:0.0319	 hit@10: 0.0492
target: 	 mrr: 0.044924	 ndcg_5: 0.0369	 ndcg_10: 0.0501	 hit@1:0.009756	 hit@5:0.0641	 hit@10: 0.1045
epoch 21: train_loss = 1.684109, source_mrr = 0.025180, source_hit@10 = 0.0492, source_ndcg@10 = 0.0237, target_mrr = 0.044924, target_hit@10 = 0.1045, target_ndcg@10 = 0.0501

2024-08-15 03:28:10.433983: step 3344/12160 (epoch 22/80), loss = 1.681382 (45.724 sec/epoch), lr: 0.002940
Evaluating on dev set...
...........................
source: 	 mrr: 0.016352	 ndcg_5: 0.0102	 ndcg_10: 0.0131	 hit@1:0.003621	 hit@5:0.0181	 hit@10: 0.0275
target: 	 mrr: 0.052995	 ndcg_5: 0.0408	 ndcg_10: 0.0574	 hit@1:0.021603	 hit@5:0.0606	 hit@10: 0.1122
epoch 22: train_loss = 1.681382, source_mrr = 0.016352, source_hit@10 = 0.0275, source_ndcg@10 = 0.0131, target_mrr = 0.052995, target_hit@10 = 0.1122, target_ndcg@10 = 0.0574

2024-08-15 03:28:56.596155: step 3496/12160 (epoch 23/80), loss = 1.673079 (45.489 sec/epoch), lr: 0.002793
Evaluating on dev set...
...........................
source: 	 mrr: 0.018786	 ndcg_5: 0.0124	 ndcg_10: 0.0187	 hit@1:0.002896	 hit@5:0.0224	 hit@10: 0.0427
target: 	 mrr: 0.042170	 ndcg_5: 0.0314	 ndcg_10: 0.0450	 hit@1:0.010453	 hit@5:0.0523	 hit@10: 0.0941
epoch 23: train_loss = 1.673079, source_mrr = 0.018786, source_hit@10 = 0.0427, source_ndcg@10 = 0.0187, target_mrr = 0.042170, target_hit@10 = 0.0941, target_ndcg@10 = 0.0450

2024-08-15 03:29:42.151169: step 3648/12160 (epoch 24/80), loss = 1.667427 (44.888 sec/epoch), lr: 0.002654
Evaluating on dev set...
...........................
source: 	 mrr: 0.018744	 ndcg_5: 0.0116	 ndcg_10: 0.0163	 hit@1:0.005069	 hit@5:0.0174	 hit@10: 0.0319
target: 	 mrr: 0.050594	 ndcg_5: 0.0409	 ndcg_10: 0.0551	 hit@1:0.018815	 hit@5:0.0641	 hit@10: 0.1094
epoch 24: train_loss = 1.667427, source_mrr = 0.018744, source_hit@10 = 0.0319, source_ndcg@10 = 0.0163, target_mrr = 0.050594, target_hit@10 = 0.1094, target_ndcg@10 = 0.0551

2024-08-15 03:30:27.987671: step 3800/12160 (epoch 25/80), loss = 1.664984 (45.160 sec/epoch), lr: 0.002654
Evaluating on dev set...
...........................
source: 	 mrr: 0.026997	 ndcg_5: 0.0175	 ndcg_10: 0.0247	 hit@1:0.006517	 hit@5:0.0290	 hit@10: 0.0514
target: 	 mrr: 0.048349	 ndcg_5: 0.0383	 ndcg_10: 0.0529	 hit@1:0.018815	 hit@5:0.0585	 hit@10: 0.1052
epoch 25: train_loss = 1.664984, source_mrr = 0.026997, source_hit@10 = 0.0514, source_ndcg@10 = 0.0247, target_mrr = 0.048349, target_hit@10 = 0.1052, target_ndcg@10 = 0.0529

2024-08-15 03:31:14.490955: step 3952/12160 (epoch 26/80), loss = 1.661620 (45.889 sec/epoch), lr: 0.002654
Evaluating on dev set...
...........................
source: 	 mrr: 0.025989	 ndcg_5: 0.0173	 ndcg_10: 0.0252	 hit@1:0.008689	 hit@5:0.0253	 hit@10: 0.0500
target: 	 mrr: 0.052014	 ndcg_5: 0.0410	 ndcg_10: 0.0571	 hit@1:0.018815	 hit@5:0.0634	 hit@10: 0.1129
epoch 26: train_loss = 1.661620, source_mrr = 0.025989, source_hit@10 = 0.0500, source_ndcg@10 = 0.0252, target_mrr = 0.052014, target_hit@10 = 0.1129, target_ndcg@10 = 0.0571

2024-08-15 03:32:00.617433: step 4104/12160 (epoch 27/80), loss = 1.664727 (45.457 sec/epoch), lr: 0.002654
Evaluating on dev set...
...........................
source: 	 mrr: 0.018521	 ndcg_5: 0.0109	 ndcg_10: 0.0173	 hit@1:0.002172	 hit@5:0.0196	 hit@10: 0.0391
target: 	 mrr: 0.053837	 ndcg_5: 0.0434	 ndcg_10: 0.0613	 hit@1:0.020906	 hit@5:0.0669	 hit@10: 0.1233
epoch 27: train_loss = 1.664727, source_mrr = 0.018521, source_hit@10 = 0.0391, source_ndcg@10 = 0.0173, target_mrr = 0.053837, target_hit@10 = 0.1233, target_ndcg@10 = 0.0613

2024-08-15 03:32:47.628527: step 4256/12160 (epoch 28/80), loss = 1.652923 (46.320 sec/epoch), lr: 0.002521
Evaluating on dev set...
...........................
source: 	 mrr: 0.023825	 ndcg_5: 0.0164	 ndcg_10: 0.0205	 hit@1:0.008689	 hit@5:0.0239	 hit@10: 0.0369
target: 	 mrr: 0.054951	 ndcg_5: 0.0453	 ndcg_10: 0.0625	 hit@1:0.014634	 hit@5:0.0704	 hit@10: 0.1233
epoch 28: train_loss = 1.652923, source_mrr = 0.023825, source_hit@10 = 0.0369, source_ndcg@10 = 0.0205, target_mrr = 0.054951, target_hit@10 = 0.1233, target_ndcg@10 = 0.0625

2024-08-15 03:33:34.323756: step 4408/12160 (epoch 29/80), loss = 1.653846 (46.021 sec/epoch), lr: 0.002521
Evaluating on dev set...
...........................
source: 	 mrr: 0.025051	 ndcg_5: 0.0175	 ndcg_10: 0.0232	 hit@1:0.005069	 hit@5:0.0297	 hit@10: 0.0478
target: 	 mrr: 0.050073	 ndcg_5: 0.0403	 ndcg_10: 0.0556	 hit@1:0.016028	 hit@5:0.0648	 hit@10: 0.1122
epoch 29: train_loss = 1.653846, source_mrr = 0.025051, source_hit@10 = 0.0478, source_ndcg@10 = 0.0232, target_mrr = 0.050073, target_hit@10 = 0.1122, target_ndcg@10 = 0.0556

2024-08-15 03:34:20.648967: step 4560/12160 (epoch 30/80), loss = 1.648027 (45.705 sec/epoch), lr: 0.002395
Evaluating on dev set...
...........................
source: 	 mrr: 0.032999	 ndcg_5: 0.0228	 ndcg_10: 0.0326	 hit@1:0.010862	 hit@5:0.0369	 hit@10: 0.0673
target: 	 mrr: 0.054968	 ndcg_5: 0.0491	 ndcg_10: 0.0609	 hit@1:0.018815	 hit@5:0.0808	 hit@10: 0.1178
epoch 30: train_loss = 1.648027, source_mrr = 0.032999, source_hit@10 = 0.0673, source_ndcg@10 = 0.0326, target_mrr = 0.054968, target_hit@10 = 0.1178, target_ndcg@10 = 0.0609

2024-08-15 03:35:06.595908: step 4712/12160 (epoch 31/80), loss = 1.640021 (45.308 sec/epoch), lr: 0.002395
Evaluating on dev set...
...........................
source: 	 mrr: 0.028341	 ndcg_5: 0.0197	 ndcg_10: 0.0270	 hit@1:0.005793	 hit@5:0.0340	 hit@10: 0.0572
target: 	 mrr: 0.056760	 ndcg_5: 0.0482	 ndcg_10: 0.0623	 hit@1:0.021603	 hit@5:0.0760	 hit@10: 0.1199
epoch 31: train_loss = 1.640021, source_mrr = 0.028341, source_hit@10 = 0.0572, source_ndcg@10 = 0.0270, target_mrr = 0.056760, target_hit@10 = 0.1199, target_ndcg@10 = 0.0623

2024-08-15 03:35:52.946138: step 4864/12160 (epoch 32/80), loss = 1.632846 (45.634 sec/epoch), lr: 0.002275
Evaluating on dev set...
...........................
source: 	 mrr: 0.019872	 ndcg_5: 0.0110	 ndcg_10: 0.0180	 hit@1:0.003621	 hit@5:0.0174	 hit@10: 0.0391
target: 	 mrr: 0.054361	 ndcg_5: 0.0458	 ndcg_10: 0.0611	 hit@1:0.021603	 hit@5:0.0718	 hit@10: 0.1199
epoch 32: train_loss = 1.632846, source_mrr = 0.019872, source_hit@10 = 0.0391, source_ndcg@10 = 0.0180, target_mrr = 0.054361, target_hit@10 = 0.1199, target_ndcg@10 = 0.0611

2024-08-15 03:36:40.014057: step 5016/12160 (epoch 33/80), loss = 1.624879 (46.336 sec/epoch), lr: 0.002161
Evaluating on dev set...
...........................
source: 	 mrr: 0.039776	 ndcg_5: 0.0304	 ndcg_10: 0.0407	 hit@1:0.013034	 hit@5:0.0485	 hit@10: 0.0804
target: 	 mrr: 0.057460	 ndcg_5: 0.0485	 ndcg_10: 0.0627	 hit@1:0.025087	 hit@5:0.0739	 hit@10: 0.1185
source best!
.............
source: 	 mrr: 0.037980	 ndcg_5: 0.0276	 ndcg_10: 0.0378	 hit@1:0.010736	 hit@5:0.0422	 hit@10: 0.0744
epoch 33: train_loss = 1.624879, source_mrr = 0.037980, source_hit@10 = 0.0744, source_ndcg@10 = 0.0378, target_mrr = 0.057460, target_hit@10 = 0.1185, target_ndcg@10 = 0.0627

2024-08-15 03:37:25.817297: step 5168/12160 (epoch 34/80), loss = 1.620815 (44.898 sec/epoch), lr: 0.002161
Evaluating on dev set...
...........................
source: 	 mrr: 0.026520	 ndcg_5: 0.0187	 ndcg_10: 0.0261	 hit@1:0.005793	 hit@5:0.0304	 hit@10: 0.0536
target: 	 mrr: 0.055410	 ndcg_5: 0.0469	 ndcg_10: 0.0594	 hit@1:0.020209	 hit@5:0.0732	 hit@10: 0.1122
epoch 34: train_loss = 1.620815, source_mrr = 0.026520, source_hit@10 = 0.0536, source_ndcg@10 = 0.0261, target_mrr = 0.055410, target_hit@10 = 0.1122, target_ndcg@10 = 0.0594

2024-08-15 03:38:11.499250: step 5320/12160 (epoch 35/80), loss = 1.611436 (45.041 sec/epoch), lr: 0.002053
Evaluating on dev set...
...........................
source: 	 mrr: 0.036865	 ndcg_5: 0.0274	 ndcg_10: 0.0379	 hit@1:0.008689	 hit@5:0.0463	 hit@10: 0.0789
target: 	 mrr: 0.058391	 ndcg_5: 0.0517	 ndcg_10: 0.0635	 hit@1:0.022300	 hit@5:0.0801	 hit@10: 0.1164
epoch 35: train_loss = 1.611436, source_mrr = 0.036865, source_hit@10 = 0.0789, source_ndcg@10 = 0.0379, target_mrr = 0.058391, target_hit@10 = 0.1164, target_ndcg@10 = 0.0635

2024-08-15 03:38:57.814877: step 5472/12160 (epoch 36/80), loss = 1.611712 (45.608 sec/epoch), lr: 0.002053
Evaluating on dev set...
...........................
source: 	 mrr: 0.039849	 ndcg_5: 0.0282	 ndcg_10: 0.0400	 hit@1:0.012310	 hit@5:0.0434	 hit@10: 0.0804
target: 	 mrr: 0.057426	 ndcg_5: 0.0509	 ndcg_10: 0.0634	 hit@1:0.021603	 hit@5:0.0794	 hit@10: 0.1178
source best!
.............
source: 	 mrr: 0.038659	 ndcg_5: 0.0287	 ndcg_10: 0.0402	 hit@1:0.010736	 hit@5:0.0468	 hit@10: 0.0828
epoch 36: train_loss = 1.611712, source_mrr = 0.038659, source_hit@10 = 0.0828, source_ndcg@10 = 0.0402, target_mrr = 0.057426, target_hit@10 = 0.1178, target_ndcg@10 = 0.0634

2024-08-15 03:39:43.804719: step 5624/12160 (epoch 37/80), loss = 1.608500 (45.097 sec/epoch), lr: 0.002053
Evaluating on dev set...
...........................
source: 	 mrr: 0.029489	 ndcg_5: 0.0207	 ndcg_10: 0.0278	 hit@1:0.009413	 hit@5:0.0319	 hit@10: 0.0536
target: 	 mrr: 0.055816	 ndcg_5: 0.0458	 ndcg_10: 0.0613	 hit@1:0.019512	 hit@5:0.0697	 hit@10: 0.1178
epoch 37: train_loss = 1.608500, source_mrr = 0.029489, source_hit@10 = 0.0536, source_ndcg@10 = 0.0278, target_mrr = 0.055816, target_hit@10 = 0.1178, target_ndcg@10 = 0.0613

2024-08-15 03:40:30.077692: step 5776/12160 (epoch 38/80), loss = 1.600439 (45.630 sec/epoch), lr: 0.001951
Evaluating on dev set...
...........................
source: 	 mrr: 0.042123	 ndcg_5: 0.0296	 ndcg_10: 0.0412	 hit@1:0.017379	 hit@5:0.0420	 hit@10: 0.0782
target: 	 mrr: 0.052184	 ndcg_5: 0.0430	 ndcg_10: 0.0578	 hit@1:0.016725	 hit@5:0.0683	 hit@10: 0.1143
source best!
.............
source: 	 mrr: 0.038987	 ndcg_5: 0.0284	 ndcg_10: 0.0418	 hit@1:0.010736	 hit@5:0.0460	 hit@10: 0.0882
epoch 38: train_loss = 1.600439, source_mrr = 0.038987, source_hit@10 = 0.0882, source_ndcg@10 = 0.0418, target_mrr = 0.052184, target_hit@10 = 0.1143, target_ndcg@10 = 0.0578

2024-08-15 03:41:17.000193: step 5928/12160 (epoch 39/80), loss = 1.598449 (45.882 sec/epoch), lr: 0.001951
Evaluating on dev set...
...........................
source: 	 mrr: 0.037233	 ndcg_5: 0.0258	 ndcg_10: 0.0353	 hit@1:0.010862	 hit@5:0.0391	 hit@10: 0.0688
target: 	 mrr: 0.047975	 ndcg_5: 0.0388	 ndcg_10: 0.0531	 hit@1:0.012544	 hit@5:0.0655	 hit@10: 0.1094
epoch 39: train_loss = 1.598449, source_mrr = 0.037233, source_hit@10 = 0.0688, source_ndcg@10 = 0.0353, target_mrr = 0.047975, target_hit@10 = 0.1094, target_ndcg@10 = 0.0531

2024-08-15 03:42:01.612564: step 6080/12160 (epoch 40/80), loss = 1.596415 (43.933 sec/epoch), lr: 0.001853
Evaluating on dev set...
...........................
source: 	 mrr: 0.035234	 ndcg_5: 0.0253	 ndcg_10: 0.0335	 hit@1:0.013758	 hit@5:0.0369	 hit@10: 0.0623
target: 	 mrr: 0.056299	 ndcg_5: 0.0483	 ndcg_10: 0.0638	 hit@1:0.018118	 hit@5:0.0780	 hit@10: 0.1261
epoch 40: train_loss = 1.596415, source_mrr = 0.035234, source_hit@10 = 0.0623, source_ndcg@10 = 0.0335, target_mrr = 0.056299, target_hit@10 = 0.1261, target_ndcg@10 = 0.0638
shift to transfer learning mode

2024-08-15 03:42:47.170061: step 6232/12160 (epoch 41/80), loss = 1.621803 (44.917 sec/epoch), lr: 0.001853
Evaluating on dev set...
...........................
source: 	 mrr: 0.036578	 ndcg_5: 0.0258	 ndcg_10: 0.0354	 hit@1:0.013034	 hit@5:0.0384	 hit@10: 0.0681
target: 	 mrr: 0.050353	 ndcg_5: 0.0417	 ndcg_10: 0.0556	 hit@1:0.016028	 hit@5:0.0683	 hit@10: 0.1122
epoch 41: train_loss = 1.621803, source_mrr = 0.036578, source_hit@10 = 0.0681, source_ndcg@10 = 0.0354, target_mrr = 0.050353, target_hit@10 = 0.1122, target_ndcg@10 = 0.0556

2024-08-15 03:43:32.473829: step 6384/12160 (epoch 42/80), loss = 1.619043 (44.696 sec/epoch), lr: 0.001761
Evaluating on dev set...
...........................
source: 	 mrr: 0.039061	 ndcg_5: 0.0280	 ndcg_10: 0.0394	 hit@1:0.011586	 hit@5:0.0456	 hit@10: 0.0811
target: 	 mrr: 0.056531	 ndcg_5: 0.0475	 ndcg_10: 0.0596	 hit@1:0.021603	 hit@5:0.0732	 hit@10: 0.1108
epoch 42: train_loss = 1.619043, source_mrr = 0.039061, source_hit@10 = 0.0811, source_ndcg@10 = 0.0394, target_mrr = 0.056531, target_hit@10 = 0.1108, target_ndcg@10 = 0.0596

2024-08-15 03:44:17.446751: step 6536/12160 (epoch 43/80), loss = 1.613112 (44.294 sec/epoch), lr: 0.001761
Evaluating on dev set...
...........................
source: 	 mrr: 0.026852	 ndcg_5: 0.0180	 ndcg_10: 0.0264	 hit@1:0.005793	 hit@5:0.0304	 hit@10: 0.0565
target: 	 mrr: 0.053967	 ndcg_5: 0.0459	 ndcg_10: 0.0588	 hit@1:0.019512	 hit@5:0.0732	 hit@10: 0.1129
epoch 43: train_loss = 1.613112, source_mrr = 0.026852, source_hit@10 = 0.0565, source_ndcg@10 = 0.0264, target_mrr = 0.053967, target_hit@10 = 0.1129, target_ndcg@10 = 0.0588

2024-08-15 03:45:03.209431: step 6688/12160 (epoch 44/80), loss = 1.611501 (45.139 sec/epoch), lr: 0.001672
Evaluating on dev set...
...........................
source: 	 mrr: 0.034884	 ndcg_5: 0.0243	 ndcg_10: 0.0330	 hit@1:0.011586	 hit@5:0.0384	 hit@10: 0.0652
target: 	 mrr: 0.054914	 ndcg_5: 0.0473	 ndcg_10: 0.0603	 hit@1:0.020906	 hit@5:0.0739	 hit@10: 0.1143
epoch 44: train_loss = 1.611501, source_mrr = 0.034884, source_hit@10 = 0.0652, source_ndcg@10 = 0.0330, target_mrr = 0.054914, target_hit@10 = 0.1143, target_ndcg@10 = 0.0603

2024-08-15 03:45:46.616203: step 6840/12160 (epoch 45/80), loss = 1.610127 (42.780 sec/epoch), lr: 0.001672
Evaluating on dev set...
...........................
source: 	 mrr: 0.037318	 ndcg_5: 0.0292	 ndcg_10: 0.0371	 hit@1:0.012310	 hit@5:0.0471	 hit@10: 0.0717
target: 	 mrr: 0.055814	 ndcg_5: 0.0470	 ndcg_10: 0.0622	 hit@1:0.021603	 hit@5:0.0725	 hit@10: 0.1199
epoch 45: train_loss = 1.610127, source_mrr = 0.037318, source_hit@10 = 0.0717, source_ndcg@10 = 0.0371, target_mrr = 0.055814, target_hit@10 = 0.1199, target_ndcg@10 = 0.0622

2024-08-15 03:46:29.663203: step 6992/12160 (epoch 46/80), loss = 1.607332 (42.425 sec/epoch), lr: 0.001672
Evaluating on dev set...
...........................
source: 	 mrr: 0.032120	 ndcg_5: 0.0213	 ndcg_10: 0.0329	 hit@1:0.008689	 hit@5:0.0340	 hit@10: 0.0710
target: 	 mrr: 0.052723	 ndcg_5: 0.0429	 ndcg_10: 0.0571	 hit@1:0.020906	 hit@5:0.0655	 hit@10: 0.1094
epoch 46: train_loss = 1.607332, source_mrr = 0.032120, source_hit@10 = 0.0710, source_ndcg@10 = 0.0329, target_mrr = 0.052723, target_hit@10 = 0.1094, target_ndcg@10 = 0.0571

2024-08-15 03:47:14.049838: step 7144/12160 (epoch 47/80), loss = 1.606179 (43.755 sec/epoch), lr: 0.001589
Evaluating on dev set...
...........................
source: 	 mrr: 0.041276	 ndcg_5: 0.0307	 ndcg_10: 0.0388	 hit@1:0.015206	 hit@5:0.0463	 hit@10: 0.0717
target: 	 mrr: 0.052466	 ndcg_5: 0.0422	 ndcg_10: 0.0562	 hit@1:0.017422	 hit@5:0.0634	 hit@10: 0.1073
epoch 47: train_loss = 1.606179, source_mrr = 0.041276, source_hit@10 = 0.0717, source_ndcg@10 = 0.0388, target_mrr = 0.052466, target_hit@10 = 0.1073, target_ndcg@10 = 0.0562

2024-08-15 03:47:58.562696: step 7296/12160 (epoch 48/80), loss = 1.603793 (43.888 sec/epoch), lr: 0.001589
Evaluating on dev set...
...........................
source: 	 mrr: 0.036767	 ndcg_5: 0.0260	 ndcg_10: 0.0378	 hit@1:0.008689	 hit@5:0.0442	 hit@10: 0.0811
target: 	 mrr: 0.054709	 ndcg_5: 0.0478	 ndcg_10: 0.0575	 hit@1:0.022997	 hit@5:0.0732	 hit@10: 0.1031
epoch 48: train_loss = 1.603793, source_mrr = 0.036767, source_hit@10 = 0.0811, source_ndcg@10 = 0.0378, target_mrr = 0.054709, target_hit@10 = 0.1031, target_ndcg@10 = 0.0575

2024-08-15 03:48:42.142464: step 7448/12160 (epoch 49/80), loss = 1.598779 (42.972 sec/epoch), lr: 0.001509
Evaluating on dev set...
...........................
source: 	 mrr: 0.037241	 ndcg_5: 0.0286	 ndcg_10: 0.0391	 hit@1:0.010862	 hit@5:0.0478	 hit@10: 0.0804
target: 	 mrr: 0.054641	 ndcg_5: 0.0431	 ndcg_10: 0.0583	 hit@1:0.023693	 hit@5:0.0627	 hit@10: 0.1101
epoch 49: train_loss = 1.598779, source_mrr = 0.037241, source_hit@10 = 0.0804, source_ndcg@10 = 0.0391, target_mrr = 0.054641, target_hit@10 = 0.1101, target_ndcg@10 = 0.0583

2024-08-15 03:49:27.056414: step 7600/12160 (epoch 50/80), loss = 1.597071 (44.150 sec/epoch), lr: 0.001509
Evaluating on dev set...
...........................
source: 	 mrr: 0.033105	 ndcg_5: 0.0234	 ndcg_10: 0.0323	 hit@1:0.007965	 hit@5:0.0377	 hit@10: 0.0652
target: 	 mrr: 0.051452	 ndcg_5: 0.0422	 ndcg_10: 0.0578	 hit@1:0.017422	 hit@5:0.0676	 hit@10: 0.1157
epoch 50: train_loss = 1.597071, source_mrr = 0.033105, source_hit@10 = 0.0652, source_ndcg@10 = 0.0323, target_mrr = 0.051452, target_hit@10 = 0.1157, target_ndcg@10 = 0.0578

2024-08-15 03:50:10.564242: step 7752/12160 (epoch 51/80), loss = 1.593453 (42.900 sec/epoch), lr: 0.001434
Evaluating on dev set...
...........................
source: 	 mrr: 0.039196	 ndcg_5: 0.0274	 ndcg_10: 0.0386	 hit@1:0.012310	 hit@5:0.0420	 hit@10: 0.0768
target: 	 mrr: 0.050532	 ndcg_5: 0.0404	 ndcg_10: 0.0545	 hit@1:0.020209	 hit@5:0.0620	 hit@10: 0.1059
epoch 51: train_loss = 1.593453, source_mrr = 0.039196, source_hit@10 = 0.0768, source_ndcg@10 = 0.0386, target_mrr = 0.050532, target_hit@10 = 0.1059, target_ndcg@10 = 0.0545

2024-08-15 03:50:54.301218: step 7904/12160 (epoch 52/80), loss = 1.593028 (43.124 sec/epoch), lr: 0.001434
Evaluating on dev set...
...........................
source: 	 mrr: 0.031348	 ndcg_5: 0.0234	 ndcg_10: 0.0296	 hit@1:0.007241	 hit@5:0.0406	 hit@10: 0.0601
target: 	 mrr: 0.050234	 ndcg_5: 0.0420	 ndcg_10: 0.0544	 hit@1:0.018118	 hit@5:0.0669	 hit@10: 0.1052
epoch 52: train_loss = 1.593028, source_mrr = 0.031348, source_hit@10 = 0.0601, source_ndcg@10 = 0.0296, target_mrr = 0.050234, target_hit@10 = 0.1052, target_ndcg@10 = 0.0544

2024-08-15 03:51:38.989929: step 8056/12160 (epoch 53/80), loss = 1.589733 (44.062 sec/epoch), lr: 0.001362
Evaluating on dev set...
...........................
source: 	 mrr: 0.037233	 ndcg_5: 0.0267	 ndcg_10: 0.0370	 hit@1:0.011586	 hit@5:0.0434	 hit@10: 0.0768
target: 	 mrr: 0.052340	 ndcg_5: 0.0421	 ndcg_10: 0.0552	 hit@1:0.020906	 hit@5:0.0634	 hit@10: 0.1045
epoch 53: train_loss = 1.589733, source_mrr = 0.037233, source_hit@10 = 0.0768, source_ndcg@10 = 0.0370, target_mrr = 0.052340, target_hit@10 = 0.1045, target_ndcg@10 = 0.0552

2024-08-15 03:52:25.104245: step 8208/12160 (epoch 54/80), loss = 1.583250 (45.452 sec/epoch), lr: 0.001362
Evaluating on dev set...
...........................
source: 	 mrr: 0.037645	 ndcg_5: 0.0249	 ndcg_10: 0.0377	 hit@1:0.010862	 hit@5:0.0384	 hit@10: 0.0782
target: 	 mrr: 0.044643	 ndcg_5: 0.0341	 ndcg_10: 0.0474	 hit@1:0.013937	 hit@5:0.0530	 hit@10: 0.0948
epoch 54: train_loss = 1.583250, source_mrr = 0.037645, source_hit@10 = 0.0782, source_ndcg@10 = 0.0377, target_mrr = 0.044643, target_hit@10 = 0.0948, target_ndcg@10 = 0.0474

2024-08-15 03:53:10.990444: step 8360/12160 (epoch 55/80), loss = 1.584141 (45.196 sec/epoch), lr: 0.001294
Evaluating on dev set...
...........................
source: 	 mrr: 0.028536	 ndcg_5: 0.0186	 ndcg_10: 0.0277	 hit@1:0.006517	 hit@5:0.0304	 hit@10: 0.0587
target: 	 mrr: 0.042884	 ndcg_5: 0.0324	 ndcg_10: 0.0447	 hit@1:0.013937	 hit@5:0.0516	 hit@10: 0.0899
epoch 55: train_loss = 1.584141, source_mrr = 0.028536, source_hit@10 = 0.0587, source_ndcg@10 = 0.0277, target_mrr = 0.042884, target_hit@10 = 0.0899, target_ndcg@10 = 0.0447

2024-08-15 03:53:56.592688: step 8512/12160 (epoch 56/80), loss = 1.578880 (44.980 sec/epoch), lr: 0.001229
Evaluating on dev set...
...........................
source: 	 mrr: 0.031931	 ndcg_5: 0.0225	 ndcg_10: 0.0330	 hit@1:0.007965	 hit@5:0.0369	 hit@10: 0.0695
target: 	 mrr: 0.046629	 ndcg_5: 0.0372	 ndcg_10: 0.0520	 hit@1:0.013937	 hit@5:0.0606	 hit@10: 0.1066
epoch 56: train_loss = 1.578880, source_mrr = 0.031931, source_hit@10 = 0.0695, source_ndcg@10 = 0.0330, target_mrr = 0.046629, target_hit@10 = 0.1066, target_ndcg@10 = 0.0520

2024-08-15 03:54:41.989756: step 8664/12160 (epoch 57/80), loss = 1.572702 (44.767 sec/epoch), lr: 0.001229
Evaluating on dev set...
...........................
source: 	 mrr: 0.042198	 ndcg_5: 0.0305	 ndcg_10: 0.0454	 hit@1:0.013758	 hit@5:0.0478	 hit@10: 0.0941
target: 	 mrr: 0.048701	 ndcg_5: 0.0393	 ndcg_10: 0.0510	 hit@1:0.017422	 hit@5:0.0613	 hit@10: 0.0976
source best!
.............
source: 	 mrr: 0.039357	 ndcg_5: 0.0289	 ndcg_10: 0.0422	 hit@1:0.009969	 hit@5:0.0475	 hit@10: 0.0890
epoch 57: train_loss = 1.572702, source_mrr = 0.039357, source_hit@10 = 0.0890, source_ndcg@10 = 0.0422, target_mrr = 0.048701, target_hit@10 = 0.0976, target_ndcg@10 = 0.0510

2024-08-15 03:55:27.950929: step 8816/12160 (epoch 58/80), loss = 1.573495 (45.046 sec/epoch), lr: 0.001229
Evaluating on dev set...
...........................
source: 	 mrr: 0.038425	 ndcg_5: 0.0295	 ndcg_10: 0.0392	 hit@1:0.011586	 hit@5:0.0485	 hit@10: 0.0789
target: 	 mrr: 0.045552	 ndcg_5: 0.0360	 ndcg_10: 0.0473	 hit@1:0.017422	 hit@5:0.0557	 hit@10: 0.0906
epoch 58: train_loss = 1.573495, source_mrr = 0.038425, source_hit@10 = 0.0789, source_ndcg@10 = 0.0392, target_mrr = 0.045552, target_hit@10 = 0.0906, target_ndcg@10 = 0.0473

2024-08-15 03:56:13.870678: step 8968/12160 (epoch 59/80), loss = 1.570059 (45.256 sec/epoch), lr: 0.001168
Evaluating on dev set...
...........................
source: 	 mrr: 0.032074	 ndcg_5: 0.0235	 ndcg_10: 0.0321	 hit@1:0.007965	 hit@5:0.0398	 hit@10: 0.0666
target: 	 mrr: 0.045933	 ndcg_5: 0.0378	 ndcg_10: 0.0479	 hit@1:0.015331	 hit@5:0.0620	 hit@10: 0.0927
epoch 59: train_loss = 1.570059, source_mrr = 0.032074, source_hit@10 = 0.0666, source_ndcg@10 = 0.0321, target_mrr = 0.045933, target_hit@10 = 0.0927, target_ndcg@10 = 0.0479

2024-08-15 03:57:00.051456: step 9120/12160 (epoch 60/80), loss = 1.565637 (45.504 sec/epoch), lr: 0.001110
Evaluating on dev set...
...........................
source: 	 mrr: 0.040929	 ndcg_5: 0.0319	 ndcg_10: 0.0408	 hit@1:0.011586	 hit@5:0.0500	 hit@10: 0.0782
target: 	 mrr: 0.051326	 ndcg_5: 0.0419	 ndcg_10: 0.0576	 hit@1:0.015331	 hit@5:0.0676	 hit@10: 0.1164
epoch 60: train_loss = 1.565637, source_mrr = 0.040929, source_hit@10 = 0.0782, source_ndcg@10 = 0.0408, target_mrr = 0.051326, target_hit@10 = 0.1164, target_ndcg@10 = 0.0576

2024-08-15 03:57:45.988385: step 9272/12160 (epoch 61/80), loss = 1.560600 (45.273 sec/epoch), lr: 0.001110
Evaluating on dev set...
...........................
source: 	 mrr: 0.036470	 ndcg_5: 0.0266	 ndcg_10: 0.0356	 hit@1:0.011586	 hit@5:0.0427	 hit@10: 0.0710
target: 	 mrr: 0.047669	 ndcg_5: 0.0383	 ndcg_10: 0.0527	 hit@1:0.015331	 hit@5:0.0606	 hit@10: 0.1059
epoch 61: train_loss = 1.560600, source_mrr = 0.036470, source_hit@10 = 0.0710, source_ndcg@10 = 0.0356, target_mrr = 0.047669, target_hit@10 = 0.1059, target_ndcg@10 = 0.0527

2024-08-15 03:58:31.755778: step 9424/12160 (epoch 62/80), loss = 1.556553 (45.102 sec/epoch), lr: 0.001054
Evaluating on dev set...
...........................
source: 	 mrr: 0.038258	 ndcg_5: 0.0303	 ndcg_10: 0.0384	 hit@1:0.012310	 hit@5:0.0492	 hit@10: 0.0746
target: 	 mrr: 0.048349	 ndcg_5: 0.0404	 ndcg_10: 0.0531	 hit@1:0.016028	 hit@5:0.0662	 hit@10: 0.1052
epoch 62: train_loss = 1.556553, source_mrr = 0.038258, source_hit@10 = 0.0746, source_ndcg@10 = 0.0384, target_mrr = 0.048349, target_hit@10 = 0.1052, target_ndcg@10 = 0.0531

2024-08-15 03:59:17.706465: step 9576/12160 (epoch 63/80), loss = 1.553774 (45.161 sec/epoch), lr: 0.001054
Evaluating on dev set...
...........................
source: 	 mrr: 0.039576	 ndcg_5: 0.0296	 ndcg_10: 0.0393	 hit@1:0.013758	 hit@5:0.0456	 hit@10: 0.0753
target: 	 mrr: 0.050915	 ndcg_5: 0.0424	 ndcg_10: 0.0545	 hit@1:0.017422	 hit@5:0.0669	 hit@10: 0.1045
epoch 63: train_loss = 1.553774, source_mrr = 0.039576, source_hit@10 = 0.0753, source_ndcg@10 = 0.0393, target_mrr = 0.050915, target_hit@10 = 0.1045, target_ndcg@10 = 0.0545

2024-08-15 04:00:03.525003: step 9728/12160 (epoch 64/80), loss = 1.552791 (45.175 sec/epoch), lr: 0.001054
Evaluating on dev set...
...........................
source: 	 mrr: 0.032086	 ndcg_5: 0.0228	 ndcg_10: 0.0330	 hit@1:0.007241	 hit@5:0.0384	 hit@10: 0.0702
target: 	 mrr: 0.046748	 ndcg_5: 0.0382	 ndcg_10: 0.0519	 hit@1:0.013937	 hit@5:0.0641	 hit@10: 0.1073
epoch 64: train_loss = 1.552791, source_mrr = 0.032086, source_hit@10 = 0.0702, source_ndcg@10 = 0.0330, target_mrr = 0.046748, target_hit@10 = 0.1073, target_ndcg@10 = 0.0519

2024-08-15 04:00:49.054035: step 9880/12160 (epoch 65/80), loss = 1.548975 (44.858 sec/epoch), lr: 0.001001
Evaluating on dev set...
...........................
source: 	 mrr: 0.040234	 ndcg_5: 0.0302	 ndcg_10: 0.0416	 hit@1:0.011586	 hit@5:0.0478	 hit@10: 0.0833
target: 	 mrr: 0.049317	 ndcg_5: 0.0399	 ndcg_10: 0.0538	 hit@1:0.016725	 hit@5:0.0641	 hit@10: 0.1073
epoch 65: train_loss = 1.548975, source_mrr = 0.040234, source_hit@10 = 0.0833, source_ndcg@10 = 0.0416, target_mrr = 0.049317, target_hit@10 = 0.1073, target_ndcg@10 = 0.0538

2024-08-15 04:01:34.717793: step 10032/12160 (epoch 66/80), loss = 1.546989 (44.981 sec/epoch), lr: 0.001001
Evaluating on dev set...
...........................
source: 	 mrr: 0.036671	 ndcg_5: 0.0292	 ndcg_10: 0.0383	 hit@1:0.010138	 hit@5:0.0485	 hit@10: 0.0760
target: 	 mrr: 0.049469	 ndcg_5: 0.0391	 ndcg_10: 0.0544	 hit@1:0.015331	 hit@5:0.0613	 hit@10: 0.1087
epoch 66: train_loss = 1.546989, source_mrr = 0.036671, source_hit@10 = 0.0760, source_ndcg@10 = 0.0383, target_mrr = 0.049469, target_hit@10 = 0.1087, target_ndcg@10 = 0.0544

2024-08-15 04:02:21.369028: step 10184/12160 (epoch 67/80), loss = 1.544589 (46.000 sec/epoch), lr: 0.000951
Evaluating on dev set...
...........................
source: 	 mrr: 0.048710	 ndcg_5: 0.0396	 ndcg_10: 0.0486	 hit@1:0.020999	 hit@5:0.0587	 hit@10: 0.0876
target: 	 mrr: 0.050815	 ndcg_5: 0.0431	 ndcg_10: 0.0547	 hit@1:0.016725	 hit@5:0.0697	 hit@10: 0.1059
source best!
.............
source: 	 mrr: 0.038824	 ndcg_5: 0.0284	 ndcg_10: 0.0388	 hit@1:0.010736	 hit@5:0.0460	 hit@10: 0.0790
epoch 67: train_loss = 1.544589, source_mrr = 0.038824, source_hit@10 = 0.0790, source_ndcg@10 = 0.0388, target_mrr = 0.050815, target_hit@10 = 0.1059, target_ndcg@10 = 0.0547

2024-08-15 04:03:07.866999: step 10336/12160 (epoch 68/80), loss = 1.539889 (45.589 sec/epoch), lr: 0.000951
Evaluating on dev set...
...........................
source: 	 mrr: 0.040549	 ndcg_5: 0.0314	 ndcg_10: 0.0413	 hit@1:0.013034	 hit@5:0.0500	 hit@10: 0.0804
target: 	 mrr: 0.044569	 ndcg_5: 0.0365	 ndcg_10: 0.0470	 hit@1:0.016028	 hit@5:0.0585	 hit@10: 0.0913
epoch 68: train_loss = 1.539889, source_mrr = 0.040549, source_hit@10 = 0.0804, source_ndcg@10 = 0.0413, target_mrr = 0.044569, target_hit@10 = 0.0913, target_ndcg@10 = 0.0470

2024-08-15 04:03:53.400797: step 10488/12160 (epoch 69/80), loss = 1.537762 (44.856 sec/epoch), lr: 0.000904
Evaluating on dev set...
...........................
source: 	 mrr: 0.034947	 ndcg_5: 0.0259	 ndcg_10: 0.0355	 hit@1:0.012310	 hit@5:0.0398	 hit@10: 0.0702
target: 	 mrr: 0.052657	 ndcg_5: 0.0440	 ndcg_10: 0.0551	 hit@1:0.019512	 hit@5:0.0676	 hit@10: 0.1031
epoch 69: train_loss = 1.537762, source_mrr = 0.034947, source_hit@10 = 0.0702, source_ndcg@10 = 0.0355, target_mrr = 0.052657, target_hit@10 = 0.1031, target_ndcg@10 = 0.0551

2024-08-15 04:04:39.596346: step 10640/12160 (epoch 70/80), loss = 1.539298 (45.479 sec/epoch), lr: 0.000904
Evaluating on dev set...
...........................
source: 	 mrr: 0.037548	 ndcg_5: 0.0272	 ndcg_10: 0.0391	 hit@1:0.010138	 hit@5:0.0449	 hit@10: 0.0818
target: 	 mrr: 0.057485	 ndcg_5: 0.0491	 ndcg_10: 0.0626	 hit@1:0.022997	 hit@5:0.0753	 hit@10: 0.1178
epoch 70: train_loss = 1.539298, source_mrr = 0.037548, source_hit@10 = 0.0818, source_ndcg@10 = 0.0391, target_mrr = 0.057485, target_hit@10 = 0.1178, target_ndcg@10 = 0.0626

2024-08-15 04:05:25.891573: step 10792/12160 (epoch 71/80), loss = 1.538167 (45.616 sec/epoch), lr: 0.000904
Evaluating on dev set...
...........................
source: 	 mrr: 0.038399	 ndcg_5: 0.0262	 ndcg_10: 0.0354	 hit@1:0.015930	 hit@5:0.0355	 hit@10: 0.0644
target: 	 mrr: 0.047237	 ndcg_5: 0.0356	 ndcg_10: 0.0516	 hit@1:0.016028	 hit@5:0.0551	 hit@10: 0.1052
epoch 71: train_loss = 1.538167, source_mrr = 0.038399, source_hit@10 = 0.0644, source_ndcg@10 = 0.0354, target_mrr = 0.047237, target_hit@10 = 0.1052, target_ndcg@10 = 0.0516

2024-08-15 04:06:13.817342: step 10944/12160 (epoch 72/80), loss = 1.535416 (47.264 sec/epoch), lr: 0.000859
Evaluating on dev set...
...........................
source: 	 mrr: 0.037186	 ndcg_5: 0.0261	 ndcg_10: 0.0350	 hit@1:0.013758	 hit@5:0.0398	 hit@10: 0.0673
target: 	 mrr: 0.052338	 ndcg_5: 0.0437	 ndcg_10: 0.0579	 hit@1:0.016028	 hit@5:0.0704	 hit@10: 0.1150
epoch 72: train_loss = 1.535416, source_mrr = 0.037186, source_hit@10 = 0.0673, source_ndcg@10 = 0.0350, target_mrr = 0.052338, target_hit@10 = 0.1150, target_ndcg@10 = 0.0579

2024-08-15 04:06:59.219041: step 11096/12160 (epoch 73/80), loss = 1.534118 (44.600 sec/epoch), lr: 0.000859
Evaluating on dev set...
...........................
source: 	 mrr: 0.037180	 ndcg_5: 0.0261	 ndcg_10: 0.0354	 hit@1:0.012310	 hit@5:0.0398	 hit@10: 0.0688
target: 	 mrr: 0.058947	 ndcg_5: 0.0495	 ndcg_10: 0.0630	 hit@1:0.025087	 hit@5:0.0732	 hit@10: 0.1150
target best!
..............target: 	 mrr: 0.057156	 ndcg_5: 0.0484	 ndcg_10: 0.0638	 hit@1:0.020576	 hit@5:0.0761	 hit@10: 0.1241
epoch 73: train_loss = 1.534118, source_mrr = 0.037180, source_hit@10 = 0.0688, source_ndcg@10 = 0.0354, target_mrr = 0.057156, target_hit@10 = 0.1241, target_ndcg@10 = 0.0638

2024-08-15 04:07:45.363978: step 11248/12160 (epoch 74/80), loss = 1.535935 (45.139 sec/epoch), lr: 0.000859
Evaluating on dev set...
...........................
source: 	 mrr: 0.036010	 ndcg_5: 0.0248	 ndcg_10: 0.0355	 hit@1:0.013758	 hit@5:0.0362	 hit@10: 0.0702
target: 	 mrr: 0.047738	 ndcg_5: 0.0384	 ndcg_10: 0.0518	 hit@1:0.016725	 hit@5:0.0613	 hit@10: 0.1031
epoch 74: train_loss = 1.535935, source_mrr = 0.036010, source_hit@10 = 0.0702, source_ndcg@10 = 0.0355, target_mrr = 0.047738, target_hit@10 = 0.1031, target_ndcg@10 = 0.0518

2024-08-15 04:08:31.842811: step 11400/12160 (epoch 75/80), loss = 1.532135 (45.837 sec/epoch), lr: 0.000816
Evaluating on dev set...
...........................
source: 	 mrr: 0.041956	 ndcg_5: 0.0324	 ndcg_10: 0.0446	 hit@1:0.014482	 hit@5:0.0500	 hit@10: 0.0883
target: 	 mrr: 0.055178	 ndcg_5: 0.0462	 ndcg_10: 0.0613	 hit@1:0.019512	 hit@5:0.0739	 hit@10: 0.1220
epoch 75: train_loss = 1.532135, source_mrr = 0.041956, source_hit@10 = 0.0883, source_ndcg@10 = 0.0446, target_mrr = 0.055178, target_hit@10 = 0.1220, target_ndcg@10 = 0.0613

2024-08-15 04:09:17.029740: step 11552/12160 (epoch 76/80), loss = 1.531182 (44.403 sec/epoch), lr: 0.000816
Evaluating on dev set...
...........................
source: 	 mrr: 0.036543	 ndcg_5: 0.0268	 ndcg_10: 0.0359	 hit@1:0.011586	 hit@5:0.0442	 hit@10: 0.0731
target: 	 mrr: 0.053966	 ndcg_5: 0.0432	 ndcg_10: 0.0589	 hit@1:0.021603	 hit@5:0.0662	 hit@10: 0.1150
epoch 76: train_loss = 1.531182, source_mrr = 0.036543, source_hit@10 = 0.0731, source_ndcg@10 = 0.0359, target_mrr = 0.053966, target_hit@10 = 0.1150, target_ndcg@10 = 0.0589

2024-08-15 04:10:01.811506: step 11704/12160 (epoch 77/80), loss = 1.532382 (44.131 sec/epoch), lr: 0.000775
Evaluating on dev set...
...........................
source: 	 mrr: 0.030344	 ndcg_5: 0.0221	 ndcg_10: 0.0295	 hit@1:0.007965	 hit@5:0.0369	 hit@10: 0.0601
target: 	 mrr: 0.056950	 ndcg_5: 0.0470	 ndcg_10: 0.0590	 hit@1:0.025784	 hit@5:0.0697	 hit@10: 0.1073
epoch 77: train_loss = 1.532382, source_mrr = 0.030344, source_hit@10 = 0.0601, source_ndcg@10 = 0.0295, target_mrr = 0.056950, target_hit@10 = 0.1073, target_ndcg@10 = 0.0590

2024-08-15 04:10:47.147079: step 11856/12160 (epoch 78/80), loss = 1.525481 (44.700 sec/epoch), lr: 0.000736
Evaluating on dev set...
...........................
source: 	 mrr: 0.035887	 ndcg_5: 0.0281	 ndcg_10: 0.0365	 hit@1:0.010138	 hit@5:0.0463	 hit@10: 0.0724
target: 	 mrr: 0.051745	 ndcg_5: 0.0435	 ndcg_10: 0.0552	 hit@1:0.018815	 hit@5:0.0683	 hit@10: 0.1052
epoch 78: train_loss = 1.525481, source_mrr = 0.035887, source_hit@10 = 0.0724, source_ndcg@10 = 0.0365, target_mrr = 0.051745, target_hit@10 = 0.1052, target_ndcg@10 = 0.0552

2024-08-15 04:11:30.944776: step 12008/12160 (epoch 79/80), loss = 1.522111 (43.150 sec/epoch), lr: 0.000736
Evaluating on dev set...
...........................
source: 	 mrr: 0.040677	 ndcg_5: 0.0321	 ndcg_10: 0.0417	 hit@1:0.013034	 hit@5:0.0514	 hit@10: 0.0811
target: 	 mrr: 0.060001	 ndcg_5: 0.0499	 ndcg_10: 0.0633	 hit@1:0.024390	 hit@5:0.0739	 hit@10: 0.1157
target best!
..............target: 	 mrr: 0.058330	 ndcg_5: 0.0488	 ndcg_10: 0.0661	 hit@1:0.021262	 hit@5:0.0768	 hit@10: 0.1303
epoch 79: train_loss = 1.522111, source_mrr = 0.040677, source_hit@10 = 0.0811, source_ndcg@10 = 0.0417, target_mrr = 0.058330, target_hit@10 = 0.1303, target_ndcg@10 = 0.0661

2024-08-15 04:12:16.995771: step 12160/12160 (epoch 80/80), loss = 1.518981 (45.142 sec/epoch), lr: 0.000736
Evaluating on dev set...
...........................
source: 	 mrr: 0.028296	 ndcg_5: 0.0165	 ndcg_10: 0.0265	 hit@1:0.007965	 hit@5:0.0253	 hit@10: 0.0565
target: 	 mrr: 0.047558	 ndcg_5: 0.0388	 ndcg_10: 0.0505	 hit@1:0.013937	 hit@5:0.0641	 hit@10: 0.1003
epoch 80: train_loss = 1.518981, source_mrr = 0.028296, source_hit@10 = 0.0565, source_ndcg@10 = 0.0265, target_mrr = 0.047558, target_hit@10 = 0.1003, target_ndcg@10 = 0.0505

source best:  source_mrr = 0.042198, source_hit@10 = 0.0941, source_ndcg@10 = 0.0454
target best:  target_mrr = 0.056299, target_hit@10 = 0.1261, target_ndcg@10 = 0.0638
