nohup: ignoring input
using gpu:1 to train the model
using gpu:1 to train the model
cuda:1
Namespace(A_split=False, JK='sum', a_fold=100, aggregate=False, alpha=0.5, batch_size=1024, beta_inter=0.2, conv_layers=4, cuda=True, decay_epoch=10, device=device(type='cuda', index=1), device_id='1', domains='game_video', dropout=0.4, epoch=80, feature_dim=126, gamma_intra=0.8, hidden_dim=126, inter_tau=0.2, intra_tau=0.4, lambda_critic=0.1, leakey=0.05, load=False, log='logs.txt', log_epoch=1, lr=0.004, lr_decay=0.95, min_epoch=60, mode='train', model_file=None, model_name='gv', momentum=0.98, num_latent_factors=1, num_negative=100, optim='adam', patience=20, proj_layers=1, projection=1, rectify_epoch=40, residual=1, save=False, save_dir='./saved_models', seed=32, similarity_tau=0.1, step=5, test_sample_number=999, user_batch_size=256, weight_decay=0.0002)
number_user 25025
number_item 12319
/home/disk2/lhr/invariantCDR/invariantCDR/utils/GraphMaker.py:46: RuntimeWarning: divide by zero encountered in power
  r_inv = np.power(rowsum, -1).flatten()
real graph loaded!
number_user 19457
number_item 8751
real graph loaded!
graph loaded!
Loading data from game_video with batch size 1024...
unseen test: 0
test length: 1381
unseen test: 0
test length: 1304
unseen test: 0
test length: 1435
unseen test: 0
test length: 1458
source_user_num 25025
target_user_num 19457
source_item_num 12319
target_item_num 8751
shared users id: 1737
test users 226, 217
unseen test: 0
dev length: 1000
unseen test: 0
dev length: 1000
source train data : 155036, target train data: 156091, source test data : 1304, target test data : 1458, source dev data : 1000, target dev data : 1000
2024-08-14 12:25:26.344622: step 304/24320 (epoch 1/80), loss = 2.373617 (65.580 sec/epoch), lr: 0.004000
Evaluating on dev set...
...........................
source: 	 mrr: 0.020838	 ndcg_5: 0.0150	 ndcg_10: 0.0197	 hit@1:0.006517	 hit@5:0.0239	 hit@10: 0.0384
target: 	 mrr: 0.029174	 ndcg_5: 0.0216	 ndcg_10: 0.0302	 hit@1:0.006969	 hit@5:0.0369	 hit@10: 0.0648
source best!
.............
source: 	 mrr: 0.021130	 ndcg_5: 0.0156	 ndcg_10: 0.0198	 hit@1:0.008436	 hit@5:0.0238	 hit@10: 0.0368
target best!
..............target: 	 mrr: 0.027692	 ndcg_5: 0.0202	 ndcg_10: 0.0287	 hit@1:0.005487	 hit@5:0.0364	 hit@10: 0.0638
epoch 1: train_loss = 2.373617, source_mrr = 0.021130, source_hit@10 = 0.0368, source_ndcg@10 = 0.0198, target_mrr = 0.027692, target_hit@10 = 0.0638, target_ndcg@10 = 0.0287

2024-08-14 12:26:35.183596: step 608/24320 (epoch 2/80), loss = 2.221228 (67.668 sec/epoch), lr: 0.004000
Evaluating on dev set...
...........................
source: 	 mrr: 0.029478	 ndcg_5: 0.0196	 ndcg_10: 0.0283	 hit@1:0.010138	 hit@5:0.0290	 hit@10: 0.0565
target: 	 mrr: 0.014158	 ndcg_5: 0.0063	 ndcg_10: 0.0099	 hit@1:0.000000	 hit@5:0.0132	 hit@10: 0.0244
source best!
.............
source: 	 mrr: 0.028982	 ndcg_5: 0.0196	 ndcg_10: 0.0303	 hit@1:0.006902	 hit@5:0.0322	 hit@10: 0.0660
epoch 2: train_loss = 2.221228, source_mrr = 0.028982, source_hit@10 = 0.0660, source_ndcg@10 = 0.0303, target_mrr = 0.014158, target_hit@10 = 0.0244, target_ndcg@10 = 0.0099

2024-08-14 12:27:42.303453: step 912/24320 (epoch 3/80), loss = 2.200048 (66.266 sec/epoch), lr: 0.004000
Evaluating on dev set...
...........................
source: 	 mrr: 0.019210	 ndcg_5: 0.0096	 ndcg_10: 0.0160	 hit@1:0.003621	 hit@5:0.0167	 hit@10: 0.0369
target: 	 mrr: 0.022784	 ndcg_5: 0.0150	 ndcg_10: 0.0201	 hit@1:0.004878	 hit@5:0.0265	 hit@10: 0.0425
epoch 3: train_loss = 2.200048, source_mrr = 0.019210, source_hit@10 = 0.0369, source_ndcg@10 = 0.0160, target_mrr = 0.022784, target_hit@10 = 0.0425, target_ndcg@10 = 0.0201

2024-08-14 12:28:47.042429: step 1216/24320 (epoch 4/80), loss = 2.181873 (64.121 sec/epoch), lr: 0.004000
Evaluating on dev set...
...........................
source: 	 mrr: 0.014927	 ndcg_5: 0.0083	 ndcg_10: 0.0144	 hit@1:0.002172	 hit@5:0.0145	 hit@10: 0.0333
target: 	 mrr: 0.029303	 ndcg_5: 0.0193	 ndcg_10: 0.0295	 hit@1:0.006272	 hit@5:0.0321	 hit@10: 0.0648
target best!
..............target: 	 mrr: 0.027687	 ndcg_5: 0.0190	 ndcg_10: 0.0266	 hit@1:0.006859	 hit@5:0.0322	 hit@10: 0.0562
epoch 4: train_loss = 2.181873, source_mrr = 0.014927, source_hit@10 = 0.0333, source_ndcg@10 = 0.0144, target_mrr = 0.027687, target_hit@10 = 0.0562, target_ndcg@10 = 0.0266

2024-08-14 12:29:52.379911: step 1520/24320 (epoch 5/80), loss = 2.176818 (64.399 sec/epoch), lr: 0.004000
Evaluating on dev set...
...........................
source: 	 mrr: 0.024135	 ndcg_5: 0.0163	 ndcg_10: 0.0232	 hit@1:0.004345	 hit@5:0.0297	 hit@10: 0.0514
target: 	 mrr: 0.025674	 ndcg_5: 0.0159	 ndcg_10: 0.0246	 hit@1:0.002787	 hit@5:0.0293	 hit@10: 0.0564
epoch 5: train_loss = 2.176818, source_mrr = 0.024135, source_hit@10 = 0.0514, source_ndcg@10 = 0.0232, target_mrr = 0.025674, target_hit@10 = 0.0564, target_ndcg@10 = 0.0246

2024-08-14 12:30:58.433485: step 1824/24320 (epoch 6/80), loss = 2.165681 (65.464 sec/epoch), lr: 0.004000
Evaluating on dev set...
...........................
source: 	 mrr: 0.028730	 ndcg_5: 0.0223	 ndcg_10: 0.0278	 hit@1:0.008689	 hit@5:0.0362	 hit@10: 0.0536
target: 	 mrr: 0.017876	 ndcg_5: 0.0090	 ndcg_10: 0.0121	 hit@1:0.002787	 hit@5:0.0146	 hit@10: 0.0244
epoch 6: train_loss = 2.165681, source_mrr = 0.028730, source_hit@10 = 0.0536, source_ndcg@10 = 0.0278, target_mrr = 0.017876, target_hit@10 = 0.0244, target_ndcg@10 = 0.0121

2024-08-14 12:32:04.126547: step 2128/24320 (epoch 7/80), loss = 2.160638 (65.081 sec/epoch), lr: 0.004000
Evaluating on dev set...
...........................
source: 	 mrr: 0.030427	 ndcg_5: 0.0186	 ndcg_10: 0.0294	 hit@1:0.007241	 hit@5:0.0319	 hit@10: 0.0652
target: 	 mrr: 0.030115	 ndcg_5: 0.0197	 ndcg_10: 0.0296	 hit@1:0.008362	 hit@5:0.0328	 hit@10: 0.0634
source best!
.............
source: 	 mrr: 0.033270	 ndcg_5: 0.0230	 ndcg_10: 0.0321	 hit@1:0.007669	 hit@5:0.0391	 hit@10: 0.0675
target best!
..............target: 	 mrr: 0.030187	 ndcg_5: 0.0204	 ndcg_10: 0.0283	 hit@1:0.008230	 hit@5:0.0336	 hit@10: 0.0576
epoch 7: train_loss = 2.160638, source_mrr = 0.033270, source_hit@10 = 0.0675, source_ndcg@10 = 0.0321, target_mrr = 0.030187, target_hit@10 = 0.0576, target_ndcg@10 = 0.0283

2024-08-14 12:33:10.047623: step 2432/24320 (epoch 8/80), loss = 2.147332 (64.775 sec/epoch), lr: 0.004000
Evaluating on dev set...
...........................
source: 	 mrr: 0.018482	 ndcg_5: 0.0124	 ndcg_10: 0.0166	 hit@1:0.003621	 hit@5:0.0210	 hit@10: 0.0340
target: 	 mrr: 0.040743	 ndcg_5: 0.0316	 ndcg_10: 0.0438	 hit@1:0.011847	 hit@5:0.0502	 hit@10: 0.0878
target best!
..............target: 	 mrr: 0.039071	 ndcg_5: 0.0284	 ndcg_10: 0.0399	 hit@1:0.014403	 hit@5:0.0439	 hit@10: 0.0796
epoch 8: train_loss = 2.147332, source_mrr = 0.018482, source_hit@10 = 0.0340, source_ndcg@10 = 0.0166, target_mrr = 0.039071, target_hit@10 = 0.0796, target_ndcg@10 = 0.0399

2024-08-14 12:34:15.039799: step 2736/24320 (epoch 9/80), loss = 2.141638 (64.182 sec/epoch), lr: 0.004000
Evaluating on dev set...
...........................
source: 	 mrr: 0.031111	 ndcg_5: 0.0210	 ndcg_10: 0.0298	 hit@1:0.009413	 hit@5:0.0319	 hit@10: 0.0594
target: 	 mrr: 0.038944	 ndcg_5: 0.0297	 ndcg_10: 0.0409	 hit@1:0.011150	 hit@5:0.0495	 hit@10: 0.0843
source best!
.............
source: 	 mrr: 0.026173	 ndcg_5: 0.0189	 ndcg_10: 0.0264	 hit@1:0.004601	 hit@5:0.0345	 hit@10: 0.0583
epoch 9: train_loss = 2.141638, source_mrr = 0.026173, source_hit@10 = 0.0583, source_ndcg@10 = 0.0264, target_mrr = 0.038944, target_hit@10 = 0.0843, target_ndcg@10 = 0.0409

2024-08-14 12:35:21.796367: step 3040/24320 (epoch 10/80), loss = 2.136199 (65.953 sec/epoch), lr: 0.004000
Evaluating on dev set...
...........................
source: 	 mrr: 0.029295	 ndcg_5: 0.0181	 ndcg_10: 0.0253	 hit@1:0.005793	 hit@5:0.0282	 hit@10: 0.0507
target: 	 mrr: 0.038893	 ndcg_5: 0.0289	 ndcg_10: 0.0392	 hit@1:0.013240	 hit@5:0.0453	 hit@10: 0.0774
epoch 10: train_loss = 2.136199, source_mrr = 0.029295, source_hit@10 = 0.0507, source_ndcg@10 = 0.0253, target_mrr = 0.038893, target_hit@10 = 0.0774, target_ndcg@10 = 0.0392

2024-08-14 12:36:27.395449: step 3344/24320 (epoch 11/80), loss = 2.133776 (65.020 sec/epoch), lr: 0.004000
Evaluating on dev set...
...........................
source: 	 mrr: 0.032788	 ndcg_5: 0.0230	 ndcg_10: 0.0317	 hit@1:0.007241	 hit@5:0.0398	 hit@10: 0.0666
target: 	 mrr: 0.043762	 ndcg_5: 0.0337	 ndcg_10: 0.0431	 hit@1:0.018815	 hit@5:0.0495	 hit@10: 0.0787
source best!
.............
source: 	 mrr: 0.032214	 ndcg_5: 0.0219	 ndcg_10: 0.0314	 hit@1:0.005368	 hit@5:0.0383	 hit@10: 0.0675
target best!
..............target: 	 mrr: 0.045956	 ndcg_5: 0.0386	 ndcg_10: 0.0480	 hit@1:0.014403	 hit@5:0.0617	 hit@10: 0.0912
epoch 11: train_loss = 2.133776, source_mrr = 0.032214, source_hit@10 = 0.0675, source_ndcg@10 = 0.0314, target_mrr = 0.045956, target_hit@10 = 0.0912, target_ndcg@10 = 0.0480

2024-08-14 12:37:33.281760: step 3648/24320 (epoch 12/80), loss = 2.129260 (64.726 sec/epoch), lr: 0.004000
Evaluating on dev set...
...........................
source: 	 mrr: 0.036804	 ndcg_5: 0.0280	 ndcg_10: 0.0378	 hit@1:0.010862	 hit@5:0.0456	 hit@10: 0.0768
target: 	 mrr: 0.043641	 ndcg_5: 0.0337	 ndcg_10: 0.0465	 hit@1:0.013937	 hit@5:0.0544	 hit@10: 0.0948
source best!
.............
source: 	 mrr: 0.031315	 ndcg_5: 0.0219	 ndcg_10: 0.0317	 hit@1:0.005368	 hit@5:0.0383	 hit@10: 0.0690
epoch 12: train_loss = 2.129260, source_mrr = 0.031315, source_hit@10 = 0.0690, source_ndcg@10 = 0.0317, target_mrr = 0.043641, target_hit@10 = 0.0948, target_ndcg@10 = 0.0465

2024-08-14 12:38:40.018989: step 3952/24320 (epoch 13/80), loss = 2.125727 (65.910 sec/epoch), lr: 0.004000
Evaluating on dev set...
...........................
source: 	 mrr: 0.030678	 ndcg_5: 0.0189	 ndcg_10: 0.0282	 hit@1:0.007965	 hit@5:0.0304	 hit@10: 0.0594
target: 	 mrr: 0.047619	 ndcg_5: 0.0380	 ndcg_10: 0.0515	 hit@1:0.018118	 hit@5:0.0592	 hit@10: 0.1010
target best!
..............target: 	 mrr: 0.048224	 ndcg_5: 0.0394	 ndcg_10: 0.0522	 hit@1:0.016461	 hit@5:0.0624	 hit@10: 0.1029
epoch 13: train_loss = 2.125727, source_mrr = 0.030678, source_hit@10 = 0.0594, source_ndcg@10 = 0.0282, target_mrr = 0.048224, target_hit@10 = 0.1029, target_ndcg@10 = 0.0522

2024-08-14 12:39:47.016838: step 4256/24320 (epoch 14/80), loss = 2.123117 (66.151 sec/epoch), lr: 0.003800
Evaluating on dev set...
...........................
source: 	 mrr: 0.038539	 ndcg_5: 0.0281	 ndcg_10: 0.0368	 hit@1:0.013758	 hit@5:0.0427	 hit@10: 0.0702
target: 	 mrr: 0.051880	 ndcg_5: 0.0439	 ndcg_10: 0.0572	 hit@1:0.019512	 hit@5:0.0683	 hit@10: 0.1101
source best!
.............
source: 	 mrr: 0.037514	 ndcg_5: 0.0276	 ndcg_10: 0.0362	 hit@1:0.013804	 hit@5:0.0429	 hit@10: 0.0698
target best!
..............target: 	 mrr: 0.050775	 ndcg_5: 0.0419	 ndcg_10: 0.0566	 hit@1:0.017147	 hit@5:0.0665	 hit@10: 0.1125
epoch 14: train_loss = 2.123117, source_mrr = 0.037514, source_hit@10 = 0.0698, source_ndcg@10 = 0.0362, target_mrr = 0.050775, target_hit@10 = 0.1125, target_ndcg@10 = 0.0566

2024-08-14 12:40:52.851588: step 4560/24320 (epoch 15/80), loss = 2.119688 (64.756 sec/epoch), lr: 0.003800
Evaluating on dev set...
...........................
source: 	 mrr: 0.038549	 ndcg_5: 0.0264	 ndcg_10: 0.0361	 hit@1:0.013758	 hit@5:0.0391	 hit@10: 0.0695
target: 	 mrr: 0.044400	 ndcg_5: 0.0343	 ndcg_10: 0.0481	 hit@1:0.013937	 hit@5:0.0544	 hit@10: 0.0969
source best!
.............
source: 	 mrr: 0.036169	 ndcg_5: 0.0287	 ndcg_10: 0.0372	 hit@1:0.009202	 hit@5:0.0498	 hit@10: 0.0767
epoch 15: train_loss = 2.119688, source_mrr = 0.036169, source_hit@10 = 0.0767, source_ndcg@10 = 0.0372, target_mrr = 0.044400, target_hit@10 = 0.0969, target_ndcg@10 = 0.0481

2024-08-14 12:41:56.574352: step 4864/24320 (epoch 16/80), loss = 2.117723 (62.880 sec/epoch), lr: 0.003610
Evaluating on dev set...
...........................
source: 	 mrr: 0.036554	 ndcg_5: 0.0255	 ndcg_10: 0.0356	 hit@1:0.010862	 hit@5:0.0391	 hit@10: 0.0710
target: 	 mrr: 0.040677	 ndcg_5: 0.0311	 ndcg_10: 0.0413	 hit@1:0.013240	 hit@5:0.0502	 hit@10: 0.0822
epoch 16: train_loss = 2.117723, source_mrr = 0.036554, source_hit@10 = 0.0710, source_ndcg@10 = 0.0356, target_mrr = 0.040677, target_hit@10 = 0.0822, target_ndcg@10 = 0.0413

2024-08-14 12:43:00.523745: step 5168/24320 (epoch 17/80), loss = 2.114746 (63.377 sec/epoch), lr: 0.003429
Evaluating on dev set...
...........................
source: 	 mrr: 0.025245	 ndcg_5: 0.0151	 ndcg_10: 0.0227	 hit@1:0.004345	 hit@5:0.0268	 hit@10: 0.0507
target: 	 mrr: 0.044722	 ndcg_5: 0.0342	 ndcg_10: 0.0487	 hit@1:0.013937	 hit@5:0.0544	 hit@10: 0.0997
epoch 17: train_loss = 2.114746, source_mrr = 0.025245, source_hit@10 = 0.0507, source_ndcg@10 = 0.0227, target_mrr = 0.044722, target_hit@10 = 0.0997, target_ndcg@10 = 0.0487

2024-08-14 12:44:04.055778: step 5472/24320 (epoch 18/80), loss = 2.110365 (62.967 sec/epoch), lr: 0.003258
Evaluating on dev set...
...........................
source: 	 mrr: 0.041470	 ndcg_5: 0.0321	 ndcg_10: 0.0408	 hit@1:0.012310	 hit@5:0.0507	 hit@10: 0.0775
target: 	 mrr: 0.043387	 ndcg_5: 0.0333	 ndcg_10: 0.0440	 hit@1:0.013937	 hit@5:0.0516	 hit@10: 0.0850
source best!
.............
source: 	 mrr: 0.036461	 ndcg_5: 0.0245	 ndcg_10: 0.0342	 hit@1:0.011503	 hit@5:0.0376	 hit@10: 0.0683
epoch 18: train_loss = 2.110365, source_mrr = 0.036461, source_hit@10 = 0.0683, source_ndcg@10 = 0.0342, target_mrr = 0.043387, target_hit@10 = 0.0850, target_ndcg@10 = 0.0440

2024-08-14 12:45:08.175231: step 5776/24320 (epoch 19/80), loss = 2.110109 (63.293 sec/epoch), lr: 0.003258
Evaluating on dev set...
...........................
source: 	 mrr: 0.043327	 ndcg_5: 0.0315	 ndcg_10: 0.0437	 hit@1:0.015930	 hit@5:0.0478	 hit@10: 0.0854
target: 	 mrr: 0.043818	 ndcg_5: 0.0363	 ndcg_10: 0.0479	 hit@1:0.016028	 hit@5:0.0578	 hit@10: 0.0934
source best!
.............
source: 	 mrr: 0.040811	 ndcg_5: 0.0306	 ndcg_10: 0.0359	 hit@1:0.016871	 hit@5:0.0445	 hit@10: 0.0606
epoch 19: train_loss = 2.110109, source_mrr = 0.040811, source_hit@10 = 0.0606, source_ndcg@10 = 0.0359, target_mrr = 0.043818, target_hit@10 = 0.0934, target_ndcg@10 = 0.0479

2024-08-14 12:46:14.304845: step 6080/24320 (epoch 20/80), loss = 2.109413 (65.314 sec/epoch), lr: 0.003258
Evaluating on dev set...
...........................
source: 	 mrr: 0.037973	 ndcg_5: 0.0258	 ndcg_10: 0.0331	 hit@1:0.013034	 hit@5:0.0369	 hit@10: 0.0594
target: 	 mrr: 0.052195	 ndcg_5: 0.0426	 ndcg_10: 0.0565	 hit@1:0.021603	 hit@5:0.0648	 hit@10: 0.1073
target best!
..............target: 	 mrr: 0.053278	 ndcg_5: 0.0437	 ndcg_10: 0.0589	 hit@1:0.021262	 hit@5:0.0658	 hit@10: 0.1132
epoch 20: train_loss = 2.109413, source_mrr = 0.037973, source_hit@10 = 0.0594, source_ndcg@10 = 0.0331, target_mrr = 0.053278, target_hit@10 = 0.1132, target_ndcg@10 = 0.0589

2024-08-14 12:47:19.966988: step 6384/24320 (epoch 21/80), loss = 2.106823 (64.813 sec/epoch), lr: 0.003258
Evaluating on dev set...
...........................
source: 	 mrr: 0.040515	 ndcg_5: 0.0291	 ndcg_10: 0.0376	 hit@1:0.013758	 hit@5:0.0434	 hit@10: 0.0702
target: 	 mrr: 0.039917	 ndcg_5: 0.0285	 ndcg_10: 0.0400	 hit@1:0.010453	 hit@5:0.0453	 hit@10: 0.0815
epoch 21: train_loss = 2.106823, source_mrr = 0.040515, source_hit@10 = 0.0702, source_ndcg@10 = 0.0376, target_mrr = 0.039917, target_hit@10 = 0.0815, target_ndcg@10 = 0.0400

2024-08-14 12:48:26.311497: step 6688/24320 (epoch 22/80), loss = 2.103295 (65.733 sec/epoch), lr: 0.003095
Evaluating on dev set...
...........................
source: 	 mrr: 0.029037	 ndcg_5: 0.0197	 ndcg_10: 0.0274	 hit@1:0.008689	 hit@5:0.0311	 hit@10: 0.0550
target: 	 mrr: 0.040133	 ndcg_5: 0.0298	 ndcg_10: 0.0433	 hit@1:0.012544	 hit@5:0.0502	 hit@10: 0.0927
epoch 22: train_loss = 2.103295, source_mrr = 0.029037, source_hit@10 = 0.0550, source_ndcg@10 = 0.0274, target_mrr = 0.040133, target_hit@10 = 0.0927, target_ndcg@10 = 0.0433

2024-08-14 12:49:33.555414: step 6992/24320 (epoch 23/80), loss = 2.100554 (66.664 sec/epoch), lr: 0.002940
Evaluating on dev set...
...........................
source: 	 mrr: 0.038207	 ndcg_5: 0.0278	 ndcg_10: 0.0375	 hit@1:0.011586	 hit@5:0.0434	 hit@10: 0.0746
target: 	 mrr: 0.045571	 ndcg_5: 0.0353	 ndcg_10: 0.0507	 hit@1:0.015331	 hit@5:0.0557	 hit@10: 0.1038
epoch 23: train_loss = 2.100554, source_mrr = 0.038207, source_hit@10 = 0.0746, source_ndcg@10 = 0.0375, target_mrr = 0.045571, target_hit@10 = 0.1038, target_ndcg@10 = 0.0507

2024-08-14 12:50:38.592983: step 7296/24320 (epoch 24/80), loss = 2.100256 (64.465 sec/epoch), lr: 0.002940
Evaluating on dev set...
...........................
source: 	 mrr: 0.040542	 ndcg_5: 0.0289	 ndcg_10: 0.0382	 hit@1:0.013758	 hit@5:0.0434	 hit@10: 0.0724
target: 	 mrr: 0.050535	 ndcg_5: 0.0401	 ndcg_10: 0.0525	 hit@1:0.019512	 hit@5:0.0599	 hit@10: 0.0990
epoch 24: train_loss = 2.100256, source_mrr = 0.040542, source_hit@10 = 0.0724, source_ndcg@10 = 0.0382, target_mrr = 0.050535, target_hit@10 = 0.0990, target_ndcg@10 = 0.0525

2024-08-14 12:51:43.692298: step 7600/24320 (epoch 25/80), loss = 2.098734 (64.459 sec/epoch), lr: 0.002940
Evaluating on dev set...
...........................
source: 	 mrr: 0.039085	 ndcg_5: 0.0291	 ndcg_10: 0.0392	 hit@1:0.013034	 hit@5:0.0442	 hit@10: 0.0760
target: 	 mrr: 0.038872	 ndcg_5: 0.0280	 ndcg_10: 0.0408	 hit@1:0.010453	 hit@5:0.0460	 hit@10: 0.0857
epoch 25: train_loss = 2.098734, source_mrr = 0.039085, source_hit@10 = 0.0760, source_ndcg@10 = 0.0392, target_mrr = 0.038872, target_hit@10 = 0.0857, target_ndcg@10 = 0.0408

2024-08-14 12:52:48.779779: step 7904/24320 (epoch 26/80), loss = 2.094717 (64.516 sec/epoch), lr: 0.002793
Evaluating on dev set...
...........................
source: 	 mrr: 0.036060	 ndcg_5: 0.0266	 ndcg_10: 0.0352	 hit@1:0.010138	 hit@5:0.0449	 hit@10: 0.0717
target: 	 mrr: 0.054984	 ndcg_5: 0.0484	 ndcg_10: 0.0593	 hit@1:0.020906	 hit@5:0.0760	 hit@10: 0.1094
target best!
..............target: 	 mrr: 0.055490	 ndcg_5: 0.0464	 ndcg_10: 0.0613	 hit@1:0.018519	 hit@5:0.0713	 hit@10: 0.1173
epoch 26: train_loss = 2.094717, source_mrr = 0.036060, source_hit@10 = 0.0717, source_ndcg@10 = 0.0352, target_mrr = 0.055490, target_hit@10 = 0.1173, target_ndcg@10 = 0.0613

2024-08-14 12:53:54.063530: step 8208/24320 (epoch 27/80), loss = 2.096995 (64.382 sec/epoch), lr: 0.002793
Evaluating on dev set...
...........................
source: 	 mrr: 0.034920	 ndcg_5: 0.0236	 ndcg_10: 0.0335	 hit@1:0.009413	 hit@5:0.0377	 hit@10: 0.0688
target: 	 mrr: 0.047608	 ndcg_5: 0.0369	 ndcg_10: 0.0519	 hit@1:0.016028	 hit@5:0.0592	 hit@10: 0.1059
epoch 27: train_loss = 2.096995, source_mrr = 0.034920, source_hit@10 = 0.0688, source_ndcg@10 = 0.0335, target_mrr = 0.047608, target_hit@10 = 0.1059, target_ndcg@10 = 0.0519

2024-08-14 12:54:59.404147: step 8512/24320 (epoch 28/80), loss = 2.092312 (64.697 sec/epoch), lr: 0.002654
Evaluating on dev set...
...........................
source: 	 mrr: 0.031111	 ndcg_5: 0.0183	 ndcg_10: 0.0296	 hit@1:0.009413	 hit@5:0.0275	 hit@10: 0.0630
target: 	 mrr: 0.050332	 ndcg_5: 0.0420	 ndcg_10: 0.0559	 hit@1:0.014634	 hit@5:0.0683	 hit@10: 0.1122
epoch 28: train_loss = 2.092312, source_mrr = 0.031111, source_hit@10 = 0.0630, source_ndcg@10 = 0.0296, target_mrr = 0.050332, target_hit@10 = 0.1122, target_ndcg@10 = 0.0559

2024-08-14 12:56:05.370770: step 8816/24320 (epoch 29/80), loss = 2.089840 (65.391 sec/epoch), lr: 0.002521
Evaluating on dev set...
...........................
source: 	 mrr: 0.035097	 ndcg_5: 0.0243	 ndcg_10: 0.0345	 hit@1:0.010138	 hit@5:0.0384	 hit@10: 0.0702
target: 	 mrr: 0.054299	 ndcg_5: 0.0450	 ndcg_10: 0.0584	 hit@1:0.019512	 hit@5:0.0690	 hit@10: 0.1101
epoch 29: train_loss = 2.089840, source_mrr = 0.035097, source_hit@10 = 0.0702, source_ndcg@10 = 0.0345, target_mrr = 0.054299, target_hit@10 = 0.1101, target_ndcg@10 = 0.0584

2024-08-14 12:57:13.027832: step 9120/24320 (epoch 30/80), loss = 2.089793 (66.898 sec/epoch), lr: 0.002521
Evaluating on dev set...
...........................
source: 	 mrr: 0.041721	 ndcg_5: 0.0318	 ndcg_10: 0.0413	 hit@1:0.016655	 hit@5:0.0478	 hit@10: 0.0775
target: 	 mrr: 0.049784	 ndcg_5: 0.0419	 ndcg_10: 0.0545	 hit@1:0.018118	 hit@5:0.0676	 hit@10: 0.1066
epoch 30: train_loss = 2.089793, source_mrr = 0.041721, source_hit@10 = 0.0775, source_ndcg@10 = 0.0413, target_mrr = 0.049784, target_hit@10 = 0.1066, target_ndcg@10 = 0.0545

2024-08-14 12:58:18.855244: step 9424/24320 (epoch 31/80), loss = 2.089440 (65.230 sec/epoch), lr: 0.002521
Evaluating on dev set...
...........................
source: 	 mrr: 0.035986	 ndcg_5: 0.0260	 ndcg_10: 0.0351	 hit@1:0.007965	 hit@5:0.0434	 hit@10: 0.0717
target: 	 mrr: 0.049089	 ndcg_5: 0.0402	 ndcg_10: 0.0539	 hit@1:0.015331	 hit@5:0.0648	 hit@10: 0.1080
epoch 31: train_loss = 2.089440, source_mrr = 0.035986, source_hit@10 = 0.0717, source_ndcg@10 = 0.0351, target_mrr = 0.049089, target_hit@10 = 0.1080, target_ndcg@10 = 0.0539

2024-08-14 12:59:25.333782: step 9728/24320 (epoch 32/80), loss = 2.087478 (65.893 sec/epoch), lr: 0.002395
Evaluating on dev set...
...........................
source: 	 mrr: 0.031324	 ndcg_5: 0.0220	 ndcg_10: 0.0281	 hit@1:0.009413	 hit@5:0.0348	 hit@10: 0.0536
target: 	 mrr: 0.046337	 ndcg_5: 0.0345	 ndcg_10: 0.0501	 hit@1:0.015331	 hit@5:0.0537	 hit@10: 0.1017
epoch 32: train_loss = 2.087478, source_mrr = 0.031324, source_hit@10 = 0.0536, source_ndcg@10 = 0.0281, target_mrr = 0.046337, target_hit@10 = 0.1017, target_ndcg@10 = 0.0501

2024-08-14 13:00:30.402868: step 10032/24320 (epoch 33/80), loss = 2.084466 (64.483 sec/epoch), lr: 0.002275
Evaluating on dev set...
...........................
source: 	 mrr: 0.042746	 ndcg_5: 0.0324	 ndcg_10: 0.0444	 hit@1:0.012310	 hit@5:0.0514	 hit@10: 0.0891
target: 	 mrr: 0.049199	 ndcg_5: 0.0414	 ndcg_10: 0.0531	 hit@1:0.016028	 hit@5:0.0683	 hit@10: 0.1045
epoch 33: train_loss = 2.084466, source_mrr = 0.042746, source_hit@10 = 0.0891, source_ndcg@10 = 0.0444, target_mrr = 0.049199, target_hit@10 = 0.1045, target_ndcg@10 = 0.0531

2024-08-14 13:01:36.775938: step 10336/24320 (epoch 34/80), loss = 2.083145 (65.772 sec/epoch), lr: 0.002275
Evaluating on dev set...
...........................
source: 	 mrr: 0.035782	 ndcg_5: 0.0264	 ndcg_10: 0.0338	 hit@1:0.011586	 hit@5:0.0406	 hit@10: 0.0644
target: 	 mrr: 0.039722	 ndcg_5: 0.0307	 ndcg_10: 0.0428	 hit@1:0.010453	 hit@5:0.0523	 hit@10: 0.0899
epoch 34: train_loss = 2.083145, source_mrr = 0.035782, source_hit@10 = 0.0644, source_ndcg@10 = 0.0338, target_mrr = 0.039722, target_hit@10 = 0.0899, target_ndcg@10 = 0.0428

2024-08-14 13:02:43.782026: step 10640/24320 (epoch 35/80), loss = 2.078734 (66.419 sec/epoch), lr: 0.002161
Evaluating on dev set...
...........................
source: 	 mrr: 0.034208	 ndcg_5: 0.0229	 ndcg_10: 0.0321	 hit@1:0.007965	 hit@5:0.0369	 hit@10: 0.0659
target: 	 mrr: 0.047860	 ndcg_5: 0.0404	 ndcg_10: 0.0509	 hit@1:0.016028	 hit@5:0.0634	 hit@10: 0.0962
epoch 35: train_loss = 2.078734, source_mrr = 0.034208, source_hit@10 = 0.0659, source_ndcg@10 = 0.0321, target_mrr = 0.047860, target_hit@10 = 0.0962, target_ndcg@10 = 0.0509

2024-08-14 13:03:50.637322: step 10944/24320 (epoch 36/80), loss = 2.078997 (66.059 sec/epoch), lr: 0.002161
Evaluating on dev set...
...........................
source: 	 mrr: 0.037747	 ndcg_5: 0.0259	 ndcg_10: 0.0364	 hit@1:0.012310	 hit@5:0.0406	 hit@10: 0.0739
target: 	 mrr: 0.041733	 ndcg_5: 0.0350	 ndcg_10: 0.0480	 hit@1:0.011150	 hit@5:0.0613	 hit@10: 0.1017
epoch 36: train_loss = 2.078997, source_mrr = 0.037747, source_hit@10 = 0.0739, source_ndcg@10 = 0.0364, target_mrr = 0.041733, target_hit@10 = 0.1017, target_ndcg@10 = 0.0480

2024-08-14 13:04:55.942578: step 11248/24320 (epoch 37/80), loss = 2.078115 (64.722 sec/epoch), lr: 0.002053
Evaluating on dev set...
...........................
source: 	 mrr: 0.029615	 ndcg_5: 0.0184	 ndcg_10: 0.0275	 hit@1:0.003621	 hit@5:0.0333	 hit@10: 0.0615
target: 	 mrr: 0.048473	 ndcg_5: 0.0378	 ndcg_10: 0.0516	 hit@1:0.015331	 hit@5:0.0599	 hit@10: 0.1024
epoch 37: train_loss = 2.078115, source_mrr = 0.029615, source_hit@10 = 0.0615, source_ndcg@10 = 0.0275, target_mrr = 0.048473, target_hit@10 = 0.1024, target_ndcg@10 = 0.0516

2024-08-14 13:06:01.456008: step 11552/24320 (epoch 38/80), loss = 2.074769 (64.928 sec/epoch), lr: 0.001951
Evaluating on dev set...
...........................
source: 	 mrr: 0.030189	 ndcg_5: 0.0190	 ndcg_10: 0.0272	 hit@1:0.006517	 hit@5:0.0333	 hit@10: 0.0587
target: 	 mrr: 0.042279	 ndcg_5: 0.0341	 ndcg_10: 0.0460	 hit@1:0.013240	 hit@5:0.0585	 hit@10: 0.0955
epoch 38: train_loss = 2.074769, source_mrr = 0.030189, source_hit@10 = 0.0587, source_ndcg@10 = 0.0272, target_mrr = 0.042279, target_hit@10 = 0.0955, target_ndcg@10 = 0.0460

2024-08-14 13:07:42.953906: step 11856/24320 (epoch 39/80), loss = 2.072537 (100.771 sec/epoch), lr: 0.001853
Evaluating on dev set...
...........................
source: 	 mrr: 0.042556	 ndcg_5: 0.0314	 ndcg_10: 0.0434	 hit@1:0.015930	 hit@5:0.0478	 hit@10: 0.0854
target: 	 mrr: 0.043730	 ndcg_5: 0.0339	 ndcg_10: 0.0471	 hit@1:0.013240	 hit@5:0.0551	 hit@10: 0.0962
epoch 39: train_loss = 2.072537, source_mrr = 0.042556, source_hit@10 = 0.0854, source_ndcg@10 = 0.0434, target_mrr = 0.043730, target_hit@10 = 0.0962, target_ndcg@10 = 0.0471

2024-08-14 13:09:40.487722: step 12160/24320 (epoch 40/80), loss = 2.074677 (116.327 sec/epoch), lr: 0.001853
Evaluating on dev set...
...........................
source: 	 mrr: 0.039401	 ndcg_5: 0.0272	 ndcg_10: 0.0395	 hit@1:0.013758	 hit@5:0.0420	 hit@10: 0.0804
target: 	 mrr: 0.047596	 ndcg_5: 0.0396	 ndcg_10: 0.0530	 hit@1:0.014634	 hit@5:0.0669	 hit@10: 0.1087
epoch 40: train_loss = 2.074677, source_mrr = 0.039401, source_hit@10 = 0.0804, source_ndcg@10 = 0.0395, target_mrr = 0.047596, target_hit@10 = 0.1087, target_ndcg@10 = 0.0530
shift to transfer learning mode

2024-08-14 13:11:06.728857: step 12464/24320 (epoch 41/80), loss = 2.082274 (84.892 sec/epoch), lr: 0.001853
Evaluating on dev set...
...........................
source: 	 mrr: 0.034420	 ndcg_5: 0.0219	 ndcg_10: 0.0349	 hit@1:0.007965	 hit@5:0.0355	 hit@10: 0.0760
target: 	 mrr: 0.048574	 ndcg_5: 0.0385	 ndcg_10: 0.0523	 hit@1:0.018118	 hit@5:0.0599	 hit@10: 0.1031
epoch 41: train_loss = 2.082274, source_mrr = 0.034420, source_hit@10 = 0.0760, source_ndcg@10 = 0.0349, target_mrr = 0.048574, target_hit@10 = 0.1031, target_ndcg@10 = 0.0523

2024-08-14 13:12:39.287590: step 12768/24320 (epoch 42/80), loss = 2.081435 (91.722 sec/epoch), lr: 0.001761
Evaluating on dev set...
...........................
source: 	 mrr: 0.041316	 ndcg_5: 0.0309	 ndcg_10: 0.0421	 hit@1:0.013758	 hit@5:0.0478	 hit@10: 0.0825
target: 	 mrr: 0.051738	 ndcg_5: 0.0423	 ndcg_10: 0.0566	 hit@1:0.019512	 hit@5:0.0662	 hit@10: 0.1101
epoch 42: train_loss = 2.081435, source_mrr = 0.041316, source_hit@10 = 0.0825, source_ndcg@10 = 0.0421, target_mrr = 0.051738, target_hit@10 = 0.1101, target_ndcg@10 = 0.0566

2024-08-14 13:14:12.608416: step 13072/24320 (epoch 43/80), loss = 2.079147 (92.481 sec/epoch), lr: 0.001761
Evaluating on dev set...
...........................
source: 	 mrr: 0.039555	 ndcg_5: 0.0288	 ndcg_10: 0.0379	 hit@1:0.013034	 hit@5:0.0456	 hit@10: 0.0746
target: 	 mrr: 0.051691	 ndcg_5: 0.0419	 ndcg_10: 0.0553	 hit@1:0.019512	 hit@5:0.0648	 hit@10: 0.1066
epoch 43: train_loss = 2.079147, source_mrr = 0.039555, source_hit@10 = 0.0746, source_ndcg@10 = 0.0379, target_mrr = 0.051691, target_hit@10 = 0.1066, target_ndcg@10 = 0.0553

2024-08-14 13:15:46.540193: step 13376/24320 (epoch 44/80), loss = 2.076789 (93.075 sec/epoch), lr: 0.001672
Evaluating on dev set...
...........................
source: 	 mrr: 0.041683	 ndcg_5: 0.0322	 ndcg_10: 0.0435	 hit@1:0.013034	 hit@5:0.0521	 hit@10: 0.0869
target: 	 mrr: 0.045672	 ndcg_5: 0.0368	 ndcg_10: 0.0480	 hit@1:0.019512	 hit@5:0.0564	 hit@10: 0.0913
epoch 44: train_loss = 2.076789, source_mrr = 0.041683, source_hit@10 = 0.0869, source_ndcg@10 = 0.0435, target_mrr = 0.045672, target_hit@10 = 0.0913, target_ndcg@10 = 0.0480

2024-08-14 13:17:20.921623: step 13680/24320 (epoch 45/80), loss = 2.075811 (93.432 sec/epoch), lr: 0.001589
Evaluating on dev set...
...........................
source: 	 mrr: 0.035516	 ndcg_5: 0.0264	 ndcg_10: 0.0356	 hit@1:0.010138	 hit@5:0.0434	 hit@10: 0.0724
target: 	 mrr: 0.048302	 ndcg_5: 0.0399	 ndcg_10: 0.0502	 hit@1:0.016028	 hit@5:0.0641	 hit@10: 0.0955
epoch 45: train_loss = 2.075811, source_mrr = 0.035516, source_hit@10 = 0.0724, source_ndcg@10 = 0.0356, target_mrr = 0.048302, target_hit@10 = 0.0955, target_ndcg@10 = 0.0502

2024-08-14 13:18:30.298948: step 13984/24320 (epoch 46/80), loss = 2.073027 (68.536 sec/epoch), lr: 0.001509
Evaluating on dev set...
...........................
source: 	 mrr: 0.040910	 ndcg_5: 0.0296	 ndcg_10: 0.0395	 hit@1:0.015930	 hit@5:0.0427	 hit@10: 0.0739
target: 	 mrr: 0.051897	 ndcg_5: 0.0448	 ndcg_10: 0.0563	 hit@1:0.019512	 hit@5:0.0704	 hit@10: 0.1059
epoch 46: train_loss = 2.073027, source_mrr = 0.040910, source_hit@10 = 0.0739, source_ndcg@10 = 0.0395, target_mrr = 0.051897, target_hit@10 = 0.1059, target_ndcg@10 = 0.0563

2024-08-14 13:19:39.166573: step 14288/24320 (epoch 47/80), loss = 2.075069 (68.264 sec/epoch), lr: 0.001509
Evaluating on dev set...
...........................
source: 	 mrr: 0.036122	 ndcg_5: 0.0249	 ndcg_10: 0.0348	 hit@1:0.007241	 hit@5:0.0406	 hit@10: 0.0717
target: 	 mrr: 0.046759	 ndcg_5: 0.0390	 ndcg_10: 0.0489	 hit@1:0.016028	 hit@5:0.0620	 hit@10: 0.0927
epoch 47: train_loss = 2.075069, source_mrr = 0.036122, source_hit@10 = 0.0717, source_ndcg@10 = 0.0348, target_mrr = 0.046759, target_hit@10 = 0.0927, target_ndcg@10 = 0.0489

2024-08-14 13:20:47.461181: step 14592/24320 (epoch 48/80), loss = 2.072169 (67.620 sec/epoch), lr: 0.001434
Evaluating on dev set...
...........................
source: 	 mrr: 0.036637	 ndcg_5: 0.0254	 ndcg_10: 0.0368	 hit@1:0.007965	 hit@5:0.0427	 hit@10: 0.0775
target: 	 mrr: 0.053937	 ndcg_5: 0.0450	 ndcg_10: 0.0604	 hit@1:0.019512	 hit@5:0.0697	 hit@10: 0.1178
epoch 48: train_loss = 2.072169, source_mrr = 0.036637, source_hit@10 = 0.0775, source_ndcg@10 = 0.0368, target_mrr = 0.053937, target_hit@10 = 0.1178, target_ndcg@10 = 0.0604

2024-08-14 13:21:54.675793: step 14896/24320 (epoch 49/80), loss = 2.070513 (66.606 sec/epoch), lr: 0.001434
Evaluating on dev set...
...........................
source: 	 mrr: 0.039105	 ndcg_5: 0.0293	 ndcg_10: 0.0392	 hit@1:0.015206	 hit@5:0.0434	 hit@10: 0.0746
target: 	 mrr: 0.046567	 ndcg_5: 0.0375	 ndcg_10: 0.0504	 hit@1:0.012544	 hit@5:0.0613	 hit@10: 0.1010
epoch 49: train_loss = 2.070513, source_mrr = 0.039105, source_hit@10 = 0.0746, source_ndcg@10 = 0.0392, target_mrr = 0.046567, target_hit@10 = 0.1010, target_ndcg@10 = 0.0504

2024-08-14 13:23:03.468658: step 15200/24320 (epoch 50/80), loss = 2.067528 (68.206 sec/epoch), lr: 0.001362
Evaluating on dev set...
...........................
source: 	 mrr: 0.025567	 ndcg_5: 0.0168	 ndcg_10: 0.0231	 hit@1:0.005069	 hit@5:0.0290	 hit@10: 0.0485
target: 	 mrr: 0.048575	 ndcg_5: 0.0394	 ndcg_10: 0.0533	 hit@1:0.015331	 hit@5:0.0655	 hit@10: 0.1087
epoch 50: train_loss = 2.067528, source_mrr = 0.025567, source_hit@10 = 0.0485, source_ndcg@10 = 0.0231, target_mrr = 0.048575, target_hit@10 = 0.1087, target_ndcg@10 = 0.0533

2024-08-14 13:24:10.815076: step 15504/24320 (epoch 51/80), loss = 2.068572 (66.765 sec/epoch), lr: 0.001294
Evaluating on dev set...
...........................
source: 	 mrr: 0.040060	 ndcg_5: 0.0289	 ndcg_10: 0.0393	 hit@1:0.011586	 hit@5:0.0456	 hit@10: 0.0775
target: 	 mrr: 0.045287	 ndcg_5: 0.0369	 ndcg_10: 0.0503	 hit@1:0.010453	 hit@5:0.0634	 hit@10: 0.1052
epoch 51: train_loss = 2.068572, source_mrr = 0.040060, source_hit@10 = 0.0775, source_ndcg@10 = 0.0393, target_mrr = 0.045287, target_hit@10 = 0.1052, target_ndcg@10 = 0.0503

2024-08-14 13:25:19.363175: step 15808/24320 (epoch 52/80), loss = 2.065458 (67.880 sec/epoch), lr: 0.001294
Evaluating on dev set...
...........................
source: 	 mrr: 0.043404	 ndcg_5: 0.0361	 ndcg_10: 0.0444	 hit@1:0.013758	 hit@5:0.0601	 hit@10: 0.0862
target: 	 mrr: 0.044267	 ndcg_5: 0.0351	 ndcg_10: 0.0488	 hit@1:0.012544	 hit@5:0.0585	 hit@10: 0.1010
source best!
.............
source: 	 mrr: 0.034767	 ndcg_5: 0.0234	 ndcg_10: 0.0340	 hit@1:0.009202	 hit@5:0.0383	 hit@10: 0.0713
epoch 52: train_loss = 2.065458, source_mrr = 0.034767, source_hit@10 = 0.0713, source_ndcg@10 = 0.0340, target_mrr = 0.044267, target_hit@10 = 0.1010, target_ndcg@10 = 0.0488

2024-08-14 13:26:28.365785: step 16112/24320 (epoch 53/80), loss = 2.065844 (68.109 sec/epoch), lr: 0.001294
Evaluating on dev set...
...........................
source: 	 mrr: 0.033834	 ndcg_5: 0.0223	 ndcg_10: 0.0320	 hit@1:0.009413	 hit@5:0.0362	 hit@10: 0.0666
target: 	 mrr: 0.048625	 ndcg_5: 0.0436	 ndcg_10: 0.0530	 hit@1:0.016725	 hit@5:0.0711	 hit@10: 0.1003
epoch 53: train_loss = 2.065844, source_mrr = 0.033834, source_hit@10 = 0.0666, source_ndcg@10 = 0.0320, target_mrr = 0.048625, target_hit@10 = 0.1003, target_ndcg@10 = 0.0530

2024-08-14 13:27:37.843743: step 16416/24320 (epoch 54/80), loss = 2.061241 (68.866 sec/epoch), lr: 0.001229
Evaluating on dev set...
...........................
source: 	 mrr: 0.039472	 ndcg_5: 0.0271	 ndcg_10: 0.0376	 hit@1:0.014482	 hit@5:0.0406	 hit@10: 0.0731
target: 	 mrr: 0.046345	 ndcg_5: 0.0396	 ndcg_10: 0.0518	 hit@1:0.012544	 hit@5:0.0683	 hit@10: 0.1059
epoch 54: train_loss = 2.061241, source_mrr = 0.039472, source_hit@10 = 0.0731, source_ndcg@10 = 0.0376, target_mrr = 0.046345, target_hit@10 = 0.1059, target_ndcg@10 = 0.0518

2024-08-14 13:29:18.801429: step 16720/24320 (epoch 55/80), loss = 2.061858 (100.302 sec/epoch), lr: 0.001229
Evaluating on dev set...
...........................
source: 	 mrr: 0.039154	 ndcg_5: 0.0264	 ndcg_10: 0.0389	 hit@1:0.012310	 hit@5:0.0420	 hit@10: 0.0811
target: 	 mrr: 0.047141	 ndcg_5: 0.0396	 ndcg_10: 0.0512	 hit@1:0.015331	 hit@5:0.0648	 hit@10: 0.1017
epoch 55: train_loss = 2.061858, source_mrr = 0.039154, source_hit@10 = 0.0811, source_ndcg@10 = 0.0389, target_mrr = 0.047141, target_hit@10 = 0.1017, target_ndcg@10 = 0.0512

2024-08-14 13:33:51.877980: step 17024/24320 (epoch 56/80), loss = 2.060638 (271.784 sec/epoch), lr: 0.001229
Evaluating on dev set...
...........................
source: 	 mrr: 0.039917	 ndcg_5: 0.0298	 ndcg_10: 0.0418	 hit@1:0.010138	 hit@5:0.0485	 hit@10: 0.0862
target: 	 mrr: 0.049428	 ndcg_5: 0.0406	 ndcg_10: 0.0519	 hit@1:0.019512	 hit@5:0.0606	 hit@10: 0.0962
epoch 56: train_loss = 2.060638, source_mrr = 0.039917, source_hit@10 = 0.0862, source_ndcg@10 = 0.0418, target_mrr = 0.049428, target_hit@10 = 0.0962, target_ndcg@10 = 0.0519

2024-08-14 13:39:14.652812: step 17328/24320 (epoch 57/80), loss = 2.057730 (319.583 sec/epoch), lr: 0.001229
Evaluating on dev set...
...........................
source: 	 mrr: 0.036337	 ndcg_5: 0.0241	 ndcg_10: 0.0354	 hit@1:0.010138	 hit@5:0.0406	 hit@10: 0.0753
target: 	 mrr: 0.045472	 ndcg_5: 0.0362	 ndcg_10: 0.0475	 hit@1:0.015331	 hit@5:0.0578	 hit@10: 0.0927
epoch 57: train_loss = 2.057730, source_mrr = 0.036337, source_hit@10 = 0.0753, source_ndcg@10 = 0.0354, target_mrr = 0.045472, target_hit@10 = 0.0927, target_ndcg@10 = 0.0475

2024-08-14 13:42:29.189632: step 17632/24320 (epoch 58/80), loss = 2.056657 (192.654 sec/epoch), lr: 0.001168
Evaluating on dev set...
...........................
source: 	 mrr: 0.042037	 ndcg_5: 0.0327	 ndcg_10: 0.0420	 hit@1:0.013758	 hit@5:0.0521	 hit@10: 0.0811
target: 	 mrr: 0.052709	 ndcg_5: 0.0448	 ndcg_10: 0.0584	 hit@1:0.020209	 hit@5:0.0697	 hit@10: 0.1129
epoch 58: train_loss = 2.056657, source_mrr = 0.042037, source_hit@10 = 0.0811, source_ndcg@10 = 0.0420, target_mrr = 0.052709, target_hit@10 = 0.1129, target_ndcg@10 = 0.0584

2024-08-14 13:45:43.105570: step 17936/24320 (epoch 59/80), loss = 2.053062 (192.206 sec/epoch), lr: 0.001168
Evaluating on dev set...
...........................
source: 	 mrr: 0.032541	 ndcg_5: 0.0233	 ndcg_10: 0.0301	 hit@1:0.009413	 hit@5:0.0377	 hit@10: 0.0587
target: 	 mrr: 0.043432	 ndcg_5: 0.0372	 ndcg_10: 0.0467	 hit@1:0.013937	 hit@5:0.0592	 hit@10: 0.0892
epoch 59: train_loss = 2.053062, source_mrr = 0.032541, source_hit@10 = 0.0587, source_ndcg@10 = 0.0301, target_mrr = 0.043432, target_hit@10 = 0.0892, target_ndcg@10 = 0.0467

2024-08-14 13:48:59.392654: step 18240/24320 (epoch 60/80), loss = 2.051222 (194.666 sec/epoch), lr: 0.001110
Evaluating on dev set...
...........................
source: 	 mrr: 0.039896	 ndcg_5: 0.0278	 ndcg_10: 0.0388	 hit@1:0.013758	 hit@5:0.0420	 hit@10: 0.0760
target: 	 mrr: 0.046385	 ndcg_5: 0.0399	 ndcg_10: 0.0506	 hit@1:0.016725	 hit@5:0.0648	 hit@10: 0.0983
epoch 60: train_loss = 2.051222, source_mrr = 0.039896, source_hit@10 = 0.0760, source_ndcg@10 = 0.0388, target_mrr = 0.046385, target_hit@10 = 0.0983, target_ndcg@10 = 0.0506

2024-08-14 13:52:16.537239: step 18544/24320 (epoch 61/80), loss = 2.047227 (194.967 sec/epoch), lr: 0.001110
Evaluating on dev set...
...........................
source: 	 mrr: 0.033716	 ndcg_5: 0.0242	 ndcg_10: 0.0334	 hit@1:0.010138	 hit@5:0.0398	 hit@10: 0.0688
target: 	 mrr: 0.052098	 ndcg_5: 0.0440	 ndcg_10: 0.0558	 hit@1:0.016725	 hit@5:0.0690	 hit@10: 0.1052
epoch 61: train_loss = 2.047227, source_mrr = 0.033716, source_hit@10 = 0.0688, source_ndcg@10 = 0.0334, target_mrr = 0.052098, target_hit@10 = 0.1052, target_ndcg@10 = 0.0558

2024-08-14 13:55:35.489724: step 18848/24320 (epoch 62/80), loss = 2.044909 (196.516 sec/epoch), lr: 0.001054
Evaluating on dev set...
...........................
source: 	 mrr: 0.039463	 ndcg_5: 0.0279	 ndcg_10: 0.0373	 hit@1:0.012310	 hit@5:0.0434	 hit@10: 0.0724
target: 	 mrr: 0.045490	 ndcg_5: 0.0354	 ndcg_10: 0.0503	 hit@1:0.014634	 hit@5:0.0564	 hit@10: 0.1031
epoch 62: train_loss = 2.044909, source_mrr = 0.039463, source_hit@10 = 0.0724, source_ndcg@10 = 0.0373, target_mrr = 0.045490, target_hit@10 = 0.1031, target_ndcg@10 = 0.0503

2024-08-14 13:58:50.154091: step 19152/24320 (epoch 63/80), loss = 2.043809 (192.822 sec/epoch), lr: 0.001001
Evaluating on dev set...
...........................
source: 	 mrr: 0.036039	 ndcg_5: 0.0245	 ndcg_10: 0.0355	 hit@1:0.011586	 hit@5:0.0384	 hit@10: 0.0724
target: 	 mrr: 0.046176	 ndcg_5: 0.0371	 ndcg_10: 0.0498	 hit@1:0.014634	 hit@5:0.0606	 hit@10: 0.1003
epoch 63: train_loss = 2.043809, source_mrr = 0.036039, source_hit@10 = 0.0724, source_ndcg@10 = 0.0355, target_mrr = 0.046176, target_hit@10 = 0.1003, target_ndcg@10 = 0.0498

2024-08-14 14:02:04.347517: step 19456/24320 (epoch 64/80), loss = 2.040670 (192.569 sec/epoch), lr: 0.000951
Evaluating on dev set...
...........................
source: 	 mrr: 0.037581	 ndcg_5: 0.0261	 ndcg_10: 0.0358	 hit@1:0.012310	 hit@5:0.0413	 hit@10: 0.0710
target: 	 mrr: 0.046211	 ndcg_5: 0.0330	 ndcg_10: 0.0498	 hit@1:0.017422	 hit@5:0.0481	 hit@10: 0.1003
epoch 64: train_loss = 2.040670, source_mrr = 0.037581, source_hit@10 = 0.0710, source_ndcg@10 = 0.0358, target_mrr = 0.046211, target_hit@10 = 0.1003, target_ndcg@10 = 0.0498

2024-08-14 14:05:20.587570: step 19760/24320 (epoch 65/80), loss = 2.037911 (194.532 sec/epoch), lr: 0.000951
Evaluating on dev set...
...........................
source: 	 mrr: 0.033553	 ndcg_5: 0.0221	 ndcg_10: 0.0297	 hit@1:0.010862	 hit@5:0.0340	 hit@10: 0.0579
target: 	 mrr: 0.050506	 ndcg_5: 0.0420	 ndcg_10: 0.0557	 hit@1:0.014634	 hit@5:0.0683	 hit@10: 0.1108
epoch 65: train_loss = 2.037911, source_mrr = 0.033553, source_hit@10 = 0.0579, source_ndcg@10 = 0.0297, target_mrr = 0.050506, target_hit@10 = 0.1108, target_ndcg@10 = 0.0557

2024-08-14 14:09:14.904996: step 20064/24320 (epoch 66/80), loss = 2.032572 (232.563 sec/epoch), lr: 0.000951
Evaluating on dev set...
...........................
source: 	 mrr: 0.035787	 ndcg_5: 0.0239	 ndcg_10: 0.0357	 hit@1:0.009413	 hit@5:0.0391	 hit@10: 0.0760
target: 	 mrr: 0.053918	 ndcg_5: 0.0457	 ndcg_10: 0.0582	 hit@1:0.016028	 hit@5:0.0718	 hit@10: 0.1108
epoch 66: train_loss = 2.032572, source_mrr = 0.035787, source_hit@10 = 0.0760, source_ndcg@10 = 0.0357, target_mrr = 0.053918, target_hit@10 = 0.1108, target_ndcg@10 = 0.0582

2024-08-14 14:12:49.465852: step 20368/24320 (epoch 67/80), loss = 2.035547 (211.525 sec/epoch), lr: 0.000951
Evaluating on dev set...
...........................
source: 	 mrr: 0.042155	 ndcg_5: 0.0311	 ndcg_10: 0.0424	 hit@1:0.013758	 hit@5:0.0500	 hit@10: 0.0840
target: 	 mrr: 0.056390	 ndcg_5: 0.0482	 ndcg_10: 0.0629	 hit@1:0.021603	 hit@5:0.0760	 hit@10: 0.1220
target best!
..............target: 	 mrr: 0.057767	 ndcg_5: 0.0498	 ndcg_10: 0.0631	 hit@1:0.023320	 hit@5:0.0775	 hit@10: 0.1193
epoch 67: train_loss = 2.035547, source_mrr = 0.042155, source_hit@10 = 0.0840, source_ndcg@10 = 0.0424, target_mrr = 0.057767, target_hit@10 = 0.1193, target_ndcg@10 = 0.0631

2024-08-14 14:16:04.696824: step 20672/24320 (epoch 68/80), loss = 2.032395 (192.378 sec/epoch), lr: 0.000951
Evaluating on dev set...
...........................
source: 	 mrr: 0.035519	 ndcg_5: 0.0225	 ndcg_10: 0.0346	 hit@1:0.010138	 hit@5:0.0348	 hit@10: 0.0717
target: 	 mrr: 0.050691	 ndcg_5: 0.0417	 ndcg_10: 0.0560	 hit@1:0.013937	 hit@5:0.0676	 hit@10: 0.1129
epoch 68: train_loss = 2.032395, source_mrr = 0.035519, source_hit@10 = 0.0717, source_ndcg@10 = 0.0346, target_mrr = 0.050691, target_hit@10 = 0.1129, target_ndcg@10 = 0.0560

2024-08-14 14:19:19.356025: step 20976/24320 (epoch 69/80), loss = 2.028865 (192.788 sec/epoch), lr: 0.000904
Evaluating on dev set...
...........................
source: 	 mrr: 0.039519	 ndcg_5: 0.0273	 ndcg_10: 0.0403	 hit@1:0.010862	 hit@5:0.0442	 hit@10: 0.0847
target: 	 mrr: 0.048531	 ndcg_5: 0.0404	 ndcg_10: 0.0541	 hit@1:0.013240	 hit@5:0.0683	 hit@10: 0.1101
epoch 69: train_loss = 2.028865, source_mrr = 0.039519, source_hit@10 = 0.0847, source_ndcg@10 = 0.0403, target_mrr = 0.048531, target_hit@10 = 0.1101, target_ndcg@10 = 0.0541

2024-08-14 14:22:34.164096: step 21280/24320 (epoch 70/80), loss = 2.026114 (193.190 sec/epoch), lr: 0.000904
Evaluating on dev set...
...........................
source: 	 mrr: 0.043066	 ndcg_5: 0.0344	 ndcg_10: 0.0452	 hit@1:0.016655	 hit@5:0.0536	 hit@10: 0.0869
target: 	 mrr: 0.057180	 ndcg_5: 0.0477	 ndcg_10: 0.0622	 hit@1:0.022997	 hit@5:0.0725	 hit@10: 0.1178
target best!
..............target: 	 mrr: 0.057967	 ndcg_5: 0.0484	 ndcg_10: 0.0652	 hit@1:0.019890	 hit@5:0.0768	 hit@10: 0.1289
epoch 70: train_loss = 2.026114, source_mrr = 0.043066, source_hit@10 = 0.0869, source_ndcg@10 = 0.0452, target_mrr = 0.057967, target_hit@10 = 0.1289, target_ndcg@10 = 0.0652

2024-08-14 14:30:08.675364: step 21584/24320 (epoch 71/80), loss = 2.023640 (450.003 sec/epoch), lr: 0.000904
Evaluating on dev set...
...........................
source: 	 mrr: 0.041362	 ndcg_5: 0.0311	 ndcg_10: 0.0414	 hit@1:0.013758	 hit@5:0.0471	 hit@10: 0.0797
target: 	 mrr: 0.050751	 ndcg_5: 0.0429	 ndcg_10: 0.0574	 hit@1:0.015331	 hit@5:0.0704	 hit@10: 0.1157
epoch 71: train_loss = 2.023640, source_mrr = 0.041362, source_hit@10 = 0.0797, source_ndcg@10 = 0.0414, target_mrr = 0.050751, target_hit@10 = 0.1157, target_ndcg@10 = 0.0574

2024-08-14 14:33:40.264827: step 21888/24320 (epoch 72/80), loss = 2.020961 (208.578 sec/epoch), lr: 0.000859
Evaluating on dev set...
...........................
source: 	 mrr: 0.036926	 ndcg_5: 0.0259	 ndcg_10: 0.0351	 hit@1:0.010862	 hit@5:0.0406	 hit@10: 0.0688
target: 	 mrr: 0.049154	 ndcg_5: 0.0391	 ndcg_10: 0.0528	 hit@1:0.017422	 hit@5:0.0606	 hit@10: 0.1031
epoch 72: train_loss = 2.020961, source_mrr = 0.036926, source_hit@10 = 0.0688, source_ndcg@10 = 0.0351, target_mrr = 0.049154, target_hit@10 = 0.1031, target_ndcg@10 = 0.0528

2024-08-14 14:36:59.674441: step 22192/24320 (epoch 73/80), loss = 2.018633 (197.706 sec/epoch), lr: 0.000816
Evaluating on dev set...
...........................
source: 	 mrr: 0.030849	 ndcg_5: 0.0207	 ndcg_10: 0.0282	 hit@1:0.005069	 hit@5:0.0362	 hit@10: 0.0594
target: 	 mrr: 0.053091	 ndcg_5: 0.0428	 ndcg_10: 0.0585	 hit@1:0.018815	 hit@5:0.0648	 hit@10: 0.1136
epoch 73: train_loss = 2.018633, source_mrr = 0.030849, source_hit@10 = 0.0594, source_ndcg@10 = 0.0282, target_mrr = 0.053091, target_hit@10 = 0.1136, target_ndcg@10 = 0.0585

2024-08-14 14:40:48.338310: step 22496/24320 (epoch 74/80), loss = 2.017141 (226.732 sec/epoch), lr: 0.000775
Evaluating on dev set...
...........................
source: 	 mrr: 0.030633	 ndcg_5: 0.0200	 ndcg_10: 0.0289	 hit@1:0.007241	 hit@5:0.0326	 hit@10: 0.0601
target: 	 mrr: 0.049785	 ndcg_5: 0.0408	 ndcg_10: 0.0519	 hit@1:0.020209	 hit@5:0.0613	 hit@10: 0.0962
epoch 74: train_loss = 2.017141, source_mrr = 0.030633, source_hit@10 = 0.0601, source_ndcg@10 = 0.0289, target_mrr = 0.049785, target_hit@10 = 0.0962, target_ndcg@10 = 0.0519

2024-08-14 14:46:03.787016: step 22800/24320 (epoch 75/80), loss = 2.011281 (311.909 sec/epoch), lr: 0.000736
Evaluating on dev set...
...........................
source: 	 mrr: 0.027510	 ndcg_5: 0.0175	 ndcg_10: 0.0263	 hit@1:0.002172	 hit@5:0.0333	 hit@10: 0.0608
target: 	 mrr: 0.051025	 ndcg_5: 0.0430	 ndcg_10: 0.0545	 hit@1:0.017422	 hit@5:0.0683	 hit@10: 0.1045
epoch 75: train_loss = 2.011281, source_mrr = 0.027510, source_hit@10 = 0.0608, source_ndcg@10 = 0.0263, target_mrr = 0.051025, target_hit@10 = 0.1045, target_ndcg@10 = 0.0545

2024-08-14 14:51:28.284893: step 23104/24320 (epoch 76/80), loss = 2.010346 (321.462 sec/epoch), lr: 0.000699
Evaluating on dev set...
...........................
source: 	 mrr: 0.035934	 ndcg_5: 0.0250	 ndcg_10: 0.0348	 hit@1:0.010862	 hit@5:0.0398	 hit@10: 0.0702
target: 	 mrr: 0.046691	 ndcg_5: 0.0394	 ndcg_10: 0.0532	 hit@1:0.013240	 hit@5:0.0655	 hit@10: 0.1080
epoch 76: train_loss = 2.010346, source_mrr = 0.035934, source_hit@10 = 0.0702, source_ndcg@10 = 0.0348, target_mrr = 0.046691, target_hit@10 = 0.1080, target_ndcg@10 = 0.0532

2024-08-14 14:56:54.057251: step 23408/24320 (epoch 77/80), loss = 2.007311 (322.320 sec/epoch), lr: 0.000699
Evaluating on dev set...
...........................
source: 	 mrr: 0.035370	 ndcg_5: 0.0250	 ndcg_10: 0.0331	 hit@1:0.010138	 hit@5:0.0391	 hit@10: 0.0644
target: 	 mrr: 0.046708	 ndcg_5: 0.0365	 ndcg_10: 0.0487	 hit@1:0.016725	 hit@5:0.0544	 hit@10: 0.0920
epoch 77: train_loss = 2.007311, source_mrr = 0.035370, source_hit@10 = 0.0644, source_ndcg@10 = 0.0331, target_mrr = 0.046708, target_hit@10 = 0.0920, target_ndcg@10 = 0.0487

2024-08-14 15:04:49.814153: step 23712/24320 (epoch 78/80), loss = 2.005023 (472.406 sec/epoch), lr: 0.000664
Evaluating on dev set...
...........................
source: 	 mrr: 0.039414	 ndcg_5: 0.0314	 ndcg_10: 0.0388	 hit@1:0.012310	 hit@5:0.0492	 hit@10: 0.0724
target: 	 mrr: 0.048427	 ndcg_5: 0.0386	 ndcg_10: 0.0500	 hit@1:0.018815	 hit@5:0.0564	 hit@10: 0.0920
epoch 78: train_loss = 2.005023, source_mrr = 0.039414, source_hit@10 = 0.0724, source_ndcg@10 = 0.0388, target_mrr = 0.048427, target_hit@10 = 0.0920, target_ndcg@10 = 0.0500

2024-08-14 15:11:10.353134: step 24016/24320 (epoch 79/80), loss = 2.003979 (373.107 sec/epoch), lr: 0.000664
Evaluating on dev set...
...........................
source: 	 mrr: 0.029996	 ndcg_5: 0.0201	 ndcg_10: 0.0302	 hit@1:0.006517	 hit@5:0.0340	 hit@10: 0.0652
target: 	 mrr: 0.044723	 ndcg_5: 0.0341	 ndcg_10: 0.0494	 hit@1:0.013937	 hit@5:0.0537	 hit@10: 0.1010
epoch 79: train_loss = 2.003979, source_mrr = 0.029996, source_hit@10 = 0.0652, source_ndcg@10 = 0.0302, target_mrr = 0.044723, target_hit@10 = 0.1010, target_ndcg@10 = 0.0494

2024-08-14 15:16:40.632955: step 24320/24320 (epoch 80/80), loss = 1.999674 (326.754 sec/epoch), lr: 0.000631
Evaluating on dev set...
...........................
source: 	 mrr: 0.033383	 ndcg_5: 0.0239	 ndcg_10: 0.0324	 hit@1:0.007965	 hit@5:0.0398	 hit@10: 0.0659
target: 	 mrr: 0.046543	 ndcg_5: 0.0369	 ndcg_10: 0.0480	 hit@1:0.015331	 hit@5:0.0578	 hit@10: 0.0927
epoch 80: train_loss = 1.999674, source_mrr = 0.033383, source_hit@10 = 0.0659, source_ndcg@10 = 0.0324, target_mrr = 0.046543, target_hit@10 = 0.0927, target_ndcg@10 = 0.0480

source best:  source_mrr = 0.042746, source_hit@10 = 0.0891, source_ndcg@10 = 0.0444
target best:  target_mrr = 0.056390, target_hit@10 = 0.1220, target_ndcg@10 = 0.0629
