nohup: ignoring input
using gpu:0 to train the model
using gpu:0 to train the model
cuda:0
Namespace(A_split=False, JK='sum', a_fold=100, aggregate=False, alpha=0.5, batch_size=1024, beta_inter=0.2, conv_layers=4, cuda=True, decay_epoch=10, device=device(type='cuda', index=0), device_id='0', domains='game_video', dropout=0.4, epoch=80, feature_dim=126, gamma_intra=0.8, hidden_dim=126, inter_tau=0.2, intra_tau=0.4, lambda_critic=0.1, leakey=0.05, load=False, log='logs.txt', log_epoch=1, lr=0.004, lr_decay=0.95, min_epoch=60, mode='train', model_file=None, model_name='gv', momentum=0.98, num_latent_factors=4, num_negative=100, optim='adam', patience=20, proj_layers=1, projection=1, rectify_epoch=40, residual=1, save=False, save_dir='./saved_models', seed=32, similarity_tau=0.1, step=5, test_sample_number=999, user_batch_size=256, weight_decay=0.0002)
number_user 25025
number_item 12319
/home/hourun/invariantCDR_v2/invariantCDR/utils/GraphMaker.py:46: RuntimeWarning: divide by zero encountered in power
  r_inv = np.power(rowsum, -1).flatten()
real graph loaded!
number_user 19457
number_item 8751
real graph loaded!
graph loaded!
Loading data from game_video with batch size 1024...
unseen test: 0
test length: 1381
unseen test: 0
test length: 1304
unseen test: 0
test length: 1435
unseen test: 0
test length: 1458
source_user_num 25025
target_user_num 19457
source_item_num 12319
target_item_num 8751
shared users id: 1737
test users 226, 217
unseen test: 0
dev length: 1000
unseen test: 0
dev length: 1000
source train data : 155036, target train data: 156091, source test data : 1304, target test data : 1458, source dev data : 1000, target dev data : 1000
Directory ./saved_models/gv do not exist; creating...
2024-08-14 20:34:04.302120: step 304/24320 (epoch 1/80), loss = 2.157272 (40.087 sec/epoch), lr: 0.004000
Evaluating on dev set...
...........................
source: 	 mrr: 0.018421	 ndcg_5: 0.0132	 ndcg_10: 0.0170	 hit@1:0.005069	 hit@5:0.0217	 hit@10: 0.0333
target: 	 mrr: 0.020531	 ndcg_5: 0.0108	 ndcg_10: 0.0160	 hit@1:0.003484	 hit@5:0.0181	 hit@10: 0.0348
source best!
.............
source: 	 mrr: 0.025395	 ndcg_5: 0.0208	 ndcg_10: 0.0238	 hit@1:0.010736	 hit@5:0.0307	 hit@10: 0.0399
target best!
..............target: 	 mrr: 0.025560	 ndcg_5: 0.0166	 ndcg_10: 0.0229	 hit@1:0.007545	 hit@5:0.0254	 hit@10: 0.0446
epoch 1: train_loss = 2.157272, source_mrr = 0.025395, source_hit@10 = 0.0399, source_ndcg@10 = 0.0238, target_mrr = 0.025560, target_hit@10 = 0.0446, target_ndcg@10 = 0.0229

2024-08-14 20:34:45.761845: step 608/24320 (epoch 2/80), loss = 1.795888 (40.905 sec/epoch), lr: 0.004000
Evaluating on dev set...
...........................
source: 	 mrr: 0.028921	 ndcg_5: 0.0205	 ndcg_10: 0.0268	 hit@1:0.010138	 hit@5:0.0297	 hit@10: 0.0492
target: 	 mrr: 0.035223	 ndcg_5: 0.0244	 ndcg_10: 0.0344	 hit@1:0.012544	 hit@5:0.0369	 hit@10: 0.0683
source best!
.............
source: 	 mrr: 0.031922	 ndcg_5: 0.0239	 ndcg_10: 0.0319	 hit@1:0.009969	 hit@5:0.0376	 hit@10: 0.0629
target best!
..............target: 	 mrr: 0.037040	 ndcg_5: 0.0290	 ndcg_10: 0.0358	 hit@1:0.014403	 hit@5:0.0453	 hit@10: 0.0665
epoch 2: train_loss = 1.795888, source_mrr = 0.031922, source_hit@10 = 0.0629, source_ndcg@10 = 0.0319, target_mrr = 0.037040, target_hit@10 = 0.0665, target_ndcg@10 = 0.0358

2024-08-14 20:35:27.752528: step 912/24320 (epoch 3/80), loss = 1.726674 (41.452 sec/epoch), lr: 0.004000
Evaluating on dev set...
...........................
source: 	 mrr: 0.033033	 ndcg_5: 0.0244	 ndcg_10: 0.0329	 hit@1:0.007965	 hit@5:0.0413	 hit@10: 0.0681
target: 	 mrr: 0.042607	 ndcg_5: 0.0335	 ndcg_10: 0.0442	 hit@1:0.014634	 hit@5:0.0537	 hit@10: 0.0864
source best!
.............
source: 	 mrr: 0.027538	 ndcg_5: 0.0139	 ndcg_10: 0.0261	 hit@1:0.005368	 hit@5:0.0230	 hit@10: 0.0606
target best!
..............target: 	 mrr: 0.041341	 ndcg_5: 0.0309	 ndcg_10: 0.0413	 hit@1:0.015089	 hit@5:0.0473	 hit@10: 0.0802
epoch 3: train_loss = 1.726674, source_mrr = 0.027538, source_hit@10 = 0.0606, source_ndcg@10 = 0.0261, target_mrr = 0.041341, target_hit@10 = 0.0802, target_ndcg@10 = 0.0413

2024-08-14 20:36:09.088223: step 1216/24320 (epoch 4/80), loss = 1.694691 (40.789 sec/epoch), lr: 0.004000
Evaluating on dev set...
...........................
source: 	 mrr: 0.029214	 ndcg_5: 0.0200	 ndcg_10: 0.0300	 hit@1:0.009413	 hit@5:0.0326	 hit@10: 0.0637
target: 	 mrr: 0.044755	 ndcg_5: 0.0387	 ndcg_10: 0.0467	 hit@1:0.016028	 hit@5:0.0613	 hit@10: 0.0864
target best!
..............target: 	 mrr: 0.045846	 ndcg_5: 0.0378	 ndcg_10: 0.0481	 hit@1:0.017147	 hit@5:0.0583	 hit@10: 0.0898
epoch 4: train_loss = 1.694691, source_mrr = 0.029214, source_hit@10 = 0.0637, source_ndcg@10 = 0.0300, target_mrr = 0.045846, target_hit@10 = 0.0898, target_ndcg@10 = 0.0481

2024-08-14 20:36:50.439187: step 1520/24320 (epoch 5/80), loss = 1.677610 (40.923 sec/epoch), lr: 0.004000
Evaluating on dev set...
...........................
source: 	 mrr: 0.026737	 ndcg_5: 0.0160	 ndcg_10: 0.0263	 hit@1:0.006517	 hit@5:0.0268	 hit@10: 0.0594
target: 	 mrr: 0.038257	 ndcg_5: 0.0314	 ndcg_10: 0.0399	 hit@1:0.012544	 hit@5:0.0509	 hit@10: 0.0774
epoch 5: train_loss = 1.677610, source_mrr = 0.026737, source_hit@10 = 0.0594, source_ndcg@10 = 0.0263, target_mrr = 0.038257, target_hit@10 = 0.0774, target_ndcg@10 = 0.0399

2024-08-14 20:37:30.609966: step 1824/24320 (epoch 6/80), loss = 1.666697 (39.868 sec/epoch), lr: 0.004000
Evaluating on dev set...
...........................
source: 	 mrr: 0.037919	 ndcg_5: 0.0284	 ndcg_10: 0.0384	 hit@1:0.011586	 hit@5:0.0463	 hit@10: 0.0775
target: 	 mrr: 0.043193	 ndcg_5: 0.0329	 ndcg_10: 0.0446	 hit@1:0.018118	 hit@5:0.0474	 hit@10: 0.0836
source best!
.............
source: 	 mrr: 0.040203	 ndcg_5: 0.0309	 ndcg_10: 0.0394	 hit@1:0.014571	 hit@5:0.0468	 hit@10: 0.0729
epoch 6: train_loss = 1.666697, source_mrr = 0.040203, source_hit@10 = 0.0729, source_ndcg@10 = 0.0394, target_mrr = 0.043193, target_hit@10 = 0.0836, target_ndcg@10 = 0.0446

2024-08-14 20:38:10.809748: step 2128/24320 (epoch 7/80), loss = 1.658050 (39.783 sec/epoch), lr: 0.004000
Evaluating on dev set...
...........................
source: 	 mrr: 0.033432	 ndcg_5: 0.0242	 ndcg_10: 0.0344	 hit@1:0.008689	 hit@5:0.0413	 hit@10: 0.0739
target: 	 mrr: 0.048468	 ndcg_5: 0.0408	 ndcg_10: 0.0543	 hit@1:0.012544	 hit@5:0.0697	 hit@10: 0.1115
target best!
..............target: 	 mrr: 0.044856	 ndcg_5: 0.0333	 ndcg_10: 0.0483	 hit@1:0.011660	 hit@5:0.0542	 hit@10: 0.1015
epoch 7: train_loss = 1.658050, source_mrr = 0.033432, source_hit@10 = 0.0739, source_ndcg@10 = 0.0344, target_mrr = 0.044856, target_hit@10 = 0.1015, target_ndcg@10 = 0.0483

2024-08-14 20:38:52.012326: step 2432/24320 (epoch 8/80), loss = 1.646644 (40.769 sec/epoch), lr: 0.004000
Evaluating on dev set...
...........................
source: 	 mrr: 0.028635	 ndcg_5: 0.0186	 ndcg_10: 0.0270	 hit@1:0.005069	 hit@5:0.0326	 hit@10: 0.0587
target: 	 mrr: 0.043623	 ndcg_5: 0.0352	 ndcg_10: 0.0465	 hit@1:0.015331	 hit@5:0.0551	 hit@10: 0.0906
epoch 8: train_loss = 1.646644, source_mrr = 0.028635, source_hit@10 = 0.0587, source_ndcg@10 = 0.0270, target_mrr = 0.043623, target_hit@10 = 0.0906, target_ndcg@10 = 0.0465

2024-08-14 20:39:33.405284: step 2736/24320 (epoch 9/80), loss = 1.635282 (41.096 sec/epoch), lr: 0.004000
Evaluating on dev set...
...........................
source: 	 mrr: 0.031431	 ndcg_5: 0.0234	 ndcg_10: 0.0319	 hit@1:0.007965	 hit@5:0.0406	 hit@10: 0.0666
target: 	 mrr: 0.045250	 ndcg_5: 0.0356	 ndcg_10: 0.0490	 hit@1:0.014634	 hit@5:0.0571	 hit@10: 0.0990
epoch 9: train_loss = 1.635282, source_mrr = 0.031431, source_hit@10 = 0.0666, source_ndcg@10 = 0.0319, target_mrr = 0.045250, target_hit@10 = 0.0990, target_ndcg@10 = 0.0490

2024-08-14 20:40:15.043147: step 3040/24320 (epoch 10/80), loss = 1.627636 (41.339 sec/epoch), lr: 0.004000
Evaluating on dev set...
...........................
source: 	 mrr: 0.037980	 ndcg_5: 0.0286	 ndcg_10: 0.0381	 hit@1:0.010862	 hit@5:0.0471	 hit@10: 0.0768
target: 	 mrr: 0.047769	 ndcg_5: 0.0393	 ndcg_10: 0.0511	 hit@1:0.014634	 hit@5:0.0641	 hit@10: 0.1010
source best!
.............
source: 	 mrr: 0.038867	 ndcg_5: 0.0269	 ndcg_10: 0.0360	 hit@1:0.014571	 hit@5:0.0391	 hit@10: 0.0675
epoch 10: train_loss = 1.627636, source_mrr = 0.038867, source_hit@10 = 0.0675, source_ndcg@10 = 0.0360, target_mrr = 0.047769, target_hit@10 = 0.1010, target_ndcg@10 = 0.0511

2024-08-14 20:40:56.653055: step 3344/24320 (epoch 11/80), loss = 1.621811 (41.195 sec/epoch), lr: 0.004000
Evaluating on dev set...
...........................
source: 	 mrr: 0.036920	 ndcg_5: 0.0261	 ndcg_10: 0.0371	 hit@1:0.010138	 hit@5:0.0420	 hit@10: 0.0768
target: 	 mrr: 0.047410	 ndcg_5: 0.0413	 ndcg_10: 0.0537	 hit@1:0.016028	 hit@5:0.0683	 hit@10: 0.1066
epoch 11: train_loss = 1.621811, source_mrr = 0.036920, source_hit@10 = 0.0768, source_ndcg@10 = 0.0371, target_mrr = 0.047410, target_hit@10 = 0.1066, target_ndcg@10 = 0.0537

2024-08-14 20:41:38.481874: step 3648/24320 (epoch 12/80), loss = 1.609495 (41.529 sec/epoch), lr: 0.003800
Evaluating on dev set...
...........................
source: 	 mrr: 0.034169	 ndcg_5: 0.0238	 ndcg_10: 0.0327	 hit@1:0.010862	 hit@5:0.0384	 hit@10: 0.0666
target: 	 mrr: 0.053718	 ndcg_5: 0.0442	 ndcg_10: 0.0563	 hit@1:0.022300	 hit@5:0.0641	 hit@10: 0.1010
target best!
..............target: 	 mrr: 0.050471	 ndcg_5: 0.0410	 ndcg_10: 0.0539	 hit@1:0.015775	 hit@5:0.0645	 hit@10: 0.1043
epoch 12: train_loss = 1.609495, source_mrr = 0.034169, source_hit@10 = 0.0666, source_ndcg@10 = 0.0327, target_mrr = 0.050471, target_hit@10 = 0.1043, target_ndcg@10 = 0.0539

2024-08-14 20:42:20.038217: step 3952/24320 (epoch 13/80), loss = 1.605606 (41.130 sec/epoch), lr: 0.003800
Evaluating on dev set...
...........................
source: 	 mrr: 0.026346	 ndcg_5: 0.0189	 ndcg_10: 0.0256	 hit@1:0.005069	 hit@5:0.0333	 hit@10: 0.0543
target: 	 mrr: 0.045960	 ndcg_5: 0.0353	 ndcg_10: 0.0515	 hit@1:0.017422	 hit@5:0.0551	 hit@10: 0.1059
epoch 13: train_loss = 1.605606, source_mrr = 0.026346, source_hit@10 = 0.0543, source_ndcg@10 = 0.0256, target_mrr = 0.045960, target_hit@10 = 0.1059, target_ndcg@10 = 0.0515

2024-08-14 20:43:01.354210: step 4256/24320 (epoch 14/80), loss = 1.596931 (41.004 sec/epoch), lr: 0.003610
Evaluating on dev set...
...........................
source: 	 mrr: 0.031761	 ndcg_5: 0.0232	 ndcg_10: 0.0326	 hit@1:0.007241	 hit@5:0.0384	 hit@10: 0.0681
target: 	 mrr: 0.047145	 ndcg_5: 0.0393	 ndcg_10: 0.0510	 hit@1:0.017422	 hit@5:0.0620	 hit@10: 0.0990
epoch 14: train_loss = 1.596931, source_mrr = 0.031761, source_hit@10 = 0.0681, source_ndcg@10 = 0.0326, target_mrr = 0.047145, target_hit@10 = 0.0990, target_ndcg@10 = 0.0510

2024-08-14 20:43:42.534036: step 4560/24320 (epoch 15/80), loss = 1.593960 (40.877 sec/epoch), lr: 0.003610
Evaluating on dev set...
...........................
source: 	 mrr: 0.038349	 ndcg_5: 0.0279	 ndcg_10: 0.0357	 hit@1:0.013758	 hit@5:0.0413	 hit@10: 0.0659
target: 	 mrr: 0.049655	 ndcg_5: 0.0433	 ndcg_10: 0.0535	 hit@1:0.016028	 hit@5:0.0718	 hit@10: 0.1031
source best!
.............
source: 	 mrr: 0.035058	 ndcg_5: 0.0264	 ndcg_10: 0.0327	 hit@1:0.008436	 hit@5:0.0452	 hit@10: 0.0644
epoch 15: train_loss = 1.593960, source_mrr = 0.035058, source_hit@10 = 0.0644, source_ndcg@10 = 0.0327, target_mrr = 0.049655, target_hit@10 = 0.1031, target_ndcg@10 = 0.0535

2024-08-14 20:44:23.875017: step 4864/24320 (epoch 16/80), loss = 1.588105 (40.929 sec/epoch), lr: 0.003610
Evaluating on dev set...
...........................
source: 	 mrr: 0.025557	 ndcg_5: 0.0136	 ndcg_10: 0.0226	 hit@1:0.004345	 hit@5:0.0246	 hit@10: 0.0529
target: 	 mrr: 0.050170	 ndcg_5: 0.0420	 ndcg_10: 0.0541	 hit@1:0.018118	 hit@5:0.0662	 hit@10: 0.1045
epoch 16: train_loss = 1.588105, source_mrr = 0.025557, source_hit@10 = 0.0529, source_ndcg@10 = 0.0226, target_mrr = 0.050170, target_hit@10 = 0.1045, target_ndcg@10 = 0.0541

2024-08-14 20:45:05.342725: step 5168/24320 (epoch 17/80), loss = 1.576213 (41.165 sec/epoch), lr: 0.003429
Evaluating on dev set...
...........................
source: 	 mrr: 0.022054	 ndcg_5: 0.0124	 ndcg_10: 0.0183	 hit@1:0.005793	 hit@5:0.0188	 hit@10: 0.0369
target: 	 mrr: 0.047699	 ndcg_5: 0.0396	 ndcg_10: 0.0513	 hit@1:0.015331	 hit@5:0.0627	 hit@10: 0.0990
epoch 17: train_loss = 1.576213, source_mrr = 0.022054, source_hit@10 = 0.0369, source_ndcg@10 = 0.0183, target_mrr = 0.047699, target_hit@10 = 0.0990, target_ndcg@10 = 0.0513

2024-08-14 20:45:46.471864: step 5472/24320 (epoch 18/80), loss = 1.568725 (40.826 sec/epoch), lr: 0.003258
Evaluating on dev set...
...........................
source: 	 mrr: 0.040990	 ndcg_5: 0.0300	 ndcg_10: 0.0402	 hit@1:0.014482	 hit@5:0.0449	 hit@10: 0.0768
target: 	 mrr: 0.054783	 ndcg_5: 0.0475	 ndcg_10: 0.0587	 hit@1:0.021603	 hit@5:0.0746	 hit@10: 0.1087
source best!
.............
source: 	 mrr: 0.036889	 ndcg_5: 0.0268	 ndcg_10: 0.0352	 hit@1:0.012270	 hit@5:0.0429	 hit@10: 0.0690
target best!
..............target: 	 mrr: 0.051330	 ndcg_5: 0.0441	 ndcg_10: 0.0560	 hit@1:0.014403	 hit@5:0.0741	 hit@10: 0.1111
epoch 18: train_loss = 1.568725, source_mrr = 0.036889, source_hit@10 = 0.0690, source_ndcg@10 = 0.0352, target_mrr = 0.051330, target_hit@10 = 0.1111, target_ndcg@10 = 0.0560

2024-08-14 20:46:27.708852: step 5776/24320 (epoch 19/80), loss = 1.563521 (40.700 sec/epoch), lr: 0.003258
Evaluating on dev set...
...........................
source: 	 mrr: 0.025419	 ndcg_5: 0.0145	 ndcg_10: 0.0214	 hit@1:0.003621	 hit@5:0.0253	 hit@10: 0.0471
target: 	 mrr: 0.052551	 ndcg_5: 0.0433	 ndcg_10: 0.0544	 hit@1:0.024390	 hit@5:0.0620	 hit@10: 0.0962
epoch 19: train_loss = 1.563521, source_mrr = 0.025419, source_hit@10 = 0.0471, source_ndcg@10 = 0.0214, target_mrr = 0.052551, target_hit@10 = 0.0962, target_ndcg@10 = 0.0544

2024-08-14 20:47:09.479172: step 6080/24320 (epoch 20/80), loss = 1.556626 (41.466 sec/epoch), lr: 0.003095
Evaluating on dev set...
...........................
source: 	 mrr: 0.031293	 ndcg_5: 0.0211	 ndcg_10: 0.0274	 hit@1:0.007965	 hit@5:0.0333	 hit@10: 0.0536
target: 	 mrr: 0.051671	 ndcg_5: 0.0440	 ndcg_10: 0.0550	 hit@1:0.019512	 hit@5:0.0683	 hit@10: 0.1024
epoch 20: train_loss = 1.556626, source_mrr = 0.031293, source_hit@10 = 0.0536, source_ndcg@10 = 0.0274, target_mrr = 0.051671, target_hit@10 = 0.1024, target_ndcg@10 = 0.0550

2024-08-14 20:47:50.740961: step 6384/24320 (epoch 21/80), loss = 1.550532 (40.960 sec/epoch), lr: 0.003095
Evaluating on dev set...
...........................
source: 	 mrr: 0.031316	 ndcg_5: 0.0234	 ndcg_10: 0.0316	 hit@1:0.009413	 hit@5:0.0391	 hit@10: 0.0652
target: 	 mrr: 0.051705	 ndcg_5: 0.0436	 ndcg_10: 0.0557	 hit@1:0.019512	 hit@5:0.0690	 hit@10: 0.1066
epoch 21: train_loss = 1.550532, source_mrr = 0.031316, source_hit@10 = 0.0652, source_ndcg@10 = 0.0316, target_mrr = 0.051705, target_hit@10 = 0.1066, target_ndcg@10 = 0.0557

2024-08-14 20:48:31.826035: step 6688/24320 (epoch 22/80), loss = 1.548951 (40.781 sec/epoch), lr: 0.003095
Evaluating on dev set...
...........................
source: 	 mrr: 0.030642	 ndcg_5: 0.0214	 ndcg_10: 0.0300	 hit@1:0.008689	 hit@5:0.0348	 hit@10: 0.0615
target: 	 mrr: 0.055532	 ndcg_5: 0.0455	 ndcg_10: 0.0576	 hit@1:0.024390	 hit@5:0.0655	 hit@10: 0.1038
target best!
..............target: 	 mrr: 0.055813	 ndcg_5: 0.0478	 ndcg_10: 0.0589	 hit@1:0.021262	 hit@5:0.0734	 hit@10: 0.1077
epoch 22: train_loss = 1.548951, source_mrr = 0.030642, source_hit@10 = 0.0615, source_ndcg@10 = 0.0300, target_mrr = 0.055813, target_hit@10 = 0.1077, target_ndcg@10 = 0.0589

2024-08-14 20:49:12.520416: step 6992/24320 (epoch 23/80), loss = 1.547351 (40.271 sec/epoch), lr: 0.003095
Evaluating on dev set...
...........................
source: 	 mrr: 0.033392	 ndcg_5: 0.0241	 ndcg_10: 0.0347	 hit@1:0.006517	 hit@5:0.0420	 hit@10: 0.0753
target: 	 mrr: 0.050621	 ndcg_5: 0.0441	 ndcg_10: 0.0529	 hit@1:0.021603	 hit@5:0.0655	 hit@10: 0.0927
epoch 23: train_loss = 1.547351, source_mrr = 0.033392, source_hit@10 = 0.0753, source_ndcg@10 = 0.0347, target_mrr = 0.050621, target_hit@10 = 0.0927, target_ndcg@10 = 0.0529

2024-08-14 20:49:54.117284: step 7296/24320 (epoch 24/80), loss = 1.540176 (41.290 sec/epoch), lr: 0.002940
Evaluating on dev set...
...........................
source: 	 mrr: 0.041243	 ndcg_5: 0.0307	 ndcg_10: 0.0399	 hit@1:0.013758	 hit@5:0.0478	 hit@10: 0.0768
target: 	 mrr: 0.052118	 ndcg_5: 0.0442	 ndcg_10: 0.0570	 hit@1:0.018815	 hit@5:0.0690	 hit@10: 0.1087
source best!
.............
source: 	 mrr: 0.040821	 ndcg_5: 0.0309	 ndcg_10: 0.0401	 hit@1:0.014571	 hit@5:0.0460	 hit@10: 0.0752
epoch 24: train_loss = 1.540176, source_mrr = 0.040821, source_hit@10 = 0.0752, source_ndcg@10 = 0.0401, target_mrr = 0.052118, target_hit@10 = 0.1087, target_ndcg@10 = 0.0570

2024-08-14 20:50:35.901790: step 7600/24320 (epoch 25/80), loss = 1.537702 (41.375 sec/epoch), lr: 0.002940
Evaluating on dev set...
...........................
source: 	 mrr: 0.038437	 ndcg_5: 0.0281	 ndcg_10: 0.0373	 hit@1:0.013758	 hit@5:0.0420	 hit@10: 0.0710
target: 	 mrr: 0.059473	 ndcg_5: 0.0531	 ndcg_10: 0.0646	 hit@1:0.025087	 hit@5:0.0801	 hit@10: 0.1164
target best!
..............target: 	 mrr: 0.054855	 ndcg_5: 0.0452	 ndcg_10: 0.0591	 hit@1:0.019890	 hit@5:0.0693	 hit@10: 0.1118
epoch 25: train_loss = 1.537702, source_mrr = 0.038437, source_hit@10 = 0.0710, source_ndcg@10 = 0.0373, target_mrr = 0.054855, target_hit@10 = 0.1118, target_ndcg@10 = 0.0591

2024-08-14 20:51:16.992258: step 7904/24320 (epoch 26/80), loss = 1.535009 (40.663 sec/epoch), lr: 0.002940
Evaluating on dev set...
...........................
source: 	 mrr: 0.038178	 ndcg_5: 0.0266	 ndcg_10: 0.0368	 hit@1:0.013758	 hit@5:0.0398	 hit@10: 0.0717
target: 	 mrr: 0.049721	 ndcg_5: 0.0417	 ndcg_10: 0.0527	 hit@1:0.018815	 hit@5:0.0662	 hit@10: 0.1010
epoch 26: train_loss = 1.535009, source_mrr = 0.038178, source_hit@10 = 0.0717, source_ndcg@10 = 0.0368, target_mrr = 0.049721, target_hit@10 = 0.1010, target_ndcg@10 = 0.0527

2024-08-14 20:51:57.999087: step 8208/24320 (epoch 27/80), loss = 1.533570 (40.707 sec/epoch), lr: 0.002793
Evaluating on dev set...
...........................
source: 	 mrr: 0.034809	 ndcg_5: 0.0250	 ndcg_10: 0.0341	 hit@1:0.011586	 hit@5:0.0398	 hit@10: 0.0688
target: 	 mrr: 0.057201	 ndcg_5: 0.0519	 ndcg_10: 0.0625	 hit@1:0.022997	 hit@5:0.0801	 hit@10: 0.1129
epoch 27: train_loss = 1.533570, source_mrr = 0.034809, source_hit@10 = 0.0688, source_ndcg@10 = 0.0341, target_mrr = 0.057201, target_hit@10 = 0.1129, target_ndcg@10 = 0.0625

2024-08-14 20:52:39.256599: step 8512/24320 (epoch 28/80), loss = 1.529461 (40.959 sec/epoch), lr: 0.002793
Evaluating on dev set...
...........................
source: 	 mrr: 0.037506	 ndcg_5: 0.0237	 ndcg_10: 0.0358	 hit@1:0.011586	 hit@5:0.0362	 hit@10: 0.0739
target: 	 mrr: 0.054927	 ndcg_5: 0.0461	 ndcg_10: 0.0613	 hit@1:0.020906	 hit@5:0.0725	 hit@10: 0.1199
epoch 28: train_loss = 1.529461, source_mrr = 0.037506, source_hit@10 = 0.0739, source_ndcg@10 = 0.0358, target_mrr = 0.054927, target_hit@10 = 0.1199, target_ndcg@10 = 0.0613

2024-08-14 20:53:20.015124: step 8816/24320 (epoch 29/80), loss = 1.529534 (40.453 sec/epoch), lr: 0.002793
Evaluating on dev set...
...........................
source: 	 mrr: 0.029631	 ndcg_5: 0.0193	 ndcg_10: 0.0284	 hit@1:0.006517	 hit@5:0.0326	 hit@10: 0.0615
target: 	 mrr: 0.054950	 ndcg_5: 0.0492	 ndcg_10: 0.0611	 hit@1:0.017422	 hit@5:0.0822	 hit@10: 0.1192
epoch 29: train_loss = 1.529534, source_mrr = 0.029631, source_hit@10 = 0.0615, source_ndcg@10 = 0.0284, target_mrr = 0.054950, target_hit@10 = 0.1192, target_ndcg@10 = 0.0611

2024-08-14 20:54:01.960235: step 9120/24320 (epoch 30/80), loss = 1.523922 (41.644 sec/epoch), lr: 0.002654
Evaluating on dev set...
...........................
source: 	 mrr: 0.034439	 ndcg_5: 0.0241	 ndcg_10: 0.0369	 hit@1:0.006517	 hit@5:0.0427	 hit@10: 0.0825
target: 	 mrr: 0.049377	 ndcg_5: 0.0385	 ndcg_10: 0.0549	 hit@1:0.016725	 hit@5:0.0599	 hit@10: 0.1115
epoch 30: train_loss = 1.523922, source_mrr = 0.034439, source_hit@10 = 0.0825, source_ndcg@10 = 0.0369, target_mrr = 0.049377, target_hit@10 = 0.1115, target_ndcg@10 = 0.0549

2024-08-14 20:54:43.656833: step 9424/24320 (epoch 31/80), loss = 1.519851 (41.375 sec/epoch), lr: 0.002521
Evaluating on dev set...
...........................
source: 	 mrr: 0.037379	 ndcg_5: 0.0273	 ndcg_10: 0.0356	 hit@1:0.011586	 hit@5:0.0442	 hit@10: 0.0702
target: 	 mrr: 0.048863	 ndcg_5: 0.0388	 ndcg_10: 0.0537	 hit@1:0.016028	 hit@5:0.0599	 hit@10: 0.1059
epoch 31: train_loss = 1.519851, source_mrr = 0.037379, source_hit@10 = 0.0702, source_ndcg@10 = 0.0356, target_mrr = 0.048863, target_hit@10 = 0.1059, target_ndcg@10 = 0.0537

2024-08-14 20:55:24.766363: step 9728/24320 (epoch 32/80), loss = 1.518270 (40.808 sec/epoch), lr: 0.002521
Evaluating on dev set...
...........................
source: 	 mrr: 0.033425	 ndcg_5: 0.0235	 ndcg_10: 0.0338	 hit@1:0.007965	 hit@5:0.0398	 hit@10: 0.0724
target: 	 mrr: 0.054002	 ndcg_5: 0.0471	 ndcg_10: 0.0597	 hit@1:0.019512	 hit@5:0.0760	 hit@10: 0.1150
epoch 32: train_loss = 1.518270, source_mrr = 0.033425, source_hit@10 = 0.0724, source_ndcg@10 = 0.0338, target_mrr = 0.054002, target_hit@10 = 0.1150, target_ndcg@10 = 0.0597

2024-08-14 20:56:05.374436: step 10032/24320 (epoch 33/80), loss = 1.516001 (40.281 sec/epoch), lr: 0.002521
Evaluating on dev set...
...........................
source: 	 mrr: 0.036426	 ndcg_5: 0.0256	 ndcg_10: 0.0375	 hit@1:0.007965	 hit@5:0.0427	 hit@10: 0.0804
target: 	 mrr: 0.048992	 ndcg_5: 0.0416	 ndcg_10: 0.0510	 hit@1:0.018118	 hit@5:0.0648	 hit@10: 0.0948
epoch 33: train_loss = 1.516001, source_mrr = 0.036426, source_hit@10 = 0.0804, source_ndcg@10 = 0.0375, target_mrr = 0.048992, target_hit@10 = 0.0948, target_ndcg@10 = 0.0510

2024-08-14 20:56:46.595542: step 10336/24320 (epoch 34/80), loss = 1.508328 (40.918 sec/epoch), lr: 0.002395
Evaluating on dev set...
...........................
source: 	 mrr: 0.040990	 ndcg_5: 0.0318	 ndcg_10: 0.0419	 hit@1:0.015206	 hit@5:0.0500	 hit@10: 0.0818
target: 	 mrr: 0.051458	 ndcg_5: 0.0433	 ndcg_10: 0.0565	 hit@1:0.018118	 hit@5:0.0683	 hit@10: 0.1087
epoch 34: train_loss = 1.508328, source_mrr = 0.040990, source_hit@10 = 0.0818, source_ndcg@10 = 0.0419, target_mrr = 0.051458, target_hit@10 = 0.1087, target_ndcg@10 = 0.0565

2024-08-14 20:57:28.096656: step 10640/24320 (epoch 35/80), loss = 1.506760 (41.187 sec/epoch), lr: 0.002395
Evaluating on dev set...
...........................
source: 	 mrr: 0.028359	 ndcg_5: 0.0176	 ndcg_10: 0.0266	 hit@1:0.005069	 hit@5:0.0311	 hit@10: 0.0594
target: 	 mrr: 0.057016	 ndcg_5: 0.0485	 ndcg_10: 0.0637	 hit@1:0.020906	 hit@5:0.0760	 hit@10: 0.1233
epoch 35: train_loss = 1.506760, source_mrr = 0.028359, source_hit@10 = 0.0594, source_ndcg@10 = 0.0266, target_mrr = 0.057016, target_hit@10 = 0.1233, target_ndcg@10 = 0.0637

2024-08-14 20:58:09.208246: step 10944/24320 (epoch 36/80), loss = 1.504158 (40.807 sec/epoch), lr: 0.002275
Evaluating on dev set...
...........................
source: 	 mrr: 0.038269	 ndcg_5: 0.0263	 ndcg_10: 0.0377	 hit@1:0.011586	 hit@5:0.0420	 hit@10: 0.0775
target: 	 mrr: 0.054921	 ndcg_5: 0.0484	 ndcg_10: 0.0608	 hit@1:0.018118	 hit@5:0.0780	 hit@10: 0.1164
epoch 36: train_loss = 1.504158, source_mrr = 0.038269, source_hit@10 = 0.0775, source_ndcg@10 = 0.0377, target_mrr = 0.054921, target_hit@10 = 0.1164, target_ndcg@10 = 0.0608

2024-08-14 20:58:51.157280: step 11248/24320 (epoch 37/80), loss = 1.502940 (41.612 sec/epoch), lr: 0.002275
Evaluating on dev set...
...........................
source: 	 mrr: 0.033512	 ndcg_5: 0.0234	 ndcg_10: 0.0320	 hit@1:0.009413	 hit@5:0.0384	 hit@10: 0.0652
target: 	 mrr: 0.058211	 ndcg_5: 0.0499	 ndcg_10: 0.0647	 hit@1:0.023693	 hit@5:0.0774	 hit@10: 0.1233
epoch 37: train_loss = 1.502940, source_mrr = 0.033512, source_hit@10 = 0.0652, source_ndcg@10 = 0.0320, target_mrr = 0.058211, target_hit@10 = 0.1233, target_ndcg@10 = 0.0647

2024-08-14 20:59:32.610416: step 11552/24320 (epoch 38/80), loss = 1.495804 (41.154 sec/epoch), lr: 0.002161
Evaluating on dev set...
...........................
source: 	 mrr: 0.037065	 ndcg_5: 0.0236	 ndcg_10: 0.0355	 hit@1:0.009413	 hit@5:0.0384	 hit@10: 0.0746
target: 	 mrr: 0.049793	 ndcg_5: 0.0408	 ndcg_10: 0.0532	 hit@1:0.016725	 hit@5:0.0641	 hit@10: 0.1024
epoch 38: train_loss = 1.495804, source_mrr = 0.037065, source_hit@10 = 0.0746, source_ndcg@10 = 0.0355, target_mrr = 0.049793, target_hit@10 = 0.1024, target_ndcg@10 = 0.0532

2024-08-14 21:00:13.784249: step 11856/24320 (epoch 39/80), loss = 1.489913 (40.869 sec/epoch), lr: 0.002053
Evaluating on dev set...
...........................
source: 	 mrr: 0.039981	 ndcg_5: 0.0279	 ndcg_10: 0.0399	 hit@1:0.013034	 hit@5:0.0427	 hit@10: 0.0804
target: 	 mrr: 0.054260	 ndcg_5: 0.0485	 ndcg_10: 0.0587	 hit@1:0.020209	 hit@5:0.0787	 hit@10: 0.1108
epoch 39: train_loss = 1.489913, source_mrr = 0.039981, source_hit@10 = 0.0804, source_ndcg@10 = 0.0399, target_mrr = 0.054260, target_hit@10 = 0.1108, target_ndcg@10 = 0.0587

2024-08-14 21:00:55.311957: step 12160/24320 (epoch 40/80), loss = 1.493523 (41.226 sec/epoch), lr: 0.002053
Evaluating on dev set...
...........................
source: 	 mrr: 0.025338	 ndcg_5: 0.0122	 ndcg_10: 0.0213	 hit@1:0.005793	 hit@5:0.0188	 hit@10: 0.0471
target: 	 mrr: 0.048163	 ndcg_5: 0.0403	 ndcg_10: 0.0508	 hit@1:0.013240	 hit@5:0.0669	 hit@10: 0.0997
epoch 40: train_loss = 1.493523, source_mrr = 0.025338, source_hit@10 = 0.0471, source_ndcg@10 = 0.0213, target_mrr = 0.048163, target_hit@10 = 0.0997, target_ndcg@10 = 0.0508
shift to transfer learning mode

2024-08-14 21:01:37.092668: step 12464/24320 (epoch 41/80), loss = 1.498293 (41.465 sec/epoch), lr: 0.001951
Evaluating on dev set...
...........................
source: 	 mrr: 0.038955	 ndcg_5: 0.0290	 ndcg_10: 0.0390	 hit@1:0.013034	 hit@5:0.0449	 hit@10: 0.0760
target: 	 mrr: 0.052801	 ndcg_5: 0.0444	 ndcg_10: 0.0554	 hit@1:0.017422	 hit@5:0.0690	 hit@10: 0.1031
epoch 41: train_loss = 1.498293, source_mrr = 0.038955, source_hit@10 = 0.0760, source_ndcg@10 = 0.0390, target_mrr = 0.052801, target_hit@10 = 0.1031, target_ndcg@10 = 0.0554

2024-08-14 21:02:18.744083: step 12768/24320 (epoch 42/80), loss = 1.499929 (41.349 sec/epoch), lr: 0.001951
Evaluating on dev set...
...........................
source: 	 mrr: 0.042983	 ndcg_5: 0.0317	 ndcg_10: 0.0435	 hit@1:0.015206	 hit@5:0.0492	 hit@10: 0.0862
target: 	 mrr: 0.058587	 ndcg_5: 0.0511	 ndcg_10: 0.0633	 hit@1:0.022300	 hit@5:0.0787	 hit@10: 0.1164
source best!
.............
source: 	 mrr: 0.040952	 ndcg_5: 0.0325	 ndcg_10: 0.0411	 hit@1:0.011503	 hit@5:0.0544	 hit@10: 0.0813
epoch 42: train_loss = 1.499929, source_mrr = 0.040952, source_hit@10 = 0.0813, source_ndcg@10 = 0.0411, target_mrr = 0.058587, target_hit@10 = 0.1164, target_ndcg@10 = 0.0633

2024-08-14 21:03:00.161012: step 13072/24320 (epoch 43/80), loss = 1.494678 (40.998 sec/epoch), lr: 0.001951
Evaluating on dev set...
...........................
source: 	 mrr: 0.028968	 ndcg_5: 0.0175	 ndcg_10: 0.0272	 hit@1:0.008689	 hit@5:0.0253	 hit@10: 0.0558
target: 	 mrr: 0.058449	 ndcg_5: 0.0483	 ndcg_10: 0.0653	 hit@1:0.025087	 hit@5:0.0718	 hit@10: 0.1247
epoch 43: train_loss = 1.494678, source_mrr = 0.028968, source_hit@10 = 0.0558, source_ndcg@10 = 0.0272, target_mrr = 0.058449, target_hit@10 = 0.1247, target_ndcg@10 = 0.0653

2024-08-14 21:03:41.936332: step 13376/24320 (epoch 44/80), loss = 1.491879 (41.473 sec/epoch), lr: 0.001853
Evaluating on dev set...
...........................
source: 	 mrr: 0.041669	 ndcg_5: 0.0318	 ndcg_10: 0.0411	 hit@1:0.012310	 hit@5:0.0492	 hit@10: 0.0789
target: 	 mrr: 0.055174	 ndcg_5: 0.0466	 ndcg_10: 0.0594	 hit@1:0.018118	 hit@5:0.0725	 hit@10: 0.1122
epoch 44: train_loss = 1.491879, source_mrr = 0.041669, source_hit@10 = 0.0789, source_ndcg@10 = 0.0411, target_mrr = 0.055174, target_hit@10 = 0.1122, target_ndcg@10 = 0.0594

2024-08-14 21:04:23.881377: step 13680/24320 (epoch 45/80), loss = 1.489868 (41.642 sec/epoch), lr: 0.001853
Evaluating on dev set...
...........................
source: 	 mrr: 0.036535	 ndcg_5: 0.0245	 ndcg_10: 0.0361	 hit@1:0.009413	 hit@5:0.0406	 hit@10: 0.0768
target: 	 mrr: 0.057608	 ndcg_5: 0.0510	 ndcg_10: 0.0638	 hit@1:0.020209	 hit@5:0.0794	 hit@10: 0.1192
epoch 45: train_loss = 1.489868, source_mrr = 0.036535, source_hit@10 = 0.0768, source_ndcg@10 = 0.0361, target_mrr = 0.057608, target_hit@10 = 0.1192, target_ndcg@10 = 0.0638

2024-08-14 21:05:05.872150: step 13984/24320 (epoch 46/80), loss = 1.485190 (41.662 sec/epoch), lr: 0.001761
Evaluating on dev set...
...........................
source: 	 mrr: 0.041368	 ndcg_5: 0.0294	 ndcg_10: 0.0411	 hit@1:0.014482	 hit@5:0.0442	 hit@10: 0.0804
target: 	 mrr: 0.047564	 ndcg_5: 0.0382	 ndcg_10: 0.0530	 hit@1:0.016028	 hit@5:0.0620	 hit@10: 0.1080
epoch 46: train_loss = 1.485190, source_mrr = 0.041368, source_hit@10 = 0.0804, source_ndcg@10 = 0.0411, target_mrr = 0.047564, target_hit@10 = 0.1080, target_ndcg@10 = 0.0530

2024-08-14 21:05:47.504763: step 14288/24320 (epoch 47/80), loss = 1.480532 (41.330 sec/epoch), lr: 0.001672
Evaluating on dev set...
...........................
source: 	 mrr: 0.038577	 ndcg_5: 0.0287	 ndcg_10: 0.0387	 hit@1:0.011586	 hit@5:0.0456	 hit@10: 0.0775
target: 	 mrr: 0.055975	 ndcg_5: 0.0477	 ndcg_10: 0.0625	 hit@1:0.019512	 hit@5:0.0753	 hit@10: 0.1220
epoch 47: train_loss = 1.480532, source_mrr = 0.038577, source_hit@10 = 0.0775, source_ndcg@10 = 0.0387, target_mrr = 0.055975, target_hit@10 = 0.1220, target_ndcg@10 = 0.0625

2024-08-14 21:06:29.271188: step 14592/24320 (epoch 48/80), loss = 1.480513 (41.429 sec/epoch), lr: 0.001672
Evaluating on dev set...
...........................
source: 	 mrr: 0.040324	 ndcg_5: 0.0286	 ndcg_10: 0.0392	 hit@1:0.012310	 hit@5:0.0449	 hit@10: 0.0775
target: 	 mrr: 0.052886	 ndcg_5: 0.0466	 ndcg_10: 0.0584	 hit@1:0.016028	 hit@5:0.0774	 hit@10: 0.1143
epoch 48: train_loss = 1.480513, source_mrr = 0.040324, source_hit@10 = 0.0775, source_ndcg@10 = 0.0392, target_mrr = 0.052886, target_hit@10 = 0.1143, target_ndcg@10 = 0.0584

2024-08-14 21:07:10.417291: step 14896/24320 (epoch 49/80), loss = 1.474721 (40.837 sec/epoch), lr: 0.001589
Evaluating on dev set...
...........................
source: 	 mrr: 0.027082	 ndcg_5: 0.0163	 ndcg_10: 0.0235	 hit@1:0.010138	 hit@5:0.0217	 hit@10: 0.0442
target: 	 mrr: 0.054613	 ndcg_5: 0.0444	 ndcg_10: 0.0607	 hit@1:0.018118	 hit@5:0.0711	 hit@10: 0.1206
epoch 49: train_loss = 1.474721, source_mrr = 0.027082, source_hit@10 = 0.0442, source_ndcg@10 = 0.0235, target_mrr = 0.054613, target_hit@10 = 0.1206, target_ndcg@10 = 0.0607

2024-08-14 21:07:52.066275: step 15200/24320 (epoch 50/80), loss = 1.469825 (41.348 sec/epoch), lr: 0.001509
Evaluating on dev set...
...........................
source: 	 mrr: 0.036708	 ndcg_5: 0.0262	 ndcg_10: 0.0366	 hit@1:0.011586	 hit@5:0.0413	 hit@10: 0.0739
target: 	 mrr: 0.056433	 ndcg_5: 0.0491	 ndcg_10: 0.0629	 hit@1:0.021603	 hit@5:0.0780	 hit@10: 0.1206
epoch 50: train_loss = 1.469825, source_mrr = 0.036708, source_hit@10 = 0.0739, source_ndcg@10 = 0.0366, target_mrr = 0.056433, target_hit@10 = 0.1206, target_ndcg@10 = 0.0629

2024-08-14 21:08:34.137560: step 15504/24320 (epoch 51/80), loss = 1.467913 (41.767 sec/epoch), lr: 0.001509
Evaluating on dev set...
...........................
source: 	 mrr: 0.038947	 ndcg_5: 0.0294	 ndcg_10: 0.0411	 hit@1:0.011586	 hit@5:0.0471	 hit@10: 0.0833
target: 	 mrr: 0.054798	 ndcg_5: 0.0449	 ndcg_10: 0.0606	 hit@1:0.020906	 hit@5:0.0697	 hit@10: 0.1178
epoch 51: train_loss = 1.467913, source_mrr = 0.038947, source_hit@10 = 0.0833, source_ndcg@10 = 0.0411, target_mrr = 0.054798, target_hit@10 = 0.1178, target_ndcg@10 = 0.0606

2024-08-14 21:09:15.608276: step 15808/24320 (epoch 52/80), loss = 1.467928 (41.172 sec/epoch), lr: 0.001509
Evaluating on dev set...
...........................
source: 	 mrr: 0.033234	 ndcg_5: 0.0239	 ndcg_10: 0.0324	 hit@1:0.010138	 hit@5:0.0384	 hit@10: 0.0644
target: 	 mrr: 0.053481	 ndcg_5: 0.0450	 ndcg_10: 0.0585	 hit@1:0.020906	 hit@5:0.0718	 hit@10: 0.1143
epoch 52: train_loss = 1.467928, source_mrr = 0.033234, source_hit@10 = 0.0644, source_ndcg@10 = 0.0324, target_mrr = 0.053481, target_hit@10 = 0.1143, target_ndcg@10 = 0.0585

2024-08-14 21:09:57.196198: step 16112/24320 (epoch 53/80), loss = 1.464396 (41.287 sec/epoch), lr: 0.001434
Evaluating on dev set...
...........................
source: 	 mrr: 0.027665	 ndcg_5: 0.0169	 ndcg_10: 0.0287	 hit@1:0.005069	 hit@5:0.0297	 hit@10: 0.0659
target: 	 mrr: 0.053671	 ndcg_5: 0.0445	 ndcg_10: 0.0578	 hit@1:0.020906	 hit@5:0.0690	 hit@10: 0.1101
epoch 53: train_loss = 1.464396, source_mrr = 0.027665, source_hit@10 = 0.0659, source_ndcg@10 = 0.0287, target_mrr = 0.053671, target_hit@10 = 0.1101, target_ndcg@10 = 0.0578

2024-08-14 21:10:39.204056: step 16416/24320 (epoch 54/80), loss = 1.453998 (41.707 sec/epoch), lr: 0.001362
Evaluating on dev set...
...........................
source: 	 mrr: 0.032153	 ndcg_5: 0.0217	 ndcg_10: 0.0320	 hit@1:0.007965	 hit@5:0.0355	 hit@10: 0.0681
target: 	 mrr: 0.055105	 ndcg_5: 0.0457	 ndcg_10: 0.0590	 hit@1:0.025087	 hit@5:0.0676	 hit@10: 0.1094
epoch 54: train_loss = 1.453998, source_mrr = 0.032153, source_hit@10 = 0.0681, source_ndcg@10 = 0.0320, target_mrr = 0.055105, target_hit@10 = 0.1094, target_ndcg@10 = 0.0590

2024-08-14 21:11:21.337559: step 16720/24320 (epoch 55/80), loss = 1.455866 (41.827 sec/epoch), lr: 0.001362
Evaluating on dev set...
...........................
source: 	 mrr: 0.043730	 ndcg_5: 0.0305	 ndcg_10: 0.0438	 hit@1:0.015206	 hit@5:0.0456	 hit@10: 0.0869
target: 	 mrr: 0.042337	 ndcg_5: 0.0328	 ndcg_10: 0.0440	 hit@1:0.014634	 hit@5:0.0523	 hit@10: 0.0871
source best!
.............
source: 	 mrr: 0.047904	 ndcg_5: 0.0394	 ndcg_10: 0.0507	 hit@1:0.016104	 hit@5:0.0637	 hit@10: 0.0989
epoch 55: train_loss = 1.455866, source_mrr = 0.047904, source_hit@10 = 0.0989, source_ndcg@10 = 0.0507, target_mrr = 0.042337, target_hit@10 = 0.0871, target_ndcg@10 = 0.0440

2024-08-14 21:12:03.357270: step 17024/24320 (epoch 56/80), loss = 1.449881 (41.609 sec/epoch), lr: 0.001294
Evaluating on dev set...
...........................
source: 	 mrr: 0.031683	 ndcg_5: 0.0219	 ndcg_10: 0.0313	 hit@1:0.008689	 hit@5:0.0369	 hit@10: 0.0666
target: 	 mrr: 0.053552	 ndcg_5: 0.0453	 ndcg_10: 0.0575	 hit@1:0.020209	 hit@5:0.0690	 hit@10: 0.1066
epoch 56: train_loss = 1.449881, source_mrr = 0.031683, source_hit@10 = 0.0666, source_ndcg@10 = 0.0313, target_mrr = 0.053552, target_hit@10 = 0.1066, target_ndcg@10 = 0.0575

2024-08-14 21:12:44.838153: step 17328/24320 (epoch 57/80), loss = 1.442387 (41.179 sec/epoch), lr: 0.001229
Evaluating on dev set...
...........................
source: 	 mrr: 0.039077	 ndcg_5: 0.0262	 ndcg_10: 0.0382	 hit@1:0.011586	 hit@5:0.0398	 hit@10: 0.0768
target: 	 mrr: 0.051615	 ndcg_5: 0.0449	 ndcg_10: 0.0560	 hit@1:0.016725	 hit@5:0.0725	 hit@10: 0.1073
epoch 57: train_loss = 1.442387, source_mrr = 0.039077, source_hit@10 = 0.0768, source_ndcg@10 = 0.0382, target_mrr = 0.051615, target_hit@10 = 0.1073, target_ndcg@10 = 0.0560

2024-08-14 21:13:26.531482: step 17632/24320 (epoch 58/80), loss = 1.442643 (41.384 sec/epoch), lr: 0.001229
Evaluating on dev set...
...........................
source: 	 mrr: 0.029661	 ndcg_5: 0.0207	 ndcg_10: 0.0284	 hit@1:0.005069	 hit@5:0.0377	 hit@10: 0.0615
target: 	 mrr: 0.051136	 ndcg_5: 0.0415	 ndcg_10: 0.0551	 hit@1:0.016725	 hit@5:0.0648	 hit@10: 0.1066
epoch 58: train_loss = 1.442643, source_mrr = 0.029661, source_hit@10 = 0.0615, source_ndcg@10 = 0.0284, target_mrr = 0.051136, target_hit@10 = 0.1066, target_ndcg@10 = 0.0551

2024-08-14 21:14:08.797871: step 17936/24320 (epoch 59/80), loss = 1.436571 (41.965 sec/epoch), lr: 0.001168
Evaluating on dev set...
...........................
source: 	 mrr: 0.038310	 ndcg_5: 0.0268	 ndcg_10: 0.0383	 hit@1:0.010862	 hit@5:0.0420	 hit@10: 0.0775
target: 	 mrr: 0.051349	 ndcg_5: 0.0437	 ndcg_10: 0.0545	 hit@1:0.018815	 hit@5:0.0676	 hit@10: 0.1017
epoch 59: train_loss = 1.436571, source_mrr = 0.038310, source_hit@10 = 0.0775, source_ndcg@10 = 0.0383, target_mrr = 0.051349, target_hit@10 = 0.1017, target_ndcg@10 = 0.0545

2024-08-14 21:14:50.709694: step 18240/24320 (epoch 60/80), loss = 1.434257 (41.608 sec/epoch), lr: 0.001168
Evaluating on dev set...
...........................
source: 	 mrr: 0.036222	 ndcg_5: 0.0249	 ndcg_10: 0.0376	 hit@1:0.009413	 hit@5:0.0406	 hit@10: 0.0797
target: 	 mrr: 0.053855	 ndcg_5: 0.0457	 ndcg_10: 0.0582	 hit@1:0.020906	 hit@5:0.0704	 hit@10: 0.1094
epoch 60: train_loss = 1.434257, source_mrr = 0.036222, source_hit@10 = 0.0797, source_ndcg@10 = 0.0376, target_mrr = 0.053855, target_hit@10 = 0.1094, target_ndcg@10 = 0.0582

2024-08-14 21:15:33.016415: step 18544/24320 (epoch 61/80), loss = 1.430661 (42.006 sec/epoch), lr: 0.001168
Evaluating on dev set...
...........................
source: 	 mrr: 0.034670	 ndcg_5: 0.0234	 ndcg_10: 0.0346	 hit@1:0.011586	 hit@5:0.0362	 hit@10: 0.0717
target: 	 mrr: 0.044706	 ndcg_5: 0.0328	 ndcg_10: 0.0470	 hit@1:0.013937	 hit@5:0.0502	 hit@10: 0.0948
epoch 61: train_loss = 1.430661, source_mrr = 0.034670, source_hit@10 = 0.0717, source_ndcg@10 = 0.0346, target_mrr = 0.044706, target_hit@10 = 0.0948, target_ndcg@10 = 0.0470

2024-08-14 21:16:15.009259: step 18848/24320 (epoch 62/80), loss = 1.428375 (41.695 sec/epoch), lr: 0.001110
Evaluating on dev set...
...........................
source: 	 mrr: 0.040370	 ndcg_5: 0.0293	 ndcg_10: 0.0427	 hit@1:0.011586	 hit@5:0.0485	 hit@10: 0.0905
target: 	 mrr: 0.045204	 ndcg_5: 0.0340	 ndcg_10: 0.0450	 hit@1:0.016725	 hit@5:0.0502	 hit@10: 0.0850
epoch 62: train_loss = 1.428375, source_mrr = 0.040370, source_hit@10 = 0.0905, source_ndcg@10 = 0.0427, target_mrr = 0.045204, target_hit@10 = 0.0850, target_ndcg@10 = 0.0450

2024-08-14 21:16:56.871954: step 19152/24320 (epoch 63/80), loss = 1.426538 (41.564 sec/epoch), lr: 0.001110
Evaluating on dev set...
...........................
source: 	 mrr: 0.039113	 ndcg_5: 0.0301	 ndcg_10: 0.0380	 hit@1:0.012310	 hit@5:0.0471	 hit@10: 0.0724
target: 	 mrr: 0.054568	 ndcg_5: 0.0472	 ndcg_10: 0.0566	 hit@1:0.023693	 hit@5:0.0732	 hit@10: 0.1031
epoch 63: train_loss = 1.426538, source_mrr = 0.039113, source_hit@10 = 0.0724, source_ndcg@10 = 0.0380, target_mrr = 0.054568, target_hit@10 = 0.1031, target_ndcg@10 = 0.0566

2024-08-14 21:17:38.550334: step 19456/24320 (epoch 64/80), loss = 1.425390 (41.356 sec/epoch), lr: 0.001110
Evaluating on dev set...
...........................
source: 	 mrr: 0.033590	 ndcg_5: 0.0230	 ndcg_10: 0.0354	 hit@1:0.008689	 hit@5:0.0384	 hit@10: 0.0775
target: 	 mrr: 0.057952	 ndcg_5: 0.0499	 ndcg_10: 0.0636	 hit@1:0.022997	 hit@5:0.0753	 hit@10: 0.1185
epoch 64: train_loss = 1.425390, source_mrr = 0.033590, source_hit@10 = 0.0775, source_ndcg@10 = 0.0354, target_mrr = 0.057952, target_hit@10 = 0.1185, target_ndcg@10 = 0.0636

2024-08-14 21:18:20.668328: step 19760/24320 (epoch 65/80), loss = 1.421657 (41.819 sec/epoch), lr: 0.001054
Evaluating on dev set...
...........................
source: 	 mrr: 0.035062	 ndcg_5: 0.0254	 ndcg_10: 0.0361	 hit@1:0.007965	 hit@5:0.0427	 hit@10: 0.0760
target: 	 mrr: 0.058767	 ndcg_5: 0.0489	 ndcg_10: 0.0620	 hit@1:0.025784	 hit@5:0.0711	 hit@10: 0.1115
epoch 65: train_loss = 1.421657, source_mrr = 0.035062, source_hit@10 = 0.0760, source_ndcg@10 = 0.0361, target_mrr = 0.058767, target_hit@10 = 0.1115, target_ndcg@10 = 0.0620

2024-08-14 21:19:02.926553: step 20064/24320 (epoch 66/80), loss = 1.415333 (41.961 sec/epoch), lr: 0.001054
Evaluating on dev set...
...........................
source: 	 mrr: 0.035231	 ndcg_5: 0.0239	 ndcg_10: 0.0357	 hit@1:0.010862	 hit@5:0.0377	 hit@10: 0.0746
target: 	 mrr: 0.052145	 ndcg_5: 0.0450	 ndcg_10: 0.0563	 hit@1:0.015331	 hit@5:0.0732	 hit@10: 0.1080
epoch 66: train_loss = 1.415333, source_mrr = 0.035231, source_hit@10 = 0.0746, source_ndcg@10 = 0.0357, target_mrr = 0.052145, target_hit@10 = 0.1080, target_ndcg@10 = 0.0563

2024-08-14 21:19:44.716412: step 20368/24320 (epoch 67/80), loss = 1.410941 (41.492 sec/epoch), lr: 0.001001
Evaluating on dev set...
...........................
source: 	 mrr: 0.042952	 ndcg_5: 0.0309	 ndcg_10: 0.0450	 hit@1:0.013758	 hit@5:0.0478	 hit@10: 0.0920
target: 	 mrr: 0.057804	 ndcg_5: 0.0484	 ndcg_10: 0.0626	 hit@1:0.022300	 hit@5:0.0725	 hit@10: 0.1171
epoch 67: train_loss = 1.410941, source_mrr = 0.042952, source_hit@10 = 0.0920, source_ndcg@10 = 0.0450, target_mrr = 0.057804, target_hit@10 = 0.1171, target_ndcg@10 = 0.0626

2024-08-14 21:20:26.462759: step 20672/24320 (epoch 68/80), loss = 1.408514 (41.442 sec/epoch), lr: 0.001001
Evaluating on dev set...
...........................
source: 	 mrr: 0.039337	 ndcg_5: 0.0277	 ndcg_10: 0.0396	 hit@1:0.013758	 hit@5:0.0427	 hit@10: 0.0804
target: 	 mrr: 0.058583	 ndcg_5: 0.0491	 ndcg_10: 0.0652	 hit@1:0.022300	 hit@5:0.0746	 hit@10: 0.1240
epoch 68: train_loss = 1.408514, source_mrr = 0.039337, source_hit@10 = 0.0804, source_ndcg@10 = 0.0396, target_mrr = 0.058583, target_hit@10 = 0.1240, target_ndcg@10 = 0.0652

2024-08-14 21:21:08.557913: step 20976/24320 (epoch 69/80), loss = 1.402092 (41.795 sec/epoch), lr: 0.000951
Evaluating on dev set...
...........................
source: 	 mrr: 0.037576	 ndcg_5: 0.0264	 ndcg_10: 0.0380	 hit@1:0.010862	 hit@5:0.0427	 hit@10: 0.0782
target: 	 mrr: 0.053269	 ndcg_5: 0.0451	 ndcg_10: 0.0585	 hit@1:0.017422	 hit@5:0.0718	 hit@10: 0.1129
epoch 69: train_loss = 1.402092, source_mrr = 0.037576, source_hit@10 = 0.0782, source_ndcg@10 = 0.0380, target_mrr = 0.053269, target_hit@10 = 0.1129, target_ndcg@10 = 0.0585

2024-08-14 21:21:50.533324: step 21280/24320 (epoch 70/80), loss = 1.399100 (41.676 sec/epoch), lr: 0.000904
Evaluating on dev set...
...........................
source: 	 mrr: 0.038198	 ndcg_5: 0.0268	 ndcg_10: 0.0391	 hit@1:0.013034	 hit@5:0.0406	 hit@10: 0.0797
target: 	 mrr: 0.055125	 ndcg_5: 0.0472	 ndcg_10: 0.0594	 hit@1:0.019512	 hit@5:0.0718	 hit@10: 0.1094
epoch 70: train_loss = 1.399100, source_mrr = 0.038198, source_hit@10 = 0.0797, source_ndcg@10 = 0.0391, target_mrr = 0.055125, target_hit@10 = 0.1094, target_ndcg@10 = 0.0594

2024-08-14 21:22:32.735870: step 21584/24320 (epoch 71/80), loss = 1.394608 (41.903 sec/epoch), lr: 0.000904
Evaluating on dev set...
...........................
source: 	 mrr: 0.031115	 ndcg_5: 0.0210	 ndcg_10: 0.0314	 hit@1:0.007241	 hit@5:0.0355	 hit@10: 0.0681
target: 	 mrr: 0.050935	 ndcg_5: 0.0416	 ndcg_10: 0.0548	 hit@1:0.020209	 hit@5:0.0641	 hit@10: 0.1052
epoch 71: train_loss = 1.394608, source_mrr = 0.031115, source_hit@10 = 0.0681, source_ndcg@10 = 0.0314, target_mrr = 0.050935, target_hit@10 = 0.1052, target_ndcg@10 = 0.0548

2024-08-14 21:23:14.559612: step 21888/24320 (epoch 72/80), loss = 1.390468 (41.522 sec/epoch), lr: 0.000859
Evaluating on dev set...
...........................
source: 	 mrr: 0.043852	 ndcg_5: 0.0340	 ndcg_10: 0.0436	 hit@1:0.015206	 hit@5:0.0529	 hit@10: 0.0825
target: 	 mrr: 0.059294	 ndcg_5: 0.0516	 ndcg_10: 0.0639	 hit@1:0.022997	 hit@5:0.0780	 hit@10: 0.1164
source best!
.............
source: 	 mrr: 0.038023	 ndcg_5: 0.0278	 ndcg_10: 0.0392	 hit@1:0.011503	 hit@5:0.0452	 hit@10: 0.0813
epoch 72: train_loss = 1.390468, source_mrr = 0.038023, source_hit@10 = 0.0813, source_ndcg@10 = 0.0392, target_mrr = 0.059294, target_hit@10 = 0.1164, target_ndcg@10 = 0.0639

2024-08-14 21:23:56.733564: step 22192/24320 (epoch 73/80), loss = 1.388181 (41.759 sec/epoch), lr: 0.000859
Evaluating on dev set...
...........................
source: 	 mrr: 0.027703	 ndcg_5: 0.0188	 ndcg_10: 0.0276	 hit@1:0.006517	 hit@5:0.0319	 hit@10: 0.0594
target: 	 mrr: 0.056356	 ndcg_5: 0.0475	 ndcg_10: 0.0607	 hit@1:0.023693	 hit@5:0.0704	 hit@10: 0.1115
epoch 73: train_loss = 1.388181, source_mrr = 0.027703, source_hit@10 = 0.0594, source_ndcg@10 = 0.0276, target_mrr = 0.056356, target_hit@10 = 0.1115, target_ndcg@10 = 0.0607

2024-08-14 21:24:38.296063: step 22496/24320 (epoch 74/80), loss = 1.385566 (41.260 sec/epoch), lr: 0.000816
Evaluating on dev set...
...........................
source: 	 mrr: 0.036241	 ndcg_5: 0.0271	 ndcg_10: 0.0384	 hit@1:0.006517	 hit@5:0.0478	 hit@10: 0.0833
target: 	 mrr: 0.051140	 ndcg_5: 0.0425	 ndcg_10: 0.0520	 hit@1:0.020906	 hit@5:0.0634	 hit@10: 0.0927
epoch 74: train_loss = 1.385566, source_mrr = 0.036241, source_hit@10 = 0.0833, source_ndcg@10 = 0.0384, target_mrr = 0.051140, target_hit@10 = 0.0927, target_ndcg@10 = 0.0520

2024-08-14 21:25:20.226801: step 22800/24320 (epoch 75/80), loss = 1.379224 (41.617 sec/epoch), lr: 0.000816
Evaluating on dev set...
...........................
source: 	 mrr: 0.037675	 ndcg_5: 0.0297	 ndcg_10: 0.0396	 hit@1:0.008689	 hit@5:0.0514	 hit@10: 0.0825
target: 	 mrr: 0.049786	 ndcg_5: 0.0419	 ndcg_10: 0.0518	 hit@1:0.018815	 hit@5:0.0655	 hit@10: 0.0962
epoch 75: train_loss = 1.379224, source_mrr = 0.037675, source_hit@10 = 0.0825, source_ndcg@10 = 0.0396, target_mrr = 0.049786, target_hit@10 = 0.0962, target_ndcg@10 = 0.0518

2024-08-14 21:26:02.165938: step 23104/24320 (epoch 76/80), loss = 1.380315 (41.634 sec/epoch), lr: 0.000816
Evaluating on dev set...
...........................
source: 	 mrr: 0.036588	 ndcg_5: 0.0281	 ndcg_10: 0.0359	 hit@1:0.012310	 hit@5:0.0434	 hit@10: 0.0673
target: 	 mrr: 0.050577	 ndcg_5: 0.0432	 ndcg_10: 0.0537	 hit@1:0.019512	 hit@5:0.0683	 hit@10: 0.1010
epoch 76: train_loss = 1.380315, source_mrr = 0.036588, source_hit@10 = 0.0673, source_ndcg@10 = 0.0359, target_mrr = 0.050577, target_hit@10 = 0.1010, target_ndcg@10 = 0.0537

2024-08-14 21:26:44.084382: step 23408/24320 (epoch 77/80), loss = 1.374386 (41.619 sec/epoch), lr: 0.000775
Evaluating on dev set...
...........................
source: 	 mrr: 0.026732	 ndcg_5: 0.0171	 ndcg_10: 0.0248	 hit@1:0.005069	 hit@5:0.0290	 hit@10: 0.0529
target: 	 mrr: 0.050350	 ndcg_5: 0.0415	 ndcg_10: 0.0535	 hit@1:0.016725	 hit@5:0.0662	 hit@10: 0.1031
epoch 77: train_loss = 1.374386, source_mrr = 0.026732, source_hit@10 = 0.0529, source_ndcg@10 = 0.0248, target_mrr = 0.050350, target_hit@10 = 0.1031, target_ndcg@10 = 0.0535

2024-08-14 21:27:25.278950: step 23712/24320 (epoch 78/80), loss = 1.366783 (40.878 sec/epoch), lr: 0.000736
Evaluating on dev set...
...........................
source: 	 mrr: 0.025802	 ndcg_5: 0.0175	 ndcg_10: 0.0240	 hit@1:0.006517	 hit@5:0.0297	 hit@10: 0.0500
target: 	 mrr: 0.054017	 ndcg_5: 0.0454	 ndcg_10: 0.0584	 hit@1:0.021603	 hit@5:0.0690	 hit@10: 0.1094
epoch 78: train_loss = 1.366783, source_mrr = 0.025802, source_hit@10 = 0.0500, source_ndcg@10 = 0.0240, target_mrr = 0.054017, target_hit@10 = 0.1094, target_ndcg@10 = 0.0584

2024-08-14 21:28:07.448760: step 24016/24320 (epoch 79/80), loss = 1.368334 (41.859 sec/epoch), lr: 0.000736
Evaluating on dev set...
...........................
source: 	 mrr: 0.035649	 ndcg_5: 0.0246	 ndcg_10: 0.0337	 hit@1:0.013034	 hit@5:0.0362	 hit@10: 0.0644
target: 	 mrr: 0.058463	 ndcg_5: 0.0504	 ndcg_10: 0.0623	 hit@1:0.022997	 hit@5:0.0774	 hit@10: 0.1143
epoch 79: train_loss = 1.368334, source_mrr = 0.035649, source_hit@10 = 0.0644, source_ndcg@10 = 0.0337, target_mrr = 0.058463, target_hit@10 = 0.1143, target_ndcg@10 = 0.0623

2024-08-14 21:28:49.330289: step 24320/24320 (epoch 80/80), loss = 1.366234 (41.584 sec/epoch), lr: 0.000736
Evaluating on dev set...
...........................
source: 	 mrr: 0.023390	 ndcg_5: 0.0155	 ndcg_10: 0.0227	 hit@1:0.003621	 hit@5:0.0268	 hit@10: 0.0500
target: 	 mrr: 0.051230	 ndcg_5: 0.0440	 ndcg_10: 0.0556	 hit@1:0.016725	 hit@5:0.0718	 hit@10: 0.1080
epoch 80: train_loss = 1.366234, source_mrr = 0.023390, source_hit@10 = 0.0500, source_ndcg@10 = 0.0227, target_mrr = 0.051230, target_hit@10 = 0.1080, target_ndcg@10 = 0.0556

source best:  source_mrr = 0.042952, source_hit@10 = 0.0920, source_ndcg@10 = 0.0450
target best:  target_mrr = 0.058449, target_hit@10 = 0.1247, target_ndcg@10 = 0.0653
