nohup: ignoring input
/home1/lhr/anaconda3/envs/torch/lib/python3.8/site-packages/torch_geometric/typing.py:54: UserWarning: An issue occurred while importing 'pyg-lib'. Disabling its usage. Stacktrace: /lib/x86_64-linux-gnu/libm.so.6: version `GLIBC_2.29' not found (required by /home1/lhr/anaconda3/envs/torch/lib/python3.8/site-packages/libpyg.so)
  warnings.warn(f"An issue occurred while importing 'pyg-lib'. "
/home1/lhr/anaconda3/envs/torch/lib/python3.8/site-packages/torch_geometric/typing.py:110: UserWarning: An issue occurred while importing 'torch-sparse'. Disabling its usage. Stacktrace: /lib/x86_64-linux-gnu/libm.so.6: version `GLIBC_2.29' not found (required by /home1/lhr/anaconda3/envs/torch/lib/python3.8/site-packages/libpyg.so)
  warnings.warn(f"An issue occurred while importing 'torch-sparse'. "
using gpu:4 to train the model
using gpu:4 to train the model
cuda:4
Namespace(A_split=False, JK='sum', a_fold=100, aggregate=False, alpha=0.5, batch_size=1024, beta_inter=0.4, conv_layers=4, cuda=True, decay_epoch=10, device=device(type='cuda', index=4), device_id='4', domains='game_video', dropout=0.2, epoch=80, feature_dim=126, gamma_intra=0.8, hidden_dim=126, inter_tau=0.2, intra_tau=1, lambda_critic=0.4, leakey=0.05, load=False, log='logs.txt', log_epoch=1, lr=0.004, lr_decay=0.95, min_epoch=50, mode='train', model_file=None, model_name='gv', momentum=0.98, num_latent_factors=3, num_negative=100, optim='adam', patience=20, proj_layers=1, projection=1, rectify_epoch=30, residual=1, save=False, save_dir='./saved_models', seed=32, similarity_tau=0.1, test_sample_number=999, user_batch_size=256, weight_decay=0.0002)
number_user 25025
number_item 12319
/home1/lhr/invariantCDR/invariantCDR/utils/GraphMaker.py:46: RuntimeWarning: divide by zero encountered in power
  r_inv = np.power(rowsum, -1).flatten()
/home1/lhr/invariantCDR/invariantCDR/utils/GraphMaker.py:72: UserWarning: torch.sparse.SparseTensor(indices, values, shape, *, device=) is deprecated.  Please use torch.sparse_coo_tensor(indices, values, shape, dtype=, device=). (Triggered internally at /opt/conda/conda-bld/pytorch_1711403590347/work/torch/csrc/utils/tensor_new.cpp:618.)
  return torch.sparse.FloatTensor(indices, values, shape)
real graph loaded!
number_user 19457
number_item 8751
real graph loaded!
graph loaded!
Loading data from game_video with batch size 1024...
unseen test: 0
test length: 1381
unseen test: 0
test length: 1304
unseen test: 0
test length: 1435
unseen test: 0
test length: 1458
source_user_num 25025
target_user_num 19457
source_item_num 12319
target_item_num 8751
shared users id: 1737
test users 226, 217
unseen test: 0
dev length: 1000
unseen test: 0
dev length: 1000
source train data : 155036, target train data: 156091, source test data : 1304, target test data : 1458, source dev data : 1000, target dev data : 1000
2024-08-10 21:19:29.504057: step 304/24320 (epoch 1/80), loss = 2.215625 (91.716 sec/epoch), lr: 0.004000
Evaluating on dev set...
...........................
source: 	 mrr: 0.028262	 ndcg_5: 0.0198	 ndcg_10: 0.0257	 hit@1:0.007241	 hit@5:0.0326	 hit@10: 0.0507
target: 	 mrr: 0.041052	 ndcg_5: 0.0333	 ndcg_10: 0.0413	 hit@1:0.017422	 hit@5:0.0495	 hit@10: 0.0746
source best!
.............
source: 	 mrr: 0.028852	 ndcg_5: 0.0197	 ndcg_10: 0.0285	 hit@1:0.006135	 hit@5:0.0345	 hit@10: 0.0621
target best!
..............target: 	 mrr: 0.031345	 ndcg_5: 0.0212	 ndcg_10: 0.0312	 hit@1:0.008916	 hit@5:0.0343	 hit@10: 0.0665
epoch 1: train_loss = 2.215625, source_hit@10 = 0.0621, source_ndcg@10 = 0.0285, target_hit@10 = 0.0665, target_ndcg@10 = 0.0312

2024-08-10 21:21:01.220435: step 608/24320 (epoch 2/80), loss = 1.888673 (90.232 sec/epoch), lr: 0.004000
Evaluating on dev set...
...........................
source: 	 mrr: 0.032853	 ndcg_5: 0.0216	 ndcg_10: 0.0310	 hit@1:0.009413	 hit@5:0.0340	 hit@10: 0.0630
target: 	 mrr: 0.038560	 ndcg_5: 0.0301	 ndcg_10: 0.0434	 hit@1:0.010453	 hit@5:0.0509	 hit@10: 0.0920
source best!
.............
source: 	 mrr: 0.032625	 ndcg_5: 0.0227	 ndcg_10: 0.0328	 hit@1:0.006902	 hit@5:0.0406	 hit@10: 0.0721
epoch 2: train_loss = 1.888673, source_hit@10 = 0.0721, source_ndcg@10 = 0.0328, target_hit@10 = 0.0920, target_ndcg@10 = 0.0434
new best model saved.

2024-08-10 21:22:32.357749: step 912/24320 (epoch 3/80), loss = 1.821503 (89.907 sec/epoch), lr: 0.004000
Evaluating on dev set...
...........................
source: 	 mrr: 0.030154	 ndcg_5: 0.0199	 ndcg_10: 0.0280	 hit@1:0.007965	 hit@5:0.0326	 hit@10: 0.0579
target: 	 mrr: 0.032177	 ndcg_5: 0.0231	 ndcg_10: 0.0313	 hit@1:0.011150	 hit@5:0.0362	 hit@10: 0.0620
epoch 3: train_loss = 1.821503, source_hit@10 = 0.0579, source_ndcg@10 = 0.0280, target_hit@10 = 0.0620, target_ndcg@10 = 0.0313

2024-08-10 21:24:03.044609: step 1216/24320 (epoch 4/80), loss = 1.787507 (89.906 sec/epoch), lr: 0.004000
Evaluating on dev set...
...........................
source: 	 mrr: 0.037334	 ndcg_5: 0.0287	 ndcg_10: 0.0367	 hit@1:0.014482	 hit@5:0.0442	 hit@10: 0.0695
target: 	 mrr: 0.044167	 ndcg_5: 0.0355	 ndcg_10: 0.0481	 hit@1:0.012544	 hit@5:0.0585	 hit@10: 0.0976
source best!
.............
source: 	 mrr: 0.037831	 ndcg_5: 0.0270	 ndcg_10: 0.0384	 hit@1:0.013037	 hit@5:0.0406	 hit@10: 0.0759
target best!
..............target: 	 mrr: 0.046998	 ndcg_5: 0.0370	 ndcg_10: 0.0535	 hit@1:0.014403	 hit@5:0.0604	 hit@10: 0.1118
epoch 4: train_loss = 1.787507, source_hit@10 = 0.0759, source_ndcg@10 = 0.0384, target_hit@10 = 0.1118, target_ndcg@10 = 0.0535
new best model saved.

2024-08-10 21:25:35.052872: step 1520/24320 (epoch 5/80), loss = 1.759886 (90.392 sec/epoch), lr: 0.004000
Evaluating on dev set...
...........................
source: 	 mrr: 0.027018	 ndcg_5: 0.0209	 ndcg_10: 0.0278	 hit@1:0.005069	 hit@5:0.0391	 hit@10: 0.0601
target: 	 mrr: 0.046445	 ndcg_5: 0.0375	 ndcg_10: 0.0515	 hit@1:0.015331	 hit@5:0.0599	 hit@10: 0.1038
target best!
..............target: 	 mrr: 0.047980	 ndcg_5: 0.0373	 ndcg_10: 0.0512	 hit@1:0.017147	 hit@5:0.0576	 hit@10: 0.1015
epoch 5: train_loss = 1.759886, source_hit@10 = 0.0601, source_ndcg@10 = 0.0278, target_hit@10 = 0.1015, target_ndcg@10 = 0.0512
new best model saved.

2024-08-10 21:27:06.617541: step 1824/24320 (epoch 6/80), loss = 1.741004 (90.237 sec/epoch), lr: 0.004000
Evaluating on dev set...
...........................
source: 	 mrr: 0.031507	 ndcg_5: 0.0186	 ndcg_10: 0.0346	 hit@1:0.005069	 hit@5:0.0326	 hit@10: 0.0825
target: 	 mrr: 0.041397	 ndcg_5: 0.0322	 ndcg_10: 0.0431	 hit@1:0.015331	 hit@5:0.0495	 hit@10: 0.0836
epoch 6: train_loss = 1.741004, source_hit@10 = 0.0825, source_ndcg@10 = 0.0346, target_hit@10 = 0.0836, target_ndcg@10 = 0.0431

2024-08-10 21:28:37.625108: step 2128/24320 (epoch 7/80), loss = 1.727795 (90.182 sec/epoch), lr: 0.004000
Evaluating on dev set...
...........................
source: 	 mrr: 0.031552	 ndcg_5: 0.0249	 ndcg_10: 0.0313	 hit@1:0.009413	 hit@5:0.0398	 hit@10: 0.0601
target: 	 mrr: 0.045842	 ndcg_5: 0.0373	 ndcg_10: 0.0505	 hit@1:0.012544	 hit@5:0.0599	 hit@10: 0.1003
epoch 7: train_loss = 1.727795, source_hit@10 = 0.0601, source_ndcg@10 = 0.0313, target_hit@10 = 0.1003, target_ndcg@10 = 0.0505

2024-08-10 21:30:07.550913: step 2432/24320 (epoch 8/80), loss = 1.718121 (89.207 sec/epoch), lr: 0.004000
Evaluating on dev set...
...........................
source: 	 mrr: 0.031196	 ndcg_5: 0.0228	 ndcg_10: 0.0305	 hit@1:0.007241	 hit@5:0.0384	 hit@10: 0.0623
target: 	 mrr: 0.045621	 ndcg_5: 0.0349	 ndcg_10: 0.0488	 hit@1:0.013937	 hit@5:0.0530	 hit@10: 0.0962
epoch 8: train_loss = 1.718121, source_hit@10 = 0.0623, source_ndcg@10 = 0.0305, target_hit@10 = 0.0962, target_ndcg@10 = 0.0488

2024-08-10 21:31:38.373379: step 2736/24320 (epoch 9/80), loss = 1.713247 (90.131 sec/epoch), lr: 0.004000
Evaluating on dev set...
...........................
source: 	 mrr: 0.032563	 ndcg_5: 0.0230	 ndcg_10: 0.0336	 hit@1:0.007241	 hit@5:0.0391	 hit@10: 0.0724
target: 	 mrr: 0.048126	 ndcg_5: 0.0403	 ndcg_10: 0.0521	 hit@1:0.016725	 hit@5:0.0641	 hit@10: 0.1003
target best!
..............target: 	 mrr: 0.055528	 ndcg_5: 0.0473	 ndcg_10: 0.0603	 hit@1:0.022634	 hit@5:0.0720	 hit@10: 0.1125
epoch 9: train_loss = 1.713247, source_hit@10 = 0.0724, source_ndcg@10 = 0.0336, target_hit@10 = 0.1125, target_ndcg@10 = 0.0603
new best model saved.

2024-08-10 21:33:09.909939: step 3040/24320 (epoch 10/80), loss = 1.702934 (90.271 sec/epoch), lr: 0.004000
Evaluating on dev set...
...........................
source: 	 mrr: 0.040105	 ndcg_5: 0.0291	 ndcg_10: 0.0418	 hit@1:0.014482	 hit@5:0.0449	 hit@10: 0.0847
target: 	 mrr: 0.041254	 ndcg_5: 0.0324	 ndcg_10: 0.0433	 hit@1:0.010453	 hit@5:0.0537	 hit@10: 0.0871
source best!
.............
source: 	 mrr: 0.040834	 ndcg_5: 0.0312	 ndcg_10: 0.0408	 hit@1:0.013804	 hit@5:0.0475	 hit@10: 0.0775
epoch 10: train_loss = 1.702934, source_hit@10 = 0.0775, source_ndcg@10 = 0.0408, target_hit@10 = 0.0871, target_ndcg@10 = 0.0433
new best model saved.

2024-08-10 21:34:40.636236: step 3344/24320 (epoch 11/80), loss = 1.697243 (89.283 sec/epoch), lr: 0.004000
Evaluating on dev set...
...........................
source: 	 mrr: 0.035537	 ndcg_5: 0.0244	 ndcg_10: 0.0342	 hit@1:0.010862	 hit@5:0.0377	 hit@10: 0.0681
target: 	 mrr: 0.036645	 ndcg_5: 0.0271	 ndcg_10: 0.0377	 hit@1:0.013240	 hit@5:0.0418	 hit@10: 0.0746
epoch 11: train_loss = 1.697243, source_hit@10 = 0.0681, source_ndcg@10 = 0.0342, target_hit@10 = 0.0746, target_ndcg@10 = 0.0377

2024-08-10 21:36:10.678037: step 3648/24320 (epoch 12/80), loss = 1.691776 (89.267 sec/epoch), lr: 0.003800
Evaluating on dev set...
...........................
source: 	 mrr: 0.037091	 ndcg_5: 0.0268	 ndcg_10: 0.0380	 hit@1:0.011586	 hit@5:0.0420	 hit@10: 0.0768
target: 	 mrr: 0.046044	 ndcg_5: 0.0373	 ndcg_10: 0.0489	 hit@1:0.016725	 hit@5:0.0599	 hit@10: 0.0962
epoch 12: train_loss = 1.691776, source_hit@10 = 0.0768, source_ndcg@10 = 0.0380, target_hit@10 = 0.0962, target_ndcg@10 = 0.0489

2024-08-10 21:37:39.755306: step 3952/24320 (epoch 13/80), loss = 1.691726 (88.431 sec/epoch), lr: 0.003800
Evaluating on dev set...
...........................
source: 	 mrr: 0.036442	 ndcg_5: 0.0287	 ndcg_10: 0.0376	 hit@1:0.008689	 hit@5:0.0500	 hit@10: 0.0775
target: 	 mrr: 0.043604	 ndcg_5: 0.0354	 ndcg_10: 0.0449	 hit@1:0.013937	 hit@5:0.0578	 hit@10: 0.0871
epoch 13: train_loss = 1.691726, source_hit@10 = 0.0775, source_ndcg@10 = 0.0376, target_hit@10 = 0.0871, target_ndcg@10 = 0.0449

2024-08-10 21:39:11.031751: step 4256/24320 (epoch 14/80), loss = 1.684613 (90.404 sec/epoch), lr: 0.003610
Evaluating on dev set...
...........................
source: 	 mrr: 0.032182	 ndcg_5: 0.0223	 ndcg_10: 0.0306	 hit@1:0.008689	 hit@5:0.0348	 hit@10: 0.0608
target: 	 mrr: 0.048212	 ndcg_5: 0.0419	 ndcg_10: 0.0532	 hit@1:0.016028	 hit@5:0.0683	 hit@10: 0.1024
target best!
..............target: 	 mrr: 0.057291	 ndcg_5: 0.0494	 ndcg_10: 0.0620	 hit@1:0.024691	 hit@5:0.0734	 hit@10: 0.1132
epoch 14: train_loss = 1.684613, source_hit@10 = 0.0608, source_ndcg@10 = 0.0306, target_hit@10 = 0.1132, target_ndcg@10 = 0.0620
new best model saved.

2024-08-10 21:40:41.401814: step 4560/24320 (epoch 15/80), loss = 1.681894 (89.157 sec/epoch), lr: 0.003610
Evaluating on dev set...
...........................
source: 	 mrr: 0.026754	 ndcg_5: 0.0162	 ndcg_10: 0.0229	 hit@1:0.005793	 hit@5:0.0268	 hit@10: 0.0478
target: 	 mrr: 0.051676	 ndcg_5: 0.0425	 ndcg_10: 0.0553	 hit@1:0.018118	 hit@5:0.0655	 hit@10: 0.1045
target best!
..............target: 	 mrr: 0.054747	 ndcg_5: 0.0456	 ndcg_10: 0.0576	 hit@1:0.024005	 hit@5:0.0686	 hit@10: 0.1063
epoch 15: train_loss = 1.681894, source_hit@10 = 0.0478, source_ndcg@10 = 0.0229, target_hit@10 = 0.1063, target_ndcg@10 = 0.0576
new best model saved.

2024-08-10 21:42:13.294500: step 4864/24320 (epoch 16/80), loss = 1.677559 (90.653 sec/epoch), lr: 0.003429
Evaluating on dev set...
...........................
source: 	 mrr: 0.043838	 ndcg_5: 0.0345	 ndcg_10: 0.0439	 hit@1:0.018827	 hit@5:0.0500	 hit@10: 0.0789
target: 	 mrr: 0.048144	 ndcg_5: 0.0401	 ndcg_10: 0.0496	 hit@1:0.017422	 hit@5:0.0620	 hit@10: 0.0920
source best!
.............
source: 	 mrr: 0.034944	 ndcg_5: 0.0250	 ndcg_10: 0.0334	 hit@1:0.011503	 hit@5:0.0383	 hit@10: 0.0644
epoch 16: train_loss = 1.677559, source_hit@10 = 0.0644, source_ndcg@10 = 0.0334, target_hit@10 = 0.0920, target_ndcg@10 = 0.0496
new best model saved.

2024-08-10 21:43:44.321075: step 5168/24320 (epoch 17/80), loss = 1.670337 (89.843 sec/epoch), lr: 0.003429
Evaluating on dev set...
...........................
source: 	 mrr: 0.029983	 ndcg_5: 0.0217	 ndcg_10: 0.0295	 hit@1:0.006517	 hit@5:0.0362	 hit@10: 0.0608
target: 	 mrr: 0.040657	 ndcg_5: 0.0297	 ndcg_10: 0.0432	 hit@1:0.011847	 hit@5:0.0481	 hit@10: 0.0899
epoch 17: train_loss = 1.670337, source_hit@10 = 0.0608, source_ndcg@10 = 0.0295, target_hit@10 = 0.0899, target_ndcg@10 = 0.0432

2024-08-10 21:45:14.862437: step 5472/24320 (epoch 18/80), loss = 1.664928 (89.749 sec/epoch), lr: 0.003258
Evaluating on dev set...
...........................
source: 	 mrr: 0.039711	 ndcg_5: 0.0283	 ndcg_10: 0.0412	 hit@1:0.015206	 hit@5:0.0420	 hit@10: 0.0825
target: 	 mrr: 0.045851	 ndcg_5: 0.0370	 ndcg_10: 0.0504	 hit@1:0.013937	 hit@5:0.0606	 hit@10: 0.1017
epoch 18: train_loss = 1.664928, source_hit@10 = 0.0825, source_ndcg@10 = 0.0412, target_hit@10 = 0.1017, target_ndcg@10 = 0.0504

2024-08-10 21:46:45.230862: step 5776/24320 (epoch 19/80), loss = 1.662123 (89.618 sec/epoch), lr: 0.003258
Evaluating on dev set...
...........................
source: 	 mrr: 0.036877	 ndcg_5: 0.0246	 ndcg_10: 0.0370	 hit@1:0.011586	 hit@5:0.0377	 hit@10: 0.0760
target: 	 mrr: 0.050939	 ndcg_5: 0.0426	 ndcg_10: 0.0553	 hit@1:0.020906	 hit@5:0.0648	 hit@10: 0.1045
epoch 19: train_loss = 1.662123, source_hit@10 = 0.0760, source_ndcg@10 = 0.0370, target_hit@10 = 0.1045, target_ndcg@10 = 0.0553

2024-08-10 21:48:15.907312: step 6080/24320 (epoch 20/80), loss = 1.660671 (89.920 sec/epoch), lr: 0.003258
Evaluating on dev set...
...........................
source: 	 mrr: 0.037066	 ndcg_5: 0.0260	 ndcg_10: 0.0368	 hit@1:0.010138	 hit@5:0.0427	 hit@10: 0.0768
target: 	 mrr: 0.046611	 ndcg_5: 0.0381	 ndcg_10: 0.0511	 hit@1:0.016725	 hit@5:0.0599	 hit@10: 0.1010
epoch 20: train_loss = 1.660671, source_hit@10 = 0.0768, source_ndcg@10 = 0.0368, target_hit@10 = 0.1010, target_ndcg@10 = 0.0511

2024-08-10 21:49:47.256905: step 6384/24320 (epoch 21/80), loss = 1.655665 (90.632 sec/epoch), lr: 0.003095
Evaluating on dev set...
...........................
source: 	 mrr: 0.028198	 ndcg_5: 0.0158	 ndcg_10: 0.0245	 hit@1:0.004345	 hit@5:0.0268	 hit@10: 0.0536
target: 	 mrr: 0.044122	 ndcg_5: 0.0354	 ndcg_10: 0.0452	 hit@1:0.016725	 hit@5:0.0551	 hit@10: 0.0857
epoch 21: train_loss = 1.655665, source_hit@10 = 0.0536, source_ndcg@10 = 0.0245, target_hit@10 = 0.0857, target_ndcg@10 = 0.0452

2024-08-10 21:51:17.755656: step 6688/24320 (epoch 22/80), loss = 1.650010 (89.716 sec/epoch), lr: 0.002940
Evaluating on dev set...
...........................
source: 	 mrr: 0.033463	 ndcg_5: 0.0212	 ndcg_10: 0.0321	 hit@1:0.010862	 hit@5:0.0326	 hit@10: 0.0666
target: 	 mrr: 0.043816	 ndcg_5: 0.0355	 ndcg_10: 0.0452	 hit@1:0.016028	 hit@5:0.0557	 hit@10: 0.0857
epoch 22: train_loss = 1.650010, source_hit@10 = 0.0666, source_ndcg@10 = 0.0321, target_hit@10 = 0.0857, target_ndcg@10 = 0.0452

2024-08-10 21:52:48.336595: step 6992/24320 (epoch 23/80), loss = 1.647795 (89.785 sec/epoch), lr: 0.002940
Evaluating on dev set...
...........................
source: 	 mrr: 0.042209	 ndcg_5: 0.0315	 ndcg_10: 0.0448	 hit@1:0.013758	 hit@5:0.0492	 hit@10: 0.0905
target: 	 mrr: 0.042284	 ndcg_5: 0.0338	 ndcg_10: 0.0453	 hit@1:0.010453	 hit@5:0.0571	 hit@10: 0.0927
epoch 23: train_loss = 1.647795, source_hit@10 = 0.0905, source_ndcg@10 = 0.0448, target_hit@10 = 0.0927, target_ndcg@10 = 0.0453

2024-08-10 21:54:20.824515: step 7296/24320 (epoch 24/80), loss = 1.643680 (91.747 sec/epoch), lr: 0.002940
Evaluating on dev set...
...........................
source: 	 mrr: 0.040047	 ndcg_5: 0.0303	 ndcg_10: 0.0398	 hit@1:0.013758	 hit@5:0.0478	 hit@10: 0.0775
target: 	 mrr: 0.044656	 ndcg_5: 0.0356	 ndcg_10: 0.0492	 hit@1:0.013937	 hit@5:0.0564	 hit@10: 0.0990
epoch 24: train_loss = 1.643680, source_hit@10 = 0.0775, source_ndcg@10 = 0.0398, target_hit@10 = 0.0990, target_ndcg@10 = 0.0492

2024-08-10 21:55:51.333906: step 7600/24320 (epoch 25/80), loss = 1.637358 (89.770 sec/epoch), lr: 0.002940
Evaluating on dev set...
...........................
source: 	 mrr: 0.040397	 ndcg_5: 0.0302	 ndcg_10: 0.0424	 hit@1:0.010862	 hit@5:0.0507	 hit@10: 0.0891
target: 	 mrr: 0.047324	 ndcg_5: 0.0381	 ndcg_10: 0.0488	 hit@1:0.018815	 hit@5:0.0564	 hit@10: 0.0899
epoch 25: train_loss = 1.637358, source_hit@10 = 0.0891, source_ndcg@10 = 0.0424, target_hit@10 = 0.0899, target_ndcg@10 = 0.0488

2024-08-10 21:57:22.625906: step 7904/24320 (epoch 26/80), loss = 1.633318 (90.463 sec/epoch), lr: 0.002940
Evaluating on dev set...
...........................
source: 	 mrr: 0.044325	 ndcg_5: 0.0328	 ndcg_10: 0.0458	 hit@1:0.015206	 hit@5:0.0485	 hit@10: 0.0898
target: 	 mrr: 0.045906	 ndcg_5: 0.0398	 ndcg_10: 0.0511	 hit@1:0.015331	 hit@5:0.0662	 hit@10: 0.1017
source best!
.............
source: 	 mrr: 0.036882	 ndcg_5: 0.0284	 ndcg_10: 0.0375	 hit@1:0.009969	 hit@5:0.0468	 hit@10: 0.0752
epoch 26: train_loss = 1.633318, source_hit@10 = 0.0752, source_ndcg@10 = 0.0375, target_hit@10 = 0.1017, target_ndcg@10 = 0.0511
new best model saved.

2024-08-10 21:58:52.592898: step 8208/24320 (epoch 27/80), loss = 1.635638 (88.659 sec/epoch), lr: 0.002940
Evaluating on dev set...
...........................
source: 	 mrr: 0.037458	 ndcg_5: 0.0286	 ndcg_10: 0.0403	 hit@1:0.010138	 hit@5:0.0463	 hit@10: 0.0833
target: 	 mrr: 0.049255	 ndcg_5: 0.0422	 ndcg_10: 0.0543	 hit@1:0.016725	 hit@5:0.0690	 hit@10: 0.1066
epoch 27: train_loss = 1.635638, source_hit@10 = 0.0833, source_ndcg@10 = 0.0403, target_hit@10 = 0.1066, target_ndcg@10 = 0.0543

2024-08-10 22:00:22.821817: step 8512/24320 (epoch 28/80), loss = 1.624942 (89.485 sec/epoch), lr: 0.002793
Evaluating on dev set...
...........................
source: 	 mrr: 0.044062	 ndcg_5: 0.0327	 ndcg_10: 0.0445	 hit@1:0.015930	 hit@5:0.0500	 hit@10: 0.0862
target: 	 mrr: 0.053455	 ndcg_5: 0.0437	 ndcg_10: 0.0612	 hit@1:0.019512	 hit@5:0.0676	 hit@10: 0.1220
target best!
..............target: 	 mrr: 0.053800	 ndcg_5: 0.0434	 ndcg_10: 0.0597	 hit@1:0.019204	 hit@5:0.0679	 hit@10: 0.1180
epoch 28: train_loss = 1.624942, source_hit@10 = 0.0862, source_ndcg@10 = 0.0445, target_hit@10 = 0.1180, target_ndcg@10 = 0.0597
new best model saved.

2024-08-10 22:01:54.718585: step 8816/24320 (epoch 29/80), loss = 1.626252 (90.630 sec/epoch), lr: 0.002793
Evaluating on dev set...
...........................
source: 	 mrr: 0.041698	 ndcg_5: 0.0323	 ndcg_10: 0.0431	 hit@1:0.013034	 hit@5:0.0514	 hit@10: 0.0847
target: 	 mrr: 0.049225	 ndcg_5: 0.0399	 ndcg_10: 0.0516	 hit@1:0.016725	 hit@5:0.0634	 hit@10: 0.0997
epoch 29: train_loss = 1.626252, source_hit@10 = 0.0847, source_ndcg@10 = 0.0431, target_hit@10 = 0.0997, target_ndcg@10 = 0.0516

2024-08-10 22:03:27.162707: step 9120/24320 (epoch 30/80), loss = 1.621599 (91.581 sec/epoch), lr: 0.002654
Evaluating on dev set...
...........................
source: 	 mrr: 0.045030	 ndcg_5: 0.0352	 ndcg_10: 0.0459	 hit@1:0.015930	 hit@5:0.0550	 hit@10: 0.0876
target: 	 mrr: 0.055687	 ndcg_5: 0.0483	 ndcg_10: 0.0605	 hit@1:0.020209	 hit@5:0.0760	 hit@10: 0.1129
source best!
.............
source: 	 mrr: 0.044550	 ndcg_5: 0.0340	 ndcg_10: 0.0462	 hit@1:0.016104	 hit@5:0.0521	 hit@10: 0.0905
target best!
..............target: 	 mrr: 0.055846	 ndcg_5: 0.0480	 ndcg_10: 0.0633	 hit@1:0.020576	 hit@5:0.0754	 hit@10: 0.1235
epoch 30: train_loss = 1.621599, source_hit@10 = 0.0905, source_ndcg@10 = 0.0462, target_hit@10 = 0.1235, target_ndcg@10 = 0.0633
new best model saved.
shift to transfer learning mode

2024-08-10 22:05:07.431066: step 9424/24320 (epoch 31/80), loss = 1.679406 (98.742 sec/epoch), lr: 0.002654
Evaluating on dev set...
...........................
source: 	 mrr: 0.033162	 ndcg_5: 0.0231	 ndcg_10: 0.0340	 hit@1:0.008689	 hit@5:0.0362	 hit@10: 0.0702
target: 	 mrr: 0.047274	 ndcg_5: 0.0373	 ndcg_10: 0.0509	 hit@1:0.016028	 hit@5:0.0585	 hit@10: 0.1010
epoch 31: train_loss = 1.679406, source_hit@10 = 0.0702, source_ndcg@10 = 0.0340, target_hit@10 = 0.1010, target_ndcg@10 = 0.0509

2024-08-10 22:06:47.819577: step 9728/24320 (epoch 32/80), loss = 1.675894 (99.742 sec/epoch), lr: 0.002521
Evaluating on dev set...
...........................
source: 	 mrr: 0.040357	 ndcg_5: 0.0312	 ndcg_10: 0.0406	 hit@1:0.012310	 hit@5:0.0514	 hit@10: 0.0811
target: 	 mrr: 0.041363	 ndcg_5: 0.0323	 ndcg_10: 0.0432	 hit@1:0.013240	 hit@5:0.0530	 hit@10: 0.0871
epoch 32: train_loss = 1.675894, source_hit@10 = 0.0811, source_ndcg@10 = 0.0406, target_hit@10 = 0.0871, target_ndcg@10 = 0.0432

2024-08-10 22:08:26.810361: step 10032/24320 (epoch 33/80), loss = 1.673746 (98.180 sec/epoch), lr: 0.002521
Evaluating on dev set...
...........................
source: 	 mrr: 0.037793	 ndcg_5: 0.0291	 ndcg_10: 0.0390	 hit@1:0.011586	 hit@5:0.0471	 hit@10: 0.0782
target: 	 mrr: 0.050637	 ndcg_5: 0.0432	 ndcg_10: 0.0555	 hit@1:0.016028	 hit@5:0.0690	 hit@10: 0.1073
epoch 33: train_loss = 1.673746, source_hit@10 = 0.0782, source_ndcg@10 = 0.0390, target_hit@10 = 0.1073, target_ndcg@10 = 0.0555

2024-08-10 22:10:11.049851: step 10336/24320 (epoch 34/80), loss = 1.670327 (103.513 sec/epoch), lr: 0.002521
Evaluating on dev set...
...........................
source: 	 mrr: 0.041673	 ndcg_5: 0.0315	 ndcg_10: 0.0419	 hit@1:0.013758	 hit@5:0.0492	 hit@10: 0.0818
target: 	 mrr: 0.045706	 ndcg_5: 0.0381	 ndcg_10: 0.0482	 hit@1:0.017422	 hit@5:0.0585	 hit@10: 0.0899
epoch 34: train_loss = 1.670327, source_hit@10 = 0.0818, source_ndcg@10 = 0.0419, target_hit@10 = 0.0899, target_ndcg@10 = 0.0482

2024-08-10 22:11:56.244575: step 10640/24320 (epoch 35/80), loss = 1.666209 (104.263 sec/epoch), lr: 0.002395
Evaluating on dev set...
...........................
source: 	 mrr: 0.038052	 ndcg_5: 0.0271	 ndcg_10: 0.0357	 hit@1:0.013034	 hit@5:0.0413	 hit@10: 0.0681
target: 	 mrr: 0.060766	 ndcg_5: 0.0539	 ndcg_10: 0.0653	 hit@1:0.027875	 hit@5:0.0794	 hit@10: 0.1150
target best!
..............target: 	 mrr: 0.056504	 ndcg_5: 0.0484	 ndcg_10: 0.0630	 hit@1:0.019204	 hit@5:0.0761	 hit@10: 0.1221
epoch 35: train_loss = 1.666209, source_hit@10 = 0.0681, source_ndcg@10 = 0.0357, target_hit@10 = 0.1221, target_ndcg@10 = 0.0630
new best model saved.

2024-08-10 22:13:40.126452: step 10944/24320 (epoch 36/80), loss = 1.664816 (102.573 sec/epoch), lr: 0.002395
Evaluating on dev set...
...........................
source: 	 mrr: 0.050522	 ndcg_5: 0.0411	 ndcg_10: 0.0498	 hit@1:0.023896	 hit@5:0.0579	 hit@10: 0.0847
target: 	 mrr: 0.051047	 ndcg_5: 0.0406	 ndcg_10: 0.0552	 hit@1:0.022300	 hit@5:0.0578	 hit@10: 0.1031
source best!
.............
source: 	 mrr: 0.042323	 ndcg_5: 0.0331	 ndcg_10: 0.0427	 hit@1:0.016104	 hit@5:0.0498	 hit@10: 0.0798
epoch 36: train_loss = 1.664816, source_hit@10 = 0.0798, source_ndcg@10 = 0.0427, target_hit@10 = 0.1031, target_ndcg@10 = 0.0552
new best model saved.

2024-08-10 22:15:22.216983: step 11248/24320 (epoch 37/80), loss = 1.662559 (100.922 sec/epoch), lr: 0.002395
Evaluating on dev set...
...........................
source: 	 mrr: 0.042213	 ndcg_5: 0.0327	 ndcg_10: 0.0451	 hit@1:0.010862	 hit@5:0.0536	 hit@10: 0.0920
target: 	 mrr: 0.050714	 ndcg_5: 0.0426	 ndcg_10: 0.0535	 hit@1:0.020906	 hit@5:0.0641	 hit@10: 0.0983
epoch 37: train_loss = 1.662559, source_hit@10 = 0.0920, source_ndcg@10 = 0.0451, target_hit@10 = 0.0983, target_ndcg@10 = 0.0535

2024-08-10 22:17:04.994778: step 11552/24320 (epoch 38/80), loss = 1.658227 (101.999 sec/epoch), lr: 0.002275
Evaluating on dev set...
...........................
source: 	 mrr: 0.041819	 ndcg_5: 0.0334	 ndcg_10: 0.0415	 hit@1:0.012310	 hit@5:0.0543	 hit@10: 0.0797
target: 	 mrr: 0.048879	 ndcg_5: 0.0421	 ndcg_10: 0.0516	 hit@1:0.020209	 hit@5:0.0641	 hit@10: 0.0934
epoch 38: train_loss = 1.658227, source_hit@10 = 0.0797, source_ndcg@10 = 0.0415, target_hit@10 = 0.0934, target_ndcg@10 = 0.0516

2024-08-10 22:18:48.094311: step 11856/24320 (epoch 39/80), loss = 1.655743 (102.408 sec/epoch), lr: 0.002161
Evaluating on dev set...
...........................
source: 	 mrr: 0.047618	 ndcg_5: 0.0352	 ndcg_10: 0.0491	 hit@1:0.019551	 hit@5:0.0507	 hit@10: 0.0941
target: 	 mrr: 0.046783	 ndcg_5: 0.0380	 ndcg_10: 0.0495	 hit@1:0.017422	 hit@5:0.0592	 hit@10: 0.0955
epoch 39: train_loss = 1.655743, source_hit@10 = 0.0941, source_ndcg@10 = 0.0491, target_hit@10 = 0.0955, target_ndcg@10 = 0.0495

2024-08-10 22:20:30.283712: step 12160/24320 (epoch 40/80), loss = 1.656325 (101.408 sec/epoch), lr: 0.002161
Evaluating on dev set...
...........................
source: 	 mrr: 0.041684	 ndcg_5: 0.0287	 ndcg_10: 0.0405	 hit@1:0.016655	 hit@5:0.0420	 hit@10: 0.0782
target: 	 mrr: 0.054297	 ndcg_5: 0.0458	 ndcg_10: 0.0576	 hit@1:0.022997	 hit@5:0.0683	 hit@10: 0.1059
epoch 40: train_loss = 1.656325, source_hit@10 = 0.0782, source_ndcg@10 = 0.0405, target_hit@10 = 0.1059, target_ndcg@10 = 0.0576

2024-08-10 22:22:10.454984: step 12464/24320 (epoch 41/80), loss = 1.655425 (99.477 sec/epoch), lr: 0.002161
Evaluating on dev set...
...........................
source: 	 mrr: 0.042199	 ndcg_5: 0.0307	 ndcg_10: 0.0412	 hit@1:0.013034	 hit@5:0.0471	 hit@10: 0.0797
target: 	 mrr: 0.046266	 ndcg_5: 0.0380	 ndcg_10: 0.0506	 hit@1:0.013240	 hit@5:0.0634	 hit@10: 0.1024
epoch 41: train_loss = 1.655425, source_hit@10 = 0.0797, source_ndcg@10 = 0.0412, target_hit@10 = 0.1024, target_ndcg@10 = 0.0506

2024-08-10 22:23:52.025049: step 12768/24320 (epoch 42/80), loss = 1.649383 (100.828 sec/epoch), lr: 0.002053
Evaluating on dev set...
...........................
source: 	 mrr: 0.044070	 ndcg_5: 0.0330	 ndcg_10: 0.0455	 hit@1:0.015930	 hit@5:0.0500	 hit@10: 0.0883
target: 	 mrr: 0.048833	 ndcg_5: 0.0414	 ndcg_10: 0.0533	 hit@1:0.018118	 hit@5:0.0648	 hit@10: 0.1017
epoch 42: train_loss = 1.649383, source_hit@10 = 0.0883, source_ndcg@10 = 0.0455, target_hit@10 = 0.1017, target_ndcg@10 = 0.0533

2024-08-10 22:25:33.507172: step 13072/24320 (epoch 43/80), loss = 1.645641 (100.738 sec/epoch), lr: 0.002053
Evaluating on dev set...
...........................
source: 	 mrr: 0.047487	 ndcg_5: 0.0380	 ndcg_10: 0.0490	 hit@1:0.015930	 hit@5:0.0594	 hit@10: 0.0941
target: 	 mrr: 0.052893	 ndcg_5: 0.0448	 ndcg_10: 0.0562	 hit@1:0.021603	 hit@5:0.0683	 hit@10: 0.1038
epoch 43: train_loss = 1.645641, source_hit@10 = 0.0941, source_ndcg@10 = 0.0490, target_hit@10 = 0.1038, target_ndcg@10 = 0.0562

2024-08-10 22:27:17.194350: step 13376/24320 (epoch 44/80), loss = 1.646635 (102.898 sec/epoch), lr: 0.002053
Evaluating on dev set...
...........................
source: 	 mrr: 0.045297	 ndcg_5: 0.0351	 ndcg_10: 0.0446	 hit@1:0.017379	 hit@5:0.0536	 hit@10: 0.0833
target: 	 mrr: 0.054605	 ndcg_5: 0.0467	 ndcg_10: 0.0575	 hit@1:0.022300	 hit@5:0.0711	 hit@10: 0.1045
epoch 44: train_loss = 1.646635, source_hit@10 = 0.0833, source_ndcg@10 = 0.0446, target_hit@10 = 0.1045, target_ndcg@10 = 0.0575

2024-08-10 22:28:58.500344: step 13680/24320 (epoch 45/80), loss = 1.642756 (100.593 sec/epoch), lr: 0.001951
Evaluating on dev set...
...........................
source: 	 mrr: 0.045251	 ndcg_5: 0.0346	 ndcg_10: 0.0456	 hit@1:0.015930	 hit@5:0.0529	 hit@10: 0.0869
target: 	 mrr: 0.050162	 ndcg_5: 0.0410	 ndcg_10: 0.0548	 hit@1:0.018118	 hit@5:0.0641	 hit@10: 0.1066
epoch 45: train_loss = 1.642756, source_hit@10 = 0.0869, source_ndcg@10 = 0.0456, target_hit@10 = 0.1066, target_ndcg@10 = 0.0548

2024-08-10 22:30:40.233488: step 13984/24320 (epoch 46/80), loss = 1.640279 (100.975 sec/epoch), lr: 0.001853
Evaluating on dev set...
...........................
source: 	 mrr: 0.043534	 ndcg_5: 0.0325	 ndcg_10: 0.0431	 hit@1:0.014482	 hit@5:0.0507	 hit@10: 0.0840
target: 	 mrr: 0.058274	 ndcg_5: 0.0497	 ndcg_10: 0.0636	 hit@1:0.023693	 hit@5:0.0753	 hit@10: 0.1185
epoch 46: train_loss = 1.640279, source_hit@10 = 0.0840, source_ndcg@10 = 0.0431, target_hit@10 = 0.1185, target_ndcg@10 = 0.0636

2024-08-10 22:32:21.634166: step 14288/24320 (epoch 47/80), loss = 1.640254 (100.631 sec/epoch), lr: 0.001853
Evaluating on dev set...
...........................
source: 	 mrr: 0.050120	 ndcg_5: 0.0411	 ndcg_10: 0.0521	 hit@1:0.020999	 hit@5:0.0623	 hit@10: 0.0970
target: 	 mrr: 0.052702	 ndcg_5: 0.0430	 ndcg_10: 0.0578	 hit@1:0.020209	 hit@5:0.0662	 hit@10: 0.1122
epoch 47: train_loss = 1.640254, source_hit@10 = 0.0970, source_ndcg@10 = 0.0521, target_hit@10 = 0.1122, target_ndcg@10 = 0.0578

2024-08-10 22:34:03.537657: step 14592/24320 (epoch 48/80), loss = 1.640654 (101.152 sec/epoch), lr: 0.001853
Evaluating on dev set...
...........................
source: 	 mrr: 0.047515	 ndcg_5: 0.0376	 ndcg_10: 0.0498	 hit@1:0.018103	 hit@5:0.0565	 hit@10: 0.0941
target: 	 mrr: 0.052664	 ndcg_5: 0.0430	 ndcg_10: 0.0551	 hit@1:0.021603	 hit@5:0.0634	 hit@10: 0.1010
epoch 48: train_loss = 1.640654, source_hit@10 = 0.0941, source_ndcg@10 = 0.0498, target_hit@10 = 0.1010, target_ndcg@10 = 0.0551

2024-08-10 22:35:43.301707: step 14896/24320 (epoch 49/80), loss = 1.634964 (98.990 sec/epoch), lr: 0.001761
Evaluating on dev set...
...........................
source: 	 mrr: 0.050338	 ndcg_5: 0.0434	 ndcg_10: 0.0524	 hit@1:0.020999	 hit@5:0.0666	 hit@10: 0.0949
target: 	 mrr: 0.048551	 ndcg_5: 0.0394	 ndcg_10: 0.0507	 hit@1:0.017422	 hit@5:0.0613	 hit@10: 0.0962
epoch 49: train_loss = 1.634964, source_hit@10 = 0.0949, source_ndcg@10 = 0.0524, target_hit@10 = 0.0962, target_ndcg@10 = 0.0507

2024-08-10 22:37:27.120712: step 15200/24320 (epoch 50/80), loss = 1.631527 (103.062 sec/epoch), lr: 0.001672
Evaluating on dev set...
...........................
source: 	 mrr: 0.041107	 ndcg_5: 0.0350	 ndcg_10: 0.0427	 hit@1:0.011586	 hit@5:0.0579	 hit@10: 0.0818
target: 	 mrr: 0.047495	 ndcg_5: 0.0390	 ndcg_10: 0.0497	 hit@1:0.018118	 hit@5:0.0592	 hit@10: 0.0934
epoch 50: train_loss = 1.631527, source_hit@10 = 0.0818, source_ndcg@10 = 0.0427, target_hit@10 = 0.0934, target_ndcg@10 = 0.0497

2024-08-10 22:39:09.417830: step 15504/24320 (epoch 51/80), loss = 1.628835 (101.474 sec/epoch), lr: 0.001589
Evaluating on dev set...
...........................
source: 	 mrr: 0.034701	 ndcg_5: 0.0267	 ndcg_10: 0.0355	 hit@1:0.012310	 hit@5:0.0427	 hit@10: 0.0702
target: 	 mrr: 0.053818	 ndcg_5: 0.0443	 ndcg_10: 0.0567	 hit@1:0.024390	 hit@5:0.0655	 hit@10: 0.1045
epoch 51: train_loss = 1.628835, source_hit@10 = 0.0702, source_ndcg@10 = 0.0355, target_hit@10 = 0.1045, target_ndcg@10 = 0.0567

2024-08-10 22:40:53.767571: step 15808/24320 (epoch 52/80), loss = 1.626137 (102.618 sec/epoch), lr: 0.001509
Evaluating on dev set...
...........................
source: 	 mrr: 0.041868	 ndcg_5: 0.0326	 ndcg_10: 0.0431	 hit@1:0.014482	 hit@5:0.0507	 hit@10: 0.0833
target: 	 mrr: 0.056317	 ndcg_5: 0.0473	 ndcg_10: 0.0594	 hit@1:0.026481	 hit@5:0.0697	 hit@10: 0.1080
epoch 52: train_loss = 1.626137, source_hit@10 = 0.0833, source_ndcg@10 = 0.0431, target_hit@10 = 0.1080, target_ndcg@10 = 0.0594

2024-08-10 22:42:34.772940: step 16112/24320 (epoch 53/80), loss = 1.626568 (100.263 sec/epoch), lr: 0.001509
Evaluating on dev set...
...........................
source: 	 mrr: 0.040325	 ndcg_5: 0.0307	 ndcg_10: 0.0418	 hit@1:0.012310	 hit@5:0.0485	 hit@10: 0.0825
target: 	 mrr: 0.051482	 ndcg_5: 0.0424	 ndcg_10: 0.0555	 hit@1:0.019512	 hit@5:0.0655	 hit@10: 0.1059
epoch 53: train_loss = 1.626568, source_hit@10 = 0.0825, source_ndcg@10 = 0.0418, target_hit@10 = 0.1059, target_ndcg@10 = 0.0555

2024-08-10 22:44:15.257569: step 16416/24320 (epoch 54/80), loss = 1.620619 (99.608 sec/epoch), lr: 0.001434
Evaluating on dev set...
...........................
source: 	 mrr: 0.038515	 ndcg_5: 0.0299	 ndcg_10: 0.0370	 hit@1:0.013758	 hit@5:0.0449	 hit@10: 0.0666
target: 	 mrr: 0.054863	 ndcg_5: 0.0468	 ndcg_10: 0.0608	 hit@1:0.020906	 hit@5:0.0718	 hit@10: 0.1157
epoch 54: train_loss = 1.620619, source_hit@10 = 0.0666, source_ndcg@10 = 0.0370, target_hit@10 = 0.1157, target_ndcg@10 = 0.0608

2024-08-10 22:45:55.594828: step 16720/24320 (epoch 55/80), loss = 1.621741 (99.596 sec/epoch), lr: 0.001434
Evaluating on dev set...
...........................
source: 	 mrr: 0.029543	 ndcg_5: 0.0206	 ndcg_10: 0.0287	 hit@1:0.007241	 hit@5:0.0333	 hit@10: 0.0587
target: 	 mrr: 0.053509	 ndcg_5: 0.0439	 ndcg_10: 0.0579	 hit@1:0.019512	 hit@5:0.0669	 hit@10: 0.1101
epoch 55: train_loss = 1.621741, source_hit@10 = 0.0587, source_ndcg@10 = 0.0287, target_hit@10 = 0.1101, target_ndcg@10 = 0.0579

2024-08-10 22:47:39.555392: step 17024/24320 (epoch 56/80), loss = 1.618682 (103.262 sec/epoch), lr: 0.001362
Evaluating on dev set...
...........................
source: 	 mrr: 0.044168	 ndcg_5: 0.0319	 ndcg_10: 0.0464	 hit@1:0.014482	 hit@5:0.0492	 hit@10: 0.0949
target: 	 mrr: 0.052826	 ndcg_5: 0.0454	 ndcg_10: 0.0567	 hit@1:0.018815	 hit@5:0.0711	 hit@10: 0.1066
epoch 56: train_loss = 1.618682, source_hit@10 = 0.0949, source_ndcg@10 = 0.0464, target_hit@10 = 0.1066, target_ndcg@10 = 0.0567

2024-08-10 22:49:19.656601: step 17328/24320 (epoch 57/80), loss = 1.616005 (99.410 sec/epoch), lr: 0.001362
Evaluating on dev set...
...........................
source: 	 mrr: 0.037407	 ndcg_5: 0.0258	 ndcg_10: 0.0383	 hit@1:0.007241	 hit@5:0.0442	 hit@10: 0.0833
target: 	 mrr: 0.042338	 ndcg_5: 0.0331	 ndcg_10: 0.0432	 hit@1:0.013937	 hit@5:0.0523	 hit@10: 0.0843
epoch 57: train_loss = 1.616005, source_hit@10 = 0.0833, source_ndcg@10 = 0.0383, target_hit@10 = 0.0843, target_ndcg@10 = 0.0432
early termination of training
