nohup: ignoring input
/home1/lhr/anaconda3/envs/torch/lib/python3.8/site-packages/torch_geometric/typing.py:54: UserWarning: An issue occurred while importing 'pyg-lib'. Disabling its usage. Stacktrace: /lib/x86_64-linux-gnu/libm.so.6: version `GLIBC_2.29' not found (required by /home1/lhr/anaconda3/envs/torch/lib/python3.8/site-packages/libpyg.so)
  warnings.warn(f"An issue occurred while importing 'pyg-lib'. "
/home1/lhr/anaconda3/envs/torch/lib/python3.8/site-packages/torch_geometric/typing.py:110: UserWarning: An issue occurred while importing 'torch-sparse'. Disabling its usage. Stacktrace: /lib/x86_64-linux-gnu/libm.so.6: version `GLIBC_2.29' not found (required by /home1/lhr/anaconda3/envs/torch/lib/python3.8/site-packages/libpyg.so)
  warnings.warn(f"An issue occurred while importing 'torch-sparse'. "
using gpu:2 to train the model
using gpu:2 to train the model
cuda:2
Namespace(A_split=False, JK='sum', a_fold=100, aggregate=False, alpha=0.5, batch_size=1024, beta_inter=0.4, conv_layers=4, cuda=True, decay_epoch=10, device=device(type='cuda', index=2), device_id='2', domains='game_video', dropout=0.3, epoch=80, feature_dim=126, gamma_intra=0.8, hidden_dim=126, inter_tau=0.2, intra_tau=1, lambda_critic=0.4, leakey=0.05, load=False, log='logs.txt', log_epoch=1, lr=0.004, lr_decay=0.95, min_epoch=50, mode='train', model_file=None, model_name='gv', momentum=0.98, num_latent_factors=3, num_negative=100, optim='adam', patience=20, proj_layers=1, projection=1, rectify_epoch=30, residual=1, save=False, save_dir='./saved_models', seed=32, similarity_tau=0.1, test_sample_number=999, user_batch_size=256, weight_decay=0.0002)
number_user 25025
number_item 12319
/home1/lhr/invariantCDR/invariantCDR/utils/GraphMaker.py:46: RuntimeWarning: divide by zero encountered in power
  r_inv = np.power(rowsum, -1).flatten()
/home1/lhr/invariantCDR/invariantCDR/utils/GraphMaker.py:72: UserWarning: torch.sparse.SparseTensor(indices, values, shape, *, device=) is deprecated.  Please use torch.sparse_coo_tensor(indices, values, shape, dtype=, device=). (Triggered internally at /opt/conda/conda-bld/pytorch_1711403590347/work/torch/csrc/utils/tensor_new.cpp:618.)
  return torch.sparse.FloatTensor(indices, values, shape)
real graph loaded!
number_user 19457
number_item 8751
real graph loaded!
graph loaded!
Loading data from game_video with batch size 1024...
unseen test: 0
test length: 1381
unseen test: 0
test length: 1304
unseen test: 0
test length: 1435
unseen test: 0
test length: 1458
source_user_num 25025
target_user_num 19457
source_item_num 12319
target_item_num 8751
shared users id: 1737
test users 226, 217
unseen test: 0
dev length: 1000
unseen test: 0
dev length: 1000
source train data : 155036, target train data: 156091, source test data : 1304, target test data : 1458, source dev data : 1000, target dev data : 1000
2024-08-10 21:19:03.100873: step 304/24320 (epoch 1/80), loss = 2.249461 (93.517 sec/epoch), lr: 0.004000
Evaluating on dev set...
...........................
source: 	 mrr: 0.027091	 ndcg_5: 0.0177	 ndcg_10: 0.0252	 hit@1:0.007965	 hit@5:0.0282	 hit@10: 0.0514
target: 	 mrr: 0.034034	 ndcg_5: 0.0228	 ndcg_10: 0.0338	 hit@1:0.011847	 hit@5:0.0341	 hit@10: 0.0683
source best!
.............
source: 	 mrr: 0.030329	 ndcg_5: 0.0211	 ndcg_10: 0.0288	 hit@1:0.009202	 hit@5:0.0330	 hit@10: 0.0575
target best!
..............target: 	 mrr: 0.037926	 ndcg_5: 0.0276	 ndcg_10: 0.0367	 hit@1:0.016461	 hit@5:0.0384	 hit@10: 0.0665
epoch 1: train_loss = 2.249461, source_hit@10 = 0.0575, source_ndcg@10 = 0.0288, target_hit@10 = 0.0665, target_ndcg@10 = 0.0367

2024-08-10 21:20:36.719317: step 608/24320 (epoch 2/80), loss = 1.931845 (92.168 sec/epoch), lr: 0.004000
Evaluating on dev set...
...........................
source: 	 mrr: 0.022408	 ndcg_5: 0.0162	 ndcg_10: 0.0236	 hit@1:0.005793	 hit@5:0.0275	 hit@10: 0.0507
target: 	 mrr: 0.036955	 ndcg_5: 0.0267	 ndcg_10: 0.0357	 hit@1:0.013937	 hit@5:0.0418	 hit@10: 0.0697
target best!
..............target: 	 mrr: 0.038107	 ndcg_5: 0.0283	 ndcg_10: 0.0383	 hit@1:0.013717	 hit@5:0.0432	 hit@10: 0.0741
epoch 2: train_loss = 1.931845, source_hit@10 = 0.0507, source_ndcg@10 = 0.0236, target_hit@10 = 0.0741, target_ndcg@10 = 0.0383
new best model saved.

2024-08-10 21:22:10.805258: step 912/24320 (epoch 3/80), loss = 1.849878 (92.625 sec/epoch), lr: 0.004000
Evaluating on dev set...
...........................
source: 	 mrr: 0.029619	 ndcg_5: 0.0192	 ndcg_10: 0.0289	 hit@1:0.007241	 hit@5:0.0311	 hit@10: 0.0615
target: 	 mrr: 0.039688	 ndcg_5: 0.0301	 ndcg_10: 0.0413	 hit@1:0.011847	 hit@5:0.0488	 hit@10: 0.0836
source best!
.............
source: 	 mrr: 0.031298	 ndcg_5: 0.0205	 ndcg_10: 0.0293	 hit@1:0.009202	 hit@5:0.0322	 hit@10: 0.0598
target best!
..............target: 	 mrr: 0.044223	 ndcg_5: 0.0357	 ndcg_10: 0.0485	 hit@1:0.014403	 hit@5:0.0597	 hit@10: 0.0995
epoch 3: train_loss = 1.849878, source_hit@10 = 0.0598, source_ndcg@10 = 0.0293, target_hit@10 = 0.0995, target_ndcg@10 = 0.0485
new best model saved.

2024-08-10 21:23:44.568331: step 1216/24320 (epoch 4/80), loss = 1.821307 (92.008 sec/epoch), lr: 0.004000
Evaluating on dev set...
...........................
source: 	 mrr: 0.036886	 ndcg_5: 0.0282	 ndcg_10: 0.0368	 hit@1:0.013034	 hit@5:0.0427	 hit@10: 0.0695
target: 	 mrr: 0.046211	 ndcg_5: 0.0372	 ndcg_10: 0.0496	 hit@1:0.014634	 hit@5:0.0585	 hit@10: 0.0976
source best!
.............
source: 	 mrr: 0.032809	 ndcg_5: 0.0221	 ndcg_10: 0.0312	 hit@1:0.009969	 hit@5:0.0330	 hit@10: 0.0621
target best!
..............target: 	 mrr: 0.051845	 ndcg_5: 0.0454	 ndcg_10: 0.0551	 hit@1:0.019204	 hit@5:0.0706	 hit@10: 0.1008
epoch 4: train_loss = 1.821307, source_hit@10 = 0.0621, source_ndcg@10 = 0.0312, target_hit@10 = 0.1008, target_ndcg@10 = 0.0551
new best model saved.

2024-08-10 21:25:17.613510: step 1520/24320 (epoch 5/80), loss = 1.806132 (91.384 sec/epoch), lr: 0.004000
Evaluating on dev set...
...........................
source: 	 mrr: 0.028147	 ndcg_5: 0.0208	 ndcg_10: 0.0279	 hit@1:0.010862	 hit@5:0.0326	 hit@10: 0.0543
target: 	 mrr: 0.052166	 ndcg_5: 0.0431	 ndcg_10: 0.0572	 hit@1:0.018815	 hit@5:0.0669	 hit@10: 0.1115
target best!
..............target: 	 mrr: 0.055945	 ndcg_5: 0.0472	 ndcg_10: 0.0601	 hit@1:0.024005	 hit@5:0.0713	 hit@10: 0.1111
epoch 5: train_loss = 1.806132, source_hit@10 = 0.0543, source_ndcg@10 = 0.0279, target_hit@10 = 0.1111, target_ndcg@10 = 0.0601
new best model saved.

2024-08-10 21:26:50.816957: step 1824/24320 (epoch 6/80), loss = 1.791002 (91.799 sec/epoch), lr: 0.004000
Evaluating on dev set...
...........................
source: 	 mrr: 0.030790	 ndcg_5: 0.0227	 ndcg_10: 0.0296	 hit@1:0.010138	 hit@5:0.0362	 hit@10: 0.0579
target: 	 mrr: 0.049445	 ndcg_5: 0.0399	 ndcg_10: 0.0536	 hit@1:0.017422	 hit@5:0.0620	 hit@10: 0.1045
epoch 6: train_loss = 1.791002, source_hit@10 = 0.0579, source_ndcg@10 = 0.0296, target_hit@10 = 0.1045, target_ndcg@10 = 0.0536

2024-08-10 21:28:23.578184: step 2128/24320 (epoch 7/80), loss = 1.777917 (91.940 sec/epoch), lr: 0.004000
Evaluating on dev set...
...........................
source: 	 mrr: 0.018841	 ndcg_5: 0.0122	 ndcg_10: 0.0158	 hit@1:0.003621	 hit@5:0.0203	 hit@10: 0.0319
target: 	 mrr: 0.043364	 ndcg_5: 0.0334	 ndcg_10: 0.0462	 hit@1:0.014634	 hit@5:0.0530	 hit@10: 0.0927
epoch 7: train_loss = 1.777917, source_hit@10 = 0.0319, source_ndcg@10 = 0.0158, target_hit@10 = 0.0927, target_ndcg@10 = 0.0462

2024-08-10 21:29:56.104399: step 2432/24320 (epoch 8/80), loss = 1.767940 (91.724 sec/epoch), lr: 0.004000
Evaluating on dev set...
...........................
source: 	 mrr: 0.024682	 ndcg_5: 0.0159	 ndcg_10: 0.0243	 hit@1:0.006517	 hit@5:0.0268	 hit@10: 0.0529
target: 	 mrr: 0.049185	 ndcg_5: 0.0411	 ndcg_10: 0.0530	 hit@1:0.013937	 hit@5:0.0669	 hit@10: 0.1031
epoch 8: train_loss = 1.767940, source_hit@10 = 0.0529, source_ndcg@10 = 0.0243, target_hit@10 = 0.1031, target_ndcg@10 = 0.0530

2024-08-10 21:31:28.659854: step 2736/24320 (epoch 9/80), loss = 1.763576 (91.718 sec/epoch), lr: 0.004000
Evaluating on dev set...
...........................
source: 	 mrr: 0.038809	 ndcg_5: 0.0284	 ndcg_10: 0.0366	 hit@1:0.017379	 hit@5:0.0391	 hit@10: 0.0652
target: 	 mrr: 0.044374	 ndcg_5: 0.0332	 ndcg_10: 0.0475	 hit@1:0.013937	 hit@5:0.0523	 hit@10: 0.0969
source best!
.............
source: 	 mrr: 0.034884	 ndcg_5: 0.0243	 ndcg_10: 0.0342	 hit@1:0.009969	 hit@5:0.0383	 hit@10: 0.0698
epoch 9: train_loss = 1.763576, source_hit@10 = 0.0698, source_ndcg@10 = 0.0342, target_hit@10 = 0.0969, target_ndcg@10 = 0.0475
new best model saved.

2024-08-10 21:33:01.812175: step 3040/24320 (epoch 10/80), loss = 1.756747 (91.863 sec/epoch), lr: 0.004000
Evaluating on dev set...
...........................
source: 	 mrr: 0.028989	 ndcg_5: 0.0187	 ndcg_10: 0.0315	 hit@1:0.005793	 hit@5:0.0340	 hit@10: 0.0731
target: 	 mrr: 0.045953	 ndcg_5: 0.0351	 ndcg_10: 0.0499	 hit@1:0.012544	 hit@5:0.0571	 hit@10: 0.1024
epoch 10: train_loss = 1.756747, source_hit@10 = 0.0731, source_ndcg@10 = 0.0315, target_hit@10 = 0.1024, target_ndcg@10 = 0.0499

2024-08-10 21:34:34.254067: step 3344/24320 (epoch 11/80), loss = 1.753487 (91.650 sec/epoch), lr: 0.004000
Evaluating on dev set...
...........................
source: 	 mrr: 0.034751	 ndcg_5: 0.0289	 ndcg_10: 0.0348	 hit@1:0.010862	 hit@5:0.0471	 hit@10: 0.0659
target: 	 mrr: 0.045957	 ndcg_5: 0.0374	 ndcg_10: 0.0512	 hit@1:0.012544	 hit@5:0.0634	 hit@10: 0.1059
epoch 11: train_loss = 1.753487, source_hit@10 = 0.0659, source_ndcg@10 = 0.0348, target_hit@10 = 0.1059, target_ndcg@10 = 0.0512

2024-08-10 21:36:06.864447: step 3648/24320 (epoch 12/80), loss = 1.749497 (91.843 sec/epoch), lr: 0.004000
Evaluating on dev set...
...........................
source: 	 mrr: 0.038287	 ndcg_5: 0.0279	 ndcg_10: 0.0382	 hit@1:0.013034	 hit@5:0.0427	 hit@10: 0.0746
target: 	 mrr: 0.056016	 ndcg_5: 0.0487	 ndcg_10: 0.0626	 hit@1:0.018815	 hit@5:0.0787	 hit@10: 0.1220
target best!
..............target: 	 mrr: 0.064977	 ndcg_5: 0.0550	 ndcg_10: 0.0712	 hit@1:0.030864	 hit@5:0.0796	 hit@10: 0.1296
epoch 12: train_loss = 1.749497, source_hit@10 = 0.0746, source_ndcg@10 = 0.0382, target_hit@10 = 0.1296, target_ndcg@10 = 0.0712
new best model saved.

2024-08-10 21:37:39.421988: step 3952/24320 (epoch 13/80), loss = 1.748060 (91.203 sec/epoch), lr: 0.004000
Evaluating on dev set...
...........................
source: 	 mrr: 0.018935	 ndcg_5: 0.0116	 ndcg_10: 0.0171	 hit@1:0.005069	 hit@5:0.0188	 hit@10: 0.0362
target: 	 mrr: 0.053270	 ndcg_5: 0.0433	 ndcg_10: 0.0579	 hit@1:0.018815	 hit@5:0.0662	 hit@10: 0.1115
epoch 13: train_loss = 1.748060, source_hit@10 = 0.0362, source_ndcg@10 = 0.0171, target_hit@10 = 0.1115, target_ndcg@10 = 0.0579

2024-08-10 21:39:12.774583: step 4256/24320 (epoch 14/80), loss = 1.744925 (92.468 sec/epoch), lr: 0.003800
Evaluating on dev set...
...........................
source: 	 mrr: 0.032061	 ndcg_5: 0.0229	 ndcg_10: 0.0307	 hit@1:0.010138	 hit@5:0.0355	 hit@10: 0.0594
target: 	 mrr: 0.053021	 ndcg_5: 0.0457	 ndcg_10: 0.0596	 hit@1:0.016725	 hit@5:0.0746	 hit@10: 0.1171
epoch 14: train_loss = 1.744925, source_hit@10 = 0.0594, source_ndcg@10 = 0.0307, target_hit@10 = 0.1171, target_ndcg@10 = 0.0596

2024-08-10 21:40:45.667836: step 4560/24320 (epoch 15/80), loss = 1.737917 (92.020 sec/epoch), lr: 0.003800
Evaluating on dev set...
...........................
source: 	 mrr: 0.029217	 ndcg_5: 0.0200	 ndcg_10: 0.0276	 hit@1:0.008689	 hit@5:0.0326	 hit@10: 0.0565
target: 	 mrr: 0.049004	 ndcg_5: 0.0383	 ndcg_10: 0.0540	 hit@1:0.017422	 hit@5:0.0599	 hit@10: 0.1094
epoch 15: train_loss = 1.737917, source_hit@10 = 0.0565, source_ndcg@10 = 0.0276, target_hit@10 = 0.1094, target_ndcg@10 = 0.0540

2024-08-10 21:42:19.672714: step 4864/24320 (epoch 16/80), loss = 1.731542 (93.209 sec/epoch), lr: 0.003610
Evaluating on dev set...
...........................
source: 	 mrr: 0.034112	 ndcg_5: 0.0281	 ndcg_10: 0.0370	 hit@1:0.005793	 hit@5:0.0507	 hit@10: 0.0782
target: 	 mrr: 0.037808	 ndcg_5: 0.0273	 ndcg_10: 0.0379	 hit@1:0.011150	 hit@5:0.0439	 hit@10: 0.0774
epoch 16: train_loss = 1.731542, source_hit@10 = 0.0782, source_ndcg@10 = 0.0370, target_hit@10 = 0.0774, target_ndcg@10 = 0.0379

2024-08-10 21:43:52.994549: step 5168/24320 (epoch 17/80), loss = 1.721597 (92.524 sec/epoch), lr: 0.003429
Evaluating on dev set...
...........................
source: 	 mrr: 0.030218	 ndcg_5: 0.0204	 ndcg_10: 0.0288	 hit@1:0.007965	 hit@5:0.0326	 hit@10: 0.0594
target: 	 mrr: 0.045235	 ndcg_5: 0.0357	 ndcg_10: 0.0488	 hit@1:0.012544	 hit@5:0.0578	 hit@10: 0.0990
epoch 17: train_loss = 1.721597, source_hit@10 = 0.0594, source_ndcg@10 = 0.0288, target_hit@10 = 0.0990, target_ndcg@10 = 0.0488

2024-08-10 21:45:26.332627: step 5472/24320 (epoch 18/80), loss = 1.718550 (92.490 sec/epoch), lr: 0.003429
Evaluating on dev set...
...........................
source: 	 mrr: 0.026123	 ndcg_5: 0.0175	 ndcg_10: 0.0235	 hit@1:0.006517	 hit@5:0.0290	 hit@10: 0.0478
target: 	 mrr: 0.047486	 ndcg_5: 0.0392	 ndcg_10: 0.0508	 hit@1:0.016725	 hit@5:0.0627	 hit@10: 0.0990
epoch 18: train_loss = 1.718550, source_hit@10 = 0.0478, source_ndcg@10 = 0.0235, target_hit@10 = 0.0990, target_ndcg@10 = 0.0508

2024-08-10 21:46:59.790480: step 5776/24320 (epoch 19/80), loss = 1.712441 (92.700 sec/epoch), lr: 0.003258
Evaluating on dev set...
...........................
source: 	 mrr: 0.013803	 ndcg_5: 0.0081	 ndcg_10: 0.0131	 hit@1:0.002172	 hit@5:0.0145	 hit@10: 0.0304
target: 	 mrr: 0.049323	 ndcg_5: 0.0418	 ndcg_10: 0.0516	 hit@1:0.017422	 hit@5:0.0641	 hit@10: 0.0948
epoch 19: train_loss = 1.712441, source_hit@10 = 0.0304, source_ndcg@10 = 0.0131, target_hit@10 = 0.0948, target_ndcg@10 = 0.0516

2024-08-10 21:48:33.141150: step 6080/24320 (epoch 20/80), loss = 1.707383 (92.612 sec/epoch), lr: 0.003095
Evaluating on dev set...
...........................
source: 	 mrr: 0.036484	 ndcg_5: 0.0271	 ndcg_10: 0.0351	 hit@1:0.012310	 hit@5:0.0406	 hit@10: 0.0652
target: 	 mrr: 0.050865	 ndcg_5: 0.0419	 ndcg_10: 0.0536	 hit@1:0.017422	 hit@5:0.0662	 hit@10: 0.1024
epoch 20: train_loss = 1.707383, source_hit@10 = 0.0652, source_ndcg@10 = 0.0351, target_hit@10 = 0.1024, target_ndcg@10 = 0.0536

2024-08-10 21:50:07.293849: step 6384/24320 (epoch 21/80), loss = 1.703856 (93.362 sec/epoch), lr: 0.003095
Evaluating on dev set...
...........................
source: 	 mrr: 0.031027	 ndcg_5: 0.0194	 ndcg_10: 0.0276	 hit@1:0.008689	 hit@5:0.0297	 hit@10: 0.0550
target: 	 mrr: 0.049946	 ndcg_5: 0.0411	 ndcg_10: 0.0535	 hit@1:0.018118	 hit@5:0.0641	 hit@10: 0.1024
epoch 21: train_loss = 1.703856, source_hit@10 = 0.0550, source_ndcg@10 = 0.0276, target_hit@10 = 0.1024, target_ndcg@10 = 0.0535

2024-08-10 21:51:40.218065: step 6688/24320 (epoch 22/80), loss = 1.697862 (92.114 sec/epoch), lr: 0.002940
Evaluating on dev set...
...........................
source: 	 mrr: 0.017654	 ndcg_5: 0.0105	 ndcg_10: 0.0172	 hit@1:0.002172	 hit@5:0.0188	 hit@10: 0.0391
target: 	 mrr: 0.046711	 ndcg_5: 0.0396	 ndcg_10: 0.0491	 hit@1:0.014634	 hit@5:0.0641	 hit@10: 0.0941
epoch 22: train_loss = 1.697862, source_hit@10 = 0.0391, source_ndcg@10 = 0.0172, target_hit@10 = 0.0941, target_ndcg@10 = 0.0491

2024-08-10 21:53:13.982676: step 6992/24320 (epoch 23/80), loss = 1.693226 (92.896 sec/epoch), lr: 0.002793
Evaluating on dev set...
...........................
source: 	 mrr: 0.014618	 ndcg_5: 0.0084	 ndcg_10: 0.0122	 hit@1:0.002896	 hit@5:0.0145	 hit@10: 0.0261
target: 	 mrr: 0.044476	 ndcg_5: 0.0363	 ndcg_10: 0.0488	 hit@1:0.010453	 hit@5:0.0606	 hit@10: 0.0997
epoch 23: train_loss = 1.693226, source_hit@10 = 0.0261, source_ndcg@10 = 0.0122, target_hit@10 = 0.0997, target_ndcg@10 = 0.0488

2024-08-10 21:54:48.758539: step 7296/24320 (epoch 24/80), loss = 1.686333 (93.934 sec/epoch), lr: 0.002654
Evaluating on dev set...
...........................
source: 	 mrr: 0.031906	 ndcg_5: 0.0207	 ndcg_10: 0.0292	 hit@1:0.010138	 hit@5:0.0304	 hit@10: 0.0572
target: 	 mrr: 0.045929	 ndcg_5: 0.0371	 ndcg_10: 0.0501	 hit@1:0.013937	 hit@5:0.0613	 hit@10: 0.1017
epoch 24: train_loss = 1.686333, source_hit@10 = 0.0572, source_ndcg@10 = 0.0292, target_hit@10 = 0.1017, target_ndcg@10 = 0.0501

2024-08-10 21:56:22.301953: step 7600/24320 (epoch 25/80), loss = 1.681177 (92.716 sec/epoch), lr: 0.002654
Evaluating on dev set...
...........................
source: 	 mrr: 0.027700	 ndcg_5: 0.0184	 ndcg_10: 0.0251	 hit@1:0.007241	 hit@5:0.0297	 hit@10: 0.0500
target: 	 mrr: 0.043790	 ndcg_5: 0.0340	 ndcg_10: 0.0491	 hit@1:0.009756	 hit@5:0.0585	 hit@10: 0.1052
epoch 25: train_loss = 1.681177, source_hit@10 = 0.0500, source_ndcg@10 = 0.0251, target_hit@10 = 0.1052, target_ndcg@10 = 0.0491

2024-08-10 21:57:55.678773: step 7904/24320 (epoch 26/80), loss = 1.670592 (92.563 sec/epoch), lr: 0.002521
Evaluating on dev set...
...........................
source: 	 mrr: 0.030511	 ndcg_5: 0.0200	 ndcg_10: 0.0284	 hit@1:0.007965	 hit@5:0.0319	 hit@10: 0.0572
target: 	 mrr: 0.047596	 ndcg_5: 0.0412	 ndcg_10: 0.0528	 hit@1:0.012544	 hit@5:0.0704	 hit@10: 0.1066
epoch 26: train_loss = 1.670592, source_hit@10 = 0.0572, source_ndcg@10 = 0.0284, target_hit@10 = 0.1066, target_ndcg@10 = 0.0528

2024-08-10 21:59:29.348718: step 8208/24320 (epoch 27/80), loss = 1.670403 (92.695 sec/epoch), lr: 0.002521
Evaluating on dev set...
...........................
source: 	 mrr: 0.024004	 ndcg_5: 0.0169	 ndcg_10: 0.0227	 hit@1:0.007965	 hit@5:0.0261	 hit@10: 0.0442
target: 	 mrr: 0.052030	 ndcg_5: 0.0437	 ndcg_10: 0.0552	 hit@1:0.017422	 hit@5:0.0704	 hit@10: 0.1059
epoch 27: train_loss = 1.670403, source_hit@10 = 0.0442, source_ndcg@10 = 0.0227, target_hit@10 = 0.1059, target_ndcg@10 = 0.0552

2024-08-10 22:01:02.770012: step 8512/24320 (epoch 28/80), loss = 1.655546 (92.613 sec/epoch), lr: 0.002395
Evaluating on dev set...
...........................
source: 	 mrr: 0.032920	 ndcg_5: 0.0226	 ndcg_10: 0.0306	 hit@1:0.008689	 hit@5:0.0369	 hit@10: 0.0615
target: 	 mrr: 0.049752	 ndcg_5: 0.0423	 ndcg_10: 0.0557	 hit@1:0.012544	 hit@5:0.0711	 hit@10: 0.1129
epoch 28: train_loss = 1.655546, source_hit@10 = 0.0615, source_ndcg@10 = 0.0306, target_hit@10 = 0.1129, target_ndcg@10 = 0.0557

2024-08-10 22:02:36.139441: step 8816/24320 (epoch 29/80), loss = 1.655031 (92.615 sec/epoch), lr: 0.002395
Evaluating on dev set...
...........................
source: 	 mrr: 0.027158	 ndcg_5: 0.0178	 ndcg_10: 0.0252	 hit@1:0.005069	 hit@5:0.0304	 hit@10: 0.0536
target: 	 mrr: 0.053209	 ndcg_5: 0.0439	 ndcg_10: 0.0568	 hit@1:0.018815	 hit@5:0.0690	 hit@10: 0.1094
epoch 29: train_loss = 1.655031, source_hit@10 = 0.0536, source_ndcg@10 = 0.0252, target_hit@10 = 0.1094, target_ndcg@10 = 0.0568

2024-08-10 22:04:10.223076: step 9120/24320 (epoch 30/80), loss = 1.648476 (93.329 sec/epoch), lr: 0.002275
Evaluating on dev set...
...........................
source: 	 mrr: 0.035207	 ndcg_5: 0.0216	 ndcg_10: 0.0349	 hit@1:0.010862	 hit@5:0.0326	 hit@10: 0.0746
target: 	 mrr: 0.045999	 ndcg_5: 0.0366	 ndcg_10: 0.0494	 hit@1:0.013240	 hit@5:0.0620	 hit@10: 0.1024
epoch 30: train_loss = 1.648476, source_hit@10 = 0.0746, source_ndcg@10 = 0.0349, target_hit@10 = 0.1024, target_ndcg@10 = 0.0494
shift to transfer learning mode

2024-08-10 22:05:53.856993: step 9424/24320 (epoch 31/80), loss = 1.709001 (102.817 sec/epoch), lr: 0.002275
Evaluating on dev set...
...........................
source: 	 mrr: 0.020998	 ndcg_5: 0.0155	 ndcg_10: 0.0208	 hit@1:0.003621	 hit@5:0.0268	 hit@10: 0.0434
target: 	 mrr: 0.048112	 ndcg_5: 0.0393	 ndcg_10: 0.0522	 hit@1:0.016028	 hit@5:0.0634	 hit@10: 0.1031
epoch 31: train_loss = 1.709001, source_hit@10 = 0.0434, source_ndcg@10 = 0.0208, target_hit@10 = 0.1031, target_ndcg@10 = 0.0522

2024-08-10 22:07:37.536648: step 9728/24320 (epoch 32/80), loss = 1.704475 (102.924 sec/epoch), lr: 0.002161
Evaluating on dev set...
...........................
source: 	 mrr: 0.028970	 ndcg_5: 0.0213	 ndcg_10: 0.0276	 hit@1:0.006517	 hit@5:0.0369	 hit@10: 0.0565
target: 	 mrr: 0.048718	 ndcg_5: 0.0406	 ndcg_10: 0.0525	 hit@1:0.015331	 hit@5:0.0676	 hit@10: 0.1045
epoch 32: train_loss = 1.704475, source_hit@10 = 0.0565, source_ndcg@10 = 0.0276, target_hit@10 = 0.1045, target_ndcg@10 = 0.0525

2024-08-10 22:09:23.438017: step 10032/24320 (epoch 33/80), loss = 1.699166 (105.049 sec/epoch), lr: 0.002161
Evaluating on dev set...
...........................
source: 	 mrr: 0.033279	 ndcg_5: 0.0221	 ndcg_10: 0.0330	 hit@1:0.008689	 hit@5:0.0348	 hit@10: 0.0688
target: 	 mrr: 0.047549	 ndcg_5: 0.0390	 ndcg_10: 0.0519	 hit@1:0.014634	 hit@5:0.0648	 hit@10: 0.1045
epoch 33: train_loss = 1.699166, source_hit@10 = 0.0688, source_ndcg@10 = 0.0330, target_hit@10 = 0.1045, target_ndcg@10 = 0.0519

2024-08-10 22:11:12.980197: step 10336/24320 (epoch 34/80), loss = 1.695556 (108.642 sec/epoch), lr: 0.002161
Evaluating on dev set...
...........................
source: 	 mrr: 0.037735	 ndcg_5: 0.0298	 ndcg_10: 0.0380	 hit@1:0.010138	 hit@5:0.0492	 hit@10: 0.0753
target: 	 mrr: 0.050627	 ndcg_5: 0.0419	 ndcg_10: 0.0547	 hit@1:0.016028	 hit@5:0.0662	 hit@10: 0.1066
epoch 34: train_loss = 1.695556, source_hit@10 = 0.0753, source_ndcg@10 = 0.0380, target_hit@10 = 0.1066, target_ndcg@10 = 0.0547

2024-08-10 22:13:01.460852: step 10640/24320 (epoch 35/80), loss = 1.690394 (107.751 sec/epoch), lr: 0.002161
Evaluating on dev set...
...........................
source: 	 mrr: 0.031609	 ndcg_5: 0.0230	 ndcg_10: 0.0303	 hit@1:0.010138	 hit@5:0.0362	 hit@10: 0.0587
target: 	 mrr: 0.050853	 ndcg_5: 0.0413	 ndcg_10: 0.0560	 hit@1:0.017422	 hit@5:0.0655	 hit@10: 0.1108
epoch 35: train_loss = 1.690394, source_hit@10 = 0.0587, source_ndcg@10 = 0.0303, target_hit@10 = 0.1108, target_ndcg@10 = 0.0560

2024-08-10 22:14:49.403650: step 10944/24320 (epoch 36/80), loss = 1.683042 (107.129 sec/epoch), lr: 0.002053
Evaluating on dev set...
...........................
source: 	 mrr: 0.030514	 ndcg_5: 0.0205	 ndcg_10: 0.0287	 hit@1:0.007965	 hit@5:0.0348	 hit@10: 0.0601
target: 	 mrr: 0.051445	 ndcg_5: 0.0411	 ndcg_10: 0.0566	 hit@1:0.020209	 hit@5:0.0627	 hit@10: 0.1122
epoch 36: train_loss = 1.683042, source_hit@10 = 0.0601, source_ndcg@10 = 0.0287, target_hit@10 = 0.1122, target_ndcg@10 = 0.0566

2024-08-10 22:16:36.866255: step 11248/24320 (epoch 37/80), loss = 1.678143 (106.643 sec/epoch), lr: 0.001951
Evaluating on dev set...
...........................
source: 	 mrr: 0.032537	 ndcg_5: 0.0242	 ndcg_10: 0.0334	 hit@1:0.008689	 hit@5:0.0406	 hit@10: 0.0688
target: 	 mrr: 0.054029	 ndcg_5: 0.0445	 ndcg_10: 0.0586	 hit@1:0.020209	 hit@5:0.0697	 hit@10: 0.1129
epoch 37: train_loss = 1.678143, source_hit@10 = 0.0688, source_ndcg@10 = 0.0334, target_hit@10 = 0.1129, target_ndcg@10 = 0.0586

2024-08-10 22:18:23.948537: step 11552/24320 (epoch 38/80), loss = 1.673877 (106.266 sec/epoch), lr: 0.001951
Evaluating on dev set...
...........................
source: 	 mrr: 0.032179	 ndcg_5: 0.0227	 ndcg_10: 0.0308	 hit@1:0.008689	 hit@5:0.0377	 hit@10: 0.0623
target: 	 mrr: 0.045377	 ndcg_5: 0.0345	 ndcg_10: 0.0497	 hit@1:0.012544	 hit@5:0.0557	 hit@10: 0.1031
epoch 38: train_loss = 1.673877, source_hit@10 = 0.0623, source_ndcg@10 = 0.0308, target_hit@10 = 0.1031, target_ndcg@10 = 0.0497

2024-08-10 22:20:10.728810: step 11856/24320 (epoch 39/80), loss = 1.667907 (105.947 sec/epoch), lr: 0.001853
Evaluating on dev set...
...........................
source: 	 mrr: 0.034248	 ndcg_5: 0.0260	 ndcg_10: 0.0345	 hit@1:0.007241	 hit@5:0.0456	 hit@10: 0.0724
target: 	 mrr: 0.051869	 ndcg_5: 0.0451	 ndcg_10: 0.0574	 hit@1:0.017422	 hit@5:0.0753	 hit@10: 0.1136
epoch 39: train_loss = 1.667907, source_hit@10 = 0.0724, source_ndcg@10 = 0.0345, target_hit@10 = 0.1136, target_ndcg@10 = 0.0574

2024-08-10 22:21:56.890387: step 12160/24320 (epoch 40/80), loss = 1.667299 (105.344 sec/epoch), lr: 0.001853
Evaluating on dev set...
...........................
source: 	 mrr: 0.032308	 ndcg_5: 0.0239	 ndcg_10: 0.0300	 hit@1:0.008689	 hit@5:0.0391	 hit@10: 0.0579
target: 	 mrr: 0.051608	 ndcg_5: 0.0421	 ndcg_10: 0.0565	 hit@1:0.018815	 hit@5:0.0669	 hit@10: 0.1115
epoch 40: train_loss = 1.667299, source_hit@10 = 0.0579, source_ndcg@10 = 0.0300, target_hit@10 = 0.1115, target_ndcg@10 = 0.0565

2024-08-10 22:23:41.169926: step 12464/24320 (epoch 41/80), loss = 1.661373 (103.460 sec/epoch), lr: 0.001761
Evaluating on dev set...
...........................
source: 	 mrr: 0.033264	 ndcg_5: 0.0238	 ndcg_10: 0.0335	 hit@1:0.007241	 hit@5:0.0406	 hit@10: 0.0710
target: 	 mrr: 0.054235	 ndcg_5: 0.0462	 ndcg_10: 0.0582	 hit@1:0.020209	 hit@5:0.0739	 hit@10: 0.1115
epoch 41: train_loss = 1.661373, source_hit@10 = 0.0710, source_ndcg@10 = 0.0335, target_hit@10 = 0.1115, target_ndcg@10 = 0.0582

2024-08-10 22:25:27.094201: step 12768/24320 (epoch 42/80), loss = 1.660020 (104.952 sec/epoch), lr: 0.001761
Evaluating on dev set...
...........................
source: 	 mrr: 0.032290	 ndcg_5: 0.0209	 ndcg_10: 0.0296	 hit@1:0.007965	 hit@5:0.0333	 hit@10: 0.0608
target: 	 mrr: 0.047961	 ndcg_5: 0.0377	 ndcg_10: 0.0513	 hit@1:0.017422	 hit@5:0.0592	 hit@10: 0.1010
epoch 42: train_loss = 1.660020, source_hit@10 = 0.0608, source_ndcg@10 = 0.0296, target_hit@10 = 0.1010, target_ndcg@10 = 0.0513

2024-08-10 22:27:13.754179: step 13072/24320 (epoch 43/80), loss = 1.653858 (105.978 sec/epoch), lr: 0.001672
Evaluating on dev set...
...........................
source: 	 mrr: 0.038776	 ndcg_5: 0.0282	 ndcg_10: 0.0370	 hit@1:0.011586	 hit@5:0.0442	 hit@10: 0.0717
target: 	 mrr: 0.054652	 ndcg_5: 0.0464	 ndcg_10: 0.0620	 hit@1:0.016028	 hit@5:0.0767	 hit@10: 0.1247
epoch 43: train_loss = 1.653858, source_hit@10 = 0.0717, source_ndcg@10 = 0.0370, target_hit@10 = 0.1247, target_ndcg@10 = 0.0620

2024-08-10 22:28:59.171095: step 13376/24320 (epoch 44/80), loss = 1.654633 (104.628 sec/epoch), lr: 0.001672
Evaluating on dev set...
...........................
source: 	 mrr: 0.042672	 ndcg_5: 0.0335	 ndcg_10: 0.0428	 hit@1:0.018103	 hit@5:0.0492	 hit@10: 0.0782
target: 	 mrr: 0.051118	 ndcg_5: 0.0429	 ndcg_10: 0.0553	 hit@1:0.015331	 hit@5:0.0704	 hit@10: 0.1087
source best!
.............
source: 	 mrr: 0.037474	 ndcg_5: 0.0272	 ndcg_10: 0.0365	 hit@1:0.014571	 hit@5:0.0414	 hit@10: 0.0706
epoch 44: train_loss = 1.654633, source_hit@10 = 0.0706, source_ndcg@10 = 0.0365, target_hit@10 = 0.1087, target_ndcg@10 = 0.0553
new best model saved.

2024-08-10 22:30:45.174636: step 13680/24320 (epoch 45/80), loss = 1.654211 (104.472 sec/epoch), lr: 0.001672
Evaluating on dev set...
...........................
source: 	 mrr: 0.034960	 ndcg_5: 0.0273	 ndcg_10: 0.0363	 hit@1:0.008689	 hit@5:0.0478	 hit@10: 0.0760
target: 	 mrr: 0.054601	 ndcg_5: 0.0470	 ndcg_10: 0.0594	 hit@1:0.020209	 hit@5:0.0732	 hit@10: 0.1122
epoch 45: train_loss = 1.654211, source_hit@10 = 0.0760, source_ndcg@10 = 0.0363, target_hit@10 = 0.1122, target_ndcg@10 = 0.0594

2024-08-10 22:32:26.815642: step 13984/24320 (epoch 46/80), loss = 1.651723 (100.934 sec/epoch), lr: 0.001589
Evaluating on dev set...
...........................
source: 	 mrr: 0.040659	 ndcg_5: 0.0303	 ndcg_10: 0.0405	 hit@1:0.013034	 hit@5:0.0456	 hit@10: 0.0775
target: 	 mrr: 0.053605	 ndcg_5: 0.0438	 ndcg_10: 0.0554	 hit@1:0.020209	 hit@5:0.0648	 hit@10: 0.1017
epoch 46: train_loss = 1.651723, source_hit@10 = 0.0775, source_ndcg@10 = 0.0405, target_hit@10 = 0.1017, target_ndcg@10 = 0.0554

2024-08-10 22:34:12.181276: step 14288/24320 (epoch 47/80), loss = 1.652627 (104.576 sec/epoch), lr: 0.001589
Evaluating on dev set...
...........................
source: 	 mrr: 0.040705	 ndcg_5: 0.0311	 ndcg_10: 0.0399	 hit@1:0.013034	 hit@5:0.0485	 hit@10: 0.0760
target: 	 mrr: 0.050484	 ndcg_5: 0.0412	 ndcg_10: 0.0559	 hit@1:0.018118	 hit@5:0.0648	 hit@10: 0.1115
epoch 47: train_loss = 1.652627, source_hit@10 = 0.0760, source_ndcg@10 = 0.0399, target_hit@10 = 0.1115, target_ndcg@10 = 0.0559

2024-08-10 22:35:55.505165: step 14592/24320 (epoch 48/80), loss = 1.648639 (102.509 sec/epoch), lr: 0.001509
Evaluating on dev set...
...........................
source: 	 mrr: 0.034584	 ndcg_5: 0.0244	 ndcg_10: 0.0340	 hit@1:0.010862	 hit@5:0.0384	 hit@10: 0.0681
target: 	 mrr: 0.056498	 ndcg_5: 0.0483	 ndcg_10: 0.0619	 hit@1:0.020209	 hit@5:0.0746	 hit@10: 0.1171
target best!
..............target: 	 mrr: 0.056162	 ndcg_5: 0.0483	 ndcg_10: 0.0609	 hit@1:0.020576	 hit@5:0.0775	 hit@10: 0.1166
epoch 48: train_loss = 1.648639, source_hit@10 = 0.0681, source_ndcg@10 = 0.0340, target_hit@10 = 0.1166, target_ndcg@10 = 0.0609
new best model saved.

2024-08-10 22:37:42.559862: step 14896/24320 (epoch 49/80), loss = 1.644472 (105.763 sec/epoch), lr: 0.001434
Evaluating on dev set...
...........................
source: 	 mrr: 0.038412	 ndcg_5: 0.0291	 ndcg_10: 0.0374	 hit@1:0.011586	 hit@5:0.0463	 hit@10: 0.0724
target: 	 mrr: 0.051027	 ndcg_5: 0.0440	 ndcg_10: 0.0548	 hit@1:0.015331	 hit@5:0.0725	 hit@10: 0.1059
epoch 49: train_loss = 1.644472, source_hit@10 = 0.0724, source_ndcg@10 = 0.0374, target_hit@10 = 0.1059, target_ndcg@10 = 0.0548

2024-08-10 22:39:24.672452: step 15200/24320 (epoch 50/80), loss = 1.640281 (101.421 sec/epoch), lr: 0.001362
Evaluating on dev set...
...........................
source: 	 mrr: 0.031132	 ndcg_5: 0.0212	 ndcg_10: 0.0303	 hit@1:0.007241	 hit@5:0.0362	 hit@10: 0.0644
target: 	 mrr: 0.046184	 ndcg_5: 0.0381	 ndcg_10: 0.0511	 hit@1:0.016028	 hit@5:0.0620	 hit@10: 0.1024
epoch 50: train_loss = 1.640281, source_hit@10 = 0.0644, source_ndcg@10 = 0.0303, target_hit@10 = 0.1024, target_ndcg@10 = 0.0511

2024-08-10 22:41:08.290545: step 15504/24320 (epoch 51/80), loss = 1.636259 (102.812 sec/epoch), lr: 0.001294
Evaluating on dev set...
...........................
source: 	 mrr: 0.035480	 ndcg_5: 0.0250	 ndcg_10: 0.0350	 hit@1:0.010862	 hit@5:0.0384	 hit@10: 0.0695
target: 	 mrr: 0.052350	 ndcg_5: 0.0420	 ndcg_10: 0.0566	 hit@1:0.019512	 hit@5:0.0641	 hit@10: 0.1101
epoch 51: train_loss = 1.636259, source_hit@10 = 0.0695, source_ndcg@10 = 0.0350, target_hit@10 = 0.1101, target_ndcg@10 = 0.0566

2024-08-10 22:42:49.204313: step 15808/24320 (epoch 52/80), loss = 1.635582 (100.015 sec/epoch), lr: 0.001294
Evaluating on dev set...
...........................
source: 	 mrr: 0.040657	 ndcg_5: 0.0326	 ndcg_10: 0.0393	 hit@1:0.014482	 hit@5:0.0507	 hit@10: 0.0717
target: 	 mrr: 0.051504	 ndcg_5: 0.0412	 ndcg_10: 0.0549	 hit@1:0.019512	 hit@5:0.0634	 hit@10: 0.1059
epoch 52: train_loss = 1.635582, source_hit@10 = 0.0717, source_ndcg@10 = 0.0393, target_hit@10 = 0.1059, target_ndcg@10 = 0.0549

2024-08-10 22:44:32.355996: step 16112/24320 (epoch 53/80), loss = 1.634564 (102.366 sec/epoch), lr: 0.001294
Evaluating on dev set...
...........................
source: 	 mrr: 0.025992	 ndcg_5: 0.0158	 ndcg_10: 0.0234	 hit@1:0.007241	 hit@5:0.0246	 hit@10: 0.0485
target: 	 mrr: 0.047129	 ndcg_5: 0.0393	 ndcg_10: 0.0493	 hit@1:0.016725	 hit@5:0.0627	 hit@10: 0.0941
epoch 53: train_loss = 1.634564, source_hit@10 = 0.0485, source_ndcg@10 = 0.0234, target_hit@10 = 0.0941, target_ndcg@10 = 0.0493

2024-08-10 22:46:17.340750: step 16416/24320 (epoch 54/80), loss = 1.629551 (104.156 sec/epoch), lr: 0.001229
Evaluating on dev set...
...........................
source: 	 mrr: 0.034889	 ndcg_5: 0.0258	 ndcg_10: 0.0339	 hit@1:0.009413	 hit@5:0.0420	 hit@10: 0.0673
target: 	 mrr: 0.054248	 ndcg_5: 0.0456	 ndcg_10: 0.0587	 hit@1:0.020906	 hit@5:0.0697	 hit@10: 0.1108
epoch 54: train_loss = 1.629551, source_hit@10 = 0.0673, source_ndcg@10 = 0.0339, target_hit@10 = 0.1108, target_ndcg@10 = 0.0587

2024-08-10 22:48:02.778425: step 16720/24320 (epoch 55/80), loss = 1.628687 (104.694 sec/epoch), lr: 0.001229
Evaluating on dev set...
...........................
source: 	 mrr: 0.041071	 ndcg_5: 0.0325	 ndcg_10: 0.0388	 hit@1:0.015206	 hit@5:0.0492	 hit@10: 0.0688
target: 	 mrr: 0.039821	 ndcg_5: 0.0302	 ndcg_10: 0.0402	 hit@1:0.010453	 hit@5:0.0488	 hit@10: 0.0801
epoch 55: train_loss = 1.628687, source_hit@10 = 0.0688, source_ndcg@10 = 0.0388, target_hit@10 = 0.0801, target_ndcg@10 = 0.0402

2024-08-10 22:49:45.329707: step 17024/24320 (epoch 56/80), loss = 1.624288 (101.751 sec/epoch), lr: 0.001168
Evaluating on dev set...
...........................
source: 	 mrr: 0.033656	 ndcg_5: 0.0249	 ndcg_10: 0.0331	 hit@1:0.007241	 hit@5:0.0420	 hit@10: 0.0681
target: 	 mrr: 0.045020	 ndcg_5: 0.0384	 ndcg_10: 0.0468	 hit@1:0.016028	 hit@5:0.0613	 hit@10: 0.0871
epoch 56: train_loss = 1.624288, source_hit@10 = 0.0681, source_ndcg@10 = 0.0331, target_hit@10 = 0.0871, target_ndcg@10 = 0.0468

2024-08-10 22:51:26.674648: step 17328/24320 (epoch 57/80), loss = 1.618138 (100.482 sec/epoch), lr: 0.001110
Evaluating on dev set...
...........................
source: 	 mrr: 0.037901	 ndcg_5: 0.0281	 ndcg_10: 0.0383	 hit@1:0.011586	 hit@5:0.0449	 hit@10: 0.0760
target: 	 mrr: 0.054636	 ndcg_5: 0.0452	 ndcg_10: 0.0570	 hit@1:0.023693	 hit@5:0.0662	 hit@10: 0.1031
epoch 57: train_loss = 1.618138, source_hit@10 = 0.0760, source_ndcg@10 = 0.0383, target_hit@10 = 0.1031, target_ndcg@10 = 0.0570

2024-08-10 22:53:06.967494: step 17632/24320 (epoch 58/80), loss = 1.618203 (99.433 sec/epoch), lr: 0.001110
Evaluating on dev set...
...........................
source: 	 mrr: 0.043238	 ndcg_5: 0.0337	 ndcg_10: 0.0447	 hit@1:0.015930	 hit@5:0.0514	 hit@10: 0.0862
target: 	 mrr: 0.051111	 ndcg_5: 0.0416	 ndcg_10: 0.0543	 hit@1:0.020209	 hit@5:0.0613	 hit@10: 0.1003
source best!
.............
source: 	 mrr: 0.042135	 ndcg_5: 0.0323	 ndcg_10: 0.0413	 hit@1:0.016104	 hit@5:0.0483	 hit@10: 0.0767
epoch 58: train_loss = 1.618203, source_hit@10 = 0.0767, source_ndcg@10 = 0.0413, target_hit@10 = 0.1003, target_ndcg@10 = 0.0543
new best model saved.

2024-08-10 22:54:52.893705: step 17936/24320 (epoch 59/80), loss = 1.615944 (104.660 sec/epoch), lr: 0.001110
Evaluating on dev set...
...........................
source: 	 mrr: 0.031837	 ndcg_5: 0.0213	 ndcg_10: 0.0317	 hit@1:0.009413	 hit@5:0.0340	 hit@10: 0.0659
target: 	 mrr: 0.043007	 ndcg_5: 0.0332	 ndcg_10: 0.0467	 hit@1:0.011847	 hit@5:0.0544	 hit@10: 0.0962
epoch 59: train_loss = 1.615944, source_hit@10 = 0.0659, source_ndcg@10 = 0.0317, target_hit@10 = 0.0962, target_ndcg@10 = 0.0467

2024-08-10 22:56:34.483637: step 18240/24320 (epoch 60/80), loss = 1.613183 (100.821 sec/epoch), lr: 0.001054
Evaluating on dev set...
...........................
source: 	 mrr: 0.033372	 ndcg_5: 0.0237	 ndcg_10: 0.0315	 hit@1:0.010138	 hit@5:0.0384	 hit@10: 0.0630
target: 	 mrr: 0.061076	 ndcg_5: 0.0541	 ndcg_10: 0.0679	 hit@1:0.025087	 hit@5:0.0822	 hit@10: 0.1247
target best!
..............target: 	 mrr: 0.058687	 ndcg_5: 0.0528	 ndcg_10: 0.0640	 hit@1:0.021262	 hit@5:0.0837	 hit@10: 0.1187
epoch 60: train_loss = 1.613183, source_hit@10 = 0.0630, source_ndcg@10 = 0.0315, target_hit@10 = 0.1187, target_ndcg@10 = 0.0640
new best model saved.

2024-08-10 22:58:20.870210: step 18544/24320 (epoch 61/80), loss = 1.607198 (105.087 sec/epoch), lr: 0.001054
Evaluating on dev set...
...........................
source: 	 mrr: 0.039750	 ndcg_5: 0.0304	 ndcg_10: 0.0393	 hit@1:0.013034	 hit@5:0.0485	 hit@10: 0.0760
target: 	 mrr: 0.055549	 ndcg_5: 0.0487	 ndcg_10: 0.0605	 hit@1:0.020209	 hit@5:0.0767	 hit@10: 0.1136
epoch 61: train_loss = 1.607198, source_hit@10 = 0.0760, source_ndcg@10 = 0.0393, target_hit@10 = 0.1136, target_ndcg@10 = 0.0605

2024-08-10 23:00:03.834155: step 18848/24320 (epoch 62/80), loss = 1.608059 (102.152 sec/epoch), lr: 0.001054
Evaluating on dev set...
...........................
source: 	 mrr: 0.041516	 ndcg_5: 0.0323	 ndcg_10: 0.0407	 hit@1:0.015206	 hit@5:0.0500	 hit@10: 0.0760
target: 	 mrr: 0.058984	 ndcg_5: 0.0513	 ndcg_10: 0.0629	 hit@1:0.025087	 hit@5:0.0767	 hit@10: 0.1129
epoch 62: train_loss = 1.608059, source_hit@10 = 0.0760, source_ndcg@10 = 0.0407, target_hit@10 = 0.1129, target_ndcg@10 = 0.0629

2024-08-10 23:01:50.582419: step 19152/24320 (epoch 63/80), loss = 1.606485 (105.925 sec/epoch), lr: 0.001054
Evaluating on dev set...
...........................
source: 	 mrr: 0.041696	 ndcg_5: 0.0328	 ndcg_10: 0.0410	 hit@1:0.015930	 hit@5:0.0514	 hit@10: 0.0768
target: 	 mrr: 0.059646	 ndcg_5: 0.0534	 ndcg_10: 0.0654	 hit@1:0.022300	 hit@5:0.0829	 hit@10: 0.1206
epoch 63: train_loss = 1.606485, source_hit@10 = 0.0768, source_ndcg@10 = 0.0410, target_hit@10 = 0.1206, target_ndcg@10 = 0.0654

2024-08-10 23:03:33.135411: step 19456/24320 (epoch 64/80), loss = 1.602922 (101.741 sec/epoch), lr: 0.001054
Evaluating on dev set...
...........................
source: 	 mrr: 0.036899	 ndcg_5: 0.0271	 ndcg_10: 0.0368	 hit@1:0.009413	 hit@5:0.0434	 hit@10: 0.0739
target: 	 mrr: 0.058143	 ndcg_5: 0.0507	 ndcg_10: 0.0614	 hit@1:0.026481	 hit@5:0.0760	 hit@10: 0.1094
epoch 64: train_loss = 1.602922, source_hit@10 = 0.0739, source_ndcg@10 = 0.0368, target_hit@10 = 0.1094, target_ndcg@10 = 0.0614

2024-08-10 23:05:16.935272: step 19760/24320 (epoch 65/80), loss = 1.600775 (103.019 sec/epoch), lr: 0.001001
Evaluating on dev set...
...........................
source: 	 mrr: 0.034533	 ndcg_5: 0.0247	 ndcg_10: 0.0342	 hit@1:0.009413	 hit@5:0.0398	 hit@10: 0.0688
target: 	 mrr: 0.047237	 ndcg_5: 0.0411	 ndcg_10: 0.0523	 hit@1:0.016028	 hit@5:0.0683	 hit@10: 0.1031
epoch 65: train_loss = 1.600775, source_hit@10 = 0.0688, source_ndcg@10 = 0.0342, target_hit@10 = 0.1031, target_ndcg@10 = 0.0523

2024-08-10 23:06:59.340485: step 20064/24320 (epoch 66/80), loss = 1.595356 (101.684 sec/epoch), lr: 0.000951
Evaluating on dev set...
...........................
source: 	 mrr: 0.040508	 ndcg_5: 0.0325	 ndcg_10: 0.0433	 hit@1:0.010862	 hit@5:0.0550	 hit@10: 0.0891
target: 	 mrr: 0.047831	 ndcg_5: 0.0388	 ndcg_10: 0.0510	 hit@1:0.017422	 hit@5:0.0592	 hit@10: 0.0976
epoch 66: train_loss = 1.595356, source_hit@10 = 0.0891, source_ndcg@10 = 0.0433, target_hit@10 = 0.0976, target_ndcg@10 = 0.0510

2024-08-10 23:08:39.788832: step 20368/24320 (epoch 67/80), loss = 1.594994 (99.672 sec/epoch), lr: 0.000951
Evaluating on dev set...
...........................
source: 	 mrr: 0.045345	 ndcg_5: 0.0361	 ndcg_10: 0.0464	 hit@1:0.017379	 hit@5:0.0558	 hit@10: 0.0883
target: 	 mrr: 0.047348	 ndcg_5: 0.0408	 ndcg_10: 0.0518	 hit@1:0.015331	 hit@5:0.0662	 hit@10: 0.1003
source best!
.............
source: 	 mrr: 0.040833	 ndcg_5: 0.0310	 ndcg_10: 0.0426	 hit@1:0.012270	 hit@5:0.0506	 hit@10: 0.0867
epoch 67: train_loss = 1.594994, source_hit@10 = 0.0867, source_ndcg@10 = 0.0426, target_hit@10 = 0.1003, target_ndcg@10 = 0.0518
new best model saved.

2024-08-10 23:10:18.896910: step 20672/24320 (epoch 68/80), loss = 1.591005 (97.808 sec/epoch), lr: 0.000951
Evaluating on dev set...
...........................
source: 	 mrr: 0.044197	 ndcg_5: 0.0345	 ndcg_10: 0.0417	 hit@1:0.018827	 hit@5:0.0500	 hit@10: 0.0724
target: 	 mrr: 0.057972	 ndcg_5: 0.0488	 ndcg_10: 0.0648	 hit@1:0.023693	 hit@5:0.0746	 hit@10: 0.1233
epoch 68: train_loss = 1.591005, source_hit@10 = 0.0724, source_ndcg@10 = 0.0417, target_hit@10 = 0.1233, target_ndcg@10 = 0.0648

2024-08-10 23:11:56.344902: step 20976/24320 (epoch 69/80), loss = 1.591275 (96.635 sec/epoch), lr: 0.000951
Evaluating on dev set...
...........................
source: 	 mrr: 0.041148	 ndcg_5: 0.0316	 ndcg_10: 0.0408	 hit@1:0.014482	 hit@5:0.0485	 hit@10: 0.0768
target: 	 mrr: 0.051280	 ndcg_5: 0.0413	 ndcg_10: 0.0558	 hit@1:0.018118	 hit@5:0.0634	 hit@10: 0.1080
epoch 69: train_loss = 1.591275, source_hit@10 = 0.0768, source_ndcg@10 = 0.0408, target_hit@10 = 0.1080, target_ndcg@10 = 0.0558

2024-08-10 23:13:34.871737: step 21280/24320 (epoch 70/80), loss = 1.586917 (97.733 sec/epoch), lr: 0.000904
Evaluating on dev set...
...........................
source: 	 mrr: 0.039726	 ndcg_5: 0.0304	 ndcg_10: 0.0418	 hit@1:0.013758	 hit@5:0.0485	 hit@10: 0.0840
target: 	 mrr: 0.053107	 ndcg_5: 0.0440	 ndcg_10: 0.0563	 hit@1:0.021603	 hit@5:0.0662	 hit@10: 0.1045
epoch 70: train_loss = 1.586917, source_hit@10 = 0.0840, source_ndcg@10 = 0.0418, target_hit@10 = 0.1045, target_ndcg@10 = 0.0563

2024-08-10 23:15:15.892097: step 21584/24320 (epoch 71/80), loss = 1.581300 (100.194 sec/epoch), lr: 0.000904
Evaluating on dev set...
...........................
source: 	 mrr: 0.033737	 ndcg_5: 0.0227	 ndcg_10: 0.0343	 hit@1:0.006517	 hit@5:0.0391	 hit@10: 0.0753
target: 	 mrr: 0.049084	 ndcg_5: 0.0402	 ndcg_10: 0.0530	 hit@1:0.016725	 hit@5:0.0634	 hit@10: 0.1024
epoch 71: train_loss = 1.581300, source_hit@10 = 0.0753, source_ndcg@10 = 0.0343, target_hit@10 = 0.1024, target_ndcg@10 = 0.0530

2024-08-10 23:16:57.497509: step 21888/24320 (epoch 72/80), loss = 1.577094 (99.890 sec/epoch), lr: 0.000859
Evaluating on dev set...
...........................
source: 	 mrr: 0.042607	 ndcg_5: 0.0336	 ndcg_10: 0.0434	 hit@1:0.015206	 hit@5:0.0529	 hit@10: 0.0833
target: 	 mrr: 0.049067	 ndcg_5: 0.0400	 ndcg_10: 0.0545	 hit@1:0.017422	 hit@5:0.0620	 hit@10: 0.1073
epoch 72: train_loss = 1.577094, source_hit@10 = 0.0833, source_ndcg@10 = 0.0434, target_hit@10 = 0.1073, target_ndcg@10 = 0.0545

2024-08-10 23:18:41.960444: step 22192/24320 (epoch 73/80), loss = 1.575642 (103.655 sec/epoch), lr: 0.000859
Evaluating on dev set...
...........................
source: 	 mrr: 0.044737	 ndcg_5: 0.0371	 ndcg_10: 0.0462	 hit@1:0.013758	 hit@5:0.0601	 hit@10: 0.0883
target: 	 mrr: 0.044316	 ndcg_5: 0.0342	 ndcg_10: 0.0444	 hit@1:0.017422	 hit@5:0.0502	 hit@10: 0.0822
epoch 73: train_loss = 1.575642, source_hit@10 = 0.0883, source_ndcg@10 = 0.0462, target_hit@10 = 0.0822, target_ndcg@10 = 0.0444

2024-08-10 23:20:23.642504: step 22496/24320 (epoch 74/80), loss = 1.573486 (100.895 sec/epoch), lr: 0.000816
Evaluating on dev set...
...........................
source: 	 mrr: 0.037917	 ndcg_5: 0.0292	 ndcg_10: 0.0368	 hit@1:0.010862	 hit@5:0.0478	 hit@10: 0.0717
target: 	 mrr: 0.042356	 ndcg_5: 0.0349	 ndcg_10: 0.0465	 hit@1:0.013240	 hit@5:0.0578	 hit@10: 0.0941
epoch 74: train_loss = 1.573486, source_hit@10 = 0.0717, source_ndcg@10 = 0.0368, target_hit@10 = 0.0941, target_ndcg@10 = 0.0465

2024-08-10 23:22:04.688245: step 22800/24320 (epoch 75/80), loss = 1.567402 (100.277 sec/epoch), lr: 0.000775
Evaluating on dev set...
...........................
source: 	 mrr: 0.039642	 ndcg_5: 0.0299	 ndcg_10: 0.0420	 hit@1:0.013758	 hit@5:0.0463	 hit@10: 0.0840
target: 	 mrr: 0.052527	 ndcg_5: 0.0434	 ndcg_10: 0.0540	 hit@1:0.025087	 hit@5:0.0613	 hit@10: 0.0941
epoch 75: train_loss = 1.567402, source_hit@10 = 0.0840, source_ndcg@10 = 0.0420, target_hit@10 = 0.0941, target_ndcg@10 = 0.0540

2024-08-10 23:23:46.861126: step 23104/24320 (epoch 76/80), loss = 1.564295 (101.384 sec/epoch), lr: 0.000775
Evaluating on dev set...
...........................
source: 	 mrr: 0.037207	 ndcg_5: 0.0285	 ndcg_10: 0.0382	 hit@1:0.008689	 hit@5:0.0492	 hit@10: 0.0797
target: 	 mrr: 0.044012	 ndcg_5: 0.0367	 ndcg_10: 0.0453	 hit@1:0.016725	 hit@5:0.0564	 hit@10: 0.0836
epoch 76: train_loss = 1.564295, source_hit@10 = 0.0797, source_ndcg@10 = 0.0382, target_hit@10 = 0.0836, target_ndcg@10 = 0.0453

2024-08-10 23:25:31.484300: step 23408/24320 (epoch 77/80), loss = 1.560460 (103.901 sec/epoch), lr: 0.000736
Evaluating on dev set...
...........................
source: 	 mrr: 0.032241	 ndcg_5: 0.0238	 ndcg_10: 0.0328	 hit@1:0.006517	 hit@5:0.0420	 hit@10: 0.0702
target: 	 mrr: 0.041874	 ndcg_5: 0.0349	 ndcg_10: 0.0437	 hit@1:0.013937	 hit@5:0.0557	 hit@10: 0.0843
epoch 77: train_loss = 1.560460, source_hit@10 = 0.0702, source_ndcg@10 = 0.0328, target_hit@10 = 0.0843, target_ndcg@10 = 0.0437

2024-08-10 23:27:16.666623: step 23712/24320 (epoch 78/80), loss = 1.556369 (104.489 sec/epoch), lr: 0.000699
Evaluating on dev set...
...........................
source: 	 mrr: 0.042444	 ndcg_5: 0.0335	 ndcg_10: 0.0438	 hit@1:0.015206	 hit@5:0.0521	 hit@10: 0.0847
target: 	 mrr: 0.044826	 ndcg_5: 0.0359	 ndcg_10: 0.0473	 hit@1:0.016028	 hit@5:0.0537	 hit@10: 0.0892
epoch 78: train_loss = 1.556369, source_hit@10 = 0.0847, source_ndcg@10 = 0.0438, target_hit@10 = 0.0892, target_ndcg@10 = 0.0473

2024-08-10 23:28:57.137522: step 24016/24320 (epoch 79/80), loss = 1.558477 (99.682 sec/epoch), lr: 0.000699
Evaluating on dev set...
...........................
source: 	 mrr: 0.033310	 ndcg_5: 0.0234	 ndcg_10: 0.0325	 hit@1:0.010138	 hit@5:0.0355	 hit@10: 0.0637
target: 	 mrr: 0.046141	 ndcg_5: 0.0390	 ndcg_10: 0.0481	 hit@1:0.016028	 hit@5:0.0620	 hit@10: 0.0899
epoch 79: train_loss = 1.558477, source_hit@10 = 0.0637, source_ndcg@10 = 0.0325, target_hit@10 = 0.0899, target_ndcg@10 = 0.0481

2024-08-10 23:30:42.912902: step 24320/24320 (epoch 80/80), loss = 1.556168 (105.039 sec/epoch), lr: 0.000664
Evaluating on dev set...
...........................
source: 	 mrr: 0.036977	 ndcg_5: 0.0250	 ndcg_10: 0.0369	 hit@1:0.011586	 hit@5:0.0384	 hit@10: 0.0753
target: 	 mrr: 0.042525	 ndcg_5: 0.0337	 ndcg_10: 0.0438	 hit@1:0.015331	 hit@5:0.0516	 hit@10: 0.0829
epoch 80: train_loss = 1.556168, source_hit@10 = 0.0753, source_ndcg@10 = 0.0369, target_hit@10 = 0.0829, target_ndcg@10 = 0.0438

